<?xml version="1.0" encoding="UTF-8" standalone="yes"?>
<ExperimentResults><ExperimentInfo Name="20250917 PE P5216 - 5377 plate 1 kappa 50 ugl"><ExpDescription>AHC example method - full characterization&#13;
Analyte titration series with reference channel</ExpDescription><RTDVersion>2.0</RTDVersion><RunID>3B9E1F69-E451-4552-8C9D-CFED4D62EEC8</RunID><ExperimentType>KINETICS</ExperimentType><ExperimentSubType>KBASIC</ExperimentSubType><StartDateTime>2025-09-17T15:12:20</StartDateTime><MachineName>BN7KX12</MachineName><UserName>octet</UserName><LotNumber></LotNumber><PlateName>250917</PlateName><PlateName2></PlateName2><SensorName>D4</SensorName><SensorPlate>1</SensorPlate><SensorType>AHC (Anti-hIgG Fc Capture)</SensorType><SensorRole>LIGAND</SensorRole><SensorInfo></SensorInfo><WritingSW>DataAcquisition.exe 11.0.2.1</WritingSW><InstrumentType>OctetRED96</InstrumentType><InstrumentSerial>FB-50284</InstrumentSerial><InstrumentFW></InstrumentFW><IntegrationTime>2.2</IntegrationTime><DSPType>CPF</DSPType><DSPStitching>1</DSPStitching><HasManifest>1</HasManifest><InfoHash>268837178</InfoHash></ExperimentInfo><AssayParamsInfo/><KineticsData><Step><CommonData><SampleLocation>1</SampleLocation><SampleID>Running Buffer</SampleID><SampleGroup></SampleGroup><SampleInfo></SampleInfo><SampleRow>D</SampleRow><SamplePlate>1</SamplePlate><WellType>BUFFER</WellType><Concentration>-1</Concentration><ConcentrationUnits>µg/ml</ConcentrationUnits><MolarConcentration>-1</MolarConcentration><MolarConcUnits>nM</MolarConcUnits><MolecularWeight>-1</MolecularWeight><Temperature>30</Temperature><StartTime>613075</StartTime><AssayTime>180</AssayTime></CommonData><FlowRate>1000</FlowRate><StepType>BASELINE</StepType><StepName>Baseline 1</StepName><StepStatus>OK</StepStatus><ActualTime>179.999</ActualTime><CycleTime>0.2</CycleTime><AssayXData Points="900">AAAAAM3MTD7NzMw+mpkZP0SLTD8AAIA/mpmZPzMzsz8IrMw/okXmPwAAAEBqvAxAmpkZQARW
JkDRIjNAAABAQM3MTEA3iVlABFZmQNEic0AAAIBANV6GQM3MjEACK5NAaJGZQM/3n0BmZqZA
nMSsQDMzs0BokblAz/e/QDVexkCcxMxAMzPTQJqZ2UDP999ANV7mQJzE7EACK/NAaJH5QM/3
/0AzMwNBTmIGQYGVCUG0yAxB5/sPQTMzE0FOYhZBgZUZQbTIHEHn+x9BMzMjQU5iJkGBlSlB
tMgsQef7L0EzMzNBTmI2QYGVOUG0yDxB5/s/QRsvQ0F/akZBmplJQbTITEHn+09BGy9TQWZm
VkGamVlBzcxcQQAAYEEzM2NBZmZmQZqZaUHNzGxBAABwQTMzc0FmZnZBmpl5Qc3MfEEAAIBB
mpmBQTMzg0HNzIRBZmaGQfT9h0GamYlBMzOLQc3MjEFmZo5BAACQQZqZkUEzM5NBzcyUQWZm
lkH0/ZdBmpmZQTMzm0HBypxBZmaeQQAAoEGNl6FBMzOjQc3MpEFmZqZBAACoQY2XqUEzM6tB
zcysQWZmrkEAALBBjZexQTMzs0HNzLRBZma2QQAAuEGamblBMzO7QcHKvEFmZr5B9P2/QZqZ
wUEzM8NBzczEQVpkxkEAAMhBmpnJQScxy0HNzMxBZmbOQQAA0EGNl9FBJzHTQc3M1EFaZNZB
AADYQZqZ2UEzM9tBwcrcQWZm3kH0/d9BjZfhQTMz40HByuRBZmbmQfT950GNl+lBJzHrQcHK
7EFaZO5B9P3vQY2X8UEzM/NBzcz0QVpk9kEAAPhBjZf5QTMz+0HNzPxBWmT+QQAAAELHywBC
mpkBQmZmAkIzMwNC+v4DQsfLBEKamQVCZmYGQjMzB0L6/gdCx8sIQpqZCUJgZQpCLTILQvr+
C0LNzAxCmpkNQmBlDkIzMw9C+v4PQs3MEEKTmBFCZmYSQi0yE0L6/hNCx8sUQpOYFUJgZRZC
LTIXQvr+F0LHyxhCk5gZQmBlGkIzMxtC+v4bQsfLHEKTmB1CYGUeQi0yH0L6/h9Cx8sgQpOY
IUJgZSJCOTQjQvr+I0LHyyRCmpklQmZmJkIzMydCAAAoQs3MKEKamSlCZmYqQjMzK0IAACxC
zcwsQpqZLUJmZi5CMzMvQgAAMELNzDBCmpkxQmZmMkIzMzNCAAA0Qs3MNEKamTVCYGU2QjMz
N0IAADhCzcw4QpqZOUJmZjpCMzM7QgAAPELNzDxCk5g9QmZmPkIzMz9CAABAQs3MQEKamUFC
ZmZCQjMzQ0L6/kNCzcxEQpqZRUJmZkZCMzNHQvr+R0LNzEhCk5hJQmZmSkIzM0tCAABMQs3M
TEKamU1CZmZOQjMzT0L6/k9CzcxQQpqZUUJmZlJCMzNTQgAAVELNzFRCmplVQmBlVkIzM1dC
+v5XQs3MWEKTmFlCZmZaQjMzW0IAAFxCx8tcQpOYXUJmZl5CMzNfQgAAYELHy2BCmplhQmBl
YkIzM2NC+v5jQs3MZEKamWVCYGVmQjMzZ0L6/mdCzcxoQpqZaUJgZWpCMzNrQvr+a0LNzGxC
k5htQmZmbkIzM29C+v5vQs3McEKamXFCYGVyQi0yc0IAAHRCx8t0QpOYdUJgZXZCLTJ3Qvr+
d0LHy3hCmpl5QmBlekIzM3tC+v57QsfLfEKTmH1CYGV+Qi0yf0L6/n9CZmaAQkrMgEKwMoFC
F5mBQn3/gULjZYJCSsyCQrAyg0IXmYNCff+DQuNlhEJKzIRCsDKFQheZhUJ9/4VC42WGQkrM
hkIzM4dCmpmHQn3/h0LjZYhCzcyIQrAyiUKamYlCff+JQuNlikLNzIpCMzOLQheZi0IAAIxC
ZmaMQs3MjEIzM41CmpmNQgAAjkJmZo5CzcyOQjMzj0KamY9CAACQQmZmkELNzJBCMzORQpqZ
kUIAAJJCZmaSQs3MkkIzM5NCF5mTQgAAlEJmZpRCzcyUQjMzlUKamZVCAACWQmZmlkLNzJZC
sDKXQpqZl0IAAJhCZmaYQs3MmEIzM5lCmpmZQgAAmkJmZppCzcyaQjMzm0KamZtCAACcQmZm
nELNzJxCMzOdQheZnUIAAJ5CZmaeQs3MnkIzM59CmpmfQgAAoEJmZqBCzcygQrAyoUKamaFC
AACiQmZmokJKzKJCMzOjQheZo0IAAKRC42WkQs3MpEIzM6VCmpmlQgAApkLjZaZCSsymQrAy
p0KamadCiQGoQmZmqELNzKhCMzOpQheZqUJ9/6lCZmaqQs3MqkKwMqtCF5mrQgAArEJmZqxC
SsysQrAyrUIXma1CAACuQuNlrkJKzK5CMzOvQpqZr0IAALBCZmawQs3MsEIzM7FCmpmxQn3/
sULpZrJCzcyyQrAys0KambNCff+zQuNltEJKzLRCMzO1QheZtUJ9/7VC42W2QkrMtkKwMrdC
F5m3Qn3/t0JmZrhCzcy4QrAyuUIXmblCff+5QuNlukJKzLpCMzO7QheZu0J9/7tC42W8QkrM
vEKwMr1CF5m9QgAAvkLjZb5CSsy+QrAyv0IXmb9Cff+/QuNlwEJKzMBCsDLBQheZwUJ9/8FC
ZmbCQkrMwkKwMsNCF5nDQn3/w0KRbcRCzczEQjMzxUKamcVCAADGQmZmxkJKzMZCMzPHQpqZ
x0IAAMhCZmbIQs3MyEIzM8lCmpnJQgAAykJmZspCzczKQjMzy0IXmctCAADMQmZmzELNzMxC
MzPNQpqZzUIAAM5CZmbOQs3MzkIzM89CmpnPQgAA0EJmZtBCzczQQrAy0UKamdFCAADSQuNl
0kLNzNJCsDLTQheZ00IAANRCZmbUQs3M1EIzM9VCF5nVQgAA1kJmZtZCzczWQjMz10IdmtdC
AADYQuNl2ELNzNhCMzPZQpqZ2UIAANpC42XaQs3M2kKwMttCF5nbQgAA3ELjZdxCzczcQjMz
3UKamd1CAADeQmZm3kLNzN5CsDLfQheZ30IAAOBC42XgQs3M4EIzM+FCF5nhQn3/4UJmZuJC
zcziQjMz40IXmeNCff/jQuNl5EJKzORCMzPlQpqZ5UIAAOZCmG7mQs3M5kIzM+dCmpnnQn3/
50LjZehCSszoQrAy6UKamelCff/pQuNl6kJKzOpCMzPrQpqZ60J9/+tCZmbsQs3M7EKwMu1C
F5ntQn3/7UJmZu5CSszuQrAy70IXme9CAADwQuNl8EJo0fBCsDLxQheZ8UIAAPJC42XyQkrM
8kKwMvNCmpnzQgAA9ELjZfRCSsz0QrAy9UIXmfVCff/1QuNl9kJKzPZCMzP3QheZ90IAAPhC
42X4QkrM+EIzM/lCF5n5QgAA+kLjZfpCSsz6QrYz+0IXmftCff/7QuNl/ELNzPxCsDL9QpqZ
/UIAAP5CZmb+QrLd/kI/Nf9Cmpn/QoMAAEMzMwBDZmYAQ5qZAEPNzABDAAABQzMzAUNmZgFD
WJkBQ83MAUMAAAJDMzMCQ2ZmAkNYmQJDzcwCQwAAA0MzMwNDZmYDQ1iZA0OLzANDAAAEQzMz
BENmZgRDmpkEQ83MBEMAAAVDMzMFQ2ZmBUNYmQVDzcwFQwAABkPyMgZDJWYGQ5qZBkPNzAZD
vv8GQzMzB0NmZgdDmpkHQ4vMB0O+/wdDMzMIQ2ZmCENYmQhDzcwIQ77/CEPyMglDJWYJQ5qZ
CUOLzAlDAAAKQzMzCkMlZgpDmpkKQ83MCkMAAAtDMzMLQ2ZmC0OamQtDzcwLQwAADEMzMwxD
ZmYMQ5qZDEOLzAxDvv8MQ/IyDUMlZg1DWJkNQ4vMDUMAAA5DMzMOQyVmDkNYmQ5DzcwOQ77/
DkMzMw9DZmYPQ1iZD0PNzA9Dvv8PQ/IyEENmZhBDmpkQQ83MEEO+/xBDMzMRQyVmEUNYmRFD
i8wRQwAAEkMzMxJDJWYSQ1iZEkOLzBJDAAATQ/IyE0NzaBND55sTQ4vME0MAABRD8jIUQyVm
FENYmRRDi8wUQ77/FEPyMhVDZmYVQ1iZFUOLzBVDvv8VQ/IyFkMlZhZDWJkWQ83MFkO+/xZD
MzMXQ2ZmF0NYmRdDi8wXQ77/F0MzMxhDJWYYQ1iZGEOLzBhDvv8YQzMzGUOoZhlDWJkZQ1bO
GUO+/xlDMzMaQ2ZmGkNYmRpDzcwaQwAAG0MzMxtDZmYbQ5qZG0PNzBtDAAAcQzMzHENmZhxD
mpkcQ83MHEMAAB1DMzMdQ2ZmHUOamR1DzcwdQwAAHkMzMx5DZmYeQ1iZHkPNzB5DAAAfQzMz
H0NmZh9DmpkfQ83MH0MAACBDMzMgQyVmIEOamSBDzcwgQwAAIUMzMyFDZmYhQ5qZIUPNzCFD
AAAiQ/IyIkNmZiJDmpkiQ4vMIkMAACNDMzMjQ2ZmI0MMoiNDzcwjQwAAJEPyMiRDZmYkQ1iZ
JEOLzCRDvv8kQ/IyJUNmZiVDmpklQ83MJUMAACZD8jImQ2ZmJkNYmSZDi8wmQ77/JkMzMydD
x2snQ1iZJ0PNzCdDvv8nQ/IyKEMlZihDmpkoQ83MKEMAAClDMzMpQ2ZmKUNYmSlDi8wpQwAA
KkMzMypDJWYqQ1iZKkPNzCpDvv8qQzMzK0MlZitDmpkrQ4vMK0MAACxD8jIsQyVmLEOamSxD
i8wsQ77/LEPyMi1DZmYtQ1iZLUPNzC1DAAAuQzMzLkMlZi5DWJkuQ4vMLkO+/y5D8jIvQyVm
L0NYmS9Di8wvQwAAMEPyMjBDqGYwQ1iZMEOLzDBDvv8wQ/IyMUNmZjFDmpkxQ4vMMUMAADJD
MzMyQyVmMkNYmTJDi8wyQ77/MkPyMjNDJWYzQ1iZM0OLzDND</AssayXData><AssayYData Points="900">AAAAAEVgMDuQ6mE7GymqO/uhCDy67zk8XHAdPLF2lTs2+Vk8pExJPOjhUjyfS088tc5oPG8y
kjy9jGk8Dht3PKXfeDy6To8821i3PA/b1zxvHKA8LrLLPIySlzw3T6o8OimvPB3FsDz1A8Q8
oVbjPHCG5jwalAU9tV7dPALO0DyBf948zfX7PJAn3Ty+Dg49aZ/nPNRABz3sfRQ93IcNPf/W
CT0EhRE9XBUfPWHIFD3oQB89RtASPVZ0Dj1drx49EIUvPakdIj2u0io9uiAzPebqJD194CY9
/sIjPYG6NT0K9S496AA5PSzBPT1eUD09mx44PXJTMD1iKkY9mLc+PZqmST07iTs9Z9RFPXN3
QT3l7FI9DmpOPcBEST30L0I9cGJJPQ70RT3Jvk09dTlXPZcfYD2BymI9AHBhPZxHaD20FmA9
46R2PcRsYj3muWI95LxwPVeBYT3aPGg9Yl5lPbuefD1oBmI9HAZ6PeO7eT1sSHY9xa1uPXfp
aD0ey3o9B692PWrXfz0msYU9+eB+PdPffj3PvIo96QBnPauGgT1Be4I9k/qGPTIAjT2hJI09
Cd58PYcJfz229489vyeVPQjTiT1yfI09TaiNPWKiij1nzpE9p/yNPVTXlT0LgJc9hkKLPTsq
nj3h2pY93rmTPR8flz0g/5s9CKqYPSC1pj3CEpY932CbPQERpT0Gt5k9LpygPX6Qmj2Gu5U9
ao+YPUKCnT2m6Zg9cuqZPcmcnj0graA9j6qaPeAxpT3/FqE9tYKjPUVcoz2196A9pFKjPVoS
pz0vAqE9OG6nPWjTpT3DJ6Y9D06rPYYOqT1lZKc9dKmoPfQErj2FiLE9EOOqPSizrz3t9KY9
GdKwPUEysT2nKrk9jfnBPeRqqj10Q7o9cCC3PbQotj3e1bQ9naO7PT+Qtz1eBMA9fHy0PcPH
qj14Lbs9+HDCPRnYuj0gt7w9eAG9PTgYxj3d8Lg9Xqu/PX56wT3ts7k91bO6PZX4zT2yWMM9
aZ66PSzjyz070ME9tXLDPdwvxz2aBMM9lbzIPbAkxz3uDc898uXJPYLZxD3cwsc9aoPQPRYv
zj1We809at3OPQhQzz3VZMk96xDQPdK80D12ocE9wgzQPXaVzT0rH9I9ysnQPR3e0z2pxNU9
/7rbPWr32T0rcso9QKbNPQaH2z1podU9HKjSPRQO2j1YhNM9/azPPb5uzT3XiNE9MYfTPU8Q
5T0Wz9o9zuncPb833z3evuM9YjnePVkK4D0UDOA9D5HhPZJq3T2x1dw9a5nkPZPg2z3tftc9
UhfbPc+J5T2YP9s9OTvlPUHY5z0FHeo9Ix/dPRjo4j1JgOc9nwDwPW9m4z0bmO49fQHlPdZG
7T2Hr+I9vmHgPQR16j22Q+w9aiPxPTiM7D1Zf+49FIvwPaIY9j1jdec9bMLtPZmG8j3kbug9
iaPyPeoM9D0rj/k9GR7oPelG9D0E0PY9bf35Pcgr7D1PBu89uf7zPfpV7z0g4P897f/tPbbg
+D2ehQA+pDb0PazL8T3lLfg9E0X7PUiA+j3xk+09GRX4PT98+z0U0+89I5n5PbkL9j2VVv09
HRT+PeQF9T3jvAE+E6j0PQPgAT6Ukfo9uJgDPnlS/j1VVPw9xUQAPnw3+D1YqPk9uzfxPTbO
+z2IgwA+X+P9PTex9j2Gwf89w/f9Pb4I/j3YFQE+nicCPvJ3BD4QCAE+l0kEPo0eBz5dpwI+
gSH8PbIYBz5hZgE+mNoCPofeBD4MvP89pqwEPpBqBj6pOwY+gs8CPsmDBj6l3Qk+YdkFPqFD
Bj7AXgs+K7cIPlgoBT7mcgY+2PcFPocYCD4haAo+vy8NPuUtCD68egU+PjMJPmF+Cz7mqwk+
dCIHPvZWCj5vLww+MR4FPgsZCz4v8Ac+F10LPlaMDT7lXgg+SagFPu0sDT69mAo+ilQKPkkY
Dj78zwc+M6wLPgiQED65iA4+RfIJPsb/CT5Nfwc+8osMPgGeDD7nVAk+4CkPPpLHDT6cIw0+
yrEPPm3NCz7AgQw+woYMPh93Dj7trg4+9goQPgk2Ez67fw8+u2sOPhzZET7lmBE+LwsNPvZ5
FD4KShM+BZMQPn/dDD7vkQ0+weMNPjHzFj61UhE+czERPilfDz464BU+8nMUPvu6Ej6uIg4+
hKUQPnq3ED4HRRM+FUASPm24Dj4A6xE+1nQRPj+HGD71phQ+OGoYPs5iFT5khhg+wiETPiFq
FD4zqRk+WvcYPtSCFT5k+hE+++YZPvTUGj5FQBQ+Ik0VPhkyFD5BuxY+1IcWPnd9FD7JvRU+
iLcXPrwEFj4R8xc+tC8WPjaBGD48Lxg+X64ZPmEBGj52Dx0+PvwUPgtvHT7rhRo+I4obPnNu
Hj7b7xc+LdcbPmUyGD63fBg+N1MaPnx7ID4PmBo+VpwaPtxYGT5Qhhg+zVkaPirkGz6rAxg+
UJsbPqqOHD6Yyxs+F54bPkeIHD6AOB8+YXIgPiodGT4Z2x0+RR0cPqdIHT5jCRo+IwccPv/y
Hz5CSR4+pEsePtojHz5OPyI+U1sbPsr9Gj7XVB8+5N0gPoAvHT5Fex8+cYgdPlqfID5StCA+
PzMkPuf7ID4SuCM+hgciPjf5Ij7EuiM+obkePnlTJT7SIiI+kCUiPiP4JD5ptiM+RHUePprE
Ij4leCM+ii8jPhb3IT7UYRw+s6UkPrPRJD4ApiE+cv8lPptAJD7WvyE+T/koPqeTJj5mhyU+
BrUlPrx/Iz5vFCU+Q70kPo4KIz4eIyQ+y+EkPs70Iz5kjyk+BHEmPmn1JD5ZoSE+vuwqPuIA
KD6FaiI+KQwnPvBmIj75nSc+nLgnPgX1Iz5YLys+BF0rPl1xKD5leiY+0QUmPhxUKT4ndSo+
6oUnPs7eJj5PfCg+iAIpPt7OJj4j1is+794pPh8uKT5FuS0+agQtPsqLLD5WKSk+B88lPv/Y
LD4Z3C0+4hstPj53LT4xRi8+258rPtSCKz55rig+R0IqPiLcLD4f5Cs+tWYvPiZzLj4eRiw+
L1otPg/sKj7npS8+/dQtPn5AMD70qSw+y+ksPqKkMz785i4+yi4tPpCiLz5luTA+6Y4qPvFR
ND55gS8+3QQyPrdSLj7YFCk+EgIxPgHmMT7zxi0+d+AyPva4Mz5HFSw+yHwuPqA0NT4RUjE+
E4sxPu+1Mz66ETI+yl40PoHILz66cjY+TOsyPkIPMD6PbDQ+/2czPvfwND68ZTU+x2IxPmPw
MT4/ajI+VP4yPoRtND5KIzQ++1o5Pjk5MT65NzM+gPkuPu0ONT5YFTA+jgw4PtwaNT4kyDE+
78w1PrxNNj7AwTk+eUAyPhPJMj697DQ+/vs0PqtvMz6CoDY+YPE3PjLDND754Tc+pv43Pri1
NT7IhTk+/Rs6PuJgNj79qzA+qi00Ps4VNz49Qzk+Ivo0Pj06OT5TgzY+x+w5Pv0fNz77cDo+
VD44Pl4PNz73xTk+J/42PiTpNz7tOTY+xpczPqxtNz6Bjjg+jng3PgxTOj5YLjQ+Ruc9PuRz
PT6nVjg+QYk9PlFkOj6cGzc+9808Pki0Nj5jLj0+qIw8Pp5xPD4jiTY+E1I7PiGmOD5Dyzs+
lR48PtX4PD4r/Do+TDY5PsQmPj4wyjs+exxBPlu0Pj6eyjo+ghc6PhjjPD4yID0+6HY/PpI6
PT6IhTs+5is9PjdXPj7/SDs+c8s7Pjk1OT5ZTT0+RLQ7Pp+UQT53EUI+pfI6PrmwPj4p8j8+
gD87PsFpPD6J4z4+l3Q9PvBGPz6OJjw+M59BPkUJQT5sUjw+4bU9PmTKPD74eTw+v40/PpLP
Qz4lo0M+2oE/Pn0mRD66+To+/VJBPsgOQj5efjw+1XRBPk0wPz79Vj8+MEFBPusCQD5ztD4+
hfhCPtEIRD7s1kQ+OEJFPnPjQT6Wwjw+J4k/PoVWPz7O50U+jWdDPlqzQT67dEI+QeJCPoCC
QD7pv0U+vk1GPqyMQj4/wj4+LW4+Pqt5RD4JaEE+cAtGPhSoPj4lLkI+eshFPoXCQz69jEQ+
XptFPq+JRD7Q+kI+3QlEPmcbQz7OMUc+v1BFPjt3QT7+X0Y++iFJPsOERz4L4EU+SI5GPkaU
Qz59nkw+gp1GPvSZQj7Wd0k+e5BGPhF7RT6yLUU+ssBLPmUnSj6TR0c+T2BHPrJaST6Bt0Y+
fgtFPqd8Sj4WaEQ+3pZJPqDLTD7HG0w+CMpIPuG+SD7st0k+bnhIPsteST4UBEY++ilMPjfO
ST6EWkk+5IBKPhERTT5Qx0g+rHhIPnWQRz7tmEg+0t5MPhAOTT4FRkc+xxFLPtjqRj4U00I+
J/JJPrxVSD708Ug+gZlMPlcUTT6TDEc+Z+JIPv6WST4md0o+xK5LPh9ETj5akEk+KpNOPr8C
TD7yXkw+/25OPt/tTj4+1Uk+mRhMPso5TD5yUEs+fcBGPhNXTz6BeUw+3q9MPu0PTT4rU00+
KE1KPjOQST4IU04+cbVIPptFSz6CAks+s3pIPt9wTz74ZUw+bNpPPrYCUD6/hVA+Y+tNPmJL
UD6/gU0+8fBRPti3Uj5ZuU8+7T9RPm0sUD5S7U8+ltxPPoHmTT6DTlE+pg1QPiOzUD6OYk8+
x0BRPt8PTj4F6Uw+8ixNPjhWTT6aZU0+scVOPrQNUD6Rqks+ihhUPlrhUj6Em08+kQBSPstc
Uj6Bdk4+OyFRPlv9VD6MgVI+oD9QPlZ/Uz5QblE+EY1OPpitWD7KbE8+35NNPqJTUj7T6VE+
85BQPg/xTD4KylI++xFQPuvCTj7K31E+c+FRPnTkVD7OPFE+</AssayYData></Step><Step><CommonData><SampleLocation>2</SampleLocation><SampleID>10mM Glycine pH1.7</SampleID><SampleGroup></SampleGroup><SampleInfo>or other Regeneration solution</SampleInfo><SampleRow>D</SampleRow><SamplePlate>1</SamplePlate><WellType>REGENERATION</WellType><Concentration>-1</Concentration><ConcentrationUnits>µg/ml</ConcentrationUnits><MolarConcentration>-1</MolarConcentration><MolarConcUnits>nM</MolarConcUnits><MolecularWeight>-1</MolecularWeight><Temperature>30</Temperature><StartTime>969225</StartTime><AssayTime>20</AssayTime></CommonData><FlowRate>1000</FlowRate><StepType>CUSTOM</StepType><StepName>condition</StepName><StepStatus>OK</StepStatus><ActualTime>20</ActualTime><CycleTime>0.2</CycleTime><AssayXData Points="100">vv8zQ3QzNEMkZjRDWJk0Q4vMNEN8/zRDsDI1Q+NlNUNYmTVDi8w1Q4sMNkNRODZDJGY2Q5mZ
NkNJzDZDfP82Q/EyN0PjZTdDn5o3Q0nMN0O+/zdD8TI4Q+NlOEMWmThDScw4Q77/OEOwMjlD
42U5QxaZOUNJzDlDfP85Q7AyOkPjZTpDFpk6Q0nMOkODADtDsDI7Q+NlO0MWmTtDi8w7Q3z/
O0OwMjxD42U8QxaZPENJzDxDfP88Q/EyPUPjZT1DFpk9Q0nMPUO+/z1DsDI+Q6hmPkMimz5D
Scw+Q3z/PkOwMj9D6WY/QxaZP0OLzD9DfP8/Q7AyQEPjZUBDFplAQ4vMQEN8/0BDsDJBQ+Nl
QUOZmUFDScxBQ3z/QUPxMkJDJGZCQxaZQkMOzUJDvv9CQ/EyQ0MkZkNDWJlDQ0/NQ0O+/0ND
8TJEQyRmRENemkRDi8xEQ77/REPxMkVDJGZFQ1iZRUOLzEVDvv9FQ/EyRkMkZkZDWJlGQ4vM
RkO+/0ZDdDNHQ+NlR0NYmUdDi8xHQw==</AssayXData><AssayYData Points="100">3FrpvVfGjL2GawS9wzsrvKXhrrvxNMa5uuaTOzqBH7xngga8+EONvMUXu7xeT9q87lHSvD/T
Ab1KQBC9F90qva+PQb07ITO9pDxIvUdlb7352Xe9Hp2AvYRZY71PG4C9M22FvX7Chb1nKYu9
ZOuTvV2xm73NeZu9kJuuvXh2p7235Z29k8mvvbDiqb2oQKu9qBGvve0Hur2qd7i9BwrIvT1H
wr1SQ8a9NUbHvUD/y71fB8q9ZtTHvVDpy72VytG9KsDYvcu41r1QStu9T3DbvX9M6L3f9OK9
oHjivYrk470i19292LvsvVQ97L2WyO29UD7zvYty8b3tgP29Vk/yvZ+y9L0ingG+5u7+vWBm
Ar53fAG+WdcBviKTAr7KPQC+MWkFvtF+Ar4TBgO+fwgFvvcwCL5dmw2+uoAJvrshCL5GuA6+
8dALvv7eDr4QkQu+V2oQvqttEb6CkhG+SSYOvt8HDr7wpQ++dB0SvlpkE75CWBO+fXESvvpu
FL7WVBq+WQQXvrl7Fr5xGRa+rvETvg==</AssayYData></Step><Step><CommonData><SampleLocation>1</SampleLocation><SampleID>Running Buffer</SampleID><SampleGroup></SampleGroup><SampleInfo></SampleInfo><SampleRow>D</SampleRow><SamplePlate>1</SamplePlate><WellType>BUFFER</WellType><Concentration>-1</Concentration><ConcentrationUnits>µg/ml</ConcentrationUnits><MolarConcentration>-1</MolarConcentration><MolarConcUnits>nM</MolarConcUnits><MolecularWeight>-1</MolecularWeight><Temperature>30</Temperature><StartTime>995049</StartTime><AssayTime>20</AssayTime></CommonData><FlowRate>1000</FlowRate><StepType>CUSTOM</StepType><StepName>condition</StepName><StepStatus>OK</StepStatus><ActualTime>20</ActualTime><CycleTime>0.2</CycleTime><AssayXData Points="100">vv9HQ7AySEMkZkhDWJlIQ0nMSEN8/0hD8TJJQyRmSUNYmUlDi8xJQ77/SUPxMkpDJGZKQxaZ
SkOLzEpDfP9KQ7AyS0MkZktDFplLQ0nMS0N8/0tDsDJMQ+NlTENYmUxDScxMQ3z/TEOwMk1D
42VNQxaZTUNJzE1Dvv9NQ7AyTkOuZ05DFplOQ0nMTkN8/05DsDJPQ+lmT0MWmU9DScxPQ3z/
T0OwMlBD42VQQxaZUENJzFBDiQFRQ7AyUUPjZVFDFplRQ4vMUUN8/1FDsDJSQyRmUkMWmVJD
0s1SQ3z/UkOwMlND42VTQ1iZU0NJzFNDfP9TQ/EyVEPjZVRDFplUQ0nMVEN8/1RDsDJVQ+Nl
VUNYmVVDi8xVQ77/VUPxMlZDJGZWQ1iZVkOLzFZDvv9WQ7YzV0MkZldDWJlXQ4vMV0O+/1dD
8TJYQyRmWENYmVhDi8xYQ77/WEPxMllDJGZZQ1iZWUOLzFlDvv9ZQ/EyWkMkZlpDKJxaQ0nM
WkN8/1pD8TJbQyRmW0OZmVtDi8xbQw==</AssayXData><AssayYData Points="100">mglVPohaIT4tZgc+D4/zPTu73T2hUdw9NErMPb2tyj3qoNE9rWbXPc7R0D1j+tU9UTvZPRXP
2D3TCOI93UftPQqT7z3tweg9QXXpPbNh6j2Qves9a6f1PVyY8D0uwvk9k538PTvc+D1zxP09
hMDzPXcH8z0wBP8929j5PWTuBD5Bi/w9hF7+Pcw4BD6GvQE+QioGPrReAD7ihQE+e60BPtl6
AD4BIgU+KbD/PWoHAz5Q2gY+SKcAPlVqBT6CQgI+wfQEPg4kBT7A3AY+tzYGPjM4BT4qzQY+
AiYFPgqwBz4eSQk+kvYGPjn9CT4rhQk+TsgGPlcCCT6uDgw+pmkLPm/6Bj5PWQ8+FCAQPoVk
DT6vGw8+5QYKPgmHDz66rAw+g/oTPrc8Dj4knA8+KK4JPkVdDj5P6ws+AwsOPsgaCz6EaQw+
/FUQPhohDz56Jgw+fh0QPrhPDz7mWww+hLgKPgBDFj4Zkg0+6A8QPoTQED7oJA8+nW0QPlNH
ET49fxA+I98MPpNCFD6XyxE+cBkRPg==</AssayYData></Step><Step><CommonData><SampleLocation>2</SampleLocation><SampleID>10mM Glycine pH1.7</SampleID><SampleGroup></SampleGroup><SampleInfo>or other Regeneration solution</SampleInfo><SampleRow>D</SampleRow><SamplePlate>1</SamplePlate><WellType>REGENERATION</WellType><Concentration>-1</Concentration><ConcentrationUnits>µg/ml</ConcentrationUnits><MolarConcentration>-1</MolarConcentration><MolarConcUnits>nM</MolarConcUnits><MolecularWeight>-1</MolecularWeight><Temperature>30</Temperature><StartTime>1020697</StartTime><AssayTime>20</AssayTime></CommonData><FlowRate>1000</FlowRate><StepType>CUSTOM</StepType><StepName>condition</StepName><StepStatus>OK</StepStatus><ActualTime>19.999</ActualTime><CycleTime>0.2</CycleTime><AssayXData Points="100">v/9bQ7EyXEPkZVxDF5lcQ4zMXEN9/1xD8jJdQyVmXUNZmV1DSsxdQ7//XUOxMl5DJWZeQxeZ
XkNKzF5Dff9eQ7EyX0PkZV9DF5lfQ0rMX0N9/19D8jJgQ+RlYEMXmWBDSsxgQ33/YEPyMmFD
5GVhQxeZYUNKzGFDff9hQ3UzYkPkZWJDF5liQ0rMYkO//2JD8jJjQ+RlY0MXmWNDks1jQ33/
Y0OxMmRD5GVkQxeZZENKzGRDff9kQ7EyZUPkZWVDF5llQ0rMZUO//2VDsTJmQ+RlZkMXmWZD
jMxmQ33/ZkOxMmdD5GVnQxeZZ0NKzGdDAQBoQ7EyaEMlZmhDWZloQ4zMaEO//2hD8jJpQyVm
aUNZmWlDjMxpQ7//aUPyMmpDJWZqQ1mZakOMzGpDv/9qQ/Iya0PkZWtDWZlrQ4zMa0O//2tD
sTJsQyVmbENZmWxDjMxsQ33/bEPyMm1DJWZtQ1mZbUOMzG1Dv/9tQ/IybkMlZm5DWZluQ0rM
bkO//25D8jJvQyVmb0MXmW9DSsxvQw==</AssayXData><AssayYData Points="100">hU9JvsM6Hb5M7gG+6ufqvdLb2L1eWtu9BcfXvZZk1r3pY9+97qDevRxI4r1fvOy9hqnnvfaq
8b2xxvi9bePuvfPIAL5GyP+9HNkCvkEWA75MVQO+3TMJviiF/r3Orwu+wgEGvkLBB74xAw2+
LIkJvg6bDr5wiAq+23cOvs2PDb7FUA6+qK4OvgymEr7btRO+brwXvldLGb47rRO+jW8YvvvA
Fr6ipBa+Z5YbvgSNGb7+MRa+64Yavg+qGr5tBhq+W8wavjtaHr6MQh6+wGQbvn00Ir54zh6+
1hMjvmaSG75kgBy+uwElvvC2H74hdCO+AG4lvhtWJ75kpiO+2cQjvsXzKL4F1yi+EgwpvvCX
Jb79mCe+PnQovkG6Jr73Pia+XMAtvjooKr6Saiu+VhMsvqaFKb6V6Sm+5y0vvqGiKr5O5Ce+
uMovvnjDML6lzy++jDkyvkHPL77wRC2+pHAwvjQvMr6P9C++DX0xviOUMr7txjG+xrQyvtsV
OL5jHDO+plkzvrAkNb66XjO+/2c3vg==</AssayYData></Step><Step><CommonData><SampleLocation>1</SampleLocation><SampleID>Running Buffer</SampleID><SampleGroup></SampleGroup><SampleInfo></SampleInfo><SampleRow>D</SampleRow><SamplePlate>1</SamplePlate><WellType>BUFFER</WellType><Concentration>-1</Concentration><ConcentrationUnits>µg/ml</ConcentrationUnits><MolarConcentration>-1</MolarConcentration><MolarConcUnits>nM</MolarConcUnits><MolecularWeight>-1</MolecularWeight><Temperature>30</Temperature><StartTime>1046171</StartTime><AssayTime>20</AssayTime></CommonData><FlowRate>1000</FlowRate><StepType>CUSTOM</StepType><StepName>condition</StepName><StepStatus>OK</StepStatus><ActualTime>19.999</ActualTime><CycleTime>0.2</CycleTime><AssayXData Points="100">ff9vQ7AycEPjZXBD1ZhwQ0rMcEM7/3BDbzJxQ+NlcUPVmHFDCMxxQzv/cUNvMnJD42VyQxeZ
ckNKzHJDO/9yQ28yc0OiZXND1ZhzQwjMc0N9/3NDbzJ0Q6JldEPVmHRDCMx0Qzv/dEN1M3VD
42V1QxeZdUMIzHVDO/91Q7AydkOiZXZD1Zh2QwjMdkM7/3ZDsDJ3Q6Jld0PVmHdDCMx3Qzv/
d0NvMnhD42V4Q9WYeENKzHhDff94Q28yeUOiZXlD1Zh5QwjMeUN9/3lDsDJ6Q6JlekPVmHpD
i8x6Q33/ekOwMntD42V7QxeZe0NKzHtDff97Q7AyfEPjZXxDF5l8Q0rMfEN9/3xDsDJ9Q+Nl
fUPVmH1DSsx9Q33/fUOwMn5D42V+QxeZfkNKzH5Dff9+Q28yf0PjZX9D1Zh/Q0rMf0N9/39D
NxmAQ9AygEOLTIBDJGaAQ75/gENYmYBD8bKAQ2rMgEMk5oBDvv+AQzcZgUPxMoFDi0yBQyRm
gUO+f4FDN5mBQ/GygUNqzIFDBOaBQw==</AssayXData><AssayYData Points="100">yFFCPiOEGD5VUAA+TOjnPVNv0T1e+8Y9YZrLPQ3fvT33O8I9YVnQPak80j0axNM9cR3OPSFE
0D0WFM49fZzXPRDH1z3kv9k9de3bPaJT3z2639k9gLzZPbxL4T1TFeU9vr3gPYJ+7T1OhOs9
1xTrPfsK4D34zeg9xTfqPTsI7T2EcvA9NnXuPYBy8j31VvE985/yPfmd8D1ALfU9hS70Pdc/
6j16Muk9pOjwPUD08D04ZPA9IQH2PYRR6z3zAfk9pVL0Pa0X+j0aYv89v5IBPmzb9T1dbPY9
EwX5PaNf+D0gOfY9mmzzPfEhAD5V9fY9HLL1PTVi8j1FawA+iFT6PT/RAT7nA/g9lrTyPbf9
Aj4zlgE+YS/2PYTP/T1zgPs9GWADPp8G/j1+0f49v00APlNAAz5rUAE+MEEEPn8c/z0UBwM+
53gAPmVoAj6FVPw9g+cBPvhpAz6ixAM+HhYEPtXgBD6bWgY+slYGPv8DAT7XIQI+x6wDPqtj
Az6ybAU+YuYJPrV6Aj6HrAY+OEMGPg==</AssayYData></Step><Step><CommonData><SampleLocation>2</SampleLocation><SampleID>10mM Glycine pH1.7</SampleID><SampleGroup></SampleGroup><SampleInfo>or other Regeneration solution</SampleInfo><SampleRow>D</SampleRow><SamplePlate>1</SamplePlate><WellType>REGENERATION</WellType><Concentration>-1</Concentration><ConcentrationUnits>µg/ml</ConcentrationUnits><MolarConcentration>-1</MolarConcentration><MolarConcUnits>nM</MolarConcUnits><MolecularWeight>-1</MolecularWeight><Temperature>30</Temperature><StartTime>1071803</StartTime><AssayTime>20</AssayTime></CommonData><FlowRate>1000</FlowRate><StepType>CUSTOM</StepType><StepName>condition</StepName><StepStatus>OK</StepStatus><ActualTime>20</ActualTime><CycleTime>0.2</CycleTime><AssayXData Points="100">nv+BQzgZgkPRMoJDa0yCQ+RlgkN9f4JDF5mCQ9GygkNrzIJDBOaCQ57/gkO7GYNDsDKDQ2tM
g0PkZYNDnn+DQziZg0PRsoNDSsyDQwTmg0N9/4NDFxmEQ7AyhENKTIRD5GWEQ55/hEMXmYRD
sLKEQ2vMhEPk5YRDff+EQxcZhUOwMoVDa0yFQytnhUOef4VDF5mFQ7CyhUNKzIVD5OWFQ33/
hUMXGYZDsDKGQ0pMhkMEZoZDfX+GQxeZhkOwsoZDa8yGQ+TlhkN9/4ZDFxmHQ7Ayh0NKTIdD
5GWHQ31/h0MXmYdDsLKHQ2vMh0Pk5YdDnv+HQxcZiEOwMohDa0yIQ+RliEN9f4hDOJmIQ7Cy
iENKzIhDBOaIQ33/iEM4GYlDsDKJQ2tMiUMEZolDnn+JQziZiUNhtYlDa8yJQwTmiUOe/4lD
OBmKQ9EyikNrTIpDBGaKQ55/ikM4mYpD0bKKQ2vMikME5opDnv+KQzgZi0PRMotDa0yLQwRm
i0Oef4tDOJmLQ9Gyi0NrzItDBOaLQw==</AssayXData><AssayYData Points="100">2p+Bvlj7TL7Ywyy+rj8avi3sE75Geg++zfQMvtWcDL6REhS+hY0Rvjg7EL60ow++j58Svmsl
Fb5iDRS+N54VvhyQFr7AJRm+7YUYvkF/G76vECG+qGshvh4+IL7r2iG+S7chvs0AHr4wEia+
2rwovkJUJb5tISS+v60lvh4DLL6AWyu+f8kmvn9CKb6fXS++nmYsvjiuKb61pSq+7LErvhaR
K77Duiy+xwkyvm0hMr7ioja+17UyvnwhLb7zBS6+xUoyvvCEL77XBjG+9DIyvgm9NL60jzO+
ihk0vvLyMb4l7TK+Xkg1vkcwNr7lYze+HDs+vmzSOr6ukDm+bL41vjJ7PL4Qlju+G2w2vmrD
OL5Uzz6+EyM6vpo7PL4itzi+PfA0vjCFQL5mUD2+nCk9vnFlOr6w6zi+PFFCvvBPO76h6j6+
LAk/vjFOPb6APT2+Tl9AvjzIPL5ZrEC+cg9DvgDZO74Lwj++SNlBvhnMQL5e3z++IfFEvvax
Rr4KH0O+qDZDvvx1Pr4R40W+oyZFvg==</AssayYData></Step><Step><CommonData><SampleLocation>1</SampleLocation><SampleID>Running Buffer</SampleID><SampleGroup></SampleGroup><SampleInfo></SampleInfo><SampleRow>D</SampleRow><SamplePlate>1</SamplePlate><WellType>BUFFER</WellType><Concentration>-1</Concentration><ConcentrationUnits>µg/ml</ConcentrationUnits><MolarConcentration>-1</MolarConcentration><MolarConcUnits>nM</MolarConcUnits><MolecularWeight>-1</MolecularWeight><Temperature>30</Temperature><StartTime>1097296</StartTime><AssayTime>20</AssayTime></CommonData><FlowRate>1000</FlowRate><StepType>CUSTOM</StepType><StepName>condition</StepName><StepStatus>OK</StepStatus><ActualTime>19.999</ActualTime><CycleTime>0.2</CycleTime><AssayXData Points="100">nv+LQzgZjEPRMoxDa0yMQwRmjEOef4xDOJmMQ7CyjENrzIxDBOaMQ57/jEM4GY1DdTONQ2tM
jUMEZo1Dnn+NQziZjUPRso1Da8yNQ+TljUOe/41DFxmOQ7AyjkNrTI5DBGaOQ55/jkM4mY5D
0bKOQ0rMjkOH5o5Dnv+OQzgZj0PRMo9DSkyPQ4dmj0Oef49DOJmPQ9Gyj0OszI9DBOaPQ57/
j0M4GZBDsDKQQ0pMkEMEZpBDfX+QQxeZkEOwspBDa8yQQwTmkEOe/5BDeRmRQ7AykUNKTJFD
5GWRQyGAkUMXmZFD0bKRQ0rMkUME5pFDff+RQzgZkkPRMpJDa0ySQ21nkkN9f5JDOJmSQ7Cy
kkNrzJJD5OWSQ4oBk0M4GZND0TKTQ0pMk0PkZZNDnn+TQziZk0PRspNDa8yTQ+Tlk0N9/5ND
FxmUQ7AylENKTJRD5GWUQ31/lEMXmZRD0bKUQ0rMlEPk5ZRDnv+UQxcZlUOwMpVDSkyVQ+Rl
lUN9f5VDF5mVQ7CylUNKzJVD5OWVQw==</AssayXData><AssayYData Points="100">NddAPiiaET66IPU9ptLYPTak0D0+MMY9mtDIPX33wD0wBL49OW/KPfTCzT278Mc9+RTMPR7H
yj3JnNo9cvHbPQpr0z0BrMo9k2faPdCt2T1Xgcc9CbvePVz+2D3lx9I9+szgPWoM3D1aLNs9
QkToPb4K2z131+U9D+XfPUF45D2TuOM9oo3kPTM85z2uUOU9Ku/jPZ3g4z1MBuY9MEblPXSr
4j0BKOY9xX3qPY1X8z0vJ+Y99DzqPVJ55T1vKOk9I3joPWx+6D3Nx+w9mi7qPTcI9T2gP+Q9
0w3zPQEt8D07Bvg9RR/vPZTU8j0Zqfg9QRn5PUqW8D1Eku09jbrvPa1d9D39mO09VmzzPeLj
/T0v5fw9CJ3zPTtF8z0sDv49OP35PTFf9z09pfk9gTPvPQDG+j3lJvs9aJQBPtqL/z34aP89
xhD7PcbI9D3iZvg9riD2PQ4V/D3+B/49IaX9PfWbAD5Llfs9J/f9PeVQ8z06xPQ9H8n4PbXL
+T267v49wTYDPlCIAT5xgQE+D80APg==</AssayYData></Step><Step><CommonData><SampleLocation>3</SampleLocation><SampleID>Running Buffer</SampleID><SampleGroup></SampleGroup><SampleInfo></SampleInfo><SampleRow>D</SampleRow><SamplePlate>1</SamplePlate><WellType>BUFFER</WellType><Concentration>-1</Concentration><ConcentrationUnits>µg/ml</ConcentrationUnits><MolarConcentration>-1</MolarConcentration><MolarConcUnits>nM</MolarConcUnits><MolecularWeight>-1</MolecularWeight><Temperature>30</Temperature><StartTime>1123596</StartTime><AssayTime>120</AssayTime></CommonData><FlowRate>1000</FlowRate><StepType>BASELINE</StepType><StepName>Baseline 120</StepName><StepStatus>OK</StepStatus><ActualTime>120</ActualTime><CycleTime>0.2</CycleTime><AssayXData Points="600">fv+VQ/cYlkOQMpZDKkyWQ8RllkNdf5ZD95iWQ7GylkMqzJZDxOWWQ37/lkP3GJdDkDKXQypM
l0PEZZdDXX+XQ/eYl0OxspdDKsyXQ+Tll0Nd/5dD9xiYQxQzmENLTJhD5GWYQ35/mEMYmZhD
sbKYQ0vMmEPk5ZhDfv+YQxgZmUOxMplDNk6ZQ+RlmUN+f5lDGJmZQ7GymUNLzJlDR+aZQ37/
mUP3GJpDsTKaQ0tMmkPkZZpDfn+aQxiZmkOxsppDbMyaQ+TlmkN+/5pDGBmbQ7Eym0NLTJtD
5GWbQ35/m0Mkm5tDkLKbQ0vMm0Pk5ZtDfv+bQ/cYnEOxMpxDS0ycQ+RlnEN+f5xDGJmcQ7Gy
nENLzJxDxOWcQ37/nEMYGZ1DsTKdQ0tMnUPEZZ1DXX+dQ/eYnUOxsp1DKsydQ+TlnUNd/51D
9xieQ9IynkMqTJ5D5GWeQ11/nkMYmZ5Dl7OeQyrMnkPk5Z5DXf+eQ/cYn0OQMp9DKkyfQ+Rl
n0Off59DGJmfQ7Gyn0NLzJ9D5OWfQ37/n0MYGaBDsTKgQypMoEPEZaBDXX+gQxiZoEOQsqBD
S8ygQ+TloEN+/6BDGBmhQ5AyoUNLTKFDxGWhQ35/oUP3mKFDkLKhQyrMoUPk5aFDXf+hQ/cY
okOxMqJDKkyiQ+RlokN+f6JD95iiQ5CyokMqzKJDxOWiQ13/okP3GKNDkDKjQ0tMo0OIZqND
XX+jQ/eYo0OQsqNDS8yjQ8Tlo0Nd/6ND9xikQ5AypEMqTKRDxGWkQ11/pEP3mKRDkLKkQyrM
pEPk5aRDXf+kQ/cYpUOQMqVDKkylQ8RlpUN+f6VDepmlQ7GypUMqzKVDxOWlQ37/pUP3GKZD
sTKmQ0tMpkPEZaZDXX+mQxiZpkOxsqZDS8ymQ+TlpkN+/6ZDGBmnQ7Eyp0NsTKdD5GWnQ35/
p0MYmadDsbKnQ7PNp0Pk5adDXf+nQxgZqEOxMqhDS0yoQ+RlqENdf6hDGJmoQ7GyqENLzKhD
5OWoQ37/qEMYGalDsTKpQ0tMqUPkZalDfn+pQxiZqUOQsqlDKsypQ+TlqUNd/6lD9xiqQ7Ey
qkNLTKpD5GWqQ35/qkMYmapDkLKqQ0vMqkPk5apDfv+qQ/cYq0MUM6tDS0yrQ+Rlq0Ndf6tD
GJmrQ/Oyq0NLzKtD5OWrQ13/q0MYGaxDkDKsQ0tMrEPkZaxDfn+sQxiZrEOxsqxDS8ysQ+Tl
rEN+/6xDGBmtQ7EyrUNLTK1D5GWtQ11/rUP3mK1DsbKtQyrMrUPE5a1Dfv+tQxgZrkOQMq5D
KkyuQ8RlrkNdf65DGJmuQ5CyrkNLzK5D5OWuQ37/rkMYGa9DkDKvQ0tMr0PkZa9Dfn+vQziZ
r0OQsq9DKsyvQ8Tlr0N+/69DGBmwQ5AysEMqTLBDaGawQ35/sEP3mLBDkLKwQ0vMsEPE5bBD
fv+wQxgZsUOQMrFDKkyxQ+RlsUNdf7FD95ixQ5CysUMqzLFD5OWxQ37/sUP3GLJDWzSyQ0tM
skPEZbJDXX+yQz6askOQsrJDKsyyQ8TlskN+/7JD9xizQ5Ays0MqTLNDxGWzQ11/s0P3mLND
kLKzQyrMs0PE5bNDXf+zQ/cYtEOxMrRDKky0Q+RltEN+f7RD95i0Q5CytENLzLRD5OW0Q37/
tEMYGbVDFDO1Q0tMtUPkZbVDfn+1QxiZtUOxsrVDS8y1Q+TltUN+/7VDGBm2Q7EytkNLTLZD
5GW2Q35/tkMYmbZDsbK2Q0vMtkPk5bZDfv+2QxgZt0OxMrdDS0y3Q+Rlt0N+f7dDGJm3Q7Gy
t0NLzLdD5OW3Q37/t0MYGbhDsTK4QypMuEPkZbhDfn+4QxiZuEOxsrhDS8y4Q+TluENd/7hD
9xi5Q5AyuUNLTLlD5GW5Q35/uUMYmblDsbK5Q0vMuUPk5blDfv+5Q/cYukOxMrpDS0y6Q+Rl
ukNdf7pDGJm6Q7GyukNLzLpDxOW6Q13/ukMYGbtDkDK7Q2xMu0PkZbtDfn+7QxiZu0OxsrtD
S8y7Q+Tlu0N+/7tDGBm8Q7EyvENLTLxD5GW8Q11/vEP3mLxDkLK8QyrMvEPk5bxDfv+8Q/cY
vUOxMr1DKky9Q+RlvUPgf71D95i9Q5CyvUMqzL1DxOW9Q13/vUP3GL5DsTK+QypMvkPkZb5D
fn++Q/eYvkOxsr5DKsy+Q8TlvkNd/75DGBm/QxQzv0MqTL9D5GW/Q11/v0P3mL9DkLK/QyrM
v0PE5b9DXf+/Q/cYwEOQMsBDS0zAQ8RlwEOEgMBD95jAQ7GywENLzMBD5OXAQ13/wEMYGcFD
kDLBQypMwUPEZcFDXX/BQ/eYwUOQssFDKszBQ8TlwUNd/8FD9xjCQ5AywkNLTMJDxGXCQ11/
wkMYmcJDdrPCQyrMwkPk5cJDfv/CQxgZw0OxMsNDS0zDQ+Rlw0N+f8NDGJnDQ7Gyw0NLzMND
5OXDQ37/w0MYGcRDkDLEQypMxEPkZcRDfn/EQxiZxEOxssRDEM3EQ+TlxEN+/8RD9xjFQ7Ey
xUOYTsVD5GXFQ11/xUMYmcVDsbLFQ0vMxUPE5cVDfv/FQ/cYxkOQMsZDS0zGQ+RlxkN+f8ZD
GJnGQ7GyxkMqzMZD5OXGQ37/xkP3GMdDkDLHQ0tMx0PkZcdDXX/HQ/eYx0OxssdDS8zHQ8Tl
x0Nd/8dDGBnIQ7EyyENLTMhDxGXIQ11/yEMYmchDsbLIQ0vMyEPk5chDfv/IQxgZyUOxMslD
KkzJQ+RlyUNdf8lDGJnJQ7GyyUMqzMlD5OXJQ37/yUP3GMpDsTLKQypMykMFZspDhIDKQxiZ
ykOQsspDS8zKQ+TlykNd/8pDGBnLQ7Eyy0NLTMtDxGXLQ11/y0MYmctD87LLQ0vMy0PE5ctD
Xf/LQ/cYzEOQMsxDKkzMQ8RlzENdf8xDGJnMQ7GyzEMqzMxDxOXMQ13/zEP3GM1DkDLNQypM
zUPEZc1DpYDNQ/eYzUOQss1DKszNQ8TlzUNd/81D9xjOQ5AyzkNLTM5DxGXOQ11/zkP3mM5D
kLLOQ0vMzkPE5c5DXf/OQ/cYz0OQMs9DS0zPQ8Rlz0N+f89DWZnPQ5Cyz0NszM9D5OXPQ13/
z0P3GNBDkDLQQypM0EPkZdBDXX/QQ/eY0EOxstBDKszQQ8Tl0ENd/9BDOBnRQ7Ey0UNLTNFD
5GXRQ35/0UMYmdFDsbLRQ0vM0UPk5dFD</AssayXData><AssayYData Points="600">BWzYPTuE4T2TT+U98o7iPRYD8j0xM+U9+VnxPW4c9j107Po9DKnvPd6I8T2KEPk9KVLzPQAS
5z1feus9E5f3PVVq+T2vRPQ9Ekz1PTXB+z2Pr/M9itrzPfbQ8D0JD/g9sM/+PbYKAD6nBPQ9
L9z7PUri/D259Pg9bx37PamQ+j1GhgA+E98CPpf0+D36EwQ+rhMAPpMk/j3+ogE+3HP7PR2m
Bj7ewAM+YE39PYFsAz5nDAA+qwoBPtAp/T1IJgM+FdoEPqfFBT62IQE+Bc0DPiOLBT564QU+
GygBPo9YBT6llwU+8CMDPhYeCD5pXgc+/mMFPhr/Az6bYAY+b9UGPnswBT564Qk+eeQJPqPW
Bj41Agw+ZWcFPs/dBj6U+Ak+ZHAGPkXUBj6Ksgs+s6wEPqruCz495ww+UWAIPnnKCj7zpg4+
9ycJPofOBT7FwxE+eBYOPsb6CT5Bxgs+J2sKPmqyCD7omQk+8HsJPpIJCD5GkgY+aMUHPobs
ET657wo+VQwNPsbRDD4XNgw+cCILPq2QDD6oNgk+OjwPPgNcDj4Tugk+vm4LPog9Dj76nQ0+
rKsPPs12ED6IfAg+lvcLPv4mDz61bAs+19kKPgD1CT59qgk++eMNPuMWDT59Sw4+XwAMPoyT
DT6sDA4+3yEQPhURCz7cIhA+v38UPg4RFD42dw4+AaUNPo2KED7JSQ8+guMPPuaMDT61bg4+
MEERPlKQDT4x9hI+yv8VPiezDz5fVhM+FNgPPvFYDD7mPxA+o40PPiSpFj7roRI+AywTPl09
FD4hGBM+Fo8YPiAaFD4htxM+3VAPPgsqEj4ssxQ+SQcSPo4GET6g+RQ+dLATPol4Ej6QrBI+
MlkTPhc9Ez4zfRQ+l1UWPu2WFT4p/xA+kQcUPsUoFj411BY+QQkUPuKPEj4/ghc+cnMXPkaY
GD5BeRE+Bz0VPhy3Fj5/dBA+lbUZPokKGj4yqRk+IxsVPqb2GT7Uhhg+Ua0ZPvHNGD7n4BY+
QbAWPu+kGD5nSBk+HskZPjL0Gj796Rk+MQMWPiPIFz4oSxk+I1wUPnu8Fz5obxg+/dkaPolm
Fz5egBQ+/NwUPjNuGT7CVRc+m4QWPmcwGD6AeBc+yB8ZPqgXGT50LBY+jFwcPt7VHD7IMBs+
JTAbPjzzFj6Jbh0+QMwePiM5Gz66Sho+baYaPhK6HT5FExo+MIEaPpJgHj6v1BY+2igbPsef
HD51tRw+B50bPq0QGz67TBo+dxgdPlg1ID4V+R8+fwcZPub3Gj7hux8+78YfPsCoHT4OkRw+
pU8ePmmKGz5hOhw+KpcdPn/0Gj4xZB0+nn0cPpVSHj6SJxo+COoaPjNOHD7AZR4+pjwfPkoV
ID6FNiI+xJkXPvxyGz4NtCI+7oUePkbjIj4xQCA+PqciPhpkHj61ax8+FOsfPiZdHj7MNiM+
tHYhPpFeHj69SCM+NvIhPrjTGz5HrCA+qssiPukeGz6P+yQ+hB0kPkExHz6yCCE+EUkePoqr
IT78HiA+iYUkPvfwID585yE+JWYiPoxiID79RyA+wQsgPsyVIz5HzSA+Bh8kPnOtIj6WbiI+
JwwjPtrtJz7VMiM+WPMkPoHHJD5XoSM+CyUjPntpIz4QRSQ+LtQePlArJD6xMSk+lJMkPiaj
ID7+7SI+xU4oPrarIz6DJyE+f1oiPrTqJT6F2R0+6OQlPhYRKT6onSo+4/0nPv/eJj7XLCk+
R3EnPlotJz6PDyY+mmUjPj6hJT5qcyg+ljUrPrcDJz6Ojik+Ed4iPv4iKT7qiyU+7X0rPrFY
KT5isSg+kUkmPsmCKT6A9ig+7XwoPsAYJj7x5ic+lcMoPj+DKD7v6yY+5bUlPoE5Lz4xaSo+
ZA8rPsxXKj7f+Sc+rxArPsnqKz6F3So+j6gmPpOFJT6xmy0+DVUtPmKaJz7c4Ck+zhwsPpqx
Jj4hTik+lvcnPtvlJz63tys+VDUwPgRpMD4+gig+e/0pPhFfKz4xWSY+hlEuPud9LD5a/iw+
XKgsPpJjKj70+yo+qvIsPseuKj5g2Co+MQEvPm7vLD42Ai0+ZLEsPkyRLD5MRis+7iwqPt9H
Lj6jAyw+UnQsPpKzMD4LZyo+foUwPt91LD4I9S0+SdgtPthtMD7o7y0+8hQwPlk9LD41OS8+
AacsPkz9MT4PBCw+VFIwPjcPLj6n4Cs+px4wPjxyMD7JATE+6jctPnerLT5aiyw+8rAtPpjq
LT4Wci0+s8oqPiAtLj6fLDA+ND40PqFnMj6jKC0+MeEyPtC/MT4TKTI+Snc3PrCXMT4nkS8+
cBotPma9Kz4GYi8+tqYsPsnCLz53ADE+R+QtPobINT4FnjQ+1D80Ph7wMj7rjTA+gGcyPmSE
NT5NCzI+BcMsPsvWMT6WHy8+sX8wPgetMj6xGjM+JhUuPuKqMj47GDA+TmczPhAKMT6V+DU+
00gyPgvzOD7zHjM+dBs0Pi/ELz5XgTM+u1QzPtUsND44fjM+aOkvPpQCND6CrjU+bd8xPn80
Mj4qZTA+EFYyPhqNMD7GDDI+KKE0PuJuLz59ty8+c2swPncYNT683zY+Y8k3PoVgMz7hBzA+
6C8wPsfWMT4/ijM+ywA3PnrKMz4hRDI+NesvPv2hND6ALzA+8zU0Ph4EMz6AUzM+LJcxPkli
ND6I2DU+dyM2PijRNT5WpjU+8fE0PvmSNj5GeDI+kic1PhduMz6Lijg+2Pk1PtdYND4/UzY+
WRA0PncbOT6OGTY+OlA1PuLwMD4jaTk+ZsY3PpaeMD6/lDc+68UyPhTzMz76hDc+WCY1PvV7
Nj6Qxzk+5Uo3PmqGOD5HsTU+LNM2PnVaOT6mGjg+viUzPjPTMj7UlTs+9U42PpjYNT69YTU+
5y85Ps6iOT40kTQ+SzI0Pl4zND6ZNjg+mmU6PonoOj6M2jM+NgM2Ps0KOD4LwjU+3Hk1Pkte
Nz5Z2jY+TXo7PrLDND5FvTY+sd02Puu5Nj6apj0+VLE5PkWSOz7F/TY+4p82PieRNz5F2Tc+
h3Y7Pnc5PT6AIjk+qOs4Prt/Oj7pMjY+R+M2PtlkOD7k3Dc+2nk9Pr31Nz40BDo+VRQ6PoBX
Pj5lFTY+EpI3PqxsNz5eRjs+jHI4PsQ1Nj4NqD0+Joo7Ps1ePT4ZRTg+ow45PjO9Oj5xiDY+
qCo4PgtROT6Kazs+J7c+Pkd3Oj4GuDo+</AssayYData></Step><Step><CommonData><SampleLocation>8</SampleLocation><SampleID></SampleID><SampleGroup></SampleGroup><SampleInfo></SampleInfo><SampleRow>D</SampleRow><SamplePlate>1</SamplePlate><WellType>KLOAD</WellType><Concentration>-1</Concentration><ConcentrationUnits>µg/ml</ConcentrationUnits><MolarConcentration>-1</MolarConcentration><MolarConcUnits>nM</MolarConcUnits><MolecularWeight>-1</MolecularWeight><Temperature>30</Temperature><StartTime>1252224</StartTime><AssayTime>20</AssayTime></CommonData><FlowRate>1000</FlowRate><StepType>LOADING</StepType><StepName>Loading</StepName><StepStatus>OK</StepStatus><ActualTime>20</ActualTime><CycleTime>0.2</CycleTime><AssayXData Points="100">fv/RQxgZ0kOxMtJDS0zSQ+Rl0kOff9JDGJnSQ7Gy0kMqzNJDxOXSQ37/0kMYGdNDsTLTQypM
00PkZdNDXX/TQ/eY00OxstNDS8zTQ+Tl00Nd/9ND9xjUQ5Ay1EMqTNRD5GXUQ11/1EMYmdRD
kLLUQyrM1EPE5dRDfv/UQxgZ1UOQMtVDKkzVQ8Rl1UN+f9VD95jVQ7Gy1UMqzNVD5OXVQ37/
1UP3GNZDkDLWQypM1kPEZdZDfn/WQ/eY1kP5s9ZDS8zWQ8Tl1kNd/9ZD9xjXQ7Ey10NLTNdD
xGXXQ11/10P3mNdDkLLXQyrM10PE5ddDfv/XQ/cY2EOQMthDKkzYQ+Rl2ENdf9hD95jYQ5Cy
2EMqzNhDBebYQ13/2EMYGdlDkDLZQypM2UPEZdlDXX/ZQ/eY2UOxstlDS8zZQ8Tl2UN+/9lD
9xjaQ5Ay2kMqTNpDxGXaQ11/2kP3mNpDsbLaQ0vM2kPE5dpDXf/aQ/cY20OxMttDS0zbQ8Rl
20N+f9tDGJnbQ7Gy20NLzNtD5OXbQw==</AssayXData><AssayYData Points="100">s643PoeBQz7l5Us+UHBXPg9VXT58xGo+m/9yPuOneT7UkH8+XnKFPuPmhz5O6ow+1M+SPjbB
kz5feZU+uR6dPt1anj4Uz6A+uzmmPqIkqT7wlaw+gJ+vPm2gtD5wCLg+JmC9Ph6AvT526ME+
FYfHPm2pyj4sUM0+CwrQPnGW1D7Tmtc+8IzZPrBW3j5JDOA+UKjkPpty6D41eu8+Sr/tPit/
8z55VvY+EEr6Pl8M/T5glgA/OIABP4lmBD+lcgc/ZhgIP2TlCT87sQs/4u8NP79sDj/jxw8/
fDQRP2eMFD/7nhU/HfcWP4nYFz/AAxs/0uocPwIIHT9spx8/RBMiPydsIz8bPCY/MZ4mPxr8
Jj+FFSo/I3QrPzDJLT87hzE/a9ExPxIFMz9FBzU//ZA2PzVTNz8A0jg/ItQ7P2olPT86Cj8/
3I5AP/QAQz8UCUQ/GjJGP3r/Rz9jIUs/VQlLPwAETT+FEk8/X0BQP6JsUT8RYlQ/QbZUPwPO
VT8ymFc/mzhZP7z8XD+Q4lw/IMZePw==</AssayYData></Step><Step><CommonData><SampleLocation>9</SampleLocation><SampleID></SampleID><SampleGroup></SampleGroup><SampleInfo></SampleInfo><SampleRow>D</SampleRow><SamplePlate>1</SamplePlate><WellType>BUFFER</WellType><Concentration>-1</Concentration><ConcentrationUnits>µg/ml</ConcentrationUnits><MolarConcentration>-1</MolarConcentration><MolarConcUnits>nM</MolarConcUnits><MolecularWeight>-1</MolecularWeight><Temperature>30</Temperature><StartTime>1281855</StartTime><AssayTime>60</AssayTime></CommonData><FlowRate>1000</FlowRate><StepType>BASELINE</StepType><StepName>Baseline 60</StepName><StepStatus>OK</StepStatus><ActualTime>60</ActualTime><CycleTime>0.2</CycleTime><AssayXData Points="300">fv/bQxgZ3EOQMtxDKkzcQ8Rl3EN+f9xDGJncQ5Cy3EMqzNxD5OXcQ37/3EMYGd1DsTLdQ0tM
3UPkZd1Dfn/dQxiZ3UOxst1DS8zdQ+Tl3UN+/91DGBneQ7Ey3kNLTN5D5GXeQ35/3kMYmd5D
sbLeQ0vM3kPk5d5Dfv/eQxgZ30OxMt9DbEzfQ8Rl30N+f99DGJnfQ7Gy30NLzN9D5OXfQ37/
30MYGeBDkDLgQ0tM4EPkZeBDXX/gQ/eY4EOxsuBDS8zgQ+Tl4EN+/+BDGBnhQ5Ay4UMqTOFD
xGXhQ35/4UMYmeFDsbLhQ0vM4UPk5eFDfv/hQxgZ4kOxMuJDKkziQ+Rl4kN+f+JD95jiQ5Cy
4kNLzOJD5OXiQ37/4kP3GONDkDLjQ0tM40PkZeNDfn/jQxiZ40PSsuNDS8zjQ+Tl40N+/+ND
9xjkQ5Ay5EMqTORD5GXkQ35/5EMYmeRDkLLkQyrM5EPk5eRDfv/kQ/cY5UOxMuVDS0zlQ8Rl
5UN+f+VDGJnlQ7Gy5UMqzOVDxOXlQ37/5UP3GOZDsTLmQypM5kPEZeZDXX/mQ/eY5kOxsuZD
S8zmQ+Tl5kNd/+ZDGBnnQ7cz50MqTOdDxGXnQ35/50Nlm+dDkLLnQyrM50PE5edDXf/nQ/cY
6EOQMuhDKkzoQ8Rl6ENdf+hDGJnoQ5Cy6EMqzOhD5OXoQ13/6EP3GOlDkDLpQ0tM6UPEZelD
XX/pQxiZ6UOQsulDKszpQ+Tl6UNd/+lD9xjqQ5Ay6kMqTOpDxGXqQ11/6kP3mOpDkLLqQ0vM
6kNo5upDfv/qQxgZ60OxMutDS0zrQ+Rl60PAf+tDGJnrQ7Gy60NLzOtDLOfrQ37/60MYGexD
sTLsQ0tM7EOIZuxDfn/sQ/eY7EOxsuxDS8zsQ+Tl7EN+/+xDGBntQ7Ey7UNLTO1D5GXtQ11/
7UMYme1DsbLtQ0vM7UPE5e1DXf/tQ1kZ7kOxMu5DS0zuQ+Rl7kNdf+5DGJnuQ7Gy7kNLzO5D
5OXuQ2MA70MYGe9DsTLvQ0tM70PkZe9DXX/vQxiZ70Oxsu9DS8zvQ+Tl70N+/+9D9xjwQ7Ey
8ENLTPBD5GXwQ35/8EMYmfBD0rLwQyrM8EPk5fBDfv/wQzgZ8UOxMvFDS0zxQ8Rl8UNdf/FD
95jxQ5Cy8UMqzPFD5OXxQ37/8UP3GPJDsTLyQypM8kPEZfJDXX/yQ/eY8kOQsvJDKszyQ+Tl
8kNd//JD9xjzQ5Ay80NsTPND5GXzQ11/80P3mPNDkLLzQyrM80PE5fNDfv/zQxgZ9EOQMvRD
S0z0Q8Rl9ENdf/RD3Jn0Q5Cy9EMqzPRD5OX0Q13/9EObGfVDkDL1QypM9UPEZfVDXX/1QxiZ
9UOxsvVDKsz1Q8Tl9UNd//VD9xj2Q7Ey9kMqTPZDxGX2Q35/9kMYmfZDsbL2Qw/N9kPE5fZD
Xf/2Q/cY90PSMvdDKkz3Q8Rl90N+f/dD95j3Q5Cy90NLzPdDxOX3Q37/90P3GPhDkDL4QypM
+EPEZfhDXX/4Q/eY+EOxsvhDS8z4Q8Tl+EMBAPlDGBn5Q7Ey+UNLTPlD5GX5Q59/+UMYmflD
sbL5Q0vM+UPk5flD</AssayXData><AssayYData Points="300">ORCiP2Jxoz/DUaQ/PrikP7nIpD8f0aQ/zRulP+klpT/kA6U/zsqlPwQGpT/XOaY/ckOmP5Zx
pj+VzKY/ZVqmPwxapj+N+KY/Q7amP9MSpz9P6aY/FLmnPxA8pz+yzac/e6SnP3T5pz+st6g/
4yyoP1ZTqD/sIag/zgypP4kjqT/zWKk//wOpP6vuqD8Y4qg/fXSpP3DuqT8K4Kk/anCpP6Ez
qT9d+ak/8POpP1P2qT85Z6k/A4ypPzMJqj83i6o/V0uqP1drqj/j1Ko/e82pP2/rqj/5J6o/
b6SqP1i+qj+dQqo/fCyrP7Ycqz88kKo/rR+rP4P1qj//Aqs/fByrP8WMqj9jBqs/z8SqP0G+
qj/CFKs/S5SrP0/wqz/4qqs/EU6rP86Nqz/Jg6s/Xl6rPytYqz9goKs/w5erPzKZqz+jMKs/
d1+sPwq6qz8HW6s/5VmsPxRnqz8kZKs/8D+rP+CVqz+7mqo/bsmrP7Plqz/HIas/x7qrP7TT
qz92qas/og2sP8w3rD++nqs/S+KrP4Xvqz8zmas/D9GrPzoJrD+/cKs/4fCqP78MrD9k/qs/
h5CrP94NrD+8Z6s/I6OrP4wDrD/ehaw/awasPwTZqz8936s//M6rPw+FrD9V66s/RyasP3Is
rD9orKs/EQmsP8AFrD/Zfaw/jlisPyAUrD8jlKw/ErirP+8DrD+3pqs/CL+rP9H/qz9zHaw/
yf2rP/uFqz/W4qs/WK6rP4HNqz/LS6s/H+erP8hYrD9RTaw/83esP7eVqz/r1Ks/ptqrP3vt
qz+ZYKw/MPqrPwW4qz9t5Ks/zL2rP0rpqz/vHKw/0hesP8DLqz+5BKw/je+rP6W8qz/GWqw/
JF+sP/cgrD8dtqs/9u6rP5f7qz+4iqs/usmrP3ISrD+lpKs/J22rP5nBqz/F9Kw/vtirP1Bq
rD9gHKw/nhGsPwL0qz9nOKw/nA6sPyUfrD8+5as/4OarP4iXqz++Caw/MLqrP7yiqz/y3Ks/
DQGsP+pFqz8lbqs/2gSsPxyTqz93Cqw/L26rPzs+rD/q7Ks/SX+sPzj6qz/Kwqs/EfmrP3C4
qz/5GKw/AU+sP8NSqz9Fpas/qY2rPxbXqz+rnKs/PY+rPwxirD8icaw/Bd6rPzB9qz8POKw/
+AWsP0RTqz+9lKs/2sKrP4yxqz8dE6w/B+erP4k4rD/P7Ks/woWsPwv3qz86Maw/gNKrP1zs
qz953as/VaurPze8qz8WW6w/VuWrP98krD8D1qs/ptqrP1v5qz+V26s/T6CrPzAKrD8gVaw/
SJGrP7UWrD+aCaw/zQisP7LLqz8mbKs/bwqsP/RLrD94mKs/GNGrP2/Cqz9JKKw/uyWsP1Yr
rD9g3qs/JwesPy+gqz+y2as/J56rP9AKrD914Ks/wQqsP9S7qz/evqs/HGisPzWtqz/pM6w/
tcarPxqwqz9bfqs/YDCsP2MRrD/8f6s/3verP/PWqz+VXas/ueWrPxW5qz+aX6s/DlWrP4dP
rD/odKs/i4arP8YIqz8J36s/ApSrP/6uqz/7RKs/ZFmrPxSLqz90aKs/kcGrP20Aqz9mTKs/
dUyrPyKQqz+4vqs/</AssayYData></Step><Step><CommonData><SampleLocation>10</SampleLocation><SampleID></SampleID><SampleGroup></SampleGroup><SampleInfo></SampleInfo><SampleRow>D</SampleRow><SamplePlate>1</SamplePlate><WellType>BUFFER</WellType><Concentration>-1</Concentration><ConcentrationUnits>µg/ml</ConcentrationUnits><MolarConcentration>-1</MolarConcentration><MolarConcUnits>nM</MolarConcUnits><MolecularWeight>-1</MolecularWeight><Temperature>30</Temperature><StartTime>1352033</StartTime><AssayTime>20</AssayTime></CommonData><FlowRate>1000</FlowRate><StepType>BASELINE</StepType><StepName>Baseline 20</StepName><StepStatus>OK</StepStatus><ActualTime>20.005</ActualTime><CycleTime>0.2</CycleTime><AssayXData Points="100">fv/5QxgZ+kOxMvpDjEz6Q8Rl+kN+f/pDGJn6Q7Gy+kNLzPpD5OX6Q37/+kMYGftDsTL7Q0tM
+0PEZftDXX/7QxiZ+0OQsvtDS8z7Q+Tl+0Nd//tDGBn8Q7Ey/EMqTPxD5GX8Q35//EMYmfxD
kLL8QyrM/EPk5fxDfv/8Q/cY/UOQMv1DS0z9Q8Rl/UN+f/1DGJn9Q7Gy/UMqzP1D5OX9Q37/
/UM4Gf5D0jL+Q0tM/kPkZf5Dfn/+QxiZ/kOQsv5DS8z+Q+Tl/kNd//5D9xj/Q7Ey/0MqTP9D
xGX/Q35//0P3mP9DsbL/Q0vM/0PE5f9DMgAARHsMAERZGQBEJSYARPIyAES/PwBEe0wAREhZ
AEQlZgBE4nIARK9/AER7jABEWZkARCWmAETysgBEr78ARHvMAERZ2QBEJeYAROLyAESv/wBE
ewwBREgZAUQVJgFE8jIBRK8/AUR7TAFESFkBRCVmAUTicgFEr38BRIyMAUR5mQFEFaYBROKy
AUSvvwFEe8wBRJrZAUQV5gFERPMBRA==</AssayXData><AssayYData Points="100">9TWQP2P+hz8FqII/J9mAP7+wfz/yrH4/PrF9P5EjfT8x1X0/yTR9P2VOfT+GSH0/39R9P2cH
fj9KRX8/2ud+PxcAfj9BAH8/ETB/P3CVfz9uzH4/fIp+Pwdjfz8HsX8/vWN/P5Prfj84a4A/
zsB/P41ZgD/xPYA/35yAP4QFgT8GbYA/gaCAP1aRgD9XJ4A/boyAP/irgD/pVIE/n8mAP/xG
gT9zhYA//4yAP0t7gT/TRYA/sZOAP8QYgD/lj4A/DgSBP+rHgD/Ov4A/UuCAP/gngT+DfoA/
HjOBP37SgD9A84A/J0yBP7D0gD92L4E/IIaAP1D6gT89+IA/0SyBPx9YgT/wuYE/p7WBPwYJ
gT92l4E/JMWBP/eIgT+qE4E/46WBP9JMgT9k5YA/0k6BP+sNgT+dWYE/yY+BP6qygT9dr4E/
KWOBPxPFgT87LIE/L5uBP9OvgT9S6IE/tfyBP7+tgT9uVoE/LceBP33ngT/22oE/q/WBP/Oy
gT8IHII/HFSCPx8Sgj9oyoE/KHiCPw==</AssayYData></Step><Step><CommonData><SampleLocation>11</SampleLocation><SampleID></SampleID><SampleGroup></SampleGroup><SampleInfo></SampleInfo><SampleRow>D</SampleRow><SamplePlate>1</SamplePlate><WellType>KSAMPLE</WellType><Concentration>-1</Concentration><ConcentrationUnits>µg/ml</ConcentrationUnits><MolarConcentration>-1</MolarConcentration><MolarConcUnits>nM</MolarConcUnits><MolecularWeight>-1</MolecularWeight><Temperature>30</Temperature><StartTime>1382766</StartTime><AssayTime>120</AssayTime></CommonData><FlowRate>1000</FlowRate><StepType>ASSOC</StepType><StepName>Association</StepName><StepStatus>OK</StepStatus><ActualTime>119.999</ActualTime><CycleTime>0.2</CycleTime><AssayXData Points="600">IQACRN4MAkSrGQJEZyYCRDQzAkQRQAJE3kwCRJpZAkR3ZgJERHMCRBGAAkTNjAJEmpkCRHem
AkREswJEAcACRN7MAkSr2QJEZ+YCRDTzAkQBAANEzQwDRJoZA0R3JgNENDMDRAFAA0TuTANE
mlkDRGdmA0Q0cwNEAYADRM2MA0SamQNEZ6YDRDSzA0QRwANEzcwDRJrZA0Rn5gNERPMDRAEA
BETeDAREmhkERKkmBEQ0MwREEUAERM1MBESaWQREmGYERERzBEQRgAREzYwERJqZBERnpgRE
NLMERBHABETezAREu9kERHfmBERV8wREEQAFRN4MBUSrGQVEdyYFREQzBUQyQAVE3kwFRKtZ
BUR3ZgVERHMFRAGABUTejAVEq5kFRHemBUREswVEEcAFRM3MBUSr2QVEZ+YFRETzBUQRAAZE
3gwGRKsZBkR3JgZERDMGRBFABkTeTAZEq1kGRHdmBkREcwZEEYAGRN6MBkSrmQZEd6YGRESz
BkQRwAZE3swGRKvZBkRn5gZERPMGRAEAB0TeDAdEqxkHRHcmB0RVMwdEAUAHRM1MB0SrWQdE
d2YHRERzB0QRgAdE3owHRKuZB0RnpgdERLMHRBHAB0TNzAdEq9kHRGfmB0Q08wdEEQAIRDAN
CESrGQhEZyYIREQzCEQRQAhE3kwIRKtZCERnZghERHMIRBGACETNjAhEq5kIRGemCEREswhE
EcAIRN7MCESr2QhEd+YIRETzCEQBAAlE3gwJRKsZCURnJglERDMJRAFACUTNTAlE3FkJRGdm
CUQ0cwlEAYAJRM2MCUSamQlEd6YJRDSzCUQRwAlE3swJRJrZCURn5glERPMJRAEACkTNDApE
mhkKRHcmCkQ0MwpEAUAKRM1MCkSaWQpEZ2YKRDRzCkQBgApE3owKRKuZCkRnpgpENLMKRAHA
CkTezApE3NkKROrmCkQ08wpEAQALRM0MC0TcGQtEdyYLRDQzC0QRQAtEzUwLRKtZC0RnZgtE
RHMLRBGAC0TNjAtEq5kLRHemC0REswtEMsALRN7MC0Sr2QtEd+YLRETzC0QRAAxE3gwMRKsZ
DER3JgxERDMMRBFADETeTAxEq1kMRHdmDEREcwxEEYAMRN6MDESrmQxEd6YMRESzDEQRwAxE
D80MRA3aDER35gxERPMMRAEADUT/DA1EqxkNRHcmDUREMw1EEUANRN5MDUSrWQ1Ed2YNRERz
DUQRgA1E3owNRKuZDURnpg1ERLMNRBHADUTezA1Eq9kNRGfmDURE8w1EAQAORN4MDkSrGQ5E
dyYOREQzDkQBQA5E3kwORKtZDkRnZg5ENHMORBGADkTejA5EmpkORGemDkREsw5EQsAORN7M
DkSr2Q5Ed+YORETzDkQBAA9E3gwPRJoZD0RnJg9ENDMPRAFAD0TNTA9Eq1kPRHdmD0Q0cw9E
EYAPRM2MD0SrmQ9Ed6YPRDSzD0QBwA9EzcwPRKvZD0R35g9ERPMPRBEAEETNDBBEqxkQRGcm
EEQ0MxBEAUAQRM1MEESrWRBEZ2YQRERzEEQBgBBE3owQRJqZEERnphBENLMQRAHAEETNzBBE
q9kQRHfmEEQ08xBEAQARRN4MEUSrGRFEZyYRREQzEUQBQBFE3kwRRKtZEUR3ZhFENHMRRAGA
EUTNjBFEmpkRRGemEUQ0sxFEAcARRN7MEUSa2RFEZ+YRRDTzEUQBABJEzQwSRJoZEkRnJhJE
VTMSRAFAEkTeTBJEmlkSRGdmEkQ0cxJEAYASRM2MEkSamRJEZ6YSRDSzEkQRwBJE3swSRKvZ
EkTJ5hJERPMSRBEAE0TeDBNEqxkTRHcmE0REMxNEEUATRN5ME0TcWRNEd2YTRERzE0QRgBNE
3owTRKuZE0R3phNERLMTRBHAE0TezBNEq9kTRHfmE0RE8xNEIQAURN4MFESrGRREdyYURDQz
FEQBQBRE3kwURKtZFER3ZhRERHMURBGAFETejBREmpkURNqmFEREsxREEcAURM3MFESr2RRE
Z+YURDTzFEQRABVE3gwVRKsZFUR3JhVENDMVRBFAFUTeTBVEq1kVRGdmFUQ0cxVEAYAVRM2M
FUSrmRVEd6YVRDSzFUQRwBVE3swVRKvZFUR35hVEhvMVRBEAFkTeDBZEqxkWRGcmFkREMxZE
AUAWRN5MFkSrWRZEd2YWRDRzFkQBgBZE3owWRPyZFkR3phZENLMWRAHAFkTNzBZEq9kWRHfm
FkRE8xZEEQAXRM0MF0SrGRdEdyYXRDQzF0QRQBdEzUwXRKtZF0R3ZhdERHMXRAGAF0TNjBdE
q5kXRGemF0Q0sxdEAcAXRN7MF0Sr2RdEZ+YXRETzF0QRABhEzQwYRJoZGERnJhhENDMYRAFA
GETeTBhEmlkYRGdmGEREcxhEAYAYRM2MGESamRhEd6YYRDSzGEQBwBhEzcwYRJrZGERn5hhE
RPMYRAEAGUTNDBlEmhkZRGcmGUQ0MxlEAUAZRM1MGUSaWRlEd2YZRERzGUQBgBlE3owZRJqZ
GURnphlERLMZRBHAGUTezBlEmtkZRHfmGURE8xlEEQAaRN4MGkSrGRpEdyYaREQzGkQRQBpE
3kwaRKtZGkR3ZhpERHMaRGOAGkTNjBpEq5kaRHemGkRlsxpEpMAaRN7MGkSr2RpEd+YaRETz
GkQRABtE3gwbRKsZG0R3JhtERDMbRBFAG0TNTBtEmlkbRHdmG0Q0cxtEEYAbRN6MG0SrmRtE
d6YbRESzG0QRwBtEzcwbRKvZG0R35htERPMbRBEAHETeDBxEmhkcRHcmHEQ0MxxEEUAcRN5M
HESrWRxEd2YcRDRzHEQBgBxE3owcRJqZHERnphxERLMcRAHAHETezBxEq9kcRHfmHERE8xxE
AQAdRN4MHUT8GR1EZyYdRDQzHUQRQB1EQE0dRJpZHUR3Zh1ERHMdRAGAHUQfjR1Eq5kdRGem
HUQ0sx1EIcAdRM3MHUSa2R1EZ+YdRDTzHUQRAB5E3gweRJoZHkR3Jh5ENDMeRBFAHkTeTB5E
mlkeRGdmHkQ0cx5EEYAeRM2MHkTLmR5EZ6YeRESzHkQBwB5EzcweRJrZHkRn5h5ENPMeRBEA
H0TNDB9EmhkfRHcmH0Q0Mx9EAUAfRM1MH0SaWR9EZ2YfRDRzH0QRgB9EzYwfRJqZH0Rnph9E
ZbMfRAHAH0TNzB9EmtkfRGfmH0RE8x9E</AssayXData><AssayYData Points="600">sGmYP/v/nT/BwKA/QUCjP87BpD9vXaY/m22nP2O9qD9VmKk/egyrP6AerD9hFa0/ASSuP7x2
rz/d1q8/W0OxP8Blsj9+LLQ/zje1P5IUtj8dlLY/TQi4PzyOuD8T+rk/gb+6P37yuz9B97w/
Ku+9P/FKvz+DOMA/j6bBP3acwj/FF8M/IZfDP79txD+pT8U/dJbGPzGgxz8uXMg/gTXKP7he
yj91J8s/JyLMP7kNzT+y2M0/ngDPPxZZzz80sNA/bjrRP/t30T/rxNI/drjTP+RG1D+rjtU/
c6jVP1Y11z/apdc/FZLXP/kK2T/Uxtk/c0zaP74o2z8prds/lK/cP72d3T98pd0/kZ7eP35O
3z/IzOA/r7/gP9HU4T+W4uE/rwbjPxxj4z+/f+Q/VbjkP8v25D+KIOY/b7vmPzu/5z/nmuc/
1dnoP4Ay6T9wuOk/F6nqP8/16j9HQOw/KzHsP7VE7T9TK+4/FRvuP+h27j8Uj+8/LYXvP32H
8D+bR/E/ZNHwP5oY8j+fjvI/z2nzP8jW8z/DtfQ/I5X0P77i9D/WrvU/WNf2P8Z69z9ym/c/
miv4P+Zb+D+JmPk/4Mv5P8FH+j/Z5vo/YGP7P7gO+z8nBvw/gID8P8X8/D+8bv0/vTL+P2p2
/j+MYf8/cYf/P1r5/z+BRABA4UIAQLrAAECx9gBACwMBQHyKAUCg1gFAIt0BQM5sAkDISgJA
f3kCQGikAkDcJgNAs3gDQP2dA0DKvANAm6UDQN4IBEAHIARAAY0EQMSvBECZiwRAYe4EQGFp
BUACSQVAwLEFQHBzBUDaowVAP/UFQFl1BkBQuAZA9OQGQB8FB0CM4AZAgU4HQCaiB0BSrgdA
b64HQLzjB0C2TQhAALwIQM56CECUjghAax8JQHtICUAQQwlApq0JQCfBCUBuAQpA8gYKQCQX
CkDOVgpABqgKQBiuCkCA9gpAPPgKQCwsC0BSgQtAUqoLQPaVC0DDCQxAW/ELQCpvDEDoPQxA
h0EMQNyoDECgWA1Ai/kMQGlTDUB7cA1Aun0NQFN/DUCX6g1AstgNQHEkDkAaHw5A6IUOQN5y
DkBrkQ5ArfIOQNwKD0BvZw9ARSwPQKGnD0D4qg9A7asPQK3RD0B47Q9AyiYQQLwaEECDTxBA
ttYQQF3IEECRuRBA6i4RQB83EUB0PRFAJFsRQKstEUCJuRFAMLsRQD77EUAoNRJAmx0SQBBd
EkBDXBJAiU8SQAzuEkD3GRNAr7USQL5OE0DJNhNAmV8TQBl0E0AA0BNA2YMTQJATFEBKMhRA
GfgTQFxaFEAm0xRA+IMUQHSlFEAH2hRAfa0UQHAVFUDRTRVAKzgVQEAuFUCyTBVAKLAVQCxx
FUBl4BVANgsWQFMzFkCdjRZA3lkWQKUlFkDL5BZAI4wWQN/xFkA2GBdAV9QWQAxjF0ATMRdA
3YMXQDs+F0CcuxdAT98XQNPDF0B4JhhAD+sXQHc4GEAs5hdACkoYQAVSGEAprBhAHdAYQH7U
GEDxDBlAaOAYQFADGUDiDxlAfn8ZQJ56GUCjnRlAfLcZQE0JGkD4DhpASxAaQOIkGkCEkxpA
jrgaQN6rGkCaZRpAIokaQPfCGkC7sxpAs7gaQMQnG0B6/RpAOikbQKRvG0DQghtAeH4bQGRk
G0BeoxtA12wbQJ7BG0DsqhtAmigcQFA3HEDtWBxAtEAcQHysHEAQxRxACeUcQJPTHEBJxRxA
QR8dQEQRHUBh4hxA7vwcQHKNHUCTZx1AoFsdQNtjHUDwkx1AdM4dQMnzHUDssx1AzdYdQAxk
HkAZ+B1A/zweQB+mHkCngB5AwnceQIR1HkDHsh5AEXYeQAe/HkCQ1B5AqyofQMBRH0DbGB9A
zaMfQNRZH0BWRx9Atr4fQEKOH0Dy7B9AvKMfQJX/H0Co7R9A8VcgQHA+IEAhYCBAwDsgQIdF
IEDClCBAmtggQBClIEB0YSBA5ocgQBzYIEAiHSFA8Q8hQCFOIUAVjSFAon8hQFGQIUDtfyFA
s6shQLRbIUBqxyFA0qohQG2fIUCNxyFAefchQMsfIkDEPyJAEEMiQDVUIkDgNCJAH6AiQOyc
IkCEtCJANcIiQGa+IkB9zCJAsboiQINLI0Cn3iJAay8jQMgII0BVcSNApE8jQGIpI0AipCNA
CIojQPLiI0Av1SNAdfgjQFj7I0Di3CNAUQ4kQGfYI0A/3iNAoigkQC0KJEAAjiRAsYIkQJJR
JEBXmiRAmwIlQP26JECbmyRAv7okQGyHJEBCHyVACZckQL9dJUCD9SRAetckQBeFJUDjSSVA
VdslQMDEJUCwqiVAaA4mQOTQJUCn7iVA8gUmQAwcJkAcFCZAJ/ElQJUtJkCBWyZA7E4mQN93
JkC4mSZAIWYmQKmfJkAbWSZAKo8mQFf1JkC2nyZAltwmQFzWJkDI4CZAO+8mQJUTJ0B/PCdA
DBknQA8aJ0BGLidArHcnQOmnJ0CFgydAe2onQMfoJ0BHuCdA+b4nQEjCJ0DvyCdApScoQGEF
KEBCEihA638oQFNLKEA7gyhAi3koQM53KECGYChAWJcoQDGeKECNtyhA7rcoQO1bKEC+0ChA
6tooQJkDKUC5GSlAY0wpQHkGKUCXMylA5iopQMOPKUCBeylA/3ApQDSNKUBCuilA/Z0pQDO6
KUCY1ylA8uQpQNkPKkCM0ilANQEqQNfMKUBNGSpArFUqQN1bKkBf/ylAHekqQBVwKkAMhSpA
zqUqQIqDKkBisypA+qkqQB6VKkDTGCtATzorQO87K0AqKCtA2kMrQP4jK0CYKCtAamErQAp8
K0B32CtAfogrQEmAK0B8gStAhpgrQBiXK0B1wStA+fQrQIOHK0DK6CtAg70rQCUKLECvWyxA
hEQsQNNdLEByQSxAjIYsQORuLECPdyxA29osQG22LEBFgyxASaUsQK0SLUCWsSxA9KksQMDY
LECt+yxAdB4tQLJGLUCVTS1ADBctQIAwLUCnEi1A9XQtQMhULUB00S1AkO8tQMRwLUCUii1A
1KgtQJeGLUCryi1A8OstQJvcLUB+8y1Au/otQJU5LkBfIS5AtxwuQHZrLkAUbS5Ar5YuQIQ8
LkAJhC5A5psuQMZhLkBtuy5AGpUuQEiHLkDK0i5AVSEvQGDALkAUBy9Azw8vQMyaLkC9Di9A
iD0vQEkOL0BiES9AISMvQPUfL0AUZS9A</AssayYData></Step></KineticsData></ExperimentResults>
