<?xml version="1.0" encoding="UTF-8" standalone="yes"?>
<ExperimentResults><ExperimentInfo Name="20250917 PE P5216 - 5377 plate 1 kappa 50 ugl"><ExpDescription>AHC example method - full characterization&#13;
Analyte titration series with reference channel</ExpDescription><RTDVersion>2.0</RTDVersion><RunID>3B9E1F69-E451-4552-8C9D-CFED4D62EEC8</RunID><ExperimentType>KINETICS</ExperimentType><ExperimentSubType>KBASIC</ExperimentSubType><StartDateTime>2025-09-17T15:12:20</StartDateTime><MachineName>BN7KX12</MachineName><UserName>octet</UserName><LotNumber></LotNumber><PlateName>250917</PlateName><PlateName2></PlateName2><SensorName>C4</SensorName><SensorPlate>1</SensorPlate><SensorType>AHC (Anti-hIgG Fc Capture)</SensorType><SensorRole>LIGAND</SensorRole><SensorInfo></SensorInfo><WritingSW>DataAcquisition.exe 11.0.2.1</WritingSW><InstrumentType>OctetRED96</InstrumentType><InstrumentSerial>FB-50284</InstrumentSerial><InstrumentFW></InstrumentFW><IntegrationTime>2.2</IntegrationTime><DSPType>CPF</DSPType><DSPStitching>1</DSPStitching><HasManifest>1</HasManifest><InfoHash>268837178</InfoHash></ExperimentInfo><AssayParamsInfo/><KineticsData><Step><CommonData><SampleLocation>1</SampleLocation><SampleID>Running Buffer</SampleID><SampleGroup></SampleGroup><SampleInfo></SampleInfo><SampleRow>C</SampleRow><SamplePlate>1</SamplePlate><WellType>BUFFER</WellType><Concentration>-1</Concentration><ConcentrationUnits>µg/ml</ConcentrationUnits><MolarConcentration>-1</MolarConcentration><MolarConcUnits>nM</MolarConcUnits><MolecularWeight>-1</MolecularWeight><Temperature>30</Temperature><StartTime>613075</StartTime><AssayTime>180</AssayTime></CommonData><FlowRate>1000</FlowRate><StepType>BASELINE</StepType><StepName>Baseline 1</StepName><StepStatus>OK</StepStatus><ActualTime>179.999</ActualTime><CycleTime>0.2</CycleTime><AssayXData Points="900">AAAAAM3MTD7NzMw+mpkZP0SLTD8AAIA/mpmZPzMzsz8IrMw/okXmPwAAAEBqvAxAmpkZQARW
JkDRIjNAAABAQM3MTEA3iVlABFZmQNEic0AAAIBANV6GQM3MjEACK5NAaJGZQM/3n0BmZqZA
nMSsQDMzs0BokblAz/e/QDVexkCcxMxAMzPTQJqZ2UDP999ANV7mQJzE7EACK/NAaJH5QM/3
/0AzMwNBTmIGQYGVCUG0yAxB5/sPQTMzE0FOYhZBgZUZQbTIHEHn+x9BMzMjQU5iJkGBlSlB
tMgsQef7L0EzMzNBTmI2QYGVOUG0yDxB5/s/QRsvQ0F/akZBmplJQbTITEHn+09BGy9TQWZm
VkGamVlBzcxcQQAAYEEzM2NBZmZmQZqZaUHNzGxBAABwQTMzc0FmZnZBmpl5Qc3MfEEAAIBB
mpmBQTMzg0HNzIRBZmaGQfT9h0GamYlBMzOLQc3MjEFmZo5BAACQQZqZkUEzM5NBzcyUQWZm
lkH0/ZdBmpmZQTMzm0HBypxBZmaeQQAAoEGNl6FBMzOjQc3MpEFmZqZBAACoQY2XqUEzM6tB
zcysQWZmrkEAALBBjZexQTMzs0HNzLRBZma2QQAAuEGamblBMzO7QcHKvEFmZr5B9P2/QZqZ
wUEzM8NBzczEQVpkxkEAAMhBmpnJQScxy0HNzMxBZmbOQQAA0EGNl9FBJzHTQc3M1EFaZNZB
AADYQZqZ2UEzM9tBwcrcQWZm3kH0/d9BjZfhQTMz40HByuRBZmbmQfT950GNl+lBJzHrQcHK
7EFaZO5B9P3vQY2X8UEzM/NBzcz0QVpk9kEAAPhBjZf5QTMz+0HNzPxBWmT+QQAAAELHywBC
mpkBQmZmAkIzMwNC+v4DQsfLBEKamQVCZmYGQjMzB0L6/gdCx8sIQpqZCUJgZQpCLTILQvr+
C0LNzAxCmpkNQmBlDkIzMw9C+v4PQs3MEEKTmBFCZmYSQi0yE0L6/hNCx8sUQpOYFUJgZRZC
LTIXQvr+F0LHyxhCk5gZQmBlGkIzMxtC+v4bQsfLHEKTmB1CYGUeQi0yH0L6/h9Cx8sgQpOY
IUJgZSJCOTQjQvr+I0LHyyRCmpklQmZmJkIzMydCAAAoQs3MKEKamSlCZmYqQjMzK0IAACxC
zcwsQpqZLUJmZi5CMzMvQgAAMELNzDBCmpkxQmZmMkIzMzNCAAA0Qs3MNEKamTVCYGU2QjMz
N0IAADhCzcw4QpqZOUJmZjpCMzM7QgAAPELNzDxCk5g9QmZmPkIzMz9CAABAQs3MQEKamUFC
ZmZCQjMzQ0L6/kNCzcxEQpqZRUJmZkZCMzNHQvr+R0LNzEhCk5hJQmZmSkIzM0tCAABMQs3M
TEKamU1CZmZOQjMzT0L6/k9CzcxQQpqZUUJmZlJCMzNTQgAAVELNzFRCmplVQmBlVkIzM1dC
+v5XQs3MWEKTmFlCZmZaQjMzW0IAAFxCx8tcQpOYXUJmZl5CMzNfQgAAYELHy2BCmplhQmBl
YkIzM2NC+v5jQs3MZEKamWVCYGVmQjMzZ0L6/mdCzcxoQpqZaUJgZWpCMzNrQvr+a0LNzGxC
k5htQmZmbkIzM29C+v5vQs3McEKamXFCYGVyQi0yc0IAAHRCx8t0QpOYdUJgZXZCLTJ3Qvr+
d0LHy3hCmpl5QmBlekIzM3tC+v57QsfLfEKTmH1CYGV+Qi0yf0L6/n9CZmaAQkrMgEKwMoFC
F5mBQn3/gULjZYJCSsyCQrAyg0IXmYNCff+DQuNlhEJKzIRCsDKFQheZhUJ9/4VC42WGQkrM
hkIzM4dCmpmHQn3/h0LjZYhCzcyIQrAyiUKamYlCff+JQuNlikLNzIpCMzOLQheZi0IAAIxC
ZmaMQs3MjEIzM41CmpmNQgAAjkJmZo5CzcyOQjMzj0KamY9CAACQQmZmkELNzJBCMzORQpqZ
kUIAAJJCZmaSQs3MkkIzM5NCF5mTQgAAlEJmZpRCzcyUQjMzlUKamZVCAACWQmZmlkLNzJZC
sDKXQpqZl0IAAJhCZmaYQs3MmEIzM5lCmpmZQgAAmkJmZppCzcyaQjMzm0KamZtCAACcQmZm
nELNzJxCMzOdQheZnUIAAJ5CZmaeQs3MnkIzM59CmpmfQgAAoEJmZqBCzcygQrAyoUKamaFC
AACiQmZmokJKzKJCMzOjQheZo0IAAKRC42WkQs3MpEIzM6VCmpmlQgAApkLjZaZCSsymQrAy
p0KamadCiQGoQmZmqELNzKhCMzOpQheZqUJ9/6lCZmaqQs3MqkKwMqtCF5mrQgAArEJmZqxC
SsysQrAyrUIXma1CAACuQuNlrkJKzK5CMzOvQpqZr0IAALBCZmawQs3MsEIzM7FCmpmxQn3/
sULpZrJCzcyyQrAys0KambNCff+zQuNltEJKzLRCMzO1QheZtUJ9/7VC42W2QkrMtkKwMrdC
F5m3Qn3/t0JmZrhCzcy4QrAyuUIXmblCff+5QuNlukJKzLpCMzO7QheZu0J9/7tC42W8QkrM
vEKwMr1CF5m9QgAAvkLjZb5CSsy+QrAyv0IXmb9Cff+/QuNlwEJKzMBCsDLBQheZwUJ9/8FC
ZmbCQkrMwkKwMsNCF5nDQn3/w0KRbcRCzczEQjMzxUKamcVCAADGQmZmxkJKzMZCMzPHQpqZ
x0IAAMhCZmbIQs3MyEIzM8lCmpnJQgAAykJmZspCzczKQjMzy0IXmctCAADMQmZmzELNzMxC
MzPNQpqZzUIAAM5CZmbOQs3MzkIzM89CmpnPQgAA0EJmZtBCzczQQrAy0UKamdFCAADSQuNl
0kLNzNJCsDLTQheZ00IAANRCZmbUQs3M1EIzM9VCF5nVQgAA1kJmZtZCzczWQjMz10IdmtdC
AADYQuNl2ELNzNhCMzPZQpqZ2UIAANpC42XaQs3M2kKwMttCF5nbQgAA3ELjZdxCzczcQjMz
3UKamd1CAADeQmZm3kLNzN5CsDLfQheZ30IAAOBC42XgQs3M4EIzM+FCF5nhQn3/4UJmZuJC
zcziQjMz40IXmeNCff/jQuNl5EJKzORCMzPlQpqZ5UIAAOZCmG7mQs3M5kIzM+dCmpnnQn3/
50LjZehCSszoQrAy6UKamelCff/pQuNl6kJKzOpCMzPrQpqZ60J9/+tCZmbsQs3M7EKwMu1C
F5ntQn3/7UJmZu5CSszuQrAy70IXme9CAADwQuNl8EJo0fBCsDLxQheZ8UIAAPJC42XyQkrM
8kKwMvNCmpnzQgAA9ELjZfRCSsz0QrAy9UIXmfVCff/1QuNl9kJKzPZCMzP3QheZ90IAAPhC
42X4QkrM+EIzM/lCF5n5QgAA+kLjZfpCSsz6QrYz+0IXmftCff/7QuNl/ELNzPxCsDL9QpqZ
/UIAAP5CZmb+QrLd/kI/Nf9Cmpn/QoMAAEMzMwBDZmYAQ5qZAEPNzABDAAABQzMzAUNmZgFD
WJkBQ83MAUMAAAJDMzMCQ2ZmAkNYmQJDzcwCQwAAA0MzMwNDZmYDQ1iZA0OLzANDAAAEQzMz
BENmZgRDmpkEQ83MBEMAAAVDMzMFQ2ZmBUNYmQVDzcwFQwAABkPyMgZDJWYGQ5qZBkPNzAZD
vv8GQzMzB0NmZgdDmpkHQ4vMB0O+/wdDMzMIQ2ZmCENYmQhDzcwIQ77/CEPyMglDJWYJQ5qZ
CUOLzAlDAAAKQzMzCkMlZgpDmpkKQ83MCkMAAAtDMzMLQ2ZmC0OamQtDzcwLQwAADEMzMwxD
ZmYMQ5qZDEOLzAxDvv8MQ/IyDUMlZg1DWJkNQ4vMDUMAAA5DMzMOQyVmDkNYmQ5DzcwOQ77/
DkMzMw9DZmYPQ1iZD0PNzA9Dvv8PQ/IyEENmZhBDmpkQQ83MEEO+/xBDMzMRQyVmEUNYmRFD
i8wRQwAAEkMzMxJDJWYSQ1iZEkOLzBJDAAATQ/IyE0NzaBND55sTQ4vME0MAABRD8jIUQyVm
FENYmRRDi8wUQ77/FEPyMhVDZmYVQ1iZFUOLzBVDvv8VQ/IyFkMlZhZDWJkWQ83MFkO+/xZD
MzMXQ2ZmF0NYmRdDi8wXQ77/F0MzMxhDJWYYQ1iZGEOLzBhDvv8YQzMzGUOoZhlDWJkZQ1bO
GUO+/xlDMzMaQ2ZmGkNYmRpDzcwaQwAAG0MzMxtDZmYbQ5qZG0PNzBtDAAAcQzMzHENmZhxD
mpkcQ83MHEMAAB1DMzMdQ2ZmHUOamR1DzcwdQwAAHkMzMx5DZmYeQ1iZHkPNzB5DAAAfQzMz
H0NmZh9DmpkfQ83MH0MAACBDMzMgQyVmIEOamSBDzcwgQwAAIUMzMyFDZmYhQ5qZIUPNzCFD
AAAiQ/IyIkNmZiJDmpkiQ4vMIkMAACNDMzMjQ2ZmI0MMoiNDzcwjQwAAJEPyMiRDZmYkQ1iZ
JEOLzCRDvv8kQ/IyJUNmZiVDmpklQ83MJUMAACZD8jImQ2ZmJkNYmSZDi8wmQ77/JkMzMydD
x2snQ1iZJ0PNzCdDvv8nQ/IyKEMlZihDmpkoQ83MKEMAAClDMzMpQ2ZmKUNYmSlDi8wpQwAA
KkMzMypDJWYqQ1iZKkPNzCpDvv8qQzMzK0MlZitDmpkrQ4vMK0MAACxD8jIsQyVmLEOamSxD
i8wsQ77/LEPyMi1DZmYtQ1iZLUPNzC1DAAAuQzMzLkMlZi5DWJkuQ4vMLkO+/y5D8jIvQyVm
L0NYmS9Di8wvQwAAMEPyMjBDqGYwQ1iZMEOLzDBDvv8wQ/IyMUNmZjFDmpkxQ4vMMUMAADJD
MzMyQyVmMkNYmTJDi8wyQ77/MkPyMjNDJWYzQ1iZM0OLzDND</AssayXData><AssayYData Points="900">AAAAAEru1bl7sPk52aYVOtXy2jvMFHY7s9HyOZFu0ztBIzY8XDUEPB70IjzXtFI8WTIxPE5c
hzyvT3c8A7yMPLH/bjwD1GY8iZCcPKerTTzPJKA8YaB3PAshpzwmdKo8TpvEPCgGnDwcUdI8
tbbKPJH0zjwlcNE83d3CPIFUvzxI8cM8yg+8PMbD7DzLkLg8l+nTPHCK4TwO9u88KpL5PGk9
5jxJLu48wCL/PBdz/zwla+Q81zkAPXfBAD0I4dc8MrwEPbC1AT2Dkgw9FUIPPb7rEz0Cfwk9
HOYQPaeLCD17Xxs9gkIXPdAIGD3dWCE94GP/PJilHz3k0yY9wW4YPcz1DT1cVCI9tTwNPeUy
IT2u4Cc9j/UcPaBaND0XSTE9Dq8kPWOjKj3L9Cg9V9UzPSCfJD3n+i890Lg1PQdiNT3iNzs9
/cU5PdHDKj1cfjc91SRCPSwfQT1LCj89IOw/PX3rST3XBFM9ALtKPQsETz3T10k9O4pGPVBi
Tj2Se1c98AdTPXpASD2kNEY9QalQPTLkWj2h/Fo92E9WPUEeWT0gaWM9tOhQPc8rXD11ZFI9
+6tfPXzUZz3llVw9Yj5gPR4qWT0DnFs9v79sPTCdWD3nnmc98bVxPQg+cT2qQ109gbBqPTDO
cj2PenY9Eb54PRMZdT3IqW49kPRyPVoiez1p4Xg9PPyFPSswgT2SDYM9S7SAPexNgz0ZhHw9
xjx5PUoxfj1P1IM9dGqDPe+xhT0uy4I9BvuBPXSpeD2XsoU9l9uFPYfNhT0Ny3k9N4CLPSJi
hD1P44s9mFaNPXVnhD2Gq4g9mVCJPbeGjz3sKIk9apSHPYS2jD3t34I9azuMPWHPjj0ghow9
q0KZPbgZjT3dFo09ryyIPY80jz3hHpU9zhmPPYf1kj13ZJc9dRiVPZ+3hD3xaJQ9f+GUPXF4
nD1kTJY9gwKZPT7hlz2nCpE9cneZPSGInT2oLp09wZ2VPcYcpD0v3Zc9zhCXPcR8lj0i2Jw9
YaOaPdMEnz2IzZ89guGcPbLZoj11yaM9fA+jPYLmoT2vZKA9WWWdPf0roz1Gi6U937ukPUwO
nz3DbaA9RNmnPZDPqz1NFKY99VenPeLCqj3AGag9anmrPbLBpj0Gxas9K3u2PU4Foz3lCq09
IPapPRYyrj075689DL+nPXgusz0VQ609JMKtPYBLrD3zH649TCqvPcP9sT29JrM99imuPe4r
tT3sl689YSqwPfl8rT3VX7c9bGSzPT0Atz3iSLA9VaCyPYZEtj3pHbM97wm1PeYfuT2pVbY9
mTy3PfKJuz1Zv7g9HBLAPfsUuj2oUbg9sd22PVKhvz1w6rg9cmDDPYOxrz17zcg9BAjDPYAL
vD0P1709SJO5PaIQwj1NzcA9Wtu+PXXNwT2gLbU9q365PT+Jvz2MscU9c6W5Pa0dxD0GZr49
W9rIPafAyT2uubs9D6XGPbVHzD3BJMI9EQy+PYd2zD14UMM9DDbKPdawyj2rH8k9nie9PTLS
wD1lbcM97G/FPc3Xxz1PyMs9AgXIPVhbzD1K6sQ988rPPStJ0D14X9E9Uum/PWBZ0z1VHsc9
vU/FPRbgzj3J09E9YZPJPRmtzj2RcdY9AirXPX+yyj0/ctA9iL7SPaI0zj23+co9MzHPPZQg
1z05gNU9pWLXPepBzj2oDdc9KjfTPa3pzz0b+Nk91U/WPY5Hzz0eudU9uz/WPYUE1D047tQ9
PljWPUob1T3oadg9UgvSPX5Tzz1Xw9g9z8nTPZR20j3vLN895bXRPdYt3D2d1No9Yy3bPUYd
3D0R2to9bnHePSFf4j3r9Nc9nvjVPUvs4j0FS9Y9tbbgPeBP4D0Iv+I97a/hPXL44j2nsOQ9
k77jPdDF3T0bkeY97XzdPcOi5z2mh+A9r3fkPRqF4D1zLOA91DLhPVdU4T3fFOc9KlLhPU5q
2z1K1uY9OZjlPS6Z7D1t6OU9jv/pPUor7T1z4+49cH/oPcWS5T2DCOg9uqjoPQYk6D2zW+w9
GsHmPTuO6j11lPE9vXzuPX5v6j1dSOs9HW3vPfl77T1u4fA9NyvqPdQV7D1lS+Q9dR7yPXV8
6T0ksO49gpvrPaUG8T3F7O09rHjwPRvh7j3dW/M92uvuPdW28j2bbPo9iyTxPdb87D3f2fg9
GlvyPTQf8D06z/I9YNz5PXun9D2YG/I93grvPaxX8z30r/c98jXwPRNH9z3puPI9Epr+PZgt
9D0kl/c9FL73PZtc+z3D2fU9c8ryPaQ68j185Ps9Ci32PStw9D0R/PU92qL6PQkd+D1UEvw9
gZcAPqqi9D1Bvv09KOf6PfLsAD74uPU9jKL5PR9y/D0XWPs9Cx34PQLF/T0/jAA+j6b9PftQ
/z0NFwA+ip3/PaWA+z2WGwA+77b9Pc3e/T0srAE+z94BPrfgAj5m2wA+W9X7PX3wAD48zP89
bVn3Pd/b/z17qQA+7ML9PQH7AD5xuQE+4gj9PdpOAD6COQI+RKQAPgFeBD5RNQU+EAICPjkK
BD6h3QA+YY0EPngJAz7ZeQI++P0EPjwv/T1TzgQ+kGoGPjirAj4paAM+WZgAPmgPAz5zwwM+
lEsHPnl4AT4qTwE+z34EPvPvAj57uQU+CsEDPqsqCT7BxgU+LKwIPrFJAz7j4QU+tH0CPtws
BD5WlwQ+m7IGPpNOAj6CkQg+kZUFPuk/BT64xAg+TLIGPu0tBT5qyQQ+F2QIPguSCD4c8wo+
WGkJPgFcCz5NHQk+5ekHPk2jCT6Jswc+FOwFPgPyCT6BRAc+wlELPuLhCj6umQs+/NwNPnhM
CT6Hjgk+lcIIPgGhDD6lJwY+WoANPkDWCT6E8Aw+MJkPPuH7Cj6QDgw+brgJPtL4Cj4W+As+
YSwMPrsODz5T4Q0+jTcLPtp8Cz4TNA4+r2ANPvc+ED6YsQ0+MgkMPvDIDT6lPRE+bIYRPpLe
Cz7pog4+uysNPmI3Dj6aFA8+SV4LPjwxDj44lw4+zJgSPuHQDT6ydQw+JoQRPgi1ET7Uqw8+
/aoNPhJqDz4MaxE+dtYRPj7bDz70IQ0+Vn0TPtxyDD5rZww+qVIRPjkUDT6mGAw+5UQQPtPQ
Dz60jBA+T3MRPlgnEj41oBA+KVcNPnraDz7HeRM+OsUPPiz8Ej5ADhA+YbMUPnlEET6HTxU+
x0sXPu+IEz5gSRM+lDcQPs9qEj7xLBQ+wtgXPiz/Ez6F3RY+D4wRPsrBEz6znBE+EBMUPoqU
Ez7q+BQ+spUVPsPpEj5ulhQ+XicWPkjaFj4esBg+SmkUPt95Ez7tBhY+umwWPk4mEz6Rhhc+
3Z8RPi6UFj5dqhU+OCAZPjKiFT6whhc+2YAZPgjwFj75mxM+Bx0VPiLdFz6tAhc+4vcYPhN6
GT4hJRc+LWQWPseCEz6/3xo+PPsaPqpLGT5jZRc+drAZPvbmGj7RnRk+nroYPocKGD4ZxRs+
GMwXPpguFz51Zxg+SmMbPiYHFz7QmBc+/+YXPmADGz4AUBg+E2YaPpo9HT4J9Rg+MjsbPljT
HD6mRhs+qxQdPq94Gz5ELBc+9F0aPtkOGj7S6xs+PXEZPs80GD5zcx8+y2cbPkUYGT5G3hs+
dYkaPko6GT7nnR0+UtEYPs5BGT6VLx4+OqUbPjh0Hj5gKx0++zMbPprcHD4p4B0+zV0YPjzA
Hz7ncBs+NdYePsXvGz4U9Ro+v1oePvbRGz4KJxs+I+IbPtrkHD7KJR0+lRQePp0VGz5qeCA+
ZGsgPsAIHj5xuRs+Mv0ePmqtHz4m7CE+OosfPuReHT7sWx8+HRsgPntpHj7EeiA+HiwhPsx9
Hj5hoCA+awchPvIaID5phCM+OfoePkVmIj6mbCI+FBEfPkCDGz5XwB8+HbEiPph3ID5WciM+
h7YhPlsFIj6x/CI+5eYlPrCuHz7SmB4+Y/QhPsj4IT6WuiM+EhEgPigMIT56eCI+VjciPrLD
JD40riA+JG4iPrs4ID5IDyY+rzwmPpLEID5BrSQ+K+giPh4HIj5JayE+GaUhPpDlJj7pWCI+
v3YkPlVoJT61WyM+hZklPpEBIT6jjCU+2sYjPrePIj6qGyU+UUskPjVdJz7cvyg+I4kmPpQC
Iz5APyU+3nMiPqBtJj5S9SY+dL8kPokuJj7qsyI+TEQpPqtFIj5RiyU+V28kPjFoID7lwyU+
YAUlPuvHKT68wCc+6hgoPhNbKT4wWyY+dWUmPkuCKT5DOCk+HW8mPklVKT5CJSY+QlcpPgbi
KD7dQio+5t0pPgDMLD70cyQ+OwkqPipYKD6vjCk+ai8oPhWRKT532SY+47QpPly9LT7gISU+
dbkqPh9dKD6MVCs+akYrPv8cKT7Bpys+JpsnPsoXKj4QPig+WUAuPsnIKz6wUCw+RWolPgx9
KD7NNyw+3SwoPs6GKT6h3yw+k9EoPmAKKD5X5yg+ZeopPmT+Jz6NGS0+0E4qPg7QLD5fKCw+
QLAuPqRaKz4B0Cw+CBwvPoobLD6wFig+NicrPqsILT6KvC4+MOIpPn4KKz4yci0+lE4vPu65
MT7eEC8+NpMtPm+OLz4eXis+ZXUuPuB5Lj6yqC4+NYwrPh0GLj6v2C4+j7YuPjuuMD6UDCw+
o5gsPq9xLj6RNS0+k9wrPuU3LT7eaS8+Mm0wPg9+Mz7w7jA+53IxPk4ZLz4eRi8+0yYvPnNI
MD6deC0+vsQuPtdVND62TDI+R6otPsznLz6kNDE+zuMvPuKNMT7klzA+hbItPjt5MT4r6iw+
U5IuPs7YMT5dUTA+/okxPrg0MD4sWTA+g+YxPvcZMj42uDE+</AssayYData></Step><Step><CommonData><SampleLocation>2</SampleLocation><SampleID>10mM Glycine pH1.7</SampleID><SampleGroup></SampleGroup><SampleInfo>or other Regeneration solution</SampleInfo><SampleRow>C</SampleRow><SamplePlate>1</SamplePlate><WellType>REGENERATION</WellType><Concentration>-1</Concentration><ConcentrationUnits>µg/ml</ConcentrationUnits><MolarConcentration>-1</MolarConcentration><MolarConcUnits>nM</MolarConcUnits><MolecularWeight>-1</MolecularWeight><Temperature>30</Temperature><StartTime>969225</StartTime><AssayTime>20</AssayTime></CommonData><FlowRate>1000</FlowRate><StepType>CUSTOM</StepType><StepName>condition</StepName><StepStatus>OK</StepStatus><ActualTime>20</ActualTime><CycleTime>0.2</CycleTime><AssayXData Points="100">vv8zQ3QzNEMkZjRDWJk0Q4vMNEN8/zRDsDI1Q+NlNUNYmTVDi8w1Q4sMNkNRODZDJGY2Q5mZ
NkNJzDZDfP82Q/EyN0PjZTdDn5o3Q0nMN0O+/zdD8TI4Q+NlOEMWmThDScw4Q77/OEOwMjlD
42U5QxaZOUNJzDlDfP85Q7AyOkPjZTpDFpk6Q0nMOkODADtDsDI7Q+NlO0MWmTtDi8w7Q3z/
O0OwMjxD42U8QxaZPENJzDxDfP88Q/EyPUPjZT1DFpk9Q0nMPUO+/z1DsDI+Q6hmPkMimz5D
Scw+Q3z/PkOwMj9D6WY/QxaZP0OLzD9DfP8/Q7AyQEPjZUBDFplAQ4vMQEN8/0BDsDJBQ+Nl
QUOZmUFDScxBQ3z/QUPxMkJDJGZCQxaZQkMOzUJDvv9CQ/EyQ0MkZkNDWJlDQ0/NQ0O+/0ND
8TJEQyRmRENemkRDi8xEQ77/REPxMkVDJGZFQ1iZRUOLzEVDvv9FQ/EyRkMkZkZDWJlGQ4vM
RkO+/0ZDdDNHQ+NlR0NYmUdDi8xHQw==</AssayXData><AssayYData Points="100">fbslvp4R372k9KC9LZBovQPQSL1OrVC97RRZvam5Z72R8YK9DR2FvT9ekb1k45y98ZCmvaEd
qL0o8sG9Uhm4vZXSxL2E7NK9amnRvUby1L2YL969K2vlvYzY7r2mEuu9vhTzvWaR872gufe9
HAL/veqkAL7QcQS+sU8IvpidCb6AJQW+GUINvoibDL5d5xC+qfQPvjujE77LXRW+/KMXvkpo
Fr6yfxy+swMfvlCLHL4f2h6+9i4fvhT4H77sASK+racmvlJYJb6hqCS+5oAlviWELL4YZjC+
eskqvqPXML7L1Cy+iJsxvkyRM748QTC+63U4voXCM74jvTW+rec5vhaUOb6xtDi+EnU7vh7P
Or7VCjy+ndE9vllQQL5fuzu+tT1AvmFoQb6jIkS+yzhDviAiRb7mGkW+PZJFvjg1Rr55Zka+
Mw9LvlkhRr6Z1Em+cx1Lvm7mTr5u10q+qPJMvs/eS740W0y+kbZQvhqlUL5N9VK+wipWvl+Y
U76CDVW+NypSvvTIU76+Yle+2+RUvg==</AssayYData></Step><Step><CommonData><SampleLocation>1</SampleLocation><SampleID>Running Buffer</SampleID><SampleGroup></SampleGroup><SampleInfo></SampleInfo><SampleRow>C</SampleRow><SamplePlate>1</SamplePlate><WellType>BUFFER</WellType><Concentration>-1</Concentration><ConcentrationUnits>µg/ml</ConcentrationUnits><MolarConcentration>-1</MolarConcentration><MolarConcUnits>nM</MolarConcUnits><MolecularWeight>-1</MolecularWeight><Temperature>30</Temperature><StartTime>995049</StartTime><AssayTime>20</AssayTime></CommonData><FlowRate>1000</FlowRate><StepType>CUSTOM</StepType><StepName>condition</StepName><StepStatus>OK</StepStatus><ActualTime>20</ActualTime><CycleTime>0.2</CycleTime><AssayXData Points="100">vv9HQ7AySEMkZkhDWJlIQ0nMSEN8/0hD8TJJQyRmSUNYmUlDi8xJQ77/SUPxMkpDJGZKQxaZ
SkOLzEpDfP9KQ7AyS0MkZktDFplLQ0nMS0N8/0tDsDJMQ+NlTENYmUxDScxMQ3z/TEOwMk1D
42VNQxaZTUNJzE1Dvv9NQ7AyTkOuZ05DFplOQ0nMTkN8/05DsDJPQ+lmT0MWmU9DScxPQ3z/
T0OwMlBD42VQQxaZUENJzFBDiQFRQ7AyUUPjZVFDFplRQ4vMUUN8/1FDsDJSQyRmUkMWmVJD
0s1SQ3z/UkOwMlND42VTQ1iZU0NJzFNDfP9TQ/EyVEPjZVRDFplUQ0nMVEN8/1RDsDJVQ+Nl
VUNYmVVDi8xVQ77/VUPxMlZDJGZWQ1iZVkOLzFZDvv9WQ7YzV0MkZldDWJlXQ4vMV0O+/1dD
8TJYQyRmWENYmVhDi8xYQ77/WEPxMllDJGZZQ1iZWUOLzFlDvv9ZQ/EyWkMkZlpDKJxaQ0nM
WkN8/1pD8TJbQyRmW0OZmVtDi8xbQw==</AssayXData><AssayYData Points="100">x9YwPg3v7z1AuK090puDPdzOfT3ZxnI93fh2Pf93aj1JyGQ9tidtPX4DcT31Vnc9bs2HPYTy
iD1xwoM9/tWKPc1Iiz3dMok9AzqKPXPXlj3BN4s93oGMPYrnlD05yJA9oJeJPRoHlz0xEJA9
Ps6YPWkBnT3Y+5Q9FZybPTlrnz10vJw98MWcPdMUoD3r3J89R4SoPbosoj2jr6c9bvyePVBQ
oD1Op6I9OZOqPQVSoD2G76s97+ejPZ8SrT0mWaI91A6vPSFWqT0K2rA9mESqPfqkrT2QJ6s9
hjexPUN+sz2p77E9IZeyPcjZsD0ND7c9rXSzPcNGrT0ER7E9hl2vPZJrrz1Yv7c9OFGxPeGL
sD2UTb89ZHG2PVsasj0yQrk9anuyPRezuj34yrE9v4i7PdjHwD1c97c9vZa3PURJtz38nME9
v7i7PR3AtD1rfLY91Pq+PZHauj002bw9VsK6PVtZwT37B78946LAPaegvD1N+cE9Iq/APXDR
wz3YgLg9nVfDPUMxwz3wor89ydy8PQ==</AssayYData></Step><Step><CommonData><SampleLocation>2</SampleLocation><SampleID>10mM Glycine pH1.7</SampleID><SampleGroup></SampleGroup><SampleInfo>or other Regeneration solution</SampleInfo><SampleRow>C</SampleRow><SamplePlate>1</SamplePlate><WellType>REGENERATION</WellType><Concentration>-1</Concentration><ConcentrationUnits>µg/ml</ConcentrationUnits><MolarConcentration>-1</MolarConcentration><MolarConcUnits>nM</MolarConcUnits><MolecularWeight>-1</MolecularWeight><Temperature>30</Temperature><StartTime>1020697</StartTime><AssayTime>20</AssayTime></CommonData><FlowRate>1000</FlowRate><StepType>CUSTOM</StepType><StepName>condition</StepName><StepStatus>OK</StepStatus><ActualTime>19.999</ActualTime><CycleTime>0.2</CycleTime><AssayXData Points="100">v/9bQ7EyXEPkZVxDF5lcQ4zMXEN9/1xD8jJdQyVmXUNZmV1DSsxdQ7//XUOxMl5DJWZeQxeZ
XkNKzF5Dff9eQ7EyX0PkZV9DF5lfQ0rMX0N9/19D8jJgQ+RlYEMXmWBDSsxgQ33/YEPyMmFD
5GVhQxeZYUNKzGFDff9hQ3UzYkPkZWJDF5liQ0rMYkO//2JD8jJjQ+RlY0MXmWNDks1jQ33/
Y0OxMmRD5GVkQxeZZENKzGRDff9kQ7EyZUPkZWVDF5llQ0rMZUO//2VDsTJmQ+RlZkMXmWZD
jMxmQ33/ZkOxMmdD5GVnQxeZZ0NKzGdDAQBoQ7EyaEMlZmhDWZloQ4zMaEO//2hD8jJpQyVm
aUNZmWlDjMxpQ7//aUPyMmpDJWZqQ1mZakOMzGpDv/9qQ/Iya0PkZWtDWZlrQ4zMa0O//2tD
sTJsQyVmbENZmWxDjMxsQ33/bEPyMm1DJWZtQ1mZbUOMzG1Dv/9tQ/IybkMlZm5DWZluQ0rM
bkO//25D8jJvQyVmb0MXmW9DSsxvQw==</AssayXData><AssayYData Points="100">b56avrXegL61CVO+T2A7vrfhMb7cpCq+Rugrvo1HLb6Nfy2+PZ4vvtJHNL6CBje+Mgs4vhtU
Nb4VTTq+EkE7vkdcQb6hH0C+O+0/vkIKQ74Ovkq+MHlIvhrPS753gka+zgRNvurtSL5w/0m+
q3hNvuR5Tb7crE2+85BPvu4WVr7pllK+78hPvs+hVr4WxlO+I3xUvnNHVb7iMli+nmdTvga5
Vb4GOFi+kbZavipMXb4ygV2+BD1dvkeGXr7bI1++CP9lvkyFYb77k2C+L9RfvjVoZL5vomS+
Jeljvu5PZL5V32O+8/tiviVFZL6cS2W+y9BmvhJFZ76/4Wi+ELRnvjW8Zb4CH2m+j8hnvtRI
Zr4CEG2+TL1mvnx1ar7CnWu+wLtpvoXLa777rmy+xqBvvoJOcL4ydG2+tS11vnB+cr4rdnC+
VqFxvqTPcb6u+HG+LJhyvq6hcr5WQXO+sxtxvuh5d74Q/nO+lytzvis1dr4ca3i+CGR2vpyt
eb4GCny+CTl2viZIer733Xe+5jV8vg==</AssayYData></Step><Step><CommonData><SampleLocation>1</SampleLocation><SampleID>Running Buffer</SampleID><SampleGroup></SampleGroup><SampleInfo></SampleInfo><SampleRow>C</SampleRow><SamplePlate>1</SamplePlate><WellType>BUFFER</WellType><Concentration>-1</Concentration><ConcentrationUnits>µg/ml</ConcentrationUnits><MolarConcentration>-1</MolarConcentration><MolarConcUnits>nM</MolarConcUnits><MolecularWeight>-1</MolecularWeight><Temperature>30</Temperature><StartTime>1046171</StartTime><AssayTime>20</AssayTime></CommonData><FlowRate>1000</FlowRate><StepType>CUSTOM</StepType><StepName>condition</StepName><StepStatus>OK</StepStatus><ActualTime>19.999</ActualTime><CycleTime>0.2</CycleTime><AssayXData Points="100">ff9vQ7AycEPjZXBD1ZhwQ0rMcEM7/3BDbzJxQ+NlcUPVmHFDCMxxQzv/cUNvMnJD42VyQxeZ
ckNKzHJDO/9yQ28yc0OiZXND1ZhzQwjMc0N9/3NDbzJ0Q6JldEPVmHRDCMx0Qzv/dEN1M3VD
42V1QxeZdUMIzHVDO/91Q7AydkOiZXZD1Zh2QwjMdkM7/3ZDsDJ3Q6Jld0PVmHdDCMx3Qzv/
d0NvMnhD42V4Q9WYeENKzHhDff94Q28yeUOiZXlD1Zh5QwjMeUN9/3lDsDJ6Q6JlekPVmHpD
i8x6Q33/ekOwMntD42V7QxeZe0NKzHtDff97Q7AyfEPjZXxDF5l8Q0rMfEN9/3xDsDJ9Q+Nl
fUPVmH1DSsx9Q33/fUOwMn5D42V+QxeZfkNKzH5Dff9+Q28yf0PjZX9D1Zh/Q0rMf0N9/39D
NxmAQ9AygEOLTIBDJGaAQ75/gENYmYBD8bKAQ2rMgEMk5oBDvv+AQzcZgUPxMoFDi0yBQyRm
gUO+f4FDN5mBQ/GygUNqzIFDBOaBQw==</AssayXData><AssayYData Points="100">IG4aPg1nyD13x5k9sfJ2Pf5XZz195U49TKI2PSzgQz3OlEc9TEJcPQlgWD1uS1M96BdYPfq4
Xj0EF2Y9PFRdPdIpWT02Hlo91mljPcDhZT1oCGg9QleDPeP7XT1vnXA9gT2APYoEgD3fPIM9
l8V4PaFyeT37lII9nv+DPXasgj352oI9sY6JPakGgD18ooY9h4+CPeEGgz14coQ9X5iOPc2I
jj1X/oA9ANqHPYFOiz1RH4Y9HWaQPSx4jT1pHpU9SwaWPQyyjj1CupE9gw2JPazTjz0XVI09
UBaNPXTehz08/JU9wyaUPSVhkT1ME5M9yu2OPShqkD1UA5o9Ml2VPbxOkT1dDZc9HsiaPUW7
kj2Hrpo9Ld2aPfZumj23JJc96ASMPf4/mT27XZI9eA6WPQuakz0f25k9dL2XPcFpmT3VEJw9
XA6hPfUjmj0x25s9TaOZPTg8mD1xn5s9CxudPZLSoD3oY589LrufPbcQoj16S6M92xefPQKq
oD13w6E9KsyhPVWLpD1rI6I9FY6hPQ==</AssayYData></Step><Step><CommonData><SampleLocation>2</SampleLocation><SampleID>10mM Glycine pH1.7</SampleID><SampleGroup></SampleGroup><SampleInfo>or other Regeneration solution</SampleInfo><SampleRow>C</SampleRow><SamplePlate>1</SamplePlate><WellType>REGENERATION</WellType><Concentration>-1</Concentration><ConcentrationUnits>µg/ml</ConcentrationUnits><MolarConcentration>-1</MolarConcentration><MolarConcUnits>nM</MolarConcUnits><MolecularWeight>-1</MolecularWeight><Temperature>30</Temperature><StartTime>1071803</StartTime><AssayTime>20</AssayTime></CommonData><FlowRate>1000</FlowRate><StepType>CUSTOM</StepType><StepName>condition</StepName><StepStatus>OK</StepStatus><ActualTime>20</ActualTime><CycleTime>0.2</CycleTime><AssayXData Points="100">nv+BQzgZgkPRMoJDa0yCQ+RlgkN9f4JDF5mCQ9GygkNrzIJDBOaCQ57/gkO7GYNDsDKDQ2tM
g0PkZYNDnn+DQziZg0PRsoNDSsyDQwTmg0N9/4NDFxmEQ7AyhENKTIRD5GWEQ55/hEMXmYRD
sLKEQ2vMhEPk5YRDff+EQxcZhUOwMoVDa0yFQytnhUOef4VDF5mFQ7CyhUNKzIVD5OWFQ33/
hUMXGYZDsDKGQ0pMhkMEZoZDfX+GQxeZhkOwsoZDa8yGQ+TlhkN9/4ZDFxmHQ7Ayh0NKTIdD
5GWHQ31/h0MXmYdDsLKHQ2vMh0Pk5YdDnv+HQxcZiEOwMohDa0yIQ+RliEN9f4hDOJmIQ7Cy
iENKzIhDBOaIQ33/iEM4GYlDsDKJQ2tMiUMEZolDnn+JQziZiUNhtYlDa8yJQwTmiUOe/4lD
OBmKQ9EyikNrTIpDBGaKQ55/ikM4mYpD0bKKQ2vMikME5opDnv+KQzgZi0PRMotDa0yLQwRm
i0Oef4tDOJmLQ9Gyi0NrzItDBOaLQw==</AssayXData><AssayYData Points="100">0FivvjErmL7YP4K+TpZovrh2Wr7FOFi+zKVVvrsDVb7oo1S+x4JWvh6nWb5jh1e+yXNevpqN
YL6fImC+f/5gvrIfY77Xmma+dItjvhtfZ75PMmm+C3VovqjiZr79xWi+E+5qvloLar7tG2y+
nZ5rvpOcbL7Tc2++sH5xvp/Mc76Y7HC+Yrp1vgUXcb63AG++22Z1vt0UfL6YeHK+s3p4vlJY
c74wMHW+PZR5vsAheb4nC3q+Xk52vnRHe777PXy+rFd4vtSkfL7XD3q+KFl8viVYf76mm36+
8ih9vs3gfL75e3y+0lKBvk/Of74pfoC+7ouAvqq+gL5ECYK+giOBvpvPgb5V9YO+BIOBvqXX
gr6XxIK+THaCvku+gb726YK+D3+Bvpyogb565YC+oi2FvodOg74XI4O+u06Gvmg4gr40/4K+
Nq6EviyDhb52lYS+jX+DvhoRhr6xtIS+eVKEvrOOhb4lfIa+/OSGvntIhb6VkoW+F9CFvuhE
hr7Za4a+/OuGviYyhr4lA4e+lP6Gvg==</AssayYData></Step><Step><CommonData><SampleLocation>1</SampleLocation><SampleID>Running Buffer</SampleID><SampleGroup></SampleGroup><SampleInfo></SampleInfo><SampleRow>C</SampleRow><SamplePlate>1</SamplePlate><WellType>BUFFER</WellType><Concentration>-1</Concentration><ConcentrationUnits>µg/ml</ConcentrationUnits><MolarConcentration>-1</MolarConcentration><MolarConcUnits>nM</MolarConcUnits><MolecularWeight>-1</MolecularWeight><Temperature>30</Temperature><StartTime>1097296</StartTime><AssayTime>20</AssayTime></CommonData><FlowRate>1000</FlowRate><StepType>CUSTOM</StepType><StepName>condition</StepName><StepStatus>OK</StepStatus><ActualTime>19.999</ActualTime><CycleTime>0.2</CycleTime><AssayXData Points="100">nv+LQzgZjEPRMoxDa0yMQwRmjEOef4xDOJmMQ7CyjENrzIxDBOaMQ57/jEM4GY1DdTONQ2tM
jUMEZo1Dnn+NQziZjUPRso1Da8yNQ+TljUOe/41DFxmOQ7AyjkNrTI5DBGaOQ55/jkM4mY5D
0bKOQ0rMjkOH5o5Dnv+OQzgZj0PRMo9DSkyPQ4dmj0Oef49DOJmPQ9Gyj0OszI9DBOaPQ57/
j0M4GZBDsDKQQ0pMkEMEZpBDfX+QQxeZkEOwspBDa8yQQwTmkEOe/5BDeRmRQ7AykUNKTJFD
5GWRQyGAkUMXmZFD0bKRQ0rMkUME5pFDff+RQzgZkkPRMpJDa0ySQ21nkkN9f5JDOJmSQ7Cy
kkNrzJJD5OWSQ4oBk0M4GZND0TKTQ0pMk0PkZZNDnn+TQziZk0PRspNDa8yTQ+Tlk0N9/5ND
FxmUQ7AylENKTJRD5GWUQ31/lEMXmZRD0bKUQ0rMlEPk5ZRDnv+UQxcZlUOwMpVDSkyVQ+Rl
lUN9f5VDF5mVQ7CylUNKzJVD5OWVQw==</AssayXData><AssayYData Points="100">1vsVPpk3wz3G14o9rrpPPWM1PD1ljjM9o5kfPQtLIj1r/DM991EwPZqSKT0Rki89mr07PSQI
Pz0jEzs9VqZAPeiWQT3I9kw9htxCPdnyTD3MTkI9fDZpPb8NQT0OkFo9ViZXPU6CXD2eM2M9
+TRWPY7AXT29XFk96d5qPXB2az1q/W49g7dYPXGEbj0+MGs9su1qPfceXT1MOmU9ugVyPZKa
ZD3odXs9mhZxPXuRfj0mImg9Ke56PZtGdj20Z3c9bHZwPVaMbD1QcYA9ewKDPfJshD13TYE9
QvqCPcLcfD349IE9COSBPf5yhD0afII9u7lxPbZYhj3a64M9xTqMPQ/Dhj3l64Q93vSBPW3F
ij0eOoU9fcWJPVNxij1OlYU9xtl/Pd5Hhz2IhoQ94IOOPah3iz0mq4c9nSuIPSKqjj040IM9
jwaKPVeTjz146Iw9CX2HPXsajD0zEIs9ucKJPVXoij3fTIs9rLCPPYrrjD134489JV6OPbmp
lj2kQok9REyOPd/shj2FU4s9YOuMPQ==</AssayYData></Step><Step><CommonData><SampleLocation>3</SampleLocation><SampleID>Running Buffer</SampleID><SampleGroup></SampleGroup><SampleInfo></SampleInfo><SampleRow>C</SampleRow><SamplePlate>1</SamplePlate><WellType>BUFFER</WellType><Concentration>-1</Concentration><ConcentrationUnits>µg/ml</ConcentrationUnits><MolarConcentration>-1</MolarConcentration><MolarConcUnits>nM</MolarConcUnits><MolecularWeight>-1</MolecularWeight><Temperature>30</Temperature><StartTime>1123596</StartTime><AssayTime>120</AssayTime></CommonData><FlowRate>1000</FlowRate><StepType>BASELINE</StepType><StepName>Baseline 120</StepName><StepStatus>OK</StepStatus><ActualTime>120</ActualTime><CycleTime>0.2</CycleTime><AssayXData Points="600">fv+VQ/cYlkOQMpZDKkyWQ8RllkNdf5ZD95iWQ7GylkMqzJZDxOWWQ37/lkP3GJdDkDKXQypM
l0PEZZdDXX+XQ/eYl0OxspdDKsyXQ+Tll0Nd/5dD9xiYQxQzmENLTJhD5GWYQ35/mEMYmZhD
sbKYQ0vMmEPk5ZhDfv+YQxgZmUOxMplDNk6ZQ+RlmUN+f5lDGJmZQ7GymUNLzJlDR+aZQ37/
mUP3GJpDsTKaQ0tMmkPkZZpDfn+aQxiZmkOxsppDbMyaQ+TlmkN+/5pDGBmbQ7Eym0NLTJtD
5GWbQ35/m0Mkm5tDkLKbQ0vMm0Pk5ZtDfv+bQ/cYnEOxMpxDS0ycQ+RlnEN+f5xDGJmcQ7Gy
nENLzJxDxOWcQ37/nEMYGZ1DsTKdQ0tMnUPEZZ1DXX+dQ/eYnUOxsp1DKsydQ+TlnUNd/51D
9xieQ9IynkMqTJ5D5GWeQ11/nkMYmZ5Dl7OeQyrMnkPk5Z5DXf+eQ/cYn0OQMp9DKkyfQ+Rl
n0Off59DGJmfQ7Gyn0NLzJ9D5OWfQ37/n0MYGaBDsTKgQypMoEPEZaBDXX+gQxiZoEOQsqBD
S8ygQ+TloEN+/6BDGBmhQ5AyoUNLTKFDxGWhQ35/oUP3mKFDkLKhQyrMoUPk5aFDXf+hQ/cY
okOxMqJDKkyiQ+RlokN+f6JD95iiQ5CyokMqzKJDxOWiQ13/okP3GKNDkDKjQ0tMo0OIZqND
XX+jQ/eYo0OQsqNDS8yjQ8Tlo0Nd/6ND9xikQ5AypEMqTKRDxGWkQ11/pEP3mKRDkLKkQyrM
pEPk5aRDXf+kQ/cYpUOQMqVDKkylQ8RlpUN+f6VDepmlQ7GypUMqzKVDxOWlQ37/pUP3GKZD
sTKmQ0tMpkPEZaZDXX+mQxiZpkOxsqZDS8ymQ+TlpkN+/6ZDGBmnQ7Eyp0NsTKdD5GWnQ35/
p0MYmadDsbKnQ7PNp0Pk5adDXf+nQxgZqEOxMqhDS0yoQ+RlqENdf6hDGJmoQ7GyqENLzKhD
5OWoQ37/qEMYGalDsTKpQ0tMqUPkZalDfn+pQxiZqUOQsqlDKsypQ+TlqUNd/6lD9xiqQ7Ey
qkNLTKpD5GWqQ35/qkMYmapDkLKqQ0vMqkPk5apDfv+qQ/cYq0MUM6tDS0yrQ+Rlq0Ndf6tD
GJmrQ/Oyq0NLzKtD5OWrQ13/q0MYGaxDkDKsQ0tMrEPkZaxDfn+sQxiZrEOxsqxDS8ysQ+Tl
rEN+/6xDGBmtQ7EyrUNLTK1D5GWtQ11/rUP3mK1DsbKtQyrMrUPE5a1Dfv+tQxgZrkOQMq5D
KkyuQ8RlrkNdf65DGJmuQ5CyrkNLzK5D5OWuQ37/rkMYGa9DkDKvQ0tMr0PkZa9Dfn+vQziZ
r0OQsq9DKsyvQ8Tlr0N+/69DGBmwQ5AysEMqTLBDaGawQ35/sEP3mLBDkLKwQ0vMsEPE5bBD
fv+wQxgZsUOQMrFDKkyxQ+RlsUNdf7FD95ixQ5CysUMqzLFD5OWxQ37/sUP3GLJDWzSyQ0tM
skPEZbJDXX+yQz6askOQsrJDKsyyQ8TlskN+/7JD9xizQ5Ays0MqTLNDxGWzQ11/s0P3mLND
kLKzQyrMs0PE5bNDXf+zQ/cYtEOxMrRDKky0Q+RltEN+f7RD95i0Q5CytENLzLRD5OW0Q37/
tEMYGbVDFDO1Q0tMtUPkZbVDfn+1QxiZtUOxsrVDS8y1Q+TltUN+/7VDGBm2Q7EytkNLTLZD
5GW2Q35/tkMYmbZDsbK2Q0vMtkPk5bZDfv+2QxgZt0OxMrdDS0y3Q+Rlt0N+f7dDGJm3Q7Gy
t0NLzLdD5OW3Q37/t0MYGbhDsTK4QypMuEPkZbhDfn+4QxiZuEOxsrhDS8y4Q+TluENd/7hD
9xi5Q5AyuUNLTLlD5GW5Q35/uUMYmblDsbK5Q0vMuUPk5blDfv+5Q/cYukOxMrpDS0y6Q+Rl
ukNdf7pDGJm6Q7GyukNLzLpDxOW6Q13/ukMYGbtDkDK7Q2xMu0PkZbtDfn+7QxiZu0OxsrtD
S8y7Q+Tlu0N+/7tDGBm8Q7EyvENLTLxD5GW8Q11/vEP3mLxDkLK8QyrMvEPk5bxDfv+8Q/cY
vUOxMr1DKky9Q+RlvUPgf71D95i9Q5CyvUMqzL1DxOW9Q13/vUP3GL5DsTK+QypMvkPkZb5D
fn++Q/eYvkOxsr5DKsy+Q8TlvkNd/75DGBm/QxQzv0MqTL9D5GW/Q11/v0P3mL9DkLK/QyrM
v0PE5b9DXf+/Q/cYwEOQMsBDS0zAQ8RlwEOEgMBD95jAQ7GywENLzMBD5OXAQ13/wEMYGcFD
kDLBQypMwUPEZcFDXX/BQ/eYwUOQssFDKszBQ8TlwUNd/8FD9xjCQ5AywkNLTMJDxGXCQ11/
wkMYmcJDdrPCQyrMwkPk5cJDfv/CQxgZw0OxMsNDS0zDQ+Rlw0N+f8NDGJnDQ7Gyw0NLzMND
5OXDQ37/w0MYGcRDkDLEQypMxEPkZcRDfn/EQxiZxEOxssRDEM3EQ+TlxEN+/8RD9xjFQ7Ey
xUOYTsVD5GXFQ11/xUMYmcVDsbLFQ0vMxUPE5cVDfv/FQ/cYxkOQMsZDS0zGQ+RlxkN+f8ZD
GJnGQ7GyxkMqzMZD5OXGQ37/xkP3GMdDkDLHQ0tMx0PkZcdDXX/HQ/eYx0OxssdDS8zHQ8Tl
x0Nd/8dDGBnIQ7EyyENLTMhDxGXIQ11/yEMYmchDsbLIQ0vMyEPk5chDfv/IQxgZyUOxMslD
KkzJQ+RlyUNdf8lDGJnJQ7GyyUMqzMlD5OXJQ37/yUP3GMpDsTLKQypMykMFZspDhIDKQxiZ
ykOQsspDS8zKQ+TlykNd/8pDGBnLQ7Eyy0NLTMtDxGXLQ11/y0MYmctD87LLQ0vMy0PE5ctD
Xf/LQ/cYzEOQMsxDKkzMQ8RlzENdf8xDGJnMQ7GyzEMqzMxDxOXMQ13/zEP3GM1DkDLNQypM
zUPEZc1DpYDNQ/eYzUOQss1DKszNQ8TlzUNd/81D9xjOQ5AyzkNLTM5DxGXOQ11/zkP3mM5D
kLLOQ0vMzkPE5c5DXf/OQ/cYz0OQMs9DS0zPQ8Rlz0N+f89DWZnPQ5Cyz0NszM9D5OXPQ13/
z0P3GNBDkDLQQypM0EPkZdBDXX/QQ/eY0EOxstBDKszQQ8Tl0ENd/9BDOBnRQ7Ey0UNLTNFD
5GXRQ35/0UMYmdFDsbLRQ0vM0UPk5dFD</AssayXData><AssayYData Points="600">XzldPYbdbD1A3H49a158PbEwcT2mooE9HZCIPevchD1jU4k9ziiDPXiFiT0KWYg9UyWGPXz1
iz1NGYw92oGNPfJ1jD0zUJA985SYPaohkj1hMo49wCuSPeHyiD0jcJI9vN2TPX3QlT2PypE9
F1qJPVWHiz2aPZM9+X6UPXfYlT0Ws5Y9TvCWPf5ikT0MIZo9eWKXPfWGnD3OL5Y9DkGcPfU9
mj0ndpc9VbaXPUhzkT3Xcpk9/9eaPd0+pT2zipk9e5qiPWLPnj2pSJk9K4uhPTYymz02gp89
GtaePRlcoD0qspo9NgadPaQGnz0DW6k9p3WdPWunoD1BG509LYWgPb1woj0mfJo99mukPey3
oT0Ug589HZOnPY8koj3r3KY9pq+kPa4uoD1VT6Y9LHyjPcXupD18C6Q9b3miPTfRqT3hpac9
gm2fPTcWrT1ZiKU9dK6pPUZ6pT3ykaQ97C2pPSBqqz1fra89wv2jPfe9pz0p+KY96OWuPTB/
qT21Uac9bKWmPdr2pT3ujKQ9D5ipPU5Bqz3ieak9wzGwPackqz1af7A95hOzPWCMrz1267A9
Yp6sPeHRqT02sLI9CBayPXlJtz10dbE9hxO2PZGRrz1lnK09xhOqPcLvsT147qw9oXK0PbNY
rz0Y0rM9HrWqPWfpsT1tobM9InexPcCZuT0FpLw9Y0GzPQGosj3hl7A9b8uxPXEhsT0FjLA9
sROuPalYtz3/ULo9FDuvPUsJuD0GirM9/BG3PRfttj0/Bb49I/ivPZhPsD1OHLc94ZO/PWGV
uj0uXLU9wqG5PRB4uD3cZbk9GiDBPZA/uj05HLQ9oeDAPZ8guz2hpb09iOi5PURGuz1PrbE9
CRC6Pe8rtT3EkL09c4q7PYHsvT09Z7w9EuXAPSchtz05BMM940a/Pdrzuz3Qyrs9sci+PVbv
wz1vfsU9yl6+PVxcvj0klr89Yna/PaKpuj1si8g9eB7APUsovz1PoMI9B9C+PXJRvj0iucE9
RmrHPZtaxz0/5L89PHq/Pd0wwj36e8U9NGTCPez/vj2mPsU9hGvAPTtWvj02ucA9PCfAPYqL
wT2ZRcA9fjLKPefAwD1GyMk9/mjMPQ9hxj3o8Mk9ZQfGPR69wT0ns8E9wsDEPe4/wD3HOr89
9HzKPbjnxT1k2cQ9U4XJPaZHxD0Yuso9u5PAPfwh2D3Ag8k99c7FPW1AzT193sM945zJPQDJ
xT1rlcQ951fKPSVKyj0LSs49DUPGPfWWyD23DNQ97qfOPUe21T02N8U9fEvKPd16xz2xutQ9
koLNPVUexz2sx8g9upPJPUrrzT2W4889IGvRPUJK0j0EOcc9YbfNPa+NwT0zwsw97l3RPWmY
0D0UkcY93IfIPWZlzz3qZsw9bhjYPd4azT35B9I93EvNPTCdwT0kN9I9G6jRPW+Ryz2MidA9
BSfPPTEF0j36ytI91yrXPf+60D17M8Y9xg7TPW973D2ans09KLvPPWLFzj05VtE98KPOPTXX
zz1HJ9Q9fFDLPb8tyT3ZYNA9TuDTPbQU3z137tE9OGDWPVYa1T2hKtc9Lk/SPR+H1D0YZdU9
8vTUPbn61D2Ze849hy7VPXtfzz3pAtk94UnTPSkX0j3bPdE9ixXNPd6b1j1t/tI9XsrWPd9i
2T2RdNw9XFnXPdPP2T2DANQ9ss3gPU8W1T3HBNc9ugHYPSWH2z0n9t09TNjUPTgs1j1n6Nw9
RYrSPQOj3D2hidU9gXLVPbFT4T0kbOA9rLLcPbg42D3DNtM9rW3aPSWK1T3Vldo9XEraPV7I
4T256NY9793WPV204j3PctY98TrUPaM81z3GEN89On7mPQ1e6z1pP9o9H4bhPWDA4T1E3uI9
bl/gPQ413j3jlN49qyrpPUCS3z3I1uY9n77qPUwa5z3nGNs9FCTkPbaB4z1HieM9Q0bbPQA6
4T1F1+E9ewXjPQOq4D3UC+A9LvzgPS+35z06GN49xFvjPaH54T3Eeeo9b0XuPQGW6T0VrOA9
senkPVmX5D04V+Q9DVDkPc/t6D0NUOY97NHhPbN95j1GQu09g97lPTPl4T0Lm+k9lm7kPd3b
4z3gpOw963PmPTUN6T0e8uY9VY/lPRdo5z2K0OY9uz3hPZmI7T1QDe49C0rnPcXu6z0nUe49
jYPhPb+k6T1k2eU9IJHrPUC/6D11H/A9n1HnPZoL7z1c8Ok9sibwPZRV9j2Wre09NrjsPVMc
7z2dtOs97MPuPdNc6z3NlPA9/LjpPfZW6D3d7+o9Gl3rPY8z4j1khes9jDrxPfO54z1E2+w9
7FftPYx76j1uHe89RgzxPcJp7T0v2+c9VsToPTef6z0VFuk98lbpPdvh8j35Veg957rxPbRT
6z3X8ug9c+/0PRff7D15neg9xprvPeH76z3a+us9EYLqPcX/6j3h4u89RkHrPRDI5T1qgvU9
EYjvPXfE7T1Buu49AJruPeEX9D30MOM9RlHhPeK88T1/Dew9I0PvPZLn8T2Rm/M9W8PtPTKx
8j2wXvY9HrDrPW5n8T1r1+o90MD6PTIf9j3Yn+g9rcftPVNi8j0mNvM9FvX5PWYZ9j1tp/A9
YtD0PXkc8z3Nke89/fvvPU3v8T2fK/A9MRbxPch2+z1PZfI931n5PX1d9j34Qv49hrX0PZcG
8z0ixfQ9QsDyPTH/9T1BM/k9xznzPV8h+j1uZfs9ejb0PXVs8j1VLfs9pFzxPYVx8T2OC/M9
NsP6PXux8T3ZPP09awf+PQcK8D19vfs9tUj1PbgS9D3y4PY97Rf7PR/o9z2xlPI9e4j5PTSK
8D1JbPU9NfH2PRgP9D3Sc/Q9rcn8Pd5E9T3EEvY9hpH5PVpK+D3I6f89Kwb+PXDm9T3yFwE+
FXnvPaoN/T0bsPg99iz9PWsQ/T0SlP49JaLyPdwG/T1wQv49RWD3PcnuAD4nNPw97Lb/PWCm
/z2bZP09aDL8Pd93+T0SVv09UscAPtpY/T3k8f89ENL9PUge/j28BQI+XKsBPjrk/D2JVwA+
boQAPmmX/z2ZLP89mTj+PSQkAT6prP49j5UBPmjV/D0q1QE+jwf7PQij+j3kDvo93pcAPrg+
Az7tgwE+ic34Pds0Aj7OCvw9W9gBPuVKAj55YwA+MYoAPjM1AD4IIQE+RXwAPtjRBD58Zf49
kKQDPo9m/z3lCQA+2JwDPhnvBD601AA+</AssayYData></Step><Step><CommonData><SampleLocation>8</SampleLocation><SampleID></SampleID><SampleGroup></SampleGroup><SampleInfo></SampleInfo><SampleRow>C</SampleRow><SamplePlate>1</SamplePlate><WellType>KLOAD</WellType><Concentration>-1</Concentration><ConcentrationUnits>µg/ml</ConcentrationUnits><MolarConcentration>-1</MolarConcentration><MolarConcUnits>nM</MolarConcUnits><MolecularWeight>-1</MolecularWeight><Temperature>30</Temperature><StartTime>1252224</StartTime><AssayTime>20</AssayTime></CommonData><FlowRate>1000</FlowRate><StepType>LOADING</StepType><StepName>Loading</StepName><StepStatus>OK</StepStatus><ActualTime>20</ActualTime><CycleTime>0.2</CycleTime><AssayXData Points="100">fv/RQxgZ0kOxMtJDS0zSQ+Rl0kOff9JDGJnSQ7Gy0kMqzNJDxOXSQ37/0kMYGdNDsTLTQypM
00PkZdNDXX/TQ/eY00OxstNDS8zTQ+Tl00Nd/9ND9xjUQ5Ay1EMqTNRD5GXUQ11/1EMYmdRD
kLLUQyrM1EPE5dRDfv/UQxgZ1UOQMtVDKkzVQ8Rl1UN+f9VD95jVQ7Gy1UMqzNVD5OXVQ37/
1UP3GNZDkDLWQypM1kPEZdZDfn/WQ/eY1kP5s9ZDS8zWQ8Tl1kNd/9ZD9xjXQ7Ey10NLTNdD
xGXXQ11/10P3mNdDkLLXQyrM10PE5ddDfv/XQ/cY2EOQMthDKkzYQ+Rl2ENdf9hD95jYQ5Cy
2EMqzNhDBebYQ13/2EMYGdlDkDLZQypM2UPEZdlDXX/ZQ/eY2UOxstlDS8zZQ8Tl2UN+/9lD
9xjaQ5Ay2kMqTNpDxGXaQ11/2kP3mNpDsbLaQ0vM2kPE5dpDXf/aQ/cY20OxMttDS0zbQ8Rl
20N+f9tDGJnbQ7Gy20NLzNtD5OXbQw==</AssayXData><AssayYData Points="100">lvYAPgM7Cz5nCRc+lOMjPtrMLD5avzA+IvA6PrqDQT6YeFA+KqZTPvFzXz7DOGY+VeVuPr3D
dT4OCHs+l2eDPmbJhz7A/ok+WvaNPphvkT5pq5Q+SraYPk9JnT7JVqA+G5ykPskFpz44Uqs+
+XiuPuTpsT76YrY+ixq6PvM2vj7BU8E+/ULDPodMyT4oE8s+96LPPmA00z4sINY+RgjcPspj
3T5q6uA+XtnmPtss6j7Yuu0+3E3wPpBr8j5KPvc+pfL8PiW8/T5i9QE/KMwCPwqLBT+a5AY/
yNYIP1sqCj8mJg0/svwNPysHDz9diRE/pisTP+2sFT8ogRY//bkYP30AGz/KFBw/G/kePzph
Hz/vqiI/obAjP/EOJT+qZyY/WHUoP7XlKz+dHS0/p0IuPwUvMD9l0zE/+jk0P/08NT9xWTY/
n+E4P3vMOj9zejw/ngY/PyCjPz+c60E/o1VEPyvPRD8VbEc/zb1JP6XlSj+OV0s/NwlOPxJY
Tz8eVVE/Kx1UPzaZVT/BSVY/JfVXPw==</AssayYData></Step><Step><CommonData><SampleLocation>9</SampleLocation><SampleID></SampleID><SampleGroup></SampleGroup><SampleInfo></SampleInfo><SampleRow>C</SampleRow><SamplePlate>1</SamplePlate><WellType>BUFFER</WellType><Concentration>-1</Concentration><ConcentrationUnits>µg/ml</ConcentrationUnits><MolarConcentration>-1</MolarConcentration><MolarConcUnits>nM</MolarConcUnits><MolecularWeight>-1</MolecularWeight><Temperature>30</Temperature><StartTime>1281855</StartTime><AssayTime>60</AssayTime></CommonData><FlowRate>1000</FlowRate><StepType>BASELINE</StepType><StepName>Baseline 60</StepName><StepStatus>OK</StepStatus><ActualTime>60</ActualTime><CycleTime>0.2</CycleTime><AssayXData Points="300">fv/bQxgZ3EOQMtxDKkzcQ8Rl3EN+f9xDGJncQ5Cy3EMqzNxD5OXcQ37/3EMYGd1DsTLdQ0tM
3UPkZd1Dfn/dQxiZ3UOxst1DS8zdQ+Tl3UN+/91DGBneQ7Ey3kNLTN5D5GXeQ35/3kMYmd5D
sbLeQ0vM3kPk5d5Dfv/eQxgZ30OxMt9DbEzfQ8Rl30N+f99DGJnfQ7Gy30NLzN9D5OXfQ37/
30MYGeBDkDLgQ0tM4EPkZeBDXX/gQ/eY4EOxsuBDS8zgQ+Tl4EN+/+BDGBnhQ5Ay4UMqTOFD
xGXhQ35/4UMYmeFDsbLhQ0vM4UPk5eFDfv/hQxgZ4kOxMuJDKkziQ+Rl4kN+f+JD95jiQ5Cy
4kNLzOJD5OXiQ37/4kP3GONDkDLjQ0tM40PkZeNDfn/jQxiZ40PSsuNDS8zjQ+Tl40N+/+ND
9xjkQ5Ay5EMqTORD5GXkQ35/5EMYmeRDkLLkQyrM5EPk5eRDfv/kQ/cY5UOxMuVDS0zlQ8Rl
5UN+f+VDGJnlQ7Gy5UMqzOVDxOXlQ37/5UP3GOZDsTLmQypM5kPEZeZDXX/mQ/eY5kOxsuZD
S8zmQ+Tl5kNd/+ZDGBnnQ7cz50MqTOdDxGXnQ35/50Nlm+dDkLLnQyrM50PE5edDXf/nQ/cY
6EOQMuhDKkzoQ8Rl6ENdf+hDGJnoQ5Cy6EMqzOhD5OXoQ13/6EP3GOlDkDLpQ0tM6UPEZelD
XX/pQxiZ6UOQsulDKszpQ+Tl6UNd/+lD9xjqQ5Ay6kMqTOpDxGXqQ11/6kP3mOpDkLLqQ0vM
6kNo5upDfv/qQxgZ60OxMutDS0zrQ+Rl60PAf+tDGJnrQ7Gy60NLzOtDLOfrQ37/60MYGexD
sTLsQ0tM7EOIZuxDfn/sQ/eY7EOxsuxDS8zsQ+Tl7EN+/+xDGBntQ7Ey7UNLTO1D5GXtQ11/
7UMYme1DsbLtQ0vM7UPE5e1DXf/tQ1kZ7kOxMu5DS0zuQ+Rl7kNdf+5DGJnuQ7Gy7kNLzO5D
5OXuQ2MA70MYGe9DsTLvQ0tM70PkZe9DXX/vQxiZ70Oxsu9DS8zvQ+Tl70N+/+9D9xjwQ7Ey
8ENLTPBD5GXwQ35/8EMYmfBD0rLwQyrM8EPk5fBDfv/wQzgZ8UOxMvFDS0zxQ8Rl8UNdf/FD
95jxQ5Cy8UMqzPFD5OXxQ37/8UP3GPJDsTLyQypM8kPEZfJDXX/yQ/eY8kOQsvJDKszyQ+Tl
8kNd//JD9xjzQ5Ay80NsTPND5GXzQ11/80P3mPNDkLLzQyrM80PE5fNDfv/zQxgZ9EOQMvRD
S0z0Q8Rl9ENdf/RD3Jn0Q5Cy9EMqzPRD5OX0Q13/9EObGfVDkDL1QypM9UPEZfVDXX/1QxiZ
9UOxsvVDKsz1Q8Tl9UNd//VD9xj2Q7Ey9kMqTPZDxGX2Q35/9kMYmfZDsbL2Qw/N9kPE5fZD
Xf/2Q/cY90PSMvdDKkz3Q8Rl90N+f/dD95j3Q5Cy90NLzPdDxOX3Q37/90P3GPhDkDL4QypM
+EPEZfhDXX/4Q/eY+EOxsvhDS8z4Q8Tl+EMBAPlDGBn5Q7Ey+UNLTPlD5GX5Q59/+UMYmflD
sbL5Q0vM+UPk5flD</AssayXData><AssayYData Points="300">FW+mPzxCqD/5dqk/cM6qPw6mqj+5/qo/nC6rP744qz9wTKs/9hirP9/Rqz9B36s/IlasP2zU
rD8vfqw/03asP2IIrT+a3Kw/su+sP+GsrD+3ua0/ubGtPxUzrj+gDK4/T1auP0+Arj9QUq4/
f2muP0W7rj/0zq4/IlGvPzLyrj+SU68/CravPyz/rj8DtK8/RuGvP+HMrz/hALA//GewP6gQ
sD+CZbA/pUqwP0lHsD9V+q8/0qCwP8l9sD8AeLA/J7uwPxCysD+TgLA/ReCwP82+sD/7ErE/
ADCxPzgpsT+J6bA/7uiwP7b6sD+ShbE/EPGwP+cWsT/JCLE/PzmxP8glsT/vzLE/ZvaxP050
sT+jH7E/Z2SxP9ZWsT9jsbE/842xP8LysT8xfbE/v6uxP5KxsT9k1rE/gJWxPyYEsj9CYrI/
Mg6yP6jBsT96ULI/pxuyP+bysT92fbI/kG6xP/Eosj+U+7E/s/GxP1RXsj8borE/DT+yPwHD
sT+NUrI/BzCyP1rasT/VZ7I/NOKxP5TAsT+zArI/+B2yP1djsj+eyrE/mkWyPzAHsj98Y7I/
ITuyP64ksj9fQrI/m7qyPyBQsj9CTLI/dpyyP+HcsT+TirI/xECyPzZ6sj9zbrI/w2KyP9Ag
sj96XrI/ZleyP//NsT9hk7I/kz6yP52ksj+PQrI/67qyP49wsj8ArbI/KMKyP3dfsj85JbI/
OzKyP0WQsj+5rrI/31+yP5AMsj8Ac7I/6E6yP/J/sj8LprI/RjiyP3WSsj+XgbI/0YSyP/0+
sj/BI7I/VjSyP7Nfsj8UdLI/vpKyP8JOsj8rrbE/y4CyP3zQsT8rq7I/iziyP46ksj+/XbI/
dwiyPwdUsj8nIbI/NBWyP+CMsj/tmrI/GUiyP28Osj/+nLE/iJKyP9Z+sj/SNbI/BYeyP6VU
sj9MUrI/7TGyPzZXsj9rY7I/6D+yP484sj+mKbI/c0eyPw+lsj/09rE/6oqyP3Ngsj9QVrI/
dm2yPxEesj8apbI/9PexPz8ssj8DeLI/I2SyP4O/sj8M37I/OGCyP8Yjsj9Zg7I/f22yP/05
sj8mrLI/Ck6yP9Ywsj9/4LI/5e6xPzIbsj8tM7I/q5SyP43ysT+VFrI/zm6xPxwnsj9nOrI/
lkqyP0Eesj9JbrI/GEiyP1tlsj9oO7I/oQiyP87CsT+r4LE/L9qyP2ctsj8/tLI/WhWyPzkt
sj9uC7I/pSWyPzQbsj8O7rE/kk+yP5Ahsj9gErI/KjSyPwI1sj8DMLI/6TSyP1bssT+HqrI/
8xayP67qsT9UXbI/fBeyP9HJsT8IDrI/4MmxP4jEsT/DdbE/P9axP/Yvsj/lELI/EwyyP98t
sj/EEbI/+LmxP3e2sT9LBrI/WMyxP6iSsj/FzbE/jVyyPzhFsj/r6rE/BkyyP71jsj8tJrI/
R/ixPyiGsT9Gu7E/29+xPxh3sj9nFLI/f0iyP12fsT/jW7I/UOaxP8cWsj8fq7E/HLixPxDn
sT8uzbE/IeaxP+f2sT8sk7E/F+ixP8LosT9/1LE/+6qxP0+DsT+nT7E/smWxP5OLsT/N9bE/
6xmyPxXpsT9kz7E/</AssayYData></Step><Step><CommonData><SampleLocation>10</SampleLocation><SampleID></SampleID><SampleGroup></SampleGroup><SampleInfo></SampleInfo><SampleRow>C</SampleRow><SamplePlate>1</SamplePlate><WellType>BUFFER</WellType><Concentration>-1</Concentration><ConcentrationUnits>µg/ml</ConcentrationUnits><MolarConcentration>-1</MolarConcentration><MolarConcUnits>nM</MolarConcUnits><MolecularWeight>-1</MolecularWeight><Temperature>30</Temperature><StartTime>1352033</StartTime><AssayTime>20</AssayTime></CommonData><FlowRate>1000</FlowRate><StepType>BASELINE</StepType><StepName>Baseline 20</StepName><StepStatus>OK</StepStatus><ActualTime>20.005</ActualTime><CycleTime>0.2</CycleTime><AssayXData Points="100">fv/5QxgZ+kOxMvpDjEz6Q8Rl+kN+f/pDGJn6Q7Gy+kNLzPpD5OX6Q37/+kMYGftDsTL7Q0tM
+0PEZftDXX/7QxiZ+0OQsvtDS8z7Q+Tl+0Nd//tDGBn8Q7Ey/EMqTPxD5GX8Q35//EMYmfxD
kLL8QyrM/EPk5fxDfv/8Q/cY/UOQMv1DS0z9Q8Rl/UN+f/1DGJn9Q7Gy/UMqzP1D5OX9Q37/
/UM4Gf5D0jL+Q0tM/kPkZf5Dfn/+QxiZ/kOQsv5DS8z+Q+Tl/kNd//5D9xj/Q7Ey/0MqTP9D
xGX/Q35//0P3mP9DsbL/Q0vM/0PE5f9DMgAARHsMAERZGQBEJSYARPIyAES/PwBEe0wAREhZ
AEQlZgBE4nIARK9/AER7jABEWZkARCWmAETysgBEr78ARHvMAERZ2QBEJeYAROLyAESv/wBE
ewwBREgZAUQVJgFE8jIBRK8/AUR7TAFESFkBRCVmAUTicgFEr38BRIyMAUR5mQFEFaYBROKy
AUSvvwFEe8wBRJrZAUQV5gFERPMBRA==</AssayXData><AssayYData Points="100">COmLP/A7hD8yWX8/jc57P+HVeT+liXk/ZWl3P+x7dz9ML3g/KJh3P7speD9g83c/oQd5PzNz
eD8VHXk/XZR4P2IIeT+tfHk/j215P3iBeT+0i3k/E9B4P3yTeT+rgnk/bO15P+2ceT9UcXk/
IVp6P5ZgeT+qAHo/90F5P8soej/97Xo/8iR5PzDVej8mxnk/nxB6Pzgkez/DZno/SwZ7P9dd
eT9ulXk/q8x6P4SdeD+AW3o/PEp6P7deez+bwXs/MGJ6Px3oeT+okHs/gel6PzyHej/EsXs/
QuJ6P8Q5ez9OhXo/A/x6P0NKez/NPXo/iDh6P53iez/D7no/uRh7P1Mvez+JKXs/bXt6P0AD
ez/dl3s/Edd6P708ez9lE3s/BpN6P9TCez8pqno/Nkh7Pwzaej9fqnw/NMt6PyTZez9d+ns/
itd6P00cfT/pYns/prV7Py1Wej+rO3w/IAJ6P/UbfD/CGns/Xk18P01+ez9BZHs/fnt8Py+q
ez+ZR3w/dIR7P9z4ez/jn3s/qgl8Pw==</AssayYData></Step><Step><CommonData><SampleLocation>11</SampleLocation><SampleID></SampleID><SampleGroup></SampleGroup><SampleInfo></SampleInfo><SampleRow>C</SampleRow><SamplePlate>1</SamplePlate><WellType>KSAMPLE</WellType><Concentration>-1</Concentration><ConcentrationUnits>µg/ml</ConcentrationUnits><MolarConcentration>-1</MolarConcentration><MolarConcUnits>nM</MolarConcUnits><MolecularWeight>-1</MolecularWeight><Temperature>30</Temperature><StartTime>1382766</StartTime><AssayTime>120</AssayTime></CommonData><FlowRate>1000</FlowRate><StepType>ASSOC</StepType><StepName>Association</StepName><StepStatus>OK</StepStatus><ActualTime>119.999</ActualTime><CycleTime>0.2</CycleTime><AssayXData Points="600">IQACRN4MAkSrGQJEZyYCRDQzAkQRQAJE3kwCRJpZAkR3ZgJERHMCRBGAAkTNjAJEmpkCRHem
AkREswJEAcACRN7MAkSr2QJEZ+YCRDTzAkQBAANEzQwDRJoZA0R3JgNENDMDRAFAA0TuTANE
mlkDRGdmA0Q0cwNEAYADRM2MA0SamQNEZ6YDRDSzA0QRwANEzcwDRJrZA0Rn5gNERPMDRAEA
BETeDAREmhkERKkmBEQ0MwREEUAERM1MBESaWQREmGYERERzBEQRgAREzYwERJqZBERnpgRE
NLMERBHABETezAREu9kERHfmBERV8wREEQAFRN4MBUSrGQVEdyYFREQzBUQyQAVE3kwFRKtZ
BUR3ZgVERHMFRAGABUTejAVEq5kFRHemBUREswVEEcAFRM3MBUSr2QVEZ+YFRETzBUQRAAZE
3gwGRKsZBkR3JgZERDMGRBFABkTeTAZEq1kGRHdmBkREcwZEEYAGRN6MBkSrmQZEd6YGRESz
BkQRwAZE3swGRKvZBkRn5gZERPMGRAEAB0TeDAdEqxkHRHcmB0RVMwdEAUAHRM1MB0SrWQdE
d2YHRERzB0QRgAdE3owHRKuZB0RnpgdERLMHRBHAB0TNzAdEq9kHRGfmB0Q08wdEEQAIRDAN
CESrGQhEZyYIREQzCEQRQAhE3kwIRKtZCERnZghERHMIRBGACETNjAhEq5kIRGemCEREswhE
EcAIRN7MCESr2QhEd+YIRETzCEQBAAlE3gwJRKsZCURnJglERDMJRAFACUTNTAlE3FkJRGdm
CUQ0cwlEAYAJRM2MCUSamQlEd6YJRDSzCUQRwAlE3swJRJrZCURn5glERPMJRAEACkTNDApE
mhkKRHcmCkQ0MwpEAUAKRM1MCkSaWQpEZ2YKRDRzCkQBgApE3owKRKuZCkRnpgpENLMKRAHA
CkTezApE3NkKROrmCkQ08wpEAQALRM0MC0TcGQtEdyYLRDQzC0QRQAtEzUwLRKtZC0RnZgtE
RHMLRBGAC0TNjAtEq5kLRHemC0REswtEMsALRN7MC0Sr2QtEd+YLRETzC0QRAAxE3gwMRKsZ
DER3JgxERDMMRBFADETeTAxEq1kMRHdmDEREcwxEEYAMRN6MDESrmQxEd6YMRESzDEQRwAxE
D80MRA3aDER35gxERPMMRAEADUT/DA1EqxkNRHcmDUREMw1EEUANRN5MDUSrWQ1Ed2YNRERz
DUQRgA1E3owNRKuZDURnpg1ERLMNRBHADUTezA1Eq9kNRGfmDURE8w1EAQAORN4MDkSrGQ5E
dyYOREQzDkQBQA5E3kwORKtZDkRnZg5ENHMORBGADkTejA5EmpkORGemDkREsw5EQsAORN7M
DkSr2Q5Ed+YORETzDkQBAA9E3gwPRJoZD0RnJg9ENDMPRAFAD0TNTA9Eq1kPRHdmD0Q0cw9E
EYAPRM2MD0SrmQ9Ed6YPRDSzD0QBwA9EzcwPRKvZD0R35g9ERPMPRBEAEETNDBBEqxkQRGcm
EEQ0MxBEAUAQRM1MEESrWRBEZ2YQRERzEEQBgBBE3owQRJqZEERnphBENLMQRAHAEETNzBBE
q9kQRHfmEEQ08xBEAQARRN4MEUSrGRFEZyYRREQzEUQBQBFE3kwRRKtZEUR3ZhFENHMRRAGA
EUTNjBFEmpkRRGemEUQ0sxFEAcARRN7MEUSa2RFEZ+YRRDTzEUQBABJEzQwSRJoZEkRnJhJE
VTMSRAFAEkTeTBJEmlkSRGdmEkQ0cxJEAYASRM2MEkSamRJEZ6YSRDSzEkQRwBJE3swSRKvZ
EkTJ5hJERPMSRBEAE0TeDBNEqxkTRHcmE0REMxNEEUATRN5ME0TcWRNEd2YTRERzE0QRgBNE
3owTRKuZE0R3phNERLMTRBHAE0TezBNEq9kTRHfmE0RE8xNEIQAURN4MFESrGRREdyYURDQz
FEQBQBRE3kwURKtZFER3ZhRERHMURBGAFETejBREmpkURNqmFEREsxREEcAURM3MFESr2RRE
Z+YURDTzFEQRABVE3gwVRKsZFUR3JhVENDMVRBFAFUTeTBVEq1kVRGdmFUQ0cxVEAYAVRM2M
FUSrmRVEd6YVRDSzFUQRwBVE3swVRKvZFUR35hVEhvMVRBEAFkTeDBZEqxkWRGcmFkREMxZE
AUAWRN5MFkSrWRZEd2YWRDRzFkQBgBZE3owWRPyZFkR3phZENLMWRAHAFkTNzBZEq9kWRHfm
FkRE8xZEEQAXRM0MF0SrGRdEdyYXRDQzF0QRQBdEzUwXRKtZF0R3ZhdERHMXRAGAF0TNjBdE
q5kXRGemF0Q0sxdEAcAXRN7MF0Sr2RdEZ+YXRETzF0QRABhEzQwYRJoZGERnJhhENDMYRAFA
GETeTBhEmlkYRGdmGEREcxhEAYAYRM2MGESamRhEd6YYRDSzGEQBwBhEzcwYRJrZGERn5hhE
RPMYRAEAGUTNDBlEmhkZRGcmGUQ0MxlEAUAZRM1MGUSaWRlEd2YZRERzGUQBgBlE3owZRJqZ
GURnphlERLMZRBHAGUTezBlEmtkZRHfmGURE8xlEEQAaRN4MGkSrGRpEdyYaREQzGkQRQBpE
3kwaRKtZGkR3ZhpERHMaRGOAGkTNjBpEq5kaRHemGkRlsxpEpMAaRN7MGkSr2RpEd+YaRETz
GkQRABtE3gwbRKsZG0R3JhtERDMbRBFAG0TNTBtEmlkbRHdmG0Q0cxtEEYAbRN6MG0SrmRtE
d6YbRESzG0QRwBtEzcwbRKvZG0R35htERPMbRBEAHETeDBxEmhkcRHcmHEQ0MxxEEUAcRN5M
HESrWRxEd2YcRDRzHEQBgBxE3owcRJqZHERnphxERLMcRAHAHETezBxEq9kcRHfmHERE8xxE
AQAdRN4MHUT8GR1EZyYdRDQzHUQRQB1EQE0dRJpZHUR3Zh1ERHMdRAGAHUQfjR1Eq5kdRGem
HUQ0sx1EIcAdRM3MHUSa2R1EZ+YdRDTzHUQRAB5E3gweRJoZHkR3Jh5ENDMeRBFAHkTeTB5E
mlkeRGdmHkQ0cx5EEYAeRM2MHkTLmR5EZ6YeRESzHkQBwB5EzcweRJrZHkRn5h5ENPMeRBEA
H0TNDB9EmhkfRHcmH0Q0Mx9EAUAfRM1MH0SaWR9EZ2YfRDRzH0QRgB9EzYwfRJqZH0Rnph9E
ZbMfRAHAH0TNzB9EmtkfRGfmH0RE8x9E</AssayXData><AssayYData Points="600">4rWYP6KYnz+uUqM/ipGlPx8zqD+0Iqo/IzyrP/XErD985K4/AIevP6EbsT/Ia7I/2sqzP7Lp
tD+Ms7U/YYG3P5tNuT/X5rk/20W7P9s2vD+UJr4/sCm/P+gRwD9dgME/+YXCP66Xwz+RIsU/
RHPGP10Sxz+4n8g/0oTJP3Ihyz8DBMw/tc7MPyhmzj+mas8/PrrQP2gM0j/kYtI/9DnTP0/W
1D/88NU/4H3WP8vn1z8gltg/UvzZP5Mi2z+m6ts/xLDcP3Wl3T8+jN4/PZrfP4TX4D/dK+I/
atviPxqf4z+tYeQ/L8XlP+3M5j9L2eY/9sbnP4K36D+xmek/8BDrPy586z9jEuw/APPsP9XN
7T/knO4/rIfvPxYR8D8vWvE//tvxP8v48j9LRfM/Stb0P2Fd9T94jPY/XZv2PyzJ9z8SY/g/
yH75P1x2+j/E0fo/ymP7P03S+z8BHv0/Gt/9P+mH/j+u3f4/aoD/Px8fAEBisgBAnP4AQNeK
AUAIuwFAXygCQO44AkC/lAJAkOYCQDJSA0A1oANAPukDQOs8BEALgQRA5AUFQNMCBUCwggVA
oxMGQAhHBkD8gQZAaNoGQMAaB0B1QQdA6boHQJUhCEBraghAcZkIQCfpCEAgIQlASnkJQEGo
CUDfAwpAZXoKQOB3CkBx2gpAKywLQJ1kC0DnngtAIM4LQHhTDECXgAxAN+IMQNQSDUDySQ1A
BaYNQJ4VDkAkLw5AGzwOQA/sDkBBng5AlRUPQMcfD0Ckxg9Ao/oPQFkdEEAkTBBA/qgQQKCy
EEAU5xBAj0IRQLyTEUCovhFAvPYRQJxFEkAHpxJAZ78SQNHqEkAkUxNAv2ITQPfaE0AWuRNA
LPgTQIpGFEDBcBRAq3AUQBL8FEDCUBVA2EQVQPyQFUDVsRVARPIVQOklFkDKpBZAQ9UWQNnF
FkCQChdATWYXQHFQF0C8xhdAIr8XQJLpF0AsXRhA4WsYQBWjGECJ3BhA7VcZQMJNGUBjYhlA
PJcZQKLbGUAZKxpAHjIaQMduGkC5mRpAgfgaQNUfG0CTKBtAv0kbQLfGG0B5rRtAld0bQGAK
HECPShxA+JwcQF7THEBNthxAzqscQPtDHUA7eh1Al1EdQJ/LHUBVrR1Ak+AdQI86HkBCXx5A
uJUeQCmPHkCh7x5AZxsfQHElH0DmMB9AjYIfQC6bH0CDxR9AJdEfQIEBIECHOiBAJ7cgQCty
IEDZsyBA1KQgQIEAIUC4LiFA4oghQHR2IUBBuCFAg70hQKjhIUAP9yFAbzgiQIx1IkDsoCJA
KtAiQNPPIkC4FiNAu/EiQCNVI0CpgCNA9acjQG2qI0Bl/CNAbuojQKP7I0AfMyRAS18kQFKL
JEDvjCRAfrYkQM/3JED3QCVAdmYlQI18JUCBrSVAdcMlQNPGJUAi8CVALRQmQIM/JkBrTyZA
9kEmQKVkJkBiziZAaAgnQKHYJkBYLCdAjmcnQHRmJ0DseSdAdsgnQO/bJ0Cu2ydA5REoQIgb
KECwCShAgI4oQLWcKEAHzyhAl+8oQFHIKEDb4ShA01spQGT/KEARSilAZYEpQPLJKUAW2ClA
PeUpQLXpKUCAEypA9nAqQIOWKkBSZCpAb44qQPjOKkChDytA5BsrQE0oK0AMLitA3lIrQFUO
K0AvBitARrsrQMbSK0COtStAvxEsQAHjK0BjYyxAx1ksQIK6LED8gCxAz9UsQEzNLEDP3ixA
bO8sQKwRLUCwPi1AYywtQF1rLUCFmS1A2IMtQCGvLUD7DC5AvOYtQDwoLkBmVC5AYwguQJmc
LkBf0C5ADmYuQFGbLkBU7i5AfJkuQOSrLkCQDi9AHSgvQOIUL0B3bi9A6XIvQDeSL0CocC9A
jNYvQJICMEDRLzBAH9svQDEAMEBwVDBANHYwQNqSMEBKmzBACNEwQF9yMEBYCDFAcwsxQEHC
MEB1LjFA7k8xQAuSMUAXiTFAjIQxQIeYMUBW4DFA6+wxQNrJMUCJ6zFAj+oxQA8zMkBtRzJA
4YQyQGJOMkD+ajJAbm0yQB7fMkCuBDNAnfMyQC0EM0BTOTNAe5UzQK1aM0AVYzNAO2EzQD6S
M0BNmjNAnc8zQIgRNEAH8TNADsQzQAU2NEAkFDRAnTk0QDVdNEAinDRArHA0QI19NEBGiTRA
2ts0QJ4KNUCV4TRAkGE1QF8LNUCbfDVABkA1QE17NUDKnDVA8qQ1QFDMNUBahjVAicw1QGQE
NkDzwDVA/s01QMXYNUBFJzZA2TI2QGtbNkDLJDZAs342QNN4NkDKiDZAg5U2QBHGNkAwlTZA
vAQ3QBo0N0CEDDdAJC43QHxeN0AJUzdAXT03QL2LN0CExDdAJHI3QHvQN0CpyDdAk9k3QBP2
N0CNwDdAYiE4QHkuOECuMjhAxjo4QK80OEBzNDhAdKU4QMR6OEDnPThARo44QHb7OEB0/ThA
SfU4QBEKOUC/czlATVs5QKYqOUDYRjlASpY5QN9zOUB/jjlAeIo5QAecOUDkBDpAx4Q5QN0E
OkAkBTpAyw06QFU2OkA2QTpAth86QKZiOkBaajpAemM6QDudOkDuljpA4qs6QBXgOkACxDpA
dvU6QNX0OkCe/zpA+eY6QOkqO0CDNztAfyU7QGZLO0BzfTtA16w7QKt9O0BK3TtAPpo7QAMU
PEBY+DtAK9k7QN8gPEBSDzxAARg8QEEcPEC1RzxAkVs8QLo9PEDnmDxAKnw8QB69PEB2fDxA
ar08QASpPEDp5jxABCo9QL4lPUCKBz1AQBA9QCgDPUAQgj1A82g9QKyKPUBTJz1AtL89QHPF
PUCdkj1Artc9QIaqPUBGAD5AZwc+QInMPUAAAj5AVN09QMxKPkDRIT5AZgo+QJ1sPkBQej5A
yLE+QHq1PkDCqD5AT7I+QBjSPkDj+j5Ag+I+QEH+PkA4+T5AQOc+QFY5P0DmKz9AwUc/QOVA
P0BTLD9Aj1c/QLSHP0Clpz9AEHw/QPTEP0Bm4T9AhZQ/QGUDQEDFxT9AzQtAQFYPQEBDxD9A
HPc/QBRyQEDFK0BA31VAQHJkQECCbEBAbr5AQDd6QECDeUBA1ptAQIWVQEDMyEBAJvlAQHbY
QECC4kBAGgRBQB4CQUA4TEFA8VZBQFImQUBNQ0FAu3NBQCZGQUAJRkFAgXxBQOKuQUBuhUFA
DYtBQPMSQkCjGUJAtchBQPgLQkAHCEJA</AssayYData></Step></KineticsData></ExperimentResults>
