<?xml version="1.0" encoding="UTF-8" standalone="yes"?>
<ExperimentResults><ExperimentInfo Name="20250917 PE P5216 - 5377 plate 1 kappa 50 ugl"><ExpDescription>AHC example method - full characterization&#13;
Analyte titration series with reference channel</ExpDescription><RTDVersion>2.0</RTDVersion><RunID>3B9E1F69-E451-4552-8C9D-CFED4D62EEC8</RunID><ExperimentType>KINETICS</ExperimentType><ExperimentSubType>KBASIC</ExperimentSubType><StartDateTime>2025-09-17T15:12:20</StartDateTime><MachineName>BN7KX12</MachineName><UserName>octet</UserName><LotNumber></LotNumber><PlateName>250917</PlateName><PlateName2></PlateName2><SensorName>G4</SensorName><SensorPlate>1</SensorPlate><SensorType>AHC (Anti-hIgG Fc Capture)</SensorType><SensorRole>LIGAND</SensorRole><SensorInfo></SensorInfo><WritingSW>DataAcquisition.exe 11.0.2.1</WritingSW><InstrumentType>OctetRED96</InstrumentType><InstrumentSerial>FB-50284</InstrumentSerial><InstrumentFW></InstrumentFW><IntegrationTime>2.5</IntegrationTime><DSPType>CPF</DSPType><DSPStitching>1</DSPStitching><HasManifest>1</HasManifest><InfoHash>268837178</InfoHash></ExperimentInfo><AssayParamsInfo/><KineticsData><Step><CommonData><SampleLocation>1</SampleLocation><SampleID>Running Buffer</SampleID><SampleGroup></SampleGroup><SampleInfo></SampleInfo><SampleRow>G</SampleRow><SamplePlate>1</SamplePlate><WellType>BUFFER</WellType><Concentration>-1</Concentration><ConcentrationUnits>µg/ml</ConcentrationUnits><MolarConcentration>-1</MolarConcentration><MolarConcUnits>nM</MolarConcUnits><MolecularWeight>-1</MolecularWeight><Temperature>30</Temperature><StartTime>613075</StartTime><AssayTime>180</AssayTime></CommonData><FlowRate>1000</FlowRate><StepType>BASELINE</StepType><StepName>Baseline 1</StepName><StepStatus>OK</StepStatus><ActualTime>179.999</ActualTime><CycleTime>0.2</CycleTime><AssayXData Points="900">AAAAAM3MTD7NzMw+mpkZP0SLTD8AAIA/mpmZPzMzsz8IrMw/okXmPwAAAEBqvAxAmpkZQARW
JkDRIjNAAABAQM3MTEA3iVlABFZmQNEic0AAAIBANV6GQM3MjEACK5NAaJGZQM/3n0BmZqZA
nMSsQDMzs0BokblAz/e/QDVexkCcxMxAMzPTQJqZ2UDP999ANV7mQJzE7EACK/NAaJH5QM/3
/0AzMwNBTmIGQYGVCUG0yAxB5/sPQTMzE0FOYhZBgZUZQbTIHEHn+x9BMzMjQU5iJkGBlSlB
tMgsQef7L0EzMzNBTmI2QYGVOUG0yDxB5/s/QRsvQ0F/akZBmplJQbTITEHn+09BGy9TQWZm
VkGamVlBzcxcQQAAYEEzM2NBZmZmQZqZaUHNzGxBAABwQTMzc0FmZnZBmpl5Qc3MfEEAAIBB
mpmBQTMzg0HNzIRBZmaGQfT9h0GamYlBMzOLQc3MjEFmZo5BAACQQZqZkUEzM5NBzcyUQWZm
lkH0/ZdBmpmZQTMzm0HBypxBZmaeQQAAoEGNl6FBMzOjQc3MpEFmZqZBAACoQY2XqUEzM6tB
zcysQWZmrkEAALBBjZexQTMzs0HNzLRBZma2QQAAuEGamblBMzO7QcHKvEFmZr5B9P2/QZqZ
wUEzM8NBzczEQVpkxkEAAMhBmpnJQScxy0HNzMxBZmbOQQAA0EGNl9FBJzHTQc3M1EFaZNZB
AADYQZqZ2UEzM9tBwcrcQWZm3kH0/d9BjZfhQTMz40HByuRBZmbmQfT950GNl+lBJzHrQcHK
7EFaZO5B9P3vQY2X8UEzM/NBzcz0QVpk9kEAAPhBjZf5QTMz+0HNzPxBWmT+QQAAAELHywBC
mpkBQmZmAkIzMwNC+v4DQsfLBEKamQVCZmYGQjMzB0L6/gdCx8sIQpqZCUJgZQpCLTILQvr+
C0LNzAxCmpkNQmBlDkIzMw9C+v4PQs3MEEKTmBFCZmYSQi0yE0L6/hNCx8sUQpOYFUJgZRZC
LTIXQvr+F0LHyxhCk5gZQmBlGkIzMxtC+v4bQsfLHEKTmB1CYGUeQi0yH0L6/h9Cx8sgQpOY
IUJgZSJCOTQjQvr+I0LHyyRCmpklQmZmJkIzMydCAAAoQs3MKEKamSlCZmYqQjMzK0IAACxC
zcwsQpqZLUJmZi5CMzMvQgAAMELNzDBCmpkxQmZmMkIzMzNCAAA0Qs3MNEKamTVCYGU2QjMz
N0IAADhCzcw4QpqZOUJmZjpCMzM7QgAAPELNzDxCk5g9QmZmPkIzMz9CAABAQs3MQEKamUFC
ZmZCQjMzQ0L6/kNCzcxEQpqZRUJmZkZCMzNHQvr+R0LNzEhCk5hJQmZmSkIzM0tCAABMQs3M
TEKamU1CZmZOQjMzT0L6/k9CzcxQQpqZUUJmZlJCMzNTQgAAVELNzFRCmplVQmBlVkIzM1dC
+v5XQs3MWEKTmFlCZmZaQjMzW0IAAFxCx8tcQpOYXUJmZl5CMzNfQgAAYELHy2BCmplhQmBl
YkIzM2NC+v5jQs3MZEKamWVCYGVmQjMzZ0L6/mdCzcxoQpqZaUJgZWpCMzNrQvr+a0LNzGxC
k5htQmZmbkIzM29C+v5vQs3McEKamXFCYGVyQi0yc0IAAHRCx8t0QpOYdUJgZXZCLTJ3Qvr+
d0LHy3hCmpl5QmBlekIzM3tC+v57QsfLfEKTmH1CYGV+Qi0yf0L6/n9CZmaAQkrMgEKwMoFC
F5mBQn3/gULjZYJCSsyCQrAyg0IXmYNCff+DQuNlhEJKzIRCsDKFQheZhUJ9/4VC42WGQkrM
hkIzM4dCmpmHQn3/h0LjZYhCzcyIQrAyiUKamYlCff+JQuNlikLNzIpCMzOLQheZi0IAAIxC
ZmaMQs3MjEIzM41CmpmNQgAAjkJmZo5CzcyOQjMzj0KamY9CAACQQmZmkELNzJBCMzORQpqZ
kUIAAJJCZmaSQs3MkkIzM5NCF5mTQgAAlEJmZpRCzcyUQjMzlUKamZVCAACWQmZmlkLNzJZC
sDKXQpqZl0IAAJhCZmaYQs3MmEIzM5lCmpmZQgAAmkJmZppCzcyaQjMzm0KamZtCAACcQmZm
nELNzJxCMzOdQheZnUIAAJ5CZmaeQs3MnkIzM59CmpmfQgAAoEJmZqBCzcygQrAyoUKamaFC
AACiQmZmokJKzKJCMzOjQheZo0IAAKRC42WkQs3MpEIzM6VCmpmlQgAApkLjZaZCSsymQrAy
p0KamadCiQGoQmZmqELNzKhCMzOpQheZqUJ9/6lCZmaqQs3MqkKwMqtCF5mrQgAArEJmZqxC
SsysQrAyrUIXma1CAACuQuNlrkJKzK5CMzOvQpqZr0IAALBCZmawQs3MsEIzM7FCmpmxQn3/
sULpZrJCzcyyQrAys0KambNCff+zQuNltEJKzLRCMzO1QheZtUJ9/7VC42W2QkrMtkKwMrdC
F5m3Qn3/t0JmZrhCzcy4QrAyuUIXmblCff+5QuNlukJKzLpCMzO7QheZu0J9/7tC42W8QkrM
vEKwMr1CF5m9QgAAvkLjZb5CSsy+QrAyv0IXmb9Cff+/QuNlwEJKzMBCsDLBQheZwUJ9/8FC
ZmbCQkrMwkKwMsNCF5nDQn3/w0KRbcRCzczEQjMzxUKamcVCAADGQmZmxkJKzMZCMzPHQpqZ
x0IAAMhCZmbIQs3MyEIzM8lCmpnJQgAAykJmZspCzczKQjMzy0IXmctCAADMQmZmzELNzMxC
MzPNQpqZzUIAAM5CZmbOQs3MzkIzM89CmpnPQgAA0EJmZtBCzczQQrAy0UKamdFCAADSQuNl
0kLNzNJCsDLTQheZ00IAANRCZmbUQs3M1EIzM9VCF5nVQgAA1kJmZtZCzczWQjMz10IdmtdC
AADYQuNl2ELNzNhCMzPZQpqZ2UIAANpC42XaQs3M2kKwMttCF5nbQgAA3ELjZdxCzczcQjMz
3UKamd1CAADeQmZm3kLNzN5CsDLfQheZ30IAAOBC42XgQs3M4EIzM+FCF5nhQn3/4UJmZuJC
zcziQjMz40IXmeNCff/jQuNl5EJKzORCMzPlQpqZ5UIAAOZCmG7mQs3M5kIzM+dCmpnnQn3/
50LjZehCSszoQrAy6UKamelCff/pQuNl6kJKzOpCMzPrQpqZ60J9/+tCZmbsQs3M7EKwMu1C
F5ntQn3/7UJmZu5CSszuQrAy70IXme9CAADwQuNl8EJo0fBCsDLxQheZ8UIAAPJC42XyQkrM
8kKwMvNCmpnzQgAA9ELjZfRCSsz0QrAy9UIXmfVCff/1QuNl9kJKzPZCMzP3QheZ90IAAPhC
42X4QkrM+EIzM/lCF5n5QgAA+kLjZfpCSsz6QrYz+0IXmftCff/7QuNl/ELNzPxCsDL9QpqZ
/UIAAP5CZmb+QrLd/kI/Nf9Cmpn/QoMAAEMzMwBDZmYAQ5qZAEPNzABDAAABQzMzAUNmZgFD
WJkBQ83MAUMAAAJDMzMCQ2ZmAkNYmQJDzcwCQwAAA0MzMwNDZmYDQ1iZA0OLzANDAAAEQzMz
BENmZgRDmpkEQ83MBEMAAAVDMzMFQ2ZmBUNYmQVDzcwFQwAABkPyMgZDJWYGQ5qZBkPNzAZD
vv8GQzMzB0NmZgdDmpkHQ4vMB0O+/wdDMzMIQ2ZmCENYmQhDzcwIQ77/CEPyMglDJWYJQ5qZ
CUOLzAlDAAAKQzMzCkMlZgpDmpkKQ83MCkMAAAtDMzMLQ2ZmC0OamQtDzcwLQwAADEMzMwxD
ZmYMQ5qZDEOLzAxDvv8MQ/IyDUMlZg1DWJkNQ4vMDUMAAA5DMzMOQyVmDkNYmQ5DzcwOQ77/
DkMzMw9DZmYPQ1iZD0PNzA9Dvv8PQ/IyEENmZhBDmpkQQ83MEEO+/xBDMzMRQyVmEUNYmRFD
i8wRQwAAEkMzMxJDJWYSQ1iZEkOLzBJDAAATQ/IyE0NzaBND55sTQ4vME0MAABRD8jIUQyVm
FENYmRRDi8wUQ77/FEPyMhVDZmYVQ1iZFUOLzBVDvv8VQ/IyFkMlZhZDWJkWQ83MFkO+/xZD
MzMXQ2ZmF0NYmRdDi8wXQ77/F0MzMxhDJWYYQ1iZGEOLzBhDvv8YQzMzGUOoZhlDWJkZQ1bO
GUO+/xlDMzMaQ2ZmGkNYmRpDzcwaQwAAG0MzMxtDZmYbQ5qZG0PNzBtDAAAcQzMzHENmZhxD
mpkcQ83MHEMAAB1DMzMdQ2ZmHUOamR1DzcwdQwAAHkMzMx5DZmYeQ1iZHkPNzB5DAAAfQzMz
H0NmZh9DmpkfQ83MH0MAACBDMzMgQyVmIEOamSBDzcwgQwAAIUMzMyFDZmYhQ5qZIUPNzCFD
AAAiQ/IyIkNmZiJDmpkiQ4vMIkMAACNDMzMjQ2ZmI0MMoiNDzcwjQwAAJEPyMiRDZmYkQ1iZ
JEOLzCRDvv8kQ/IyJUNmZiVDmpklQ83MJUMAACZD8jImQ2ZmJkNYmSZDi8wmQ77/JkMzMydD
x2snQ1iZJ0PNzCdDvv8nQ/IyKEMlZihDmpkoQ83MKEMAAClDMzMpQ2ZmKUNYmSlDi8wpQwAA
KkMzMypDJWYqQ1iZKkPNzCpDvv8qQzMzK0MlZitDmpkrQ4vMK0MAACxD8jIsQyVmLEOamSxD
i8wsQ77/LEPyMi1DZmYtQ1iZLUPNzC1DAAAuQzMzLkMlZi5DWJkuQ4vMLkO+/y5D8jIvQyVm
L0NYmS9Di8wvQwAAMEPyMjBDqGYwQ1iZMEOLzDBDvv8wQ/IyMUNmZjFDmpkxQ4vMMUMAADJD
MzMyQyVmMkNYmTJDi8wyQ77/MkPyMjNDJWYzQ1iZM0OLzDND</AssayXData><AssayYData Points="900">AAAAAIvdSDv5FDo7x38DPPSb9zt5EBY8s4X2Oz71KTyzjRw829BTPHxWbjwj+Vo8KE6KPFqb
Ujyt3IM8wx5rPIUOiTyFwow8RA2SPEMWoTym1pc8j9yjPNHHrzyM46o8fTSpPC7uqjxzXLg8
UpnWPKNlyTwFMNo8+pDuPA/+wTwbtOU8klTSPF0m+DwLNuU8KG39PHfCAj1DbAA9dvjvPJMr
7jysxQU9f0z/PEfS/zw73Qs9HnoIPU8I8zxG9gw9i2QIPTg3FD2cKxI91PcUPfCXFz0Grxg9
D9ETPSCdFz3ABSE9QVgcPROvHj0LrSU9hlUwPV42Mj3yyiU97VIgPYjFMz0GrzU9TKIlPbm2
FT2URDQ9bUMsPaAKLj1AKjA9zWw6Pcu9MD2vvz49KRs+PS/uPT3vtjc9FHlIPY7JST3dGUI9
Ob49PQNPRD02wUU9eno/Pe9qPD2VSUg9XgVZPbUvSD3I7lg9pno6PewXPz22YEY988pTPQI1
Tj37FEY9s/RUPXhVXz3xdmc97fJOPQBLSz0z2mY9hRNrPcuvYj3RJ2E9zVBXPcgRYz1xbG89
TgFmPQTUXD2suGI9nAt+PSFycD1NmG09cPVuPYtbZT3nFmk9Ho93PU1RcT35mmo9WfSAPbpW
fz2Qw3w9I/B7PXjagD2i73A97l5xPVhqgD29dHQ9lbGAPWXyej3m1IE9IFV0PZ7Hgz1Sc4A9
taKCPZZIgz3BXoY9J9OEPSFihj0ZeHo9YaCDPWc/hj272Ic9Jh+MPWjqiz0c04Q9RFmNPQDi
ij3e7Y09QfCPPeLGjz2jcIw9GECLPc52iD0ftI49F8aIPcSajz1lyY89NeOKPbLikT0vNpU9
7KOQPXZDlT2TdJo9v/qVPXH/kz1YcZc9lWiRPdjDlT1PS5A9NTKaPVBpmD2495k9TYuWPSsZ
nD3bg5k9WDSiPeMvlD3fY5o9waKZPSj1lj1mm5k9WvKUPeuDoD3EVZ09H0SdPSWqlD3N0qc9
UACjPbRwpT0PxKA9qG6cPfpSoT3aK6I9zQ+nPXnaqD0Ao6E9lN2nPUgyoD2P5KM9KVObPTN5
qz1/lKo94bilPV5zqz1DwKc9LSmfPaOhrT1nEq89xHynPWODqT1cBqU9jPmqPYj7qj0dCq09
x6CpPYkUsD0tnK094FGmPa6crD0iKq493KyyPTE6tj07/7c9Eg24PVZQsz2ttbg9KXGtPaBI
rD17YLQ9/mq1PYvHsD1pP7Y9try+PTxMuj2mQr09MqS7PSqEsj32lrc9sVi3PTYtuD3e2bo9
pSa3PedyuT1wuL49mm7BPXoZwD3vdLk9cNC8PXjvuz3F2r49U1++PTiOuj0sOrk9YfK+Pc2c
wj11MsQ9WsTAPQ/yxT1Hm7w9p73CPXsRwz1zR8A9S4PHPa0Nvz30csk9uSjBPQEuvD2I1sc9
sp3NPQsfxD3FMsU999vJPdjRwz3pJMo9w8HGPQv5xj0UJ8k9bfnKPVMyyz1F1tY9j+TIPWWb
yD1Af8g92K3MPRvWzD1D3Mw9pVHOPRKkxz3YXso9xeLNPeSBzD2g+809J7TFPYEbyz0Oc9A9
5GTJPcQL0j3mb8k93tnMPU7Y0z1/4NI9cJ3VPRjPxz3kodE9ytfSPT9nzj2Pcs09QajOPZ7h
1j1soNE9Sp7MPc/h2j0+TdY9GRzaPdT51j3zx9s98TnaPcM40j2ZE9I9ITfTPaN02j0Um8w9
F9DSPXX+1T0I1tE9TTXdPSzg4j35idc9tb7LPT1G2D18kds9AQ7ZPQvb0z2YDNg9K+PdPZbx
2z1YKN49vaTXPS2E4D3cceI9SjHiPYS33j2rjeM9VAbnPTJq4z3AQ+Y9TV7gPYrA4D1HDts9
sRXkPeXW4j2XXuI9ACDnPcpg4j2XYOE91APrPUO+7D0LfOw9PBnoPRsz5T3Foeg9xDTlPeN0
5j3OBN89qYjlPY3/6j3SHug9qebnPS8S6D32HO093dLmPe2H6z09zuY9eTzvPetU7j2i+fM9
kDLpPbyY8z0Arus9niPtPaRe6z3o8u09zU7sPXPv8j2OXOw9uqT2PVsp7j2ktvQ9QPn2PRyz
7z3dw/c9/bnxPTFS9T1drvA9axXwPb6q9T29MPM9tE/2Pf/u9j38sPY9BD3xPcVS+T2ws/c9
mE30PT848D1vA/s93zMAPsZT9j0ukfc9Hsf2PeJj+D1ZFPw9YmjxPT3h9D2VR/89HNf2Pb7E
/D2iWwA++PD8PYzy9z0zr/o9KH/4PaWy+j1dpP09Ox4APsdQ/T2Q0wA+qCL8PZcd9j1h0QE+
88X+PQpW/D2Fhfo9Z8gAPkX9/T2QmgI+rHL7PTurAT5O0wA+voT+PbMT/z1FQwA+jI4DPgM9
/j2JVgM+PDX8PUHlAD7Prfk9WIcCPlj5AT5+WgI+clQDPjwdAj7KSwI+K/v8PQSIAj61awQ+
HxgBPj9fAT5jbQA+7MkFPjjT/z0zWgM+pmoCPmlEBz59+wU+4vYCPuO9Az4mGAE+MPIGPrPD
Az4LHQM+8bkFPumsBD4k6AY+qOsBPiQK/z2znAM+nSUGPut/BD6RhwM+fkgIPmGlBz4efAU+
qq4GPjGdBz7i7wY+hO8DPvNICD7dkgQ+G6oHPlWyBj4UbAY+/TsGPsscDD4JSAY+1tgFPg/y
Bj5/hgw+Vp0JPqSkBj5/qQg+ReUHPlJICj7uNQg+OKUMPgVdCj5Rpgg+n2cLPr15Cj6XFwc+
U2IJPtJmCz6k7wo+IKAIPj9FCz7lzQ0+WnsLPtYjCz5Uzws+kWwLPlQ6DD64cAs+GfwKPrH4
Cz5nZA0+GiEJPpE0Cz7T0Qo+h6cOPpOWDj5imgk+3I8LPtMKDz7ICA8+vLMPPtiIDD40mxE+
Kt4LPsFACD7fxA0+snYNPnG0Dj52Dg4+EAUQPja+Dj7zRBQ+sN0NPqrsDT6gYA8+G64NPoAo
DD5hAhE+HBYRPkIZET6BpRE+zt0SPr3zDj46Vg4+CwUQPr3yEz60nRE+PdURPvXTEz5bwA8+
Nf8TPg8mDz6ZQBQ+cHwSPvJLFT4ocRA+hJYNPigkEj5vSxM+Er4RPq+VDz5oAhU+kJcUPuHn
Dz6UjhQ+0LQSPpXCFD675RM+GGQTPvARDz5BRRA+S9cSPg2wFT7sShQ+66UUPohSFj6qQBI+
rOsXPvSvFj5eFhg+9eUXPmLVGD78rRg+OWYUPiSHFD4+6xY+JgUUPu+gFj7i4hQ+LJYUPmaw
FD5yJBM+ChgVPgSvFz4/VBs+fJ0UPg+BFz53ZRc+8FcYPpxGFj4Lkhc+ouUXPphxGT76YBk+
92QWPhOuFz4LlRo+LtAXPoLZGT7F0hg+rUAZPk3fGD6GNhg+3gEXPiekGT5xMRk+Yr8ZPrA2
HT6HjxU+K0gYPliFFz7RJRg+quIXPklYGT7Q6hs+cDIfPog3Gz6RvBk+SmYZPq7HHD4B6ho+
d3MaPqZPHD4qIhc+ZDEePnShGj7iDRw+lHAYPmaxGD5dMx4+KWQaPqn5Hj7JoRo+7DQZPueb
Gz4cDR4+69EfPt90HT4DTB4+vaUfPpngGT43/Bw+9tsWPnN4Hj5yGh0+FSsePgBlGz59tR4+
f9obPmtkHz7fHB4+Q94cPgIiIT7AGxw+Cz0fPhL+Hz5+ICA+8VkePg0bIj6gmB8+VL8cPoyR
ID5tAx4+fMwfPm/OIz6z4x4+/vcjPjBDHT7XayA+OJYgPpPtIT76DCM+At0kPtW1ID4afCA+
A8wlPkavHz7mASU+EBgiPvY8ID6ahyE+muAjPnTKHj5tjSI+m5ciPqUxIT7XeSI+EbkhPvNt
Hz5FiiM+4fYgPpFAHT7/byQ+tVcjPslyJD6wviM+V0cjPqkVKD4j1CU+1T0lPmnBIj4YMyU+
GgQrPthEJz4kJyU+gXIgPvGMIz6kZyY+I/IkPmxDKD6zGyU+k5cmPi4JJz41NCk+FfImPtmk
JT7m3CM+egQnPtE0JT5QVyU+pqojPnrxJj6wZyY+/fYoPjUpJz5ZCCc+rTQsPv/KJT7Zxyc+
eu8hPlVmJz6TxSQ+/KInPmVmJj6vUSg+eJknPki7Jz7BzCc+heMrPqxLKD67uyM+6g4nPtcW
Kz7U6is+jPQoProYKj6+cCg+DukoPnWYKj55jic++LMnPsP0KT5TqSk+VB0mPtjfKT4yUyk+
0WcpPo8yKz4hgSU+3H8qPqjcLj4iySw+EWIqPt3IKj6BYSo+VToqPtmfKT41vi0+el4sPl9W
LD4b8i4+ZIIuPvJhKz40Mi0+rywrPmNDLj6tsS4+kPcrPjZALz5giyw+OJgqPltPLT6urSk+
caQsPk3cLD7Nbyo+PdkuPmmcKj4/Tyw+HcImPovfKj5KnCw+egsxPkScLz7PRSw+sdEwPtc2
LT475yw+88YrPllsLT6ldDE+MIsuPn0yMT740S8+jV8vPgZGLD7yaTM+dDAuPkA9Lz5yhi4+
N0IsPhOKLT7fUzA+bCkxPhBZMD6N7C4+x44uPlnSMD64xy8+EQQvPiaUMj49bjE+B2UyPmwg
Lz7lMDE+T/stPtP2MT56ijI+7cMtPmmcLj6ICTE+7QUwPjOJMD4L/i0+CUMyPhodMz58uTM+
LwIsPoY/Mz7p+TE+RPowPtYhMj7Bxy8+HPQuPhCuMT5I4jE+nxAyPtRxMj5udzI+eawwPtlW
MD60hjM+a6EyPqMfMz7KIzA+aqQ0PnXgMz79yDU+2x0zPm4vNz6ykTA+I082Pp18Mz6j1jU+
DlIzPsMZMT42+DY+ey81PqKJMz6uODQ+uJMwPvUzNT7xXzI+</AssayYData></Step><Step><CommonData><SampleLocation>2</SampleLocation><SampleID>10mM Glycine pH1.7</SampleID><SampleGroup></SampleGroup><SampleInfo>or other Regeneration solution</SampleInfo><SampleRow>G</SampleRow><SamplePlate>1</SamplePlate><WellType>REGENERATION</WellType><Concentration>-1</Concentration><ConcentrationUnits>µg/ml</ConcentrationUnits><MolarConcentration>-1</MolarConcentration><MolarConcUnits>nM</MolarConcUnits><MolecularWeight>-1</MolecularWeight><Temperature>30</Temperature><StartTime>969225</StartTime><AssayTime>20</AssayTime></CommonData><FlowRate>1000</FlowRate><StepType>CUSTOM</StepType><StepName>condition</StepName><StepStatus>OK</StepStatus><ActualTime>20</ActualTime><CycleTime>0.2</CycleTime><AssayXData Points="100">vv8zQ3QzNEMkZjRDWJk0Q4vMNEN8/zRDsDI1Q+NlNUNYmTVDi8w1Q4sMNkNRODZDJGY2Q5mZ
NkNJzDZDfP82Q/EyN0PjZTdDn5o3Q0nMN0O+/zdD8TI4Q+NlOEMWmThDScw4Q77/OEOwMjlD
42U5QxaZOUNJzDlDfP85Q7AyOkPjZTpDFpk6Q0nMOkODADtDsDI7Q+NlO0MWmTtDi8w7Q3z/
O0OwMjxD42U8QxaZPENJzDxDfP88Q/EyPUPjZT1DFpk9Q0nMPUO+/z1DsDI+Q6hmPkMimz5D
Scw+Q3z/PkOwMj9D6WY/QxaZP0OLzD9DfP8/Q7AyQEPjZUBDFplAQ4vMQEN8/0BDsDJBQ+Nl
QUOZmUFDScxBQ3z/QUPxMkJDJGZCQxaZQkMOzUJDvv9CQ/EyQ0MkZkNDWJlDQ0/NQ0O+/0ND
8TJEQyRmRENemkRDi8xEQ77/REPxMkVDJGZFQ1iZRUOLzEVDvv9FQ/EyRkMkZkZDWJlGQ4vM
RkO+/0ZDdDNHQ+NlR0NYmUdDi8xHQw==</AssayXData><AssayYData Points="100">m73RvfSTNL339Hy8YeNiugeOBTzMkFc8DXrVO/pYU7ut3/q6Ijb7u0MmibwAF5G863KgvP7f
nrzyhuS8RlHkvH3+Br1L1Q29w2kbvfdmLb3lpi+9WoszvUIGTb3Vp1O9Ry1qvZAUYb0p+IC9
WCKAvf8/gL3QnYK9ly+MvXX/i72SvZG9YWuSvS3Smr1SMpu9aw+XvRmipb10W5+96xexvYNP
pL28iau9/HitvcuVrL3bdLO94uu3vYuBvr1NR8G92lvCvUBDwb3NXMS9yk/Nvbwd0r1t2sm9
vBfSvfNf0b0zkMu9UF/Nveyy4b1D4Ni90ObavTd25b0os+C9kCLjvbD98b22Nue9UFbpvRjf
5732rvW9NprvvQlg8r0JZ/G9ZWrvve7J9r0CE/m9fbX3ve6o+r0kjwK+RdL8vRvxAL4r4wC+
gfn+vemAA77+Cwm+OhsHvhofBr4oZgW+2nwHvoQgCL6faga+mDYLvk+ZDb4nhwu+WHMNvrdB
Db4o4Qy+GPEPviTeEr4TrRC+wlYOvg==</AssayYData></Step><Step><CommonData><SampleLocation>1</SampleLocation><SampleID>Running Buffer</SampleID><SampleGroup></SampleGroup><SampleInfo></SampleInfo><SampleRow>G</SampleRow><SamplePlate>1</SamplePlate><WellType>BUFFER</WellType><Concentration>-1</Concentration><ConcentrationUnits>µg/ml</ConcentrationUnits><MolarConcentration>-1</MolarConcentration><MolarConcUnits>nM</MolarConcUnits><MolecularWeight>-1</MolecularWeight><Temperature>30</Temperature><StartTime>995049</StartTime><AssayTime>20</AssayTime></CommonData><FlowRate>1000</FlowRate><StepType>CUSTOM</StepType><StepName>condition</StepName><StepStatus>OK</StepStatus><ActualTime>20</ActualTime><CycleTime>0.2</CycleTime><AssayXData Points="100">vv9HQ7AySEMkZkhDWJlIQ0nMSEN8/0hD8TJJQyRmSUNYmUlDi8xJQ77/SUPxMkpDJGZKQxaZ
SkOLzEpDfP9KQ7AyS0MkZktDFplLQ0nMS0N8/0tDsDJMQ+NlTENYmUxDScxMQ3z/TEOwMk1D
42VNQxaZTUNJzE1Dvv9NQ7AyTkOuZ05DFplOQ0nMTkN8/05DsDJPQ+lmT0MWmU9DScxPQ3z/
T0OwMlBD42VQQxaZUENJzFBDiQFRQ7AyUUPjZVFDFplRQ4vMUUN8/1FDsDJSQyRmUkMWmVJD
0s1SQ3z/UkOwMlND42VTQ1iZU0NJzFNDfP9TQ/EyVEPjZVRDFplUQ0nMVEN8/1RDsDJVQ+Nl
VUNYmVVDi8xVQ77/VUPxMlZDJGZWQ1iZVkOLzFZDvv9WQ7YzV0MkZldDWJlXQ4vMV0O+/1dD
8TJYQyRmWENYmVhDi8xYQ77/WEPxMllDJGZZQ1iZWUOLzFlDvv9ZQ/EyWkMkZlpDKJxaQ0nM
WkN8/1pD8TJbQyRmW0OZmVtDi8xbQw==</AssayXData><AssayYData Points="100">Mh8dPt6K2j3iIKU9XIGRPQHMfz3etn892S+DPTZ2hz3TO30901CJPfsvlz1NhI09fWmLPVLe
lz00sJY9t8+XPbM5mD3qbKE96qugPauAoT1AHJ49DziePdSuoj3anag926evPcGLpD28X6I9
3BGoPXv3rj1D/rM9bIevPYqKsT3xtbM9et+xPaSwtT1PIbg9Mx27Pa+csj2s9bk91pC6PfuL
vD0CYcI9lY+1PQm5tz2Xfrk9GWrCPWcAvj3Mj749K+bEPbZ5uD2cosA9JmrCPSL4xz1KmsY9
lkLJPSs7zj3+9MQ9qVXIPQA8zD1CBsc9yaPJPawewz0ikcw94IvKPaZ30D1n7Mo9/XfQPY5Y
0j1J2sw9i9XOPTDKyj2N9889oy/IPa5Sxj2H78k9/oPOPQHdyz1pENM9QwjUPUHI1D2uUc49
ILPUPU6K0T10fNA9gcDSPR7R3D1IhdY98ZLSPRBx1D101Nk9O1zhPd/72D0Fo9A9qvjRPeiw
2j0WKNQ9TPraPTvG3j1uHd09rWbgPQ==</AssayYData></Step><Step><CommonData><SampleLocation>2</SampleLocation><SampleID>10mM Glycine pH1.7</SampleID><SampleGroup></SampleGroup><SampleInfo>or other Regeneration solution</SampleInfo><SampleRow>G</SampleRow><SamplePlate>1</SamplePlate><WellType>REGENERATION</WellType><Concentration>-1</Concentration><ConcentrationUnits>µg/ml</ConcentrationUnits><MolarConcentration>-1</MolarConcentration><MolarConcUnits>nM</MolarConcUnits><MolecularWeight>-1</MolecularWeight><Temperature>30</Temperature><StartTime>1020697</StartTime><AssayTime>20</AssayTime></CommonData><FlowRate>1000</FlowRate><StepType>CUSTOM</StepType><StepName>condition</StepName><StepStatus>OK</StepStatus><ActualTime>19.999</ActualTime><CycleTime>0.2</CycleTime><AssayXData Points="100">v/9bQ7EyXEPkZVxDF5lcQ4zMXEN9/1xD8jJdQyVmXUNZmV1DSsxdQ7//XUOxMl5DJWZeQxeZ
XkNKzF5Dff9eQ7EyX0PkZV9DF5lfQ0rMX0N9/19D8jJgQ+RlYEMXmWBDSsxgQ33/YEPyMmFD
5GVhQxeZYUNKzGFDff9hQ3UzYkPkZWJDF5liQ0rMYkO//2JD8jJjQ+RlY0MXmWNDks1jQ33/
Y0OxMmRD5GVkQxeZZENKzGRDff9kQ7EyZUPkZWVDF5llQ0rMZUO//2VDsTJmQ+RlZkMXmWZD
jMxmQ33/ZkOxMmdD5GVnQxeZZ0NKzGdDAQBoQ7EyaEMlZmhDWZloQ4zMaEO//2hD8jJpQyVm
aUNZmWlDjMxpQ7//aUPyMmpDJWZqQ1mZakOMzGpDv/9qQ/Iya0PkZWtDWZlrQ4zMa0O//2tD
sTJsQyVmbENZmWxDjMxsQ33/bEPyMm1DJWZtQ1mZbUOMzG1Dv/9tQ/IybkMlZm5DWZluQ0rM
bkO//25D8jJvQyVmb0MXmW9DSsxvQw==</AssayXData><AssayYData Points="100">YlNkviWvLL5zevq9uIbRvQASvr0Ki7m9Yn6xvaZBs70dT8G9vti5vW9qxr18j8i9ps3HvStb
zb1IMc69usfbvZeo372mita98jLgva7x5L1HzeK95DbqvUM/9L3HL+y9LSb3vSNL8731mPu9
bYf7vZNQ/L1mfQC+H0T+vb+g/r2p2AK+Pg8FvifVA74nGQW+azIFvmcuB7662ge+rZ0Lvk/o
B76iJgi+pQMMvhIvCL6DLgy+qxwNvti1Cr4SfQm+5RIRvoHgE74COxK+C1APvnQ0Er4M3hK+
k1IWviIiF76iNBK+z+wSvhi/Fr5wpha+P98XvpHHEr461Bi+sfsTvto/Fr7owRa+Bu4YvidX
Gr7+6Ru+QG8dvnQxHL7OTiK+Y50bvmp3H77A1x++VW0dvtsKIr6FJh6+eb8dvqkJH74d9hy+
YrkfvuTfI76gGyC+At0ivkwzJb6XBCW+uuoivqdQJL6l4ii+mu4jvhyPJL4v8SS+3/onvkQ7
J76ygSe+OtQovkafKr7SOiq+AfAnvg==</AssayYData></Step><Step><CommonData><SampleLocation>1</SampleLocation><SampleID>Running Buffer</SampleID><SampleGroup></SampleGroup><SampleInfo></SampleInfo><SampleRow>G</SampleRow><SamplePlate>1</SamplePlate><WellType>BUFFER</WellType><Concentration>-1</Concentration><ConcentrationUnits>µg/ml</ConcentrationUnits><MolarConcentration>-1</MolarConcentration><MolarConcUnits>nM</MolarConcUnits><MolecularWeight>-1</MolecularWeight><Temperature>30</Temperature><StartTime>1046171</StartTime><AssayTime>20</AssayTime></CommonData><FlowRate>1000</FlowRate><StepType>CUSTOM</StepType><StepName>condition</StepName><StepStatus>OK</StepStatus><ActualTime>19.999</ActualTime><CycleTime>0.2</CycleTime><AssayXData Points="100">ff9vQ7AycEPjZXBD1ZhwQ0rMcEM7/3BDbzJxQ+NlcUPVmHFDCMxxQzv/cUNvMnJD42VyQxeZ
ckNKzHJDO/9yQ28yc0OiZXND1ZhzQwjMc0N9/3NDbzJ0Q6JldEPVmHRDCMx0Qzv/dEN1M3VD
42V1QxeZdUMIzHVDO/91Q7AydkOiZXZD1Zh2QwjMdkM7/3ZDsDJ3Q6Jld0PVmHdDCMx3Qzv/
d0NvMnhD42V4Q9WYeENKzHhDff94Q28yeUOiZXlD1Zh5QwjMeUN9/3lDsDJ6Q6JlekPVmHpD
i8x6Q33/ekOwMntD42V7QxeZe0NKzHtDff97Q7AyfEPjZXxDF5l8Q0rMfEN9/3xDsDJ9Q+Nl
fUPVmH1DSsx9Q33/fUOwMn5D42V+QxeZfkNKzH5Dff9+Q28yf0PjZX9D1Zh/Q0rMf0N9/39D
NxmAQ9AygEOLTIBDJGaAQ75/gENYmYBD8bKAQ2rMgEMk5oBDvv+AQzcZgUPxMoFDi0yBQyRm
gUO+f4FDN5mBQ/GygUNqzIFDBOaBQw==</AssayXData><AssayYData Points="100">tEkLPsZnwD0zp5Y9UbV2PYuoZz3fmnc97Jl6PTN5bj13cHs9dB9/PfW6fD33QYI9eImFPVv6
hz1BNoM97KeGPQkIhz1b1YQ9NbyNPaBqij1mFZQ9mbGSPaDLmj1WGpQ9S4qZPQLXkz1wOqI9
1mCfPZ/RmD0THZ89GwWZPbcVmj2MSp49pIGbPeAXpD1DF6I9YvWiPaKenz3066E95pKoPdCU
qz0J0qY9YmWkPcvsqz2A1qU97ROmPczrsT2BS609qv2mPa1Lsz0ADKw9T8KoPfHNrj3Jn7E9
Rnq1PXU5sz19CbM9x5yqPTSosj263ak9Mze2PdcorT0xtao9V9S2PauosD1O5rM90Tu9PZY5
sj2JB7g9MZqvPUFntT3rqa096k6zPZb4wD1MVrk9lImwPfS8sz2Urbo9+yC3PU9zwj2AdLM9
jma5PZk1tj3oY7Y9MPi7PXpEuT2hdME9ps29PTtpuz3PrsE9Rk26PZk8vD3yE8E9h9LCPZak
vz1Q3ro9+3W7PW/iwj3IO7o966HBPQ==</AssayYData></Step><Step><CommonData><SampleLocation>2</SampleLocation><SampleID>10mM Glycine pH1.7</SampleID><SampleGroup></SampleGroup><SampleInfo>or other Regeneration solution</SampleInfo><SampleRow>G</SampleRow><SamplePlate>1</SamplePlate><WellType>REGENERATION</WellType><Concentration>-1</Concentration><ConcentrationUnits>µg/ml</ConcentrationUnits><MolarConcentration>-1</MolarConcentration><MolarConcUnits>nM</MolarConcUnits><MolecularWeight>-1</MolecularWeight><Temperature>30</Temperature><StartTime>1071803</StartTime><AssayTime>20</AssayTime></CommonData><FlowRate>1000</FlowRate><StepType>CUSTOM</StepType><StepName>condition</StepName><StepStatus>OK</StepStatus><ActualTime>20</ActualTime><CycleTime>0.2</CycleTime><AssayXData Points="100">nv+BQzgZgkPRMoJDa0yCQ+RlgkN9f4JDF5mCQ9GygkNrzIJDBOaCQ57/gkO7GYNDsDKDQ2tM
g0PkZYNDnn+DQziZg0PRsoNDSsyDQwTmg0N9/4NDFxmEQ7AyhENKTIRD5GWEQ55/hEMXmYRD
sLKEQ2vMhEPk5YRDff+EQxcZhUOwMoVDa0yFQytnhUOef4VDF5mFQ7CyhUNKzIVD5OWFQ33/
hUMXGYZDsDKGQ0pMhkMEZoZDfX+GQxeZhkOwsoZDa8yGQ+TlhkN9/4ZDFxmHQ7Ayh0NKTIdD
5GWHQ31/h0MXmYdDsLKHQ2vMh0Pk5YdDnv+HQxcZiEOwMohDa0yIQ+RliEN9f4hDOJmIQ7Cy
iENKzIhDBOaIQ33/iEM4GYlDsDKJQ2tMiUMEZolDnn+JQziZiUNhtYlDa8yJQwTmiUOe/4lD
OBmKQ9EyikNrTIpDBGaKQ55/ikM4mYpD0bKKQ2vMikME5opDnv+KQzgZi0PRMotDa0yLQwRm
i0Oef4tDOJmLQ9Gyi0NrzItDBOaLQw==</AssayXData><AssayYData Points="100">f/6CvqoNTr4KGSa+teoOvkV0/L0T/fO9UxbxvYld8L1hlPe9YVD1vUqY/b1D3/y9wUEEvm2X
A75DFAK+lM8Ivq6/B74Akwm+Aw0NvvEzD74y/gu+N5UNvtZAD74L3g2++HsOvpk6Fb4cahS+
AgwVviJQGb4+TRe+zu4ZvtA+F77+yxW+7+cbvjewGr6Orhi+ciodvmVYGb5FRh2+tRkbvnNY
Hb6qdSC+lnkfvrx8H762gRy+ysYfvnnOI75XfiG+zcsjvi0bKb7FpyC+F8wnvkM7Ir6SZSe+
ufwjvn5aIr53/SW+A/YnvpivKL6CjCi+K00pvrBbJb6AUyu+55UqvpeqJ77Etyu+hs0rvi1o
Lb5IVDG+JQIrvo2KLL630iu+lEssvoqsML6ekiy+fCU0vjZ8Nr7fXi6+tecvvjrOML5x+S++
Bq4uvjfjMr4Z6ze+LvQyvsKHNL5KPzC+X/0xvpcmML6vJDa+QrEwvtsDNb4CATe++KM1vk0c
NL6PtDi+mN41vp8zN743lze+6lY5vg==</AssayYData></Step><Step><CommonData><SampleLocation>1</SampleLocation><SampleID>Running Buffer</SampleID><SampleGroup></SampleGroup><SampleInfo></SampleInfo><SampleRow>G</SampleRow><SamplePlate>1</SamplePlate><WellType>BUFFER</WellType><Concentration>-1</Concentration><ConcentrationUnits>µg/ml</ConcentrationUnits><MolarConcentration>-1</MolarConcentration><MolarConcUnits>nM</MolarConcUnits><MolecularWeight>-1</MolecularWeight><Temperature>30</Temperature><StartTime>1097296</StartTime><AssayTime>20</AssayTime></CommonData><FlowRate>1000</FlowRate><StepType>CUSTOM</StepType><StepName>condition</StepName><StepStatus>OK</StepStatus><ActualTime>19.999</ActualTime><CycleTime>0.2</CycleTime><AssayXData Points="100">nv+LQzgZjEPRMoxDa0yMQwRmjEOef4xDOJmMQ7CyjENrzIxDBOaMQ57/jEM4GY1DdTONQ2tM
jUMEZo1Dnn+NQziZjUPRso1Da8yNQ+TljUOe/41DFxmOQ7AyjkNrTI5DBGaOQ55/jkM4mY5D
0bKOQ0rMjkOH5o5Dnv+OQzgZj0PRMo9DSkyPQ4dmj0Oef49DOJmPQ9Gyj0OszI9DBOaPQ57/
j0M4GZBDsDKQQ0pMkEMEZpBDfX+QQxeZkEOwspBDa8yQQwTmkEOe/5BDeRmRQ7AykUNKTJFD
5GWRQyGAkUMXmZFD0bKRQ0rMkUME5pFDff+RQzgZkkPRMpJDa0ySQ21nkkN9f5JDOJmSQ7Cy
kkNrzJJD5OWSQ4oBk0M4GZND0TKTQ0pMk0PkZZNDnn+TQziZk0PRspNDa8yTQ+Tlk0N9/5ND
FxmUQ7AylENKTJRD5GWUQ31/lEMXmZRD0bKUQ0rMlEPk5ZRDnv+UQxcZlUOwMpVDSkyVQ+Rl
lUN9f5VDF5mVQ7CylUNKzJVD5OWVQw==</AssayXData><AssayYData Points="100">8NIhPtcbyT2c+pE9dtZ/PdwpYz2TWW49LRhePeGMZT3Hi3A9mlFqPeJFZz3IN2492+dwPRtQ
gj1sMHo9JxiEPeClgj1n5YE9ik2EPRlpjD0Dw449HA6QPYisij1Mg4o9CseUPf8GjT0M7pM9
y3KHPaIxlj3v5ZI9AHuOPcM/mD0xvJk9lc6ZPWMFmT0ajZU9IraaPWryiT0E1aA9UsqbPRKv
kz1Z26E97kGbPRx0oj1FYZo9zMeXPWdSpT1rJpw9QkGePWpMoz1/q549Uc6ePV4hoD17+KY9
QpiYPcohoD3S/qA94RmmPXs7nj1sjac9nsqpPeW5rD35Lao9qdGsPV2lrT0lFK0929SnPVvT
sj2pn6o90QqoPWILqj0flK09a5itPV0srD3o5a49EgqyPfCFqz1hjK49RoOrPd3wtz1azrM9
TzazPey5tz1cbqs9wxS7PbcQrT0Pa6k9+iK0PSOerT1snLM9zeOzPca2uj1BHLg95aCxPXID
rz14SrY9j5C2PbVmsz2VUrk9KeK7PQ==</AssayYData></Step><Step><CommonData><SampleLocation>3</SampleLocation><SampleID>Running Buffer</SampleID><SampleGroup></SampleGroup><SampleInfo></SampleInfo><SampleRow>G</SampleRow><SamplePlate>1</SamplePlate><WellType>BUFFER</WellType><Concentration>-1</Concentration><ConcentrationUnits>µg/ml</ConcentrationUnits><MolarConcentration>-1</MolarConcentration><MolarConcUnits>nM</MolarConcUnits><MolecularWeight>-1</MolecularWeight><Temperature>30</Temperature><StartTime>1123596</StartTime><AssayTime>120</AssayTime></CommonData><FlowRate>1000</FlowRate><StepType>BASELINE</StepType><StepName>Baseline 120</StepName><StepStatus>OK</StepStatus><ActualTime>120</ActualTime><CycleTime>0.2</CycleTime><AssayXData Points="600">fv+VQ/cYlkOQMpZDKkyWQ8RllkNdf5ZD95iWQ7GylkMqzJZDxOWWQ37/lkP3GJdDkDKXQypM
l0PEZZdDXX+XQ/eYl0OxspdDKsyXQ+Tll0Nd/5dD9xiYQxQzmENLTJhD5GWYQ35/mEMYmZhD
sbKYQ0vMmEPk5ZhDfv+YQxgZmUOxMplDNk6ZQ+RlmUN+f5lDGJmZQ7GymUNLzJlDR+aZQ37/
mUP3GJpDsTKaQ0tMmkPkZZpDfn+aQxiZmkOxsppDbMyaQ+TlmkN+/5pDGBmbQ7Eym0NLTJtD
5GWbQ35/m0Mkm5tDkLKbQ0vMm0Pk5ZtDfv+bQ/cYnEOxMpxDS0ycQ+RlnEN+f5xDGJmcQ7Gy
nENLzJxDxOWcQ37/nEMYGZ1DsTKdQ0tMnUPEZZ1DXX+dQ/eYnUOxsp1DKsydQ+TlnUNd/51D
9xieQ9IynkMqTJ5D5GWeQ11/nkMYmZ5Dl7OeQyrMnkPk5Z5DXf+eQ/cYn0OQMp9DKkyfQ+Rl
n0Off59DGJmfQ7Gyn0NLzJ9D5OWfQ37/n0MYGaBDsTKgQypMoEPEZaBDXX+gQxiZoEOQsqBD
S8ygQ+TloEN+/6BDGBmhQ5AyoUNLTKFDxGWhQ35/oUP3mKFDkLKhQyrMoUPk5aFDXf+hQ/cY
okOxMqJDKkyiQ+RlokN+f6JD95iiQ5CyokMqzKJDxOWiQ13/okP3GKNDkDKjQ0tMo0OIZqND
XX+jQ/eYo0OQsqNDS8yjQ8Tlo0Nd/6ND9xikQ5AypEMqTKRDxGWkQ11/pEP3mKRDkLKkQyrM
pEPk5aRDXf+kQ/cYpUOQMqVDKkylQ8RlpUN+f6VDepmlQ7GypUMqzKVDxOWlQ37/pUP3GKZD
sTKmQ0tMpkPEZaZDXX+mQxiZpkOxsqZDS8ymQ+TlpkN+/6ZDGBmnQ7Eyp0NsTKdD5GWnQ35/
p0MYmadDsbKnQ7PNp0Pk5adDXf+nQxgZqEOxMqhDS0yoQ+RlqENdf6hDGJmoQ7GyqENLzKhD
5OWoQ37/qEMYGalDsTKpQ0tMqUPkZalDfn+pQxiZqUOQsqlDKsypQ+TlqUNd/6lD9xiqQ7Ey
qkNLTKpD5GWqQ35/qkMYmapDkLKqQ0vMqkPk5apDfv+qQ/cYq0MUM6tDS0yrQ+Rlq0Ndf6tD
GJmrQ/Oyq0NLzKtD5OWrQ13/q0MYGaxDkDKsQ0tMrEPkZaxDfn+sQxiZrEOxsqxDS8ysQ+Tl
rEN+/6xDGBmtQ7EyrUNLTK1D5GWtQ11/rUP3mK1DsbKtQyrMrUPE5a1Dfv+tQxgZrkOQMq5D
KkyuQ8RlrkNdf65DGJmuQ5CyrkNLzK5D5OWuQ37/rkMYGa9DkDKvQ0tMr0PkZa9Dfn+vQziZ
r0OQsq9DKsyvQ8Tlr0N+/69DGBmwQ5AysEMqTLBDaGawQ35/sEP3mLBDkLKwQ0vMsEPE5bBD
fv+wQxgZsUOQMrFDKkyxQ+RlsUNdf7FD95ixQ5CysUMqzLFD5OWxQ37/sUP3GLJDWzSyQ0tM
skPEZbJDXX+yQz6askOQsrJDKsyyQ8TlskN+/7JD9xizQ5Ays0MqTLNDxGWzQ11/s0P3mLND
kLKzQyrMs0PE5bNDXf+zQ/cYtEOxMrRDKky0Q+RltEN+f7RD95i0Q5CytENLzLRD5OW0Q37/
tEMYGbVDFDO1Q0tMtUPkZbVDfn+1QxiZtUOxsrVDS8y1Q+TltUN+/7VDGBm2Q7EytkNLTLZD
5GW2Q35/tkMYmbZDsbK2Q0vMtkPk5bZDfv+2QxgZt0OxMrdDS0y3Q+Rlt0N+f7dDGJm3Q7Gy
t0NLzLdD5OW3Q37/t0MYGbhDsTK4QypMuEPkZbhDfn+4QxiZuEOxsrhDS8y4Q+TluENd/7hD
9xi5Q5AyuUNLTLlD5GW5Q35/uUMYmblDsbK5Q0vMuUPk5blDfv+5Q/cYukOxMrpDS0y6Q+Rl
ukNdf7pDGJm6Q7GyukNLzLpDxOW6Q13/ukMYGbtDkDK7Q2xMu0PkZbtDfn+7QxiZu0OxsrtD
S8y7Q+Tlu0N+/7tDGBm8Q7EyvENLTLxD5GW8Q11/vEP3mLxDkLK8QyrMvEPk5bxDfv+8Q/cY
vUOxMr1DKky9Q+RlvUPgf71D95i9Q5CyvUMqzL1DxOW9Q13/vUP3GL5DsTK+QypMvkPkZb5D
fn++Q/eYvkOxsr5DKsy+Q8TlvkNd/75DGBm/QxQzv0MqTL9D5GW/Q11/v0P3mL9DkLK/QyrM
v0PE5b9DXf+/Q/cYwEOQMsBDS0zAQ8RlwEOEgMBD95jAQ7GywENLzMBD5OXAQ13/wEMYGcFD
kDLBQypMwUPEZcFDXX/BQ/eYwUOQssFDKszBQ8TlwUNd/8FD9xjCQ5AywkNLTMJDxGXCQ11/
wkMYmcJDdrPCQyrMwkPk5cJDfv/CQxgZw0OxMsNDS0zDQ+Rlw0N+f8NDGJnDQ7Gyw0NLzMND
5OXDQ37/w0MYGcRDkDLEQypMxEPkZcRDfn/EQxiZxEOxssRDEM3EQ+TlxEN+/8RD9xjFQ7Ey
xUOYTsVD5GXFQ11/xUMYmcVDsbLFQ0vMxUPE5cVDfv/FQ/cYxkOQMsZDS0zGQ+RlxkN+f8ZD
GJnGQ7GyxkMqzMZD5OXGQ37/xkP3GMdDkDLHQ0tMx0PkZcdDXX/HQ/eYx0OxssdDS8zHQ8Tl
x0Nd/8dDGBnIQ7EyyENLTMhDxGXIQ11/yEMYmchDsbLIQ0vMyEPk5chDfv/IQxgZyUOxMslD
KkzJQ+RlyUNdf8lDGJnJQ7GyyUMqzMlD5OXJQ37/yUP3GMpDsTLKQypMykMFZspDhIDKQxiZ
ykOQsspDS8zKQ+TlykNd/8pDGBnLQ7Eyy0NLTMtDxGXLQ11/y0MYmctD87LLQ0vMy0PE5ctD
Xf/LQ/cYzEOQMsxDKkzMQ8RlzENdf8xDGJnMQ7GyzEMqzMxDxOXMQ13/zEP3GM1DkDLNQypM
zUPEZc1DpYDNQ/eYzUOQss1DKszNQ8TlzUNd/81D9xjOQ5AyzkNLTM5DxGXOQ11/zkP3mM5D
kLLOQ0vMzkPE5c5DXf/OQ/cYz0OQMs9DS0zPQ8Rlz0N+f89DWZnPQ5Cyz0NszM9D5OXPQ13/
z0P3GNBDkDLQQypM0EPkZdBDXX/QQ/eY0EOxstBDKszQQ8Tl0ENd/9BDOBnRQ7Ey0UNLTNFD
5GXRQ35/0UMYmdFDsbLRQ0vM0UPk5dFD</AssayXData><AssayYData Points="600">q6mgPTQdoD2Tx6s922CqPW6hqz3eKq894aSnPZs2uT33k7M9igKxPfWntD1t1rI9uT+1Pbfp
tT1nNrc9z+i2PaaEtj0nR7s9mlS3PZ3Wuj0PQbY9KYyxPeMouT3iir49CdG8PXYsuj26ir49
QF+2PTkpuT2+pL09PVbCPaBSvj33EMI9XCzDPUtCwT0E+b89wdzGPekOwT3kZcI9l3TBPR5V
zT17TcU9KGjDPZFwvT0t+MY9pAvAPb1bzD3JN8Q9373FPbc9yj14XtE9imPCPWCYzD2F2MY9
+yfLPUjhxT11ZtE9/MbHPZ2Cyj1VwdA9j1XNPV6vyj2I89A9z1fLPQHK2D3318898qHJPSyc
1D2uC9M9Ox7WPXgi0j2bk889HhfKPWdTyT3o2s49jOTPPcfZyj3oztU9hunSPVFy1D0xx9Y9
/znUPRY90D1goc89IsPWPcLJ1T1z6Nc98BbVPV7N0z3jrNk9hkbXPb4b0z2B3909h/LYPUE3
0j3/r9Y9ywjYPRAZ2j3qItc9M7TcPW1Z2j1xjdc9uc3XPSEY3T36UNM9mi/dPSf63T30xdY9
hbXYPdRK2j1m8+I96MbgPfXY4D09VOA9iE7bPSl/3D0eVd8917zXPdQ+3T1TtN09Y7ngPVqv
2j26Vd09QnbZPXui4D17K9s9WMblPRFV4T2qpOM9AGDdPY/i3j2Uj+E90l7gPWY45T0RVOg9
4fjoPYMc4j2jLOA9fI3iPTCe3D3z2uE9jcPkPQIf3z3BLeo9qnrmPRT36D0iuuI91A3iPf0k
5T2NM+k9MBXfPSxj6j3eb+U9EfDmPYPe6D0q9OI9SwnhPaTu5D2Zgec9BifkPa3t6z2kiOs9
MHPpPSLT7T0ypeM9hjLuPWWE7T1ax+M9i3XrPYjz7T0ZHuY95IPtPcz33D0I+ew9VhTpPfLe
7z0I4eo9+AHxPYyq8D3Fg+49iPzuPTvX6z3Bi+w9+HjoPRVk7D3yZO89zYnqPfeF8D2ruO49
d8zuPSIY8j1rQvQ9gyLrPfu08z1MoOw9DkPtPdew8z0dx+s9NhvvPeQ58z3Uafc9883wPbX6
7z0QRvk9tA3uPVPy8z1cCPc9dU/zPXy+7j0i5PM9W07zPc1n9D3yqOw9G/zzPbOH8D2Qe/c9
u8H0PZG58T3f/fM9xEruPWhM+z3/AvM95VfwPawq9j2oVfM9DYr7PcDF+D2uuPg9pnXtPaBx
+T1xiPg9oUL7PQH3/D3OLPk9LIb9PTPZ9z3mfPw9Q0v4PayL+j12p/Q9J0L8PaQZAj55kQA+
jwv9PYIn/D0dAPg94nYAPgsB+z3k6QE+4zn9PVP6/T0V8Ps9gnj/PSto+T0ckvk9uBMCPsd1
/z3qsgI+dX8BPlxI+D3Ol/c9yiP1PdxhAj7a/fg9toT/PfPtAD5OGgA+TwH/PaWaBT51YP89
MA8BPg9xAT7oyAE+xcUBPq/w/T0Pjvg9z4gAPnzEAT6tawM+k5b4PdSnAT4yHgM+is4GPsKB
Aj5m4fk9GNUDPgShAj7ztvY9FJkEPh5QAz6IhwQ+zx8FPhYqAj6bYwI+SLQCPk5cBT4GGQI+
r8ICPqvKAz7BZAA+UnYBPjsOAj5vKQQ+fmoFPlUJAz4/uAM+m4j9PUUhBz7oqgQ+nykEPodp
AT7X0AI+ufQGPsgSBj5ZagM+lNYDPpapAz5k7gM+OkoHPsJJCD5vdgI+9gQIPrmmBT6oNgc+
MKYEPrOKAz61Jwc+X4gJPgKvCT5UDAY+XvQHPpqQBT5/WgM+OXwJPvjxCD5UlwE+UloGPp7q
Cj4X7wQ+VTgJPu8RBT7jZwI+e84FPpGwCD7HJwY+RKkIPnTZCj4D+AQ+1SgJPpa1CD4sUwk+
Wu0FPpRVBT5lpws+mSQJPhgoCD6gJQk+ao4HPmdECT6xfgo+B+8HPqzICj77Pgo+MXgIPuG9
Dj55kAo+bX0LPlDkBj6uZgs+6RkLPpeiCj5/cgo+/NUNPkcXDT6+Wgc+94kQPh+mCz7VBwo+
cHkKPplDDT4Rogk+ZgANPoGSCT5TxRE+ZXQLPiHaCT4XVQo+1gMJPkdXDz52Dg4+eN4NPkPo
Dj622g0+jewMPsbhCD5WuRA+qJIMPpSZDT6lQgg+AjkLPhzsCT6xZAk+GwoMPl1KED5chws+
odwLPp1WDT4AaQ0+5B8LPlERDD6j6Qo+KPIMPkqWCT69OQs+3qgOPtLCDT4I/Ak+CVsPPoJg
Ej65TA4+nk8OPqzRDT7s2Qo+tQYSPm5aDj7eqA4+6RMOPr9fET74uxI+aQUQPnj/Cz6wthI+
vRUOPm1LET4ogQ0+41ALPuPAED6A7xA+YqgQPpYjEj4Udw8+BfwOPkXPDz4HahI+ZXkOPk0/
FD6Qhw0+iKgRPmHfET6IUg8+TpwRPknHEz7tvhA+/8UOPrU/Fz7d4g4+POUSPmz6Dz4DERA+
0qkTPusQEj4hEBE+Fg4UPvHFET4nyRQ+w30QPnVxDz51ZRA+xlwTPn3zET46jBI+hvYQPl0O
Ej4k4BQ+oQYSPrYMEz7hYA4+E5kVPgxkFT6YcBA+90QUPjalET6DmRU+lSwRPtvWET7mURg+
AWEUPp3rGT6aJhQ+v0UVPnwXEz7SkhE+DWATPrCTFj7Yxhc+t24RPoFfEz7pfBY+S2ATPo4w
Fj4GvRY+fWIUPoVUFz4gNRU+yWsUPuwaEj7WyhY+f3kXPl1QEz752hk+k4kXPpFREj6Kphg+
vmMTPg3SEz5qXBc+D3YXPlrTFT50OxU+awcVPtywFD4rwxQ+EhgZPv1pGD6eWhg+usMWPjD+
GT6cURg+pH8XPmuyFD7Cbhc+fVQYPtOBGz6E+xo+IckaPoo3Gj6TGBk+W9cWPvaAGT7WBhY+
wckVPo/dFj6huhc+dyEZPueGFT4u3BU+yCQYPvOCGD6A9BY+1VAYPks+FT58ihc+AHIaPsqH
GD5PORE+tB4bPiwDGj5zVBo+xMcZPnUGGT513R0+61wZPhlWGD4ZDhg+DVEePkGPGT6cGxg+
HFAbPkYQHD5sOhc+5+oZPvOIGj68lBw+F7UVPmbGHD408xk+eE0XPuNIHD5q7R0+yQkcPs4y
Gj6ueho+x/UaPuLkGz6LVBk+z6QbPj0SHj5dBBk+UF8ePtkqFj4mZRo+BTUcPpNaGz69lR8+
khAXPmpoGj5k0Bk++9MbPrqyGD5aeh4+</AssayYData></Step><Step><CommonData><SampleLocation>8</SampleLocation><SampleID></SampleID><SampleGroup></SampleGroup><SampleInfo></SampleInfo><SampleRow>G</SampleRow><SamplePlate>1</SamplePlate><WellType>KLOAD</WellType><Concentration>-1</Concentration><ConcentrationUnits>µg/ml</ConcentrationUnits><MolarConcentration>-1</MolarConcentration><MolarConcUnits>nM</MolarConcUnits><MolecularWeight>-1</MolecularWeight><Temperature>30</Temperature><StartTime>1252224</StartTime><AssayTime>20</AssayTime></CommonData><FlowRate>1000</FlowRate><StepType>LOADING</StepType><StepName>Loading</StepName><StepStatus>OK</StepStatus><ActualTime>20</ActualTime><CycleTime>0.2</CycleTime><AssayXData Points="100">fv/RQxgZ0kOxMtJDS0zSQ+Rl0kOff9JDGJnSQ7Gy0kMqzNJDxOXSQ37/0kMYGdNDsTLTQypM
00PkZdNDXX/TQ/eY00OxstNDS8zTQ+Tl00Nd/9ND9xjUQ5Ay1EMqTNRD5GXUQ11/1EMYmdRD
kLLUQyrM1EPE5dRDfv/UQxgZ1UOQMtVDKkzVQ8Rl1UN+f9VD95jVQ7Gy1UMqzNVD5OXVQ37/
1UP3GNZDkDLWQypM1kPEZdZDfn/WQ/eY1kP5s9ZDS8zWQ8Tl1kNd/9ZD9xjXQ7Ey10NLTNdD
xGXXQ11/10P3mNdDkLLXQyrM10PE5ddDfv/XQ/cY2EOQMthDKkzYQ+Rl2ENdf9hD95jYQ5Cy
2EMqzNhDBebYQ13/2EMYGdlDkDLZQypM2UPEZdlDXX/ZQ/eY2UOxstlDS8zZQ8Tl2UN+/9lD
9xjaQ5Ay2kMqTNpDxGXaQ11/2kP3mNpDsbLaQ0vM2kPE5dpDXf/aQ/cY20OxMttDS0zbQ8Rl
20N+f9tDGJnbQ7Gy20NLzNtD5OXbQw==</AssayXData><AssayYData Points="100">VzAbPoN2JT5F2S4+aCI4PmxMQT7A7kY+8CRNPoTtVz7hxV8+BYVmPmI2aj6rG3A+BHd4Poog
fz5TwII+AguFPgmmiT6nRI0+S9yQPqd5lT6gdpg+UdeZPvzunT7yGqI+meGkPlVtqT7Ja6w+
eeOtPh6ysD4dmbM+tV24PjcpvD6P7r0+cLrCPpipxT5/bMg+QnrLPpJlzj4hZdQ+EGnXPlG2
2D6cfNs+fefgPsgb4z7LpOU+c3LpPkKf7T7c7fA+L2HzPnWF9T6z8/k+OcX8PlDZ/z545gE/
UhoDP7hHAz84LwU/Sn0HP+aVCD8Iigs/S4wMP3fTDT+MXQ8/P2sRP/1vFD+nhBQ/uBIWPzzp
Fz+6xRk/00QbP9ahHD9Zmx0/Df0gPx/jID9VoiE/FqgkPxsvJj/zcCY/0s0oP4HCKz8n7ys/
UYEuPxf3Lj9WZDE/yRozP7sUNT864TU/UQs4Pw1yOT9v6zo/OFs8P2MVPj//JD4/oPdAP/rI
QT9tO0Q/wSdGPx2RRj+IKEg/MylJPw==</AssayYData></Step><Step><CommonData><SampleLocation>9</SampleLocation><SampleID></SampleID><SampleGroup></SampleGroup><SampleInfo></SampleInfo><SampleRow>G</SampleRow><SamplePlate>1</SamplePlate><WellType>BUFFER</WellType><Concentration>-1</Concentration><ConcentrationUnits>µg/ml</ConcentrationUnits><MolarConcentration>-1</MolarConcentration><MolarConcUnits>nM</MolarConcUnits><MolecularWeight>-1</MolecularWeight><Temperature>30</Temperature><StartTime>1281855</StartTime><AssayTime>60</AssayTime></CommonData><FlowRate>1000</FlowRate><StepType>BASELINE</StepType><StepName>Baseline 60</StepName><StepStatus>OK</StepStatus><ActualTime>60</ActualTime><CycleTime>0.2</CycleTime><AssayXData Points="300">fv/bQxgZ3EOQMtxDKkzcQ8Rl3EN+f9xDGJncQ5Cy3EMqzNxD5OXcQ37/3EMYGd1DsTLdQ0tM
3UPkZd1Dfn/dQxiZ3UOxst1DS8zdQ+Tl3UN+/91DGBneQ7Ey3kNLTN5D5GXeQ35/3kMYmd5D
sbLeQ0vM3kPk5d5Dfv/eQxgZ30OxMt9DbEzfQ8Rl30N+f99DGJnfQ7Gy30NLzN9D5OXfQ37/
30MYGeBDkDLgQ0tM4EPkZeBDXX/gQ/eY4EOxsuBDS8zgQ+Tl4EN+/+BDGBnhQ5Ay4UMqTOFD
xGXhQ35/4UMYmeFDsbLhQ0vM4UPk5eFDfv/hQxgZ4kOxMuJDKkziQ+Rl4kN+f+JD95jiQ5Cy
4kNLzOJD5OXiQ37/4kP3GONDkDLjQ0tM40PkZeNDfn/jQxiZ40PSsuNDS8zjQ+Tl40N+/+ND
9xjkQ5Ay5EMqTORD5GXkQ35/5EMYmeRDkLLkQyrM5EPk5eRDfv/kQ/cY5UOxMuVDS0zlQ8Rl
5UN+f+VDGJnlQ7Gy5UMqzOVDxOXlQ37/5UP3GOZDsTLmQypM5kPEZeZDXX/mQ/eY5kOxsuZD
S8zmQ+Tl5kNd/+ZDGBnnQ7cz50MqTOdDxGXnQ35/50Nlm+dDkLLnQyrM50PE5edDXf/nQ/cY
6EOQMuhDKkzoQ8Rl6ENdf+hDGJnoQ5Cy6EMqzOhD5OXoQ13/6EP3GOlDkDLpQ0tM6UPEZelD
XX/pQxiZ6UOQsulDKszpQ+Tl6UNd/+lD9xjqQ5Ay6kMqTOpDxGXqQ11/6kP3mOpDkLLqQ0vM
6kNo5upDfv/qQxgZ60OxMutDS0zrQ+Rl60PAf+tDGJnrQ7Gy60NLzOtDLOfrQ37/60MYGexD
sTLsQ0tM7EOIZuxDfn/sQ/eY7EOxsuxDS8zsQ+Tl7EN+/+xDGBntQ7Ey7UNLTO1D5GXtQ11/
7UMYme1DsbLtQ0vM7UPE5e1DXf/tQ1kZ7kOxMu5DS0zuQ+Rl7kNdf+5DGJnuQ7Gy7kNLzO5D
5OXuQ2MA70MYGe9DsTLvQ0tM70PkZe9DXX/vQxiZ70Oxsu9DS8zvQ+Tl70N+/+9D9xjwQ7Ey
8ENLTPBD5GXwQ35/8EMYmfBD0rLwQyrM8EPk5fBDfv/wQzgZ8UOxMvFDS0zxQ8Rl8UNdf/FD
95jxQ5Cy8UMqzPFD5OXxQ37/8UP3GPJDsTLyQypM8kPEZfJDXX/yQ/eY8kOQsvJDKszyQ+Tl
8kNd//JD9xjzQ5Ay80NsTPND5GXzQ11/80P3mPNDkLLzQyrM80PE5fNDfv/zQxgZ9EOQMvRD
S0z0Q8Rl9ENdf/RD3Jn0Q5Cy9EMqzPRD5OX0Q13/9EObGfVDkDL1QypM9UPEZfVDXX/1QxiZ
9UOxsvVDKsz1Q8Tl9UNd//VD9xj2Q7Ey9kMqTPZDxGX2Q35/9kMYmfZDsbL2Qw/N9kPE5fZD
Xf/2Q/cY90PSMvdDKkz3Q8Rl90N+f/dD95j3Q5Cy90NLzPdDxOX3Q37/90P3GPhDkDL4QypM
+EPEZfhDXX/4Q/eY+EOxsvhDS8z4Q8Tl+EMBAPlDGBn5Q7Ey+UNLTPlD5GX5Q59/+UMYmflD
sbL5Q0vM+UPk5flD</AssayXData><AssayYData Points="300">6GmWP1kxmD909Zc/vsWXP9/5lj/O9ZY/pamVP57UlT+RQZQ/e4mUP2d/kz+tipI/eXiSP8I5
kj88jZE/UNSQP8P0jz+HDZA/cbqPP4NHjz8Q+I4/ibiOP/0vjj/Xm40/kIyMP8gNjD+H8Is/
nZ6LP4EAiz+66oo/ErSKP5z8iT9NUYk//L6IP6udiD9qLIg/wZGHP7Quhz81zIY/umWGP0HI
hT/AVoU/eiaFP/DbhD/kGoQ/xBiEP5Oigz/gVYI/BriCP03/gT800IE/9zWBP1YhgT8k34A/
8iuAPyWofj9LwH4/jJp+P+CWfT8JJnw/oqV7P7jBej9vrno/7gV6P4qAdz90Hng/b2V3P7Tr
dT/yyHU/GuhzP5J7cz99PXM/gXNyP9PMcT/nfHE/gENxP6dfbz84Wm8/jXNuP1Ixbj8ydGw/
+9xsP0Plaz9t7mk/G09qP+PPaT+lP2k/0+toP07yaD/tAmc/1YpnP0wBZj+KimU/MxhlP2yC
ZT/Fr2Q//x9kP65mYz9uDGI/K7lhP+0wYT9KIGE/iQhgPyR9Xj+eIF4/txpePwFrXT/9El0/
G+xbP18kWz/nWFo/2XxaP3adWT9UUFk/YjdZP2pdWD/yKlg/6lRYP3q/Vj9r11Y/YzdWP2D5
VT8V21U/+WdVP5gUVD9IllM/BVtTP49CUz8mEVE/xINRP07lUD+r/VA/N4RRPzWETz+10E4/
i1BOP4FCTT9tvU4/PG5NP7CeTD+HKk0/SuxMP0HDSz9HGEs/45pKP0NdSz8/VUs/BRdJP8Ow
SD9Jlkg/Hx1IP0QoSD8qH0g/nlhHP2lzRz96JkY/S1tGP8iPRT+y7EU/qlFFP7xlRD9kzUM/
yPtDP3hdRD+FLUM/T85CP5ZBQj+mAUM/aKhBP35aQT+7fkA/OXZAPySyPz+56D4/HV4/P61/
Pz+hqz4/vRU+P+RhPj86ST0/1O88P+ASPD+SRjw/zAY9P6kgPT//PTw/3tI7P0AKOz9dxTo/
tds5P1yGOT/Pljk/dno5P09POT/8rTg/puw4P30nOD+FUzg/GPs3P+zlNj+kVTY/faM2P8yA
Nj9cqDY/www3P6czNT9mgDU/GYw1Px7TND8a1TM/O+4zP16TMz8uZTM/xCQzPwG4ND/TkTM/
d5kyPww2Mj9R6DI/7JgxPxB7MT8ZEzE/QlkyP4AXMD81ZzE/N5IwP2iFMD+LJzA/bL4vPw7a
Lz96Py4/IeYtPwL/Lj/9Ky4/OssuP98iLT/OSi0/HKUtP1AXLT+aXS4/hfssP18PLT8Zviw/
LJ8sP/l9Kz94USw/gpYrP1FVLD8uiSs/aIErP4fOKj+zOys/cjcrP55FKT/ozSk/tG4pP76o
KT+EsSg/VI8pP4blKD+BpCg/kCwpP6nTJz+e6Cc/tCUoPyVdJz8sUCg/VhEnPzFcJz8o4SY/
fa8mP4M2Jj/SQiY/QbgmP18TJz8h4iY/GM4lPxqfJT9l3SU/O9wkP6iOJD/MWSU//Q0lP/wz
JT+T1yQ/9iIkP1B2JD9TGyQ/1xYkPy4xIz8EpSM/AUIjP1pDIz9PNiM/3twiPxKVIj8OWSI/
km8iPyZfIj9RXSI/</AssayYData></Step><Step><CommonData><SampleLocation>10</SampleLocation><SampleID></SampleID><SampleGroup></SampleGroup><SampleInfo></SampleInfo><SampleRow>G</SampleRow><SamplePlate>1</SamplePlate><WellType>BUFFER</WellType><Concentration>-1</Concentration><ConcentrationUnits>µg/ml</ConcentrationUnits><MolarConcentration>-1</MolarConcentration><MolarConcUnits>nM</MolarConcUnits><MolecularWeight>-1</MolecularWeight><Temperature>30</Temperature><StartTime>1352033</StartTime><AssayTime>20</AssayTime></CommonData><FlowRate>1000</FlowRate><StepType>BASELINE</StepType><StepName>Baseline 20</StepName><StepStatus>OK</StepStatus><ActualTime>20.005</ActualTime><CycleTime>0.2</CycleTime><AssayXData Points="100">fv/5QxgZ+kOxMvpDjEz6Q8Rl+kN+f/pDGJn6Q7Gy+kNLzPpD5OX6Q37/+kMYGftDsTL7Q0tM
+0PEZftDXX/7QxiZ+0OQsvtDS8z7Q+Tl+0Nd//tDGBn8Q7Ey/EMqTPxD5GX8Q35//EMYmfxD
kLL8QyrM/EPk5fxDfv/8Q/cY/UOQMv1DS0z9Q8Rl/UN+f/1DGJn9Q7Gy/UMqzP1D5OX9Q37/
/UM4Gf5D0jL+Q0tM/kPkZf5Dfn/+QxiZ/kOQsv5DS8z+Q+Tl/kNd//5D9xj/Q7Ey/0MqTP9D
xGX/Q35//0P3mP9DsbL/Q0vM/0PE5f9DMgAARHsMAERZGQBEJSYARPIyAES/PwBEe0wAREhZ
AEQlZgBE4nIARK9/AER7jABEWZkARCWmAETysgBEr78ARHvMAERZ2QBEJeYAROLyAESv/wBE
ewwBREgZAUQVJgFE8jIBRK8/AUR7TAFESFkBRCVmAUTicgFEr38BRIyMAUR5mQFEFaYBROKy
AUSvvwFEe8wBRJrZAUQV5gFERPMBRA==</AssayXData><AssayYData Points="100">4BnfPtEXtT4qdps+bYGNPgLNhT5ZjIM+wsl9Prmdfz7KMoA+uG+APntzfz5b438+VeKAPlZZ
gD7lG4M+NRyBPgHUgj7/vYI+X5SDPrhhgz6bX4Q+NAGCPua3gj7rmYQ+nrOEPhgrhj6CdYc+
rj6HPhh5hT7KvoY+gdOFPo2qhT5gaoU+2dCGPjH7hD5UGYc+ZxaGPnzlhT49c4Y+UDyGPkqr
hj5Y6oY+hN6IPjmUhj57joU+hYKHPquriT5bkoY+zVeIPtf/hT6U+4Y+QtqHPkOphz4ND4g+
d3mIPgMDiT49m4k+HTOKPjn5hz5tIIY+RzCIPkzDiT7l8Ig+YeiIPmJHiz4JKIs+QbGIPn75
iD4ChIk+w92JPvdmiT461Ig+S8SIPulBiz4uGYw+q2uLPq/5ij7mgYo+ziSLPuqdij5Knos+
mTGMPpJZiz4US4s+nLaIPnGjiT7uj4o+geGJPkiqjD41qow+wPmMPqUMiT5L3Is+leiKPifi
jD4y3os+zX6NPothjT4mFos+5AyMPg==</AssayYData></Step><Step><CommonData><SampleLocation>11</SampleLocation><SampleID></SampleID><SampleGroup></SampleGroup><SampleInfo></SampleInfo><SampleRow>G</SampleRow><SamplePlate>1</SamplePlate><WellType>KSAMPLE</WellType><Concentration>-1</Concentration><ConcentrationUnits>µg/ml</ConcentrationUnits><MolarConcentration>-1</MolarConcentration><MolarConcUnits>nM</MolarConcUnits><MolecularWeight>-1</MolecularWeight><Temperature>30</Temperature><StartTime>1382766</StartTime><AssayTime>120</AssayTime></CommonData><FlowRate>1000</FlowRate><StepType>ASSOC</StepType><StepName>Association</StepName><StepStatus>OK</StepStatus><ActualTime>119.999</ActualTime><CycleTime>0.2</CycleTime><AssayXData Points="600">IQACRN4MAkSrGQJEZyYCRDQzAkQRQAJE3kwCRJpZAkR3ZgJERHMCRBGAAkTNjAJEmpkCRHem
AkREswJEAcACRN7MAkSr2QJEZ+YCRDTzAkQBAANEzQwDRJoZA0R3JgNENDMDRAFAA0TuTANE
mlkDRGdmA0Q0cwNEAYADRM2MA0SamQNEZ6YDRDSzA0QRwANEzcwDRJrZA0Rn5gNERPMDRAEA
BETeDAREmhkERKkmBEQ0MwREEUAERM1MBESaWQREmGYERERzBEQRgAREzYwERJqZBERnpgRE
NLMERBHABETezAREu9kERHfmBERV8wREEQAFRN4MBUSrGQVEdyYFREQzBUQyQAVE3kwFRKtZ
BUR3ZgVERHMFRAGABUTejAVEq5kFRHemBUREswVEEcAFRM3MBUSr2QVEZ+YFRETzBUQRAAZE
3gwGRKsZBkR3JgZERDMGRBFABkTeTAZEq1kGRHdmBkREcwZEEYAGRN6MBkSrmQZEd6YGRESz
BkQRwAZE3swGRKvZBkRn5gZERPMGRAEAB0TeDAdEqxkHRHcmB0RVMwdEAUAHRM1MB0SrWQdE
d2YHRERzB0QRgAdE3owHRKuZB0RnpgdERLMHRBHAB0TNzAdEq9kHRGfmB0Q08wdEEQAIRDAN
CESrGQhEZyYIREQzCEQRQAhE3kwIRKtZCERnZghERHMIRBGACETNjAhEq5kIRGemCEREswhE
EcAIRN7MCESr2QhEd+YIRETzCEQBAAlE3gwJRKsZCURnJglERDMJRAFACUTNTAlE3FkJRGdm
CUQ0cwlEAYAJRM2MCUSamQlEd6YJRDSzCUQRwAlE3swJRJrZCURn5glERPMJRAEACkTNDApE
mhkKRHcmCkQ0MwpEAUAKRM1MCkSaWQpEZ2YKRDRzCkQBgApE3owKRKuZCkRnpgpENLMKRAHA
CkTezApE3NkKROrmCkQ08wpEAQALRM0MC0TcGQtEdyYLRDQzC0QRQAtEzUwLRKtZC0RnZgtE
RHMLRBGAC0TNjAtEq5kLRHemC0REswtEMsALRN7MC0Sr2QtEd+YLRETzC0QRAAxE3gwMRKsZ
DER3JgxERDMMRBFADETeTAxEq1kMRHdmDEREcwxEEYAMRN6MDESrmQxEd6YMRESzDEQRwAxE
D80MRA3aDER35gxERPMMRAEADUT/DA1EqxkNRHcmDUREMw1EEUANRN5MDUSrWQ1Ed2YNRERz
DUQRgA1E3owNRKuZDURnpg1ERLMNRBHADUTezA1Eq9kNRGfmDURE8w1EAQAORN4MDkSrGQ5E
dyYOREQzDkQBQA5E3kwORKtZDkRnZg5ENHMORBGADkTejA5EmpkORGemDkREsw5EQsAORN7M
DkSr2Q5Ed+YORETzDkQBAA9E3gwPRJoZD0RnJg9ENDMPRAFAD0TNTA9Eq1kPRHdmD0Q0cw9E
EYAPRM2MD0SrmQ9Ed6YPRDSzD0QBwA9EzcwPRKvZD0R35g9ERPMPRBEAEETNDBBEqxkQRGcm
EEQ0MxBEAUAQRM1MEESrWRBEZ2YQRERzEEQBgBBE3owQRJqZEERnphBENLMQRAHAEETNzBBE
q9kQRHfmEEQ08xBEAQARRN4MEUSrGRFEZyYRREQzEUQBQBFE3kwRRKtZEUR3ZhFENHMRRAGA
EUTNjBFEmpkRRGemEUQ0sxFEAcARRN7MEUSa2RFEZ+YRRDTzEUQBABJEzQwSRJoZEkRnJhJE
VTMSRAFAEkTeTBJEmlkSRGdmEkQ0cxJEAYASRM2MEkSamRJEZ6YSRDSzEkQRwBJE3swSRKvZ
EkTJ5hJERPMSRBEAE0TeDBNEqxkTRHcmE0REMxNEEUATRN5ME0TcWRNEd2YTRERzE0QRgBNE
3owTRKuZE0R3phNERLMTRBHAE0TezBNEq9kTRHfmE0RE8xNEIQAURN4MFESrGRREdyYURDQz
FEQBQBRE3kwURKtZFER3ZhRERHMURBGAFETejBREmpkURNqmFEREsxREEcAURM3MFESr2RRE
Z+YURDTzFEQRABVE3gwVRKsZFUR3JhVENDMVRBFAFUTeTBVEq1kVRGdmFUQ0cxVEAYAVRM2M
FUSrmRVEd6YVRDSzFUQRwBVE3swVRKvZFUR35hVEhvMVRBEAFkTeDBZEqxkWRGcmFkREMxZE
AUAWRN5MFkSrWRZEd2YWRDRzFkQBgBZE3owWRPyZFkR3phZENLMWRAHAFkTNzBZEq9kWRHfm
FkRE8xZEEQAXRM0MF0SrGRdEdyYXRDQzF0QRQBdEzUwXRKtZF0R3ZhdERHMXRAGAF0TNjBdE
q5kXRGemF0Q0sxdEAcAXRN7MF0Sr2RdEZ+YXRETzF0QRABhEzQwYRJoZGERnJhhENDMYRAFA
GETeTBhEmlkYRGdmGEREcxhEAYAYRM2MGESamRhEd6YYRDSzGEQBwBhEzcwYRJrZGERn5hhE
RPMYRAEAGUTNDBlEmhkZRGcmGUQ0MxlEAUAZRM1MGUSaWRlEd2YZRERzGUQBgBlE3owZRJqZ
GURnphlERLMZRBHAGUTezBlEmtkZRHfmGURE8xlEEQAaRN4MGkSrGRpEdyYaREQzGkQRQBpE
3kwaRKtZGkR3ZhpERHMaRGOAGkTNjBpEq5kaRHemGkRlsxpEpMAaRN7MGkSr2RpEd+YaRETz
GkQRABtE3gwbRKsZG0R3JhtERDMbRBFAG0TNTBtEmlkbRHdmG0Q0cxtEEYAbRN6MG0SrmRtE
d6YbRESzG0QRwBtEzcwbRKvZG0R35htERPMbRBEAHETeDBxEmhkcRHcmHEQ0MxxEEUAcRN5M
HESrWRxEd2YcRDRzHEQBgBxE3owcRJqZHERnphxERLMcRAHAHETezBxEq9kcRHfmHERE8xxE
AQAdRN4MHUT8GR1EZyYdRDQzHUQRQB1EQE0dRJpZHUR3Zh1ERHMdRAGAHUQfjR1Eq5kdRGem
HUQ0sx1EIcAdRM3MHUSa2R1EZ+YdRDTzHUQRAB5E3gweRJoZHkR3Jh5ENDMeRBFAHkTeTB5E
mlkeRGdmHkQ0cx5EEYAeRM2MHkTLmR5EZ6YeRESzHkQBwB5EzcweRJrZHkRn5h5ENPMeRBEA
H0TNDB9EmhkfRHcmH0Q0Mx9EAUAfRM1MH0SaWR9EZ2YfRDRzH0QRgB9EzYwfRJqZH0Rnph9E
ZbMfRAHAH0TNzB9EmtkfRGfmH0RE8x9E</AssayXData><AssayYData Points="600">wHLwPr2fBD+fawg/iAULP+hDCj+LyQo/RQ8NP3+fDT8srA4/k7INP0aeDj/qmg4/j9gOP7TL
ED+cOw8/E5QRP627ED/RKBE/PkYRPya8ET/IpRI/facTPz5cEz+FIRQ/eTwUP893FT+7+BQ/
/YcUP6YGFT/iKRU/1S0WP1JvFj9FABg/g7wWP8sTFz+/Uxc/wtMYP8uSGD+WMhg/NkIZPwV6
GT8Ftxo/sb8aP22kGT+EXxo/2NEaP5TEGj9E0Rs/sVgdPwpKHD9t7xs/T3kdP4XDHT+q8hw/
RuseP1l0Hj+2LB8/10wfPx5lHz9S6x0/yY4fP0KsHz9kBCA/ggIhPyNyID9w3CA/nN8hP9cX
IT+gtiE/OF0iP+ZOIj9royI/TWQiP1hNIj+JNiI/HgYjPwEQIz/bGyM/I8gkP36DIz8jdiQ/
fLskPwaCJT9rECU/XgolP+jQJD8M8yQ/3AcmP2LyJj/7OiY/YcglP7InJz9xMyc/dUAnPzFI
Jj/hICg/hGQnP61OJz8lzic/O+EnP3p0KD8+dyc/uikoP5KrKD9YTyk/KbYoP/2zJz/XTCk/
CZ8pP2WdKT9uvik/a1wqP1hVKT9vtis/dpEpP2peKj9rsis/3m4qP2nMKz9bvSo/ID4rPxWz
Kz9x+So/NlAsP1F1Kz+nSCw/lIQsP3i8LD+SXSw/tp8tP8lgLT9EpSw/MRQtP3ypLT8X1Cw/
h20uPx6uLj+/WS0/LBQvP4ZYLj/YWi4/8jgvP8wXLj+fii4/Y1cvP8bFLj8qHy4/6n4vP2fN
Lz/qXi8/4n0uP9B6Lz9N2i4/UCQwP2IoLz+JWi8/dMAvPy0ZMD88KzE/9H0wP1MzMT/GsDA/
NZ8wPwc4MT+14zA/R1ExPzlgMD9eMDE/i+sxP6g5Mj+LOjI/fskyP8C5Mj+uCDI/8jkyP9AZ
Mj/WKjI/3/EyP4M5Mz/YWDI/PvMyP8Y7Mz9fQjQ/eRIzPwTGMz8xEjQ/1xszP7D6Mz/MpDM/
ElIzPxwiND8rrzQ/7fUzP62HND/gDzU/1MozP8ExND+LfDQ/oos0P1BeNT/zdDU/hhQ1PxZg
ND81zjQ/wYs1P31BNT8opzU/QAw1P9l9NT+WyTU/v9Y1P0XtNT8F8TU/Krk2P9SLNT8dmjY/
vzE2P6aLNT/GbjY/v6I2PzgGNz+BaTg/Sw82P7nYNj+/ejY/tck2P7GrNj+wSzc/tbg3Pz+j
Nz9Psjc/HwE3P7O2OD9uoTY/TXQ3P/WHOD/BNTg/Kxg5P/ATOT9kijg/IuM4P9DSOD8FNjg/
ucU4PzFKOD/YOTg/LIw4P451OT+BTDk/VN05PxjvOT8/xjg/rIc5P+kTOT/45jg/bSo6PzWR
OT+QGjo/czI5P7dCOj8FUzk/EAo5P1B3OT9aKzo/1iw7P/jiOj+tDjo/bnE6P7JjOj/o0Do/
e/Q6Px5ZOz8RUTo/tQk7P6eVOj8TgDs/Y9A7P/nCOj9w9zs/pc47P5ynOz9dtDs/drI7P/pR
PD/42Tw/0Ig7PwzoOj9cWjs/YT07P/LEOz8Pdzw/dnE8P3Y2PD/sxDw/xA88P8JpPD/Hgjw/
pbM7P3p5PD9m/Dw/db88P7yiPT9gDT0/NmY8PzgsPT8rpDw/R9o8P7HfPD+bkT0/QCE9Pywg
Pj94qT0/gKM8PxIePT+LYz0/lSc9P12WPj+ryT0/+HM9P0t/Pj/VAT4/n8k9P7NwPj/Kjj0/
bXw+PwL1PT9jZj4/DxQ+P1xlPj96MT4/3+0+PyqsPj9y3T4/JtM9P7CNPj9iKD4/d38+P3Jw
Pj+s+j4/B8w+P6IyPz/xhz4/JZ4+P2GtPj+t7T4/C3o/P4WhPz+biz4/fZg/P/8GQD9Hvj8/
DTg/P+bbPz9wPT8/FU0/P+fKPz/fhUA/OD1AP7UyQD/IWD8/ml5AP9GsQD+yoz8/NjxAPySN
QD/rFUA/sFtAPyerQD+vdT8/2TFBP/keQD8VJUE/sapAP6aNQT+DUUA/4ftAP/e/QD9/TUE/
OGtBPwmaPz8gZUE/GyFBP4/dQT/O90E/hNdBP4+5Qj8Yo0E/hb9AP+ujQT/PGUI/+2NBP7mV
Qj/ZDkE/jlJCP6ezQT8rs0E/UppBP3JNQj8NgkI/KbBCP1XlQT83SEI/Qh5DP57aQT91dUM/
z8JBP6bgQj8i6kE/cLNCP2apQj/Gv0I/FhNCP5MWQj8E+0E/ru1DP3gBQj/ALUM/MBlDP3UU
Qz9ze0I/OIZCP5ERQz8TjEM/9adDPw5DQz+abEI/DodEP1UNRD9nVEQ/16hCP7tTQz9IkkM/
Q6RDP487RD+fsUM/KmlEP+ZZRD8SpEQ/48VCP55uRD/6mUQ/MVRDP680RD+C5UQ/UQBEP4HG
Qz9Xi0Q/uwpEPyS1Qz9TzUQ/Ki5EPzNcRT/cqUU/hS1FP6XeRD8vjEQ/tCdFP09ORD/scEU/
Zm1FP12sRD/pq0U/oqhEPxTmRT8fe0U/N6tFP6q9RD/7tkU/8H5FP7E2RT8hyUU/rBpFP6Pu
RD9VKUY/ESxFPxSRRT/5pkQ/julFP+H+RT8QB0U/jwBGP2cQRj9/pkU/NctFPziARj+LH0U/
CedFP8fFRj+UyUY/MGdGP0slRz9RdUY/oVVGP6azRj8Lj0Y/oL5GPxF/Rj+GkUU/bjFHPxcI
Rj8Q10Y/OxRGP00mRz/0E0c/s9RGP9IPRj+cRUc/RtFFP2sXRz9ZGkc/IUhHP1HTRz82p0Y/
mLZGP62TRz9eJkc/B3BHP6S1Rj9xpEc/DmJIP/uoRz97lkg/ZrZGP6z7Rz8K10g/MixIP/Jh
Rz+8MUg/pxlHP6AeSD9SNkc/IidHP0JTRz+meUg/eKBIP2xnRz8BmUg/76dIPyaJRz9UdUg/
5+FIP2wAST/IPUc/cENIP120Rz+1qEc/yrJIP10JST8e8Eg/pJRIPzJvSD8WR0k/j51IPw5R
ST/Y3Ug/sk1JP2z4Rz9uPEk/LWdJP6Z0ST+N9Eg/XkZJP4nzSD+WF0k/pN1HP4GnST+rHUk/
EMBIPyouST96Okg/SX5IP98AST/1NEk/qYdJP5eZSj9e80g/7+1JP0fEST/GtUg/3KNKP9sq
Sj/l3Uk/wv5JP9arSj/EYUo/T/NJPyQYSj9zd0o/kMxKP6v1ST8gZko/tvZKPxqZSj8XoUo/
lmhKP1IeSz+COko/RUFKPz/3Sj+0zUo/</AssayYData></Step></KineticsData></ExperimentResults>
