<?xml version="1.0" encoding="UTF-8" standalone="yes"?>
<ExperimentResults><ExperimentInfo Name="20250917 PE P5216 - 5377 plate 1 kappa 50 ugl"><ExpDescription>AHC example method - full characterization&#13;
Analyte titration series with reference channel</ExpDescription><RTDVersion>2.0</RTDVersion><RunID>3B9E1F69-E451-4552-8C9D-CFED4D62EEC8</RunID><ExperimentType>KINETICS</ExperimentType><ExperimentSubType>KBASIC</ExperimentSubType><StartDateTime>2025-09-17T15:12:20</StartDateTime><MachineName>BN7KX12</MachineName><UserName>octet</UserName><LotNumber></LotNumber><PlateName>250917</PlateName><PlateName2></PlateName2><SensorName>E4</SensorName><SensorPlate>1</SensorPlate><SensorType>AHC (Anti-hIgG Fc Capture)</SensorType><SensorRole>LIGAND</SensorRole><SensorInfo></SensorInfo><WritingSW>DataAcquisition.exe 11.0.2.1</WritingSW><InstrumentType>OctetRED96</InstrumentType><InstrumentSerial>FB-50284</InstrumentSerial><InstrumentFW></InstrumentFW><IntegrationTime>3.2</IntegrationTime><DSPType>CPF</DSPType><DSPStitching>1</DSPStitching><HasManifest>1</HasManifest><InfoHash>268837178</InfoHash></ExperimentInfo><AssayParamsInfo/><KineticsData><Step><CommonData><SampleLocation>1</SampleLocation><SampleID>Running Buffer</SampleID><SampleGroup></SampleGroup><SampleInfo></SampleInfo><SampleRow>E</SampleRow><SamplePlate>1</SamplePlate><WellType>BUFFER</WellType><Concentration>-1</Concentration><ConcentrationUnits>µg/ml</ConcentrationUnits><MolarConcentration>-1</MolarConcentration><MolarConcUnits>nM</MolarConcUnits><MolecularWeight>-1</MolecularWeight><Temperature>30</Temperature><StartTime>613075</StartTime><AssayTime>180</AssayTime></CommonData><FlowRate>1000</FlowRate><StepType>BASELINE</StepType><StepName>Baseline 1</StepName><StepStatus>OK</StepStatus><ActualTime>179.999</ActualTime><CycleTime>0.2</CycleTime><AssayXData Points="900">AAAAAM3MTD7NzMw+mpkZP0SLTD8AAIA/mpmZPzMzsz8IrMw/okXmPwAAAEBqvAxAmpkZQARW
JkDRIjNAAABAQM3MTEA3iVlABFZmQNEic0AAAIBANV6GQM3MjEACK5NAaJGZQM/3n0BmZqZA
nMSsQDMzs0BokblAz/e/QDVexkCcxMxAMzPTQJqZ2UDP999ANV7mQJzE7EACK/NAaJH5QM/3
/0AzMwNBTmIGQYGVCUG0yAxB5/sPQTMzE0FOYhZBgZUZQbTIHEHn+x9BMzMjQU5iJkGBlSlB
tMgsQef7L0EzMzNBTmI2QYGVOUG0yDxB5/s/QRsvQ0F/akZBmplJQbTITEHn+09BGy9TQWZm
VkGamVlBzcxcQQAAYEEzM2NBZmZmQZqZaUHNzGxBAABwQTMzc0FmZnZBmpl5Qc3MfEEAAIBB
mpmBQTMzg0HNzIRBZmaGQfT9h0GamYlBMzOLQc3MjEFmZo5BAACQQZqZkUEzM5NBzcyUQWZm
lkH0/ZdBmpmZQTMzm0HBypxBZmaeQQAAoEGNl6FBMzOjQc3MpEFmZqZBAACoQY2XqUEzM6tB
zcysQWZmrkEAALBBjZexQTMzs0HNzLRBZma2QQAAuEGamblBMzO7QcHKvEFmZr5B9P2/QZqZ
wUEzM8NBzczEQVpkxkEAAMhBmpnJQScxy0HNzMxBZmbOQQAA0EGNl9FBJzHTQc3M1EFaZNZB
AADYQZqZ2UEzM9tBwcrcQWZm3kH0/d9BjZfhQTMz40HByuRBZmbmQfT950GNl+lBJzHrQcHK
7EFaZO5B9P3vQY2X8UEzM/NBzcz0QVpk9kEAAPhBjZf5QTMz+0HNzPxBWmT+QQAAAELHywBC
mpkBQmZmAkIzMwNC+v4DQsfLBEKamQVCZmYGQjMzB0L6/gdCx8sIQpqZCUJgZQpCLTILQvr+
C0LNzAxCmpkNQmBlDkIzMw9C+v4PQs3MEEKTmBFCZmYSQi0yE0L6/hNCx8sUQpOYFUJgZRZC
LTIXQvr+F0LHyxhCk5gZQmBlGkIzMxtC+v4bQsfLHEKTmB1CYGUeQi0yH0L6/h9Cx8sgQpOY
IUJgZSJCOTQjQvr+I0LHyyRCmpklQmZmJkIzMydCAAAoQs3MKEKamSlCZmYqQjMzK0IAACxC
zcwsQpqZLUJmZi5CMzMvQgAAMELNzDBCmpkxQmZmMkIzMzNCAAA0Qs3MNEKamTVCYGU2QjMz
N0IAADhCzcw4QpqZOUJmZjpCMzM7QgAAPELNzDxCk5g9QmZmPkIzMz9CAABAQs3MQEKamUFC
ZmZCQjMzQ0L6/kNCzcxEQpqZRUJmZkZCMzNHQvr+R0LNzEhCk5hJQmZmSkIzM0tCAABMQs3M
TEKamU1CZmZOQjMzT0L6/k9CzcxQQpqZUUJmZlJCMzNTQgAAVELNzFRCmplVQmBlVkIzM1dC
+v5XQs3MWEKTmFlCZmZaQjMzW0IAAFxCx8tcQpOYXUJmZl5CMzNfQgAAYELHy2BCmplhQmBl
YkIzM2NC+v5jQs3MZEKamWVCYGVmQjMzZ0L6/mdCzcxoQpqZaUJgZWpCMzNrQvr+a0LNzGxC
k5htQmZmbkIzM29C+v5vQs3McEKamXFCYGVyQi0yc0IAAHRCx8t0QpOYdUJgZXZCLTJ3Qvr+
d0LHy3hCmpl5QmBlekIzM3tC+v57QsfLfEKTmH1CYGV+Qi0yf0L6/n9CZmaAQkrMgEKwMoFC
F5mBQn3/gULjZYJCSsyCQrAyg0IXmYNCff+DQuNlhEJKzIRCsDKFQheZhUJ9/4VC42WGQkrM
hkIzM4dCmpmHQn3/h0LjZYhCzcyIQrAyiUKamYlCff+JQuNlikLNzIpCMzOLQheZi0IAAIxC
ZmaMQs3MjEIzM41CmpmNQgAAjkJmZo5CzcyOQjMzj0KamY9CAACQQmZmkELNzJBCMzORQpqZ
kUIAAJJCZmaSQs3MkkIzM5NCF5mTQgAAlEJmZpRCzcyUQjMzlUKamZVCAACWQmZmlkLNzJZC
sDKXQpqZl0IAAJhCZmaYQs3MmEIzM5lCmpmZQgAAmkJmZppCzcyaQjMzm0KamZtCAACcQmZm
nELNzJxCMzOdQheZnUIAAJ5CZmaeQs3MnkIzM59CmpmfQgAAoEJmZqBCzcygQrAyoUKamaFC
AACiQmZmokJKzKJCMzOjQheZo0IAAKRC42WkQs3MpEIzM6VCmpmlQgAApkLjZaZCSsymQrAy
p0KamadCiQGoQmZmqELNzKhCMzOpQheZqUJ9/6lCZmaqQs3MqkKwMqtCF5mrQgAArEJmZqxC
SsysQrAyrUIXma1CAACuQuNlrkJKzK5CMzOvQpqZr0IAALBCZmawQs3MsEIzM7FCmpmxQn3/
sULpZrJCzcyyQrAys0KambNCff+zQuNltEJKzLRCMzO1QheZtUJ9/7VC42W2QkrMtkKwMrdC
F5m3Qn3/t0JmZrhCzcy4QrAyuUIXmblCff+5QuNlukJKzLpCMzO7QheZu0J9/7tC42W8QkrM
vEKwMr1CF5m9QgAAvkLjZb5CSsy+QrAyv0IXmb9Cff+/QuNlwEJKzMBCsDLBQheZwUJ9/8FC
ZmbCQkrMwkKwMsNCF5nDQn3/w0KRbcRCzczEQjMzxUKamcVCAADGQmZmxkJKzMZCMzPHQpqZ
x0IAAMhCZmbIQs3MyEIzM8lCmpnJQgAAykJmZspCzczKQjMzy0IXmctCAADMQmZmzELNzMxC
MzPNQpqZzUIAAM5CZmbOQs3MzkIzM89CmpnPQgAA0EJmZtBCzczQQrAy0UKamdFCAADSQuNl
0kLNzNJCsDLTQheZ00IAANRCZmbUQs3M1EIzM9VCF5nVQgAA1kJmZtZCzczWQjMz10IdmtdC
AADYQuNl2ELNzNhCMzPZQpqZ2UIAANpC42XaQs3M2kKwMttCF5nbQgAA3ELjZdxCzczcQjMz
3UKamd1CAADeQmZm3kLNzN5CsDLfQheZ30IAAOBC42XgQs3M4EIzM+FCF5nhQn3/4UJmZuJC
zcziQjMz40IXmeNCff/jQuNl5EJKzORCMzPlQpqZ5UIAAOZCmG7mQs3M5kIzM+dCmpnnQn3/
50LjZehCSszoQrAy6UKamelCff/pQuNl6kJKzOpCMzPrQpqZ60J9/+tCZmbsQs3M7EKwMu1C
F5ntQn3/7UJmZu5CSszuQrAy70IXme9CAADwQuNl8EJo0fBCsDLxQheZ8UIAAPJC42XyQkrM
8kKwMvNCmpnzQgAA9ELjZfRCSsz0QrAy9UIXmfVCff/1QuNl9kJKzPZCMzP3QheZ90IAAPhC
42X4QkrM+EIzM/lCF5n5QgAA+kLjZfpCSsz6QrYz+0IXmftCff/7QuNl/ELNzPxCsDL9QpqZ
/UIAAP5CZmb+QrLd/kI/Nf9Cmpn/QoMAAEMzMwBDZmYAQ5qZAEPNzABDAAABQzMzAUNmZgFD
WJkBQ83MAUMAAAJDMzMCQ2ZmAkNYmQJDzcwCQwAAA0MzMwNDZmYDQ1iZA0OLzANDAAAEQzMz
BENmZgRDmpkEQ83MBEMAAAVDMzMFQ2ZmBUNYmQVDzcwFQwAABkPyMgZDJWYGQ5qZBkPNzAZD
vv8GQzMzB0NmZgdDmpkHQ4vMB0O+/wdDMzMIQ2ZmCENYmQhDzcwIQ77/CEPyMglDJWYJQ5qZ
CUOLzAlDAAAKQzMzCkMlZgpDmpkKQ83MCkMAAAtDMzMLQ2ZmC0OamQtDzcwLQwAADEMzMwxD
ZmYMQ5qZDEOLzAxDvv8MQ/IyDUMlZg1DWJkNQ4vMDUMAAA5DMzMOQyVmDkNYmQ5DzcwOQ77/
DkMzMw9DZmYPQ1iZD0PNzA9Dvv8PQ/IyEENmZhBDmpkQQ83MEEO+/xBDMzMRQyVmEUNYmRFD
i8wRQwAAEkMzMxJDJWYSQ1iZEkOLzBJDAAATQ/IyE0NzaBND55sTQ4vME0MAABRD8jIUQyVm
FENYmRRDi8wUQ77/FEPyMhVDZmYVQ1iZFUOLzBVDvv8VQ/IyFkMlZhZDWJkWQ83MFkO+/xZD
MzMXQ2ZmF0NYmRdDi8wXQ77/F0MzMxhDJWYYQ1iZGEOLzBhDvv8YQzMzGUOoZhlDWJkZQ1bO
GUO+/xlDMzMaQ2ZmGkNYmRpDzcwaQwAAG0MzMxtDZmYbQ5qZG0PNzBtDAAAcQzMzHENmZhxD
mpkcQ83MHEMAAB1DMzMdQ2ZmHUOamR1DzcwdQwAAHkMzMx5DZmYeQ1iZHkPNzB5DAAAfQzMz
H0NmZh9DmpkfQ83MH0MAACBDMzMgQyVmIEOamSBDzcwgQwAAIUMzMyFDZmYhQ5qZIUPNzCFD
AAAiQ/IyIkNmZiJDmpkiQ4vMIkMAACNDMzMjQ2ZmI0MMoiNDzcwjQwAAJEPyMiRDZmYkQ1iZ
JEOLzCRDvv8kQ/IyJUNmZiVDmpklQ83MJUMAACZD8jImQ2ZmJkNYmSZDi8wmQ77/JkMzMydD
x2snQ1iZJ0PNzCdDvv8nQ/IyKEMlZihDmpkoQ83MKEMAAClDMzMpQ2ZmKUNYmSlDi8wpQwAA
KkMzMypDJWYqQ1iZKkPNzCpDvv8qQzMzK0MlZitDmpkrQ4vMK0MAACxD8jIsQyVmLEOamSxD
i8wsQ77/LEPyMi1DZmYtQ1iZLUPNzC1DAAAuQzMzLkMlZi5DWJkuQ4vMLkO+/y5D8jIvQyVm
L0NYmS9Di8wvQwAAMEPyMjBDqGYwQ1iZMEOLzDBDvv8wQ/IyMUNmZjFDmpkxQ4vMMUMAADJD
MzMyQyVmMkNYmTJDi8wyQ77/MkPyMjNDJWYzQ1iZM0OLzDND</AssayXData><AssayYData Points="900">AAAAAOQHoLqzDjS7WYszOqqR9jrUj1M7eJxlO1PrXTs7EQQ80u0APHe38TtbeSs8/4kIPFWr
PjzxhnI83Z4fPBUwQjxpKXI8YvVUPJo8jTzcy4o8TkaOPABmajzLcnE8WX2FPLOhgzyveaY8
RSyUPEi/lzxKP6c8Sf22PDomuDwEVtE8euuvPGKCvzyPlcE8B/7IPImy1zzmEMs8HxrUPONi
yzxYgMQ8YzXVPHIDxjzRT848XKPqPC4t2zytmP08eBrVPKLo5jyah/g8YhcGPSLz5jw9zwU9
b8ABPVHTAj2wPvE8pXv4PNxTCT0EJwc9nscCPdY5FT0/WvA8XLH4PFAsGD0kDQk9FKUFPafi
Cj0qEhE9wYkXPc/OFj2SJxI9M/YdPa9+IT3eQCY9TqcoPTQ0Lj2H8R09WtslPbtsMD3CjyA9
XD0dPdieIT0Glhg9sHAoPdn+Oj2tOUE9dIEePbh1HD1/yzU9wIcsPQsiLz2s7h890WU3PSxY
NT05Pi89ALNBPcjaPz1dikQ9m/g7PZlUQj3Afz093To4PfkSNj25Z0Y9tCw+PT9sOT061T49
ZsNFPeVxRD3120A994ZJPWS3TT1ft0A9OH5JPRcuTD2WYks90cNSPfWoQT2ZLEU9xB5HPa+p
VT2dYFw9cvNVPW9lTz3GAVg9pPNaPQhCUz3jm1U9XK9KPc4wUz23dWY9V/RXPTXEZD0wSGE9
3sBqPTV2YT2UjlI9WPxYPd2ZRz1Pi2M98UJ1PaeuZz3uv3E9xNRpPdDeWj0bt2I9DtdcPeYJ
gD36hnA9iIlmPaf1bD2YEnU9rQp0PXITgD3Xf209D49qPWJweD1qVXA9Vp12PRD2ej2mGHo9
rXVyPRUtfT0zDX09Oep/PXNUfz0cV3k9CZOBPbqRdz1ctHk94TuDPbSbhD3rcoM9jkKDPWOI
gj2cuoA9NwqCPV2SgD0xJII9O7SHPSnldz04zoU9v36GPRjChj2Yu4Y92rSHPSj4hj0vQ4k9
20B/PVj9hz1OtI49lweQPaBRiT0FG5E9TVORPVfckT2KeY498PSHPYL8jz0e2pA9N2KMPf2P
hz0CDJA9586KPTjhkj0nIpA90GOSPYLnkz3/fYg9UyyTPcL7jD2CqY49a26RPf3Hij2xVJU9
ZpGWPSLpkj3WxZU9hrKSPeIrkD3TEZQ9qA6TPUDnlj1mg5E9DNeUPSfnmD3MspI9tI6UPQGr
nD0NMJg9vjubPW7snT0OtJs9VQmcPReXmj3wBZ09OQiZPZvbpj3bA6E9Xu6XPcftmz3xdJ89
UCicPSFanj3Y46A9Z7SaPfnkmz2d5Jo91d6jPdq8oD1RAKQ9ClinPZ/4nj1gk6A9PjecPaVz
pj0K0KM9sFqnPahGnz3y96I9MH+sPSKDoD2ai6M97EukPToQrz3/OKc96BSpPQNvoT0vCqk9
1ZmnPe9Rqz3/qqg9eJayPcSwqT0Efqs9hGqsPXUaqD3HU6o9czCpPcyQpz2jr6c9Y+KvPVh6
qD2xz6o9ER2vPd5IrD3OI7A9vW+oPVzZqD0AELE9TEqtPcIzrT0+TKw9Gx2zPV0nrj39D7o9
ocKwPXd+sT3426o9RHiyPWefrj3Bc7A9jjmxPeYztT2P5LM95u21Paejqj3dArU9u6G5PcjP
uz2r17Q9Qz2uPVe6tz1ejLE9ddu1PRDztz1Gjbc9R+S1PU6ntT22w7c9Sru2Pa9Lsz0b77Q9
0uq7PTwOuT1wk7s9KGu4PUkPuz1waL49V264PRyiwD05Mbw9meG8PWy2tT3WQrg9iGa+PQD2
tj3G7bk901O/PWHXvT1SqsA9nV69PZ+txj3OMr89MrvJPaA5wT05KL495/O/PcSkuz3DVrw9
uGrDPSVnxD1PFr49mJK8PTudxT0AuMs9F3HGPaePwD0g6Mg9Z2XFPdf3wz0tQ8c9xV3IPaas
yT3B1MM9l1nLPTyoyj29Qcw9PZvGPSoXzT1vics9mjDJPWFsxT25I8w9uTLGPXV20j3ascw9
hnbRPU0+0j2yucw9OTrJPfMIyD1CeNA9cfDFPes1yz2Kgcs95kPKPULNxj3n6sU9hKLNPSiX
zT1+rtI9wFXMPSIW0T1/Zcw9t6/MPYWJ0D3fG9I9/MLNPSIQzz2byM89sVHXPSyDzT3IldA9
ulnQPZR7zz0VWsw9/QLPPYwD0j2pcs89NxrQPc8p0z07btE9TKLPPdUb2z1yF9c9COXXPVIW
2T2aZ9I9jnbUPXdK1j2Jftc9BiHWPak/zz0lsNU9CpnVPW5e3z1dBNg9YB7aPbhb1D2Fk9Q9
Js3bPZjj2z1hPd09urHXPbwF1j2TudY90qTcPW2X1z0JM949/DXXPdGs2j2x1d8937XdPVh2
3z3DkN49wujmPRy42z2Pt989zk/jPewz2T3dreA93njfPTVv4j1I0uA9xlXiPaNu2j2BBOY9
omzlPUYi4T0IL+E9JlTdPWaf4T0IOOE9i5rePQrz3D0nftw9l3DkPY6/4z3ZSdk9HfTjPSsK
4j2xL+M9J0TgPX9q5D2zhek9tTfiPe5i5z2sE+o93yLmPSzK4z0NReE9+wfnPar/4D2uxOU9
xOLpPRAH7z2GU9099CntPbI77T17duM9EW7tPdha6D18/uM9wz7sPQlo5z2TZek9k0DpPdWG
8D3zC+s9IzDkPW3h4z14NOM9BjvlPX2o6z0RCOw9NIfuPT/J5T0K8ec9VEvxPT8x7D0/ku09
qljxPXAp8D2w3u09BWvxPT/v8D1ZXO09mRjpPZ+X6j37J+Y9m77rPXdE8T1ITuk9laP3Pe37
8D1i5fE9mNP0PS6/9z2kk/A9PgPwPUbb7T36hvA9fZf6Paf78z08YvQ93DX0PRL87j3OofI9
c5DzPRTQ7j1Vdfc90pj3PaOa7T2TLfE9gIT2PTqf9T3NuPI9/PnrPU5N8j3T+vY9xhz0PZWP
8T2QYfY9RP70PbEi/D3Y3Pc9k2j4PY7w9D0zdvo90Qb7PUKc/T16rvg9QHr3PRmT+z2bM/g9
rIMBPgIM9T2XlPo9Fv/9PShW/j3rw/49nCP4Pfkr/D0FIPo9HNL5PY4A9j0fofk9UtP4PVV5
8T0ePvw9iGUAPngu+D3Pk/c93HL6PbsvAD5ikf49wsH7PeJw/D2zkvw9lawAPrTs+T1gewE+
fVj6PQ7uAD6ns/o9gJUFPkZQ/T2fzwE+EAsCPjnsAj6WhAI+vIv+PQElAz446AA+QCD8PYK+
/z3dpQI+HN4CPsFoAD4a2v895kQCPnNOAT5ulwI+0tgDPvcIAj4JxPw9K43+PeqUAj7pVv89
hYYCPvARAT5MXgI+jzf/PW7Y/T3s2QI+S7kBPgTOBD63yQA+JvoEPrR1Az6/Owc+KtwEPlDY
Aj7CBwM+5V0GPqa9AT4CEwI+ze0GPvoUBD4khwM+A/kCPtdVAT7PvwU+9z4HPi3/Bj7cigM+
arwCPgSjAz7kLwc+GFcFPll/Aj7tHQg++xUCPhb9BT4OWAQ+wt0GPlAnBz7towU+f9oEPswU
BT7TXQY+R6wFPspjCD5/CgY+gbkIPme6Bj5bGQc+yz4HPvYbCT6uTgg+CYwHPgsmBz77+Qg+
twoGPjSZCT7z5AM+tFwJPnrTCD43Cgo+8r4JPrUbCj7Obgo+IU0HPrT4Bz5QFAo+7YgIPigA
DT70oAw+Q7AGPodqCD4IAQs+LswJPlQBCD4vFgo+pWUHPg2nCj6axQo+eJ4JPtyrDT6cdQk+
cZgLPpBeCj41sgk+/mgLPn9NBz7lsQs+d/gKPiXFED5RMgo+ST0JPjLJDD72xws+M7EJPndK
DD6inws+GSkOPgHiDD4iigo+EQkJPnDVCT42tgo+0dELPnm7Cj6lXgo+V/8LPko/Ez6c/w0+
9QcOPhsfCz4d+w0+M3kOPgX3Bz4RvA0+6M4OPo9nDT6N2Q0+1cEOPrPsDT7g/A8++hcNPsEk
Ez4PkA4+EM4PPtOgDj6z9g8+UvgPPh7oEz43UA0+EUERPgLsDT4FZQ8+bIASPn0hDD5N/g0+
uTcRPnmmDT7iVBA+fM4RPpnhDj6gURE+RZUPPgsxET5YoA8+eJoOPmDLDz56EQ8+Wn0NPju4
Dz72DRA+2kgRPlUZET6oChE+zVUTPsA9ET4w1xA+oLwQPpsQET6d6BE+7+YTPkuTED5/iBI+
xe4OPuh4FD6tXRA+060VPh5jEz4p5g4+310VPixxFD7A2hM+aPsQPnnFEz59MRI+cpMXPjbq
ED7B8RA+IyETPi9LEj5sAhA+R54TPiVjEj6odRI+sfUSPrd7GD5hXxQ+/YcTPqdZFj5WQxI+
Tj8SPnAwFD5ZUxQ+nowTPtjsEz6PAhU+alcUPhLaFD70wxI+xxYVPtE6Ez5YCRM+oS0UPqWh
Fj5NBBU+i5gUPjzlGD7jJxQ+UgwVPiO3Fz7MnRQ+MngUPgdIEj7JEBY+1TwRPtcwGD7VUhY+
UY0TPmx6ET5u4xU+FksWPk1/GT5BIBg++SMXPlj2FD4Lkhc+Hy8XPsbREj7N5RY+aegWPgIJ
Fz6aphY+axgUPuIBFj4UeRg+JtwVPk9zFj7jUBQ+MKkVPmFkGD6xqRc+reIXPgTdFD4gQhg+
42MWPtpsGz7msxU+Kk4ZPtivGD7oXRQ+XdQYPtw+HD4wpBY+lfgWPhH9GD4khho+W0oaPtbZ
Gj6zFRY+dhkWPntwGD5iMhc++dsYPoX+GD73uhw+zGQXPqL/Fj4reRk+jboZPs6wGD7Guhs+
IYYbPpoXGj5kWh0+aYUWPua+GT5ptxo+ND4ePmFHGj656xo+</AssayYData></Step><Step><CommonData><SampleLocation>2</SampleLocation><SampleID>10mM Glycine pH1.7</SampleID><SampleGroup></SampleGroup><SampleInfo>or other Regeneration solution</SampleInfo><SampleRow>E</SampleRow><SamplePlate>1</SamplePlate><WellType>REGENERATION</WellType><Concentration>-1</Concentration><ConcentrationUnits>µg/ml</ConcentrationUnits><MolarConcentration>-1</MolarConcentration><MolarConcUnits>nM</MolarConcUnits><MolecularWeight>-1</MolecularWeight><Temperature>30</Temperature><StartTime>969225</StartTime><AssayTime>20</AssayTime></CommonData><FlowRate>1000</FlowRate><StepType>CUSTOM</StepType><StepName>condition</StepName><StepStatus>OK</StepStatus><ActualTime>20</ActualTime><CycleTime>0.2</CycleTime><AssayXData Points="100">vv8zQ3QzNEMkZjRDWJk0Q4vMNEN8/zRDsDI1Q+NlNUNYmTVDi8w1Q4sMNkNRODZDJGY2Q5mZ
NkNJzDZDfP82Q/EyN0PjZTdDn5o3Q0nMN0O+/zdD8TI4Q+NlOEMWmThDScw4Q77/OEOwMjlD
42U5QxaZOUNJzDlDfP85Q7AyOkPjZTpDFpk6Q0nMOkODADtDsDI7Q+NlO0MWmTtDi8w7Q3z/
O0OwMjxD42U8QxaZPENJzDxDfP88Q/EyPUPjZT1DFpk9Q0nMPUO+/z1DsDI+Q6hmPkMimz5D
Scw+Q3z/PkOwMj9D6WY/QxaZP0OLzD9DfP8/Q7AyQEPjZUBDFplAQ4vMQEN8/0BDsDJBQ+Nl
QUOZmUFDScxBQ3z/QUPxMkJDJGZCQxaZQkMOzUJDvv9CQ/EyQ0MkZkNDWJlDQ0/NQ0O+/0ND
8TJEQyRmRENemkRDi8xEQ77/REPxMkVDJGZFQ1iZRUOLzEVDvv9FQ/EyRkMkZkZDWJlGQ4vM
RkO+/0ZDdDNHQ+NlR0NYmUdDi8xHQw==</AssayXData><AssayYData Points="100">zXNkvm8BOL7Mhhq+UkYMvtmbDb6isge+lRwLvr9AEr6/vxa+qS4cvrXgJr7nZyO+AuwpvkGO
Lb52hTS+ZNE1vqlDO74kYkC+DyREvi6OQ76HgUW+tWVNvmnxS75I4lG+3idXviwUV76zhV6+
AXBevs45Yr7YKmW+VtFkvv2oZL5hn2u+8ZdrvtR0cL4gIHC+sVB0vvyDdr519Xe+Ped3vv9K
eL62iXi+zbh9vhbqgb4fIYG+aZaCvqhggr4a24K+jNiEvmaDhr76NIW+IC6Fvmyshb4ElYm+
e9GIvoXOiL6aaYm+pE+Jvr2+jL61Uou+P/uLvik6j75vdI++REqPvuUnj77JhJC+oCaQvjh8
kb5EfJC+K9ORvk1fkr6gjJO+ncaUvlvGlL7zFpO+ptuTvvePlb4L2Za+MHaYvq0Vmb7foZi+
OXGZvj62l75cipq+dxeZvsDWmb6cfpq+/OWZvhkEnb5Scp2+dbydvhjZnL6b8J6+iM2gvpRA
n77PU6G+PByhvsQYob57sqG+3Z6hvg==</AssayYData></Step><Step><CommonData><SampleLocation>1</SampleLocation><SampleID>Running Buffer</SampleID><SampleGroup></SampleGroup><SampleInfo></SampleInfo><SampleRow>E</SampleRow><SamplePlate>1</SamplePlate><WellType>BUFFER</WellType><Concentration>-1</Concentration><ConcentrationUnits>µg/ml</ConcentrationUnits><MolarConcentration>-1</MolarConcentration><MolarConcUnits>nM</MolarConcUnits><MolecularWeight>-1</MolecularWeight><Temperature>30</Temperature><StartTime>995049</StartTime><AssayTime>20</AssayTime></CommonData><FlowRate>1000</FlowRate><StepType>CUSTOM</StepType><StepName>condition</StepName><StepStatus>OK</StepStatus><ActualTime>20</ActualTime><CycleTime>0.2</CycleTime><AssayXData Points="100">vv9HQ7AySEMkZkhDWJlIQ0nMSEN8/0hD8TJJQyRmSUNYmUlDi8xJQ77/SUPxMkpDJGZKQxaZ
SkOLzEpDfP9KQ7AyS0MkZktDFplLQ0nMS0N8/0tDsDJMQ+NlTENYmUxDScxMQ3z/TEOwMk1D
42VNQxaZTUNJzE1Dvv9NQ7AyTkOuZ05DFplOQ0nMTkN8/05DsDJPQ+lmT0MWmU9DScxPQ3z/
T0OwMlBD42VQQxaZUENJzFBDiQFRQ7AyUUPjZVFDFplRQ4vMUUN8/1FDsDJSQyRmUkMWmVJD
0s1SQ3z/UkOwMlND42VTQ1iZU0NJzFNDfP9TQ/EyVEPjZVRDFplUQ0nMVEN8/1RDsDJVQ+Nl
VUNYmVVDi8xVQ77/VUPxMlZDJGZWQ1iZVkOLzFZDvv9WQ7YzV0MkZldDWJlXQ4vMV0O+/1dD
8TJYQyRmWENYmVhDi8xYQ77/WEPxMllDJGZZQ1iZWUOLzFlDvv9ZQ/EyWkMkZlpDKJxaQ0nM
WkN8/1pD8TJbQyRmW0OZmVtDi8xbQw==</AssayXData><AssayYData Points="100">0fgCPpcehz2Bjhs9EsTjPLP+ojzaaII8CW2MPH7sgTzTiok824CXPEINnjzcALA88c3UPMS1
xjx1S+k8trXhPGjPBD0gueU8jgffPMllAD2IEQw9obwCPXNq/DxaCAo9BewVPYn8FD3/ABA9
2HQePVXeHD0gDR49JUMNPTqaFz2ZpBA9/B4fPYAOHj33UCI9Hc4sPdKoID3AtTo9aMEuPZTK
ND2viiw9K50tPQBCKD2fQCw9Vxg0PSyvQT2JQDY9v0UyPZhyPz32hzg9fFZIPcN6PD2w7Tc9
PhE0PU1FRT3lD0o9PZ02PXnjRD2JwEE9/LZDPSb0SD1lPDw9B0lCPRKYRD3Ah009sTNGPRAB
Sj10mEQ9iJlMPd3paD3twFA9TV5APQfXWz3OMVg9UQZMPaPbUz0p0VI9GvhhPTI/VT3CBGE9
9YxHPQTvVj2CE0k9sdRcPabCTz2KmVY9egxtPc2cWz1E/l89nqFjPX5YYT2mGmg9Nd9QPVPK
cj2cw189pqtTPSSZYz18smE9RipkPQ==</AssayYData></Step><Step><CommonData><SampleLocation>2</SampleLocation><SampleID>10mM Glycine pH1.7</SampleID><SampleGroup></SampleGroup><SampleInfo>or other Regeneration solution</SampleInfo><SampleRow>E</SampleRow><SamplePlate>1</SamplePlate><WellType>REGENERATION</WellType><Concentration>-1</Concentration><ConcentrationUnits>µg/ml</ConcentrationUnits><MolarConcentration>-1</MolarConcentration><MolarConcUnits>nM</MolarConcUnits><MolecularWeight>-1</MolecularWeight><Temperature>30</Temperature><StartTime>1020697</StartTime><AssayTime>20</AssayTime></CommonData><FlowRate>1000</FlowRate><StepType>CUSTOM</StepType><StepName>condition</StepName><StepStatus>OK</StepStatus><ActualTime>19.999</ActualTime><CycleTime>0.2</CycleTime><AssayXData Points="100">v/9bQ7EyXEPkZVxDF5lcQ4zMXEN9/1xD8jJdQyVmXUNZmV1DSsxdQ7//XUOxMl5DJWZeQxeZ
XkNKzF5Dff9eQ7EyX0PkZV9DF5lfQ0rMX0N9/19D8jJgQ+RlYEMXmWBDSsxgQ33/YEPyMmFD
5GVhQxeZYUNKzGFDff9hQ3UzYkPkZWJDF5liQ0rMYkO//2JD8jJjQ+RlY0MXmWNDks1jQ33/
Y0OxMmRD5GVkQxeZZENKzGRDff9kQ7EyZUPkZWVDF5llQ0rMZUO//2VDsTJmQ+RlZkMXmWZD
jMxmQ33/ZkOxMmdD5GVnQxeZZ0NKzGdDAQBoQ7EyaEMlZmhDWZloQ4zMaEO//2hD8jJpQyVm
aUNZmWlDjMxpQ7//aUPyMmpDJWZqQ1mZakOMzGpDv/9qQ/Iya0PkZWtDWZlrQ4zMa0O//2tD
sTJsQyVmbENZmWxDjMxsQ33/bEPyMm1DJWZtQ1mZbUOMzG1Dv/9tQ/IybkMlZm5DWZluQ0rM
bkO//25D8jJvQyVmb0MXmW9DSsxvQw==</AssayXData><AssayYData Points="100">DQDIvum7r75ZG5y+srWSvtZQjr5tGIy+LOSLvgaNi74nkY6+jDKOvsdPj76KfY++CnaRvvON
k75rOpO+eG6VviBZlr6w0Ze+4TWYvjKclr483pi+wLmZvimfm74IBZu++lWdvggpnr48TJ6+
+r6fvpyqoL5pL5++s3mevi5En77feaK+nMSivtZTor5ufKO+Ru6jvmsppL7SqqS+IeGlvpL6
pb5Hcqa+Z+WnvgUCp76gjKa+r2ipvoYIqb5vi6e+tEipvkDxqb7Lnau+w8unvgtyq765R6y+
HRmqvg8Jq75Hday+Fb+rvuxrrL7iW66+ntasvovJrb6Dra++WMqtviKzr76K2K6+J9awvheu
rr5FobC+fyuwvqd+sb7nRrC+kyWyviqKsb44KbO+s1CyvjzGsr5Hg7S+pXGyvspds74/abO+
3TW0vrlEtL7evrO+i5GzvjkFtL5ry7S+IU62vqOvtL6T97a+fKC2vklwt74krLa+0AG4vsKT
uL6W1re+DgS4voHBt77E67i++Y63vg==</AssayYData></Step><Step><CommonData><SampleLocation>1</SampleLocation><SampleID>Running Buffer</SampleID><SampleGroup></SampleGroup><SampleInfo></SampleInfo><SampleRow>E</SampleRow><SamplePlate>1</SamplePlate><WellType>BUFFER</WellType><Concentration>-1</Concentration><ConcentrationUnits>µg/ml</ConcentrationUnits><MolarConcentration>-1</MolarConcentration><MolarConcUnits>nM</MolarConcUnits><MolecularWeight>-1</MolecularWeight><Temperature>30</Temperature><StartTime>1046171</StartTime><AssayTime>20</AssayTime></CommonData><FlowRate>1000</FlowRate><StepType>CUSTOM</StepType><StepName>condition</StepName><StepStatus>OK</StepStatus><ActualTime>19.999</ActualTime><CycleTime>0.2</CycleTime><AssayXData Points="100">ff9vQ7AycEPjZXBD1ZhwQ0rMcEM7/3BDbzJxQ+NlcUPVmHFDCMxxQzv/cUNvMnJD42VyQxeZ
ckNKzHJDO/9yQ28yc0OiZXND1ZhzQwjMc0N9/3NDbzJ0Q6JldEPVmHRDCMx0Qzv/dEN1M3VD
42V1QxeZdUMIzHVDO/91Q7AydkOiZXZD1Zh2QwjMdkM7/3ZDsDJ3Q6Jld0PVmHdDCMx3Qzv/
d0NvMnhD42V4Q9WYeENKzHhDff94Q28yeUOiZXlD1Zh5QwjMeUN9/3lDsDJ6Q6JlekPVmHpD
i8x6Q33/ekOwMntD42V7QxeZe0NKzHtDff97Q7AyfEPjZXxDF5l8Q0rMfEN9/3xDsDJ9Q+Nl
fUPVmH1DSsx9Q33/fUOwMn5D42V+QxeZfkNKzH5Dff9+Q28yf0PjZX9D1Zh/Q0rMf0N9/39D
NxmAQ9AygEOLTIBDJGaAQ75/gENYmYBD8bKAQ2rMgEMk5oBDvv+AQzcZgUPxMoFDi0yBQyRm
gUO+f4FDN5mBQ/GygUNqzIFDBOaBQw==</AssayXData><AssayYData Points="100">IUr7Peq5YD3OTqg82WMEPIhtSjs2vAg7mzelOrRoWLsClXM7gyTfODWZDTtrmQE83/nRO6LT
HTzTwOk7WlwaPB7PKDyIQ0I8wYQvPLXQTzzEEoA8SfiUPL8OjzzWtZU8reGWPHl9lTxdppg8
nHOxPGfzgTzX2lM8INSVPGYcqzy34oA8Pdi7POtWmzx2LrI8lnK5PC8tqTwMD7w8STqtPDJd
nzzM18Y8bYuyPE6kxTyvkaQ8GvnAPOETuTzcyMY8J0utPCMB0jy2X8g80kXUPN7e1DzqHOE8
xeD1PAZC4zwIQek8BwfbPKjt6TxFlN081vPBPMMu6TzkVgE9Y4bXPCcm7Dx5GPM8lVv5PBTW
2jxTwec8O+TrPHvX7jxvcto854j0PF56+Dy4+PY8cLDlPOxIAD3jPAA9tSMRPdvF+DwhyQk9
Nc3vPOXWBD2hpwo9WSIMPRNZCz1loPU8glwAPc/7ET2IvwQ9igwOPZLyBz0J+As9Bb4TPchF
GD1/aQU9KUcKPZ5/BT0ysw89EoEOPQ==</AssayYData></Step><Step><CommonData><SampleLocation>2</SampleLocation><SampleID>10mM Glycine pH1.7</SampleID><SampleGroup></SampleGroup><SampleInfo>or other Regeneration solution</SampleInfo><SampleRow>E</SampleRow><SamplePlate>1</SamplePlate><WellType>REGENERATION</WellType><Concentration>-1</Concentration><ConcentrationUnits>µg/ml</ConcentrationUnits><MolarConcentration>-1</MolarConcentration><MolarConcUnits>nM</MolarConcUnits><MolecularWeight>-1</MolecularWeight><Temperature>30</Temperature><StartTime>1071803</StartTime><AssayTime>20</AssayTime></CommonData><FlowRate>1000</FlowRate><StepType>CUSTOM</StepType><StepName>condition</StepName><StepStatus>OK</StepStatus><ActualTime>20</ActualTime><CycleTime>0.2</CycleTime><AssayXData Points="100">nv+BQzgZgkPRMoJDa0yCQ+RlgkN9f4JDF5mCQ9GygkNrzIJDBOaCQ57/gkO7GYNDsDKDQ2tM
g0PkZYNDnn+DQziZg0PRsoNDSsyDQwTmg0N9/4NDFxmEQ7AyhENKTIRD5GWEQ55/hEMXmYRD
sLKEQ2vMhEPk5YRDff+EQxcZhUOwMoVDa0yFQytnhUOef4VDF5mFQ7CyhUNKzIVD5OWFQ33/
hUMXGYZDsDKGQ0pMhkMEZoZDfX+GQxeZhkOwsoZDa8yGQ+TlhkN9/4ZDFxmHQ7Ayh0NKTIdD
5GWHQ31/h0MXmYdDsLKHQ2vMh0Pk5YdDnv+HQxcZiEOwMohDa0yIQ+RliEN9f4hDOJmIQ7Cy
iENKzIhDBOaIQ33/iEM4GYlDsDKJQ2tMiUMEZolDnn+JQziZiUNhtYlDa8yJQwTmiUOe/4lD
OBmKQ9EyikNrTIpDBGaKQ55/ikM4mYpD0bKKQ2vMikME5opDnv+KQzgZi0PRMotDa0yLQwRm
i0Oef4tDOJmLQ9Gyi0NrzItDBOaLQw==</AssayXData><AssayYData Points="100">S9DmvmiWz75dNrm+5lmuvvIUqb47haK+DtGhvqdwo763xqO+KhKmvkuipL46Wqi+uqeovjGm
qL4rGam+aPyqvoohqr7hfay+BxmtvkeHrb4pG62+Jxyuvo5jr740xa++AgexvgtOsb6lBLG+
JgKzvs3Asb4gq7O+T+uyvlW0s75DmbO+vVi1vvDXs77WOLW+8Ii0vmeWtb4ceLe+YcS2vrcu
t77a2La+qQy5vu7gt74Mgbe+8k66vrt2uL7Jqrm+B7u6vs9rur7bFry+aHW6vsNmvL5hlbu+
vBC8vmGwvr5bG76+Xqy6vqdwvb4ocb6+UpK9vjRmvr74Xb2+ggrAvjXbvb4tSMC+Jlm/vghu
wL6PPsG+CbO/vloywL7+A8K+2hi/vpR1wb6J/8G+h2jBvot1wb43zcG+C2/CvtnYwr7VJMO+
WAPCvqq1w77SGsK+vp/Fvi2lw75zmsW+TwrEvjwhxb4TdsS+XdzDvtSYxL6mYsa+DdfCvnRh
xr5PtsS+OdLFvqZCxr73xcW+3LbFvg==</AssayYData></Step><Step><CommonData><SampleLocation>1</SampleLocation><SampleID>Running Buffer</SampleID><SampleGroup></SampleGroup><SampleInfo></SampleInfo><SampleRow>E</SampleRow><SamplePlate>1</SamplePlate><WellType>BUFFER</WellType><Concentration>-1</Concentration><ConcentrationUnits>µg/ml</ConcentrationUnits><MolarConcentration>-1</MolarConcentration><MolarConcUnits>nM</MolarConcUnits><MolecularWeight>-1</MolecularWeight><Temperature>30</Temperature><StartTime>1097296</StartTime><AssayTime>20</AssayTime></CommonData><FlowRate>1000</FlowRate><StepType>CUSTOM</StepType><StepName>condition</StepName><StepStatus>OK</StepStatus><ActualTime>19.999</ActualTime><CycleTime>0.2</CycleTime><AssayXData Points="100">nv+LQzgZjEPRMoxDa0yMQwRmjEOef4xDOJmMQ7CyjENrzIxDBOaMQ57/jEM4GY1DdTONQ2tM
jUMEZo1Dnn+NQziZjUPRso1Da8yNQ+TljUOe/41DFxmOQ7AyjkNrTI5DBGaOQ55/jkM4mY5D
0bKOQ0rMjkOH5o5Dnv+OQzgZj0PRMo9DSkyPQ4dmj0Oef49DOJmPQ9Gyj0OszI9DBOaPQ57/
j0M4GZBDsDKQQ0pMkEMEZpBDfX+QQxeZkEOwspBDa8yQQwTmkEOe/5BDeRmRQ7AykUNKTJFD
5GWRQyGAkUMXmZFD0bKRQ0rMkUME5pFDff+RQzgZkkPRMpJDa0ySQ21nkkN9f5JDOJmSQ7Cy
kkNrzJJD5OWSQ4oBk0M4GZND0TKTQ0pMk0PkZZNDnn+TQziZk0PRspNDa8yTQ+Tlk0N9/5ND
FxmUQ7AylENKTJRD5GWUQ31/lEMXmZRD0bKUQ0rMlEPk5ZRDnv+UQxcZlUOwMpVDSkyVQ+Rl
lUN9f5VDF5mVQ7CylUNKzJVD5OWVQw==</AssayXData><AssayYData Points="100">wtT8PR10Pj3bsGQ8Ps56u+rm7btsXf67wvniu1DwEryejeK7uXoGvEQLZ7tz7/C7FRFcu23b
wro0+h07uEEWO50EdrmtO8i6hv1PO7YKQztcq5U6dsjSO0jRkDs3wHY7anb5OtePCTzX0lM7
5HMAPKQ+wzsUywA8ft8IPHZO5Du7ETA8jyDfO2jLKTz0sSU80CISPK7qKDwvxP875QxjPP5c
Xjx2wjw8b2AtPHUxMDwbMkA8kyZ1PBE1PTyyCoU8xqFHPOs4PTxxU088PtFxPGJNZTywcIY8
rCNqPHfwZTyVGoo8Oq92PF9HijyLm3k8xhiHPMbkhzx+zZU8KDCZPFP7hzyjyZw85Rh5PNgY
cDx7Doc8AA+ZPEdbmDxMI6s8GS+pPNesmjzdEpI85QWtPBjxjjwvFZs8yGKsPOCYqTwlYbs8
zRSGPHRaojytKp08PAGgPDbgwjytY6U8rp61PAOmqzy8Nqc8jzi2PGS5yTw5Tbw8nzC9POJQ
pDxCVrw8KCStPOwvvDwQlac8k7mvPA==</AssayYData></Step><Step><CommonData><SampleLocation>3</SampleLocation><SampleID>Running Buffer</SampleID><SampleGroup></SampleGroup><SampleInfo></SampleInfo><SampleRow>E</SampleRow><SamplePlate>1</SamplePlate><WellType>BUFFER</WellType><Concentration>-1</Concentration><ConcentrationUnits>µg/ml</ConcentrationUnits><MolarConcentration>-1</MolarConcentration><MolarConcUnits>nM</MolarConcUnits><MolecularWeight>-1</MolecularWeight><Temperature>30</Temperature><StartTime>1123596</StartTime><AssayTime>120</AssayTime></CommonData><FlowRate>1000</FlowRate><StepType>BASELINE</StepType><StepName>Baseline 120</StepName><StepStatus>OK</StepStatus><ActualTime>120</ActualTime><CycleTime>0.2</CycleTime><AssayXData Points="600">fv+VQ/cYlkOQMpZDKkyWQ8RllkNdf5ZD95iWQ7GylkMqzJZDxOWWQ37/lkP3GJdDkDKXQypM
l0PEZZdDXX+XQ/eYl0OxspdDKsyXQ+Tll0Nd/5dD9xiYQxQzmENLTJhD5GWYQ35/mEMYmZhD
sbKYQ0vMmEPk5ZhDfv+YQxgZmUOxMplDNk6ZQ+RlmUN+f5lDGJmZQ7GymUNLzJlDR+aZQ37/
mUP3GJpDsTKaQ0tMmkPkZZpDfn+aQxiZmkOxsppDbMyaQ+TlmkN+/5pDGBmbQ7Eym0NLTJtD
5GWbQ35/m0Mkm5tDkLKbQ0vMm0Pk5ZtDfv+bQ/cYnEOxMpxDS0ycQ+RlnEN+f5xDGJmcQ7Gy
nENLzJxDxOWcQ37/nEMYGZ1DsTKdQ0tMnUPEZZ1DXX+dQ/eYnUOxsp1DKsydQ+TlnUNd/51D
9xieQ9IynkMqTJ5D5GWeQ11/nkMYmZ5Dl7OeQyrMnkPk5Z5DXf+eQ/cYn0OQMp9DKkyfQ+Rl
n0Off59DGJmfQ7Gyn0NLzJ9D5OWfQ37/n0MYGaBDsTKgQypMoEPEZaBDXX+gQxiZoEOQsqBD
S8ygQ+TloEN+/6BDGBmhQ5AyoUNLTKFDxGWhQ35/oUP3mKFDkLKhQyrMoUPk5aFDXf+hQ/cY
okOxMqJDKkyiQ+RlokN+f6JD95iiQ5CyokMqzKJDxOWiQ13/okP3GKNDkDKjQ0tMo0OIZqND
XX+jQ/eYo0OQsqNDS8yjQ8Tlo0Nd/6ND9xikQ5AypEMqTKRDxGWkQ11/pEP3mKRDkLKkQyrM
pEPk5aRDXf+kQ/cYpUOQMqVDKkylQ8RlpUN+f6VDepmlQ7GypUMqzKVDxOWlQ37/pUP3GKZD
sTKmQ0tMpkPEZaZDXX+mQxiZpkOxsqZDS8ymQ+TlpkN+/6ZDGBmnQ7Eyp0NsTKdD5GWnQ35/
p0MYmadDsbKnQ7PNp0Pk5adDXf+nQxgZqEOxMqhDS0yoQ+RlqENdf6hDGJmoQ7GyqENLzKhD
5OWoQ37/qEMYGalDsTKpQ0tMqUPkZalDfn+pQxiZqUOQsqlDKsypQ+TlqUNd/6lD9xiqQ7Ey
qkNLTKpD5GWqQ35/qkMYmapDkLKqQ0vMqkPk5apDfv+qQ/cYq0MUM6tDS0yrQ+Rlq0Ndf6tD
GJmrQ/Oyq0NLzKtD5OWrQ13/q0MYGaxDkDKsQ0tMrEPkZaxDfn+sQxiZrEOxsqxDS8ysQ+Tl
rEN+/6xDGBmtQ7EyrUNLTK1D5GWtQ11/rUP3mK1DsbKtQyrMrUPE5a1Dfv+tQxgZrkOQMq5D
KkyuQ8RlrkNdf65DGJmuQ5CyrkNLzK5D5OWuQ37/rkMYGa9DkDKvQ0tMr0PkZa9Dfn+vQziZ
r0OQsq9DKsyvQ8Tlr0N+/69DGBmwQ5AysEMqTLBDaGawQ35/sEP3mLBDkLKwQ0vMsEPE5bBD
fv+wQxgZsUOQMrFDKkyxQ+RlsUNdf7FD95ixQ5CysUMqzLFD5OWxQ37/sUP3GLJDWzSyQ0tM
skPEZbJDXX+yQz6askOQsrJDKsyyQ8TlskN+/7JD9xizQ5Ays0MqTLNDxGWzQ11/s0P3mLND
kLKzQyrMs0PE5bNDXf+zQ/cYtEOxMrRDKky0Q+RltEN+f7RD95i0Q5CytENLzLRD5OW0Q37/
tEMYGbVDFDO1Q0tMtUPkZbVDfn+1QxiZtUOxsrVDS8y1Q+TltUN+/7VDGBm2Q7EytkNLTLZD
5GW2Q35/tkMYmbZDsbK2Q0vMtkPk5bZDfv+2QxgZt0OxMrdDS0y3Q+Rlt0N+f7dDGJm3Q7Gy
t0NLzLdD5OW3Q37/t0MYGbhDsTK4QypMuEPkZbhDfn+4QxiZuEOxsrhDS8y4Q+TluENd/7hD
9xi5Q5AyuUNLTLlD5GW5Q35/uUMYmblDsbK5Q0vMuUPk5blDfv+5Q/cYukOxMrpDS0y6Q+Rl
ukNdf7pDGJm6Q7GyukNLzLpDxOW6Q13/ukMYGbtDkDK7Q2xMu0PkZbtDfn+7QxiZu0OxsrtD
S8y7Q+Tlu0N+/7tDGBm8Q7EyvENLTLxD5GW8Q11/vEP3mLxDkLK8QyrMvEPk5bxDfv+8Q/cY
vUOxMr1DKky9Q+RlvUPgf71D95i9Q5CyvUMqzL1DxOW9Q13/vUP3GL5DsTK+QypMvkPkZb5D
fn++Q/eYvkOxsr5DKsy+Q8TlvkNd/75DGBm/QxQzv0MqTL9D5GW/Q11/v0P3mL9DkLK/QyrM
v0PE5b9DXf+/Q/cYwEOQMsBDS0zAQ8RlwEOEgMBD95jAQ7GywENLzMBD5OXAQ13/wEMYGcFD
kDLBQypMwUPEZcFDXX/BQ/eYwUOQssFDKszBQ8TlwUNd/8FD9xjCQ5AywkNLTMJDxGXCQ11/
wkMYmcJDdrPCQyrMwkPk5cJDfv/CQxgZw0OxMsNDS0zDQ+Rlw0N+f8NDGJnDQ7Gyw0NLzMND
5OXDQ37/w0MYGcRDkDLEQypMxEPkZcRDfn/EQxiZxEOxssRDEM3EQ+TlxEN+/8RD9xjFQ7Ey
xUOYTsVD5GXFQ11/xUMYmcVDsbLFQ0vMxUPE5cVDfv/FQ/cYxkOQMsZDS0zGQ+RlxkN+f8ZD
GJnGQ7GyxkMqzMZD5OXGQ37/xkP3GMdDkDLHQ0tMx0PkZcdDXX/HQ/eYx0OxssdDS8zHQ8Tl
x0Nd/8dDGBnIQ7EyyENLTMhDxGXIQ11/yEMYmchDsbLIQ0vMyEPk5chDfv/IQxgZyUOxMslD
KkzJQ+RlyUNdf8lDGJnJQ7GyyUMqzMlD5OXJQ37/yUP3GMpDsTLKQypMykMFZspDhIDKQxiZ
ykOQsspDS8zKQ+TlykNd/8pDGBnLQ7Eyy0NLTMtDxGXLQ11/y0MYmctD87LLQ0vMy0PE5ctD
Xf/LQ/cYzEOQMsxDKkzMQ8RlzENdf8xDGJnMQ7GyzEMqzMxDxOXMQ13/zEP3GM1DkDLNQypM
zUPEZc1DpYDNQ/eYzUOQss1DKszNQ8TlzUNd/81D9xjOQ5AyzkNLTM5DxGXOQ11/zkP3mM5D
kLLOQ0vMzkPE5c5DXf/OQ/cYz0OQMs9DS0zPQ8Rlz0N+f89DWZnPQ5Cyz0NszM9D5OXPQ13/
z0P3GNBDkDLQQypM0EPkZdBDXX/QQ/eY0EOxstBDKszQQ8Tl0ENd/9BDOBnRQ7Ey0UNLTNFD
5GXRQ35/0UMYmdFDsbLRQ0vM0UPk5dFD</AssayXData><AssayYData Points="600">JYFaPPrZSjwgwIc8Z3CLPIuXXjw2dKY8cqZ1PIfFlDy8xIU8isubPChWqTz1M6E8lga1PMWy
uTzDk6U8LtyuPObSuDxADa08hqO0POnZuzxLKLo8YJOzPG9auDxFU7w8W0e0PHSA0zxsrrw8
HvbKPDWeszwgY7A8e47UPD6W3jyHLME8biXOPKJb3zy+3fg8zEHMPBo+0jx2Ic48I+jSPEtx
1DwSQMY83H3uPFWq1jyLGuM807btPLtf6TxP+s88tHbvPHELBD0Y3Oo8f7P7PO9b6Dx8d/M8
vgT7PP/8/Tx/WgI9tAT9PGOl+jxdTfk8sBT9PFfMBT2Pfvo8yWjwPNCcAT249/A8TMz2PDaw
BD3+FgM9sOH7POj3Fj1PpBE9LuoRPdPeBz1hEAU9StoBPavvEz2IWxI9zEr2PJOO+zy0qhA9
65IAPcXXDD1eeAs9z7cVPXuZBD1+WxI9qCD2PE3lDT05oAc9SfEEPcDZCz2Swgg9nlAMPa0S
Ez3bfAU9/uQXPaNeBz2PzAc9RoMbPReeCT1t4Bc9PEwRPUahDT02JxY99AIXPQL0Ez3d+RE9
rzwdPa6KED1sEBQ9HqsUPZ+tBj2Y1xQ9bQocPd53Ez3mlRA9oFAWPahNBD3XxzA9MCcSPVfL
Ij2HWik9JvAQPZBLGz3vkhM9Dn0NPT+wGT2l/iY90KggPVMSHz1RJBY9bIUfPfxUGz2z2hk9
qWshPdhpMD3CpzM99GomPYynGj2HGyU9ERUnPbQ6LT19wDA9UWkrPUqDJD0BXBs9HxcwPf5r
Jz2qJTA9t2onPQFBJj2yISs9rjcdPVwGIj3a0jU9+ucoPX4/Jj0DZTY9TuYlPY7BJT1NXio9
qZYgPbX9Oz3mjjU9AG8rPS8rPj2K0To9+782PdWWMD31fjg9Cj8tPdloMT0QTiY9AaguPRYk
QD0QYD09MlcyPU5nNz06SCA97W8vPcC6Nj0UzDc9NXc5PQoCIT0I9C09pJUxPT3gKz32Ako9
YdU6PZAkQD02PzU9WPBJPZnPQD3IhDo9u50+PcDHQz0TqDI9SgE2PWMbJT1CHEA9nsI3PYe2
Nz3hwUQ9cWE/PXxANz194jw9uiVAPdlGOj23EUc97i47PbahOz22DkA9av81PatnQT0520M9
j1BBPdNDST1WJEU9/yg/PVqYPT2s5kA9Rb1FPXYcQT0yi0M9Zr9EPTlEQD1QUUA9ihA8PaTa
Qz3ImjQ9JpBMPQxCVz23H0k96bxDPZxATz2Thk8962lJPfsXUj2Bs1c96AJIPRHXRT2Pg0Y9
87hXPUHBPz0CnUY9Kc9TPWlOTz11yFA9R/hPPQWfRT1IuF09aH0/PT7bRz2jl1Q9FYhHPX0L
ST3y8VE97gdMPeFFVj1Cz0o92ERRPYMTWT2cM1c92N1VPVeUSz0M51k9ppJIPbFbXD3TzGA9
Vd5kPYaFUj2a4F89QpNcPVodZD2fHV09uu5XPellXz0Lw2E9+yBUPaC5VD2xtV89uA5XPQ27
VD2WmlE9XA5RPXGmXD3ol009lApbPcrUXz2ZQVg9O3ZePfnORj1t0l09KWRgPdfKXT2EAWY9
+BlcPYd+YD0oJFo9UYVXPaEjWz2ZQVk93bhdPbyQYT1Y8Vk9EMZfPXgPaz3EvlQ94K5cPaBZ
aT1wiGc9DXhjPSiYUT2RMmY9vtxxPR7eTj0Rl109C4BjPVmPXj1sz1491z9jPdbeZj31PGY9
4FRsPVwhZz1jcGM9iEZ6PTPfdj2KcGI98hR2PWJ4eD0OWm89Y8VgPT5IYT0fCXE920prPcsH
cz0Qt3c9Py5iPd6BbD2AYGo9Evt8PfHDXz2tV2Y9rfhqPQSfcz2aim49mCBgPWGQbD2UoXU9
9lB3PSFuaT1MTXE9WU5sPRpbbj1Sz3M9OIRoPRH2aj1p1XE9v+1tPZV9fz0tzHo9SNBvPeMv
dz3LIYI9JkNwPYPtcz1MaHc9X1B3PazNeT3uFG09lOhyPfl2hD0zOHk9Thh0PahGdj2vjWI9
N5l1Pe4Xfz2vtH093UxwPR0UcD2olXg9ux52PSz8gT3EGH89kLeBPUUPdj1LsYQ9fmaBPTWm
ez0Lhm89jlR9PRNRfz1se349exh9PWA8fj2S5XM9Ind3PYh2gT2f2II9wi+DPfy9ej2Rwn49
j3d3Pe5cij2mBXU9mS6APdFtcj2A3YY9v9F2PT63hD2iKIQ9fhWEPcnufz2jSIE9I3KDPaiV
hD2LToM9/JOCPelofD18IYA9ZBmAPQ90gz1fyX49heiHPVregT07s4c95V6FPd/Mhz3AtYA9
cOCDPc+Igj3yi4o97L+EPfFihT2gQYM9/1eIPeLBiT3uqIc9Pa1/PZRRfD3RAok9NpSAPQkJ
hT23XoY9dq6HPd7Rhj2RKIQ9WGiCPfaAhD18yog9HaeAPexvhD2FWYw9Pw2JPfw1hT3I8YM9
QgyMPTA7kT3AfYc9blKKPev/hz2bAIc9OciKPbFphj1pKIw9FUmJPYsuhz1o1oc99kuMPVq2
jD1KZIs9KGCJPRu5iD0YZYk96HGNPbyXhj3oc4k9RT2KPVEfiT3h5Iw9KqiIPUdahD3roJA9
VJWLPUGghj3prIg9sJaGPaGOij3EI4k91syJPSnsij1TV4U9rA2KPTyUhT2h7I89nx2PPfPw
iz1zr4s9dIqRPR3Ckj1aFo89ZI6SPcesjT2U35A98t6PPVKslj2b2ow9xZmSPYJtkD1Nr449
LSWNPfFokT0r3Ys9ySaQPeQDjT1vgI89TUiKPae+jD1G6ZE9LQeWPfHajj3S5pE9gqWOPbP/
kz2Fc489keKOPSbwij17s5M9NwOMPcwTkD3aD5Q9gD2KPeeTkT3HgJM9MgqOPdPLjT13RZE9
spSUPaOOkz2KlZA9g06PPdogjz0YHpg9DUqOPdQ+kT2zSpo9/MSUPewxmj1SRpc9CZaTPfYQ
lD3KJpA9x6SOPbJ6kT0855E91ZaYPeeTjz3Qp5U9xSqSPcrfmD10io49LsCVPV73lT3vfJU9
xxOQPYG+lj14WpY9tnWVPc5elj34uZY9tCuUPSXOlj0LKpY9HXSUPQhXlz0auZI9KvmUPfjj
lD2aA5U9Mm2NPYUJnT2dU5Y9wrWZPQwZlj1rd5s9YEeYPSCdkz2kBZc9CAeZPWqRkz1rr5c9
IEyTPdRilz2N+JQ9LMmRPWB6mj2Vn5o9</AssayYData></Step><Step><CommonData><SampleLocation>8</SampleLocation><SampleID></SampleID><SampleGroup></SampleGroup><SampleInfo></SampleInfo><SampleRow>E</SampleRow><SamplePlate>1</SamplePlate><WellType>KLOAD</WellType><Concentration>-1</Concentration><ConcentrationUnits>µg/ml</ConcentrationUnits><MolarConcentration>-1</MolarConcentration><MolarConcUnits>nM</MolarConcUnits><MolecularWeight>-1</MolecularWeight><Temperature>30</Temperature><StartTime>1252224</StartTime><AssayTime>20</AssayTime></CommonData><FlowRate>1000</FlowRate><StepType>LOADING</StepType><StepName>Loading</StepName><StepStatus>OK</StepStatus><ActualTime>20</ActualTime><CycleTime>0.2</CycleTime><AssayXData Points="100">fv/RQxgZ0kOxMtJDS0zSQ+Rl0kOff9JDGJnSQ7Gy0kMqzNJDxOXSQ37/0kMYGdNDsTLTQypM
00PkZdNDXX/TQ/eY00OxstNDS8zTQ+Tl00Nd/9ND9xjUQ5Ay1EMqTNRD5GXUQ11/1EMYmdRD
kLLUQyrM1EPE5dRDfv/UQxgZ1UOQMtVDKkzVQ8Rl1UN+f9VD95jVQ7Gy1UMqzNVD5OXVQ37/
1UP3GNZDkDLWQypM1kPEZdZDfn/WQ/eY1kP5s9ZDS8zWQ8Tl1kNd/9ZD9xjXQ7Ey10NLTNdD
xGXXQ11/10P3mNdDkLLXQyrM10PE5ddDfv/XQ/cY2EOQMthDKkzYQ+Rl2ENdf9hD95jYQ5Cy
2EMqzNhDBebYQ13/2EMYGdlDkDLZQypM2UPEZdlDXX/ZQ/eY2UOxstlDS8zZQ8Tl2UN+/9lD
9xjaQ5Ay2kMqTNpDxGXaQ11/2kP3mNpDsbLaQ0vM2kPE5dpDXf/aQ/cY20OxMttDS0zbQ8Rl
20N+f9tDGJnbQ7Gy20NLzNtD5OXbQw==</AssayXData><AssayYData Points="100">JcWNPXSDrT0fH8o9vafYPX8o8D0phAQ+TN4JPiKsFD7KpB0+DvonPhSvMT63XDg+5EJDPjdB
Sj63ylI+wb1dPlpuZj4ziGs+oil2Ppepfj78x4I+T8iIPihFjD4cxo8+WgSVPrA0mT4GpJw+
x9yiPuH/pD4Bqak+c5KsPlpBsz5H5LY+/o65PrnNvD5eLcI+wA/HPqeyzD5DvtE+V/bUPtqA
1z7Zwdw+fq7ePuDG5D6nB+k+WzDsPmOy8D5BYfU+8mr6PjtN/T7Vyf8+/YQCP3PXAz81MwY/
nbgIP63HCz8KTA0/wwAPP5jLET+89xI/p7UUP6N0Fj/kfRk/xLUaPwR4Hj9sPB8/B5khP8Do
Iz860yY/vvAoP6NJKj9kWys/X30tP8xJMD+kETM/6TQ0P3w7Nj9uCDg/u8E6P/jDPD//zz0/
qwdAPxW4Qj8um0Q/Oj5HP1MFSD/Dkko/OwtMP3lPTj9AyVA/dRtTPytBVD9qOVc/TNBYPx+t
Wj9lPlw/5FteP91JYT8hHWI/ioRjPw==</AssayYData></Step><Step><CommonData><SampleLocation>9</SampleLocation><SampleID></SampleID><SampleGroup></SampleGroup><SampleInfo></SampleInfo><SampleRow>E</SampleRow><SamplePlate>1</SamplePlate><WellType>BUFFER</WellType><Concentration>-1</Concentration><ConcentrationUnits>µg/ml</ConcentrationUnits><MolarConcentration>-1</MolarConcentration><MolarConcUnits>nM</MolarConcUnits><MolecularWeight>-1</MolecularWeight><Temperature>30</Temperature><StartTime>1281855</StartTime><AssayTime>60</AssayTime></CommonData><FlowRate>1000</FlowRate><StepType>BASELINE</StepType><StepName>Baseline 60</StepName><StepStatus>OK</StepStatus><ActualTime>60</ActualTime><CycleTime>0.2</CycleTime><AssayXData Points="300">fv/bQxgZ3EOQMtxDKkzcQ8Rl3EN+f9xDGJncQ5Cy3EMqzNxD5OXcQ37/3EMYGd1DsTLdQ0tM
3UPkZd1Dfn/dQxiZ3UOxst1DS8zdQ+Tl3UN+/91DGBneQ7Ey3kNLTN5D5GXeQ35/3kMYmd5D
sbLeQ0vM3kPk5d5Dfv/eQxgZ30OxMt9DbEzfQ8Rl30N+f99DGJnfQ7Gy30NLzN9D5OXfQ37/
30MYGeBDkDLgQ0tM4EPkZeBDXX/gQ/eY4EOxsuBDS8zgQ+Tl4EN+/+BDGBnhQ5Ay4UMqTOFD
xGXhQ35/4UMYmeFDsbLhQ0vM4UPk5eFDfv/hQxgZ4kOxMuJDKkziQ+Rl4kN+f+JD95jiQ5Cy
4kNLzOJD5OXiQ37/4kP3GONDkDLjQ0tM40PkZeNDfn/jQxiZ40PSsuNDS8zjQ+Tl40N+/+ND
9xjkQ5Ay5EMqTORD5GXkQ35/5EMYmeRDkLLkQyrM5EPk5eRDfv/kQ/cY5UOxMuVDS0zlQ8Rl
5UN+f+VDGJnlQ7Gy5UMqzOVDxOXlQ37/5UP3GOZDsTLmQypM5kPEZeZDXX/mQ/eY5kOxsuZD
S8zmQ+Tl5kNd/+ZDGBnnQ7cz50MqTOdDxGXnQ35/50Nlm+dDkLLnQyrM50PE5edDXf/nQ/cY
6EOQMuhDKkzoQ8Rl6ENdf+hDGJnoQ5Cy6EMqzOhD5OXoQ13/6EP3GOlDkDLpQ0tM6UPEZelD
XX/pQxiZ6UOQsulDKszpQ+Tl6UNd/+lD9xjqQ5Ay6kMqTOpDxGXqQ11/6kP3mOpDkLLqQ0vM
6kNo5upDfv/qQxgZ60OxMutDS0zrQ+Rl60PAf+tDGJnrQ7Gy60NLzOtDLOfrQ37/60MYGexD
sTLsQ0tM7EOIZuxDfn/sQ/eY7EOxsuxDS8zsQ+Tl7EN+/+xDGBntQ7Ey7UNLTO1D5GXtQ11/
7UMYme1DsbLtQ0vM7UPE5e1DXf/tQ1kZ7kOxMu5DS0zuQ+Rl7kNdf+5DGJnuQ7Gy7kNLzO5D
5OXuQ2MA70MYGe9DsTLvQ0tM70PkZe9DXX/vQxiZ70Oxsu9DS8zvQ+Tl70N+/+9D9xjwQ7Ey
8ENLTPBD5GXwQ35/8EMYmfBD0rLwQyrM8EPk5fBDfv/wQzgZ8UOxMvFDS0zxQ8Rl8UNdf/FD
95jxQ5Cy8UMqzPFD5OXxQ37/8UP3GPJDsTLyQypM8kPEZfJDXX/yQ/eY8kOQsvJDKszyQ+Tl
8kNd//JD9xjzQ5Ay80NsTPND5GXzQ11/80P3mPNDkLLzQyrM80PE5fNDfv/zQxgZ9EOQMvRD
S0z0Q8Rl9ENdf/RD3Jn0Q5Cy9EMqzPRD5OX0Q13/9EObGfVDkDL1QypM9UPEZfVDXX/1QxiZ
9UOxsvVDKsz1Q8Tl9UNd//VD9xj2Q7Ey9kMqTPZDxGX2Q35/9kMYmfZDsbL2Qw/N9kPE5fZD
Xf/2Q/cY90PSMvdDKkz3Q8Rl90N+f/dD95j3Q5Cy90NLzPdDxOX3Q37/90P3GPhDkDL4QypM
+EPEZfhDXX/4Q/eY+EOxsvhDS8z4Q8Tl+EMBAPlDGBn5Q7Ey+UNLTPlD5GX5Q59/+UMYmflD
sbL5Q0vM+UPk5flD</AssayXData><AssayYData Points="300">KoW1P90OuD8Zybk/Ary6P24guz9aR7s/eUC7P5gQvD/Afbw/B3O8P1MLvT+jD70/keK8P6pk
vT/ja70/poS9P1kyvj8rCL4/NHy+Pxrzvj+fsL4/WPG+PwIQvz8RXL8/WPi/PyDsvz/qZcA/
hXHAPy0MwD+zXcA/N63APyfIwD/77cA/8vfAP5/+wD8l88A/tz3BP72CwT8C8cA/mjDBPyrq
wT8dbME/+QnCP3FHwj/L/sE/iT3CPzwMwj8OAMI/gRHCP8RQwj/WS8I/NDzCP4pxwj/sv8I/
RqTCP8Sdwj9NhsI/TC/CPx4Iwz/0/cI/b8DCP5T9wj+QxMI/cnHDP9oXwz9RG8M/ic/CP4kS
wz+yIcM/+erCP7z1wj9oHsM/mz7DP21Ewz9JZsM/rWvDP+Jgwz+KG8M/ajbDP4oVwz/uqcM/
0oPDPzlPwz+DRsM/hwXDP0hCwz96Q8M/GH3DP71Pwz/sqcM/5ZnDP3a3wz/eLMM/+RPEPw6e
wz/1ncM/MqLDP4tEwz/3lMM/SpnDP7qTwz9Ii8M/ynTDP4Hswz9MDcQ/OMbDPxG1wz9u5sM/
HnnDPyuOwz9ZrcM/VcjDP8vFwz8DCcQ/8bjDPxDUwz+oBMQ/otHDP5XOwz/lpcM/SYfDPzfm
wz+DlsM/yrzDP+4PxD8OjcM/w4HDP0fjwz9fm8M/uBXEP0xuwz+3ucM/hLTDPyHLwz+xH8Q/
G+PDPxLowz8VusM/ZsfDP7sexD+MUcM/OLHDP6J/wz8968M/uYfDP420wz82osM/od/DP6fs
wz9o38M/W6PDP2KYwz+TfMM/YN3DP3qFwz91+cM/1QTEP5Rtwz/TCMQ/tc7DP5W0wz+slMM/
VlHDPwMsxD83IMQ/KN7DPyLRwz8g4sM/pNDDP6duwz+uncM/LJHDP6npwz9FKsQ/V6LDPwSi
wz+6v8M/tdfDPzYzwz9XPsM/HfLDPwpIwz/1/sM/BBjEP7ijwz8ikMM/N5DDP6MlxD8yr8M/
/cDDP4/Nwz8u4sM/8obDP/mowz+Co8M/oVPDP6piwz+A28M/27jDPwmHwz+1ocM/sjHDP/Z5
wz8RgsM/1oHDP3uYwz8SeMM/da/DPxWlwz8JMsM/mXjDP0vCwz/MDcQ/fAbDP3drwz9Nc8M/
O3PDP+dkwz+owMM/57DDP+VGwz+pkMM/S6XDP/13wz8RxsM/9WPDPy4uwz+hj8M/9UTDP4wh
wz/cVMM/RGDDPx1Gwz/ubcM/ppTDP/Vxwz9wi8M/bGHDP53/wj+9CMM/eVTDP732wj8Xg8M/
58XCPyhWwz9uOMM/P0/DPy4uwz/f/MI/RibDP3c4wz+FGsM/xA7DP2rMwj/BgMM/JPPCP5ao
wj9LfsM/IsLCP11Dwz+UKcM/CzfDPxgBwz8Y/sI/D5zDP5rwwj/IssM/jzDDPz41wz8i5cI/
CnLDPx0Awz8gaMM/gavCP2QVwz9L88I/rS3DP9a0wj9DGcM/py/DPwQtwz+418I/rYbDPzno
wj8x5MI/xADDP+LRwj92zcI/EPbCP9Gkwj/b9cI/HjjDP/lEwz8dEcM/SRPDPxIswz+jzMI/
lx3DP53Gwj/WEcM/</AssayYData></Step><Step><CommonData><SampleLocation>10</SampleLocation><SampleID></SampleID><SampleGroup></SampleGroup><SampleInfo></SampleInfo><SampleRow>E</SampleRow><SamplePlate>1</SamplePlate><WellType>BUFFER</WellType><Concentration>-1</Concentration><ConcentrationUnits>µg/ml</ConcentrationUnits><MolarConcentration>-1</MolarConcentration><MolarConcUnits>nM</MolarConcUnits><MolecularWeight>-1</MolecularWeight><Temperature>30</Temperature><StartTime>1352033</StartTime><AssayTime>20</AssayTime></CommonData><FlowRate>1000</FlowRate><StepType>BASELINE</StepType><StepName>Baseline 20</StepName><StepStatus>OK</StepStatus><ActualTime>20.005</ActualTime><CycleTime>0.2</CycleTime><AssayXData Points="100">fv/5QxgZ+kOxMvpDjEz6Q8Rl+kN+f/pDGJn6Q7Gy+kNLzPpD5OX6Q37/+kMYGftDsTL7Q0tM
+0PEZftDXX/7QxiZ+0OQsvtDS8z7Q+Tl+0Nd//tDGBn8Q7Ey/EMqTPxD5GX8Q35//EMYmfxD
kLL8QyrM/EPk5fxDfv/8Q/cY/UOQMv1DS0z9Q8Rl/UN+f/1DGJn9Q7Gy/UMqzP1D5OX9Q37/
/UM4Gf5D0jL+Q0tM/kPkZf5Dfn/+QxiZ/kOQsv5DS8z+Q+Tl/kNd//5D9xj/Q7Ey/0MqTP9D
xGX/Q35//0P3mP9DsbL/Q0vM/0PE5f9DMgAARHsMAERZGQBEJSYARPIyAES/PwBEe0wAREhZ
AEQlZgBE4nIARK9/AER7jABEWZkARCWmAETysgBEr78ARHvMAERZ2QBEJeYAROLyAESv/wBE
ewwBREgZAUQVJgFE8jIBRK8/AUR7TAFESFkBRCVmAUTicgFEr38BRIyMAUR5mQFEFaYBROKy
AUSvvwFEe8wBRJrZAUQV5gFERPMBRA==</AssayXData><AssayYData Points="100">ZmqeP4lBkj+K2Is/kpmHPxUZhj8lOYU/2dKEPzeHhD9gSIQ/Ml2EP4hMhD+vkIQ/BIWEP1/X
hD8AYIQ/Z/eEP2Y5hT/hNYU/IPuEPw/vhD9ug4U/etiEP/f9hD/oWoU/DliFP08WhT+XqoU/
D7OFP0d1hT9EgIU/HGGFPz3bhT8iNIU/vimFPxOrhT9xpIU/zp6FPwWWhT+JfYU/CuOFP5yO
hT/czoU/xbmFPxNRhT88EYY/vL6FP5Z/hT8Ze4U/O6mFPxuChT+Oz4U/po6FP33ihT8dEIY/
5XWFP9r+hT+i1IU/tRuGP6QxhT9VK4Y/fOOFP0SHhT9A5oU/3KeFPxPmhT/eNYY/bluFP2TI
hT8F5YU/1NaFP6PYhT/p6oU/ZiKGPxzxhT8jyoU/hPOFP1v1hT9wFIY/Ty6GP6FAhj+yQoY/
MIKFP0OIhT9eGoY/7M+FP53whT88JIY/PNKFPwk9hj8O2YU/3X+GPylFhj/LAYY/nVqGP2Dh
hT9+64U/ntOFP9f+hT8k/oU/IBmGPw==</AssayYData></Step><Step><CommonData><SampleLocation>11</SampleLocation><SampleID></SampleID><SampleGroup></SampleGroup><SampleInfo></SampleInfo><SampleRow>E</SampleRow><SamplePlate>1</SamplePlate><WellType>KSAMPLE</WellType><Concentration>-1</Concentration><ConcentrationUnits>µg/ml</ConcentrationUnits><MolarConcentration>-1</MolarConcentration><MolarConcUnits>nM</MolarConcUnits><MolecularWeight>-1</MolecularWeight><Temperature>30</Temperature><StartTime>1382766</StartTime><AssayTime>120</AssayTime></CommonData><FlowRate>1000</FlowRate><StepType>ASSOC</StepType><StepName>Association</StepName><StepStatus>OK</StepStatus><ActualTime>119.999</ActualTime><CycleTime>0.2</CycleTime><AssayXData Points="600">IQACRN4MAkSrGQJEZyYCRDQzAkQRQAJE3kwCRJpZAkR3ZgJERHMCRBGAAkTNjAJEmpkCRHem
AkREswJEAcACRN7MAkSr2QJEZ+YCRDTzAkQBAANEzQwDRJoZA0R3JgNENDMDRAFAA0TuTANE
mlkDRGdmA0Q0cwNEAYADRM2MA0SamQNEZ6YDRDSzA0QRwANEzcwDRJrZA0Rn5gNERPMDRAEA
BETeDAREmhkERKkmBEQ0MwREEUAERM1MBESaWQREmGYERERzBEQRgAREzYwERJqZBERnpgRE
NLMERBHABETezAREu9kERHfmBERV8wREEQAFRN4MBUSrGQVEdyYFREQzBUQyQAVE3kwFRKtZ
BUR3ZgVERHMFRAGABUTejAVEq5kFRHemBUREswVEEcAFRM3MBUSr2QVEZ+YFRETzBUQRAAZE
3gwGRKsZBkR3JgZERDMGRBFABkTeTAZEq1kGRHdmBkREcwZEEYAGRN6MBkSrmQZEd6YGRESz
BkQRwAZE3swGRKvZBkRn5gZERPMGRAEAB0TeDAdEqxkHRHcmB0RVMwdEAUAHRM1MB0SrWQdE
d2YHRERzB0QRgAdE3owHRKuZB0RnpgdERLMHRBHAB0TNzAdEq9kHRGfmB0Q08wdEEQAIRDAN
CESrGQhEZyYIREQzCEQRQAhE3kwIRKtZCERnZghERHMIRBGACETNjAhEq5kIRGemCEREswhE
EcAIRN7MCESr2QhEd+YIRETzCEQBAAlE3gwJRKsZCURnJglERDMJRAFACUTNTAlE3FkJRGdm
CUQ0cwlEAYAJRM2MCUSamQlEd6YJRDSzCUQRwAlE3swJRJrZCURn5glERPMJRAEACkTNDApE
mhkKRHcmCkQ0MwpEAUAKRM1MCkSaWQpEZ2YKRDRzCkQBgApE3owKRKuZCkRnpgpENLMKRAHA
CkTezApE3NkKROrmCkQ08wpEAQALRM0MC0TcGQtEdyYLRDQzC0QRQAtEzUwLRKtZC0RnZgtE
RHMLRBGAC0TNjAtEq5kLRHemC0REswtEMsALRN7MC0Sr2QtEd+YLRETzC0QRAAxE3gwMRKsZ
DER3JgxERDMMRBFADETeTAxEq1kMRHdmDEREcwxEEYAMRN6MDESrmQxEd6YMRESzDEQRwAxE
D80MRA3aDER35gxERPMMRAEADUT/DA1EqxkNRHcmDUREMw1EEUANRN5MDUSrWQ1Ed2YNRERz
DUQRgA1E3owNRKuZDURnpg1ERLMNRBHADUTezA1Eq9kNRGfmDURE8w1EAQAORN4MDkSrGQ5E
dyYOREQzDkQBQA5E3kwORKtZDkRnZg5ENHMORBGADkTejA5EmpkORGemDkREsw5EQsAORN7M
DkSr2Q5Ed+YORETzDkQBAA9E3gwPRJoZD0RnJg9ENDMPRAFAD0TNTA9Eq1kPRHdmD0Q0cw9E
EYAPRM2MD0SrmQ9Ed6YPRDSzD0QBwA9EzcwPRKvZD0R35g9ERPMPRBEAEETNDBBEqxkQRGcm
EEQ0MxBEAUAQRM1MEESrWRBEZ2YQRERzEEQBgBBE3owQRJqZEERnphBENLMQRAHAEETNzBBE
q9kQRHfmEEQ08xBEAQARRN4MEUSrGRFEZyYRREQzEUQBQBFE3kwRRKtZEUR3ZhFENHMRRAGA
EUTNjBFEmpkRRGemEUQ0sxFEAcARRN7MEUSa2RFEZ+YRRDTzEUQBABJEzQwSRJoZEkRnJhJE
VTMSRAFAEkTeTBJEmlkSRGdmEkQ0cxJEAYASRM2MEkSamRJEZ6YSRDSzEkQRwBJE3swSRKvZ
EkTJ5hJERPMSRBEAE0TeDBNEqxkTRHcmE0REMxNEEUATRN5ME0TcWRNEd2YTRERzE0QRgBNE
3owTRKuZE0R3phNERLMTRBHAE0TezBNEq9kTRHfmE0RE8xNEIQAURN4MFESrGRREdyYURDQz
FEQBQBRE3kwURKtZFER3ZhRERHMURBGAFETejBREmpkURNqmFEREsxREEcAURM3MFESr2RRE
Z+YURDTzFEQRABVE3gwVRKsZFUR3JhVENDMVRBFAFUTeTBVEq1kVRGdmFUQ0cxVEAYAVRM2M
FUSrmRVEd6YVRDSzFUQRwBVE3swVRKvZFUR35hVEhvMVRBEAFkTeDBZEqxkWRGcmFkREMxZE
AUAWRN5MFkSrWRZEd2YWRDRzFkQBgBZE3owWRPyZFkR3phZENLMWRAHAFkTNzBZEq9kWRHfm
FkRE8xZEEQAXRM0MF0SrGRdEdyYXRDQzF0QRQBdEzUwXRKtZF0R3ZhdERHMXRAGAF0TNjBdE
q5kXRGemF0Q0sxdEAcAXRN7MF0Sr2RdEZ+YXRETzF0QRABhEzQwYRJoZGERnJhhENDMYRAFA
GETeTBhEmlkYRGdmGEREcxhEAYAYRM2MGESamRhEd6YYRDSzGEQBwBhEzcwYRJrZGERn5hhE
RPMYRAEAGUTNDBlEmhkZRGcmGUQ0MxlEAUAZRM1MGUSaWRlEd2YZRERzGUQBgBlE3owZRJqZ
GURnphlERLMZRBHAGUTezBlEmtkZRHfmGURE8xlEEQAaRN4MGkSrGRpEdyYaREQzGkQRQBpE
3kwaRKtZGkR3ZhpERHMaRGOAGkTNjBpEq5kaRHemGkRlsxpEpMAaRN7MGkSr2RpEd+YaRETz
GkQRABtE3gwbRKsZG0R3JhtERDMbRBFAG0TNTBtEmlkbRHdmG0Q0cxtEEYAbRN6MG0SrmRtE
d6YbRESzG0QRwBtEzcwbRKvZG0R35htERPMbRBEAHETeDBxEmhkcRHcmHEQ0MxxEEUAcRN5M
HESrWRxEd2YcRDRzHEQBgBxE3owcRJqZHERnphxERLMcRAHAHETezBxEq9kcRHfmHERE8xxE
AQAdRN4MHUT8GR1EZyYdRDQzHUQRQB1EQE0dRJpZHUR3Zh1ERHMdRAGAHUQfjR1Eq5kdRGem
HUQ0sx1EIcAdRM3MHUSa2R1EZ+YdRDTzHUQRAB5E3gweRJoZHkR3Jh5ENDMeRBFAHkTeTB5E
mlkeRGdmHkQ0cx5EEYAeRM2MHkTLmR5EZ6YeRESzHkQBwB5EzcweRJrZHkRn5h5ENPMeRBEA
H0TNDB9EmhkfRHcmH0Q0Mx9EAUAfRM1MH0SaWR9EZ2YfRDRzH0QRgB9EzYwfRJqZH0Rnph9E
ZbMfRAHAH0TNzB9EmtkfRGfmH0RE8x9E</AssayXData><AssayYData Points="600">giyjPxolrT/mULI/8nu0P+vXtj/nqbg/BLO5P91uuz+e6Lw/JS2+P3BSvz9+K8E/rJrCP94M
xD9mB8U/1JnGPzWrxz9DZMk/vofKP6Hmyz/VAc0/13POPynEzz82GNE/ejXSPx8C0z/xANU/
LBfWPzP71j/VPtg/r5bZPz772j9fw9s/OOncP7UI3j+FON8/cmbgP/xH4T8tx+I/Y9fjPzcq
5T/eQ+Y/rB/nPz7H5z+IRek/wCTqP/TB6z+diuw/QRztPw1p7j8+Ce8/FD/wP4OK8T9PWvI/
YAHzP8vo9D/si/U/Z0L2P/Hh9j8oI/g/YS75P2Ee+j+Q4/o//cf7P22s/D+hCP4/AXf+P6xu
/z8YCABAQH0AQF8qAUD7gQFA2rQBQBpZAkCWyQJAPTYDQAWBA0AG6QNAQCUEQD/OBECJ9QRA
sY0FQHblBUA4VwZA5LUGQJT9BkBnZQdA+9EHQJdWCEC3wAhAobwIQCAvCUAHmAlArCUKQG1u
CkAsvgpAJiwLQARdC0BiqgtAwTkMQLd7DEAF4wxAPRkNQD+BDUCF8Q1A1CIOQIN9DkBYCw9A
LP0OQBClD0AOsw9ArfsPQD93EEDVqRBAXzARQJh3EUBA0RFACvsRQDR2EkDqcxJAYAUTQG0m
E0AVkRNA9PwTQDpLFECgQhRA38IUQGrvFEAKhhVAVN8VQHntFUBE+hVAMmEWQBy4FkCv0xZA
1A4XQF2VF0C9kBdANyMYQDJRGEAgVRhAkr8YQD8aGUDVQBlA35YZQMWdGUAYHhpAbh4aQLGk
GkDh1xpAST4bQAhjG0ATkBtAx74bQLA3HEAtcBxAcXQcQGrzHEBOJR1AXzMdQB5MHUBzoh1A
JdodQJFLHkDjaR5A02oeQAjGHkBCJB9ASlwfQN++H0Ahpx9A5hEgQMxsIEDzbCBAF+ogQPjn
IEC7MCFAZXMhQDFqIUBi2CFATwIiQHLIIUB0eiJAp5EiQMzhIkA6+iJA/0kjQFVuI0ChbCNA
sf0jQLsOJEDrOyRAt34kQHm4JEDt7SRAdv4kQLI+JUBCcCVAlLwlQFn6JUBQBSZApBwmQNVz
JkD4hiZA6tsmQB8PJ0CCHCdANXEnQKZcJ0DyoCdArOQnQBIFKECSIShAYHQoQBVTKEA1gShA
5usoQLg0KUDJPSlAEWApQJSCKUBxoClA9sspQAwCKkABWipAYnsqQIKcKkBdoypAThErQKQy
K0C7QStAHn8rQHKqK0Av2StA0MgrQBgrLEBjRCxA8WosQLmXLEA7gixAIuIsQFImLUD9dC1A
dG8tQI2WLUAWpi1AwcYtQKMiLkBJ5i1A9jsuQNqmLkCipy5Aih4vQFEOL0Cy+S5A5wgvQBRs
L0AgpC9A8vAvQNHQL0AOyC9A3yUwQIL+L0B+OjBAUkkwQBmtMEBoATFAMeIwQD33MEA4GDFA
F2ExQEtzMUBA5jFAeH0xQHTJMUDWIzJAekEyQFYhMkCTnjJAGJQyQD6yMkDtHzNAcuIyQOr7
MkAAKjNAjn0zQA+dM0DH+TNAkcIzQFHTM0Do7jNAW0g0QPZpNEC4bDRA24M0QFedNEDL3jRA
HgE1QH8fNUAEMTVA/nA1QFRNNUDcijVAK6A1QPm5NUD4ujVAqOA1QCs5NkD6LzZA/pA2QFaX
NkDjjzZA+OM2QFzxNkA6+DZAzhQ3QEpsN0DUWTdA6Jc3QIiIN0BK8jdAxcA3QBn6N0DjHzhA
DyA4QKwtOEDAWThAIqY4QMSDOEA+vThAI+A4QCnrOEDaRDlAJUY5QCQiOUDFUDlATZM5QGmj
OUAQyTlAjM05QEITOkCGaDpA2wM6QK9nOkCxjDpAdFY6QExxOkAipzpAIrw6QOv4OkAWGDtA
Fxs7QPFDO0D+XjtAOGc7QJpQO0C20TtAn6o7QCnfO0CDHTxA6Tc8QNtiPEAtYzxA2XI8QJ5m
PECKizxArMM8QA23PEBS3zxAwPo8QEP9PEDqUT1AzW49QByBPUBzcD1AtX89QLqnPUBQ3j1A
4uM9QPNJPkA7HD5AXDw+QJVFPkB9Oz5ANFc+QBSJPkDy1D5AUeI+QGG/PkAUFz9A5/s+QDoC
P0B8PD9AQUs/QCdcP0BoXD9ABpQ/QHSbP0ASzD9AFBNAQC/rP0DhH0BAEDhAQE9WQEAkZkBA
hjJAQGh5QEChokBAflBAQAT8QEBmx0BAewlBQPP3QEBOMkFAHB9BQL1AQUDOfkFAJWtBQL2B
QUCOv0FAQNBBQDzYQUBD2UFAefpBQKwiQkCIH0JAOnBCQJZXQkCfhkJAHoNCQAGwQkCez0JA
IKRCQBnLQkBR50JA7edCQFgLQ0BZMUNABHhDQHRoQ0DOckNA8GFDQAR7Q0Bpx0NAgMFDQMDE
Q0Cj8kNAOgBEQIY8RECyFURA1xNEQIFdREADZERA1WhEQLZfREC/lURAzL9EQNyjRECyyERA
tNdEQH/iRECWDEVA+jVFQPAoRUDIikVA6m5FQHCxRUBBlkVADK1FQH+kRUDDtUVAXvJFQFIN
RkCbKUZAIvNFQEkiRkDyd0ZAyWBGQB1MRkBSdkZABY5GQOSHRkBKyUZActhGQFyaRkD90kZA
RDpHQK5HR0CAKkdA1UVHQIloR0BaJUdA/opHQKNWR0AHSkdABoRHQBT9R0Dxw0dADNNHQNbK
R0AuBkhAektIQJwmSECaFUhAxYdIQJF7SECobUhAZqpIQEWkSEAUwEhAAexIQGHnSECK7EhA
BhhJQADoSEDjJElAcD5JQFVXSUDyLElAHllJQIhxSUBynUlAL3NJQMKhSUCe1UlAZ7lJQHcW
SkDP7UlAxKhJQGf4SUByQ0pAYjBKQOIrSkAGT0pAZklKQMpwSkAspUpAu7xKQNuwSkAB3kpA
+71KQOy7SkAsu0pA1+9KQJ3kSkBtMktAZRxLQNhPS0B6QEtArUlLQAptS0DBdEtA9uFLQLye
S0C4fktAp8hLQEK9S0A5BExAgxVMQDMnTEBcPkxALldMQLMrTED4eExAMGVMQNB6TEDHJkxA
15JMQDprTEALg0xAfOdMQFj4TEC85ExAvApNQADxTED5F01A2jRNQBASTUAQM01AS1xNQBdM
TUChQE1AUXpNQKiBTUAwUk1AtI1NQGmnTUCwyk1A/7hNQPQOTkCA9k1AZ+hNQBcOTkDOBk5A
njJOQJlETkCmbE5AYipOQAt5TkDmhU5A</AssayYData></Step></KineticsData></ExperimentResults>
