<?xml version="1.0" encoding="UTF-8" standalone="yes"?>
<ExperimentResults><ExperimentInfo Name="20250917 PE P5216 - 5377 plate 1 kappa 50 ugl"><ExpDescription>AHC example method - full characterization&#13;
Analyte titration series with reference channel</ExpDescription><RTDVersion>2.0</RTDVersion><RunID>3B9E1F69-E451-4552-8C9D-CFED4D62EEC8</RunID><ExperimentType>KINETICS</ExperimentType><ExperimentSubType>KBASIC</ExperimentSubType><StartDateTime>2025-09-17T15:12:20</StartDateTime><MachineName>BN7KX12</MachineName><UserName>octet</UserName><LotNumber></LotNumber><PlateName>250917</PlateName><PlateName2></PlateName2><SensorName>F4</SensorName><SensorPlate>1</SensorPlate><SensorType>AHC (Anti-hIgG Fc Capture)</SensorType><SensorRole>LIGAND</SensorRole><SensorInfo></SensorInfo><WritingSW>DataAcquisition.exe 11.0.2.1</WritingSW><InstrumentType>OctetRED96</InstrumentType><InstrumentSerial>FB-50284</InstrumentSerial><InstrumentFW></InstrumentFW><IntegrationTime>3.0</IntegrationTime><DSPType>CPF</DSPType><DSPStitching>1</DSPStitching><HasManifest>1</HasManifest><InfoHash>268837178</InfoHash></ExperimentInfo><AssayParamsInfo/><KineticsData><Step><CommonData><SampleLocation>1</SampleLocation><SampleID>Running Buffer</SampleID><SampleGroup></SampleGroup><SampleInfo></SampleInfo><SampleRow>F</SampleRow><SamplePlate>1</SamplePlate><WellType>BUFFER</WellType><Concentration>-1</Concentration><ConcentrationUnits>µg/ml</ConcentrationUnits><MolarConcentration>-1</MolarConcentration><MolarConcUnits>nM</MolarConcUnits><MolecularWeight>-1</MolecularWeight><Temperature>30</Temperature><StartTime>613075</StartTime><AssayTime>180</AssayTime></CommonData><FlowRate>1000</FlowRate><StepType>BASELINE</StepType><StepName>Baseline 1</StepName><StepStatus>OK</StepStatus><ActualTime>179.999</ActualTime><CycleTime>0.2</CycleTime><AssayXData Points="900">AAAAAM3MTD7NzMw+mpkZP0SLTD8AAIA/mpmZPzMzsz8IrMw/okXmPwAAAEBqvAxAmpkZQARW
JkDRIjNAAABAQM3MTEA3iVlABFZmQNEic0AAAIBANV6GQM3MjEACK5NAaJGZQM/3n0BmZqZA
nMSsQDMzs0BokblAz/e/QDVexkCcxMxAMzPTQJqZ2UDP999ANV7mQJzE7EACK/NAaJH5QM/3
/0AzMwNBTmIGQYGVCUG0yAxB5/sPQTMzE0FOYhZBgZUZQbTIHEHn+x9BMzMjQU5iJkGBlSlB
tMgsQef7L0EzMzNBTmI2QYGVOUG0yDxB5/s/QRsvQ0F/akZBmplJQbTITEHn+09BGy9TQWZm
VkGamVlBzcxcQQAAYEEzM2NBZmZmQZqZaUHNzGxBAABwQTMzc0FmZnZBmpl5Qc3MfEEAAIBB
mpmBQTMzg0HNzIRBZmaGQfT9h0GamYlBMzOLQc3MjEFmZo5BAACQQZqZkUEzM5NBzcyUQWZm
lkH0/ZdBmpmZQTMzm0HBypxBZmaeQQAAoEGNl6FBMzOjQc3MpEFmZqZBAACoQY2XqUEzM6tB
zcysQWZmrkEAALBBjZexQTMzs0HNzLRBZma2QQAAuEGamblBMzO7QcHKvEFmZr5B9P2/QZqZ
wUEzM8NBzczEQVpkxkEAAMhBmpnJQScxy0HNzMxBZmbOQQAA0EGNl9FBJzHTQc3M1EFaZNZB
AADYQZqZ2UEzM9tBwcrcQWZm3kH0/d9BjZfhQTMz40HByuRBZmbmQfT950GNl+lBJzHrQcHK
7EFaZO5B9P3vQY2X8UEzM/NBzcz0QVpk9kEAAPhBjZf5QTMz+0HNzPxBWmT+QQAAAELHywBC
mpkBQmZmAkIzMwNC+v4DQsfLBEKamQVCZmYGQjMzB0L6/gdCx8sIQpqZCUJgZQpCLTILQvr+
C0LNzAxCmpkNQmBlDkIzMw9C+v4PQs3MEEKTmBFCZmYSQi0yE0L6/hNCx8sUQpOYFUJgZRZC
LTIXQvr+F0LHyxhCk5gZQmBlGkIzMxtC+v4bQsfLHEKTmB1CYGUeQi0yH0L6/h9Cx8sgQpOY
IUJgZSJCOTQjQvr+I0LHyyRCmpklQmZmJkIzMydCAAAoQs3MKEKamSlCZmYqQjMzK0IAACxC
zcwsQpqZLUJmZi5CMzMvQgAAMELNzDBCmpkxQmZmMkIzMzNCAAA0Qs3MNEKamTVCYGU2QjMz
N0IAADhCzcw4QpqZOUJmZjpCMzM7QgAAPELNzDxCk5g9QmZmPkIzMz9CAABAQs3MQEKamUFC
ZmZCQjMzQ0L6/kNCzcxEQpqZRUJmZkZCMzNHQvr+R0LNzEhCk5hJQmZmSkIzM0tCAABMQs3M
TEKamU1CZmZOQjMzT0L6/k9CzcxQQpqZUUJmZlJCMzNTQgAAVELNzFRCmplVQmBlVkIzM1dC
+v5XQs3MWEKTmFlCZmZaQjMzW0IAAFxCx8tcQpOYXUJmZl5CMzNfQgAAYELHy2BCmplhQmBl
YkIzM2NC+v5jQs3MZEKamWVCYGVmQjMzZ0L6/mdCzcxoQpqZaUJgZWpCMzNrQvr+a0LNzGxC
k5htQmZmbkIzM29C+v5vQs3McEKamXFCYGVyQi0yc0IAAHRCx8t0QpOYdUJgZXZCLTJ3Qvr+
d0LHy3hCmpl5QmBlekIzM3tC+v57QsfLfEKTmH1CYGV+Qi0yf0L6/n9CZmaAQkrMgEKwMoFC
F5mBQn3/gULjZYJCSsyCQrAyg0IXmYNCff+DQuNlhEJKzIRCsDKFQheZhUJ9/4VC42WGQkrM
hkIzM4dCmpmHQn3/h0LjZYhCzcyIQrAyiUKamYlCff+JQuNlikLNzIpCMzOLQheZi0IAAIxC
ZmaMQs3MjEIzM41CmpmNQgAAjkJmZo5CzcyOQjMzj0KamY9CAACQQmZmkELNzJBCMzORQpqZ
kUIAAJJCZmaSQs3MkkIzM5NCF5mTQgAAlEJmZpRCzcyUQjMzlUKamZVCAACWQmZmlkLNzJZC
sDKXQpqZl0IAAJhCZmaYQs3MmEIzM5lCmpmZQgAAmkJmZppCzcyaQjMzm0KamZtCAACcQmZm
nELNzJxCMzOdQheZnUIAAJ5CZmaeQs3MnkIzM59CmpmfQgAAoEJmZqBCzcygQrAyoUKamaFC
AACiQmZmokJKzKJCMzOjQheZo0IAAKRC42WkQs3MpEIzM6VCmpmlQgAApkLjZaZCSsymQrAy
p0KamadCiQGoQmZmqELNzKhCMzOpQheZqUJ9/6lCZmaqQs3MqkKwMqtCF5mrQgAArEJmZqxC
SsysQrAyrUIXma1CAACuQuNlrkJKzK5CMzOvQpqZr0IAALBCZmawQs3MsEIzM7FCmpmxQn3/
sULpZrJCzcyyQrAys0KambNCff+zQuNltEJKzLRCMzO1QheZtUJ9/7VC42W2QkrMtkKwMrdC
F5m3Qn3/t0JmZrhCzcy4QrAyuUIXmblCff+5QuNlukJKzLpCMzO7QheZu0J9/7tC42W8QkrM
vEKwMr1CF5m9QgAAvkLjZb5CSsy+QrAyv0IXmb9Cff+/QuNlwEJKzMBCsDLBQheZwUJ9/8FC
ZmbCQkrMwkKwMsNCF5nDQn3/w0KRbcRCzczEQjMzxUKamcVCAADGQmZmxkJKzMZCMzPHQpqZ
x0IAAMhCZmbIQs3MyEIzM8lCmpnJQgAAykJmZspCzczKQjMzy0IXmctCAADMQmZmzELNzMxC
MzPNQpqZzUIAAM5CZmbOQs3MzkIzM89CmpnPQgAA0EJmZtBCzczQQrAy0UKamdFCAADSQuNl
0kLNzNJCsDLTQheZ00IAANRCZmbUQs3M1EIzM9VCF5nVQgAA1kJmZtZCzczWQjMz10IdmtdC
AADYQuNl2ELNzNhCMzPZQpqZ2UIAANpC42XaQs3M2kKwMttCF5nbQgAA3ELjZdxCzczcQjMz
3UKamd1CAADeQmZm3kLNzN5CsDLfQheZ30IAAOBC42XgQs3M4EIzM+FCF5nhQn3/4UJmZuJC
zcziQjMz40IXmeNCff/jQuNl5EJKzORCMzPlQpqZ5UIAAOZCmG7mQs3M5kIzM+dCmpnnQn3/
50LjZehCSszoQrAy6UKamelCff/pQuNl6kJKzOpCMzPrQpqZ60J9/+tCZmbsQs3M7EKwMu1C
F5ntQn3/7UJmZu5CSszuQrAy70IXme9CAADwQuNl8EJo0fBCsDLxQheZ8UIAAPJC42XyQkrM
8kKwMvNCmpnzQgAA9ELjZfRCSsz0QrAy9UIXmfVCff/1QuNl9kJKzPZCMzP3QheZ90IAAPhC
42X4QkrM+EIzM/lCF5n5QgAA+kLjZfpCSsz6QrYz+0IXmftCff/7QuNl/ELNzPxCsDL9QpqZ
/UIAAP5CZmb+QrLd/kI/Nf9Cmpn/QoMAAEMzMwBDZmYAQ5qZAEPNzABDAAABQzMzAUNmZgFD
WJkBQ83MAUMAAAJDMzMCQ2ZmAkNYmQJDzcwCQwAAA0MzMwNDZmYDQ1iZA0OLzANDAAAEQzMz
BENmZgRDmpkEQ83MBEMAAAVDMzMFQ2ZmBUNYmQVDzcwFQwAABkPyMgZDJWYGQ5qZBkPNzAZD
vv8GQzMzB0NmZgdDmpkHQ4vMB0O+/wdDMzMIQ2ZmCENYmQhDzcwIQ77/CEPyMglDJWYJQ5qZ
CUOLzAlDAAAKQzMzCkMlZgpDmpkKQ83MCkMAAAtDMzMLQ2ZmC0OamQtDzcwLQwAADEMzMwxD
ZmYMQ5qZDEOLzAxDvv8MQ/IyDUMlZg1DWJkNQ4vMDUMAAA5DMzMOQyVmDkNYmQ5DzcwOQ77/
DkMzMw9DZmYPQ1iZD0PNzA9Dvv8PQ/IyEENmZhBDmpkQQ83MEEO+/xBDMzMRQyVmEUNYmRFD
i8wRQwAAEkMzMxJDJWYSQ1iZEkOLzBJDAAATQ/IyE0NzaBND55sTQ4vME0MAABRD8jIUQyVm
FENYmRRDi8wUQ77/FEPyMhVDZmYVQ1iZFUOLzBVDvv8VQ/IyFkMlZhZDWJkWQ83MFkO+/xZD
MzMXQ2ZmF0NYmRdDi8wXQ77/F0MzMxhDJWYYQ1iZGEOLzBhDvv8YQzMzGUOoZhlDWJkZQ1bO
GUO+/xlDMzMaQ2ZmGkNYmRpDzcwaQwAAG0MzMxtDZmYbQ5qZG0PNzBtDAAAcQzMzHENmZhxD
mpkcQ83MHEMAAB1DMzMdQ2ZmHUOamR1DzcwdQwAAHkMzMx5DZmYeQ1iZHkPNzB5DAAAfQzMz
H0NmZh9DmpkfQ83MH0MAACBDMzMgQyVmIEOamSBDzcwgQwAAIUMzMyFDZmYhQ5qZIUPNzCFD
AAAiQ/IyIkNmZiJDmpkiQ4vMIkMAACNDMzMjQ2ZmI0MMoiNDzcwjQwAAJEPyMiRDZmYkQ1iZ
JEOLzCRDvv8kQ/IyJUNmZiVDmpklQ83MJUMAACZD8jImQ2ZmJkNYmSZDi8wmQ77/JkMzMydD
x2snQ1iZJ0PNzCdDvv8nQ/IyKEMlZihDmpkoQ83MKEMAAClDMzMpQ2ZmKUNYmSlDi8wpQwAA
KkMzMypDJWYqQ1iZKkPNzCpDvv8qQzMzK0MlZitDmpkrQ4vMK0MAACxD8jIsQyVmLEOamSxD
i8wsQ77/LEPyMi1DZmYtQ1iZLUPNzC1DAAAuQzMzLkMlZi5DWJkuQ4vMLkO+/y5D8jIvQyVm
L0NYmS9Di8wvQwAAMEPyMjBDqGYwQ1iZMEOLzDBDvv8wQ/IyMUNmZjFDmpkxQ4vMMUMAADJD
MzMyQyVmMkNYmTJDi8wyQ77/MkPyMjNDJWYzQ1iZM0OLzDND</AssayXData><AssayYData Points="900">AAAAAApDyzlHNSW6rVCxOg+/Ejut5+87dEauO6WwfzuvXgQ8spsAPDTp6jv09uY7KvMGPK5x
1DsA1UY8exEhPGb7Zjwf5HI8jgmKPAmyfTwbWYk8asF5PNAbljwXfWo8kJJkPGw2pjzSnoU8
s7akPHSXgzwnoZY8/UWePLQfrzxQF648vZm0POiWoDwrHcQ8t9S5PCb+rTzJ2pw8dv+5PE9Y
wDyRvK88ZQnQPARivzzUTbo8Q2zMPJf65TxcvcY8CEizPK9o2Tweud889N7HPKhx4zylcP08
mNfzPINY5zxWFOI8bcwBPeaSAD1NGuo8wv0PPWle6Dwv5/48hdcJPUmO9jzd/Oc8P3cAPa8K
BD0vMgo9emv9PCOHFj0ujws9fu0CPaVfBT2Sqg89kb0VPQyQDj2mZBE9WwcaPbF0ED00fhI9
IxgLPXeaID0c9SQ96pcYPU8dFz2qACA9nX4fPdL4Gj3CThs9kvEnPaa3JT0SCRA9aRMmPZ6e
Kz1+jCk9Y+ErPcwkLT3BOyo9wvYgPYaWGT2W5So9AwEtPZAoHz2AKzk9PWwwPWZMJT1GrC89
6DAtPdtmNj1QOT095fE/PXVrMD182zg9780zPX1lOz2VxEI9qsUxPUtcPj2RSDQ9/ZI6PeSh
ND10zTU9s2M+PXaNQj1XhUw9oqRPPVeLPT3eH1I9d+pUPQv1Sz1lbEg9AT5XPa2ORD3hpFM9
VtFMPXDVVT2Gc0w9p7lOPVQmVD04wFI9WCpYPc1UWj2kN0w9wkZJPU9ZVD1EGFk9XF5hPYCA
YD18KVs9JaJYPcUoXj3CKGw9Ac5pPUWyYz2vTWQ9MR5nPZbsaj1HXl89FWJsPb5LbT0GiWs9
LINoPe0AbT0lC3I9I0RuPRL5dD2Z3209HYVwPS5ycT1IinI90CdxPWmdaj1Ma4M9tqdzPVLy
bj00y4M9WTaCPYMugD28eXs9X0NyPU+5ej3rjIA9Bbd9PUjHbj0jNXo9UaiCPVBngD18J3o9
ip2DPWCEgz0JN4E9jWSEPUqEgj1lc4A98CaLPehMhD1n2IU9Rg+NPfQdjD10WYo9WxiHPROy
gj1zMoc9X3GDPX2yiz3T+5M9mteJPTvaiz3eBYs96eGJPU9oij0oooA981eJPfZTjj1KKIU9
ucGMPV4rjD1CwI89jiqGPV0OlT2hm4o98liSPepAjj3o/JQ9Q9eSPShikj3IZYg96QqSPdWC
iz2Vzoc9fLCMPS7Zjz1peI89BKuVPYM5lj0LWJc9mxuRPbs8lj2u6pI9DqmZPdISoT2MT5Y9
yP6VPX7Fkz1ZhpQ97Q+VPRDHlD2FyKI9gMidPeXWnD0f5qE9ss2XPV0clT0eZ5w9JpKaPQAB
lz0EqKE9Ai+aPTw9lD3q0qA9S8yjPRw1nj12k549HPOcPdeioj15Dp89DGuePe0zmT1RHqI9
Y6OhPd/Coj2kJ6M9jX6mPcVRoj0sUKQ9TkelPQ5xnT13GaE9g/CmPR0ioz2UKqI9QzamPWrl
pT1BBqM9m/SjPWHOqz1HfKU96RunPUZNoz3Tdac9omKlPanEqD02Pag9XcSlPdJPqz1Jmqg9
QgqpPc5Zsj2/Maw9LmixPQJ0rD20w6k9UEOzPTI/rj1TH6k9/UOwPYD6qT1Yb6w9RJSuPS7Z
pj1gkK89OYeuPZMmtT3U3a49VwK3PfW2rz0SDrg9+JezPYpxrT1h5689S8G6PY+EsT2vC609
89q5PaY0sz3UTas9WM+tPcobsz1Yj7g97f63PU67tD0eirY9u3y4PeNQtT3UZbU9//+9PX9h
uD0kiLg9atS2PbIQtT1qYLs9fYDAPWPftj3dlLs9ML69PTjTuD2VlLk9U8C5Pe9Cwj0+ssE9
6tK8PUhMuj0lSLo9YfC9PSz2vD2OlcM9bWq5Pa5Kuj3B1cA9i6jCPc17wz2jWr89wuy8PS3s
xD2PncU9lqi/PTYcwT110MA9eSPEPdifwz0ELMk9DxPHPf4Vvj2/F8E9OsXDPVi7xD3N/MU9
gAbIPdAJwz1jnsg9FAfFPW9NyT1IEsE9jwrGPTG7xj34a8s9IhnCPZBsxz0gdss9CTbIPUzA
yD1xass9k53KPdG1yD2IZsg9ZCbKPaDNxz0q+8s9n+fRPd4Uyj1ijdQ9SaDKPVrk0j3s88o9
zQXQPXiozD3iKM49V0HOPRnkyz1mss89hgvOPS2wxj2tycw9QvXOPfRAzT2h1NY9s6TRPWyM
zj3QCdo9fj3SPdxBzT2ons89ZirPPauh1j3RctQ9PtLMPZ+W2j2tTNA9a4zNPei+2T2EWtI9
hdLOPVypzT31HtY9A0HXPV1Y1D3KBNM9SfnZPVF/1j0tMNc9sNnYPTuD2z2jrdk9q/HUPek7
1D0nZ9g9WpzXPURr0j1sE9c9XbLfPQtk1z0Jo9o9PxTaPXLs1z0xctg9927aPYi12T2LEdw9
gM3ePUHa1j3yktM9P/raPRCz3j1mYdo9QZLWPbM65T2GqNk90NrfPWwb2j1SKOY9A2bgPdiD
3j2zh+A9SlrhPUKu5D2wv9099gPfPdc64z1FJ+Q9KBnhPamg4j2CJeA9Gd/kPUSo5j0jQ+g9
QaziPTFV5T1Tq949OxXnPcIk4T0AD+Q9j/DnPSap5D2GEOc9VublPann5T16lOY9J3/mPeQg
4z2Jn+A91X7pPTlG5D3kb+Y9luLnPT+95j3Yoeg9iYTuPUEB6T19IfE9renjPdSC7D1+GOg9
sCrwPQ046z1S4us9DFvqPUM18T2l4OY9H9TkPXZL6T3oeew96mryPYxU4T2K6fA9A3rvPU6G
5T0Qsew9LVHsPcix7j1GB/A9DYTtPdd97T0mQu89LFftPaHT6z0zTuU9T07wPQoy8T0dLPk9
dyXvPVr++z1R5u89gw7sPXRI7D1ltvQ9d/TuPYzD9j2JEvE9usvrPf4R8z0vffQ9TX31PRfB
+T2xnvE9S/3uPWnu9T1OYPk9z871PQYB+D3BTvI9fwr8Pc199D3ioPU9ow72PQH19D3V8vI9
LVb1PaQz+z14GfU9F3X4PdJWAD4op/g9r7v1PdTh+z0QePU9fgv7PXta8T1vJ/E9TbL+PaHX
/D0Gl/49QSMAPjIe+T2Aw/0948sAPo6E+T1Tlv89u8D8PbW5/D0qS/49Wrj7PTpdAD6ftPc9
gAcCPpuWAD4SLAA+agD4PTAUAz4zv/89abj/PSTa+j0k7/49PYD9PS3T+T3E1wA+U0YAPntn
AT5t+QQ+HZ/8PSq1AD6w4AU+f4wCPjzR/j0HLP89ZA0CPsZD/z1DTwQ+TnsCPpaOAT5a2QA+
9soBPnOfAD5QvQE+xXX+Pe0XBD6vtgU+Wtr9PQGfAz4BwAE+hDkBPn83Az4/WwU+Y8cBPgPa
BT7x7gM+FWcCPtc+Aj7p0AU+rJ0CPqyHBT6ijAQ+KZwEPhSgBT7LDwQ+gjMDPns/BT53OwY+
eXcDPmhFBz7KPwQ+juoDPk4qAj6BIwY+OVoDPvGKBD5MgAQ+zVcHPo9KBz5S5QQ+VT4FPprV
BT4YWws+ongFPlq5Bz6RfAc+6CkEPmeUCD5ZWAM+xYIFPs92CD4cSwc+yCAGPnj5CD6OKgg+
9CMHPs/3BT6miAc+ISQGPgGsAz5drQU+PagLPlY8CD44gQc+mpwIPtwMCj4wnAg+iBEHPh5b
CD4srgo+73QIPlaACD5yyQk+k3YKPh5hCz4rOAs+rdcIPvl2CT5EEQo+FPUJPhF9CD6h0Ao+
ILAFPqPrCj7ASgk+HQ8IPkbwCT6pVAc+7+EJPqj6CT4fUgo+C68NPlmuCz7AIg4+vT4MPosu
Cz7E4Qo+o3sIPs/CCz43RQw+Z04IPpElDD6Epwg+L80NPtlLCz55FQ4+OFILPuh0DD7A1Qw+
A9ANPtPODz70pAs+cI4MPl0GDD5h6Aw+1WwPPtpLDz4naA8+AM4NPmkXDj6PUQs+D1AOPtYd
DT4rsAw+G4kQPmIUDj7nNA8+EPoLPg0MET6iXRA+0yELPjaPEj6l7RA+C5oNPrZrDz7noQ8+
0A0MPlrEDj4oMhE+XYANPiybEz6n4w8+zcYOPuWgED6pMQ8+kQASPhoWEz6Vdg4+OwMRPrT9
Dj4/FxM+KFUTPg8HET4+ABA+XYYRPuFFED5H/A4+cnQQPqDaET40zxE+EAsUPi4MFD7fBRI+
YgEQPv6VFD7F0hE+19ATPkRYEz5U5xI+J4gSPld5Ez5KpBI+xIkSPt14Ez74CxM+3ZEWPi+R
ED7ELBI+MxsTPl02ET6YeRY+WZwPPmqpEz7h/xM+uSkVPjCKEj7TpBU++jMWPgKHEz6f4BQ+
WoAVPm/MEz4B9RU+F+UUPsoEET6ckhM+y3EWPiwZGD7MDBg+8rEUPt0yGD5prBc+1KoZPpKP
FT6F5BY+i4EWPlhhFz47shM+1ccUPoh9FD6JIBc+hZAUPjNhFj6JgBc+oGcXPu3IEz7LCxY+
N+4XPkvBFT73EBM+8okWPj5hFz5hTxk+4u0aPq9tFz5H5hk+85gXPjK4Fz710xY+gh0aPjW3
GT5xuRg+tfQaPsWNGD46Mxk+cYAYPr1fFj4SYhw+EQ8XPrFXGD4S7Rk+ig4YPhm+Gz5aHxg+
nwIaPlzwGD7ZExw+YrAbPqd0GT6C1Rk+p2IYPiX2GT7bpxs+fPccPpV0Gj7E0ho+zdkYPm2e
Gj6pBhk+m7sXPn0yGj54zRs+rAEfPnKTGz5pUhw++wwbPk0oHj45gxk+99ccPtz0GD7n6Bs+
uJYdPqUGHT6U5B4++lYcPtsKHz7p0Ro+C+AbPpZvHD65sBo+</AssayYData></Step><Step><CommonData><SampleLocation>2</SampleLocation><SampleID>10mM Glycine pH1.7</SampleID><SampleGroup></SampleGroup><SampleInfo>or other Regeneration solution</SampleInfo><SampleRow>F</SampleRow><SamplePlate>1</SamplePlate><WellType>REGENERATION</WellType><Concentration>-1</Concentration><ConcentrationUnits>µg/ml</ConcentrationUnits><MolarConcentration>-1</MolarConcentration><MolarConcUnits>nM</MolarConcUnits><MolecularWeight>-1</MolecularWeight><Temperature>30</Temperature><StartTime>969225</StartTime><AssayTime>20</AssayTime></CommonData><FlowRate>1000</FlowRate><StepType>CUSTOM</StepType><StepName>condition</StepName><StepStatus>OK</StepStatus><ActualTime>20</ActualTime><CycleTime>0.2</CycleTime><AssayXData Points="100">vv8zQ3QzNEMkZjRDWJk0Q4vMNEN8/zRDsDI1Q+NlNUNYmTVDi8w1Q4sMNkNRODZDJGY2Q5mZ
NkNJzDZDfP82Q/EyN0PjZTdDn5o3Q0nMN0O+/zdD8TI4Q+NlOEMWmThDScw4Q77/OEOwMjlD
42U5QxaZOUNJzDlDfP85Q7AyOkPjZTpDFpk6Q0nMOkODADtDsDI7Q+NlO0MWmTtDi8w7Q3z/
O0OwMjxD42U8QxaZPENJzDxDfP88Q/EyPUPjZT1DFpk9Q0nMPUO+/z1DsDI+Q6hmPkMimz5D
Scw+Q3z/PkOwMj9D6WY/QxaZP0OLzD9DfP8/Q7AyQEPjZUBDFplAQ4vMQEN8/0BDsDJBQ+Nl
QUOZmUFDScxBQ3z/QUPxMkJDJGZCQxaZQkMOzUJDvv9CQ/EyQ0MkZkNDWJlDQ0/NQ0O+/0ND
8TJEQyRmRENemkRDi8xEQ77/REPxMkVDJGZFQ1iZRUOLzEVDvv9FQ/EyRkMkZkZDWJlGQ4vM
RkO+/0ZDdDNHQ+NlR0NYmUdDi8xHQw==</AssayXData><AssayYData Points="100">d0kXvg77xb0WDH29nRQ4vW0VKb3SDBa9eL0UveX3Hr1RpDO9z25GvV0VXL3GpWy9J4yBvfKN
gr1BF5W9um+WvfGem724z6S9txyjvZevrL2S+bm9+Oi0vW7ov70fHse9YQzMvcC7zb0vSN29
ghXevZdZ3b01bOq90SvivQz65r2mFOa9X5rtvXFa+b26Xv29GdX7vfowAr6xngG+pXsFvlwO
Bb6qvQi+GcsLvlTGC76jBg6+OVwMvpGjDr4CRRG+1KQUvrPkE76W6BS+4t8ZvpCOGL5sShm+
mVgYvhbtHL4CxRu+QKIcvg3RHL6CxSG+TNAgvj2yI77NyiK+LYcnvnpPJL5djCa+K1wmvr1K
Kb7wdi6+QScsvkf4LL7KKi2+TOkuvnB0L74XWjO+G/otvg3HNL7rOzS+y6ExvrY5NL4xaTS+
COQ0vtXpNb5JDjq+RqY3viRYPL5NWT2+K3s6vrseOr7TFzu+PJw+vjIPPr7spz++RP1Avjc9
QL6NPEK+BoZFvlZrQ758d0W+u0tHvg==</AssayYData></Step><Step><CommonData><SampleLocation>1</SampleLocation><SampleID>Running Buffer</SampleID><SampleGroup></SampleGroup><SampleInfo></SampleInfo><SampleRow>F</SampleRow><SamplePlate>1</SamplePlate><WellType>BUFFER</WellType><Concentration>-1</Concentration><ConcentrationUnits>µg/ml</ConcentrationUnits><MolarConcentration>-1</MolarConcentration><MolarConcUnits>nM</MolarConcUnits><MolecularWeight>-1</MolecularWeight><Temperature>30</Temperature><StartTime>995049</StartTime><AssayTime>20</AssayTime></CommonData><FlowRate>1000</FlowRate><StepType>CUSTOM</StepType><StepName>condition</StepName><StepStatus>OK</StepStatus><ActualTime>20</ActualTime><CycleTime>0.2</CycleTime><AssayXData Points="100">vv9HQ7AySEMkZkhDWJlIQ0nMSEN8/0hD8TJJQyRmSUNYmUlDi8xJQ77/SUPxMkpDJGZKQxaZ
SkOLzEpDfP9KQ7AyS0MkZktDFplLQ0nMS0N8/0tDsDJMQ+NlTENYmUxDScxMQ3z/TEOwMk1D
42VNQxaZTUNJzE1Dvv9NQ7AyTkOuZ05DFplOQ0nMTkN8/05DsDJPQ+lmT0MWmU9DScxPQ3z/
T0OwMlBD42VQQxaZUENJzFBDiQFRQ7AyUUPjZVFDFplRQ4vMUUN8/1FDsDJSQyRmUkMWmVJD
0s1SQ3z/UkOwMlND42VTQ1iZU0NJzFNDfP9TQ/EyVEPjZVRDFplUQ0nMVEN8/1RDsDJVQ+Nl
VUNYmVVDi8xVQ77/VUPxMlZDJGZWQ1iZVkOLzFZDvv9WQ7YzV0MkZldDWJlXQ4vMV0O+/1dD
8TJYQyRmWENYmVhDi8xYQ77/WEPxMllDJGZZQ1iZWUOLzFlDvv9ZQ/EyWkMkZlpDKJxaQ0nM
WkN8/1pD8TJbQyRmW0OZmVtDi8xbQw==</AssayXData><AssayYData Points="100">iegbPh8DyT1MxYY91hs9PSqbLD07ehM9cjUBPeZsCT0eZAM9GSYNPWgNJD3l1R09iw8tPT/3
Hz1mpiU9zY05Pcu4NT0IAzw9f047PTduST2X9kc9T7VLPfUfTz3sok09Ol5QPVKBWD3jTVc9
NYpVPTF/TT0zvlA9TbtrPdqDXT272lg9LJNiPaZYZT0RtnQ9oz5uPSQsZj0R/G09rXFxPRaY
dD1tSm49blF9PVuqcT0dM3Y9nv94PfbYgD3ss3Y9u4J/PU03hT3/oXo9PPh4PZ/piT0W4oU9
AS95PYFEfj140oU9JACIPUZOfD3VdIA98nqFPYH7jT2piIg9U3CEPSTEhT3UJoQ9lKWPPfBj
jj3eoo892VODPQQUiz1VyoY9BJ6SPVaAkD1ZX4k9o+OPPUq+jz1gmo495FuRPfbJkj3Uco49
G9qNPd55jj1bV5k9FBGYPWGGkj0Veo89TSSVPZNEmT1XeJE9zl6bPbuEmT1TQpc9Do+SPVks
lD2KgZc9FuWYPRi2lj2LS5Y9zyGZPQ==</AssayYData></Step><Step><CommonData><SampleLocation>2</SampleLocation><SampleID>10mM Glycine pH1.7</SampleID><SampleGroup></SampleGroup><SampleInfo>or other Regeneration solution</SampleInfo><SampleRow>F</SampleRow><SamplePlate>1</SamplePlate><WellType>REGENERATION</WellType><Concentration>-1</Concentration><ConcentrationUnits>µg/ml</ConcentrationUnits><MolarConcentration>-1</MolarConcentration><MolarConcUnits>nM</MolarConcUnits><MolecularWeight>-1</MolecularWeight><Temperature>30</Temperature><StartTime>1020697</StartTime><AssayTime>20</AssayTime></CommonData><FlowRate>1000</FlowRate><StepType>CUSTOM</StepType><StepName>condition</StepName><StepStatus>OK</StepStatus><ActualTime>19.999</ActualTime><CycleTime>0.2</CycleTime><AssayXData Points="100">v/9bQ7EyXEPkZVxDF5lcQ4zMXEN9/1xD8jJdQyVmXUNZmV1DSsxdQ7//XUOxMl5DJWZeQxeZ
XkNKzF5Dff9eQ7EyX0PkZV9DF5lfQ0rMX0N9/19D8jJgQ+RlYEMXmWBDSsxgQ33/YEPyMmFD
5GVhQxeZYUNKzGFDff9hQ3UzYkPkZWJDF5liQ0rMYkO//2JD8jJjQ+RlY0MXmWNDks1jQ33/
Y0OxMmRD5GVkQxeZZENKzGRDff9kQ7EyZUPkZWVDF5llQ0rMZUO//2VDsTJmQ+RlZkMXmWZD
jMxmQ33/ZkOxMmdD5GVnQxeZZ0NKzGdDAQBoQ7EyaEMlZmhDWZloQ4zMaEO//2hD8jJpQyVm
aUNZmWlDjMxpQ7//aUPyMmpDJWZqQ1mZakOMzGpDv/9qQ/Iya0PkZWtDWZlrQ4zMa0O//2tD
sTJsQyVmbENZmWxDjMxsQ33/bEPyMm1DJWZtQ1mZbUOMzG1Dv/9tQ/IybkMlZm5DWZluQ0rM
bkO//25D8jJvQyVmb0MXmW9DSsxvQw==</AssayXData><AssayYData Points="100">upCSvqZHar6hPUa+VtwrvqUHHr69/Rm+oEMTvv1sFL7btBS+/gEYvoQ8FL47jxm+h8EevjvH
Hr7WziG+yyUgvmrBIr7UVyi+FV8rvp71KL5TJS2+KD0ovoY/LL4RpC2+nBUxvs+xL77LjDK+
mGsyvvtvOL7H6je+So88vmX2Nr68iTe+71g/vkGJPr5exz2+KRg/vgGLQb7LEkG+xs49viQB
Pr4jJkO+3XxEvsj5P772dka+kkpHvuDuQ763Z0a+t5FLvsA5Rr7s50e+18pGvjzKSL5rQUq+
04FOvmERTb42m1C+0CdOvoqSTL5YKk6+6plSvvDeT77eZ0y+IKJVvhvsUL6MFVK+tRdRvgYA
VL6Q0lG+vsVVvpM1V74kd1W+IDJYvoonV77UIlW+NKlXvnG/V772h1a+krNXvqrzW76P41y+
sWhZvjj/Yr4CS1y+Pn1dvoxoXL73dWC+afhgvqQ1YL52nV2+/wBhvpKcYL4CoWG+Se1cvqmi
Yb4Rm2K+ZjxkvjhyY75FwWG+KeVlvg==</AssayYData></Step><Step><CommonData><SampleLocation>1</SampleLocation><SampleID>Running Buffer</SampleID><SampleGroup></SampleGroup><SampleInfo></SampleInfo><SampleRow>F</SampleRow><SamplePlate>1</SamplePlate><WellType>BUFFER</WellType><Concentration>-1</Concentration><ConcentrationUnits>µg/ml</ConcentrationUnits><MolarConcentration>-1</MolarConcentration><MolarConcUnits>nM</MolarConcUnits><MolecularWeight>-1</MolecularWeight><Temperature>30</Temperature><StartTime>1046171</StartTime><AssayTime>20</AssayTime></CommonData><FlowRate>1000</FlowRate><StepType>CUSTOM</StepType><StepName>condition</StepName><StepStatus>OK</StepStatus><ActualTime>19.999</ActualTime><CycleTime>0.2</CycleTime><AssayXData Points="100">ff9vQ7AycEPjZXBD1ZhwQ0rMcEM7/3BDbzJxQ+NlcUPVmHFDCMxxQzv/cUNvMnJD42VyQxeZ
ckNKzHJDO/9yQ28yc0OiZXND1ZhzQwjMc0N9/3NDbzJ0Q6JldEPVmHRDCMx0Qzv/dEN1M3VD
42V1QxeZdUMIzHVDO/91Q7AydkOiZXZD1Zh2QwjMdkM7/3ZDsDJ3Q6Jld0PVmHdDCMx3Qzv/
d0NvMnhD42V4Q9WYeENKzHhDff94Q28yeUOiZXlD1Zh5QwjMeUN9/3lDsDJ6Q6JlekPVmHpD
i8x6Q33/ekOwMntD42V7QxeZe0NKzHtDff97Q7AyfEPjZXxDF5l8Q0rMfEN9/3xDsDJ9Q+Nl
fUPVmH1DSsx9Q33/fUOwMn5D42V+QxeZfkNKzH5Dff9+Q28yf0PjZX9D1Zh/Q0rMf0N9/39D
NxmAQ9AygEOLTIBDJGaAQ75/gENYmYBD8bKAQ2rMgEMk5oBDvv+AQzcZgUPxMoFDi0yBQyRm
gUO+f4FDN5mBQ/GygUNqzIFDBOaBQw==</AssayXData><AssayYData Points="100">JoEOPq44qz2F2l890HIgPUKE+Tw8I8Y82F/gPOcNyTy5LOE8VRO2PDGA2jzlYuU8xY7+PBEv
AD14QwU9sPsHPet/Ej2gogg9RPcZPQpZDT1HeRY96lUGPc0PIz2W6B89fbAhPaoHED0eZBY9
M6kxPaDlJj36uiY95E0vPW4mLj2bxCc94W8wPW4pMj1a7j09Kpc1PeBTOT3PIjs9GJ1DPQ/k
OD3LBDs9pz48PfqaST0WtTg9V4xAPSEYPj2T0j09VWZIPW7BSj0Nvkw9KdlHPW6vQj2id0o9
3+tNPbAvVj1ZkU89C2JOPZDkTj37yVY94FpNPXwdVz1akko9ql9QPYFEVD3b5VY9es1dPYMK
Sj0FcVw9J2NkPbF8Yz2Iy149HRVhPXL0TD0qL2Q9SCpePQhhZz34wF89MZFnPcsIbT0Vm2Q9
VehpPYk5dj26AWc9/mlsPcDJcT3+PGc9t/RwPcOfbj3qeW09OgByPa60Zj0wz209XVBkPWhM
dj3rv3A9D+ttPSidbj0H+Hg9DTN5PQ==</AssayYData></Step><Step><CommonData><SampleLocation>2</SampleLocation><SampleID>10mM Glycine pH1.7</SampleID><SampleGroup></SampleGroup><SampleInfo>or other Regeneration solution</SampleInfo><SampleRow>F</SampleRow><SamplePlate>1</SamplePlate><WellType>REGENERATION</WellType><Concentration>-1</Concentration><ConcentrationUnits>µg/ml</ConcentrationUnits><MolarConcentration>-1</MolarConcentration><MolarConcUnits>nM</MolarConcUnits><MolecularWeight>-1</MolecularWeight><Temperature>30</Temperature><StartTime>1071803</StartTime><AssayTime>20</AssayTime></CommonData><FlowRate>1000</FlowRate><StepType>CUSTOM</StepType><StepName>condition</StepName><StepStatus>OK</StepStatus><ActualTime>20</ActualTime><CycleTime>0.2</CycleTime><AssayXData Points="100">nv+BQzgZgkPRMoJDa0yCQ+RlgkN9f4JDF5mCQ9GygkNrzIJDBOaCQ57/gkO7GYNDsDKDQ2tM
g0PkZYNDnn+DQziZg0PRsoNDSsyDQwTmg0N9/4NDFxmEQ7AyhENKTIRD5GWEQ55/hEMXmYRD
sLKEQ2vMhEPk5YRDff+EQxcZhUOwMoVDa0yFQytnhUOef4VDF5mFQ7CyhUNKzIVD5OWFQ33/
hUMXGYZDsDKGQ0pMhkMEZoZDfX+GQxeZhkOwsoZDa8yGQ+TlhkN9/4ZDFxmHQ7Ayh0NKTIdD
5GWHQ31/h0MXmYdDsLKHQ2vMh0Pk5YdDnv+HQxcZiEOwMohDa0yIQ+RliEN9f4hDOJmIQ7Cy
iENKzIhDBOaIQ33/iEM4GYlDsDKJQ2tMiUMEZolDnn+JQziZiUNhtYlDa8yJQwTmiUOe/4lD
OBmKQ9EyikNrTIpDBGaKQ55/ikM4mYpD0bKKQ2vMikME5opDnv+KQzgZi0PRMotDa0yLQwRm
i0Oef4tDOJmLQ9Gyi0NrzItDBOaLQw==</AssayXData><AssayYData Points="100">+26kvrNrib4McWi+0J1Pvs++Qb5S5Dy+xmo3vtZLOr7h+jm+y202vr0KPL4XlT6+mdo/vnZW
Qr4JNki+pUhDvjRGRr60L0W+WRZHvjl4S75lMku+LpBKvqDxTL5Xk0y+pVpPvoAYTr4wr0++
fvhTvpscUr6whFS+jHVVvpUeVb5OBFW+2oRTvlgMWb6bgFi+7C1avoE+Wb5wA1y+aDdcvj2f
Xb6jw1q+47FfvjNsWb5N/F2+t8pdvkcGXb5nLmC+6h9ivlWGY741DmG+/YBjvnPyZL7hDGS+
ckFkvjFYYr5z8mS+7rdnvl4eZb53Q2i+TSJpvtqJaL6VSWi+vclqvsQlZr5s2mu+R3Zpvj+r
ar5qsG2+K6JrvoTUZr4vl2m+D0tvvvxpbr6mCmu+MIxqvv9fcr4FWmy+W+1svrBrbL4Xy2++
SmxuvgnRbL7A5m6+6d1svobUcL7o9XG+LH1zvqQDdL5ErnO+9flyvt8ucL45I3K++R5wvgs+
db5BwXK+k6l1vseccb7S8XO+fJh1vg==</AssayYData></Step><Step><CommonData><SampleLocation>1</SampleLocation><SampleID>Running Buffer</SampleID><SampleGroup></SampleGroup><SampleInfo></SampleInfo><SampleRow>F</SampleRow><SamplePlate>1</SamplePlate><WellType>BUFFER</WellType><Concentration>-1</Concentration><ConcentrationUnits>µg/ml</ConcentrationUnits><MolarConcentration>-1</MolarConcentration><MolarConcUnits>nM</MolarConcUnits><MolecularWeight>-1</MolecularWeight><Temperature>30</Temperature><StartTime>1097296</StartTime><AssayTime>20</AssayTime></CommonData><FlowRate>1000</FlowRate><StepType>CUSTOM</StepType><StepName>condition</StepName><StepStatus>OK</StepStatus><ActualTime>19.999</ActualTime><CycleTime>0.2</CycleTime><AssayXData Points="100">nv+LQzgZjEPRMoxDa0yMQwRmjEOef4xDOJmMQ7CyjENrzIxDBOaMQ57/jEM4GY1DdTONQ2tM
jUMEZo1Dnn+NQziZjUPRso1Da8yNQ+TljUOe/41DFxmOQ7AyjkNrTI5DBGaOQ55/jkM4mY5D
0bKOQ0rMjkOH5o5Dnv+OQzgZj0PRMo9DSkyPQ4dmj0Oef49DOJmPQ9Gyj0OszI9DBOaPQ57/
j0M4GZBDsDKQQ0pMkEMEZpBDfX+QQxeZkEOwspBDa8yQQwTmkEOe/5BDeRmRQ7AykUNKTJFD
5GWRQyGAkUMXmZFD0bKRQ0rMkUME5pFDff+RQzgZkkPRMpJDa0ySQ21nkkN9f5JDOJmSQ7Cy
kkNrzJJD5OWSQ4oBk0M4GZND0TKTQ0pMk0PkZZNDnn+TQziZk0PRspNDa8yTQ+Tlk0N9/5ND
FxmUQ7AylENKTJRD5GWUQ31/lEMXmZRD0bKUQ0rMlEPk5ZRDnv+UQxcZlUOwMpVDSkyVQ+Rl
lUN9f5VDF5mVQ7CylUNKzJVD5OWVQw==</AssayXData><AssayYData Points="100">u333PTwelD2ZZD89iOoIPRJK0TzcTck8ula6POO6ojzkjpw8N5HFPIWvvjzME6s8eYfZPOXO
wzwGMeI8yN3iPImV6DzQU+k8lh8CPVA//TwLUwM90vAAPdmX+DwqRw89F1ESPdd1DT0kCg49
j4UVPSqMEz0o+xA9jREOPZLaDD3lHxc9pfQTPeX1GD2e4Bk9kIgQPSsIKD2EHyk9lLYrPZP4
KT1RNSU9b+IgPa7LJj2grSc9VBYiPd14Hj0RXTM9eYswPcSbIj1PYiw9YEorPbkmMz0QwCE9
qlMpPSFmPT3LqDc9Z00uPawJKT1O6zk91hI4PfCtOz2lIUA9TA46Pf2OLD0fVC49l39DPRRo
Oj3ZfTY9MHw8PcIFOj0YJDc9TbNIPQwXQz1l3ko9UzY8PQdsUj28UUg9KnlOPY9SSD1by0g9
BQZBPbwHQz3ISkc93AdQPbN5TT18wjk9lphHPYg/ST0651Y94ZhOPf0FSz04sFg908hPPS1n
Sz2jOUo9zUVNPWDcTj3QmVY9eI1TPQ==</AssayYData></Step><Step><CommonData><SampleLocation>3</SampleLocation><SampleID>Running Buffer</SampleID><SampleGroup></SampleGroup><SampleInfo></SampleInfo><SampleRow>F</SampleRow><SamplePlate>1</SamplePlate><WellType>BUFFER</WellType><Concentration>-1</Concentration><ConcentrationUnits>µg/ml</ConcentrationUnits><MolarConcentration>-1</MolarConcentration><MolarConcUnits>nM</MolarConcUnits><MolecularWeight>-1</MolecularWeight><Temperature>30</Temperature><StartTime>1123596</StartTime><AssayTime>120</AssayTime></CommonData><FlowRate>1000</FlowRate><StepType>BASELINE</StepType><StepName>Baseline 120</StepName><StepStatus>OK</StepStatus><ActualTime>120</ActualTime><CycleTime>0.2</CycleTime><AssayXData Points="600">fv+VQ/cYlkOQMpZDKkyWQ8RllkNdf5ZD95iWQ7GylkMqzJZDxOWWQ37/lkP3GJdDkDKXQypM
l0PEZZdDXX+XQ/eYl0OxspdDKsyXQ+Tll0Nd/5dD9xiYQxQzmENLTJhD5GWYQ35/mEMYmZhD
sbKYQ0vMmEPk5ZhDfv+YQxgZmUOxMplDNk6ZQ+RlmUN+f5lDGJmZQ7GymUNLzJlDR+aZQ37/
mUP3GJpDsTKaQ0tMmkPkZZpDfn+aQxiZmkOxsppDbMyaQ+TlmkN+/5pDGBmbQ7Eym0NLTJtD
5GWbQ35/m0Mkm5tDkLKbQ0vMm0Pk5ZtDfv+bQ/cYnEOxMpxDS0ycQ+RlnEN+f5xDGJmcQ7Gy
nENLzJxDxOWcQ37/nEMYGZ1DsTKdQ0tMnUPEZZ1DXX+dQ/eYnUOxsp1DKsydQ+TlnUNd/51D
9xieQ9IynkMqTJ5D5GWeQ11/nkMYmZ5Dl7OeQyrMnkPk5Z5DXf+eQ/cYn0OQMp9DKkyfQ+Rl
n0Off59DGJmfQ7Gyn0NLzJ9D5OWfQ37/n0MYGaBDsTKgQypMoEPEZaBDXX+gQxiZoEOQsqBD
S8ygQ+TloEN+/6BDGBmhQ5AyoUNLTKFDxGWhQ35/oUP3mKFDkLKhQyrMoUPk5aFDXf+hQ/cY
okOxMqJDKkyiQ+RlokN+f6JD95iiQ5CyokMqzKJDxOWiQ13/okP3GKNDkDKjQ0tMo0OIZqND
XX+jQ/eYo0OQsqNDS8yjQ8Tlo0Nd/6ND9xikQ5AypEMqTKRDxGWkQ11/pEP3mKRDkLKkQyrM
pEPk5aRDXf+kQ/cYpUOQMqVDKkylQ8RlpUN+f6VDepmlQ7GypUMqzKVDxOWlQ37/pUP3GKZD
sTKmQ0tMpkPEZaZDXX+mQxiZpkOxsqZDS8ymQ+TlpkN+/6ZDGBmnQ7Eyp0NsTKdD5GWnQ35/
p0MYmadDsbKnQ7PNp0Pk5adDXf+nQxgZqEOxMqhDS0yoQ+RlqENdf6hDGJmoQ7GyqENLzKhD
5OWoQ37/qEMYGalDsTKpQ0tMqUPkZalDfn+pQxiZqUOQsqlDKsypQ+TlqUNd/6lD9xiqQ7Ey
qkNLTKpD5GWqQ35/qkMYmapDkLKqQ0vMqkPk5apDfv+qQ/cYq0MUM6tDS0yrQ+Rlq0Ndf6tD
GJmrQ/Oyq0NLzKtD5OWrQ13/q0MYGaxDkDKsQ0tMrEPkZaxDfn+sQxiZrEOxsqxDS8ysQ+Tl
rEN+/6xDGBmtQ7EyrUNLTK1D5GWtQ11/rUP3mK1DsbKtQyrMrUPE5a1Dfv+tQxgZrkOQMq5D
KkyuQ8RlrkNdf65DGJmuQ5CyrkNLzK5D5OWuQ37/rkMYGa9DkDKvQ0tMr0PkZa9Dfn+vQziZ
r0OQsq9DKsyvQ8Tlr0N+/69DGBmwQ5AysEMqTLBDaGawQ35/sEP3mLBDkLKwQ0vMsEPE5bBD
fv+wQxgZsUOQMrFDKkyxQ+RlsUNdf7FD95ixQ5CysUMqzLFD5OWxQ37/sUP3GLJDWzSyQ0tM
skPEZbJDXX+yQz6askOQsrJDKsyyQ8TlskN+/7JD9xizQ5Ays0MqTLNDxGWzQ11/s0P3mLND
kLKzQyrMs0PE5bNDXf+zQ/cYtEOxMrRDKky0Q+RltEN+f7RD95i0Q5CytENLzLRD5OW0Q37/
tEMYGbVDFDO1Q0tMtUPkZbVDfn+1QxiZtUOxsrVDS8y1Q+TltUN+/7VDGBm2Q7EytkNLTLZD
5GW2Q35/tkMYmbZDsbK2Q0vMtkPk5bZDfv+2QxgZt0OxMrdDS0y3Q+Rlt0N+f7dDGJm3Q7Gy
t0NLzLdD5OW3Q37/t0MYGbhDsTK4QypMuEPkZbhDfn+4QxiZuEOxsrhDS8y4Q+TluENd/7hD
9xi5Q5AyuUNLTLlD5GW5Q35/uUMYmblDsbK5Q0vMuUPk5blDfv+5Q/cYukOxMrpDS0y6Q+Rl
ukNdf7pDGJm6Q7GyukNLzLpDxOW6Q13/ukMYGbtDkDK7Q2xMu0PkZbtDfn+7QxiZu0OxsrtD
S8y7Q+Tlu0N+/7tDGBm8Q7EyvENLTLxD5GW8Q11/vEP3mLxDkLK8QyrMvEPk5bxDfv+8Q/cY
vUOxMr1DKky9Q+RlvUPgf71D95i9Q5CyvUMqzL1DxOW9Q13/vUP3GL5DsTK+QypMvkPkZb5D
fn++Q/eYvkOxsr5DKsy+Q8TlvkNd/75DGBm/QxQzv0MqTL9D5GW/Q11/v0P3mL9DkLK/QyrM
v0PE5b9DXf+/Q/cYwEOQMsBDS0zAQ8RlwEOEgMBD95jAQ7GywENLzMBD5OXAQ13/wEMYGcFD
kDLBQypMwUPEZcFDXX/BQ/eYwUOQssFDKszBQ8TlwUNd/8FD9xjCQ5AywkNLTMJDxGXCQ11/
wkMYmcJDdrPCQyrMwkPk5cJDfv/CQxgZw0OxMsNDS0zDQ+Rlw0N+f8NDGJnDQ7Gyw0NLzMND
5OXDQ37/w0MYGcRDkDLEQypMxEPkZcRDfn/EQxiZxEOxssRDEM3EQ+TlxEN+/8RD9xjFQ7Ey
xUOYTsVD5GXFQ11/xUMYmcVDsbLFQ0vMxUPE5cVDfv/FQ/cYxkOQMsZDS0zGQ+RlxkN+f8ZD
GJnGQ7GyxkMqzMZD5OXGQ37/xkP3GMdDkDLHQ0tMx0PkZcdDXX/HQ/eYx0OxssdDS8zHQ8Tl
x0Nd/8dDGBnIQ7EyyENLTMhDxGXIQ11/yEMYmchDsbLIQ0vMyEPk5chDfv/IQxgZyUOxMslD
KkzJQ+RlyUNdf8lDGJnJQ7GyyUMqzMlD5OXJQ37/yUP3GMpDsTLKQypMykMFZspDhIDKQxiZ
ykOQsspDS8zKQ+TlykNd/8pDGBnLQ7Eyy0NLTMtDxGXLQ11/y0MYmctD87LLQ0vMy0PE5ctD
Xf/LQ/cYzEOQMsxDKkzMQ8RlzENdf8xDGJnMQ7GyzEMqzMxDxOXMQ13/zEP3GM1DkDLNQypM
zUPEZc1DpYDNQ/eYzUOQss1DKszNQ8TlzUNd/81D9xjOQ5AyzkNLTM5DxGXOQ11/zkP3mM5D
kLLOQ0vMzkPE5c5DXf/OQ/cYz0OQMs9DS0zPQ8Rlz0N+f89DWZnPQ5Cyz0NszM9D5OXPQ13/
z0P3GNBDkDLQQypM0EPkZdBDXX/QQ/eY0EOxstBDKszQQ8Tl0ENd/9BDOBnRQ7Ey0UNLTNFD
5GXRQ35/0UMYmdFDsbLRQ0vM0UPk5dFD</AssayXData><AssayYData Points="600">QXAUPSnHKD3UoEI9bGZDPTZnST0kx0Y90hlQPYTAQz1AAkY9tMVMPeHmTj1Tp009TghOPXq3
WT0Op009/9o+PecUYT0SSF09lslkPUjOUD3cf1I9cSlfPQdHVT1IXFc9mVNePctwVT29P149
KZFdPbXYVz3CPXk9SfVdPTLjaz3iWWA9edVjPcCEaj218mg9rphiPTvReT10cGo9OxZsPVO2
aj0zSGw9jX9nPRKucD2LlWc9cTZzPSlkYT1xJHE9xtiAPXjkbD1AH249HoltPVsNbT1dQXw9
tPx1PeKLej0R/XQ9jrV0PeRmeD2RuX89HMd0PfKsgD1Px4E9JoiAPRXWfT3JY3k9KeFyPal7
cD2+un49XOdwPVk6dj3JoXE90neFPdt7fj08nn49Z0OEPXzVhz0jwns9rYSGPdNXiT0xwIE9
yL+FPaNBgD3S3Ho95WSFPd+mhD3VWIM9zrqHPa2Uhj1CmoI9MbyCPeF4jj3Lj4U9KlWHPZIx
gj0DO4o9hv2DPfWEjj2ZmIU9LIGHPZd0iz1JyI09Z0iMPaHJiz3R3Yg9pxOFPSBpgD3aWo89
RimNPYYPjj3Ty4k95umHPciyjj3n7I09Vk2MPQqOiT0Ai409LACOPZB1jT05moo917SNPfQ1
kD0PmZA9/cqQPWBcjD0NBpY9fRKMPfHUjj3tbJM9XCyNPQxqjT1mm5A9gU6QPWj5iz047JU9
oP2SPcfDkD26zpA9Hv6UPXDylD01GI49JaScPVXUlj1g5Y89sr+aPWMZlz3LrJA9u56TPSN1
kz39GJ09fgqYPbJYmD0ATJg9BQKYPQJblT3qhZA9VCSZPT4/lD1QgZM9/U2XPalqlT3JH5c9
09SdPdqYlj1MVJ0953GZPXZMmT1NfKA9t8+cPXS9mD0rEZc9wpGfPWzClT1NoqE9mGGdPdmz
lD2IUJg9gqedPTe/nj0Ct5w9wWyWPVdInD3j7p89pHmXPbPslj3dhpc9VaycPZ+5mz27O5s9
vnqgPdZwqD0NQZ89fyOZPU9qnD2Z6ps9IEqgPVsLnz1SNaQ9uuuhPXJ3oD1pu6M9JdmlPVmI
oj100KA9lZqiPZhCpj0IQaU9OfGoPXswqD0/7aM9G1maPR6qpj2vrKQ9JdqhPZhdqT16O549
HD+hPTEqpD2EG5w9yx2iPaDFoT3GW549ZkqnPUPbpT0dJqY9PnGpPYgKoz2xmag9UEOfPZbb
pj1Vw649+0ylPejDoT0ohqY9k5eiPUB3pD0n5KI9oa6hPecdrD33OKs9tPatPfCsoz1kBac9
AxynPZOhqj1Sc6k9PsemPde2pj1TpKs9NJKnPQMFpT2fC6U9iiWxPX+0rT3j2q09hVWrPUPJ
qT1Usqw9RKenPZfgsT1zB7E9d5WmPeSfsD0WSK09bGOtPRPWqj3vsK09KAuqPSCytT1Ex6w9
kaOtPUfMrj3uaq49UMesPaJdpj0jzq49N3CrPbCxrD0/urg90BWzPa2asD3sQbA92a+rPV0v
sD1/Drk9em+0PRaMtD3WN6g93tSsPWKlqj2cLLc9n0OxPYZvrj3l0rc9gwOxPZfTtz2rYq89
KtizPfeusj2a0bY9ADa4PYBKsD2Z3LA970KyPZTqrT2AIbE96lKyPR/9tD3G6LU90NiyPYLO
sz0prbc99RG6PRCyuT20Ea89Ls24PR83tj1n/rk9i0C0PeJ1uD1d4rs9sTu6PUQFuj3XKbk9
MF2zPUZfuT1Isbg9+D27PesYwT2gbLY9+7u2PVY8vD16w7I9QD66PX0jtj01s7s9PE6yPaMr
vT2KD7s9tmivPT4dvj0w5rk9jsO5PXX3vT2cHr0917u7PS0NvT2Te789DBu5PeWFvT05F7k9
BQ+/Pbt8wj00acE9Q5bGPb8buz3exsE9AY+9PYpexj0vvr890b68PQlgxT3Mp7o95IDDPY/I
vj1hrLo9MRO/PQuAwD2Y2rw9vGy6PQSZxD0mE8g9ph+7PW3vxj371Lo9XlzBPfA2wj0wXbw9
V6y+PbOcwz3OyMY91EnCPdr+vT3oKME93YbAPTwdwT1tV7w9agnDPc9Uxj17oMc9b9nCPaTY
xT2LQsA9WD/GPThbwD2asMM9Be29PflDwz3XWMk9ArzJPQcGyj0pkMY91FfBPe1pvz1/I8o9
hmDCPd4TyD0bLMg9X7TCPQQHxT2318o9/gTFPYVryD0jXMs9oujNPVoJzD24Ms897krHPRPD
wz35PMc9qC7HPcoT0D2lccY9QAHNPVojyT3Ctss990HKPTgGxT3trco9loTKPdikzT32gtA9
NXjLPW3nzD1nBsQ9UXLKPVZ1zD2vRcY9zXfKPfQVyz3Fksw9GcTFPa34xz1Gcs09J4LKPQ3P
zD2A5Ms9HwXMPfoRzT3SK9A9G2LPPY0HzT0CS8o9AQ7SPdFRyz15es89a4zPPXvgzj35lMg9
OyPQPcf20D0fdsw9FkbRPQ0J0T2v+9E97dnJPXrn1D0k5dI9dUDZPRRW0D3de809dQPOPSQZ
0z0rNdA9UjXYPYGk1z1aBM89mBnNPY0u0D3xQ9M9TLHSPQZ30T3NA9Q9tNfPPY8D1D2qldY9
MmPNPWYS0D33zMw9KdrUPdNy0j0BUtQ9LlDOPe0y1D2npdA9Cn7aPcQB0z3aLNg9YyPZPYrd
1D0/Odc9cn7RPeOw1D3qkdM901vZPfoB2D2439M9NfzVPZMv1D3c3NA9wDvSPalU1T1pIdM9
GjTYPXuu2T0Pmdc9SADaPZB71T03SNw9yk3UPQ+r0z2UVNk9g1jbPdBf2D2gOdk9MDTVPS1R
2T0mvNk9gADXPWo32j3DD9k97ozfPRev5D3kq9E9HXnSPTyA2j3RwNs9ZNHgPT7q2T3/LNs9
MlHVPYsR3T1Y+Nc9CzbbPU4x2T32N9k9vgzePT/o1j0fB9g9k/jXPfdm2D0n99g94YPjPS/e
2T0PgeM9aBffPSIp3j15M9892zzdPUAC2T0tMt09ZeXdPXx32T3luN89L/7bPbaC4z1LS9w9
Pu3VPZd74z2qM9o9WE/mPQua4j2cfeI904bVPR2e2T128t490GHbPQxm3j00Wt09j+bhPeUA
4j3+oto9x+7ePajD2T0ZcN09BonhPThm3T19wOA9c9njPVJl3D2zaN894yTcPZRG4T21GOA9
6bbhPUE14T3mwuI92SHfPc+V4z2JiuM9</AssayYData></Step><Step><CommonData><SampleLocation>8</SampleLocation><SampleID></SampleID><SampleGroup></SampleGroup><SampleInfo></SampleInfo><SampleRow>F</SampleRow><SamplePlate>1</SamplePlate><WellType>KLOAD</WellType><Concentration>-1</Concentration><ConcentrationUnits>µg/ml</ConcentrationUnits><MolarConcentration>-1</MolarConcentration><MolarConcUnits>nM</MolarConcUnits><MolecularWeight>-1</MolecularWeight><Temperature>30</Temperature><StartTime>1252224</StartTime><AssayTime>20</AssayTime></CommonData><FlowRate>1000</FlowRate><StepType>LOADING</StepType><StepName>Loading</StepName><StepStatus>OK</StepStatus><ActualTime>20</ActualTime><CycleTime>0.2</CycleTime><AssayXData Points="100">fv/RQxgZ0kOxMtJDS0zSQ+Rl0kOff9JDGJnSQ7Gy0kMqzNJDxOXSQ37/0kMYGdNDsTLTQypM
00PkZdNDXX/TQ/eY00OxstNDS8zTQ+Tl00Nd/9ND9xjUQ5Ay1EMqTNRD5GXUQ11/1EMYmdRD
kLLUQyrM1EPE5dRDfv/UQxgZ1UOQMtVDKkzVQ8Rl1UN+f9VD95jVQ7Gy1UMqzNVD5OXVQ37/
1UP3GNZDkDLWQypM1kPEZdZDfn/WQ/eY1kP5s9ZDS8zWQ8Tl1kNd/9ZD9xjXQ7Ey10NLTNdD
xGXXQ11/10P3mNdDkLLXQyrM10PE5ddDfv/XQ/cY2EOQMthDKkzYQ+Rl2ENdf9hD95jYQ5Cy
2EMqzNhDBebYQ13/2EMYGdlDkDLZQypM2UPEZdlDXX/ZQ/eY2UOxstlDS8zZQ8Tl2UN+/9lD
9xjaQ5Ay2kMqTNpDxGXaQ11/2kP3mNpDsbLaQ0vM2kPE5dpDXf/aQ/cY20OxMttDS0zbQ8Rl
20N+f9tDGJnbQ7Gy20NLzNtD5OXbQw==</AssayXData><AssayYData Points="100">sCPbPTd99D2l6wQ+7ycMPny4GD6YVyE+2/oqPpOFMT6XQzs+bqdBPgh2Rz4BuFE+QA5cPk7K
Xz58jmw+vkVvPlmNeD5IdYE+j/aDPsiJij5ABY0+pUKPPmNQlD6jMJg+BlKbPqZtnj7U/aI+
s5GmPiT3qT4ifq0+ccaxPtaXtT5Zmro+xoq9Puqywj4w7sU+TzXLPhnWzj4KKdI+NDnVPtua
2T4/gd0+miDiPsnh5T6BpOc+nh/sPrCR8D6Tz/U+Sm/4PkoA/T7zMQA/OwACPxugBD82BQU/
NcMHP0UlCT8Y1wo/QSQNP2uODz/EIxE/iH8SPyHbEz857RU/f84XP13pGT8U5Bw/7f4dP7fw
Hz+1xSE/sYIjP6gBJT9jric/Tx8pP0KxKz9QHC4/Rk0vP2bdMD8a7jI/Hts0P8muNj/OFTk/
jrA6P6qnOz+ImD0/hIY/P7PGQT+T9kM/yZ9FP41BRz/6Oko/xmNLP+LkTD+3lk4/n11QP3cD
Uz8pK1Q/g2BWP9/HWD+/YFo/NT5bPw==</AssayYData></Step><Step><CommonData><SampleLocation>9</SampleLocation><SampleID></SampleID><SampleGroup></SampleGroup><SampleInfo></SampleInfo><SampleRow>F</SampleRow><SamplePlate>1</SamplePlate><WellType>BUFFER</WellType><Concentration>-1</Concentration><ConcentrationUnits>µg/ml</ConcentrationUnits><MolarConcentration>-1</MolarConcentration><MolarConcUnits>nM</MolarConcUnits><MolecularWeight>-1</MolecularWeight><Temperature>30</Temperature><StartTime>1281855</StartTime><AssayTime>60</AssayTime></CommonData><FlowRate>1000</FlowRate><StepType>BASELINE</StepType><StepName>Baseline 60</StepName><StepStatus>OK</StepStatus><ActualTime>60</ActualTime><CycleTime>0.2</CycleTime><AssayXData Points="300">fv/bQxgZ3EOQMtxDKkzcQ8Rl3EN+f9xDGJncQ5Cy3EMqzNxD5OXcQ37/3EMYGd1DsTLdQ0tM
3UPkZd1Dfn/dQxiZ3UOxst1DS8zdQ+Tl3UN+/91DGBneQ7Ey3kNLTN5D5GXeQ35/3kMYmd5D
sbLeQ0vM3kPk5d5Dfv/eQxgZ30OxMt9DbEzfQ8Rl30N+f99DGJnfQ7Gy30NLzN9D5OXfQ37/
30MYGeBDkDLgQ0tM4EPkZeBDXX/gQ/eY4EOxsuBDS8zgQ+Tl4EN+/+BDGBnhQ5Ay4UMqTOFD
xGXhQ35/4UMYmeFDsbLhQ0vM4UPk5eFDfv/hQxgZ4kOxMuJDKkziQ+Rl4kN+f+JD95jiQ5Cy
4kNLzOJD5OXiQ37/4kP3GONDkDLjQ0tM40PkZeNDfn/jQxiZ40PSsuNDS8zjQ+Tl40N+/+ND
9xjkQ5Ay5EMqTORD5GXkQ35/5EMYmeRDkLLkQyrM5EPk5eRDfv/kQ/cY5UOxMuVDS0zlQ8Rl
5UN+f+VDGJnlQ7Gy5UMqzOVDxOXlQ37/5UP3GOZDsTLmQypM5kPEZeZDXX/mQ/eY5kOxsuZD
S8zmQ+Tl5kNd/+ZDGBnnQ7cz50MqTOdDxGXnQ35/50Nlm+dDkLLnQyrM50PE5edDXf/nQ/cY
6EOQMuhDKkzoQ8Rl6ENdf+hDGJnoQ5Cy6EMqzOhD5OXoQ13/6EP3GOlDkDLpQ0tM6UPEZelD
XX/pQxiZ6UOQsulDKszpQ+Tl6UNd/+lD9xjqQ5Ay6kMqTOpDxGXqQ11/6kP3mOpDkLLqQ0vM
6kNo5upDfv/qQxgZ60OxMutDS0zrQ+Rl60PAf+tDGJnrQ7Gy60NLzOtDLOfrQ37/60MYGexD
sTLsQ0tM7EOIZuxDfn/sQ/eY7EOxsuxDS8zsQ+Tl7EN+/+xDGBntQ7Ey7UNLTO1D5GXtQ11/
7UMYme1DsbLtQ0vM7UPE5e1DXf/tQ1kZ7kOxMu5DS0zuQ+Rl7kNdf+5DGJnuQ7Gy7kNLzO5D
5OXuQ2MA70MYGe9DsTLvQ0tM70PkZe9DXX/vQxiZ70Oxsu9DS8zvQ+Tl70N+/+9D9xjwQ7Ey
8ENLTPBD5GXwQ35/8EMYmfBD0rLwQyrM8EPk5fBDfv/wQzgZ8UOxMvFDS0zxQ8Rl8UNdf/FD
95jxQ5Cy8UMqzPFD5OXxQ37/8UP3GPJDsTLyQypM8kPEZfJDXX/yQ/eY8kOQsvJDKszyQ+Tl
8kNd//JD9xjzQ5Ay80NsTPND5GXzQ11/80P3mPNDkLLzQyrM80PE5fNDfv/zQxgZ9EOQMvRD
S0z0Q8Rl9ENdf/RD3Jn0Q5Cy9EMqzPRD5OX0Q13/9EObGfVDkDL1QypM9UPEZfVDXX/1QxiZ
9UOxsvVDKsz1Q8Tl9UNd//VD9xj2Q7Ey9kMqTPZDxGX2Q35/9kMYmfZDsbL2Qw/N9kPE5fZD
Xf/2Q/cY90PSMvdDKkz3Q8Rl90N+f/dD95j3Q5Cy90NLzPdDxOX3Q37/90P3GPhDkDL4QypM
+EPEZfhDXX/4Q/eY+EOxsvhDS8z4Q8Tl+EMBAPlDGBn5Q7Ey+UNLTPlD5GX5Q59/+UMYmflD
sbL5Q0vM+UPk5flD</AssayXData><AssayYData Points="300">pDupPwWVrD/Pja0/jLSuP9XNrj+Aya4/k0CvP47Brz9ZbK8/tiCwPwFzsD+do7A//5awPxJ2
sD+iIbE/h2mxPw1xsT/7V7E/4jCyP0c+sj/YDbI/e1KyP/+Wsj/wQ7I/90izP6kCsz8JfrM/
16OzP8Lrsz9am7M/mnO0P2AztD/HFbQ/eCW0P66ftD+5crQ/MJy0P017tD9xdrQ/cIm0P4/k
tD9g9rQ/0du0P32XtD/sirU/axm1PxfKtT+pHrU/Njy1P5hstT+vNbU/8721P8nctT96krU/
Lq21P11ytT8VwbU/K3+1Px33tT9R2LU/kgK2P3sjtj848LU/jMe1P46etT9I0rU/p/G1PwS1
tT/AJ7Y/y2W2P8lDtj/WkbY/elu2P54itj8EOrY/8ye2P9UTtj97YbY/ugu2P6ZMtj8kprY/
pHu2P0Bktj+ZgLY/tVS2P9iEtj8KsrY/KRi3PxrBtj8V9LY/fIO2P8DBtj+kTrY/34W2P4KI
tj+kWbY/cn22P3ymtj9NKLY/BY62P1U6tj9yeLY/rde2P/iftj81r7Y/8K62Pwe+tj/Ls7Y/
zBu2Pwa7tj8hnrY/Pdq2P29ntj+1z7Y/2G62P47atj9yjLY/JI62Pxd3tj/Sh7Y/G262PyKf
tj/DibY/EY+2P86ptj9qnrY/B2O2P48jtz8HjLY/sQC3P2wstz9+jrY/Cpe2PyZLtj/seLY/
jme2P7+qtj8nc7Y/HTG3P0zGtj+NnrY/+Oa2P7MItz+LOLY/qba2P7u3tj9+lrY/2p62Pyq3
tj+B17Y/nqG2P/vDtj/co7Y/0HO2Pxyytj+Ul7Y/i4q2PyKmtj9BqLY/3aK2P8/Gtj/DR7Y/
MVq2P/sutj/iuLY/e2a2P1dqtj8VTbY/piK3P3fRtj+akrY/rcC2P/c6tj9kS7Y/UxW2P6dJ
tj/7IbY/sD62P7OEtj8P3LY/eJy2P3dXtj9cYbY/1l62P5dFtj87S7Y/C8m2P2y4tT/RsbY/
GqS2P30btj/f3LY/ZyG2P5eQtj+RRrY/CFO2P/ZBtj9ByrY/wWK2P8RXtj+pI7Y/+ki2P31s
tj+t/bU/VUK2PzD+tT8f9LU/oTG2P4tntj/dfrY/Qgu2P6UYtj86ObY/DTe2P8gFtj84/7U/
TCq2P6Betj+b97U/Sgi2P4JZtj+qgrY/lgG2P5o1tj/TOrY/DS22P20ytj+0SLY/MlG2PzpI
tj8eUrY/KdW1P+Mutj/Yr7U/Bey1P6mZtj+Kf7Y//Uu2P9sQtj95E7Y/1Sm2PyX8tT95hrY/
sRO2P9OEtj9h67U/TCm2P5UYtj9hY7Y/8LC1P5OhtT+BvLU/WOC1P3Uatj+B4bU/2WK2P9IO
tj9h+bU/ieu1PyXGtT9nPLY/AJC1P2vptT9w47U/z5S1Pywntj9+kLU/Irm1P14htj9ixbU/
I+C1PwButT8xcrU/97m1PxjLtT/v2bU/6+q1P1Y2tj/M87U/sgq2P/TFtT+7prU/VHK1P/rY
tT+b1rU/J2e1P0uDtT/bJ7Y/m/y1P7dmtT8Wh7U/a0+1PyJ5tT+Vc7U/LpG1P+ObtT9kpLU/
Z4S1PxLCtT/0mrU/</AssayYData></Step><Step><CommonData><SampleLocation>10</SampleLocation><SampleID></SampleID><SampleGroup></SampleGroup><SampleInfo></SampleInfo><SampleRow>F</SampleRow><SamplePlate>1</SamplePlate><WellType>BUFFER</WellType><Concentration>-1</Concentration><ConcentrationUnits>µg/ml</ConcentrationUnits><MolarConcentration>-1</MolarConcentration><MolarConcUnits>nM</MolarConcUnits><MolecularWeight>-1</MolecularWeight><Temperature>30</Temperature><StartTime>1352033</StartTime><AssayTime>20</AssayTime></CommonData><FlowRate>1000</FlowRate><StepType>BASELINE</StepType><StepName>Baseline 20</StepName><StepStatus>OK</StepStatus><ActualTime>20.005</ActualTime><CycleTime>0.2</CycleTime><AssayXData Points="100">fv/5QxgZ+kOxMvpDjEz6Q8Rl+kN+f/pDGJn6Q7Gy+kNLzPpD5OX6Q37/+kMYGftDsTL7Q0tM
+0PEZftDXX/7QxiZ+0OQsvtDS8z7Q+Tl+0Nd//tDGBn8Q7Ey/EMqTPxD5GX8Q35//EMYmfxD
kLL8QyrM/EPk5fxDfv/8Q/cY/UOQMv1DS0z9Q8Rl/UN+f/1DGJn9Q7Gy/UMqzP1D5OX9Q37/
/UM4Gf5D0jL+Q0tM/kPkZf5Dfn/+QxiZ/kOQsv5DS8z+Q+Tl/kNd//5D9xj/Q7Ey/0MqTP9D
xGX/Q35//0P3mP9DsbL/Q0vM/0PE5f9DMgAARHsMAERZGQBEJSYARPIyAES/PwBEe0wAREhZ
AEQlZgBE4nIARK9/AER7jABEWZkARCWmAETysgBEr78ARHvMAERZ2QBEJeYAROLyAESv/wBE
ewwBREgZAUQVJgFE8jIBRK8/AUR7TAFESFkBRCVmAUTicgFEr38BRIyMAUR5mQFEFaYBROKy
AUSvvwFEe8wBRJrZAUQV5gFERPMBRA==</AssayXData><AssayYData Points="100">cPyQPzpOiD+XzoI/1L9/P4Nmez9QO3o/yEJ5P7MYeT8203k/taF4P5cteT+vMnk/pjh5PzSD
eT/b9Hg/XPt4PwBeej8A/nk/NNd5P4BxeT/Ic3o//IV6P3vbej9d2Ho/MqB6P7gCez/tCns/
WP56P0Vzez8c8no/IbR6P4g6ez9tQ3s/M1h7P7p1ez8xP3s/FrB7P+PSez+BWHs/O+57P78w
ez+IgHs/x9N7P+xeez/gwHw/Gkl7P1Hoez8KC3w/8tJ7PzJGfT/z93s/PBV8P4L+ez+uzns/
QmJ9P/iaez9j83s/KdF9P1cofD/AL3w/4lx8PwiwfD+atnw/06p8P6b/fD9A3Hw/5BZ9Pz80
fT8hTnw/3y19P+HRfD+DiHw/Rtp8PwYYfT+Qdn0/F/h8PwS9fD9MZnw/HlV9P3UQfj/OF34/
SWd8P6xdfT9vrHw/YMt9P/OFfT96uHw/35B8P981fT/MdHw/Ttt9P5w+fT+zMX0/oed9PzQx
fT8hE30/Bud8P/uGfT+jkH0/nwp9Pw==</AssayYData></Step><Step><CommonData><SampleLocation>11</SampleLocation><SampleID></SampleID><SampleGroup></SampleGroup><SampleInfo></SampleInfo><SampleRow>F</SampleRow><SamplePlate>1</SamplePlate><WellType>KSAMPLE</WellType><Concentration>-1</Concentration><ConcentrationUnits>µg/ml</ConcentrationUnits><MolarConcentration>-1</MolarConcentration><MolarConcUnits>nM</MolarConcUnits><MolecularWeight>-1</MolecularWeight><Temperature>30</Temperature><StartTime>1382766</StartTime><AssayTime>120</AssayTime></CommonData><FlowRate>1000</FlowRate><StepType>ASSOC</StepType><StepName>Association</StepName><StepStatus>OK</StepStatus><ActualTime>119.999</ActualTime><CycleTime>0.2</CycleTime><AssayXData Points="600">IQACRN4MAkSrGQJEZyYCRDQzAkQRQAJE3kwCRJpZAkR3ZgJERHMCRBGAAkTNjAJEmpkCRHem
AkREswJEAcACRN7MAkSr2QJEZ+YCRDTzAkQBAANEzQwDRJoZA0R3JgNENDMDRAFAA0TuTANE
mlkDRGdmA0Q0cwNEAYADRM2MA0SamQNEZ6YDRDSzA0QRwANEzcwDRJrZA0Rn5gNERPMDRAEA
BETeDAREmhkERKkmBEQ0MwREEUAERM1MBESaWQREmGYERERzBEQRgAREzYwERJqZBERnpgRE
NLMERBHABETezAREu9kERHfmBERV8wREEQAFRN4MBUSrGQVEdyYFREQzBUQyQAVE3kwFRKtZ
BUR3ZgVERHMFRAGABUTejAVEq5kFRHemBUREswVEEcAFRM3MBUSr2QVEZ+YFRETzBUQRAAZE
3gwGRKsZBkR3JgZERDMGRBFABkTeTAZEq1kGRHdmBkREcwZEEYAGRN6MBkSrmQZEd6YGRESz
BkQRwAZE3swGRKvZBkRn5gZERPMGRAEAB0TeDAdEqxkHRHcmB0RVMwdEAUAHRM1MB0SrWQdE
d2YHRERzB0QRgAdE3owHRKuZB0RnpgdERLMHRBHAB0TNzAdEq9kHRGfmB0Q08wdEEQAIRDAN
CESrGQhEZyYIREQzCEQRQAhE3kwIRKtZCERnZghERHMIRBGACETNjAhEq5kIRGemCEREswhE
EcAIRN7MCESr2QhEd+YIRETzCEQBAAlE3gwJRKsZCURnJglERDMJRAFACUTNTAlE3FkJRGdm
CUQ0cwlEAYAJRM2MCUSamQlEd6YJRDSzCUQRwAlE3swJRJrZCURn5glERPMJRAEACkTNDApE
mhkKRHcmCkQ0MwpEAUAKRM1MCkSaWQpEZ2YKRDRzCkQBgApE3owKRKuZCkRnpgpENLMKRAHA
CkTezApE3NkKROrmCkQ08wpEAQALRM0MC0TcGQtEdyYLRDQzC0QRQAtEzUwLRKtZC0RnZgtE
RHMLRBGAC0TNjAtEq5kLRHemC0REswtEMsALRN7MC0Sr2QtEd+YLRETzC0QRAAxE3gwMRKsZ
DER3JgxERDMMRBFADETeTAxEq1kMRHdmDEREcwxEEYAMRN6MDESrmQxEd6YMRESzDEQRwAxE
D80MRA3aDER35gxERPMMRAEADUT/DA1EqxkNRHcmDUREMw1EEUANRN5MDUSrWQ1Ed2YNRERz
DUQRgA1E3owNRKuZDURnpg1ERLMNRBHADUTezA1Eq9kNRGfmDURE8w1EAQAORN4MDkSrGQ5E
dyYOREQzDkQBQA5E3kwORKtZDkRnZg5ENHMORBGADkTejA5EmpkORGemDkREsw5EQsAORN7M
DkSr2Q5Ed+YORETzDkQBAA9E3gwPRJoZD0RnJg9ENDMPRAFAD0TNTA9Eq1kPRHdmD0Q0cw9E
EYAPRM2MD0SrmQ9Ed6YPRDSzD0QBwA9EzcwPRKvZD0R35g9ERPMPRBEAEETNDBBEqxkQRGcm
EEQ0MxBEAUAQRM1MEESrWRBEZ2YQRERzEEQBgBBE3owQRJqZEERnphBENLMQRAHAEETNzBBE
q9kQRHfmEEQ08xBEAQARRN4MEUSrGRFEZyYRREQzEUQBQBFE3kwRRKtZEUR3ZhFENHMRRAGA
EUTNjBFEmpkRRGemEUQ0sxFEAcARRN7MEUSa2RFEZ+YRRDTzEUQBABJEzQwSRJoZEkRnJhJE
VTMSRAFAEkTeTBJEmlkSRGdmEkQ0cxJEAYASRM2MEkSamRJEZ6YSRDSzEkQRwBJE3swSRKvZ
EkTJ5hJERPMSRBEAE0TeDBNEqxkTRHcmE0REMxNEEUATRN5ME0TcWRNEd2YTRERzE0QRgBNE
3owTRKuZE0R3phNERLMTRBHAE0TezBNEq9kTRHfmE0RE8xNEIQAURN4MFESrGRREdyYURDQz
FEQBQBRE3kwURKtZFER3ZhRERHMURBGAFETejBREmpkURNqmFEREsxREEcAURM3MFESr2RRE
Z+YURDTzFEQRABVE3gwVRKsZFUR3JhVENDMVRBFAFUTeTBVEq1kVRGdmFUQ0cxVEAYAVRM2M
FUSrmRVEd6YVRDSzFUQRwBVE3swVRKvZFUR35hVEhvMVRBEAFkTeDBZEqxkWRGcmFkREMxZE
AUAWRN5MFkSrWRZEd2YWRDRzFkQBgBZE3owWRPyZFkR3phZENLMWRAHAFkTNzBZEq9kWRHfm
FkRE8xZEEQAXRM0MF0SrGRdEdyYXRDQzF0QRQBdEzUwXRKtZF0R3ZhdERHMXRAGAF0TNjBdE
q5kXRGemF0Q0sxdEAcAXRN7MF0Sr2RdEZ+YXRETzF0QRABhEzQwYRJoZGERnJhhENDMYRAFA
GETeTBhEmlkYRGdmGEREcxhEAYAYRM2MGESamRhEd6YYRDSzGEQBwBhEzcwYRJrZGERn5hhE
RPMYRAEAGUTNDBlEmhkZRGcmGUQ0MxlEAUAZRM1MGUSaWRlEd2YZRERzGUQBgBlE3owZRJqZ
GURnphlERLMZRBHAGUTezBlEmtkZRHfmGURE8xlEEQAaRN4MGkSrGRpEdyYaREQzGkQRQBpE
3kwaRKtZGkR3ZhpERHMaRGOAGkTNjBpEq5kaRHemGkRlsxpEpMAaRN7MGkSr2RpEd+YaRETz
GkQRABtE3gwbRKsZG0R3JhtERDMbRBFAG0TNTBtEmlkbRHdmG0Q0cxtEEYAbRN6MG0SrmRtE
d6YbRESzG0QRwBtEzcwbRKvZG0R35htERPMbRBEAHETeDBxEmhkcRHcmHEQ0MxxEEUAcRN5M
HESrWRxEd2YcRDRzHEQBgBxE3owcRJqZHERnphxERLMcRAHAHETezBxEq9kcRHfmHERE8xxE
AQAdRN4MHUT8GR1EZyYdRDQzHUQRQB1EQE0dRJpZHUR3Zh1ERHMdRAGAHUQfjR1Eq5kdRGem
HUQ0sx1EIcAdRM3MHUSa2R1EZ+YdRDTzHUQRAB5E3gweRJoZHkR3Jh5ENDMeRBFAHkTeTB5E
mlkeRGdmHkQ0cx5EEYAeRM2MHkTLmR5EZ6YeRESzHkQBwB5EzcweRJrZHkRn5h5ENPMeRBEA
H0TNDB9EmhkfRHcmH0Q0Mx9EAUAfRM1MH0SaWR9EZ2YfRDRzH0QRgB9EzYwfRJqZH0Rnph9E
ZbMfRAHAH0TNzB9EmtkfRGfmH0RE8x9E</AssayXData><AssayYData Points="600">ld+aP/dEoz9STac/oKepP1Mkqz8RJK0/AgSuP6dmrz+r8bA/6SOyP/4Esz+MWrQ/hAi1P07P
tj/kkrc/KZS4PxnxuT93Mrs/nT68P9LHvT+BJ74/AGW/PzWIwD+t7cE/mgHDPwKWwz/KfcQ/
ALrFP0Koxj9c4sc/cPvIP4fFyT90o8s/xAXMP6jnzD+8rs0/IdvOP2CAzz/jwtA/eZ7RP7BM
0j8f0NM/W1TUP76D1T9yNdY/xOTWP3Tj1z8q2Ng/1WDZP0MI2j8uTNs/uxHcP2Eh3T/Zrd0/
DUbePxIW3z+mxt8/fn/hPxHN4T+lWuI/0D7jPxfD4z+8zOQ//qHlPwTk5j89E+c/40HoP7Wz
6D/+Uek/SeDpP83S6j+naes/yILsPz6h7D/s3e0/vY7uP+gV7z/ypu8/EjzwP98A8T+mrvE/
se3xP9qn8j/kO/M/LVX0P84Q9T9LifU/sWL1P3wn9z/urfc/LJD3PxX1+D94NPk/tJb5P+hf
+j/KBvs/Oyn7P4nr+z+I0Pw/xC39P2Ib/j/Fl/4/R//+PzAl/z8zHgBA/mAAQGRnAEAZDAFA
2k4BQGa9AUDdpwFAGhICQAkiAkCwUQJAadMCQGH+AkC7PwNAn5oDQDWfA0Bj8wNA904EQOeH
BEAWxgRAFiEFQCxSBUAZbgVAjtsFQHsMBkD0OgZA/GYGQPWrBkBmAQdAsFgHQKhwB0CWngdA
3+cHQMgMCEAkVghAWo0IQIOKCEADAglAslUJQGdqCUDhiAlAaMwJQBQKCkBESgpAXF8KQP+g
CkA89gpA1fcKQHp+C0B+gwtAIK4LQGMIDEC6IQxAfhcMQFGsDEC8sQxAV+0MQFYsDUA+KQ1A
WkoNQJOGDUAY2A1AWfYNQCllDkC5dw5AzrQOQJ/kDkD5FA9AkiAPQCxRD0AD2A9A8KoPQBn6
D0BIExBAdW0QQPFHEEAkpxBAPvEQQO0iEUCBdBFAomoRQLc/EUBsuRFASeIRQHZIEkDXbhJA
tiASQFiHEkBlwBJAgMUSQLDtEkCfNBNA0HgTQH6eE0BHrRNA7cATQOkbFEDGBRRAEGgUQB98
FEBazBRAbcAUQEy5FECHDxVArj8VQFNeFUAFsxVALcoVQOXUFUA4KBZAgCgWQH5NFkAWeRZA
bL4WQHzGFkDs1hZA7uMWQINFF0AUZRdAT4QXQFacF0C/xRdA1ZwXQL0xGED1PxhARI4YQOhe
GEAh2BhATKoYQELBGEBv+hhA0DAZQDodGUAtdBlAH0sZQEaLGUA54RlA57cZQOYNGkBDUBpA
0hgaQBJiGkBcsBpAhtkaQDHkGkBs4RpAUVQbQNtCG0AbYRtA1GEbQFjgG0DI8BtAp+UbQETc
G0AmQRxAxjAcQHiFHEDrmxxA3YYcQG+sHECByBxAG8wcQJH+HEBkbR1AQEkdQL9HHUCtQx1A
LM0dQG7SHUD32h1AzAceQMQ2HkDiGh5AbloeQPp0HkDKbh5A3MweQJjoHkDQAR9AHwIfQEcb
H0AHah9AkGkfQKWiH0Cw3R9AR6sfQNO3H0CHqB9APS4gQJgbIEAhTyBArTogQHNzIEDqyyBA
lpUgQFeXIEALDyFAVB4hQK0nIUBKRiFAS0chQHyMIUDAiiFA/KYhQGyyIUDVuyFA2vkhQNYL
IkA1CCJAfBIiQFNSIkAkYSJA4J8iQE3KIkC9miJAxXMiQJUJI0Cz8CJAMPwiQNBII0BjUiNA
fjIjQIKEI0AWhSNA9ZcjQGPMI0ATySNAUssjQNM8JEAaLSRAHzEkQOEnJEAJeSRAC2MkQCes
JEC2xCRAIq4kQNjnJEB3DiVArCElQOklJUCxQSVAz1glQEdYJUCibSVAbYclQFGrJUChpiVA
zM0lQOrrJUCjIiZA3A0mQN48JkDjTCZARkImQKBUJkD6jiZAzpQmQOaiJkCI4SZAm/ImQKjd
JkCoCidAMjMnQDtUJ0AoYSdAUEYnQAJIJ0B3qidAUPsnQGe1J0DD9SdACM0nQI0yKEAZHyhA
kEMoQI8bKEDLZihArXEoQKmZKEAblChA3I4oQB3BKEAF3ihAu+0oQAgoKUC3ESlAk2UpQEsz
KUCkVClAr3opQPuHKUCwoilA97UpQFflKUDT+SlAm70pQDrkKUAnHSpAIOkpQDf+KUBrOCpA
nFMqQLFuKkCFSipA1ZMqQG+aKkD/mipAFNwqQEYcK0D80CpAidUqQCEoK0Bp+CpAYycrQM16
K0BtdytAt34rQM+XK0DFlCtAJY8rQK6tK0C8wCtABcgrQCfrK0B79itAnwwsQAA1LEBxTixA
kT4sQG2fLEACfixAwXcsQPCNLECdsyxA3ZcsQMjLLED0/CxAzvEsQKIqLUCvKC1AtPwsQOFA
LUAccy1AWSUtQMxrLUBaWi1AjLstQEapLUCM2S1APcotQPmTLUBP5S1AXM4tQP32LUDYUS5A
zVYuQA5bLkC9ZC5AUmEuQC2gLkCmeC5Aq5kuQIikLkD7li5AuKwuQIrMLkCOxy5AzvguQFkH
L0BwFy9AIjgvQJE1L0DoaS9AkUMvQM9VL0DOnS9AN3ovQMGkL0CKmy9AN5svQO62L0Ci/i9A
r9QvQKPwL0DeIDBA5skvQPQrMEDp/C9AvXAwQCqNMEBQZzBA820wQNOQMEBwsTBAzbswQPbA
MEDX8TBANq4wQLUSMUDIvTBAXdEwQOH9MEByTTFAgTYxQL0mMUAfUzFAymUxQGxrMUCXcjFA
P5IxQCWaMUDpqTFAO+4xQHfJMUDm0zFAFdsxQKnLMUDCNjJAEQwyQHE1MkCzNTJAqmMyQI9S
MkDFSDJAeY8yQJqGMkCcljJAzn4yQCd1MkAIojJAs8MyQH3UMkCP/TJA/xozQEXrMkBNJTNA
QRczQP9GM0AAUTNAITszQGZYM0AEzDNA9o0zQNafM0AglDNAGXszQDGXM0DppDNAIqgzQF7T
M0AHADRA+vwzQMkTNEAOKjRANjY0QNE4NEDcFDRAG3M0QIBhNEATXDRAaWw0QM2cNECqfTRA
/pI0QM6qNEAAnjRAbsE0QGLjNECuoDRAnd40QCYINUAIzTRAVyc1QID+NECmXjVAYCg1QB9L
NUAfPzVAsUo1QIlWNUAuPDVAt401QJ6/NUCNvzVApqA1QDnBNUDd0TVAGtg1QCrWNUC04DVA
OB42QJQfNkAaJTZAlTA2QEgrNkCaIDZA</AssayYData></Step></KineticsData></ExperimentResults>
