<?xml version="1.0" encoding="UTF-8" standalone="yes"?>
<ExperimentResults><ExperimentInfo Name="20250917 PE P5216 - 5377 plate 1 kappa 50 ugl"><ExpDescription>AHC example method - full characterization&#13;
Analyte titration series with reference channel</ExpDescription><RTDVersion>2.0</RTDVersion><RunID>3B9E1F69-E451-4552-8C9D-CFED4D62EEC8</RunID><ExperimentType>KINETICS</ExperimentType><ExperimentSubType>KBASIC</ExperimentSubType><StartDateTime>2025-09-17T14:59:30</StartDateTime><MachineName>BN7KX12</MachineName><UserName>octet</UserName><LotNumber></LotNumber><PlateName>250917</PlateName><PlateName2></PlateName2><SensorName>A3</SensorName><SensorPlate>1</SensorPlate><SensorType>AHC (Anti-hIgG Fc Capture)</SensorType><SensorRole>LIGAND</SensorRole><SensorInfo></SensorInfo><WritingSW>DataAcquisition.exe 11.0.2.1</WritingSW><InstrumentType>OctetRED96</InstrumentType><InstrumentSerial>FB-50284</InstrumentSerial><InstrumentFW></InstrumentFW><IntegrationTime>2.7</IntegrationTime><DSPType>CPF</DSPType><DSPStitching>1</DSPStitching><HasManifest>1</HasManifest><InfoHash>-1083794191</InfoHash></ExperimentInfo><AssayParamsInfo/><KineticsData><Step><CommonData><SampleLocation>1</SampleLocation><SampleID>Running Buffer</SampleID><SampleGroup></SampleGroup><SampleInfo></SampleInfo><SampleRow>A</SampleRow><SamplePlate>1</SamplePlate><WellType>BUFFER</WellType><Concentration>-1</Concentration><ConcentrationUnits>µg/ml</ConcentrationUnits><MolarConcentration>-1</MolarConcentration><MolarConcUnits>nM</MolarConcUnits><MolecularWeight>-1</MolecularWeight><Temperature>30</Temperature><StartTime>0</StartTime><AssayTime>180</AssayTime></CommonData><FlowRate>1000</FlowRate><StepType>BASELINE</StepType><StepName>Baseline 1</StepName><StepStatus>OK</StepStatus><ActualTime>179.999</ActualTime><CycleTime>0.2</CycleTime><AssayXData Points="900">AAAAAM3MTD7NzMw+mpkZP83MTD8AAIA/1XiZP28Ssz/NzMw/ZmbmPzvf/z/NzAxAmpkZQGZm
JkDRIjNAAABAQGq8TECamVlABFZmQDMzc0Ce739AZmaGQM3MjEACK5NAaJGZQAAAoEBmZqZA
nMSsQAIrs0BokblAAADAQDVexkCcxMxAAivTQGiR2UDP999ANV7mQJzE7EACK/NAmpn5QD81
AEEbLwNBTmIGQYGVCUG0yAxB5/sPQRsvE0FOYhZBgZUZQbTIHEHn+x9BMzMjQU5iJkGBlSlB
tMgsQef7L0FMNzNBTmI2QYGVOUHNzDxB5/s/QTMzQ0FmZkZBgZVJQc3MTEHn+09BMzNTQU5i
VkGBlVlBtMhcQef7X0EbL2NBZmZmQZqZaUHNzGxBAABwQTMzc0FmZnZBmpl5Qc3MfEEAAIBB
mpmBQTMzg0HNzIRBZmaGQQAAiEGamYlBMzOLQc3MjEFmZo5BAACQQZqZkUEzM5NBzcyUQWZm
lkEAAJhBmpmZQTMzm0HNzJxBZmaeQQAAoEGamaFBJzGjQc3MpEFmZqZBAACoQZqZqUFYOatB
wcqsQWZmrkEAALBBmpmxQTMzs0HByrRBZma2QQAAuEGamblBJzG7Qc3MvEFmZr5BAADAQZqZ
wUEzM8NBwcrEQVpkxkEAAMhBjZfJQTMzy0HBysxBWmTOQfT9z0GamdFBJzHTQc3M1EFmZtZB
AADYQZqZ2UEnMdtBzczcQVpk3kH0/d9BjZfhQTMz40HNzORBZmbmQQAA6EGamelBMzPrQcHK
7EFaZO5B9P3vQY2X8UEnMfNBzcz0QWZm9kEAAPhBjZf5QTMz+0HByvxBWmT+QfT9/0HHywBC
k5gBQmBlAkIzMwNCAAAEQs3MBEKamQVCZmYGQjMzB0L6/gdCx8sIQpOYCUJgZQpCLTILQvr+
C0LHywxCk5gNQmBlDkIzMw9CAAAQQs3MEEKamRFCYGUSQi0yE0L6/hNCx8sUQpOYFUJgZRZC
MzMXQvr+F0LHyxhCk5gZQmBlGkIzMxtC+v4bQsfLHEKTmB1CZmYeQi0yH0L6/h9Cx8sgQpqZ
IUJmZiJCOTQjQvr+I0LHyyRCk5glQmBlJkI5NCdCAAAoQsfLKEKamSlCZmYqQi0yK0IAACxC
zcwsQpqZLUJmZi5CMzMvQgAAMELNzDBCmpkxQmZmMkKiRTNCAAA0Qs3MNEKamTVCYGU2QjMz
N0IAADhCzcw4QpqZOUJmZjpCMzM7QgAAPELNzDxCk5g9QmZmPkIzMz9CAABAQs3MQEKamUFC
ZmZCQi0yQ0IAAERCzcxEQpOYRUJmZkZCMzNHQvr+R0LNzEhCmplJQmZmSkIzM0tC+v5LQs3M
TEKamU1CZmZOQjMzT0IAAFBCzcxQQpOYUUJmZlJCLTJTQvr+U0LNzFRCmplVQmZmVkIzM1dC
+v5XQsfLWEKamVlCZmZaQjMzW0IAAFxCzcxcQpqZXUJgZV5CMzNfQgAAYELHy2BCk5hhQmBl
YkIzM2NCAABkQsfLZEKTmGVCZmZmQqJFZ0IAAGhCx8toQpOYaUJgZWpCMzNrQvr+a0LNzGxC
mpltQmZmbkItMm9C+v5vQs3McEK4nnFCZmZyQi0yc0IZBHRCx8t0QpOYdUJgZXZCLTJ3QgAA
eELNzHhCk5h5QmBlekItMntC+v57QsfLfEKTmH1CZmZ+Qi0yf0L6/n9C42WAQkrMgEKwMoFC
F5mBQgAAgkLjZYJCSsyCQrAyg0IXmYNCff+DQuNlhEJKzIRCMzOFQheZhUJ9/4VC42WGQs3M
hkKwModCF5mHQn3/h0JmZohC5dCIQrYziUKamYlCff+JQuNlikJKzIpCMzOLQpqZi0IAAIxC
42WMQkrMjEKwMo1CHZqNQgAAjkJmZo5CSsyOQjMzj0KamY9CAACQQmZmkELNzJBCMzORQpqZ
kUIAAJJCZmaSQs3MkkIzM5NCmpmTQgAAlEJmZpRCSsyUQjMzlUKamZVCAACWQmZmlkLNzJZC
MzOXQpqZl0J9/5dCZmaYQkrMmEIzM5lCmpmZQgAAmkJmZppCzcyaQjMzm0KamZtCAACcQmZm
nELNzJxCMzOdQpqZnUIAAJ5C42WeQs3MnkIzM59CmpmfQn3/n0JmZqBCSsygQjMzoUIXmaFC
AACiQmZmokLNzKJCsDKjQpqZo0IAAKRCZmakQkrMpEIzM6VCmpmlQn3/pULjZaZCSsymQjMz
p0KamadCAACoQmZmqELNzKhCsDKpQheZqUJ9/6lCZmaqQs3MqkKwMqtCF5mrQgAArELjZaxC
SsysQjMzrUIXma1CAACuQuNlrkLNzK5CMzOvQheZr0IAALBC42WwQo3XsEKwMrFCF5mxQgAA
skJmZrJCSsyyQrAys0IXmbNCAAC0QmZmtEJKzLRCsDK1QheZtUJ9/7VCZma2QkrMtkKwMrdC
mpm3QgAAuEJmZrhCSsy4QrAyuUKamblCAAC6QuNlukJKzLpCsDK7QheZu0J9/7tC42W8QkrM
vEIzM71CF5m9Qn3/vULjZb5CSsy+QrAyv0IXmb9Cff+/QuNlwELTzcBCsDLBQheZwUJ9/8FC
ZmbCQkrMwkKwMsNCmpnDQgAAxELjZcRCSszEQrAyxUKamcVCAADGQuNlxkJKzMZCMzPHQpqZ
x0IAAMhCZmbIQs3MyEIzM8lCmpnJQgAAykJmZspCzczKQjMzy0KamctCAADMQmZmzELNzMxC
MzPNQpqZzUIAAM5CZmbOQkrMzkIzM89CmpnPQgAA0EJmZtBCzczQQrAy0UKamdFCAADSQmZm
0kLNzNJCMzPTQpqZ00J9/9NCZmbUQkrM1EIzM9VCmpnVQgAA1kJmZtZCzczWQjMz10IXmddC
AADYQuNl2EK43thCzzfZQpqZ2UIAANpCZmbaQkrM2kIzM9tCmpnbQn3/20LjZdxCzczcQjMz
3UKamd1CAADeQmZm3kJKzN5CMzPfQheZ30J9/99C42XgQs3M4EIzM+FCmpnhQn3/4UJmZuJC
zcziQrAy40IXmeNCAADkQmZm5EJKzORCMzPlQheZ5UJ9/+VC42XmQkrM5kKwMudCmpnnQgAA
6ELjZehCSszoQrAy6UKamelCAADqQmZm6kJKzOpCsDLrQheZ60IAAOxCZmbsQkrM7EKwMu1C
F5ntQn3/7ULjZe5CzczuQrAy70IXme9CAADwQmZm8EJKzPBCsDLxQheZ8UJ9//FCZmbyQkrM
8kIzM/NCF5nzQhID9ELjZfRCSsz0QrAy9UKamfVCff/1QuNl9kJKzPZCMzP3QheZ90J9//dC
42X4Qs3M+EKwMvlCF5n5Qn3/+ULjZfpCzcz6QjMz+0IXmftCff/7QuNl/EJKzPxCsDL9QpqZ
/UJ9//1CZmb+Qs3M/kKwMv9Cmpn/QgAAAEMzMwBDmG4AQ5qZAEPNzABDAAABQzMzAUNmZgFD
mpkBQ83MAUMAAAJDMzMCQ2ZmAkOamQJDzcwCQwAAA0MzMwNDZmYDQ1iZA0PNzANDAAAEQzMz
BENmZgRDWJkEQ83MBEMAAAVDMzMFQ2ZmBUOamQVDzcwFQwAABkMzMwZDZmYGQ5qZBkPNzAZD
AAAHQzMzB0NmZgdDWJkHQ83MB0O+/wdD8jIIQ2ZmCEOamQhDzcwIQwAACUMzMwlDZmYJQ+Ga
CUPNzAlDAAAKQ/IyCkNmZgpDmpkKQ83MCkMAAAtD8jILQ2ZmC0OamQtDzcwLQ77/C0PyMgxD
JWYMQ1iZDEPNzAxDvv8MQzMzDUMlZg1DmpkNQ4vMDUO+/w1D8jIOQyVmDkOamQ5Di8wOQ77/
DkMzMw9DZmYPQ1iZD0PNzA9Dvv8PQzMzEEMlZhBDWJkQQ4vMEEMAABFDMzMRQ/BnEUOamRFD
zcwRQwAAEkPyMhJDJWYSQ1iZEkOLzBJDvv8SQ/IyE0NmZhNDmpkTQ4vME0O+/xNDMzMUQyVm
FENYmRRDi8wUQ77/FEPyMhVDZmYVQ1iZFUOLzBVDAAAWQ/IyFkNmZhZDWJkWQ4vMFkMAABdD
8jIXQyVmF0NYmRdDi8wXQ77/F0PyMhhDZmYYQ1iZGEOLzBhDvv8YQ/IyGUNmZhlDWJkZQ83M
GUO+/xlDMzMaQ6hmGkOamRpDi8waQwAAG0PyMhtDJWYbQ1iZG0OLzBtDAAAcQzMzHENmZhxD
mpkcQ83MHEMAAB1DMzMdQ2ZmHUOamR1DzcwdQwAAHkMzMx5DZmYeQ5qZHkPNzB5DAAAfQzMz
H0NmZh9DmpkfQ83MH0MAACBDMzMgQ2ZmIENYmSBDzcwgQwAAIUMzMyFDZmYhQ5qZIUPNzCFD
AAAiQ/IyIkMlZiJDmpkiQ4vMIkMAACNDMzMjQ2ZmI0OamSNDzcwjQwAAJEMzMyRDZmYkQ5qZ
JEPNzCRDvv8kQzMzJUNmZiVDmpklQ83MJUMAACZD8jImQyVmJkNYmSZDi8wmQwAAJ0MzMydD
ZmYnQ5qZJ0OLzCdDvv8nQzMzKENmZihDmpkoQ83MKEO+/yhDMzMpQyVmKUOamSlDzcwpQwAA
KkPyMipDJWYqQ1iZKkPNzCpDAAArQzMzK0NmZitDmpkrQ4vMK0O+/ytD8jIsQyVmLEOamSxD
zcwsQ77/LEPyMi1DZmYtQ5qZLUPNzC1Dvv8tQzMzLkNmZi5DmpkuQ4vMLkO+/y5D8jIvQyVm
L0NYmS9DzcwvQ77/L0MzMzBDJWYwQ1iZMEOLzDBDvv8wQ/IyMUMlZjFDmpkxQ4vMMUO+/zFD
8jIyQyVmMkNYmTJDi8wyQ77/MkPyMjNDJWYzQ1iZM0OLzDND</AssayXData><AssayYData Points="900">AAAAAAc+ozvvQHA78y30Oweo4TuA8yE8ensrPHW5Ojxh9RQ8HeoTPHapVTyfJlQ8lzQSPEQf
fzzj8Vc8GS5WPPR6kTxGbGo87emQPAJSkzyzzbw8hcehPE95sDz8lZI8jdeuPNB1sTzD0Kk8
3KXKPCZAyDwtH788meLZPDUXzTwF4tw8chHtPA7L2jzRMdk8n232PCeFAT3wceg8ZxjqPFLW
/jxhss889I37PFfIBT1D3QY9uwgPPWXGBz28OxI9iwoJPbYBDj2O5P88OJ0YPbPrCT1ywxY9
Op4QPaHMHz3vOhw9JIAiPdVBID2PhRs9Mt8dPSCMKj0owSs9CRUtPVSALj30fy09RMUxPWtW
Mj0GQz493OA5Pd8lOT0d/kU9vU0xPUGzSD3q8DM99bJBPWEVPz2VX0Q9ekVTPWX5Rz3I2089
XMo7Pe8xXj1lBFw9IjRSPQgwTj1rglQ9CyRVPSKKZz1Y+GE9+2NgPcdiZz3GIG095z9dPRlG
XT1ez2o9+Z9mPfdEYj2keXE9Cm1xPfTecD36vm09hSN2Pb4qaD0WPXs9ILx3PcLYez1YHHE9
EUyEPVpheT3Cr4A9GHKKPRC5hT3Sp4I9ht6CPVusej0E3ZA9xTyHPaOAgj3jN389xd2KPdrF
jj2GpIw94KiHPejzjD0l9os9T62RPQOWjD0X+5k9oEiQPSEtjT2CU5A9JguUPdtNlj3SaZU9
7SGVPfZUmj3uUJM9oOqVPYCroz2iRp49+IaXPQkinz26UJg9CrCYPevwnj3XTaQ9dwyjPYtk
pT1qQaM9GGifPXv0oz1KKaI9doSiPRz0oj1KVao9VJKmPXIBpT37Q6g9Pc6pPZp+pz1ISqg9
JBaqPUKaqD18c6Q92K6uPVNCqz3On649fV6wPRu3rj02rq490sizPWD5uj2yr7M9sKG2PYrp
sT09IrE9UnC2PYxEuD0x0Lc9v9K2PV5Nuj356bU9yzO/Pcittz2YI7c9vii5PR5dwD0k6b49
YZq6PQ+pwD1Hdso9Nc7EPc5UwD33/Lw99EPJPROnxz1SLsA97jnGPWTSwT3xm8M9ODXNPSil
yT19psk9aezHPe6xyz1ddc49ebbMPS2Axj3GjMo98vHOPWewzD0xGM09LVLOPR+PzT2rAtU9
Re/PPXRzzj0IQdA9hPXWPXkmzz2X/NY9g0HPPZSG2T2RR8o9eB/bPTrP2D0+tNM9l0fZPbsi
2D3Bvdc9MCPWPaH63z2ld+E9Ym/ePTDr3z3XneM9aonfPb673z3Yid49kBLgPcos5z39Ido9
KNrZPeqx5D2t2OI9Y0XiPVxW7D3Rp+c9XTnvPZI95z2Lj+c9eorhPUdc5j1zI+Y9TcboPahP
4z2gYOo98CjoPSaf7T0mB+k9fdLoPW8U6T0ll+89yo7qPVgV8T0Eyeo954/yPfQ67T3stu89
6Z3zPavf7j0ucvI92LfwPXh98T0v2PU9UczxPbM88j2g0O89tQn6PUpr9T13D/s9XOj3PdEw
AD7cJP09n0v9PT6p/T3bnvk9UQz8PTFC+z1D2/Y9a5z4Pa8u/D0G9vo915IBPtY4/D08Vfg9
EvECPteN+D1uAgE+6RUCPkN8Aj5VQwE+g+z4PcSOAD665wM+/4YDPsr0Az7YiP896ysDPiUx
Az65E/89+YUBPv4kBz59ygU+vC8GPhtgAz4e4QU+ldcFPg+IBz5hHwY+vvoGPluDCj4WHgc+
zWUHPoBIBz7rxws+WPcFPk7yCD4sDAk+GlUHPtHGCD7vUgc+2kkHPuHIDD4Zmgk+wwQLPoon
BT7A/Ac+b98LPkerDD7knAs+2xYNPrMWDz44tQs+4ukPPmk1ET6bdAg+ri0LPgFeCz7X4A0+
S2INPnE2Dz60CRM+q8MHPjvADz4m3BE+8KoNPsrhDT4YMhM+lR0WPtYSDz6s8Q8++pgMPnwj
DT5BDBI+cTEUPizaED4d5RI+FO4PPik6ED4EMRY+pCMTPt63FT7NTxI+myQVPvJgFj4P2Rg+
4CUVPnUUFT62SRM+HegTPpABFD4BHxc+fQgZPmm6FT5P6Ro+RJUYPu58FT5ghhY+EqkYPsHC
Fj5mrRU+i4YaPrwpGz7IeBM+V6wXPofWGD6qMBU+e0YaPgitGz6Dphk+oZ0ZPqgzHD4BYBs+
QusbPu2zFT4i2x4+trYYPnLfGT4bsR8+GUIePgSNIj5cYhw+f20dPiRdID5CeBs+igkhPiV6
Hz6wJRw+mwEePqgPHT7ypRw+fDkdPmSvHz6cox4+MJ4dProiHT6JkR8+fCsePn2HIT79yiM+
eQcePtK0Ij6PMyI+7q0hPli8Iz47uR8+8FsgPv/TIT58WyA+ngsjPsbpJD4/ySc+5qklPk8w
JT4G5CI+Rp0fPgP1Ij7c2SM+Rb8kPo/0JT4AHSM+N2onPsI9Jj563yQ+OhUkPoZ7Jz5b4SY+
5cclPvuXJz4hpCk+F0clPvKpIz7p5CQ+gXkkPgbCJz5uCCk+NVgqPme/KT4zIy4+nMwsPgt3
Kj4jUiU+C4QtPqsdKz7iNyk+8QErPjCcLD7zJio+lzQsPtJGLD5xaCo+UC4rPg7wKz4gDjE+
5kIsPlsrKj6q0Sw+xzErPip0Lj6kjS0+gM0vPkO4LD7EuS0+PiEvPjZPLz71VC0+cocuPsNx
Lz6I7zA+a3gwPmXqLT4IBzI+rbEwPqPNMD7lOzA+G3YvPknRMj4ZnS0+uTwxPoK0Mj4Bey4+
qfgxPgonNT4TTjA+NPgvPknVND6iezI+mzgyPrgtMz5tGjg+4Xw1PiupND5eJzQ+SuExPkMT
Mz6/NjU+2VQ5PusiNT5xtDg+t8Q1Pic3Lz4EsDQ+1qw0PrEjND4AkjU+KV44PobSNj7VuTg+
du4yPrx7Nj5C/zY+tXk4Pqo/Nj4g1zY+S1Q4PtciOT4xjDg+mCI6PlNdOD7IuTg+e9Y4PspC
PD5KNjk+YmE3PuRjOD4a+jg+WSY4PvQ+Oj5gWTg+wH47PorKOj72szg+E8A2PpK1OD40kDw+
Xso7PuQhOz6clDo+3BQ9PoCRPz4Lqj4+huM6PuMoPT5VeT4+kYpBPr4aOz6CGjw+GqY9PmVG
Oz7RrDo+/oo9Pi0LPD7b5j4+JMk9PsaMPj4N7D0+5zY/Pu/1QD6ruDw+5pI9PrIUPz4/TD0+
6K5BPjiIQT7AXT8+REFEPqxsQj5c2kE+TrZDPuNNQz4EGEQ+LXFAPuFoRD5c7D8+JehBPpHI
QT4+ZEQ+fQdEPgXzRT5Yg0M+J5FCPui7RD5FT0M+KC5HPp/NQj64dUQ+LwxGPvaWRD79dz8+
wpRFPquEQz6MYUc+o0VEPsR7RD7sakM+92hFPi4LRD5qx0Y+aNRDPj5lRz5xnkc+6QlHPi5T
Rz6PgUY+2slFPuyORj4rdkc+3sNHPk8SRz6+YEo+u95HPgfSSD4QBUc+7dpIPu4kTD7HNUY+
NYtKPl19ST4J20k+4ZJIPj+BST4Cx04+dlVLPv3dSD42CE8+6oNMPv6vST7CEEw+b11NPoVs
Tj6UGUw+BBVOPmzBSj5AUkw+wRBKPsYXTT7L304+rHdNPs08Sz50UVE+YBBMPqmsUD4hT0w+
4oJLPoi4Tj6DW08+notMPs7kTD5q5U0+DRtPPj8aUT7VCFA+hDJRPnaeTT7+flA+vBlOPnZ1
Tz6qHlI+BoBPPppFTz4uh04+k+pQPmt0Tj72bFI+x1hTPr5yTz6vblc+wHBSPm+tVD6AKlI+
etNSPs4wUz6v51I+vqxWPrcGTD7l+FU+eqRUPmIPUz6iG1U+7tlRPmMvVD4HqVM+gK9UPr4e
VD6e1lY+cHJRPqyXVD6jqlU+QBVWPvgwVD6alVU+extYPvszVz5ZPlg+KdNWPh/kUj6Mv1U+
8eNVPuGFWD40gVc+fyJZPkj9Uz5DaFU+5O9XPmF0WT4if1w+VWVVPiwzWD4Eilo+AYFVPkoO
Vz5fTFQ+o0daPqo9XD7Zvlk+Oc5XPjUZWz5y5Vg+d1taPrJrWD7lXFw+nGpZPjRRXj7V/Fw+
jc5ZPsJtXD742Vg+e+5cPoYVXD4qcVs+FndcPnSKXT6x6V4+DEBfPlFJYD4/aV0+Y9tbPnHp
XT6a01o+HEVePl37YD4Q1lw+ZYZePiwYYD7QqGA+/wZaPudMXT4Sul0+8gpiPv3tYT4QQWA+
5BlePmL1Xj5DuWE+7WhgPmLNXT4GH14+QsphPsdKYj4yqWM+dBJePhpnXz5df10+WABhPuoH
Yj6O7WI+LZViPmgNYT7pIGE+7KhjPtXwYD5oPGM+lixjPtP/Yz55OGE+QYhlPnPrYz4xlWA+
phliPuV9YT7JV2E+4nVgPieZYz6ueGM+Gp1jPg8VZD5A4mM+/V9iPgrGZT5ht2E+Iy1iPtzP
Yj6J/WM+5rdmPgy9YD4nCmc+hkNqPi5qZT45uWg+x1plPi2gZz4vXmY+eTtnPv3YZT6hoGY+
n9NlPppxYz6tZGg+p0dkPitHZj4Q4GY+yWJkPhzAZj7lB2k+W1JkPsYiZj6psmk+pahrPpSd
aD5QmWg+OLRpPvtzZT4KOG4+kZ1pPoqXaT7Ra2c+d9NqPnYkaz5yyGk+kb9pPn5WZT5r0Wo+
fdhqPoJVZj7pnGg+PK9rPuv7bD6fh2w+dFdqPr0JcT5UgW0+jPtuPryBbj4lmnE+/1FuPvqW
bj7E6W4+bY9sPu1Ebz74sms+myFwPhT5bD77DG4+s0twPufJbD6Pn3A+OeFyPnNccT5Sw2w+
gBhuPrjsbD6BY20+Bch0PtFZbT47fXE+vJBvPoM3cD66XW4+</AssayYData></Step><Step><CommonData><SampleLocation>2</SampleLocation><SampleID>10mM Glycine pH1.7</SampleID><SampleGroup></SampleGroup><SampleInfo>or other Regeneration solution</SampleInfo><SampleRow>A</SampleRow><SamplePlate>1</SamplePlate><WellType>REGENERATION</WellType><Concentration>-1</Concentration><ConcentrationUnits>µg/ml</ConcentrationUnits><MolarConcentration>-1</MolarConcentration><MolarConcUnits>nM</MolarConcUnits><MolecularWeight>-1</MolecularWeight><Temperature>30</Temperature><StartTime>207997</StartTime><AssayTime>20</AssayTime></CommonData><FlowRate>1000</FlowRate><StepType>CUSTOM</StepType><StepName>condition</StepName><StepStatus>OK</StepStatus><ActualTime>20.002</ActualTime><CycleTime>0.2</CycleTime><AssayXData Points="100">vv8zQ7AyNEMkZjRDWJk0Q0nMNEN8/zRD8TI1QyRmNUNYmTVDScw1Q3z/NUOwMjZDJGY2QxaZ
NkNJzDZDfP82Q7AyN0MkZjdDWJk3Q0nMN0N8/zdDsDI4Q+NlOEMWmThDi8w4Q3z/OEOwMjlD
42U5QxaZOUNJzDlDEgM6Q7AyOkMkZjpDFpk6Q0nMOkN8/zpDsDI7Q+NlO0MWmTtDScw7Q3z/
O0OwMjxD42U8Q9uZPENJzDxDvv88Q7AyPUPjZT1DWJk9Q4vMPUN8/z1DsDI+Q+NlPkNYmT5D
i8w+Q3z/PkPxMj9DJGY/Q1iZP0OLzD9Dvv8/Q/EyQEMkZkBDWJlAQ0nMQEO+/0BD8TJBQyRm
QUNYmUFDi8xBQ77/QUPxMkJDJGZCQ1iZQkOLzEJDvv9CQ7AyQ0MkZkNDO59DQ4vMQ0O+/0ND
8TJEQ+NlREMWmURDi8xEQ77/REPxMkVDJGZFQ1iZRUNJzEVDvv9FQ/EyRkPjZUZDWJlGQ4vM
RkO+/0ZD8TJHQ+NlR0NYmUdDDs1HQw==</AssayXData><AssayYData Points="100">9EZ3vDiPqzwyWFc91SuTPeM0pD0Ca509ho2VPS3xkj2vqIU9xQWDPbBTbz3IQGk9KXNQPdJT
Qz304Dc9uqUrPXBOFT3byQ09VFr+PK3M+zwBkuA8WEK6PG4sojzcvK48+CKUPEwSczzq9HQ8
+2ocPGPmDTw86hY8owtiO+lNAbpLf6A5HAENuwYLAjow6+o6DmGVuwamJbx71827JB7huxnb
PrzVlGi8csYsvHGSe7yi/zS8tiO3vH28n7wOG6O82HTDvJVrrLx/0dC8kxbcvBAh27wCo9W8
CvLXvNEy7ryTq+68zmz+vKrz6bxSof68vrUBvQimDr0VJwW9kT8ZvQP2Cb00Axm9Ph4xvbBy
IL3mESq9d8EZvWKaJ71kTjG9/bo5vS/LN73fVi29L1YxvYEMUr2o40y9/GVLvXGcS72GYUu9
b6ZQvVOnUb0dyV69vtxhvVWuX72uX1O9LWJyvTx0Xb3G4G29kIZkvWe+aL2cX2a9aWJuvdLI
Zb3EkX294pdqvXtbc71EVXu99Ad8vQ==</AssayYData></Step><Step><CommonData><SampleLocation>1</SampleLocation><SampleID>Running Buffer</SampleID><SampleGroup></SampleGroup><SampleInfo></SampleInfo><SampleRow>A</SampleRow><SamplePlate>1</SamplePlate><WellType>BUFFER</WellType><Concentration>-1</Concentration><ConcentrationUnits>µg/ml</ConcentrationUnits><MolarConcentration>-1</MolarConcentration><MolarConcUnits>nM</MolarConcUnits><MolecularWeight>-1</MolecularWeight><Temperature>30</Temperature><StartTime>233635</StartTime><AssayTime>20</AssayTime></CommonData><FlowRate>1000</FlowRate><StepType>CUSTOM</StepType><StepName>condition</StepName><StepStatus>OK</StepStatus><ActualTime>19.999</ActualTime><CycleTime>0.2</CycleTime><AssayXData Points="100">QQBIQzMzSEPpZkhDmZlIQw7NSENBAElDMzNJQ2ZmSUOZmUlDzMxJQwYBSkMzM0pDp2ZKQ9uZ
SkPMzEpD//9KQ3QzS0NmZktD25lLQ8zMS0P//0tDdDNMQ2ZmTEPbmUxDzMxMQ///TEMzM01D
ZmZNQ5mZTUMOzU1DQQBOQzMzTkNmZk5Ddp5OQ8zMTkP//05DdDNPQ2ZmT0Mcmk9DzMxPQ0EA
UEMzM1BDp2ZQQxyaUEMOzVBD//9QQ/czUUOnZlFD25lRQw7NUUNBAFJDdDNSQ6dmUkPbmVJD
Ds1SQ0EAU0N0M1NDp2ZTQ9uZU0MOzVNDQQBUQ3QzVEOnZlRD25lUQw7NVENBAFVDdDNVQypn
VUPbmVVDzMxVQ0EAVkN0M1ZDp2ZWQ9uZVkMOzVZDQQBXQ3QzV0NmZldDmZlXQw7NV0MGAVhD
dDNYQ6dmWEPbmVhDDs1YQ0EAWUN0M1lDp2ZZQ5mZWUMOzVlDQQBaQ3QzWkOnZlpD25laQw7N
WkNBAFtDdDNbQ6dmW0PbmVtDzMxbQw==</AssayXData><AssayYData Points="100">j8ZkPrs/Pj7TNx8+9JwTPh1pDT6kew0+zR4LPugDDT7fXwo+wpoRPh1gDz7OHBE+fIQXPjP3
Fj5HhBY+Tx8WPnxbGz7pXh4+5fwZPtPIFz4qKx4+IQoePn4jHz6V4yE+HfQfPu0bIz6p9yQ+
SHwjPndFJz7SJyU++DEkPphuJT6bwyY+vPwiPqdQJT772ic+2WMnPqEpKj66SSk+cPEoPtU2
Kj79yys+OPAtPgzXKD7Jai4+qeUtPrvuKz5eUzA+dsMtPurwLj5Uwy0+A7YtPrGILj5j+i4+
uPswPobsLz7rpzA+SAIxPh96MD5VLDQ+zf0zPkxnLj6VETM+uCgzPgB3MT6SazM+/741PkSO
NT4m3DI+KQg5PnBxND4mIzU+CV02Pi/9Nz62YzY+9o45Php9Nz5C6DY+BS41Pne4Nj7KkTk+
BTM6PomvPj6nVTg+Jfc8PjgLPz7WqTw+9ew5Pls/PD4a+Tw+Wh85PlxYOj73ED4+cHc8Plt+
PT4/LEA+Dmw7Po2oPD5qgz4+p3s9Pg==</AssayYData></Step><Step><CommonData><SampleLocation>2</SampleLocation><SampleID>10mM Glycine pH1.7</SampleID><SampleGroup></SampleGroup><SampleInfo>or other Regeneration solution</SampleInfo><SampleRow>A</SampleRow><SamplePlate>1</SamplePlate><WellType>REGENERATION</WellType><Concentration>-1</Concentration><ConcentrationUnits>µg/ml</ConcentrationUnits><MolarConcentration>-1</MolarConcentration><MolarConcUnits>nM</MolarConcUnits><MolecularWeight>-1</MolecularWeight><Temperature>30</Temperature><StartTime>259167</StartTime><AssayTime>20</AssayTime></CommonData><FlowRate>1000</FlowRate><StepType>CUSTOM</StepType><StepName>condition</StepName><StepStatus>OK</StepStatus><ActualTime>19.999</ActualTime><CycleTime>0.2</CycleTime><AssayXData Points="100">AABcQ/IyXENmZlxDWJlcQ83MXEMAAF1DMzNdQ2ZmXUOamV1DzcxdQwAAXkMzM15D8GdeQ5qZ
XkPNzF5DAABfQzMzX0MlZl9DmplfQ83MX0O+/19DMzNgQ2ZmYEOamWBDzcxgQwAAYUMzM2FD
ZmZhQ5qZYUPNzGFDAABiQzMzYkMlZmJDHZpiQxTOYkO+/2JDMzNjQ2ZmY0MdmmNDzcxjQwAA
ZEPyMmRDJWZkQ5qZZEOLzGRDAABlQzMzZUMlZmVDWJllQ83MZUMAAGZDMzNmQyVmZkOamWZD
zcxmQ77/ZkPyMmdDZmZnQ1iZZ0OLzGdDAABoQ/IyaEMlZmhDWJloQ83MaEO+/2hDMzNpQyVm
aUNYmWlDi8xpQ77/aUPyMmpDJWZqQ5qZakOLzGpDvv9qQ/Iya0MlZmtDWJlrQ83Ma0O+/2tD
MzNsQyVmbENYmWxDzcxsQ7//bEMzM21DJWZtQ1iZbUOLzG1DSAFuQ/IybkMlZm5DWJluQ83M
bkO//25D8jJvQ2Zmb0NYmW9Di8xvQw==</AssayXData><AssayYData Points="100">75bbvXLxcr3oHeK8R39DvJhD9rskp7u7CMSGu8lcCbzOpV28z2iRvHJ/bbybLIq8QbqUvDd+
r7xvutO8W7KyvFai0bw6T9C8iBwBvcQR2rzm9Aq9gwkTvcRjD718kA69eqYLvfOcFb1tTB69
ZXAeveOLJr3Unym9LMIrvRrfNr0N3Tq9VPswvf/KSL2VzD6923FFvWjxOb3og1+9UfJbvcaB
Ur1npVq9zRZgvXFaXr1Z/Ua9GrBovRdKUr0/LGq9t3xqvSLVWL2K4G69y9x2veW5aL2JzGe9
SFxsvRbTb73uG3e97OF0vaD1fL2WhIu9APyGvWcjfr1h34a9NR1zvecHhL0r0IK9CKmDvQNX
g72pt4e9I12LvbBRiL1TQ4+9cWOHvV1rkL3IqYm9DAWIvQEfkb1uBJW91MmbvfY5kb0qBJm9
Aq6RvaOwjr0UHZO9UTGhvYf6m71Bjpi9oAKYvck2l72RkZ29pqycvThZnL0lY5298aKdvX42
nb3z4Zi9klOhvY6aor1qWqC9FHilvQ==</AssayYData></Step><Step><CommonData><SampleLocation>1</SampleLocation><SampleID>Running Buffer</SampleID><SampleGroup></SampleGroup><SampleInfo></SampleInfo><SampleRow>A</SampleRow><SamplePlate>1</SamplePlate><WellType>BUFFER</WellType><Concentration>-1</Concentration><ConcentrationUnits>µg/ml</ConcentrationUnits><MolarConcentration>-1</MolarConcentration><MolarConcUnits>nM</MolarConcUnits><MolecularWeight>-1</MolecularWeight><Temperature>30</Temperature><StartTime>284966</StartTime><AssayTime>20</AssayTime></CommonData><FlowRate>1000</FlowRate><StepType>CUSTOM</StepType><StepName>condition</StepName><StepStatus>OK</StepStatus><ActualTime>19.999</ActualTime><CycleTime>0.2</CycleTime><AssayXData Points="100">vv9vQ7AycEPjZXBDFplwQ0nMcEO+/3BDsDJxQ+NlcUMWmXFDScxxQ3z/cUPxMnJDJGZyQxaZ
ckNJzHJDfP9yQ/Eyc0PjZXNDFplzQ4vMc0O+/3NDsDJ0Q+NldENYmXRDi8x0Q3z/dEOwMnVD
JGZ1Q1iZdUOLzHVDfP91Q/EydkMkZnZDWJl2Q4vMdkO+/3ZD8TJ3QyRmd0NYmXdDi8x3Q77/
d0PxMnhD42V4Q1iZeEOLzHhDvv94Q/EyeUPvZ3lDWJl5Q4vMeUO+/3lD8TJ6QyRmekNYmXpD
i8x6Q77/ekPxMntDJGZ7Q1iZe0OLzHtDvv97Q/EyfEMkZnxDWJl8Q4vMfEO+/3xD8TJ9Q+Nl
fUMWmX1Di8x9Q77/fUPxMn5D42V+Q1iZfkNJzH5Dvv9+Q/Eyf0MkZn9DWJl/Q4vMf0O+/39D
eBmAQxIzgEOrTIBDRWaAQ95/gEN4mYBDErOAQ4vMgEMk5oBD3v+AQ3gZgUPxMoFDi0yBQ0Vm
gUPef4FDV5mBQ/GygUOLzIFDJOaBQw==</AssayXData><AssayYData Points="100">xwtPPlhALT4cIB8+lDYRPnpDEz7FRxI+BXMRPtCqFD7AShc+N4wXPnKNHD6y3Rg+TBIbPii9
Gz7hCx8+TkEaPkhqHT5jihw+rp0iPjT/HD56/iE+CAQiPrnKHz5WtSQ+ro8iPmeYIz55iSM+
pv4kPjIQJT4f9Co+0YYkPkAyKz61Li0+cgsrPpTgLD7g+Cc+DAQqPvUFJz6iByk+mCUqPmp5
Kj7krSs+hz0tPnERMD5nti0+NCkuPpaDLj5mhy0+QZUrPlwxLj4g3jE+No0uPpd6MT7/9i8+
s8UzPj2RLz46Mi8+Gv8vPlzbMD6h8DE+ka00PrZUMz4+UjE+aQwyPpUaNT7eEDM+/Uo0PpL+
NT6iQDI+GHgyPh74OD7dGzY+nqE1Pm52Mz6HgzY+diM3Ph06OT5WBzc+CFs4PjTuOj7IazU+
DbI1PoqIPT4wOjg+fhk5PjlJPD768jk+HD45Pg4EPT63zjk+pvc4PnBpPT6fCDk+18U5PlNt
Oj6Kgjs+5EY7PlvmPD4udkE+OKY6Pg==</AssayYData></Step><Step><CommonData><SampleLocation>2</SampleLocation><SampleID>10mM Glycine pH1.7</SampleID><SampleGroup></SampleGroup><SampleInfo>or other Regeneration solution</SampleInfo><SampleRow>A</SampleRow><SamplePlate>1</SamplePlate><WellType>REGENERATION</WellType><Concentration>-1</Concentration><ConcentrationUnits>µg/ml</ConcentrationUnits><MolarConcentration>-1</MolarConcentration><MolarConcUnits>nM</MolarConcUnits><MolecularWeight>-1</MolecularWeight><Temperature>30</Temperature><StartTime>310591</StartTime><AssayTime>20</AssayTime></CommonData><FlowRate>1000</FlowRate><StepType>CUSTOM</StepType><StepName>condition</StepName><StepStatus>OK</StepStatus><ActualTime>20</ActualTime><CycleTime>0.2</CycleTime><AssayXData Points="100">vv+BQ1gZgkPQMoJDi0yCQ2ZmgkO+f4JDWJmCQ/GygkNqzIJDJOaCQ53/gkNYGYND8TKDQ4tM
g0MEZoNDvn+DQ1iZg0PxsoNDi8yDQwTmg0Od/4NDWBmEQ/EyhEOLTIRDJGaEQ75/hENYmYRD
0LKEQ6zMhEMk5oRDvv+EQ1gZhUPQMoVDcE2FQwRmhUOdf4VDWJmFQ7y0hUNqzIVDJOaFQ53/
hUNYGYZD8TKGQ4tMhkMkZoZDnX+GQ1iZhkPxsoZDi8yGQyTmhkO+/4ZDWBmHQ/Eyh0OLTIdD
BGaHQ75/h0NYmYdD0LKHQ2rMh0ME5odDnf+HQ1gZiEPQMohDrEyIQwRmiEO+f4hDN5mIQ9Cy
iENqzIhDBOaIQ53/iENYGYlD0DKJQ2pMiUMkZolDnX+JQ1iZiUPQsolDasyJQwTmiUO+/4lD
NxmKQ9AyikNqTIpDJGaKQ51/ikM3mYpD0LKKQ2rMikME5opD3/+KQzcZi0PQMotDakyLQyRm
i0O+f4tDWJmLQ9Cyi0NqzItDJOaLQw==</AssayXData><AssayYData Points="100">msQDvgmwmb3IF0G9ze4LvVHN7LyEAea88p8CvcghDr0GxRi9YCwivZ73Ir0DlTC9+pMyvQAh
M70WkUW9BDJIvfPUUb1GlFq9vdlWvbzFXr0K+V29laZfvQWucL3SE2q9zHdvvZc8b72vc3a9
5RyDvWy8gr1HZYe9zOCGvaFPhr217om9xIaFvbKAib3j4IS9XMWGvWuFjr2zKJG9NSyTvdaG
i71iiJC9FI6QvV+blL2i/JS9WTaevVS5kr3OsZK94aaUvbv5m70VS5y9lgafvW+qmr026qC9
KROgvfwKmb2hWJe9VJqgva7xpL1A8KK94CSlvcoTnL1AWqi9hqeivfh8qb1vuqS9SWmxvQ88
o71QMa+92QGvvcC6sL0KarC9f3qwvWidrb2Ewqq9Ma+nvUX9rr1FV6O99zyxvb2Arb04Yau9
6xSwvR50t72iyba9pGOwvVZ8rb0r3LS9JpGzvWsxuL1QNLe9+4u6veFEtr1bdLq9eCC9vcx9
ub1gtrm9aZi+vT2vub0/8r69Zp69vQ==</AssayYData></Step><Step><CommonData><SampleLocation>1</SampleLocation><SampleID>Running Buffer</SampleID><SampleGroup></SampleGroup><SampleInfo></SampleInfo><SampleRow>A</SampleRow><SamplePlate>1</SamplePlate><WellType>BUFFER</WellType><Concentration>-1</Concentration><ConcentrationUnits>µg/ml</ConcentrationUnits><MolarConcentration>-1</MolarConcentration><MolarConcUnits>nM</MolarConcUnits><MolecularWeight>-1</MolecularWeight><Temperature>30</Temperature><StartTime>336396</StartTime><AssayTime>20</AssayTime></CommonData><FlowRate>1000</FlowRate><StepType>CUSTOM</StepType><StepName>condition</StepName><StepStatus>OK</StepStatus><ActualTime>20</ActualTime><CycleTime>0.2</CycleTime><AssayXData Points="100">vv+LQ1gZjEPQMoxDakyMQ8hmjEOdf4xDN5mMQ9CyjEOszIxDBOaMQ77/jEM3GY1D0DKNQ2pM
jUMEZo1DnX+NQzeZjUPxso1DasyNQyTmjUO+/41DNxmOQ/EyjkN2To5DBGaOQ99/jkM3mY5D
8bKOQ4vMjkME5o5DAACPQzcZj0PxMo9DakyPQwRmj0O+f49DN5mPQ9Cyj0OLzI9DBOaPQ77/
j0M3GZBD0DKQQ4tMkEMEZpBDnX+QQzeZkEPQspBDi8yQQwTmkEOd/5BDNxmRQ/EykUOLTJFD
BGaRQ51/kUNYmZFD0LKRQ2rMkUMk5pFDgwCSQzcZkkPxMpJDi0ySQyRmkkOdf5JDN5mSQ9Cy
kkNqzJJDBOaSQ77/kkNYGZND8TKTQ4tMk0MkZpND5YCTQ1iZk0PxspNDi8yTQyTmk0O+/5ND
WBmUQ/EylEOLTJRDJGaUQ75/lENYmZRD8bKUQ4vMlEMk5pRDvv+UQ1gZlUPxMpVDi0yVQyRm
lUO+f5VDWJmVQ/GylUOLzJVDJOaVQw==</AssayXData><AssayYData Points="100">QMtvPp5ASD5vYi0+ZmkePpPxHD5vQhY+xyQXPs9EFz7LxhM+z3UUPndbFj7jwxc+vosaPiKo
HT5gUiA+xcsgPt3gIT6V7B4+sQQkPupVIj60zSQ+m5clPr/IIj4tUyU+CegjPo+fKD4iJyc+
wi0pPtKJJD42ryc+/x8mPrHeKT6WOCc+8/knPsT0Jj5cdyw+G2EuPmglLz5JtC4+YjcoPgMh
Lz6qUys+Wk0xPpBiLj7lES0+n58rPrP0Lz7+KS8+BCMxPkrjMj7dHDA+p14xPnonMT79NDA+
U94zPkTpND7YrjM+zrU0Ptj7Mj762jI+SeYxPkTuNz7RDDE+7MkvPiHaNT5fZTQ++0g2PrqT
MT4WIDc+43w2PluCNj55OTY+/zA4PmKKNT7YZzU+P1Y2PuEkOj5yqDc+8Dc5Pn1yOj4VIjU+
0Rc3PoXLOj6hajc+gC03PhKzOD7C2zY+1Vc/Pt3kOj4Najo+lwU8PkeiPD6WWzs+r8w7PqfM
Oz7nQzw+Nsc6Pmh+PD5wjTs+rBI6Pg==</AssayYData></Step><Step><CommonData><SampleLocation>3</SampleLocation><SampleID>Running Buffer</SampleID><SampleGroup></SampleGroup><SampleInfo></SampleInfo><SampleRow>A</SampleRow><SamplePlate>1</SamplePlate><WellType>BUFFER</WellType><Concentration>-1</Concentration><ConcentrationUnits>µg/ml</ConcentrationUnits><MolarConcentration>-1</MolarConcentration><MolarConcUnits>nM</MolarConcUnits><MolecularWeight>-1</MolecularWeight><Temperature>30</Temperature><StartTime>362695</StartTime><AssayTime>120</AssayTime></CommonData><FlowRate>1000</FlowRate><StepType>BASELINE</StepType><StepName>Baseline 120</StepName><StepStatus>OK</StepStatus><ActualTime>120</ActualTime><CycleTime>0.2</CycleTime><AssayXData Points="600">vv+VQzcZlkPxMpZDi0yWQyRmlkO+f5ZDWJmWQ/GylkOLzJZDJOaWQ77/lkNYGZdD0DKXQ8xM
l0MkZpdDnX+XQzeZl0PxspdDi8yXQyTml0O+/5dDWBmYQ/EymEOLTJhDJGaYQ75/mENYmZhD
8bKYQ4vMmEMk5phDnf+YQ1gZmUPxMplDakyZQwRmmUO+f5lDN5mZQ/GymUNqzJlDBOaZQ77/
mUM3GZpDlTOaQ4tMmkMkZppDvn+aQzeZmkPxsppDasyaQwTmmkOd/5pDNxmbQ7Yzm0NqTJtD
BGabQ51/m0NYmZtD0LKbQ4vMm0Mk5ptDnf+bQzcZnEPQMpxDakycQyRmnEOjgJxDN5mcQ9Cy
nENqzJxDJOacQ77/nEM3GZ1D8TKdQ4tMnUMkZp1Dvn+dQzeZnUPQsp1DasydQwTmnUOd/51D
NxmeQ9AynkNqTJ5DBGaeQ75/nkNYmZ5D0LKeQ2rMnkME5p5Dvv+eQ1gZn0PQMp9DakyfQwRm
n0ODgJ9DN5mfQ9Cyn0NqzJ9DBOafQ53/n0NYGaBD0DKgQ2pMoEMEZqBDvn+gQ1iZoEPxsqBD
zMygQ2bmoEO+/6BDWBmhQ9AyoUOLTKFDJGahQ75/oUNYmaFD0LKhQ4vMoUNF5qFDvv+hQ1gZ
okPxMqJDi0yiQyRmokO+f6JD25miQ/GyokOLzKJDJOaiQy0Co0NYGaND8TKjQ4tMo0MkZqND
vn+jQ1iZo0PQsqNDi8yjQyTmo0O+/6NDWBmkQ/EypEMvTaRDJGakQ75/pENYmaRDErOkQw7N
pEMk5qRDvv+kQ1gZpUPxMqVDi0ylQwRmpUO+f6VDWJmlQ9CypUOLzKVDJOalQ77/pUNYGaZD
0DKmQ4tMpkMEZqZDxICmQ1iZpkPQsqZDi8ymQyTmpkO+/6ZDNxmnQ/Eyp0OLTKdDBGanQ75/
p0M3madD0LKnQ4vMp0Mk5qdDvv+nQ3gZqEPxMqhDakyoQwRmqEOdf6hDeJmoQ5WzqEOLzKhD
JOaoQ77/qEM3GalD0DKpQ4tMqUMkZqlDvn+pQ1iZqUPQsqlDi8ypQwTmqUOd/6lDNxmqQ/Ey
qkNqTKpDJGaqQ51/qkNYmapD8bKqQ8zMqkMk5qpDnf+qQzcZq0PQMqtDi0yrQwRmq0Odf6tD
N5mrQ/Gyq0NqzKtDBOarQ77/q0M3GaxD0DKsQ2pMrEMEZqxDvn+sQzeZrEPxsqxDi8ysQwTm
rEOd/6xDNxmtQ9AyrUOLTK1DBGatQ51/rUM3ma1D8bKtQ4vMrUME5q1Dnf+tQ1gZrkPQMq5D
akyuQyRmrkOdf65DN5muQ9CyrkOszK5DBOauQ77/rkM3Ga9D8TKvQ2pMr0MkZq9DnX+vQzeZ
r0PQsq9Di8yvQwTmr0O+/69DWBmwQ/EysEOLTLBDJGawQ75/sENYmbBD8bKwQ4vMsEMk5rBD
vv+wQ1gZsUPxMrFDIFCxQyRmsUO+f7FDWJmxQ/GysUNqzLFDJOaxQ77/sUNYGbJD0DKyQ4tM
skMkZrJDvn+yQ1iZskPxsrJDasyyQwTmskO+/7JDWBmzQ/Eys0NqTLNDJGazQ51/s0NYmbND
8bKzQ4vMs0Oo5rNDvv+zQzcZtEPxMrRDaky0Q2ZmtEO+f7RDWJm0Q9CytENqzLRDBOa0Q77/
tENYGbVDdDO1Q4tMtUMkZrVDnX+1Q1iZtUPQsrVDasy1QyTmtUOd/7VDNxm2Q/EytkNqTLZD
JGa2Q51/tkNYmbZD0LK2Q4vMtkMk5rZDnf+2QzcZt0PQMrdDaky3QwRmt0O+f7dDN5m3Q/Gy
t0MvzbdDBOa3Q+UAuEPAGrhD0DK4Q2pMuEMEZrhDnX+4Q1iZuEPxsrhDi8y4QwTmuEO+/7hD
Nxm5Q9AyuUNqTLlDBGa5Q51/uUNYmblD0LK5Q2rMuUME5rlDvv+5Q1gZukPQMrpDaky6QyRm
ukOdf7pDWJm6Q9CyukNqzLpDBOa6Q77/ukM3GbtD0DK7Q2pMu0MEZrtDnX+7QzeZu0N0s7tD
asy7Q2bmu0Od/7tDNxm8QzMzvENqTLxDBGa8Q51/vENYmbxD8bK8Q2rMvEME5rxDnf+8QzcZ
vUPQMr1Di0y9Q0VmvUOdf71DN5m9Q/GyvUNqzL1DBOa9Q77/vUNYGb5D8TK+Q4tMvkMkZr5D
vn++Q1iZvkPxsr5Di8y+QyTmvkO+/75DWBm/Q/Eyv0OLTL9DJGa/Q75/v0NYmb9D8bK/Q2rM
v0Mk5r9Dnf+/Q1gZwEPxMsBDakzAQyRmwEO+f8BDN5nAQ/GywEPtzMBDJObAQ77/wENYGcFD
8TLBQ4tMwUMkZsFDvn/BQ1iZwUPxssFDi8zBQyTmwUO+/8FDahzCQ/EywkNqTMJDJGbCQ51/
wkNYmcJD8bLCQ4vMwkMk5sJDvv/CQ1gZw0PQMsNDi0zDQwRmw0O+f8NDN5nDQ/Gyw0OLzMND
BObDQ77/w0M3GcRD0DLEQ2pMxEMkZsRDvn/EQzeZxEPxssRDaszEQyTmxEO+/8RDWBnFQxIz
xUOLTMVDBGbFQ75/xUM3mcVD8bLFQ2rMxUMk5sVDvv/FQ1gZxkPQMsZDi0zGQwRmxkOdf8ZD
WJnGQ9CyxkOLzMZDBObGQ77/xkM3GcdD0DLHQ2pMx0MkZsdDvn/HQzeZx0PQssdDaszHQ+nm
x0O+/8dDWBnIQ9AyyENqTMhDBGbIQ51/yEM3mchD0LLIQ2rMyEME5shDvv/IQ1gZyUPQMslD
akzJQwRmyUOdf8lDN5nJQ/GyyUNqzMlDBObJQ53/yUM3GcpD8TLKQ2pMykMEZspDnX/KQzeZ
ykPxsspDaszKQyTmykOd/8pDNxnLQ9Ayy0NqTMtDJGbLQ99/y0M3mctD8bLLQ2rMy0ME5stD
vv/LQ3gZzEPxMsxDi0zMQyRmzEO+f8xDmZnMQ/GyzEOLzMxDBObMQ77/zENYGc1D8TLNQ4tM
zUMkZs1Dvn/NQ1iZzUPxss1DaszNQyTmzUO+/81DWBnOQ/EyzkOLTM5DJGbOQ75/zkNYmc5D
8bLOQ4vMzkMk5s5Dvv/OQ1gZz0PxMs9Di0zPQyRmz0O+f89DN5nPQ/Gyz0NqzM9DBObPQ77/
z0NYGdBD8TLQQ4tM0EMEZtBDvn/QQ1iZ0EPxstBDi8zQQyTm0EO+/9BDWBnRQ/Ey0UNqTNFD
JGbRQ75/0UNYmdFD8bLRQ4vM0UMk5tFD</AssayXData><AssayYData Points="600">xUssPnwtMT5EEzM+zMYxPjhqNj5FzTY+01c5PjNsND6g/TU+Ibk5PmXQPD7LIDk+WpA4Ps02
QD6BikA+rMA+PjJxPD7GmT0+pc09PpAlQD5uHD4+Gxw+PonKPj6i7z0+i2RBPvczQz7o0j8+
SsA/Pt95QD4TtD8+xT5DPhOaQz7fpT8+ALZAPg3mQD4hyUc+UZZAPnqfRj4PKUI+c4VJPohB
RT6FDUU+w8pHPjlZRD4+vEI+CdBDPuNqST5+FUQ+ixJCPhPdRD4+0Ug+UHVGPsZCRz6IlUg+
JONFPuXgRD5h8Eo+MV1JPogoST4VkEw+R9lHPsRZRz5owUo+r65JPmT4TD5ZtUk+PpNMPkcD
Sj7F8k0+mUxMPqbVSj664Uw+IF1KPurQRj6UYks+C7hJPg06TD4vbUs+7RVPPu6ITD5sc0s+
x/lOPoIRTz7PjVA+rsxOPpFGUD7h4k8++3pNPj6jTD4wT1E+yWRPPnuhTz4u7lI+g7lPPt5s
TT51e04+xblLPjbZUD4xX1A+C8pRPrOeUD5wJFU+owVSPriPUD7dcUw+Tg1TPscUTz5ESFM+
lC5VPi/cVT5YaVA+H1ZSPrioUD7tpVA+o8hTPvhRVD7KdlU+8CBTPsaDVD6XnFM+HUVTPuBK
Uj6y9lY+T01SPuEpVT4ehFY+cElSPu6iVT7fP1U+FzlYPrmtWD5WrlQ+8o5ZPgvvVz4tb1U+
S6RUPpldVj7741M+YkNYPrQoWj5QDFg+o+haPiB6WD7rW1g+sWdXPgN/Wz5hBlY+gIdZPiPK
Vz6jMVM+G7BWPjr+WT5BX1w+IOBbPj7YWD5brFY+xcJYPpxtWT6eXFc+oHpcPgAXWj64AVg+
rFBaPtFZWz5zDlo+8gldPnniWz6m9lg+Zm5dPpIaWz69mlo+K0VZPk28XT42elw+8BtaPvHH
YD6241w+fWhhPp1EXT5V8F8+QhZePjjxXz5GjV8+PZFfPj3LYT76ImE++WldPovvXj7BR18+
eqpgPo1sXT7/W2E+tStgPlK4Xz5kX2M+rOJgPg8nXT7+Hl8+S6NfPt+SXz4xLWI+uvRiPjbP
ZT5EG2M+dy5hPk6zYD6z+WI+BH9fPgtJYz4v8V8+XtpkPrcjYD68wGE+NyZjPkp2ZD4QpWU+
izhkPjqFXz6yCGM+6w9jPvadZD5nlWQ++BphPh/pZT7T9WQ+2WNnPo7OZT69c2c+4dNhPhbL
aj4uU2Q+F9JePnIraD4gtWM+lzllPhJIZz6qIGk+6wdoPnJKZj5Hk2c+hU9nPi8PYj4uN2Y+
lY1oPopqYz78n2Y+W5FqPtkubT4MZGY+rdJnPl6saD5FSWg+pFVmPsRaaj49UmY+z/FpPkhY
az59iG0+69JoPnGKaj5el2c+Qc1qPkLLaT7+emo+haVpPoTVaT5SJGo+QsxpPt4caz5vWG4+
lzhpPtZycD4YS2k+h1JqPiqsaz6DMWw+DYtsPlcSaj6JOGo+IHduPkJNaj7xiWw+KT1rPpVX
bT5Om20+gpBvPt1Bbj4Xu2s+aldpPn+UbT6DF20+Xg5sPq08bT6g128+aBlyPvyhbT49wmo+
CnpuPpBgbj4C5nA+0/JuPhIGbz6gtW8+VS1uPr1obT7uk20+EZhtPpjBbz71om8+H51zPpzH
bz7pFnA+U9pzPl1tcD73TnA+NN5yPmHrcj6JP3U+x9BwPlM2cT6YpHE++3pwPtr7bz5SEXI+
saBvPlA5cj5XznU+BThyPotKcj6IQnI+YY9yPlBrcD6VNnM+o6F1Pt8ZdD7OCHU+6qhvPsOE
cz5J/HU+kz90PjLucz7fZHU+Me9zPsSkdD7GjnE+WQF2Pl10cz68PXQ+qzxzPkPvcT4HIHI+
MuV0PnOlcj7NfXA+Exl1PuAVdj4Dsnc+oyFzPs7adz5CbHc+CsJ1PjUFdz4mNHM+9Wx4PuoM
dD6pdnM+qeN0Pqk7cz5HwXY+KIB4PslVeD7Dy3k+mVx5PjL8dz6MwXY+dg15Pm6PeD59tng+
Qet3PhbAeD40tXk+IbR1PqjLeD6cm3w+UhN2Pk6tdT6E13c+qF94PkxMeT4CfHc+Jih0Pjpj
eD4XbnU+6IB4PnqVeT7ZSns+Cgt8PnlBeD6uHHM+8W54PthqfT6pLXo+FHB6Pq73ej4nNHg+
blV7PvrMfD7anng+jB94PjBWfD47Ano+iyF7PmLedz6QhHs+XEV7PukpgD4VqH0+sqR7PkHp
eT5CSXo+BjF+PhnLfD5uIHs+Egt8PrdleT4OhXo+Gnp9PgQNfz5swX8+bp59PuRRez4IkX0+
n018PhIUfj59Wn4+NR5/PgmDfj6VFX0+vth8PiZnfz4XWn4+aUR/PlqHfD4QIYE+owZ/PrBY
fj6NC30+PMB/PqdbgD4Nb3w+HKl7PsECfD6Ebnw++UCAPpwkfz4KsYE+Fwd+PgsbgT4slH4+
WBV/Pom0fz5XfoA+icZ+PqWqfz46YYA+ny1+Pj2lgD5s2YA+jOOAPpQBgj7tan0+G7iAPmYp
fj73WYE+ycOCPno5gj7FGoI+8fWAPkp4gD5d7II+Z46CPqeIgD6YDYE+tHOAPmfVfj6FroA+
XqiBPqUBgj7JvYE+1jGAPt+HgD721H8+y4qAPjRKgj6wXII+aFSBPgPTgj7/PII+7fWBPuEx
gj5SB4Q+U9KCPpy6gz7UjYE+8A6EPsfdgj41WYQ+ThuCPm48gz4qsIE+K9WCPjuBgz7wZoM+
Pd2BPtq5hD62P4M+WuKDPrRRgD5PsoI+STmCPhSDgz4y64I+sH2DPhsfgz6w6II+rQOCPukH
hD5zR4M+r9qCPhVxhD7C7IQ+Xn6DPuxIgj53ToM+qSeEPhZphD7DBoU+u2qEPpL/hT5QyIM+
2e2EPt5ohD7eh4Q+Ti6DPrRZgz7EJIQ+vtmGPvKnhT6vFoQ+ae2DPk7rhD5LY4Q+58+CPkSi
hT5RjYQ+zryFPjLAhT7h2YU+KAOEPtWqhD4SZoU+jTyFPugYhz7lf4U+yriGPsQphT7eL4M+
sXyGPuJJhj6Dv4U+DEKHPkWMhj7WP4Y+KlqGPiWthT531IY+rLCFPr16hT5B84U+Mf+HPv6W
hj5hNIc+K3GGPsSihz4bVIY+G2WFPktWhz6EhYY+iEKIPlUthj713IU+sWmHPm3TiD6v2Ic+
UGaGPunciD6XXok+0R2HPqtGhz4KPYY+</AssayYData></Step><Step><CommonData><SampleLocation>4</SampleLocation><SampleID>AB</SampleID><SampleGroup></SampleGroup><SampleInfo>in Running Buffer</SampleInfo><SampleRow>A</SampleRow><SamplePlate>1</SamplePlate><WellType>KLOAD</WellType><Concentration>0</Concentration><ConcentrationUnits>µg/ml</ConcentrationUnits><MolarConcentration>0</MolarConcentration><MolarConcUnits>nM</MolarConcUnits><MolecularWeight>-1</MolecularWeight><Temperature>30</Temperature><StartTime>489660</StartTime><AssayTime>20</AssayTime></CommonData><FlowRate>1000</FlowRate><StepType>LOADING</StepType><StepName>Loading</StepName><StepStatus>OK</StepStatus><ActualTime>20</ActualTime><CycleTime>0.2</CycleTime><AssayXData Points="100">vv/RQ1gZ0kPQMtJDi0zSQwRm0kO+f9JDN5nSQ/Gy0kOLzNJDBObSQ77/0kNYGdND8TLTQ2pM
00MkZtNDnX/TQ1iZ00PQstNDi8zTQwTm00O+/9NDWBnUQ9Ay1ENqTNRDBGbUQ51/1EM3mdRD
8bLUQ4vM1EMk5tRDvv/UQ5kZ1UPxMtVDakzVQyRm1UOdf9VDN5nVQ/Gy1UNqzNVDJObVQ77/
1UM3GdZD0DLWQ4tM1kMkZtZDnX/WQzeZ1kPQstZDaszWQwTm1kOd/9ZDNxnXQ/Ey10NqTNdD
JGbXQ51/10M3mddD0LLXQ2rM10Mk5tdDnf/XQzcZ2EPQMthDi0zYQwRm2EOdf9hDN5nYQ9Cy
2ENqzNhDBObYQ53/2EM3GdlDEjPZQ4tM2UMEZtlDnX/ZQzeZ2UPxstlDi8zZQwTm2UO+/9lD
NxnaQ/Ey2kOLTNpDBGbaQ75/2kNYmdpD8bLaQ4vM2kMk5tpDvv/aQ1gZ20PxMttDi0zbQyRm
20O+f9tDWJnbQ/Gy20OLzNtDJObbQw==</AssayXData><AssayYData Points="100">v32GPjwnjT4Z2ZM+6JaaPkhMnj5ZUKM+lTSpPjDBrT7Tf7A+5a+1PvZvtT7Sh74+WSTCPo4e
yT7ws8s+lzrNPsJd0z7CNNg+f6DaPo7I3z5DzeU+/p3pPrYX7T40/fE+7BX3PsRI+z5oeQA/
3qkAPw5wAj+ZgQU/194GP8JYCT8RVQw/ZRUOP2+VED/aMRI/MTMUP9OKFj8wcxg/ESEaP/Zk
HT+NsB4/GF0hP4NFIj9MnyU/LJInPxEnKT/bBis/RtMsPxusLz8DkjE/SQU0P3XaND9K4jY/
3XY6P5gLPD+FUj4/wgZAP0SfQj+b4EQ/NTNGP0XWRz/7Qko/dTFMP6jeTT9h3U8/NdFSP7+Z
VD8+vVU/XUhYP1aLWz8UgVw/CXZeP0TNYD8jb2I/c19kP+yjZj8f+Wc/hbVqPxt1bT9vwm4/
ClxxP+PLcj9b4HQ/bbV2PxCkeT8743s/rAh9Pw8cfj9tb4A/N9yBPzV6gj+kc4Q/9qOEP7hu
hT9jfoY/v2iHP3tsiD/iaYk/ZQ6KPw==</AssayYData></Step><Step><CommonData><SampleLocation>5</SampleLocation><SampleID>AA</SampleID><SampleGroup></SampleGroup><SampleInfo></SampleInfo><SampleRow>A</SampleRow><SamplePlate>1</SamplePlate><WellType>BUFFER</WellType><Concentration>10</Concentration><ConcentrationUnits>µg/ml</ConcentrationUnits><MolarConcentration>10000</MolarConcentration><MolarConcUnits>nM</MolarConcUnits><MolecularWeight>-1</MolecularWeight><Temperature>30</Temperature><StartTime>516958</StartTime><AssayTime>60</AssayTime></CommonData><FlowRate>1000</FlowRate><StepType>BASELINE</StepType><StepName>Baseline 60</StepName><StepStatus>OK</StepStatus><ActualTime>60</ActualTime><CycleTime>0.2</CycleTime><AssayXData Points="300">vv/bQ1gZ3EPQMtxDi0zcQyRm3EO+f9xDN5ncQ/Gy3EOLzNxDBObcQ77/3ENYGd1D8TLdQ4tM
3UMkZt1DnX/dQ1iZ3UPQst1DaszdQwTm3UO+/91DWBneQ9Ay3kNqTN5DJGbeQ75/3kNYmd5D
0LLeQ4vM3kMk5t5Dvv/eQ1gZ30PxMt9DakzfQyRm30O+f99DeJnfQ9Cy30OLzN9DBObfQ53/
30O6GeBD8TLgQ2pM4EMEZuBDnX/gQzeZ4EPxsuBDi8zgQwTm4EOqAeFDWBnhQ/Ey4UOLTOFD
JGbhQ51/4UNYmeFD8bLhQ4vM4UMk5uFDvv/hQ1gZ4kPQMuJDDk3iQwRm4kOdf+JDN5niQ9Cy
4kNqzOJDJObiQ77/4kNYGeND8TLjQ4tM40MEZuND33/jQ1iZ40PQsuNDaszjQyTm40Od/+ND
NxnkQ9Ay5EOLTORDRWbkQ75/5EM3meRD0LLkQ2rM5EME5uRDvv/kQzcZ5UPQMuVDzEzlQwRm
5UOdf+VDN5nlQ9Cy5UOLzOVDBOblQ53/5UM3GeZD0DLmQ2pM5kMEZuZDnX/mQzeZ5kPQsuZD
aszmQyTm5kNBAOdDWBnnQ9Ay50NqTOdDJGbnQ51/50NYmedD8bLnQ2rM50Mk5udDvv/nQ1gZ
6EPxMuhDakzoQyRm6EO+f+hDWJnoQ/Gy6EOLzOhDJOboQ77/6ENYGelD8TLpQ4tM6UMkZulD
vn/pQ1iZ6UPxsulDi8zpQyTm6UO+/+lDmRnqQ9Ay6kOLTOpDJGbqQ75/6kNYmepD8bLqQ2rM
6kMk5upDvv/qQ1gZ60PxMutDi0zrQyRm60O+f+tDWJnrQ9Cy60OLzOtDBObrQ77/60NYGexD
8TLsQ2pM7EMkZuxDnX/sQzeZ7EPxsuxDaszsQyTm7EMmAe1DWBntQ/Ey7UOLTO1DJGbtQ51/
7UNYme1D0LLtQ4vM7UMk5u1Dvv/tQ1gZ7kPQMu5DakzuQwRm7kO+f+5DN5nuQ9Cy7kNqzO5D
BObuQ53/7kM3Ge9D8TLvQ4tM70MkZu9Dvn/vQzeZ70Pxsu9DaszvQwTm70Od/+9DNxnwQ/Ey
8ENqTPBDBGbwQ51/8EM3mfBD8bLwQ4vM8EME5vBDvv/wQzcZ8UPQMvFDi0zxQyRm8UO+f/FD
WJnxQ/Gy8UNqzPFDJObxQ53/8UM3GfJD0DLyQ4tM8kMEZvJDnX/yQzeZ8kObtPJDaszyQwTm
8kO+//JDmRnzQ/Ey80NqTPNDJGbzQ51/80M3mfND0LLzQ2rM80ME5vNDvv/zQ1gZ9EPQMvRD
akz0QwRm9ENogfRDN5n0Q9Cy9ENqzPRDBOb0Q77/9ENYGfVD8TL1Q2pM9UMEZvVDvn/1QzeZ
9UPQsvVDi8z1QwTm9UO+//VDmRn2Q9Ay9kOLTPZDRWb2Q75/9kNYmfZD8bL2Q4vM9kMk5vZD
/gT3Q1gZ90PxMvdDi0z3QyRm90O+f/dDWJn3Q/Gy90OLzPdDJOb3Q77/90NYGfhD8TL4Q4tM
+EMkZvhDvn/4Q1iZ+EPQsvhDi8z4QwTm+EO+//hDWBn5Q/Ey+UOLTPlDJGb5Q75/+UNYmflD
17P5Q2rM+UMk5vlD</AssayXData><AssayYData Points="300">94e8P9cWvT864b4/Da2+P8Imvj9Brb4/i5a/P2Rvvz8qkb8/ydq+PxpOvz9mUb8/+4q/PxN/
vz8aFsA/E+G/Pyf3vz9nEcA/JDHAPyxVwD+OV8A/HDfAPzKkwD/CqMA/ML3AP+OkwD8OzcA/
bLvAP5vewD9fScE/AInBP5S9wT9fCsE/637BP1gHwT/wCME/fFHBP+YzwT/RdsE/2wbBP0ll
wT+4NME/xM7BPyChwT/gJ8E/diTBPylvwT+X9sE/S4XBP34RwT8d2ME/1wTCPzyqwT9MZ8E/
9DLBP5s6wT9v2ME/U5DBP9iQwT8bJsE/7qnBPwFFwT8edcE/8n/BPxYfwT8qgME/Jj/BP2Nq
wT8qKcI/p33BP0gfwT88vME/XUvBP1QPwT8xCME/zZvBP/9MwT+BNsE/WKfBP2FtwT8fPcE/
IHPBP/dKwT9028A/oPHAP4hGwT/+FME/xrDAP7MowT9hF8E/iBzBPz8qwT+c8MA/6UbBP5Gi
wD8DLcE/urLAPz+KwD9X4cA/M/TAP0/WwD/6c8A/Ag/BP7CxwD83C8E/m+3AP6UmwT8y1cA/
W7PAP28EwT8ztsA/8zXAPzBbwD98acA/reHAPwuJwD8AMsA/IjfAP3uNwD8vt8A/SGzAPyAG
wD/MXMA/6sa/P3uzwD+fdMA/xzbAP+U+wD+f478/4dS/P/czwD9G+L8/prK/Py7Qvz/3JsA/
EQLAP0ApwD8qP8A/FQXAP68KwD/Vsb8/SHy/PzwRwD9xI8A/zVLAP9FUwD98gr8/abu/P4/4
vz9Beb8/MrK/P8EDwD/uyr8/p7K/P8+rvz9n278/bqu/P9hKvz/8er8/lj+/P/VPvz9UTb8/
xE2/Px7yvj/FrL8/3hi/P+tsvz/MMb8/e0q/PzmDvz91RL8/bAa/P5L/vj9muL4/OKu+P72P
vz8s0b4/RlS/P57fvj+kBb8/Tey+P5oKvz8lkb4/6Ku+Pxs9vj9OIL8/RgK/PwV9vj8stL4/
u4O+Pwupvj8Afr4/0ha+Pzp2vj+4yr4/60O+P0R6vj93fr4/93K+P2F0vj95lL4/F6S+Py4+
vj8j/b0/3Vu+P69jvj//Qb4/Ex++Pwhmvj+oab4/eX2+Pz7jvT8MBr4/9DK+P2uSvj9VVr4/
dxa+PyX6vT9in70/WMu9P5o4vj9U6r0/S5q9P4NMvT/B6L0/As69P06evT9Atb0/1uS9PyHl
vT8mir0/0aS9P/FSvT+hrb0/pmS9P1dxvT8JWr0/vMm9P4WqvT8Ys70/r3u9PzFwvT9dWb0/
C0i9Pw8lvT+ONr0/CXa9PxBbvT/atL0/Pi+9Pw9/vT+OGr0/jAe9P1ojvT8jNL0/+wq9P5NZ
vT+oTr0/0qa8P30fvT8qybw/xjm9PyLGvD+9r7w/M6y8P4JQvT/tgbw/QLm8P4mEvD9Yz7w/
49+8P1F2vD/vjbw/dLG8P+wkvD+8erw/uoG8P0ehvD+Arbw/UeC8P1pivD+qZLw/kxi8Pxq3
vD+5N7w/jbe8P/44vD/Oirw/tSC8P0QFvD+fbrw/2hO8P6QJvD8JP7w/3zC8PyjGuz+dmbs/
qBy8P4zquz/KDbw/</AssayYData></Step><Step><CommonData><SampleLocation>6</SampleLocation><SampleID>Running Buffer</SampleID><SampleGroup></SampleGroup><SampleInfo>in Running Buffer</SampleInfo><SampleRow>A</SampleRow><SamplePlate>1</SamplePlate><WellType>BUFFER</WellType><Concentration>-1</Concentration><ConcentrationUnits>µg/ml</ConcentrationUnits><MolarConcentration>-1</MolarConcentration><MolarConcUnits>nM</MolarConcUnits><MolecularWeight>-1</MolecularWeight><Temperature>30</Temperature><StartTime>584771</StartTime><AssayTime>20</AssayTime></CommonData><FlowRate>1000</FlowRate><StepType>BASELINE</StepType><StepName>Baseline 20</StepName><StepStatus>OK</StepStatus><ActualTime>19.999</ActualTime><CycleTime>0.2</CycleTime><AssayXData Points="100">vv/5QzcZ+kPQMvpDi0z6QyRm+kOdf/pDN5n6Q9Cy+kNqzPpDJOb6Q53/+kM3GftD0DL7Q2pM
+0PpZvtDnX/7QzeZ+0PQsvtDasz7Q6fm+0Od//tDNxn8Q9Ay/EOLTPxDJGb8Q51//EM3mfxD
0LL8Q4vM/EME5vxDnf/8Q4sc/UPQMv1Di0z9Q0Vm/UOdf/1DHJr9Q/Gy/UNqzP1DBOb9Q53/
/UN4Gf5D8TL+Q4tM/kMkZv5Dvn/+Q1iZ/kPxsv5Di8z+QyTm/kO+//5DWBn/Q/Ey/0MvTf9D
JGb/Q75//0NYmf9D8bL/Q4vM/0Mk5v9Dnf//Q6wMAESJGQBERSYARBIzAETPPwBErEwARHlZ
AERFZgBEEnMARN9/AESsjABEeZkAREWmAEQSswBEUsAARKzMAER52QBEReYARBLzAETf/wBE
rAwBRHkZAUQ1JgFEEjMBRN8/AUSbTAFEeVkBREVmAUQScwFE338BRKyMAUR5mQFERaYBRAKz
AUTfvwFErMwBRGjZAURF5gFEAvMBRA==</AssayXData><AssayYData Points="100">0/afP7+Klz/lV5I/mkWQP5Zfjj9f8Iw/o5GMP/eIjD8ylYw/NJiMP6A7jD8qdIw/SYKMP+R6
jD/os4w/u3KMPyoljD979Yw/1xqNPwgIjT+H8Yw/wZKNP0X7jD9RUY0/CCmNP9U7jT+CYY0/
Er2NP3IAjT+PUo0/6U6NPx/WjD+2TI0/QVONP6I9jT9YvI0/zjWNP8GWjT+AXI0/kmaNP46v
jT+SN40/dl6NP/1UjT/G/Yw/lMiNP2uWjT+RzI0/d+SNP4jMjT+C1Y0/NOiNP6lWjj86sY0/
Za6NPxZ6jT8B3o0/OYmNP+s8jT9cl40/rM6NP5z6jT/m3I0/RzqNP6Ezjj82+40/1uaNP0gh
jj8gC44/HRCOP/zfjT+rTo4/AgCOPzy8jj+/EY4//X+OP2hSjj/4+o0/VHGOP/5hjj8jU44/
Cd6OP4MYjj86F44/IzSOP1yIjj/rMI4/q+eNP7vujT+3Zo4/QWGOPzqRjj+2Ko4/HXeNP5ZJ
jj++RY4/5e+NP+V+jj8iTo4/jm6OPw==</AssayYData></Step><Step><CommonData><SampleLocation>7</SampleLocation><SampleID>aKappa 50ug/ml</SampleID><SampleGroup></SampleGroup><SampleInfo></SampleInfo><SampleRow>A</SampleRow><SamplePlate>1</SamplePlate><WellType>KSAMPLE</WellType><Concentration>-1</Concentration><ConcentrationUnits>µg/ml</ConcentrationUnits><MolarConcentration>-1</MolarConcentration><MolarConcUnits>nM</MolarConcUnits><MolecularWeight>-1</MolecularWeight><Temperature>30</Temperature><StartTime>613075</StartTime><AssayTime>120</AssayTime></CommonData><FlowRate>1000</FlowRate><StepType>ASSOC</StepType><StepName>Association</StepName><StepStatus>OK</StepStatus><ActualTime>119.999</ActualTime><CycleTime>0.2</CycleTime><AssayXData Points="600">z/8BRJwMAkRpGQJENSYCRAIzAkS/PwJEnEwCRGlZAkQ1ZgJEE3MCRM9/AkScjAJEaZkCRDWm
AkQCswJEz78CRJzMAkRp2QJENeYCRALzAkTP/wJEnAwDRGkZA0Q1JgNEAjMDRL8/A0ScTANE
u1kDRDVmA0TycgNEz38DRIuMA0RYmQNENaYDRAKzA0S/vwNEnMwDRFjZA0Q15gNEAvMDRM//
A0ScDAREWBkERDUmBEQCMwREzz8ERJxMBERYWQRERmYERERzBETPfwREnIwERGmZBEQlpgRE
ArMERM+/BESczAREmtkERDXmBETy8gREv/8ERIsMBURpGQVENSYFRPIyBUTPPwVEi0wFRFhZ
BUQ1ZgVEAnMFRM9/BUSLjAVEaZkFRCWmBUTysgVEv78FRJzMBURp2QVENeYFRPLyBUS//wVE
iwwGRGkZBkR3JgZE8jIGRL8/BkScTAZEWFkGRCVmBkTycgZEv38GRIuMBkRYmQZEJaYGRAKz
BkTPvwZEi8wGRFjZBkQl5gZE8vIGRM//BkSLDAdEWBkHRCUmB0TyMgdEN0EHRJxMB0RYWQdE
NWYHRBNzB0S/fwdEnIwHRFiZB0QlpgdE8rIHRL+/B0SLzAdEWNkHRCXmB0QC8wdEv/8HRIsM
CES7GQhENSYIRPIyCETPPwhEi0wIRFhZCEQ1ZghEAnMIRL9/CESLjAhEaZkIRCWmCEQCswhE
z78IRIvMCERp2QhENeYIRALzCETP/whEnAwJRGkZCUQ1JglEZDMJRM8/CUScTAlEaVkJRGdm
CUQCcwlEz38JRJyMCURpmQlENaYJRAKzCUTPvwlEnMwJRInZCUQ15glEAvMJRM//CUTdDApE
aRkKRDUmCkQCMwpEzz8KRM1MCkRYWQpENWYKRAJzCkTPfwpEnIwKRGmZCkQ1pgpEArMKRL+/
CkSczApEadkKRDXmCkQC8wpEz/8KRJwMC0RYGQtEdyYLRPIyC0TPPwtEnEwLRFhZC0Q1ZgtE
8nILRM9/C0ScjAtEWJkLRDWmC0QCswtEv78LRJzMC0Rp2QtENeYLRPLyC0S//wtEnAwMRFgZ
DEQlJgxEAjMMRM8/DEScTAxEWFkMRDVmDETycgxEv38MRIuMDERYmQxENaYMRPKyDES/vwxE
i8wMRHnZDEQl5gxE8vIMRL//DEScDA1EqhkNRCUmDUQjMw1Ezz8NRJxMDURYWQ1EJWYNRPJy
DUS/fw1Ei4wNRFiZDUQlpg1E8rINRM+/DUSczA1EadkNRCXmDUTy8g1Ev/8NRIsMDkRYGQ5E
JSYORAIzDkTPPw5Ei0wORFhZDkQlZg5E8nIORL9/DkScjA5EupkORCWmDkTysg5Ez78ORKzM
DkRY2Q5EJeYORPLyDkS//w5EiwwPRHkZD0QlJg9EAjMPRL8/D0SLTA9EeVkPRDVmD0Tycg9E
v38PRIuMD0RYmQ9EJaYPRPKyD0TPvw9EnMwPRGnZD0Q15g9EAvMPRM//D0ScDBBEaRkQRDUm
EEQCMxBEzz8QRJxMEESaWRBENWYQRAJzEETPfxBEnIwQRGmZEEQ1phBEArMQRN+/EESczBBE
adkQRCXmEEQC8xBEIQARRJwMEURpGRFENSYRRAIzEUTPPxFEi0wRRGlZEUQ1ZhFEAnMRRM9/
EUScjBFEWJkRRDWmEUQCsxFEz78RRIvMEUS62RFENeYRRALzEUS//xFEnAwSRGkZEkQ1JhJE
8jISRM8/EkScTBJEaVkSRDVmEkQCcxJEv38SRJyMEkRpmRJENaYSRPKyEkSDwBJEi8wSRFjZ
EkQ15hJEAvMSRL//EkSLDBNEWBkTRCUmE0QCMxNEzz8TRItME0RpWRNENWYTRPJyE0TPfxNE
i4wTRGmZE0QlphNEArMTRM+/E0T+zBNEWNkTRCXmE0QC8xNEz/8TRM0MFERYGRREJSYURPIy
FES/PxREi0wURFhZFEQ1ZhREAnMURM9/FEScjBREWJkURDWmFETyshREv78URIvMFERp2RRE
VuYURPLyFETP/xREiwwVRFgZFUQlJhVE8jIVRL8/FUSLTBVE7FkVRCVmFUTychVEv38VRIuM
FURYmRVEJaYVRAKzFUS/vxVEi8wVRFjZFUQl5hVE8vIVRPD/FUSLDBZEWBkWRCUmFkQCMxZE
zz8WRItMFkRpWRZEJWYWRAJzFkS/fxZEi4wWRFiZFkQlphZE8rIWRM+/FkSLzBZEadkWRDXm
FkQC8xZEz/8WRJwMF0RpGRdENSYXRAIzF0TPPxdErEwXRGlZF0Q1ZhdE8nIXRM9/F0ScjBdE
aZkXRDWmF0QCsxdEz78XRJzMF0Rp2RdENeYXRETzF0TP/xdEnAwYRGkZGEQ1JhhEAjMYRM8/
GEScTBhEaVkYRDVmGEQCcxhEz38YRJyMGERYmRhENaYYRAKzGES/vxhEvcwYRFjZGEQ15hhE
AvMYRL//GESLDBlEaRkZRDUmGUQCMxlEvz8ZRJxMGURpWRlEJWYZRPJyGUS/fxlEnIwZRGmZ
GUQ1phlE8rIZRL+/GUSczBlEadkZRCXmGUQC8xlEz/8ZRIsMGkRYGRpEJSYaRAIzGkS/PxpE
rEwaRGlZGkQ1ZhpE8nIaRL9/GkScjBpEaZkaRDWmGkTyshpEz78aRJzMGkRp2RpENeYaRPLy
GkTP/xpEiwwbRFgZG0QlJhtEAjMbRM8/G0ScTBtEWFkbRDVmG0TychtEv38bRJyMG0RYmRtE
NaYbRPKyG0TPvxtEi8wbRJrZG0Ql5htEAvMbRL//G0SLDBxEWBkcRCUmHETyMhxEvz8cRItM
HERYWRxEJWYcRAJzHES/fxxEi4wcRFiZHEQlphxEE7McRL+/HESLzBxEWNkcRLjmHEQC8xxE
z/8cRIsMHURpGR1EJSYdRAIzHUS/Px1EnEwdRFhZHUQlZh1EAnMdRL9/HUSLjB1EWJkdRDWm
HUQCsx1Ev78dRIvMHURp2R1ENeYdRALzHUTP/x1EnAweRGQbHkQ1Jh5EAjMeRM8/HkScTB5E
aVkeRDVmHkQCcx5Ez38eRJyMHkRpmR5EVqYeRAKzHkS/vx5EnMweRFjZHkQ15h5EAvMeRL//
HkScDB9EaRkfRDUmH0QCMx9Ezz8fRItMH0RpWR9ENWYfRAJzH0RCgB9Ei4wfRGmZH0Q1ph9E
ArMfRN+/H0SczB9EWNkfRCXmH0Ty8h9E</AssayXData><AssayYData Points="600">jj2mP7p3rD8VrK4/9fKvP6wEsD8GqLA/Z+uwP2uHsD/Hh7A/W2SwP1iSsD+fdbA/m5ywP1TS
sD99hrA/t4OwP1MrsD9vQrA/CcewP7UGsT9ySLA/0xewP2vfsD/H77A/+JiwP/wUsT9EArE/
MsiwP8r9sD+7CLE/dTqxP7HgsD8DTLE/ujGxP0dXsT9xm7E/FI6xP3G2sT+SZrE/TSOxP59m
sT+Og7E/YN+xP5tfsT8CRbI/FJ+xPzdCsj8yYrI/GYCyPxUksj8Z8bI/kj6yP2lbsj/Yn7I/
qIuyP3Lssj9iq7I/ydOyP6zVsj+g0bI/uf6yP/Xysj9dbLM/NQmzP46Psz8+o7M/G0ezP950
sz+lqLM/6KyzP92fsz/vybM/emuzPzkStD+t+rM/ANGzP8/Jsz9Y1bM/Wwm0P0UqtD+XOrQ/
U+izP1Hpsz8Vr7Q/DuC0P8EltD8Bf7Q/Br60PysAtT/bR7Q/R5O0P5xLtT9sdrQ/S8S0P+8K
tT/4rLQ/qVG1PzwZtT/EN7U/A3m1P+RhtT/l1bU/JIi1P6/DtT/P3rU/JAO2P1d2tj8ny7U/
UPe1P9XRtT/DBLY/RPa1P91Mtj/A9bU/Nla2P6Nrtj8xWLY/3k22P/0Utj9g27Y/I3K2PwDP
tj9hRLY/YP62P671tj8ZU7c/VS+3P7Eztz8UrbY/X+O2P5U1tz/fVrc/gSi3P+qztz/pl7c/
Wme3P2zXtz8Xtrc/vOC3P5Dntz+xbbc/LWy3PybRtz+X47c/LSW4PxSdtz/SiLc/jpm4P8b+
tz++0bg/V0W4Px0iuD+0E7g/7x+4P5qWuD95RLg/4oW4P3AVuD9OS7k/pdy4P8OzuD/V2rg/
yTK5P+tluD9wELk/hs65PxwquT9HErk/IGq5PzcYuT/7D7k/sUy5P9BPuT9EJ7k/RFG5PxuO
uT++OLk/l5S5P3jHuT/6crk/KrG5P4GruT9ZiLk/sKe5P7qiuj8Zs7k/3g26P9Mruj80P7o/
itC5P0wYuj+lqLo/1r66P555uj/UPro/wJO6PxyBuj/OY7o/nYu6P5Djuj8N87o/LyG7P+nw
uj/Q1ro/nC+7P2u7uj92Nrs/PT+7P/pVuz9WMbs/+Uq7P2eZuz9umbs/98i7P3WWuz9Le7s/
Vaq7PwTkuz9JDbw/TK27PxQCvD9lC7w/7Qy8PwxQvD/j/rs/GHO8P5lBvD9cH7w/FIK8Px8l
vD9mmLw/C268P8movD87fbw/DPq8P83IvD/jrLw/juu8P3eAvD9Y47w/YAe9P0ZJvT8kibw/
lRu9P4zvvD8vf7w/XrC8Px8xvT8yB70/Xkm9PwV9vT90lb0/vku9P5pQvT/mfr0/qZ29P9RR
vT8mMb0/ehy+P9WbvT8dS70/1s+9PwPgvT+Wmb0/SYa9Pw2Avj8HLr4/BOu9PyNqvj8Xgr4/
kki+P8Kbvj/9Zr4/i3y+P/LIvT8Hvb4/Pim+Pxguvj8gi74/UlK+PwMuvj/fir4/EKW+Pxx7
vj/W9b4/epa+P86Xvz+G/r4/hzq/P8HFvj+IJr8/deu+PzEqvz+Ccb8/6Tu/PwYfvz8LYL8/
lmO/P2B6vz9q478/CJa/P0PAvz+Msr8/FpO/PwbWvz800r8/FHe/Pwq/vz8U3r8/WyzAP+K9
vz/UM8A/KyzAPwnWvz/ObMA/tVjAP7+gwD/1EMA/CALAP3NcwD/MWcA/+NC/PxdgwD98CsA/
UobAP/9ZwD/qpsA/eG/AP6bSwD+BnsA/paLAP5nWwD9MNME/rOjAP1W9wD+ZPME/YeLAP8xr
wT+LiME/mLLAP593wT+Yb8E/It3AP55KwT8VOcE/3CzBP74UwT9fa8E/2yjBP21qwT9QiME/
8y7BP4dzwT+j18E/XLrBPz+nwT+r+8E/Pj/CP5pIwj+Lz8E/zH7CP49nwj9avME/fNLBP00H
wj8JH8I/0R/CP8VQwj/NGsI/k4HCP+Juwj8WTcI/SCnCPzHawj9gjcI/D6PCP41Mwj/MXsI/
+g7DP7vjwj/umsI/8WDCPzmtwj9b6sI/Wv/CP+RPwz/t/sI/bj3DP5yywz91fcM/dCnDPxtI
wz+9pcM/LWjDP86Pwz+heMM/WGDDPyRpwz91/MI/smLDPwhzwz9wbsM/iTrDPwrMwz+EusM/
kXDDP2/Wwz9rKcQ/6KnDP9/Lwz/SLsQ/BoHEP8OXwz/fpsQ/EbjEP8npwz81EcQ/lDrEP8Vb
xD9MCcU/Jv/DP5cPxD/YmMQ/hubDP3RKxD9IycQ/kOfEP0SvxD8SfsQ/jLjEP/q5xD+4usQ/
+e3EP7nOxD8ao8Q/FNPEP7BMxT/xy8Q/UJbFP4vsxD8n1MQ/EkzFP/5AxT+/FMU/YIrFP7oh
xT9KTsU/HaTFPyQ9xT/AL8U/lKTFP1t4xT8SQMU/5sfFP/o6xT9nkcU/tnXFP/sAxj/LmMU/
OcnFPwbNxT+ddMU/ZoHFP52FxT+i1MU/DwHGP8JbxT/xFsY/99bFP5v2xT/CDsY/EPXFP7k0
xj9WiMY/hvPFP8Clxj97G8Y/JPnFP6YYxj/j4MY/ImPGP4tixj+EzMY//a7GP8Woxj90ncY/
yWvGP9eJxj+cfMY/WcTGPwXnxj8uMMc/YNjGP7CSxj8NecY/jxjHPxdFxz/QBsc/MJLHP+Az
xz9IA8c/cBfHP1MGxz+Q3sY/30THPzt5xz94/MY/VgDHP0pLxz8OjMc/9j3IP7s7yD9RXcc/
RUHHPwe6xz/mjMc//wTIP17oxz/0TMc/QwDIPxXZxz/x+8c/UBLIP2uMxz9VWsg/r93HP5Aa
yD88dcg/3mnIP8cWyD8dNMg/HmnIP0AMyD9I1sc/wVDIP75HyD+Ibsg/YXXIP46MyD//S8g/
pW3IP9hfyD/E8cg/WLbIPwfVyD+yTcg/hEnJP0DeyD+9/sg/67/IP8e6yD9UFMk/idLIPydz
yT+oK8k/YhzJP1L8yD/jo8k/22DJPzAvyT91Z8k/OhfJP4htyT8QqMk/84/JP6tuyT9+qMk/
M17JP5ouyj/vd8k/sbnJPzaqyT8U5ck/AP/JP0CPyT9ZK8k/kcbJPwBhyT/b48k/GU7KPzCR
yj+mBMo/rNzJP2qryj/GK8o/IFbKP1LoyT8VI8o/X3LKP9HvyT/HEMo/90/KP4s+yj+gh8o/
203KP7Ddyj8H5co/ta7KP5STyj8sz8o/</AssayYData></Step></KineticsData></ExperimentResults>
