<?xml version="1.0" encoding="UTF-8" standalone="yes"?>
<ExperimentResults><ExperimentInfo Name="20250917 PE P5216 - 5377 plate 1 kappa 50 ugl"><ExpDescription>AHC example method - full characterization&#13;
Analyte titration series with reference channel</ExpDescription><RTDVersion>2.0</RTDVersion><RunID>3B9E1F69-E451-4552-8C9D-CFED4D62EEC8</RunID><ExperimentType>KINETICS</ExperimentType><ExperimentSubType>KBASIC</ExperimentSubType><StartDateTime>2025-09-17T14:59:30</StartDateTime><MachineName>BN7KX12</MachineName><UserName>octet</UserName><LotNumber></LotNumber><PlateName>250917</PlateName><PlateName2></PlateName2><SensorName>D3</SensorName><SensorPlate>1</SensorPlate><SensorType>AHC (Anti-hIgG Fc Capture)</SensorType><SensorRole>LIGAND</SensorRole><SensorInfo></SensorInfo><WritingSW>DataAcquisition.exe 11.0.2.1</WritingSW><InstrumentType>OctetRED96</InstrumentType><InstrumentSerial>FB-50284</InstrumentSerial><InstrumentFW></InstrumentFW><IntegrationTime>2.5</IntegrationTime><DSPType>CPF</DSPType><DSPStitching>1</DSPStitching><HasManifest>1</HasManifest><InfoHash>-1083794191</InfoHash></ExperimentInfo><AssayParamsInfo/><KineticsData><Step><CommonData><SampleLocation>1</SampleLocation><SampleID>Running Buffer</SampleID><SampleGroup></SampleGroup><SampleInfo></SampleInfo><SampleRow>D</SampleRow><SamplePlate>1</SamplePlate><WellType>BUFFER</WellType><Concentration>-1</Concentration><ConcentrationUnits>µg/ml</ConcentrationUnits><MolarConcentration>-1</MolarConcentration><MolarConcUnits>nM</MolarConcUnits><MolecularWeight>-1</MolecularWeight><Temperature>30</Temperature><StartTime>0</StartTime><AssayTime>180</AssayTime></CommonData><FlowRate>1000</FlowRate><StepType>BASELINE</StepType><StepName>Baseline 1</StepName><StepStatus>OK</StepStatus><ActualTime>179.999</ActualTime><CycleTime>0.2</CycleTime><AssayXData Points="900">AAAAAM3MTD7NzMw+mpkZP83MTD8AAIA/1XiZP28Ssz/NzMw/ZmbmPzvf/z/NzAxAmpkZQGZm
JkDRIjNAAABAQGq8TECamVlABFZmQDMzc0Ce739AZmaGQM3MjEACK5NAaJGZQAAAoEBmZqZA
nMSsQAIrs0BokblAAADAQDVexkCcxMxAAivTQGiR2UDP999ANV7mQJzE7EACK/NAmpn5QD81
AEEbLwNBTmIGQYGVCUG0yAxB5/sPQRsvE0FOYhZBgZUZQbTIHEHn+x9BMzMjQU5iJkGBlSlB
tMgsQef7L0FMNzNBTmI2QYGVOUHNzDxB5/s/QTMzQ0FmZkZBgZVJQc3MTEHn+09BMzNTQU5i
VkGBlVlBtMhcQef7X0EbL2NBZmZmQZqZaUHNzGxBAABwQTMzc0FmZnZBmpl5Qc3MfEEAAIBB
mpmBQTMzg0HNzIRBZmaGQQAAiEGamYlBMzOLQc3MjEFmZo5BAACQQZqZkUEzM5NBzcyUQWZm
lkEAAJhBmpmZQTMzm0HNzJxBZmaeQQAAoEGamaFBJzGjQc3MpEFmZqZBAACoQZqZqUFYOatB
wcqsQWZmrkEAALBBmpmxQTMzs0HByrRBZma2QQAAuEGamblBJzG7Qc3MvEFmZr5BAADAQZqZ
wUEzM8NBwcrEQVpkxkEAAMhBjZfJQTMzy0HBysxBWmTOQfT9z0GamdFBJzHTQc3M1EFmZtZB
AADYQZqZ2UEnMdtBzczcQVpk3kH0/d9BjZfhQTMz40HNzORBZmbmQQAA6EGamelBMzPrQcHK
7EFaZO5B9P3vQY2X8UEnMfNBzcz0QWZm9kEAAPhBjZf5QTMz+0HByvxBWmT+QfT9/0HHywBC
k5gBQmBlAkIzMwNCAAAEQs3MBEKamQVCZmYGQjMzB0L6/gdCx8sIQpOYCUJgZQpCLTILQvr+
C0LHywxCk5gNQmBlDkIzMw9CAAAQQs3MEEKamRFCYGUSQi0yE0L6/hNCx8sUQpOYFUJgZRZC
MzMXQvr+F0LHyxhCk5gZQmBlGkIzMxtC+v4bQsfLHEKTmB1CZmYeQi0yH0L6/h9Cx8sgQpqZ
IUJmZiJCOTQjQvr+I0LHyyRCk5glQmBlJkI5NCdCAAAoQsfLKEKamSlCZmYqQi0yK0IAACxC
zcwsQpqZLUJmZi5CMzMvQgAAMELNzDBCmpkxQmZmMkKiRTNCAAA0Qs3MNEKamTVCYGU2QjMz
N0IAADhCzcw4QpqZOUJmZjpCMzM7QgAAPELNzDxCk5g9QmZmPkIzMz9CAABAQs3MQEKamUFC
ZmZCQi0yQ0IAAERCzcxEQpOYRUJmZkZCMzNHQvr+R0LNzEhCmplJQmZmSkIzM0tC+v5LQs3M
TEKamU1CZmZOQjMzT0IAAFBCzcxQQpOYUUJmZlJCLTJTQvr+U0LNzFRCmplVQmZmVkIzM1dC
+v5XQsfLWEKamVlCZmZaQjMzW0IAAFxCzcxcQpqZXUJgZV5CMzNfQgAAYELHy2BCk5hhQmBl
YkIzM2NCAABkQsfLZEKTmGVCZmZmQqJFZ0IAAGhCx8toQpOYaUJgZWpCMzNrQvr+a0LNzGxC
mpltQmZmbkItMm9C+v5vQs3McEK4nnFCZmZyQi0yc0IZBHRCx8t0QpOYdUJgZXZCLTJ3QgAA
eELNzHhCk5h5QmBlekItMntC+v57QsfLfEKTmH1CZmZ+Qi0yf0L6/n9C42WAQkrMgEKwMoFC
F5mBQgAAgkLjZYJCSsyCQrAyg0IXmYNCff+DQuNlhEJKzIRCMzOFQheZhUJ9/4VC42WGQs3M
hkKwModCF5mHQn3/h0JmZohC5dCIQrYziUKamYlCff+JQuNlikJKzIpCMzOLQpqZi0IAAIxC
42WMQkrMjEKwMo1CHZqNQgAAjkJmZo5CSsyOQjMzj0KamY9CAACQQmZmkELNzJBCMzORQpqZ
kUIAAJJCZmaSQs3MkkIzM5NCmpmTQgAAlEJmZpRCSsyUQjMzlUKamZVCAACWQmZmlkLNzJZC
MzOXQpqZl0J9/5dCZmaYQkrMmEIzM5lCmpmZQgAAmkJmZppCzcyaQjMzm0KamZtCAACcQmZm
nELNzJxCMzOdQpqZnUIAAJ5C42WeQs3MnkIzM59CmpmfQn3/n0JmZqBCSsygQjMzoUIXmaFC
AACiQmZmokLNzKJCsDKjQpqZo0IAAKRCZmakQkrMpEIzM6VCmpmlQn3/pULjZaZCSsymQjMz
p0KamadCAACoQmZmqELNzKhCsDKpQheZqUJ9/6lCZmaqQs3MqkKwMqtCF5mrQgAArELjZaxC
SsysQjMzrUIXma1CAACuQuNlrkLNzK5CMzOvQheZr0IAALBC42WwQo3XsEKwMrFCF5mxQgAA
skJmZrJCSsyyQrAys0IXmbNCAAC0QmZmtEJKzLRCsDK1QheZtUJ9/7VCZma2QkrMtkKwMrdC
mpm3QgAAuEJmZrhCSsy4QrAyuUKamblCAAC6QuNlukJKzLpCsDK7QheZu0J9/7tC42W8QkrM
vEIzM71CF5m9Qn3/vULjZb5CSsy+QrAyv0IXmb9Cff+/QuNlwELTzcBCsDLBQheZwUJ9/8FC
ZmbCQkrMwkKwMsNCmpnDQgAAxELjZcRCSszEQrAyxUKamcVCAADGQuNlxkJKzMZCMzPHQpqZ
x0IAAMhCZmbIQs3MyEIzM8lCmpnJQgAAykJmZspCzczKQjMzy0KamctCAADMQmZmzELNzMxC
MzPNQpqZzUIAAM5CZmbOQkrMzkIzM89CmpnPQgAA0EJmZtBCzczQQrAy0UKamdFCAADSQmZm
0kLNzNJCMzPTQpqZ00J9/9NCZmbUQkrM1EIzM9VCmpnVQgAA1kJmZtZCzczWQjMz10IXmddC
AADYQuNl2EK43thCzzfZQpqZ2UIAANpCZmbaQkrM2kIzM9tCmpnbQn3/20LjZdxCzczcQjMz
3UKamd1CAADeQmZm3kJKzN5CMzPfQheZ30J9/99C42XgQs3M4EIzM+FCmpnhQn3/4UJmZuJC
zcziQrAy40IXmeNCAADkQmZm5EJKzORCMzPlQheZ5UJ9/+VC42XmQkrM5kKwMudCmpnnQgAA
6ELjZehCSszoQrAy6UKamelCAADqQmZm6kJKzOpCsDLrQheZ60IAAOxCZmbsQkrM7EKwMu1C
F5ntQn3/7ULjZe5CzczuQrAy70IXme9CAADwQmZm8EJKzPBCsDLxQheZ8UJ9//FCZmbyQkrM
8kIzM/NCF5nzQhID9ELjZfRCSsz0QrAy9UKamfVCff/1QuNl9kJKzPZCMzP3QheZ90J9//dC
42X4Qs3M+EKwMvlCF5n5Qn3/+ULjZfpCzcz6QjMz+0IXmftCff/7QuNl/EJKzPxCsDL9QpqZ
/UJ9//1CZmb+Qs3M/kKwMv9Cmpn/QgAAAEMzMwBDmG4AQ5qZAEPNzABDAAABQzMzAUNmZgFD
mpkBQ83MAUMAAAJDMzMCQ2ZmAkOamQJDzcwCQwAAA0MzMwNDZmYDQ1iZA0PNzANDAAAEQzMz
BENmZgRDWJkEQ83MBEMAAAVDMzMFQ2ZmBUOamQVDzcwFQwAABkMzMwZDZmYGQ5qZBkPNzAZD
AAAHQzMzB0NmZgdDWJkHQ83MB0O+/wdD8jIIQ2ZmCEOamQhDzcwIQwAACUMzMwlDZmYJQ+Ga
CUPNzAlDAAAKQ/IyCkNmZgpDmpkKQ83MCkMAAAtD8jILQ2ZmC0OamQtDzcwLQ77/C0PyMgxD
JWYMQ1iZDEPNzAxDvv8MQzMzDUMlZg1DmpkNQ4vMDUO+/w1D8jIOQyVmDkOamQ5Di8wOQ77/
DkMzMw9DZmYPQ1iZD0PNzA9Dvv8PQzMzEEMlZhBDWJkQQ4vMEEMAABFDMzMRQ/BnEUOamRFD
zcwRQwAAEkPyMhJDJWYSQ1iZEkOLzBJDvv8SQ/IyE0NmZhNDmpkTQ4vME0O+/xNDMzMUQyVm
FENYmRRDi8wUQ77/FEPyMhVDZmYVQ1iZFUOLzBVDAAAWQ/IyFkNmZhZDWJkWQ4vMFkMAABdD
8jIXQyVmF0NYmRdDi8wXQ77/F0PyMhhDZmYYQ1iZGEOLzBhDvv8YQ/IyGUNmZhlDWJkZQ83M
GUO+/xlDMzMaQ6hmGkOamRpDi8waQwAAG0PyMhtDJWYbQ1iZG0OLzBtDAAAcQzMzHENmZhxD
mpkcQ83MHEMAAB1DMzMdQ2ZmHUOamR1DzcwdQwAAHkMzMx5DZmYeQ5qZHkPNzB5DAAAfQzMz
H0NmZh9DmpkfQ83MH0MAACBDMzMgQ2ZmIENYmSBDzcwgQwAAIUMzMyFDZmYhQ5qZIUPNzCFD
AAAiQ/IyIkMlZiJDmpkiQ4vMIkMAACNDMzMjQ2ZmI0OamSNDzcwjQwAAJEMzMyRDZmYkQ5qZ
JEPNzCRDvv8kQzMzJUNmZiVDmpklQ83MJUMAACZD8jImQyVmJkNYmSZDi8wmQwAAJ0MzMydD
ZmYnQ5qZJ0OLzCdDvv8nQzMzKENmZihDmpkoQ83MKEO+/yhDMzMpQyVmKUOamSlDzcwpQwAA
KkPyMipDJWYqQ1iZKkPNzCpDAAArQzMzK0NmZitDmpkrQ4vMK0O+/ytD8jIsQyVmLEOamSxD
zcwsQ77/LEPyMi1DZmYtQ5qZLUPNzC1Dvv8tQzMzLkNmZi5DmpkuQ4vMLkO+/y5D8jIvQyVm
L0NYmS9DzcwvQ77/L0MzMzBDJWYwQ1iZMEOLzDBDvv8wQ/IyMUMlZjFDmpkxQ4vMMUO+/zFD
8jIyQyVmMkNYmTJDi8wyQ77/MkPyMjNDJWYzQ1iZM0OLzDND</AssayXData><AssayYData Points="900">AAAAAJ2oxTnfpZk6BpyHuhViNzu3cYk7yEgTPJai5Tt1UAg8hs9gO0Z2CTyr4UE8MGbWO79T
MjxdBkA8VD1MPH5saTy26Us8xdSCPL7MSDwFP488+P+UPJD6fzwwtng8zPObPLJHmzzLda48
abCMPHlBmzyc6Ks80yHHPLbauTxe+qo8X1DRPHxi1jwBKOE8bmy4PHEE0jx2VL48LAz5PGJi
7jzm7eA8FUPsPBmV7jwi4Pg8d6niPGqq4TyNxgI9aBQMPc+8Bz15CP886wsHPTa//DwZPgQ9
sNgLPV9DCT1nfAs97x4fPUsLFz1Ifh09rAwKPZZuFz2WkxE9X5AXPQzeGj38cCo961gfPWKW
Gj26YjI9+Dw0PZUwKz33VB09kZgiPaB7Hz3soi49We0wPbH8PD2+ES09I7Q+PVFoNz0rJEk9
hLoxPU+SOz1NBjs9pVI5Pe4qQz0dOUA9cC9NPQGtUD3gaUw9OglGPedmXT3pi1I9Ek9XPUIi
Uz2fcEU9RVNZPRnCWD0rUmM9B8FYPW+3WT2aFG89MHBgPV2YVT3OD1o9ihhdPYN+ZT1sI2s9
D3Z2PQ++dz2Jomg9S19yPTxEej28jno96gl6PflHgD2Mx2I91bV9PahNZD1jMYI9r5RuPaNg
gz1QG349fs1yPWWGaz09C4Y92QKGPaClgz2kRII9DsV+PVlDij034Hs9qISCPUldhj27CYs9
ZnSMPbNIiD3gWYo95oiQPY0uhz0+8Y09enaNPSQsiz2zT4s9iqJ6PQ1djj2n9ZI9t5uOPWx/
lD25c5M9MUGUPSlokD134JE9SemPPWPWjT2TsKE95g2XPSQXlT287pI9GW+gPXHAjz3mY5U9
MwqaPbgrlj1aWJo9zHSYPV9gnD3GO5g9pOGaPaYImT2TCJ89gnGcPaSroT0wg6I9jrSgPRbI
oD3ghas9m1alPZDgpD0Soac9xIqhPU03qT1/Aa49JnWoPXV/pD0ORK09sJeqPcBDrD2Uoq89
KESqPVrZrD1dkqY94fWtPSYKrD1UC6Q9J/ivPcQYqj3lRrI9PWatPW7TsD0Qu7o9vTisPRmO
qz0sfq09yG64Paweuj0BBq89TNC1PTV4tj2oybw9q5m1PV8Ftj1pRrs91J66PXkEtT1xDro9
eCq+PT05uj2KlcE9KDS9PZsyvz0Hurs905S1PZfCwj0tF8A9W63CPRCJyD1Stb89LK24PQXa
yT1joMM9M7bJPaQvyT0iQMM9g2LEPTbbwT0B7MI92fzFPTJyyD2cXMQ9J6+9PYe6yT1fFcc9
eUzHPddPyj1rRsc9SjLTPR1V0j1gPcw9GErTPcQNyD25e8k9nQHGPQANxz2okcs9ntPPPVip
xj32oM09y+fGPZlHyD3K88w9GJTSPW/h1z34utA939TcPQxa2j21xNA9cwfVPWtz1D2hrNA9
FFrUPXQF2D2ai9U9gErZPQyf2j1zltw9qjjSPXtW1j3QHdw9iNraPbQp2T0MG+A9hGrZPQ8R
4D1rROg94OzgPbT92D1Zhdo9mvTePV753D1lv+M9+yPaPUCm2z2HqeU9PgjlPWiN3D0F/+Q9
3jHqPemE3D16OuM9P3bkPYoT5z3yR+I9XDDgPVPV5T3fXuk92OHtPRtF4D1iDOU9GWDjPRse
8D32GO09SeTnPRue6j2Ff+893k/kPUgm7T3oWfE9eLbpPW+97z2YOfk99Q/xPSLB8D36Euw9
PyPuPWWC6z2FVfA9njzxPZQc7z1RvfI9WHjyPdfU9j2L0PM9iFjwPcLm8j31CvI9oG34PRqK
8z1WCfg913X+PTsr+j1favo9wWP7PZaJ/j06Cvc9gyD2PQ09+T2bh/k9uI7vPbDA/z2mDwA+
WTb6PX/rAD7SCvw9wxD+PZZXAD550gA+Qwj7PUEQAT4Whvc9kHT/Pb5ZAz7UsAE+VaECPmdi
BD41aQQ+Am/+Pe2g/D0vGv49EkABPidiAz7IXP89XjQEPsw9Bj4idwg+CNUHPtnpAD4dcAU+
NuQBPuuSAT7r8QU+OY0DPty9AD4X1gE+5D0FPijxBD7FfQU+r+8IPmmiBT6F+QY+uukGPjVn
Bj6zzwQ+BN4HPokRBj79Awk+BUAKPlLXBj5+NAc+HREGPgitBT5AHAg+Qw0GPivVBj5D4wg+
rOUIPvc1DD5DFAk+wm8JPoTMDj5Yjgo+5owLPmUrCD6wEwg+D0YMPolpCT5BCQo+2hoJPsJ5
DD62ew0+wC4OPj0yCT4big0+fQULPgn+DT5nkQw+OBANPkMICT429w0+HmYQPje+DT4fvQ8+
QbgMPvRPDz7kKA4+qTgOPrDrET7B2ww++A4QPh/3DT6AzQ4+dK0OPpJCET5gOQ4+R0oPPush
Dz5G9hQ+35sNPtI6Dz4FRhE+Z3kMPpRnED5PdxI+XBoRPnTtED6zjxE+hH4TPseLEz5tvBA+
baYVPnb0Ej57Xw4+x/QRPri8Ej5c+hE+1koRPqIyEz4eIRE+FPETPj0gET54iRE+LcITPs6m
FD7OtRI+jKIXPgQ8Fz5hkBQ+040VPvVOEj4M3xc+rQAVPmvpEj5SQxQ+wQIXPmv7Fj7ekxM+
t9wWPu9IGD7/ExY+mDQZPpZKGj7QAhc+ljQZPmZgFz7J/BY+a60WPrbGGT5XiBo+0T0YPkXN
HD53vBc+4aAcPt0kGD5Khhk+1wgbPjUaGz7jOBo+TkwcPg7qGT5pMh0+mxccPgyNGD4+uxg+
BUwdPsxlGT473hw+9L8bPjmrGD5O0iE+SbgdPm0uHT44nRo+TEEhPn+TGj4Gvh4+6KodPvkM
HD7r/R0+ce4bPgX4Gj4C0R4+zfgdPlpDGz4WcSA+oKYgPtZVID7ADiA+aWkgPpM8HD5Wqh8+
pOUcPpVFHT5GbSE+H1sfPiH0HT5dnyI+BpsiPsMOJD7TFiQ+4PAjPi6JID71myc+GzgkPjYu
Iz6H/h4+3Z0hPs58JT6IZyY+3gwiPlYzIz7JxCE+u6skPoOtIT7TWyM+InsjPrgoHj7PayI+
l3kkPqf+Ij5JKiQ+ZkcmPhJ+Iz771CQ+S14mPr9qJD4ngiU+UigjPpYdIj6UKyI+JKkmPnfO
JT5XKyc+dTMoPl+CJz51Wyc+dAkiPkw8KD4ejSc+MW8jPs9jJT5xYiQ+cHwoPuJXJj42uCM+
AIAjPvcRJz4KByU+sqwmPgDBJD5HAio+CBkkPt6SKD6+tic+jAopPl/fJT4zoiY+hUwpPk+7
LD7M3yY+XIInPjodLD6PyS0+ZbsqPqYdKz40hyg+EbAmPlq9KT6lDCg+4rIsPvUuLT5x1Cg+
SvwrPo91Kz6QASk+YwAtPp5pLz4thCs+63oqPgC3Jz7g3zA+IhIrPn1rKz5yTis+hhIuPrWz
Lz7iXS0+GsQqPt3NLT6rdi0+X0IuPo3qMD6K8io+QM0vPjJILD5JcC8+rEIuPiMCLT5tuiw+
CjcxPtjULT6wFTE+SUUzPkZmMD68BzI+IIkwPqN1Mj61JC0+3BUzPufmLj4c2jI+FIYtPn7a
Lj6UDjA+UDkwPsV4Mz79ZzM+mEIwPpemMD7iojA+AikvPhfQLj6ltjM+gwQwPpjCLz5EHjM+
wAMzPketND6WVDQ+62YuPsKtMz7JQzQ+N7QyPtTTMz6K3jQ+3DUxPpMiMz57uTI+cJU0PqZ9
Nj6nDDE+QD05PgUzNj4IjjU+LCw2PkQ2Nj4mBzI+lNIyPslTOj5VyTU+Dc81Pi05Nj7YFzU+
F+U4PrwxOT4vfjQ+0Jg3PqtcNT490TQ++2k5PrrINj6dMzc+9p05PiV4OD6z6jc+2B83PrL3
Nz5IZDs++JY8Pu2hOT5zvTs+hiI5PpJpOD7b/TY+55s8PjZPNj6n0DI+zP04PhW8OD7G0Dk+
OGQ6PuMOOz5hBT0+qEA6Ps+sPT7lhzc+TDI9PjEAPj6BCjg+CRk6PoI1OT56VUA+d544Pho3
Pz60mjg+aHc7PpkBOT7PYj0+GlQ7Pv7VOj4lzTk++MU9Pg3eOz7dnzs+Bj48Pk/yPz6ARD8+
amk9PsRYPz43Ez8+sJpBPspFPT4J7zs+QjJAPmDSPD4yMzw+74FAPv2cQD4OWEA+gf49PkPG
PT63xT0+/pI6PhmVQD61QUE+JTJBPi6xPz5Fi0A+ZTA+Pp5/QT5znzw+kBxBPptYQT5JPEE+
iapBPgSHPz4Stj4+zDdAPvEHQj7kyDw+ajZEPv1fQj6G3kM+0qNBPrGwQj7sqEE+J/A/PlP1
Rj6G50A+dmNDPo6dQj7NJUA+8tZEPhOCRj5IvkM+h5BCPntEQz6yikI+i2dAPm92Qj5iyEQ+
2pNCPttrRD5qjEY+65VDPh+yRj7iS0M+3hJEPtPeRD42UkY+mnhAPr+MRj5UQEA+139EPgE5
Pz5eZ0c+TglIPi33RT6IHkY+qmZFPsKTRz4lokU+d4VIPvA0ST466UY+ahxEPmqARD5v0EU+
4a1DPk40Sj5VO0g+i71GPmXISD7XFUg+qVNHPo24Sz5Nx0g+0ypKPpKhRT6Z8kk+KWdMPjuW
Sz4Orkc+kbBIPvTcSj7obko+5WlJPuFETD4Cikk+p8NKPr4TSz6Khkk+kjlKPpqCSj7hZ0c+
cRFLPlBBRj7DZUw+KdhKPi1TTD6dvEs+3T1NPt6mSz7cnko+8S9QPqDZST78v00+F8tIPuX4
TD7x9E0+FvZKPmrmSj5jHk0+/LNOPpSDTj71Z0w+LaNIPqSvTD6Uc0s+C8VOPgdzSz44u0s+
zTlMPtriTT4f6ks+OuRJPhWfUD5XV0w+szZSPnKeTT7KFE4+</AssayYData></Step><Step><CommonData><SampleLocation>2</SampleLocation><SampleID>10mM Glycine pH1.7</SampleID><SampleGroup></SampleGroup><SampleInfo>or other Regeneration solution</SampleInfo><SampleRow>D</SampleRow><SamplePlate>1</SamplePlate><WellType>REGENERATION</WellType><Concentration>-1</Concentration><ConcentrationUnits>µg/ml</ConcentrationUnits><MolarConcentration>-1</MolarConcentration><MolarConcUnits>nM</MolarConcUnits><MolecularWeight>-1</MolecularWeight><Temperature>30</Temperature><StartTime>207997</StartTime><AssayTime>20</AssayTime></CommonData><FlowRate>1000</FlowRate><StepType>CUSTOM</StepType><StepName>condition</StepName><StepStatus>OK</StepStatus><ActualTime>20.002</ActualTime><CycleTime>0.2</CycleTime><AssayXData Points="100">vv8zQ7AyNEMkZjRDWJk0Q0nMNEN8/zRD8TI1QyRmNUNYmTVDScw1Q3z/NUOwMjZDJGY2QxaZ
NkNJzDZDfP82Q7AyN0MkZjdDWJk3Q0nMN0N8/zdDsDI4Q+NlOEMWmThDi8w4Q3z/OEOwMjlD
42U5QxaZOUNJzDlDEgM6Q7AyOkMkZjpDFpk6Q0nMOkN8/zpDsDI7Q+NlO0MWmTtDScw7Q3z/
O0OwMjxD42U8Q9uZPENJzDxDvv88Q7AyPUPjZT1DWJk9Q4vMPUN8/z1DsDI+Q+NlPkNYmT5D
i8w+Q3z/PkPxMj9DJGY/Q1iZP0OLzD9Dvv8/Q/EyQEMkZkBDWJlAQ0nMQEO+/0BD8TJBQyRm
QUNYmUFDi8xBQ77/QUPxMkJDJGZCQ1iZQkOLzEJDvv9CQ7AyQ0MkZkNDO59DQ4vMQ0O+/0ND
8TJEQ+NlREMWmURDi8xEQ77/REPxMkVDJGZFQ1iZRUNJzEVDvv9FQ/EyRkPjZUZDWJlGQ4vM
RkO+/0ZD8TJHQ+NlR0NYmUdDDs1HQw==</AssayXData><AssayYData Points="100">LX/JvewZdb2Brvq8495PvIz8DLwXYya8zeAPvH6+jrw9j428gj6bvGVn2bzArPm8V2UCvYiw
Jr0qYju9ic9MvZzJQ73kAnG9Zs9vvYhqcL3My4S9jdCJvYCBi73995G9WEaRvaQWn73/4aG9
JSqgvcPspb1nZrW97uC0vSqTrb0m67y9P3u4vTL2v72RQsG9BjrNvemly73eo9S9SqPPve3k
1L0id9690arbvYO8473zTuK9ou/evVhp4b0tNOe9twzwvd4F7r2oOPG9vFj1vV9v/L39s/29
Yu32vYd7Ar5hJgG+i88AvoNhBb7gzQS+xwcAvlVlB75duQm+F4UIvt2IB74rmAm+DPcOvqQR
Dr5I8BG+QlAPvk1ZEb6wgRG+bjETvnXhEr7K0BK+Ds8VvmnFE77CVRW+TYgbvrdpHb4BLhm+
vRYbvus8G74LnRi+yzUevgZrHr4Hqhy+3P8bvhsOIL6HDSK+aD0gvk8SIr4ysCW+3HYrvvix
Jb4FgyW+3GElvrxBJL6rEyW+eLIovg==</AssayYData></Step><Step><CommonData><SampleLocation>1</SampleLocation><SampleID>Running Buffer</SampleID><SampleGroup></SampleGroup><SampleInfo></SampleInfo><SampleRow>D</SampleRow><SamplePlate>1</SamplePlate><WellType>BUFFER</WellType><Concentration>-1</Concentration><ConcentrationUnits>µg/ml</ConcentrationUnits><MolarConcentration>-1</MolarConcentration><MolarConcUnits>nM</MolarConcUnits><MolecularWeight>-1</MolecularWeight><Temperature>30</Temperature><StartTime>233635</StartTime><AssayTime>20</AssayTime></CommonData><FlowRate>1000</FlowRate><StepType>CUSTOM</StepType><StepName>condition</StepName><StepStatus>OK</StepStatus><ActualTime>19.999</ActualTime><CycleTime>0.2</CycleTime><AssayXData Points="100">QQBIQzMzSEPpZkhDmZlIQw7NSENBAElDMzNJQ2ZmSUOZmUlDzMxJQwYBSkMzM0pDp2ZKQ9uZ
SkPMzEpD//9KQ3QzS0NmZktD25lLQ8zMS0P//0tDdDNMQ2ZmTEPbmUxDzMxMQ///TEMzM01D
ZmZNQ5mZTUMOzU1DQQBOQzMzTkNmZk5Ddp5OQ8zMTkP//05DdDNPQ2ZmT0Mcmk9DzMxPQ0EA
UEMzM1BDp2ZQQxyaUEMOzVBD//9QQ/czUUOnZlFD25lRQw7NUUNBAFJDdDNSQ6dmUkPbmVJD
Ds1SQ0EAU0N0M1NDp2ZTQ9uZU0MOzVNDQQBUQ3QzVEOnZlRD25lUQw7NVENBAFVDdDNVQypn
VUPbmVVDzMxVQ0EAVkN0M1ZDp2ZWQ9uZVkMOzVZDQQBXQ3QzV0NmZldDmZlXQw7NV0MGAVhD
dDNYQ6dmWEPbmVhDDs1YQ0EAWUN0M1lDp2ZZQ5mZWUMOzVlDQQBaQ3QzWkOnZlpD25laQw7N
WkNBAFtDdDNbQ6dmW0PbmVtDzMxbQw==</AssayXData><AssayYData Points="100">7dwaPn9gAz6yrd49FAvEPeevyD17+789TXO7PSbGxD0Lk8c9ZfPHPfHzwz1l4sM9QBbJPTBQ
0D3CQcw9KJ3NPU2x0z1SmM89XHHTPVVx1T0wVtw9e97PPZtm1z2tltw9IfjePQu33j1/Dd09
3bPgPXZY3T3Kg+I9i5XfPdE65D2vDt89ycjiPdDp2z3lveo9zcznPUD16j32ueU9uHPrPTNT
7D2hg+w9hYbmPUWF7T0FSu09gCnsPeW+9j0Oye49FZjyPdva6z0cVPY9t0L1PSIF+j3WyPg9
gJ72PfuA+T2povY9PkT5PSCd9T1bCvo9LvEAPoPe8z19s/c9ubD6PQbd9D3IoP89kPwAPhd0
/D2uIQA+qPL4PVfh9z06qQA+1M0APnsl/T2yNwI+rEP/PdwgAT4wUAE+mikAPt4v/j0UZAE+
8JT/PWUc/j2rywE+nrsAPrPiAT4VFAE+CvwEPhJVBD5stQM+cHUDPhahAT7aFgg+J0kCPnYo
AT4XDwk+QzcFPnXRBD67igk+iaQFPg==</AssayYData></Step><Step><CommonData><SampleLocation>2</SampleLocation><SampleID>10mM Glycine pH1.7</SampleID><SampleGroup></SampleGroup><SampleInfo>or other Regeneration solution</SampleInfo><SampleRow>D</SampleRow><SamplePlate>1</SamplePlate><WellType>REGENERATION</WellType><Concentration>-1</Concentration><ConcentrationUnits>µg/ml</ConcentrationUnits><MolarConcentration>-1</MolarConcentration><MolarConcUnits>nM</MolarConcUnits><MolecularWeight>-1</MolecularWeight><Temperature>30</Temperature><StartTime>259167</StartTime><AssayTime>20</AssayTime></CommonData><FlowRate>1000</FlowRate><StepType>CUSTOM</StepType><StepName>condition</StepName><StepStatus>OK</StepStatus><ActualTime>19.999</ActualTime><CycleTime>0.2</CycleTime><AssayXData Points="100">AABcQ/IyXENmZlxDWJlcQ83MXEMAAF1DMzNdQ2ZmXUOamV1DzcxdQwAAXkMzM15D8GdeQ5qZ
XkPNzF5DAABfQzMzX0MlZl9DmplfQ83MX0O+/19DMzNgQ2ZmYEOamWBDzcxgQwAAYUMzM2FD
ZmZhQ5qZYUPNzGFDAABiQzMzYkMlZmJDHZpiQxTOYkO+/2JDMzNjQ2ZmY0MdmmNDzcxjQwAA
ZEPyMmRDJWZkQ5qZZEOLzGRDAABlQzMzZUMlZmVDWJllQ83MZUMAAGZDMzNmQyVmZkOamWZD
zcxmQ77/ZkPyMmdDZmZnQ1iZZ0OLzGdDAABoQ/IyaEMlZmhDWJloQ83MaEO+/2hDMzNpQyVm
aUNYmWlDi8xpQ77/aUPyMmpDJWZqQ5qZakOLzGpDvv9qQ/Iya0MlZmtDWJlrQ83Ma0O+/2tD
MzNsQyVmbENYmWxDzcxsQ7//bEMzM21DJWZtQ1iZbUOLzG1DSAFuQ/IybkMlZm5DWJluQ83M
bkO//25D8jJvQ2Zmb0NYmW9Di8xvQw==</AssayXData><AssayYData Points="100">7Vc+vpr+Fr4iVQC+Nezuvdo38L1kvfG9+Yz6vV6u9b2xzv69MDwFvho2A76rbAe+MVcFvp4R
Cr5qIAq+4lIMvgIWDb68VRO+L94TvtdKF768ghe+pYsZvq/dGb7pfh++JBoZvgewHb6xKh++
Jdsivua2I76eAyW+ifEnvsehJL6Fwx++wosivqeyKL490Si+eOQnvtfIKb7EHSe+MngsvvIB
Lb6Vayq+ZeEpvtLJL76hXi2+JVUsvpRAML4IsC6+AYMzvinzMr6vmC2+0I00vrXtM74kuTC+
DB03vsm9M74W9zi+Ctc5vmK7Nb4Kgzm+q8E7vhxxO74paTu+Tp87vo6EOL5LXTq+nnc8vuKU
P76LFj2+/sNBvma1Pb4OgUK+pA9Cvq97QL5Rs0O+NKVBvt2XQb42QkS+TqxAvr4GRr7Ajka+
wb5CvomIRb7hK0S+JhhJvv3TQ76obka+6EJIvnlaRr4OdUu+E/lNvhBOSL6fn0q+v4pNvnH8
Sb5u9U6+YSdLvuAlSr5wV06+3XZLvg==</AssayYData></Step><Step><CommonData><SampleLocation>1</SampleLocation><SampleID>Running Buffer</SampleID><SampleGroup></SampleGroup><SampleInfo></SampleInfo><SampleRow>D</SampleRow><SamplePlate>1</SamplePlate><WellType>BUFFER</WellType><Concentration>-1</Concentration><ConcentrationUnits>µg/ml</ConcentrationUnits><MolarConcentration>-1</MolarConcentration><MolarConcUnits>nM</MolarConcUnits><MolecularWeight>-1</MolecularWeight><Temperature>30</Temperature><StartTime>284966</StartTime><AssayTime>20</AssayTime></CommonData><FlowRate>1000</FlowRate><StepType>CUSTOM</StepType><StepName>condition</StepName><StepStatus>OK</StepStatus><ActualTime>19.999</ActualTime><CycleTime>0.2</CycleTime><AssayXData Points="100">vv9vQ7AycEPjZXBDFplwQ0nMcEO+/3BDsDJxQ+NlcUMWmXFDScxxQ3z/cUPxMnJDJGZyQxaZ
ckNJzHJDfP9yQ/Eyc0PjZXNDFplzQ4vMc0O+/3NDsDJ0Q+NldENYmXRDi8x0Q3z/dEOwMnVD
JGZ1Q1iZdUOLzHVDfP91Q/EydkMkZnZDWJl2Q4vMdkO+/3ZD8TJ3QyRmd0NYmXdDi8x3Q77/
d0PxMnhD42V4Q1iZeEOLzHhDvv94Q/EyeUPvZ3lDWJl5Q4vMeUO+/3lD8TJ6QyRmekNYmXpD
i8x6Q77/ekPxMntDJGZ7Q1iZe0OLzHtDvv97Q/EyfEMkZnxDWJl8Q4vMfEO+/3xD8TJ9Q+Nl
fUMWmX1Di8x9Q77/fUPxMn5D42V+Q1iZfkNJzH5Dvv9+Q/Eyf0MkZn9DWJl/Q4vMf0O+/39D
eBmAQxIzgEOrTIBDRWaAQ95/gEN4mYBDErOAQ4vMgEMk5oBD3v+AQ3gZgUPxMoFDi0yBQ0Vm
gUPef4FDV5mBQ/GygUOLzIFDJOaBQw==</AssayXData><AssayYData Points="100">y1sxPk81CT6pU+Y9qoTOPRBrwD0IR7Q9Y9y4PaNGrz2xLrE9vrOyPQ0bsz0cTLE9vEC7Pal3
vD1oobo9Z0nDPXRAtj2iir89QrrBPem/vz1Yy789Sr/FPdU/xz0WZco9p3XHPcsfyT3s2M09
AVnIPTPY0z3HO8g9dxXTPVk7zz36QdE9G6DUPd+Y1z3SuNI9I3LSPd821D3/5tY9jFPcPV1V
1j3J5tY9bEzSPcgv3T2uON49Y+baPYYi3T1YU9Y9tj/aPdtV4z0/8No9PEzePcvB2j2tsd49
iHfgPWlz4z1ZrOU9GTzhPQbr4z0fleM9XenlPdEA3z3n8eM9OmPiPQUX5j1io+c97KPdPdnX
3z1xN+s9U9znPSCy4j2HRuU9tGHlPU9D5T3F7+s9vRHqPdjP5z0KxPc9DOroPd7d5T2e//E9
8zXsPcKF5j1I4ek9ntbsPewB6z1sVfA9bVXrPRTE7j0V2e09sLHpPZFW9T0zze89zXn3PWls
9D01EvA93jHyPXHJ9T1F1fI9GqnuPQ==</AssayYData></Step><Step><CommonData><SampleLocation>2</SampleLocation><SampleID>10mM Glycine pH1.7</SampleID><SampleGroup></SampleGroup><SampleInfo>or other Regeneration solution</SampleInfo><SampleRow>D</SampleRow><SamplePlate>1</SamplePlate><WellType>REGENERATION</WellType><Concentration>-1</Concentration><ConcentrationUnits>µg/ml</ConcentrationUnits><MolarConcentration>-1</MolarConcentration><MolarConcUnits>nM</MolarConcUnits><MolecularWeight>-1</MolecularWeight><Temperature>30</Temperature><StartTime>310591</StartTime><AssayTime>20</AssayTime></CommonData><FlowRate>1000</FlowRate><StepType>CUSTOM</StepType><StepName>condition</StepName><StepStatus>OK</StepStatus><ActualTime>20</ActualTime><CycleTime>0.2</CycleTime><AssayXData Points="100">vv+BQ1gZgkPQMoJDi0yCQ2ZmgkO+f4JDWJmCQ/GygkNqzIJDJOaCQ53/gkNYGYND8TKDQ4tM
g0MEZoNDvn+DQ1iZg0PxsoNDi8yDQwTmg0Od/4NDWBmEQ/EyhEOLTIRDJGaEQ75/hENYmYRD
0LKEQ6zMhEMk5oRDvv+EQ1gZhUPQMoVDcE2FQwRmhUOdf4VDWJmFQ7y0hUNqzIVDJOaFQ53/
hUNYGYZD8TKGQ4tMhkMkZoZDnX+GQ1iZhkPxsoZDi8yGQyTmhkO+/4ZDWBmHQ/Eyh0OLTIdD
BGaHQ75/h0NYmYdD0LKHQ2rMh0ME5odDnf+HQ1gZiEPQMohDrEyIQwRmiEO+f4hDN5mIQ9Cy
iENqzIhDBOaIQ53/iENYGYlD0DKJQ2pMiUMkZolDnX+JQ1iZiUPQsolDasyJQwTmiUO+/4lD
NxmKQ9AyikNqTIpDJGaKQ51/ikM3mYpD0LKKQ2rMikME5opD3/+KQzcZi0PQMotDakyLQyRm
i0O+f4tDWJmLQ9Cyi0NqzItDJOaLQw==</AssayXData><AssayYData Points="100">K32MvkJlXL4A2zK+UiAdvkc5Fr4Pqxa+mO0XvqhNHL42Bx2+/oghvtjsH74rHiS+IQMpvq1S
K75Kryy+5C4uvhQHML6U+jK+dq4svgKtL76qFjK++HA1vjhINL4Lnza+fZc0vh1NOL7uxDe+
E4g5vmB/OL5rDD6+ncJBvn4nO74f9EC+Cm4+vk1XQb50jka+zPFDvlrORb6G20S++3tAvkFU
R75NeEW+ZC1Jvgi5R77AXUe+P1RHvhi2Sb7CIky+TlBGvlkTR74akUy+RRlMvoxuTb5/7E6+
Y05PvguTTL5ToUu+JOhOvrPxTb5raU++97RPvpsqUL71b1C+lqJNvh/vVL7tflO+PQpVvkQL
U76vDVO+7ylVvp8MVL5isli+pQ5VvoedUr4rwFe+il9VvgLpXL5WoVW+vZVXvm0ZWb4rPFm+
abNZvr9EV74LJ1e++CxXvgp1W75pm1q+YQxhvl83Yb5dDlq+11pbvsnkXb6EN1u+zLhevpyQ
XL4+DF2+0r5cvkRUX767OGK+cv5hvg==</AssayYData></Step><Step><CommonData><SampleLocation>1</SampleLocation><SampleID>Running Buffer</SampleID><SampleGroup></SampleGroup><SampleInfo></SampleInfo><SampleRow>D</SampleRow><SamplePlate>1</SamplePlate><WellType>BUFFER</WellType><Concentration>-1</Concentration><ConcentrationUnits>µg/ml</ConcentrationUnits><MolarConcentration>-1</MolarConcentration><MolarConcUnits>nM</MolarConcUnits><MolecularWeight>-1</MolecularWeight><Temperature>30</Temperature><StartTime>336396</StartTime><AssayTime>20</AssayTime></CommonData><FlowRate>1000</FlowRate><StepType>CUSTOM</StepType><StepName>condition</StepName><StepStatus>OK</StepStatus><ActualTime>20</ActualTime><CycleTime>0.2</CycleTime><AssayXData Points="100">vv+LQ1gZjEPQMoxDakyMQ8hmjEOdf4xDN5mMQ9CyjEOszIxDBOaMQ77/jEM3GY1D0DKNQ2pM
jUMEZo1DnX+NQzeZjUPxso1DasyNQyTmjUO+/41DNxmOQ/EyjkN2To5DBGaOQ99/jkM3mY5D
8bKOQ4vMjkME5o5DAACPQzcZj0PxMo9DakyPQwRmj0O+f49DN5mPQ9Cyj0OLzI9DBOaPQ77/
j0M3GZBD0DKQQ4tMkEMEZpBDnX+QQzeZkEPQspBDi8yQQwTmkEOd/5BDNxmRQ/EykUOLTJFD
BGaRQ51/kUNYmZFD0LKRQ2rMkUMk5pFDgwCSQzcZkkPxMpJDi0ySQyRmkkOdf5JDN5mSQ9Cy
kkNqzJJDBOaSQ77/kkNYGZND8TKTQ4tMk0MkZpND5YCTQ1iZk0PxspNDi8yTQyTmk0O+/5ND
WBmUQ/EylEOLTJRDJGaUQ75/lENYmZRD8bKUQ4vMlEMk5pRDvv+UQ1gZlUPxMpVDi0yVQyRm
lUO+f5VDWJmVQ/GylUOLzJVDJOaVQw==</AssayXData><AssayYData Points="100">HzMVPqFM7j3jttM93ZnBPdF4qz2poKg9FUKjPR36oz0lTa09luKiPfVxqT3Zeac9we6xPfhq
rT1x+rA9leywPbVmrz1vL7U9M5izPd2Euj0pW7k9MvS2PS9UwD0yn7w9EZa5PWsyvT2WlcY9
5ja5PRd/xz0wa8U9b0nBPSVfwj1hVMM9qbrAPeqzwz3cV849YiTLPSEPyj2ETsw9hi/OPemn
yT0bFM89c83QPZ6jxj31D809A2bMPc+f0D1xztU9sifSPTBk0T1HItY9JoXRPeZe1j3XidU9
44bWPYoE2D0p4tE9Qd/SPe0F1D36XdQ9TyXVPX+z2j3UENI9uTfcPWcv0D0fStY9uvfVPfU0
3j37dd49clTiPeMr2z2Oudg9MKPYPeyu3T3kT949d4XcPXc63T306NY9MYvoPSxS3j2wct49
w+zgPctr3z1j0OQ9yGPdPT7I4z1kbt49OfbjPYzz4T3jIeU9um7gPbpI3D1bpOM9OnTiPawC
5z1LDNw9EUTtPbNZ4T2//eM9uCvnPQ==</AssayYData></Step><Step><CommonData><SampleLocation>3</SampleLocation><SampleID>Running Buffer</SampleID><SampleGroup></SampleGroup><SampleInfo></SampleInfo><SampleRow>D</SampleRow><SamplePlate>1</SamplePlate><WellType>BUFFER</WellType><Concentration>-1</Concentration><ConcentrationUnits>µg/ml</ConcentrationUnits><MolarConcentration>-1</MolarConcentration><MolarConcUnits>nM</MolarConcUnits><MolecularWeight>-1</MolecularWeight><Temperature>30</Temperature><StartTime>362695</StartTime><AssayTime>120</AssayTime></CommonData><FlowRate>1000</FlowRate><StepType>BASELINE</StepType><StepName>Baseline 120</StepName><StepStatus>OK</StepStatus><ActualTime>120</ActualTime><CycleTime>0.2</CycleTime><AssayXData Points="600">vv+VQzcZlkPxMpZDi0yWQyRmlkO+f5ZDWJmWQ/GylkOLzJZDJOaWQ77/lkNYGZdD0DKXQ8xM
l0MkZpdDnX+XQzeZl0PxspdDi8yXQyTml0O+/5dDWBmYQ/EymEOLTJhDJGaYQ75/mENYmZhD
8bKYQ4vMmEMk5phDnf+YQ1gZmUPxMplDakyZQwRmmUO+f5lDN5mZQ/GymUNqzJlDBOaZQ77/
mUM3GZpDlTOaQ4tMmkMkZppDvn+aQzeZmkPxsppDasyaQwTmmkOd/5pDNxmbQ7Yzm0NqTJtD
BGabQ51/m0NYmZtD0LKbQ4vMm0Mk5ptDnf+bQzcZnEPQMpxDakycQyRmnEOjgJxDN5mcQ9Cy
nENqzJxDJOacQ77/nEM3GZ1D8TKdQ4tMnUMkZp1Dvn+dQzeZnUPQsp1DasydQwTmnUOd/51D
NxmeQ9AynkNqTJ5DBGaeQ75/nkNYmZ5D0LKeQ2rMnkME5p5Dvv+eQ1gZn0PQMp9DakyfQwRm
n0ODgJ9DN5mfQ9Cyn0NqzJ9DBOafQ53/n0NYGaBD0DKgQ2pMoEMEZqBDvn+gQ1iZoEPxsqBD
zMygQ2bmoEO+/6BDWBmhQ9AyoUOLTKFDJGahQ75/oUNYmaFD0LKhQ4vMoUNF5qFDvv+hQ1gZ
okPxMqJDi0yiQyRmokO+f6JD25miQ/GyokOLzKJDJOaiQy0Co0NYGaND8TKjQ4tMo0MkZqND
vn+jQ1iZo0PQsqNDi8yjQyTmo0O+/6NDWBmkQ/EypEMvTaRDJGakQ75/pENYmaRDErOkQw7N
pEMk5qRDvv+kQ1gZpUPxMqVDi0ylQwRmpUO+f6VDWJmlQ9CypUOLzKVDJOalQ77/pUNYGaZD
0DKmQ4tMpkMEZqZDxICmQ1iZpkPQsqZDi8ymQyTmpkO+/6ZDNxmnQ/Eyp0OLTKdDBGanQ75/
p0M3madD0LKnQ4vMp0Mk5qdDvv+nQ3gZqEPxMqhDakyoQwRmqEOdf6hDeJmoQ5WzqEOLzKhD
JOaoQ77/qEM3GalD0DKpQ4tMqUMkZqlDvn+pQ1iZqUPQsqlDi8ypQwTmqUOd/6lDNxmqQ/Ey
qkNqTKpDJGaqQ51/qkNYmapD8bKqQ8zMqkMk5qpDnf+qQzcZq0PQMqtDi0yrQwRmq0Odf6tD
N5mrQ/Gyq0NqzKtDBOarQ77/q0M3GaxD0DKsQ2pMrEMEZqxDvn+sQzeZrEPxsqxDi8ysQwTm
rEOd/6xDNxmtQ9AyrUOLTK1DBGatQ51/rUM3ma1D8bKtQ4vMrUME5q1Dnf+tQ1gZrkPQMq5D
akyuQyRmrkOdf65DN5muQ9CyrkOszK5DBOauQ77/rkM3Ga9D8TKvQ2pMr0MkZq9DnX+vQzeZ
r0PQsq9Di8yvQwTmr0O+/69DWBmwQ/EysEOLTLBDJGawQ75/sENYmbBD8bKwQ4vMsEMk5rBD
vv+wQ1gZsUPxMrFDIFCxQyRmsUO+f7FDWJmxQ/GysUNqzLFDJOaxQ77/sUNYGbJD0DKyQ4tM
skMkZrJDvn+yQ1iZskPxsrJDasyyQwTmskO+/7JDWBmzQ/Eys0NqTLNDJGazQ51/s0NYmbND
8bKzQ4vMs0Oo5rNDvv+zQzcZtEPxMrRDaky0Q2ZmtEO+f7RDWJm0Q9CytENqzLRDBOa0Q77/
tENYGbVDdDO1Q4tMtUMkZrVDnX+1Q1iZtUPQsrVDasy1QyTmtUOd/7VDNxm2Q/EytkNqTLZD
JGa2Q51/tkNYmbZD0LK2Q4vMtkMk5rZDnf+2QzcZt0PQMrdDaky3QwRmt0O+f7dDN5m3Q/Gy
t0MvzbdDBOa3Q+UAuEPAGrhD0DK4Q2pMuEMEZrhDnX+4Q1iZuEPxsrhDi8y4QwTmuEO+/7hD
Nxm5Q9AyuUNqTLlDBGa5Q51/uUNYmblD0LK5Q2rMuUME5rlDvv+5Q1gZukPQMrpDaky6QyRm
ukOdf7pDWJm6Q9CyukNqzLpDBOa6Q77/ukM3GbtD0DK7Q2pMu0MEZrtDnX+7QzeZu0N0s7tD
asy7Q2bmu0Od/7tDNxm8QzMzvENqTLxDBGa8Q51/vENYmbxD8bK8Q2rMvEME5rxDnf+8QzcZ
vUPQMr1Di0y9Q0VmvUOdf71DN5m9Q/GyvUNqzL1DBOa9Q77/vUNYGb5D8TK+Q4tMvkMkZr5D
vn++Q1iZvkPxsr5Di8y+QyTmvkO+/75DWBm/Q/Eyv0OLTL9DJGa/Q75/v0NYmb9D8bK/Q2rM
v0Mk5r9Dnf+/Q1gZwEPxMsBDakzAQyRmwEO+f8BDN5nAQ/GywEPtzMBDJObAQ77/wENYGcFD
8TLBQ4tMwUMkZsFDvn/BQ1iZwUPxssFDi8zBQyTmwUO+/8FDahzCQ/EywkNqTMJDJGbCQ51/
wkNYmcJD8bLCQ4vMwkMk5sJDvv/CQ1gZw0PQMsNDi0zDQwRmw0O+f8NDN5nDQ/Gyw0OLzMND
BObDQ77/w0M3GcRD0DLEQ2pMxEMkZsRDvn/EQzeZxEPxssRDaszEQyTmxEO+/8RDWBnFQxIz
xUOLTMVDBGbFQ75/xUM3mcVD8bLFQ2rMxUMk5sVDvv/FQ1gZxkPQMsZDi0zGQwRmxkOdf8ZD
WJnGQ9CyxkOLzMZDBObGQ77/xkM3GcdD0DLHQ2pMx0MkZsdDvn/HQzeZx0PQssdDaszHQ+nm
x0O+/8dDWBnIQ9AyyENqTMhDBGbIQ51/yEM3mchD0LLIQ2rMyEME5shDvv/IQ1gZyUPQMslD
akzJQwRmyUOdf8lDN5nJQ/GyyUNqzMlDBObJQ53/yUM3GcpD8TLKQ2pMykMEZspDnX/KQzeZ
ykPxsspDaszKQyTmykOd/8pDNxnLQ9Ayy0NqTMtDJGbLQ99/y0M3mctD8bLLQ2rMy0ME5stD
vv/LQ3gZzEPxMsxDi0zMQyRmzEO+f8xDmZnMQ/GyzEOLzMxDBObMQ77/zENYGc1D8TLNQ4tM
zUMkZs1Dvn/NQ1iZzUPxss1DaszNQyTmzUO+/81DWBnOQ/EyzkOLTM5DJGbOQ75/zkNYmc5D
8bLOQ4vMzkMk5s5Dvv/OQ1gZz0PxMs9Di0zPQyRmz0O+f89DN5nPQ/Gyz0NqzM9DBObPQ77/
z0NYGdBD8TLQQ4tM0EMEZtBDvn/QQ1iZ0EPxstBDi8zQQyTm0EO+/9BDWBnRQ/Ey0UNqTNFD
JGbRQ75/0UNYmdFD8bLRQ4vM0UMk5tFD</AssayXData><AssayYData Points="600">scHDPa/Pwj1oFMg9LZzQPSbC0j1TctA9aafNPdxN2T20XM09P/jVPS6v2j1B5do9sU3ZPQuH
1T0HEdY9jOzkPYqG1j3IGNM9qubjPTbB3D2TouA9ZG/fPX2j4j2WFeY9p9DbPYCz4j1Rwto9
ZcDePdU+1T1p1OM98brfPcqe5j2adOQ9NyXkPcHw7D2xdOo94JbsPU1I4z1+FOc983bmPc8B
5j2LPO09EZXiPRdZ7T0BFuk9v1ntPerd4T3nkeg9IFjjPSiX4j005+g9FqPjPUiL9j19AO89
ABXvPc4l7z1qJvY9Xhr0PdiD6D0DoO49WQn2PVEt6j212ek9LMTsPT4p5z1vpu490KLvPQyG
8z0Mo+w9LMLxPYRp6T1JOfo9KV7xPd3E6j1Ksu09SJzwPS+n9D2V3vQ9Rk/2PWu+8T1wbfs9
K/7xPVzb+j2RUvk9ZjP0PXn59j11UPI9urr+PVhk8j2I2/k97KD5PZ0K/z151Oc9VZb8PSnA
8j2wyvo9+g/zPTxx+T0K8Ps9N4r6PbfUAD4zdQE+USD6PW0y/D2rC/095MP8PQfKAD7sn/o9
qKABPlVu+j3ulfo9pvsBPvGf9z13MAM+uR8BPuN6AT69zgA+AhQAPpkeAD42LwM+c0ACPjeT
Az5cggA+ggMEPhsCAD695gI+SgIBPhUwAj647QI+EBcCPvEeAT4oLgE+lK0APoHMAj6EqgU+
xVUEPpl/AD6CzgE+s9IDPsU6/T0JEgM+3Z8CPuTf+z3CgQI+940BPkGiAT4JbwU+evgCPnC9
Az6hVgk+71wDPtX4AD6sGgM+h4QBPp3XAj5MpAc+eL0LPnMDBD74CwQ+CKQAPltACD7Legc+
DR0DPpA0BT693gU+GTkJPt42BT6slwY+E4ADPjLnAT4WEAc+Th8IPo2qCD7kDgU+aiUEPtux
CD62igY+J3sFPj6hBT7jWQQ+YrkGPidvBT5QGwU+JN4IPrvCCj7oBQU+6IkGPjIaBj4CDw4+
xHwIPl1DCD66gwI+u5QHPscvBj6B0Qk+bbAFPr8YBz6iQQk+R4wIPv/CBj6DsAk+d2AGPvrG
CT7RYwY+pF8OPpMwCT5rhQo+eZEJPjJXCT47bwk+WfIIPiKLCj7lmAg+uPgNPjySDD5yPwg+
tvQIPvK4Cj5crA8+lOcJPs2vCT5/Rwk+2YwLPl2+Dj6aWgw+XdQNPrx6CD5MpQo+gh0NPk70
CD5Hrw4+ak8NPtJvDj4qDww+N3kLPggFCz7DDg8+zYAPPkkcDz6GGQg+KLsQPgRSCj4ZrA0+
lk4MPhhQDT6xiww+avQLPlkWDT7wgA8+4+8NPv4MDz5xGhA+B64PPtHSDz6lxAs+zFoRPuK6
ED6BHxA+yjwOPsnrDz7tng0+P44PPvZLEj4XCxE+Z5UPPr0cET5vng0+dBYPPsL8ET7r7w8+
TBQOPkgGDz4ymxM+obAUPpyKED5MyBA+H8EQPk7XFD7FbxE+GokSPohXEz7u3Q8+eVQSPiye
DD7MLBQ+DpoOPjZDFD7RhxA+ek4TPgE4FT5aqBc+er8RPuhaEz6sAxU+SX0TPrHCFT5ghRE+
NoAQPtqEFT6yLxQ+7r8SPiFIFD7jcxM++5YXPqcTFj6bDxI+QiAVPtD+Ej7+MRQ+4VwRPgz5
FD721Rc+NNkXPuo3FD4UGxY+3cQXPhEUFD5rrRc+8OcWPlooET6s2Bc+aScXPvGTGT4RExc+
OXsUPtUAFD57ZRc+jVMaPsqRFj5TsRM+3+kUPlJ9FD4ibxg+jyAYPshpFz4jthQ+7/MVPggo
FT6b1Rg+VGsVPsksGD4lLRg+ESIaPvQ8HD4qGhY+QzkZPnTqFT7ulBo+RuYZPte1GT5pEBY+
0GwVPsaoFj79FRo+H/YVPv8TFz6UeBg+3dUaPuneGz7sNxY+c5oXPkqUEz7jbxg+myUcPnQz
GT46vBs+K8IaPmg2Gz6B4Ro+6ycaPivFGz6moRw+cbAdPisnGz5E9Rk+sSoZPgBVHD7rJRg+
/PwZPkM3HD4Eoxs+4kkcPrkvGj4oDho+5wcbPua3Hz77BB0+BJ8dPnRDHj7PlR0+r2gbPsNN
HT6SXx4+hIwZPsIkGz7rfxo+O9oaPtVMHT6tYxs+OlgdPj1iHT4viRw+igwePmozGz6yfx0+
xjkgPhNuHT7Czxs+GikePpttHj4NkyA+kV4gPuD+Hj46Uh0+kD4ePoyvGz5mhxs+5vIdPlha
HD5bNR8+f0cgPn80GT69Lx4+n90dPrcdHT4XvCM+cBEgPizbHz7yxxw+GNsgPvDkID73tx4+
qm0fPlpQIT45HiM+AvwgPi7RHT6V5x4+iCMfPs0zID5XKR0+k84fPgbpID60PCI+LVgkPgyf
IT6sgSA+H/ofPpFKIj6yIR8+ndUfPuhvIz4bQSE+3hcgPk6IJT6WECQ+KKkkPox+HT6wfhw+
cTgjPjW2IT4DfSM+tEYiPoMBIj6eFCI+T/UiPgInJT6vkiA+h/chPibcIz5bjyM+cosgPlvl
Ij7ICyI+1D4hPr+NHz4zciQ+GLIiPs3ZIj4XIyY+elQhPkVPIT7yDyI+TrQhPtjYIT7TvSQ+
8NIkPpHdHz6GdSU+/acjPnacID7zsCU+FhIiPquNJD472iI+w8ckPkg1Jz6fZSU+2j4iPq9N
JD79oCM+k6EkPmZkJD4y1SQ+PscmPv8/JD6sliM+guchPkRlJD6+UyM+G5AmPlg5JD7NvSQ+
taMmPkN2Jz6puCM+eJ0sPkHNJD4LFik+yQonPuLdJz5PBSM+1eooPsLhIz6oRCY+JiomPhCj
JT6/ByU+EdonPtP0Iz7Igic+yEsoPl6LJT4iqSI+wNslPjJ3Jz5VaSs+HxYlPovPJT7P7ig+
lqUpPo01Kz52ryg+3oUqPtbBIz4HlCk+EjstPpe6Jz7ALyk+57sqPoAyKT7lZyk+6XEmPmTX
KT6Pkik+WtUoPr/vJj5XlSk+G7wlPgZkKT4H9yY+I/8kPmDAJz4vpSg+GYEqPn1jJz5J5Sg+
Fm8oPitDJT6Q7yk+w4AtPojZJT532yw+4GAtPlnVLj42dig++6syPj2rKz4qGSk+mEspPkZN
Kj5VCi0+lhgoPuyUKT4rcyo+dPEpPtdpKj6iIyw+N2wrPtPyKD6BICg+slstPlQTLD4PxCc+
tgwuPnUlLD4pbCk+o0YpPs6NLT4yJCw+</AssayYData></Step><Step><CommonData><SampleLocation>4</SampleLocation><SampleID>AB</SampleID><SampleGroup></SampleGroup><SampleInfo>in Running Buffer</SampleInfo><SampleRow>D</SampleRow><SamplePlate>1</SamplePlate><WellType>KLOAD</WellType><Concentration>2.5</Concentration><ConcentrationUnits>µg/ml</ConcentrationUnits><MolarConcentration>2500</MolarConcentration><MolarConcUnits>nM</MolarConcUnits><MolecularWeight>-1</MolecularWeight><Temperature>30</Temperature><StartTime>489660</StartTime><AssayTime>20</AssayTime></CommonData><FlowRate>1000</FlowRate><StepType>LOADING</StepType><StepName>Loading</StepName><StepStatus>OK</StepStatus><ActualTime>20</ActualTime><CycleTime>0.2</CycleTime><AssayXData Points="100">vv/RQ1gZ0kPQMtJDi0zSQwRm0kO+f9JDN5nSQ/Gy0kOLzNJDBObSQ77/0kNYGdND8TLTQ2pM
00MkZtNDnX/TQ1iZ00PQstNDi8zTQwTm00O+/9NDWBnUQ9Ay1ENqTNRDBGbUQ51/1EM3mdRD
8bLUQ4vM1EMk5tRDvv/UQ5kZ1UPxMtVDakzVQyRm1UOdf9VDN5nVQ/Gy1UNqzNVDJObVQ77/
1UM3GdZD0DLWQ4tM1kMkZtZDnX/WQzeZ1kPQstZDaszWQwTm1kOd/9ZDNxnXQ/Ey10NqTNdD
JGbXQ51/10M3mddD0LLXQ2rM10Mk5tdDnf/XQzcZ2EPQMthDi0zYQwRm2EOdf9hDN5nYQ9Cy
2ENqzNhDBObYQ53/2EM3GdlDEjPZQ4tM2UMEZtlDnX/ZQzeZ2UPxstlDi8zZQwTm2UO+/9lD
NxnaQ/Ey2kOLTNpDBGbaQ75/2kNYmdpD8bLaQ4vM2kMk5tpDvv/aQ1gZ20PxMttDi0zbQyRm
20O+f9tDWJnbQ/Gy20OLzNtDJObbQw==</AssayXData><AssayYData Points="100">fVQwPmbrNT5Cy0M+T0FMPtZjVD78d1k+bzdhPhP3aT5leWw+iU5wPkdieD7QlYA+bAaDPjTq
hT7BRos+qzqOPji+jz475pA+waKUPjCimD57U5s+zvyhPrpRpD7mvKQ+yLOoPlo6rD7OLq0+
CO+wPiXNsz6JobU+w+26PgOxvT6quL8+ZdXCPiiLxD7Ydck+jR7MPlmQ0T5B5NE+7hvUPh2k
2D60HNw+bPjePgpK4D4XHeQ+v0/mPuKJ6D5qNOs+A1vvPrgF9T7dJ/Y+8IH6PvSg/D4JiP4+
n6oAP1PwAT+WDgQ/CgIHP6xjBz9t+wg/UpkJP47rCj9Gpgw/IPwNP2hUED8t2BE/2TcTPwp8
FD8WYBY/ZR8YPylmGT9rvho/c1kbPx1MHj/O9h4/MuIgP4/JIj+ovSM/mHMkP8R0Jj+kLyg/
kWopPzrEKT/m/Ss/gdItP0UQLz+ZUjE/yRQyPyrtMj9jqjQ/7LQ2P3DtNz9F7zk/7Ho6P+I6
Oz9j0T4/kJI/P9G7Pz8ok0E/OY1CPw==</AssayYData></Step><Step><CommonData><SampleLocation>5</SampleLocation><SampleID>AA</SampleID><SampleGroup></SampleGroup><SampleInfo></SampleInfo><SampleRow>D</SampleRow><SamplePlate>1</SamplePlate><WellType>BUFFER</WellType><Concentration>1.25</Concentration><ConcentrationUnits>µg/ml</ConcentrationUnits><MolarConcentration>1250</MolarConcentration><MolarConcUnits>nM</MolarConcUnits><MolecularWeight>-1</MolecularWeight><Temperature>30</Temperature><StartTime>516958</StartTime><AssayTime>60</AssayTime></CommonData><FlowRate>1000</FlowRate><StepType>BASELINE</StepType><StepName>Baseline 60</StepName><StepStatus>OK</StepStatus><ActualTime>60</ActualTime><CycleTime>0.2</CycleTime><AssayXData Points="300">vv/bQ1gZ3EPQMtxDi0zcQyRm3EO+f9xDN5ncQ/Gy3EOLzNxDBObcQ77/3ENYGd1D8TLdQ4tM
3UMkZt1DnX/dQ1iZ3UPQst1DaszdQwTm3UO+/91DWBneQ9Ay3kNqTN5DJGbeQ75/3kNYmd5D
0LLeQ4vM3kMk5t5Dvv/eQ1gZ30PxMt9DakzfQyRm30O+f99DeJnfQ9Cy30OLzN9DBObfQ53/
30O6GeBD8TLgQ2pM4EMEZuBDnX/gQzeZ4EPxsuBDi8zgQwTm4EOqAeFDWBnhQ/Ey4UOLTOFD
JGbhQ51/4UNYmeFD8bLhQ4vM4UMk5uFDvv/hQ1gZ4kPQMuJDDk3iQwRm4kOdf+JDN5niQ9Cy
4kNqzOJDJObiQ77/4kNYGeND8TLjQ4tM40MEZuND33/jQ1iZ40PQsuNDaszjQyTm40Od/+ND
NxnkQ9Ay5EOLTORDRWbkQ75/5EM3meRD0LLkQ2rM5EME5uRDvv/kQzcZ5UPQMuVDzEzlQwRm
5UOdf+VDN5nlQ9Cy5UOLzOVDBOblQ53/5UM3GeZD0DLmQ2pM5kMEZuZDnX/mQzeZ5kPQsuZD
aszmQyTm5kNBAOdDWBnnQ9Ay50NqTOdDJGbnQ51/50NYmedD8bLnQ2rM50Mk5udDvv/nQ1gZ
6EPxMuhDakzoQyRm6EO+f+hDWJnoQ/Gy6EOLzOhDJOboQ77/6ENYGelD8TLpQ4tM6UMkZulD
vn/pQ1iZ6UPxsulDi8zpQyTm6UO+/+lDmRnqQ9Ay6kOLTOpDJGbqQ75/6kNYmepD8bLqQ2rM
6kMk5upDvv/qQ1gZ60PxMutDi0zrQyRm60O+f+tDWJnrQ9Cy60OLzOtDBObrQ77/60NYGexD
8TLsQ2pM7EMkZuxDnX/sQzeZ7EPxsuxDaszsQyTm7EMmAe1DWBntQ/Ey7UOLTO1DJGbtQ51/
7UNYme1D0LLtQ4vM7UMk5u1Dvv/tQ1gZ7kPQMu5DakzuQwRm7kO+f+5DN5nuQ9Cy7kNqzO5D
BObuQ53/7kM3Ge9D8TLvQ4tM70MkZu9Dvn/vQzeZ70Pxsu9DaszvQwTm70Od/+9DNxnwQ/Ey
8ENqTPBDBGbwQ51/8EM3mfBD8bLwQ4vM8EME5vBDvv/wQzcZ8UPQMvFDi0zxQyRm8UO+f/FD
WJnxQ/Gy8UNqzPFDJObxQ53/8UM3GfJD0DLyQ4tM8kMEZvJDnX/yQzeZ8kObtPJDaszyQwTm
8kO+//JDmRnzQ/Ey80NqTPNDJGbzQ51/80M3mfND0LLzQ2rM80ME5vNDvv/zQ1gZ9EPQMvRD
akz0QwRm9ENogfRDN5n0Q9Cy9ENqzPRDBOb0Q77/9ENYGfVD8TL1Q2pM9UMEZvVDvn/1QzeZ
9UPQsvVDi8z1QwTm9UO+//VDmRn2Q9Ay9kOLTPZDRWb2Q75/9kNYmfZD8bL2Q4vM9kMk5vZD
/gT3Q1gZ90PxMvdDi0z3QyRm90O+f/dDWJn3Q/Gy90OLzPdDJOb3Q77/90NYGfhD8TL4Q4tM
+EMkZvhDvn/4Q1iZ+EPQsvhDi8z4QwTm+EO+//hDWBn5Q/Ey+UOLTPlDJGb5Q75/+UNYmflD
17P5Q2rM+UMk5vlD</AssayXData><AssayYData Points="300">LmKTP+4AlD8Vw5Q/J3+UPzrDkz8ySpM/iRyTP8Gbkj9wx5E/V2qRP/x7kT/y3pA/WRKQPyjP
jz+9w48/YvWOP6bZjj/Dko4/8BqOP87ejT+i2I0/dUuNPxXvjD/fiIw/3nCMP8j0iz/kbIs/
JBSLP2cJiz+snoo/l5WKP7hziT8Ltok/ITSJP/SdiD/+hYg/uVqIP9eJhz8dGIc/hDSHP4a+
hj/qh4Y/bLaFP0zKhT8wOIU/1h+FPz9BhT/cWoQ/B/ODP/RWgz8USIM/3W2DP1jJgj9CSII/
wZKCP+qUgT/orIE/k2+BPw2ogD9Yy4A/jlmAP7AZgD8qPH8/48N+P2T8fD9VBX0/gD58P9PK
fD/ezXo/9WF6P1V1eT9H3Xo/5ZJ5P/0ceT8xe3c/EBh3P5Bcdj8zynY/ja51P47edD/hR3Q/
QCJzP3Jlcz+eTnI/M3RyP7c0cT/7vnE/vz9wP8SWbz92Mm8/ufVtP+wubT/+xG0/CUxtP+Fo
bD9G8Ww/UOZqP9i4az9C22o/nHlqPz4Uaj9v7Wg/8a1nP+XraD9dhWc/Kk9nP7bcZT+8lWU/
KOVkPzmaZD+yy2Q/FylkP3wfZD8a1WM/zbxhP64ZZD8kGGI/Ry5hPzpuYT+le2A//wRgP6YH
Xz9bql0/ER1eP5ZXXT+dVl4/9jVdP+CHXD+RF10/xqVbP9e5Wz+Etlo/tZpaP7SLWT/VpFk/
MiJZP+J+WD/oVlk/GtVYP+vmVj/PiVg/RGBXP+IwVz96h1Y/nEBVP6F/VT8Db1Q/MX5UP61u
VD/YzFM/yfZTP/PrUj+4aVI/TVtTP9AxUj8XHlI/DRVQP/F2UT9qslA/d1hQP0NrUD+yYk8/
RcVOPzc3Tz/AiU4/PatMP4jVTj/9fE4/wMJNP6lcTD/YHU0/qPJLP4f+Sj/Riko/dvxLPw15
Sz9bpUo/zElLP2HRST9FlEk/AqJJPz8AST+e6Uc/ylhIP3QjSD/6EEg/kiNIP26kRz+KhUY/
nDpGP79oRj/kvUQ/nQJFPwvTRT/9MEQ/KWRFP00oRD9MgkM/8lZDPw3cQj+0DEQ/I5JDP+wZ
Qz8joUE/i6JBPzC1QT+EukA/37tAPzDpQD/6e0E/t3c/Pw2VPz/14T8/6LE/P3XuPz9l5j4/
N4g+PwvuPT+0Lj4/li4+P+RuPj8eHD4/zEQ+P052Pj8koD0/xu08P+zvPD+dfTw/g3k8P8eH
Oz9kJjw/eak6PyspOz+BiDo/Vno6PyVGOz/yLzo/IcY5P3K+OD8siTk/bAI5P6VxOD8HOzk/
Lfg3P8mhOD9RpDk/h5Q3P2a1Nz8F+TY/hiU4P6zJNz8oGTY/qSw3PxNaNj/4Rzc/Aho3P7Jm
Nj/14zY/Gzc2P50FND9s8TM/nQ01P0DVNT8CKTU/L6I0P+pKND+qtzM/HQI0PwZ7Mj9umDM/
ckgzP5S5Mz8X0DI/TxkyPzKTMj8JGjM/SqAxPzcUMj9f1zI/RE0xPytDMT9OkTE//OkwP1G0
MD/aUzE/EpAwP4EPMD+FKTA/k1MwPxjvLz/dTS8/nk4vP6n0Lj9Fwy8/d8MvP740Lz84vC8/
rx0uP15aLj9bIC8/</AssayYData></Step><Step><CommonData><SampleLocation>6</SampleLocation><SampleID>Running Buffer</SampleID><SampleGroup></SampleGroup><SampleInfo>in Running Buffer</SampleInfo><SampleRow>D</SampleRow><SamplePlate>1</SamplePlate><WellType>BUFFER</WellType><Concentration>-1</Concentration><ConcentrationUnits>µg/ml</ConcentrationUnits><MolarConcentration>-1</MolarConcentration><MolarConcUnits>nM</MolarConcUnits><MolecularWeight>-1</MolecularWeight><Temperature>30</Temperature><StartTime>584771</StartTime><AssayTime>20</AssayTime></CommonData><FlowRate>1000</FlowRate><StepType>BASELINE</StepType><StepName>Baseline 20</StepName><StepStatus>OK</StepStatus><ActualTime>19.999</ActualTime><CycleTime>0.2</CycleTime><AssayXData Points="100">vv/5QzcZ+kPQMvpDi0z6QyRm+kOdf/pDN5n6Q9Cy+kNqzPpDJOb6Q53/+kM3GftD0DL7Q2pM
+0PpZvtDnX/7QzeZ+0PQsvtDasz7Q6fm+0Od//tDNxn8Q9Ay/EOLTPxDJGb8Q51//EM3mfxD
0LL8Q4vM/EME5vxDnf/8Q4sc/UPQMv1Di0z9Q0Vm/UOdf/1DHJr9Q/Gy/UNqzP1DBOb9Q53/
/UN4Gf5D8TL+Q4tM/kMkZv5Dvn/+Q1iZ/kPxsv5Di8z+QyTm/kO+//5DWBn/Q/Ey/0MvTf9D
JGb/Q75//0NYmf9D8bL/Q4vM/0Mk5v9Dnf//Q6wMAESJGQBERSYARBIzAETPPwBErEwARHlZ
AERFZgBEEnMARN9/AESsjABEeZkAREWmAEQSswBEUsAARKzMAER52QBEReYARBLzAETf/wBE
rAwBRHkZAUQ1JgFEEjMBRN8/AUSbTAFEeVkBREVmAUQScwFE338BRKyMAUR5mQFERaYBRAKz
AUTfvwFErMwBRGjZAURF5gFEAvMBRA==</AssayXData><AssayYData Points="100">JlYAP0Es1D7nj7g+m7SnPoBTnj5jlJY+INyTPpitkT4SYZI+bliSPuwbkj7ZNJA+INCSPtWI
kz6gFpI+uRGTPtwxkz5o3pI+826RPrUalT4Iw5Q+CxuVPu9olD6xWJQ+Ma6SPhxtlT7d6Jc+
sFiVPqBflz6PoZU+yE6ZPtoplD6dFZc+vEaWPhcmlT6jAJU+ulqYPo7ulT6qBJc+m72VPk+b
lj6JW5c+iDaXPi3klj5TrpU+O1qbPg2vlT6zeZc+X/yVPj6QmD4Nv5Q+/feYPmRjlz6CXpU+
oQKZPgOslj6TzZc+UC+YPsVhmD69UpY+OCaYPiNQlz7WvJY+8QiZPtjsmD7T4Jk+jXqYPruw
mT5WsZg+nkmYPhY4lz4OPpc+1gaYPhHdlj4Th5c+8KqYPp0OmD6cdJk+6u2YPuAvlz5eNpc+
IQWXPhK4mj7G3pc+dwGZPsEblz61SZk+9MiaPvy5lj5hKJk+wt6XPvaVmz7jCJk+d+mYPo2R
mD5L9Zg+V6SaPibImD7H6Zg+anKYPg==</AssayYData></Step><Step><CommonData><SampleLocation>7</SampleLocation><SampleID>aKappa 50ug/ml</SampleID><SampleGroup></SampleGroup><SampleInfo></SampleInfo><SampleRow>D</SampleRow><SamplePlate>1</SamplePlate><WellType>KSAMPLE</WellType><Concentration>-1</Concentration><ConcentrationUnits>µg/ml</ConcentrationUnits><MolarConcentration>-1</MolarConcentration><MolarConcUnits>nM</MolarConcUnits><MolecularWeight>-1</MolecularWeight><Temperature>30</Temperature><StartTime>613075</StartTime><AssayTime>120</AssayTime></CommonData><FlowRate>1000</FlowRate><StepType>ASSOC</StepType><StepName>Association</StepName><StepStatus>OK</StepStatus><ActualTime>119.999</ActualTime><CycleTime>0.2</CycleTime><AssayXData Points="600">z/8BRJwMAkRpGQJENSYCRAIzAkS/PwJEnEwCRGlZAkQ1ZgJEE3MCRM9/AkScjAJEaZkCRDWm
AkQCswJEz78CRJzMAkRp2QJENeYCRALzAkTP/wJEnAwDRGkZA0Q1JgNEAjMDRL8/A0ScTANE
u1kDRDVmA0TycgNEz38DRIuMA0RYmQNENaYDRAKzA0S/vwNEnMwDRFjZA0Q15gNEAvMDRM//
A0ScDAREWBkERDUmBEQCMwREzz8ERJxMBERYWQRERmYERERzBETPfwREnIwERGmZBEQlpgRE
ArMERM+/BESczAREmtkERDXmBETy8gREv/8ERIsMBURpGQVENSYFRPIyBUTPPwVEi0wFRFhZ
BUQ1ZgVEAnMFRM9/BUSLjAVEaZkFRCWmBUTysgVEv78FRJzMBURp2QVENeYFRPLyBUS//wVE
iwwGRGkZBkR3JgZE8jIGRL8/BkScTAZEWFkGRCVmBkTycgZEv38GRIuMBkRYmQZEJaYGRAKz
BkTPvwZEi8wGRFjZBkQl5gZE8vIGRM//BkSLDAdEWBkHRCUmB0TyMgdEN0EHRJxMB0RYWQdE
NWYHRBNzB0S/fwdEnIwHRFiZB0QlpgdE8rIHRL+/B0SLzAdEWNkHRCXmB0QC8wdEv/8HRIsM
CES7GQhENSYIRPIyCETPPwhEi0wIRFhZCEQ1ZghEAnMIRL9/CESLjAhEaZkIRCWmCEQCswhE
z78IRIvMCERp2QhENeYIRALzCETP/whEnAwJRGkZCUQ1JglEZDMJRM8/CUScTAlEaVkJRGdm
CUQCcwlEz38JRJyMCURpmQlENaYJRAKzCUTPvwlEnMwJRInZCUQ15glEAvMJRM//CUTdDApE
aRkKRDUmCkQCMwpEzz8KRM1MCkRYWQpENWYKRAJzCkTPfwpEnIwKRGmZCkQ1pgpEArMKRL+/
CkSczApEadkKRDXmCkQC8wpEz/8KRJwMC0RYGQtEdyYLRPIyC0TPPwtEnEwLRFhZC0Q1ZgtE
8nILRM9/C0ScjAtEWJkLRDWmC0QCswtEv78LRJzMC0Rp2QtENeYLRPLyC0S//wtEnAwMRFgZ
DEQlJgxEAjMMRM8/DEScTAxEWFkMRDVmDETycgxEv38MRIuMDERYmQxENaYMRPKyDES/vwxE
i8wMRHnZDEQl5gxE8vIMRL//DEScDA1EqhkNRCUmDUQjMw1Ezz8NRJxMDURYWQ1EJWYNRPJy
DUS/fw1Ei4wNRFiZDUQlpg1E8rINRM+/DUSczA1EadkNRCXmDUTy8g1Ev/8NRIsMDkRYGQ5E
JSYORAIzDkTPPw5Ei0wORFhZDkQlZg5E8nIORL9/DkScjA5EupkORCWmDkTysg5Ez78ORKzM
DkRY2Q5EJeYORPLyDkS//w5EiwwPRHkZD0QlJg9EAjMPRL8/D0SLTA9EeVkPRDVmD0Tycg9E
v38PRIuMD0RYmQ9EJaYPRPKyD0TPvw9EnMwPRGnZD0Q15g9EAvMPRM//D0ScDBBEaRkQRDUm
EEQCMxBEzz8QRJxMEESaWRBENWYQRAJzEETPfxBEnIwQRGmZEEQ1phBEArMQRN+/EESczBBE
adkQRCXmEEQC8xBEIQARRJwMEURpGRFENSYRRAIzEUTPPxFEi0wRRGlZEUQ1ZhFEAnMRRM9/
EUScjBFEWJkRRDWmEUQCsxFEz78RRIvMEUS62RFENeYRRALzEUS//xFEnAwSRGkZEkQ1JhJE
8jISRM8/EkScTBJEaVkSRDVmEkQCcxJEv38SRJyMEkRpmRJENaYSRPKyEkSDwBJEi8wSRFjZ
EkQ15hJEAvMSRL//EkSLDBNEWBkTRCUmE0QCMxNEzz8TRItME0RpWRNENWYTRPJyE0TPfxNE
i4wTRGmZE0QlphNEArMTRM+/E0T+zBNEWNkTRCXmE0QC8xNEz/8TRM0MFERYGRREJSYURPIy
FES/PxREi0wURFhZFEQ1ZhREAnMURM9/FEScjBREWJkURDWmFETyshREv78URIvMFERp2RRE
VuYURPLyFETP/xREiwwVRFgZFUQlJhVE8jIVRL8/FUSLTBVE7FkVRCVmFUTychVEv38VRIuM
FURYmRVEJaYVRAKzFUS/vxVEi8wVRFjZFUQl5hVE8vIVRPD/FUSLDBZEWBkWRCUmFkQCMxZE
zz8WRItMFkRpWRZEJWYWRAJzFkS/fxZEi4wWRFiZFkQlphZE8rIWRM+/FkSLzBZEadkWRDXm
FkQC8xZEz/8WRJwMF0RpGRdENSYXRAIzF0TPPxdErEwXRGlZF0Q1ZhdE8nIXRM9/F0ScjBdE
aZkXRDWmF0QCsxdEz78XRJzMF0Rp2RdENeYXRETzF0TP/xdEnAwYRGkZGEQ1JhhEAjMYRM8/
GEScTBhEaVkYRDVmGEQCcxhEz38YRJyMGERYmRhENaYYRAKzGES/vxhEvcwYRFjZGEQ15hhE
AvMYRL//GESLDBlEaRkZRDUmGUQCMxlEvz8ZRJxMGURpWRlEJWYZRPJyGUS/fxlEnIwZRGmZ
GUQ1phlE8rIZRL+/GUSczBlEadkZRCXmGUQC8xlEz/8ZRIsMGkRYGRpEJSYaRAIzGkS/PxpE
rEwaRGlZGkQ1ZhpE8nIaRL9/GkScjBpEaZkaRDWmGkTyshpEz78aRJzMGkRp2RpENeYaRPLy
GkTP/xpEiwwbRFgZG0QlJhtEAjMbRM8/G0ScTBtEWFkbRDVmG0TychtEv38bRJyMG0RYmRtE
NaYbRPKyG0TPvxtEi8wbRJrZG0Ql5htEAvMbRL//G0SLDBxEWBkcRCUmHETyMhxEvz8cRItM
HERYWRxEJWYcRAJzHES/fxxEi4wcRFiZHEQlphxEE7McRL+/HESLzBxEWNkcRLjmHEQC8xxE
z/8cRIsMHURpGR1EJSYdRAIzHUS/Px1EnEwdRFhZHUQlZh1EAnMdRL9/HUSLjB1EWJkdRDWm
HUQCsx1Ev78dRIvMHURp2R1ENeYdRALzHUTP/x1EnAweRGQbHkQ1Jh5EAjMeRM8/HkScTB5E
aVkeRDVmHkQCcx5Ez38eRJyMHkRpmR5EVqYeRAKzHkS/vx5EnMweRFjZHkQ15h5EAvMeRL//
HkScDB9EaRkfRDUmH0QCMx9Ezz8fRItMH0RpWR9ENWYfRAJzH0RCgB9Ei4wfRGmZH0Q1ph9E
ArMfRN+/H0SczB9EWNkfRCXmH0Ty8h9E</AssayXData><AssayYData Points="600">c4T8Pl89Cj+oag8/+FoRPwOLFD8s3hQ/6kwWP8UCFj+T5RY/EDcXP3W9Fz94lxg/qrcXP8Zv
GD9nWxk/dewZPyUpGj8RQxo/bpMaPxyjGT9gzRs/wpkbP+w9HD/fRhw/t2YbP2rWGz9KKR0/
eOsdP8d3Hj+uxh4/hRofPzkXHj8p8B8/VxQgP31CHz+mWx8/LcUgP737ID/uOSE/EoogP27L
IT+fNyI/jCIiPy+JIz8mAyM/pW4jP7k9JD/1gCQ/sC4kP4uPIz9ccCQ/CAQmPwB7JT/N5yQ/
1k0lP2WqJj8JcyU/Yd4mP6wqJz+PayY/ZMomP4WvJz+XzCc/1DYnP6yWKD/Veic/y1ApP/7S
KD/BDSk/5F4oPxndKD89Zio/MDQrP87MKj8Wtio/NxUrP1J8Kz+2Pys/UxYrPyhHKz8zkyw/
laUsP467LD97oys/pActP5FVLT9hxiw/o/AtP003LT+UQi4/bJ8tP9tXLT/W1i0/U5wuPxOA
Lj/tuS4/XkMvP5lFLj+BUi8/bPEuPyZgLz+Wpi8/Hy4vP02HMD/3RS8/bOkwP9VzMD+KKzA/
XckxPyMGMT/68zA/mzsxPw1iMT9KwjE/nTMwP7a7MT8XPDI/9egxP8ckMz/otDI/R5YyPxnG
Mj8xyTI/R7UyP+jtMz+oCjQ/CGIzP/BHMz8hujM/YcsyP3FDND8njzQ/zWw1P7KKMz+EvjQ/
UEE0P2izND8uhTQ/1XQ1P8OCNT9V2zU/sLY0P03lNT8exDU/PMg1Pz4aNT+s2TU/k102Py5z
Nj+MZjc/H9k2P999NT838TY/j8E2PyNyNT/gIDc/Am43P+PNNj/hLjg/V003P4/3Nz8t4zc/
Dwk4Px+TOD+Uajg/S9c4P92KOD/DUDg/iek4Pz77Nz88lDk/JEY5P2D6OD+sJzo/nWc5P/tm
Oj+Zajo/DtE5P//9OT948Dk/8YI5P9cROj9NCzo/iqQ5Pya1OT+IUTo/0dM6P7pDOz+ztzs/
sSQ6PyVGOz+SkTo/iEc7P1ChOj+0jzs/koM7P6mlOz+XNjw/epE7P91LOz95/zo/vHk7Pzv2
Oz+faTs/Dto7P2P8Oz9+yzw/9j08P9BlPT/nbTw/lR48P4LlPT9Xnjw/prc8P1H9PD8sNT0/
AjM9P6bRPT/qqT0/FYg9PyB1PT9QJj4/QC0/P5T/PT9eJD4/Yp0+PyKMPT/KHj4/ALY9Pz8f
Pj/+fj0/2YI+P7okPz9o4z4/7vE+P8CfPj8Y4j4/al4/P+70Pj9qNT8/VZE/P+o5Pz9HZj8/
CktAPzMBPz/jgD8/WVY/PwJ/Pz9IIT8/pCtAP3y5Pj/i6D8/iTFAP4FXQD+2mUA/k8NAP9SP
QD97Q0A/Jm9BP7h7QD/fqEA/uUBAP5o+QD/jZEA/AnJAP+kqQT/fOEE/oARBP8QRQj81oUA/
s8ZAP3VfQT85bEI/extCPxmpQT/B70E/2rhCP+8SQj+zNkI/aU1CP480Qj9ds0I/OFtBP7d5
Qj83P0I/BpVDP3NeQz8a2UI/vp1CP9iEQj+FikI/Vr9CPxnYQz94gkM/r11DP/yVQj9Is0M/
lS5DP2OcQj/edEQ/wX9DP/ubQz8LQEM/AOBCP03UQz8gK0M/jTNEP+b+Qj+Um0Q/F4REP5e2
RD/amUQ/ejVEP6BTRT91hEQ/VEpEP9d+Qz+mcEQ/6wtEPyrURD9LKUQ/BudEP5x5RT/wc0U/
wiVFPyu1RD/0LUU/0gVGP/5rRT9bekU/gARGP80DRj/+/UU/I8xFPzxZRT/SVEU/gkRGP9EV
Rj+tfEU/LyNGPz4ORj8aL0c/j0NFP2SqRT/UwEU/UEtHP8+gRj9Rx0Y/p3ZGP/P8RT/uu0Y/
5VZHP+tgRj/kgkc/+lxGP/8eRj9szUY/2UJHP7AXRz/DW0Y/40xHP71hRz9LVEc/ITpIP+5t
Rz/fTUc/kbZHP7nMRz88+kY/cIhHP+Z5Rz9lVUc/iBtHPwjfSD964kg/4ptHP2m8SD92I0g/
5ixJP/GBSD/e/Eg/zH1IP9sCST+15Ec/uEBIP+dmSD9Cskg/BXhJPyXKSD/DpUk/EUNIP8tB
ST8dTEg/UbpIP/eeST+X60g/LiVJP0oPSj+6rEg/tAFJPzKHST8inkk/kj9JP6PtST8OKko/
P4dKP9oeSj9noUk/JgJJPxmvSj/ca0k/XqxKP3arST8j20k/Y2ZIP4HGSj/6wEk/qENIPzuI
Sj+RdEo/bpJKP3gCSz9cuko/aHVJP7yNSj8ndUo/2eRKPx03Sj/+l0o/DBlLP/O5ST/hoko/
ONBJP1WfSz9ZOkk/XURLP8CHSj/l0Uo/oodLP+SUSj9zWks/73ZLP/uJSz9cYUs/RwZLP8lb
Sz8dv0o/irtLP6MySz8fhUs/1H1LPzp1Sz/bVEs/HK9KP4FiTD87fEs/3oRLPxL8Sz9JgEw/
ydVMP+ORTD+deks/xnZMPx6HTD/VGEw/06lLPxa0Sz8G7Es/7edLP260Sz9dDks/fbtLP2VY
TD8sQkw/jflMPyW7Sj9raUw/MAhMP2WITD8+A0w/rgFNP21XTD+uEkw/D+FMP1B4TD8OA00/
UlRMP9GoTD8glk0/1uxMP/VcTT95Lk0/Us5MP4uJTT9vHU4/3exNP/gjTT8XDE4/AQFOP8jE
TT8ytk0/fShMPz51TT8FY04/dTdNP4jBTj/gOU0/Qs1NPwwbTj+6J04/Pj5NP+VNTj/LA04/
4YZNP35/TT/DEk4/etNOP2l5Tj923E0/oP9NP0+pTT/zdE4/YypOP+qOTj8wYk8/3AFOP4Uu
Tz88o00/ISVPP3ARTz+8g04/cndPPy32TT/Gh08/h71OPwbHTz9aLE4/dWFOP3IFTz8urk8/
r6hPP71aTz/bsk4/BrxOP0/7Tj/9s08/PAhPP9PwTz8gRlA/wV5PP/qhTz9E6k4/laBRPxmM
Tz9v008/UtlPPzT9Tj/K9E8/gThPP2kVUD8QJlE/eUVQPzgWTz9yt04//XVPP1J4Tz+Q808/
EjRQP2eoUD+vMVE/H59PP3weUT+TeVE/KmRQP5RcUD/bGVA/bmVRP8XUTz+PZlA/StRQP6V0
UD8sHVA/A15QP07+Tz+8u1A/7llQP2vxUD/wok8/CMRQP+raTz8c/FA/jwFQPwqnUD+aQVE/
961QP7U0UT/TvVE/M+JQPxsUUD8mCVE/</AssayYData></Step></KineticsData></ExperimentResults>
