<?xml version="1.0" encoding="UTF-8" standalone="yes"?>
<ExperimentResults><ExperimentInfo Name="20250917 PE P5216 - 5377 plate 1 kappa 50 ugl"><ExpDescription>AHC example method - full characterization&#13;
Analyte titration series with reference channel</ExpDescription><RTDVersion>2.0</RTDVersion><RunID>3B9E1F69-E451-4552-8C9D-CFED4D62EEC8</RunID><ExperimentType>KINETICS</ExperimentType><ExperimentSubType>KBASIC</ExperimentSubType><StartDateTime>2025-09-17T14:59:30</StartDateTime><MachineName>BN7KX12</MachineName><UserName>octet</UserName><LotNumber></LotNumber><PlateName>250917</PlateName><PlateName2></PlateName2><SensorName>E3</SensorName><SensorPlate>1</SensorPlate><SensorType>AHC (Anti-hIgG Fc Capture)</SensorType><SensorRole>LIGAND</SensorRole><SensorInfo></SensorInfo><WritingSW>DataAcquisition.exe 11.0.2.1</WritingSW><InstrumentType>OctetRED96</InstrumentType><InstrumentSerial>FB-50284</InstrumentSerial><InstrumentFW></InstrumentFW><IntegrationTime>3.2</IntegrationTime><DSPType>CPF</DSPType><DSPStitching>1</DSPStitching><HasManifest>1</HasManifest><InfoHash>-1083794191</InfoHash></ExperimentInfo><AssayParamsInfo/><KineticsData><Step><CommonData><SampleLocation>1</SampleLocation><SampleID>Running Buffer</SampleID><SampleGroup></SampleGroup><SampleInfo></SampleInfo><SampleRow>E</SampleRow><SamplePlate>1</SamplePlate><WellType>BUFFER</WellType><Concentration>-1</Concentration><ConcentrationUnits>µg/ml</ConcentrationUnits><MolarConcentration>-1</MolarConcentration><MolarConcUnits>nM</MolarConcUnits><MolecularWeight>-1</MolecularWeight><Temperature>30</Temperature><StartTime>0</StartTime><AssayTime>180</AssayTime></CommonData><FlowRate>1000</FlowRate><StepType>BASELINE</StepType><StepName>Baseline 1</StepName><StepStatus>OK</StepStatus><ActualTime>179.999</ActualTime><CycleTime>0.2</CycleTime><AssayXData Points="900">AAAAAM3MTD7NzMw+mpkZP83MTD8AAIA/1XiZP28Ssz/NzMw/ZmbmPzvf/z/NzAxAmpkZQGZm
JkDRIjNAAABAQGq8TECamVlABFZmQDMzc0Ce739AZmaGQM3MjEACK5NAaJGZQAAAoEBmZqZA
nMSsQAIrs0BokblAAADAQDVexkCcxMxAAivTQGiR2UDP999ANV7mQJzE7EACK/NAmpn5QD81
AEEbLwNBTmIGQYGVCUG0yAxB5/sPQRsvE0FOYhZBgZUZQbTIHEHn+x9BMzMjQU5iJkGBlSlB
tMgsQef7L0FMNzNBTmI2QYGVOUHNzDxB5/s/QTMzQ0FmZkZBgZVJQc3MTEHn+09BMzNTQU5i
VkGBlVlBtMhcQef7X0EbL2NBZmZmQZqZaUHNzGxBAABwQTMzc0FmZnZBmpl5Qc3MfEEAAIBB
mpmBQTMzg0HNzIRBZmaGQQAAiEGamYlBMzOLQc3MjEFmZo5BAACQQZqZkUEzM5NBzcyUQWZm
lkEAAJhBmpmZQTMzm0HNzJxBZmaeQQAAoEGamaFBJzGjQc3MpEFmZqZBAACoQZqZqUFYOatB
wcqsQWZmrkEAALBBmpmxQTMzs0HByrRBZma2QQAAuEGamblBJzG7Qc3MvEFmZr5BAADAQZqZ
wUEzM8NBwcrEQVpkxkEAAMhBjZfJQTMzy0HBysxBWmTOQfT9z0GamdFBJzHTQc3M1EFmZtZB
AADYQZqZ2UEnMdtBzczcQVpk3kH0/d9BjZfhQTMz40HNzORBZmbmQQAA6EGamelBMzPrQcHK
7EFaZO5B9P3vQY2X8UEnMfNBzcz0QWZm9kEAAPhBjZf5QTMz+0HByvxBWmT+QfT9/0HHywBC
k5gBQmBlAkIzMwNCAAAEQs3MBEKamQVCZmYGQjMzB0L6/gdCx8sIQpOYCUJgZQpCLTILQvr+
C0LHywxCk5gNQmBlDkIzMw9CAAAQQs3MEEKamRFCYGUSQi0yE0L6/hNCx8sUQpOYFUJgZRZC
MzMXQvr+F0LHyxhCk5gZQmBlGkIzMxtC+v4bQsfLHEKTmB1CZmYeQi0yH0L6/h9Cx8sgQpqZ
IUJmZiJCOTQjQvr+I0LHyyRCk5glQmBlJkI5NCdCAAAoQsfLKEKamSlCZmYqQi0yK0IAACxC
zcwsQpqZLUJmZi5CMzMvQgAAMELNzDBCmpkxQmZmMkKiRTNCAAA0Qs3MNEKamTVCYGU2QjMz
N0IAADhCzcw4QpqZOUJmZjpCMzM7QgAAPELNzDxCk5g9QmZmPkIzMz9CAABAQs3MQEKamUFC
ZmZCQi0yQ0IAAERCzcxEQpOYRUJmZkZCMzNHQvr+R0LNzEhCmplJQmZmSkIzM0tC+v5LQs3M
TEKamU1CZmZOQjMzT0IAAFBCzcxQQpOYUUJmZlJCLTJTQvr+U0LNzFRCmplVQmZmVkIzM1dC
+v5XQsfLWEKamVlCZmZaQjMzW0IAAFxCzcxcQpqZXUJgZV5CMzNfQgAAYELHy2BCk5hhQmBl
YkIzM2NCAABkQsfLZEKTmGVCZmZmQqJFZ0IAAGhCx8toQpOYaUJgZWpCMzNrQvr+a0LNzGxC
mpltQmZmbkItMm9C+v5vQs3McEK4nnFCZmZyQi0yc0IZBHRCx8t0QpOYdUJgZXZCLTJ3QgAA
eELNzHhCk5h5QmBlekItMntC+v57QsfLfEKTmH1CZmZ+Qi0yf0L6/n9C42WAQkrMgEKwMoFC
F5mBQgAAgkLjZYJCSsyCQrAyg0IXmYNCff+DQuNlhEJKzIRCMzOFQheZhUJ9/4VC42WGQs3M
hkKwModCF5mHQn3/h0JmZohC5dCIQrYziUKamYlCff+JQuNlikJKzIpCMzOLQpqZi0IAAIxC
42WMQkrMjEKwMo1CHZqNQgAAjkJmZo5CSsyOQjMzj0KamY9CAACQQmZmkELNzJBCMzORQpqZ
kUIAAJJCZmaSQs3MkkIzM5NCmpmTQgAAlEJmZpRCSsyUQjMzlUKamZVCAACWQmZmlkLNzJZC
MzOXQpqZl0J9/5dCZmaYQkrMmEIzM5lCmpmZQgAAmkJmZppCzcyaQjMzm0KamZtCAACcQmZm
nELNzJxCMzOdQpqZnUIAAJ5C42WeQs3MnkIzM59CmpmfQn3/n0JmZqBCSsygQjMzoUIXmaFC
AACiQmZmokLNzKJCsDKjQpqZo0IAAKRCZmakQkrMpEIzM6VCmpmlQn3/pULjZaZCSsymQjMz
p0KamadCAACoQmZmqELNzKhCsDKpQheZqUJ9/6lCZmaqQs3MqkKwMqtCF5mrQgAArELjZaxC
SsysQjMzrUIXma1CAACuQuNlrkLNzK5CMzOvQheZr0IAALBC42WwQo3XsEKwMrFCF5mxQgAA
skJmZrJCSsyyQrAys0IXmbNCAAC0QmZmtEJKzLRCsDK1QheZtUJ9/7VCZma2QkrMtkKwMrdC
mpm3QgAAuEJmZrhCSsy4QrAyuUKamblCAAC6QuNlukJKzLpCsDK7QheZu0J9/7tC42W8QkrM
vEIzM71CF5m9Qn3/vULjZb5CSsy+QrAyv0IXmb9Cff+/QuNlwELTzcBCsDLBQheZwUJ9/8FC
ZmbCQkrMwkKwMsNCmpnDQgAAxELjZcRCSszEQrAyxUKamcVCAADGQuNlxkJKzMZCMzPHQpqZ
x0IAAMhCZmbIQs3MyEIzM8lCmpnJQgAAykJmZspCzczKQjMzy0KamctCAADMQmZmzELNzMxC
MzPNQpqZzUIAAM5CZmbOQkrMzkIzM89CmpnPQgAA0EJmZtBCzczQQrAy0UKamdFCAADSQmZm
0kLNzNJCMzPTQpqZ00J9/9NCZmbUQkrM1EIzM9VCmpnVQgAA1kJmZtZCzczWQjMz10IXmddC
AADYQuNl2EK43thCzzfZQpqZ2UIAANpCZmbaQkrM2kIzM9tCmpnbQn3/20LjZdxCzczcQjMz
3UKamd1CAADeQmZm3kJKzN5CMzPfQheZ30J9/99C42XgQs3M4EIzM+FCmpnhQn3/4UJmZuJC
zcziQrAy40IXmeNCAADkQmZm5EJKzORCMzPlQheZ5UJ9/+VC42XmQkrM5kKwMudCmpnnQgAA
6ELjZehCSszoQrAy6UKamelCAADqQmZm6kJKzOpCsDLrQheZ60IAAOxCZmbsQkrM7EKwMu1C
F5ntQn3/7ULjZe5CzczuQrAy70IXme9CAADwQmZm8EJKzPBCsDLxQheZ8UJ9//FCZmbyQkrM
8kIzM/NCF5nzQhID9ELjZfRCSsz0QrAy9UKamfVCff/1QuNl9kJKzPZCMzP3QheZ90J9//dC
42X4Qs3M+EKwMvlCF5n5Qn3/+ULjZfpCzcz6QjMz+0IXmftCff/7QuNl/EJKzPxCsDL9QpqZ
/UJ9//1CZmb+Qs3M/kKwMv9Cmpn/QgAAAEMzMwBDmG4AQ5qZAEPNzABDAAABQzMzAUNmZgFD
mpkBQ83MAUMAAAJDMzMCQ2ZmAkOamQJDzcwCQwAAA0MzMwNDZmYDQ1iZA0PNzANDAAAEQzMz
BENmZgRDWJkEQ83MBEMAAAVDMzMFQ2ZmBUOamQVDzcwFQwAABkMzMwZDZmYGQ5qZBkPNzAZD
AAAHQzMzB0NmZgdDWJkHQ83MB0O+/wdD8jIIQ2ZmCEOamQhDzcwIQwAACUMzMwlDZmYJQ+Ga
CUPNzAlDAAAKQ/IyCkNmZgpDmpkKQ83MCkMAAAtD8jILQ2ZmC0OamQtDzcwLQ77/C0PyMgxD
JWYMQ1iZDEPNzAxDvv8MQzMzDUMlZg1DmpkNQ4vMDUO+/w1D8jIOQyVmDkOamQ5Di8wOQ77/
DkMzMw9DZmYPQ1iZD0PNzA9Dvv8PQzMzEEMlZhBDWJkQQ4vMEEMAABFDMzMRQ/BnEUOamRFD
zcwRQwAAEkPyMhJDJWYSQ1iZEkOLzBJDvv8SQ/IyE0NmZhNDmpkTQ4vME0O+/xNDMzMUQyVm
FENYmRRDi8wUQ77/FEPyMhVDZmYVQ1iZFUOLzBVDAAAWQ/IyFkNmZhZDWJkWQ4vMFkMAABdD
8jIXQyVmF0NYmRdDi8wXQ77/F0PyMhhDZmYYQ1iZGEOLzBhDvv8YQ/IyGUNmZhlDWJkZQ83M
GUO+/xlDMzMaQ6hmGkOamRpDi8waQwAAG0PyMhtDJWYbQ1iZG0OLzBtDAAAcQzMzHENmZhxD
mpkcQ83MHEMAAB1DMzMdQ2ZmHUOamR1DzcwdQwAAHkMzMx5DZmYeQ5qZHkPNzB5DAAAfQzMz
H0NmZh9DmpkfQ83MH0MAACBDMzMgQ2ZmIENYmSBDzcwgQwAAIUMzMyFDZmYhQ5qZIUPNzCFD
AAAiQ/IyIkMlZiJDmpkiQ4vMIkMAACNDMzMjQ2ZmI0OamSNDzcwjQwAAJEMzMyRDZmYkQ5qZ
JEPNzCRDvv8kQzMzJUNmZiVDmpklQ83MJUMAACZD8jImQyVmJkNYmSZDi8wmQwAAJ0MzMydD
ZmYnQ5qZJ0OLzCdDvv8nQzMzKENmZihDmpkoQ83MKEO+/yhDMzMpQyVmKUOamSlDzcwpQwAA
KkPyMipDJWYqQ1iZKkPNzCpDAAArQzMzK0NmZitDmpkrQ4vMK0O+/ytD8jIsQyVmLEOamSxD
zcwsQ77/LEPyMi1DZmYtQ5qZLUPNzC1Dvv8tQzMzLkNmZi5DmpkuQ4vMLkO+/y5D8jIvQyVm
L0NYmS9DzcwvQ77/L0MzMzBDJWYwQ1iZMEOLzDBDvv8wQ/IyMUMlZjFDmpkxQ4vMMUO+/zFD
8jIyQyVmMkNYmTJDi8wyQ77/MkPyMjNDJWYzQ1iZM0OLzDND</AssayXData><AssayYData Points="900">AAAAAEe0yTv26wY8VTbRO4/FFjxevg88Y74MPKxIhTzg+Sw8G79TPHwYXTyE/YQ80zeCPIbf
bTwYSWA8AeubPE21kzz3boo8Vu+OPFk6fzwTk7Q8IfSlPEM9pTwq5Lk8itecPPM2mDy/Ubg8
0hbVPMP2uTy43eI8z6CyPCpe0jyXVsk8qRPvPNPz7Tw8e+c84pjXPNyx/zzKG+A8+izfPGpt
6zwKVgE99PX9PK0MBD0s8AI9wwn8PLJp9zx/Evc8efoLPcVDCj029Q49VgoBPV/KGj2P4iY9
SBAiPSfBEj3nSR49pTsdPYLqIj2loRQ9kigSPaZoJz2foyY9sNglPZyBKj0ggjA9GugoPZH7
Kz1oZCE9FmQzPa0iJD2zmiQ9QoYpPWrjKz0r3zU9M74zPQqVNj1BXkA9A9dCPcLTNT2I60g9
7w8+PQJWPj0B2009BpVOPeTHOD1HZU49DxlCPX2kWD2xrkc9PBNIPeI2TD1YnVE98HVVPYzH
UD3OLz89n5hdPfkMXT1MNE49RYtkPb4NZT2H92I9VFdbPbpHYD3ZhmM97htlPRnDYj2PVGg9
5XZjPQbobT0FMWw9iHVtPeCmej0S/Go9811tPdavdT0McHs9HYlzPbB2eT3kN3c9pKBzPWTq
fT14ooA9b2+CPbA7hD1eEYQ9+DOKPY8Jfz0qKII9LDeBPbLogT0CwoE9cu2HPW6ahT3AvYI9
i5mRPZ0sgj3oioA9xcGNPav5hT0EkIQ9dR6GPbeOfz12YYk9a3qOPSOPjj2brZA9e7GSPWLH
kD1i0Is9qG2PPYS9mD185IU91v+SPZJklD3BsZA9nV+RPfxUlj1xQZQ9ogCYPZlOmT0uQZg9
R66UPVuZlj3WcJU9As2SPVf5mD2gx5E9jMmgPfUEmT2kcp49Fa6ePbHToT1tYJs90pKkPYM7
nj2jHqI9r4mePU4Mmj37bp09jhuZPajOoj33Cac9O9KcPQIKnz10CKs9yXykPcJJnD3mCKY9
TcirPYdOqT11F6U9FhCuPTqLqj1X8649twOyPV5apz3lMq49dDSkPecApz3qlK09wF+rPZdT
sz3K+LU9/hKyPc/UqT36gLI9OYWvPUonsT0QYKw9ZiCwPS4crj0HIbM9h1+0PfdnuT1Z37Q9
P8q8PUyWsj3KK7A9ye62PZF7tj0Yr7k9+oO7PS6ptz27wrs9RPa1Pd8DvD00Lb89ohW6PUxT
vT2Y2749TzW4PSSUvT3MEr89N/y/Pcflvz3qo8A97FHBPeo7tj1DfsE9LcC+PePhwz1Bisc9
L7rHPX4Fwj1Lv8Y9nUfHPUExxT3J3Mg90wHMPYpAwz1Qqso9wuLJPcaLzT1yIM49ZxnIPciZ
zD0onc094unOPWnFxj0sxM09yDXJPR590D3HZc09ZXPLPZNnzT22I809VLnIPZ+Uyz1W49I9
mpbNPbgNzz3AB889NDPWPYG90D07Y8891R3OPcEu1z1fGdc9EWTQPZ8f0z1prdE9+rncPe0K
1j0u5dc9pBfWPd6R0z2aj9g9LDPXPW2G2z0F/tc9eIDYPYUy1D3HmNs9j1bePSHg2j3aE9s9
R0/YPcRE3D1RD9Y9qWzePU273T1QuN49byzXPZrf2D0ST9w9TCjePa1H3D0crOM9ThTaPXak
4T0TPN89SWTmPbVI4z1Wy949F5jiPTZh4D2gFu09zCPhPdmU5D2h5eI9jYvmPYyY5T2PNOk9
svDgPYO05D07e+Y9/CrqPQ9B6z2Yk+o9nJPoPUoo8T1sPew9b8TvPYf45j2rJ+895d/qPRbQ
6T07LPE9LmnrPVuW8j0HWeo94rLnPawq8z2pJ+49Xa33Pe+f9D1Keew9zgzzPR297z2nCfY9
TL7yPWWD8D2ByfY9gpDzPdDc8j1Gs/I91rr1Pbyc8z0k9Pg9dd3yPbV7+D3oOvk9BLD2PTkt
+j1vVPs94Pz9PT+49z3WPvk9D3v7PeAY/j1hKPQ96Z77PZGpAj4WLgA+i2X9PZam/D115Po9
brYAPmOo/D2Os/09ZlQBPvs//D0SVPs9d2v8PSddAj6YawA+8Eb7PfubAj4k8QE+KGwAPtqK
/j0F9P09QMMCPlAqAT7aKgA+x/gAPlL1/j134QM+mX4EPlNKAT6nEAM+j1kCPl8pBD6XvAQ+
bAwCPiEFAD46H/w9l4EHPmggAj7F3wI+RUoFPmplAz5LWAI+ekMEPuqEAj4FmgM+lp4FPt5k
Az7T2wY+n60GPkRpBz41HgU+KMIFPqN6BT794QY+VO8FPinlBz4JrQU+gWcHPpWgCT4IBgs+
TcULPupZCj4VOAs+DkAIPsxTDD53eAk+r8QJPt+tBj557wc+7fQJPhlhCz4nLwc+SKwKPjNh
CT6vjAo+LCcKPprDDD7AfA0+XJMMPgDwCj76MQo+zx4MPgihDT62mw0+pkIHPvD6Dz4/rA0+
f7ELPv2FDD4wMg8+kKQMPjdNDz6w3g8+0REPPkv8ED535As+sL0OPiOsCz4ThRE+ypoRPqSG
Dj4HVw8+smUPPnDBDT4Gygw+GHEOPuv+ED5vnBI+SKIRPrY4Dz4M2RI+frEQPoZSEj7w7hA+
41sMPh97Ej6g5BA+B2kSPtLwET7/lRI+2zUUPv3QDj50chU+AbwTPmgFFT6zYxE+198WPnUg
Ez4GBRU+8agUPsgeED4bexY+20kVPmWBEz7HixE+2dIVPkSYFj5fDBY+HmYWPr5pGD44Ehc+
YQIWPgVqEj4PthY++SgWPiYJFz5RERQ+7rgWPmX5FT7V+xY+sN0WPorQFz7iRRs+fO4XPphy
Fj6XaBU+TvccPuKMGz7YWxY+CHEaPmwAGT6dpxg+NPUZPinAGD6F0Rc+IGIbPmjnGD5oLhk+
XJQZPvR1Gj6aKB0+9HgYPmGGFj7Lyxc+xB8bPpGqFj46Ix0+qbIbPqefGT7Frhw+Hi8bPgEo
HT6MTRw+14UdPo2kHD4sXhw++iMePqIvGz4OUx0+KaIePhDlHz7dsx0+XqocPveWID4DiBs+
DtAdPol0HD7VoB4+eiUgPjZOIT55Vxw+kywhPnAcID4Dth0+TJofPsOIIz5Jlx8+Kc0hPnsV
ID5rHyE+V1QePpzQID585CA+MashPg+7JD4AriA+g2YhPsYbJT6r3iE+8KAhPpJkIj5OdiA+
6O0jPhiyIz7BoiM+ghIkPhTgIz568iI+BNAiPgqLIj4xSSU+N0AhPgPJHz4xZCE+Cb4fPpqy
IT5Amh8+OewhPseeJT4voiQ+MF8mPqpxJD4oYSU+GF8jPh4kJj4vMyY+zWwkPmxyIz6UdCY+
LcIlPrlLJT4z+SA+zxMmPmWMJj5URCU+8W4lPvsqKT7Ayyc+2sMnPlpyJz5kmSc+acsqPrWm
Jz4H0CU+kCgqPo7bJj4XpCg+vxolPlauKD53+Cw+9zIrPqhkJT7dWSU+BYwoPkbjJj46oSg+
JWUoPpy3Jj5irSY+AtksPuAAKj4ZDys+Ap4nPuSbKz5H8Sg+eY4qPmReKz70Fyw+5HIpPoeh
LT5oWig+vjEtPlTZKj7cQCc+kqorPpmdLz5DxS0+2VorPhh+LD5VPiw+Q9ctPkyFKz4ekS8+
708sPph7LT7acyw+i6UpPvROLD4EOyw+Pi0uPjmQLT7uHCs++uAtPqx5LT4zkyo+0tksPv2j
Lz7UICo+UPovPi2iMj6XvS4+QgExPgcTLz6EozA+2sUwPsneLz49OS4+7iAxPsKCMT7E9TA+
Yb0wPqQ0Mj54sjE+9Z0zPrONMD7oZjI+xY0wPhzfMj7+XzA+VnIzPoMSMz65yzE+sfYvPr/R
MT4DDDM+lZIzPg2BMT5PDjQ+VIY0PvOAMT6XGTU+/mkyPsrcMj6gTTQ+Stc1PlnVMj4TwTI+
UGAwPu8KND5+KzQ+FJ03PshSNj4fYTY+RcY2PpzvMj4FIzM+HxIzPof1ND7Jajg+OJgzPnIk
Nj4razQ+PAU3PnvBND5j2Tc+rCc0PkkeNT6DOTY+u3Q0PlhzNj4BcDc+t4k5PujkNj7Hnzg+
TkU3Pme7OD7/Gzc+DBA2PjIFNj5y4zM+Zks5PlnBNj7O0Dc+Xw83PgWhOD7S6zY+CMg1PqJD
Nz5pqDs+82M1Po0NNz53Xjs+TlI3PtjPNz5eFDg+GE02Pom1OD6tPDo+prc4Pl/jOD75Mjg+
Rwc4PlrkNz4zyDs+RBY2Pm5wOj5O1zk+a4U5Ptm1Oj6cnTg+46Q5PuimPT7jPTs+ZGs+PiWp
Oz6FBTo+E6o7PmaWPj7zazw+W186PsaWOj6Nfjs+3b09PmIfOj4hIj8+eu49PkmNOz7o3D8+
6E09PiPTPz5+/zo+Lvk8Pr3GPz74p0A+rl49Piv1PD496Ts+st47PqhjPD55bzs+UIM/Pra6
PT7ZHj8+VZ1APkTBPT5VcEA+mZw/PqSqQT4O9j8+LhlAPgHEPT5v8UE+hCZDPgzxPD4tmz8+
nyVBPr1vQT6qdkE+qg8/Po4nPz5DXD4+dDREPrkPQj705T4+11lEPs+0QD7oZEE+GHVFPqBl
Qz6CrUE+XWNDPrxrQD68FkQ+uyE+PuaiQT53KEI+V15EPrNiQD4/YkQ+CrVDPs52RD4RX0M+
3sBBPuFdRD7U90E+vHNDPmBpRT4AdkQ+0JBAPmKnQj6Su0Q+ywBGPo9jQz6PeEc+uJdEPpnk
RD6shUI+Da1KPo7qRD6SWkU+ERJFPkpFRT6BZUY+s11HPoVLRj5MSUU+7hlEPg9GRD5Xekc+
xgBIPhSBRj7Y+EY+xSdEPtftQz4mkUU+zzNGPqXtRD7cSUU+</AssayYData></Step><Step><CommonData><SampleLocation>2</SampleLocation><SampleID>10mM Glycine pH1.7</SampleID><SampleGroup></SampleGroup><SampleInfo>or other Regeneration solution</SampleInfo><SampleRow>E</SampleRow><SamplePlate>1</SamplePlate><WellType>REGENERATION</WellType><Concentration>-1</Concentration><ConcentrationUnits>µg/ml</ConcentrationUnits><MolarConcentration>-1</MolarConcentration><MolarConcUnits>nM</MolarConcUnits><MolecularWeight>-1</MolecularWeight><Temperature>30</Temperature><StartTime>207997</StartTime><AssayTime>20</AssayTime></CommonData><FlowRate>1000</FlowRate><StepType>CUSTOM</StepType><StepName>condition</StepName><StepStatus>OK</StepStatus><ActualTime>20.002</ActualTime><CycleTime>0.2</CycleTime><AssayXData Points="100">vv8zQ7AyNEMkZjRDWJk0Q0nMNEN8/zRD8TI1QyRmNUNYmTVDScw1Q3z/NUOwMjZDJGY2QxaZ
NkNJzDZDfP82Q7AyN0MkZjdDWJk3Q0nMN0N8/zdDsDI4Q+NlOEMWmThDi8w4Q3z/OEOwMjlD
42U5QxaZOUNJzDlDEgM6Q7AyOkMkZjpDFpk6Q0nMOkN8/zpDsDI7Q+NlO0MWmTtDScw7Q3z/
O0OwMjxD42U8Q9uZPENJzDxDvv88Q7AyPUPjZT1DWJk9Q4vMPUN8/z1DsDI+Q+NlPkNYmT5D
i8w+Q3z/PkPxMj9DJGY/Q1iZP0OLzD9Dvv8/Q/EyQEMkZkBDWJlAQ0nMQEO+/0BD8TJBQyRm
QUNYmUFDi8xBQ77/QUPxMkJDJGZCQ1iZQkOLzEJDvv9CQ7AyQ0MkZkNDO59DQ4vMQ0O+/0ND
8TJEQ+NlREMWmURDi8xEQ77/REPxMkVDJGZFQ1iZRUNJzEVDvv9FQ/EyRkPjZUZDWJlGQ4vM
RkO+/0ZD8TJHQ+NlR0NYmUdDDs1HQw==</AssayXData><AssayYData Points="100">/KCzvfzAVr3/F9O8juwlvFGMybtdMJO7kQ+muyc3HbwtD1W8CkKVvBEBvbzCPNe8mlMIvZpp
E72PDjC9KQs3vWRuPb1041i96+pQvbW6ab2kxnq952d3vZNXgb2N0oi9C3CTvVCGmr145pW9
iY6ZvZDxpr3Xxqa9vNqovW6Ntb03eLK96qu9vQEsvL38OcC98GvJvdgcx71Vrcq9CUvLvWyo
0L0n69K9s4zXvd6P172swd29I7rgvbNu472WM+C9z1vrvdU26b3AAeq9dbvxvTz98b0eFfW9
uUD5vTyt+b1XnwG+kHcCvmWzAr5bpAK+eWgAvq2TBb5eDwO+MuoGvtISCL4gnQa+CiIJvt8b
DL7Tfgu++owNvg8LDL7zxBC+8BAQvquGD77w9Ay+UBoWvgBPFr5NrRC+ZlQUvjeNEb6cBhe+
wn4cvi5PHL6UTRq+Ac8avhJiHb5UOBu+fAsevunrHr6tgh2+aV4evpMWHb6u5SO+1DsdvvWk
Ib6CGR++ta4lvmFeJr67myW+aJckvg==</AssayYData></Step><Step><CommonData><SampleLocation>1</SampleLocation><SampleID>Running Buffer</SampleID><SampleGroup></SampleGroup><SampleInfo></SampleInfo><SampleRow>E</SampleRow><SamplePlate>1</SamplePlate><WellType>BUFFER</WellType><Concentration>-1</Concentration><ConcentrationUnits>µg/ml</ConcentrationUnits><MolarConcentration>-1</MolarConcentration><MolarConcUnits>nM</MolarConcUnits><MolecularWeight>-1</MolecularWeight><Temperature>30</Temperature><StartTime>233635</StartTime><AssayTime>20</AssayTime></CommonData><FlowRate>1000</FlowRate><StepType>CUSTOM</StepType><StepName>condition</StepName><StepStatus>OK</StepStatus><ActualTime>19.999</ActualTime><CycleTime>0.2</CycleTime><AssayXData Points="100">QQBIQzMzSEPpZkhDmZlIQw7NSENBAElDMzNJQ2ZmSUOZmUlDzMxJQwYBSkMzM0pDp2ZKQ9uZ
SkPMzEpD//9KQ3QzS0NmZktD25lLQ8zMS0P//0tDdDNMQ2ZmTEPbmUxDzMxMQ///TEMzM01D
ZmZNQ5mZTUMOzU1DQQBOQzMzTkNmZk5Ddp5OQ8zMTkP//05DdDNPQ2ZmT0Mcmk9DzMxPQ0EA
UEMzM1BDp2ZQQxyaUEMOzVBD//9QQ/czUUOnZlFD25lRQw7NUUNBAFJDdDNSQ6dmUkPbmVJD
Ds1SQ0EAU0N0M1NDp2ZTQ9uZU0MOzVNDQQBUQ3QzVEOnZlRD25lUQw7NVENBAFVDdDNVQypn
VUPbmVVDzMxVQ0EAVkN0M1ZDp2ZWQ9uZVkMOzVZDQQBXQ3QzV0NmZldDmZlXQw7NV0MGAVhD
dDNYQ6dmWEPbmVhDDs1YQ0EAWUN0M1lDp2ZZQ5mZWUMOzVlDQQBaQ3QzWkOnZlpD25laQw7N
WkNBAFtDdDNbQ6dmW0PbmVtDzMxbQw==</AssayXData><AssayYData Points="100">atonPiD5+T2s2tE9LBK7PVqOsD37hac9MremPX9Yqz3SRas9l0OlPRzgsT2jq609zcOvPSF7
tj0+FLo9d2u2PSNEvD2yxLU9UDfCPV20xD3HlsM97VLIPXbpyT2MUsk9xmLAPS7myD1X0so9
/1PDPbNByT3QMs09mUrJPTkg0T0/Ks89Y8DPPeAc1z3+8tE9WZ3NPdFa1T0Bodg9eoTMPY85
0z0lyNk90jvlPbCC1D2419s9+nDcPe0q2T2aNNw9q1LaPSOz3T2ODt49bxflPXZd3D1uRN49
TkzgPUdx3D3sNOk916rkPQ1n5T2Lm+U9DJLoPaH53z3VvOM9khbgPbfm6T0sCuI9cDHoPRzL
5D3d6O0991PpPaeH5z3ap+89L8jpPVAL4z0NZO498ZjqPW1W6z2IePA9H7foPSWC6T0Oae89
/fLuPRAP9j2SiOs9afPrPZJM7z2JfPU95z/0PQtW5z3D7fM9eUXvPeqg8z16KPU9E6HvPY2r
9T2tF/U9a9bvPRwB+T3UvfM9Ly3zPQ==</AssayYData></Step><Step><CommonData><SampleLocation>2</SampleLocation><SampleID>10mM Glycine pH1.7</SampleID><SampleGroup></SampleGroup><SampleInfo>or other Regeneration solution</SampleInfo><SampleRow>E</SampleRow><SamplePlate>1</SamplePlate><WellType>REGENERATION</WellType><Concentration>-1</Concentration><ConcentrationUnits>µg/ml</ConcentrationUnits><MolarConcentration>-1</MolarConcentration><MolarConcUnits>nM</MolarConcUnits><MolecularWeight>-1</MolecularWeight><Temperature>30</Temperature><StartTime>259167</StartTime><AssayTime>20</AssayTime></CommonData><FlowRate>1000</FlowRate><StepType>CUSTOM</StepType><StepName>condition</StepName><StepStatus>OK</StepStatus><ActualTime>19.999</ActualTime><CycleTime>0.2</CycleTime><AssayXData Points="100">AABcQ/IyXENmZlxDWJlcQ83MXEMAAF1DMzNdQ2ZmXUOamV1DzcxdQwAAXkMzM15D8GdeQ5qZ
XkPNzF5DAABfQzMzX0MlZl9DmplfQ83MX0O+/19DMzNgQ2ZmYEOamWBDzcxgQwAAYUMzM2FD
ZmZhQ5qZYUPNzGFDAABiQzMzYkMlZmJDHZpiQxTOYkO+/2JDMzNjQ2ZmY0MdmmNDzcxjQwAA
ZEPyMmRDJWZkQ5qZZEOLzGRDAABlQzMzZUMlZmVDWJllQ83MZUMAAGZDMzNmQyVmZkOamWZD
zcxmQ77/ZkPyMmdDZmZnQ1iZZ0OLzGdDAABoQ/IyaEMlZmhDWJloQ83MaEO+/2hDMzNpQyVm
aUNYmWlDi8xpQ77/aUPyMmpDJWZqQ5qZakOLzGpDvv9qQ/Iya0MlZmtDWJlrQ83Ma0O+/2tD
MzNsQyVmbENYmWxDzcxsQ7//bEMzM21DJWZtQ1iZbUOLzG1DSAFuQ/IybkMlZm5DWJluQ83M
bkO//25D8jJvQ2Zmb0NYmW9Di8xvQw==</AssayXData><AssayYData Points="100">FvBhvr4cKL7TyAe+wJTvvflw6r2S/uK99B3kvYB/7b1jBO692F/zvYrhAL77Sv+9ju0Hvicq
Br5h8Qe+VjAJvurxCr4VAwy+OzIPvqi0Db72QxK+UpIWvtnmFb6tshi+NWgXvsStF75Dihy+
A0AXvvk4Gr7gyR++Oq4fvrRxHr4+/x++IxAdvo8zHb76biS+T78ivtWHI77WpCe+w3Aovugl
Kr7zsim+UnUsvtvvJr4XQyq+f1UpvjQsKb4CLDC+WF0vvseUKr6bdi++ESIwvgkKL75WHC6+
xosyvrCfMb6XHjG+3L81vnSnNr45SzS+ZwE0vlsGM76TGjW+7bc2vvJ/Nb57kDm+FXQ5vo3G
N762Szm+htY5vkCYO74yHTq+k1k5vt2tPb59YT2+555BvrUOO76KJTu+TWQ+viAhRL57pj++
e4xDvkBsQr7fhkC+Q6tCvuGrRL6ZUka+xLJAviM5Rr7y0kG+ZLhEvg1/Rr4yD0S+2jNIvokd
Rr4MOki+GsJGvuVbSL7Rnki+aRxKvg==</AssayYData></Step><Step><CommonData><SampleLocation>1</SampleLocation><SampleID>Running Buffer</SampleID><SampleGroup></SampleGroup><SampleInfo></SampleInfo><SampleRow>E</SampleRow><SamplePlate>1</SamplePlate><WellType>BUFFER</WellType><Concentration>-1</Concentration><ConcentrationUnits>µg/ml</ConcentrationUnits><MolarConcentration>-1</MolarConcentration><MolarConcUnits>nM</MolarConcUnits><MolecularWeight>-1</MolecularWeight><Temperature>30</Temperature><StartTime>284966</StartTime><AssayTime>20</AssayTime></CommonData><FlowRate>1000</FlowRate><StepType>CUSTOM</StepType><StepName>condition</StepName><StepStatus>OK</StepStatus><ActualTime>19.999</ActualTime><CycleTime>0.2</CycleTime><AssayXData Points="100">vv9vQ7AycEPjZXBDFplwQ0nMcEO+/3BDsDJxQ+NlcUMWmXFDScxxQ3z/cUPxMnJDJGZyQxaZ
ckNJzHJDfP9yQ/Eyc0PjZXNDFplzQ4vMc0O+/3NDsDJ0Q+NldENYmXRDi8x0Q3z/dEOwMnVD
JGZ1Q1iZdUOLzHVDfP91Q/EydkMkZnZDWJl2Q4vMdkO+/3ZD8TJ3QyRmd0NYmXdDi8x3Q77/
d0PxMnhD42V4Q1iZeEOLzHhDvv94Q/EyeUPvZ3lDWJl5Q4vMeUO+/3lD8TJ6QyRmekNYmXpD
i8x6Q77/ekPxMntDJGZ7Q1iZe0OLzHtDvv97Q/EyfEMkZnxDWJl8Q4vMfEO+/3xD8TJ9Q+Nl
fUMWmX1Di8x9Q77/fUPxMn5D42V+Q1iZfkNJzH5Dvv9+Q/Eyf0MkZn9DWJl/Q4vMf0O+/39D
eBmAQxIzgEOrTIBDRWaAQ95/gEN4mYBDErOAQ4vMgEMk5oBD3v+AQ3gZgUPxMoFDi0yBQ0Vm
gUPef4FDV5mBQ/GygUOLzIFDJOaBQw==</AssayXData><AssayYData Points="100">lIgWPrGq4D2C+L896iunPYnFmz2iYZ093v2VPVGplT0iaJo9XvqUPVjknj3I1J49BninPea7
qT3eVaY96eqqPY0aqj1li6s9vz+yPWwJqT1Eaaw9zQmyPfPrtD12Zas9GfK2ParSsz1/Frk9
cGm7PanbtD08gbw9qd26PbnJuT0Adbc9RN65PQpUvT2QHrw9vmfCPSMWvD35jr09gt3EPT0D
yD2+sb49cPO7PTQzxT3Z78o9bxPGPa9Txj2HddE9AazCPWAOyT1uzs09nJjHPZjuxT0Rw8g9
ZbnKPYwoyj0OkMM9FoHKPe/GzT2v28c9n8zIPTl4yj21YdA9jPjMPRjHzT33gMw9tbHOPU3a
1D1RkM093vbMPXx+0z38Ssw9EBTQPUub1z0NUNE9o0bRPfeC1T3CLdA9YHPPPZDR0j2vFs49
CVnTPXnM1j1obs09nZ3ZPXnJ0j0HPdY9V/PRPXCR1T0sa9w97wrdPQXy1z3qHtI9h+3VPeaC
3z0N0do9uODfPePV1z2uKdw9KajbPQ==</AssayYData></Step><Step><CommonData><SampleLocation>2</SampleLocation><SampleID>10mM Glycine pH1.7</SampleID><SampleGroup></SampleGroup><SampleInfo>or other Regeneration solution</SampleInfo><SampleRow>E</SampleRow><SamplePlate>1</SamplePlate><WellType>REGENERATION</WellType><Concentration>-1</Concentration><ConcentrationUnits>µg/ml</ConcentrationUnits><MolarConcentration>-1</MolarConcentration><MolarConcUnits>nM</MolarConcUnits><MolecularWeight>-1</MolecularWeight><Temperature>30</Temperature><StartTime>310591</StartTime><AssayTime>20</AssayTime></CommonData><FlowRate>1000</FlowRate><StepType>CUSTOM</StepType><StepName>condition</StepName><StepStatus>OK</StepStatus><ActualTime>20</ActualTime><CycleTime>0.2</CycleTime><AssayXData Points="100">vv+BQ1gZgkPQMoJDi0yCQ2ZmgkO+f4JDWJmCQ/GygkNqzIJDJOaCQ53/gkNYGYND8TKDQ4tM
g0MEZoNDvn+DQ1iZg0PxsoNDi8yDQwTmg0Od/4NDWBmEQ/EyhEOLTIRDJGaEQ75/hENYmYRD
0LKEQ6zMhEMk5oRDvv+EQ1gZhUPQMoVDcE2FQwRmhUOdf4VDWJmFQ7y0hUNqzIVDJOaFQ53/
hUNYGYZD8TKGQ4tMhkMkZoZDnX+GQ1iZhkPxsoZDi8yGQyTmhkO+/4ZDWBmHQ/Eyh0OLTIdD
BGaHQ75/h0NYmYdD0LKHQ2rMh0ME5odDnf+HQ1gZiEPQMohDrEyIQwRmiEO+f4hDN5mIQ9Cy
iENqzIhDBOaIQ53/iENYGYlD0DKJQ2pMiUMkZolDnX+JQ1iZiUPQsolDasyJQwTmiUO+/4lD
NxmKQ9AyikNqTIpDJGaKQ51/ikM3mYpD0LKKQ2rMikME5opD3/+KQzcZi0PQMotDakyLQyRm
i0O+f4tDWJmLQ9Cyi0NqzItDJOaLQw==</AssayXData><AssayYData Points="100">ejOOvorCWb4VajK+R70avsL5GL7YABW+t5YYvn9XHr4wDhy+MPscvhYkH77LhCG+4WEnvqcj
Kr7/oSu+0qIovpMrLb5MiTC+Sl4tvs4dMb4LKTC+V6IyvqMBNL7HADi+Bo4zvjWnNr6wDjm+
uYM/vvR2O744Bz2+4pw/vkBxPb4bZkO+HVY/voOlQb6qvD++n+g+viC1Q76OVEO+19ZBvoru
Sb48Jz++jNxDvlz2Rb7knEa+A7FKvq3vR76UGEy+1q9LvjwhSr5lKku+e9lJvonHSb4UdEy+
/7ZJvu0CTL6SGE6+7SlOvtjkUb79TU++dPdMvoP6Ub6NMVO+YABTvsRRU7781VS+jU5Tvujl
VL5391W+jeBTvgZdVr61nFG+HihUvgNeWL7fmVO+xEZZvr3IVb5w2Ve+hyJXvjQCWb7YIFm+
5+RZvtnHWL6TFlq+yxdZvlPyWb7YbVm+YGpavlUtWL5atlu+hIZbvreHXb5ST1m+kdJbvmLH
Wr6W4F6+cpBbvqVYXL6Le2C+AJ1dvg==</AssayYData></Step><Step><CommonData><SampleLocation>1</SampleLocation><SampleID>Running Buffer</SampleID><SampleGroup></SampleGroup><SampleInfo></SampleInfo><SampleRow>E</SampleRow><SamplePlate>1</SamplePlate><WellType>BUFFER</WellType><Concentration>-1</Concentration><ConcentrationUnits>µg/ml</ConcentrationUnits><MolarConcentration>-1</MolarConcentration><MolarConcUnits>nM</MolarConcUnits><MolecularWeight>-1</MolecularWeight><Temperature>30</Temperature><StartTime>336396</StartTime><AssayTime>20</AssayTime></CommonData><FlowRate>1000</FlowRate><StepType>CUSTOM</StepType><StepName>condition</StepName><StepStatus>OK</StepStatus><ActualTime>20</ActualTime><CycleTime>0.2</CycleTime><AssayXData Points="100">vv+LQ1gZjEPQMoxDakyMQ8hmjEOdf4xDN5mMQ9CyjEOszIxDBOaMQ77/jEM3GY1D0DKNQ2pM
jUMEZo1DnX+NQzeZjUPxso1DasyNQyTmjUO+/41DNxmOQ/EyjkN2To5DBGaOQ99/jkM3mY5D
8bKOQ4vMjkME5o5DAACPQzcZj0PxMo9DakyPQwRmj0O+f49DN5mPQ9Cyj0OLzI9DBOaPQ77/
j0M3GZBD0DKQQ4tMkEMEZpBDnX+QQzeZkEPQspBDi8yQQwTmkEOd/5BDNxmRQ/EykUOLTJFD
BGaRQ51/kUNYmZFD0LKRQ2rMkUMk5pFDgwCSQzcZkkPxMpJDi0ySQyRmkkOdf5JDN5mSQ9Cy
kkNqzJJDBOaSQ77/kkNYGZND8TKTQ4tMk0MkZpND5YCTQ1iZk0PxspNDi8yTQyTmk0O+/5ND
WBmUQ/EylEOLTJRDJGaUQ75/lENYmZRD8bKUQ4vMlEMk5pRDvv+UQ1gZlUPxMpVDi0yVQyRm
lUO+f5VDWJmVQ/GylUOLzJVDJOaVQw==</AssayXData><AssayYData Points="100">ifk9PuEzCD7AW9E9Im6vPQ80nD2zTpo9FWKHPevFkD3OsZQ9ufCUPWGpkT1UUZc9uqOaPRaf
lz0qHZ89sJWjPXjQmz3J0qA93s2XPUaGoz1dg6M9NBWmPRfxnj06Z6Q9vvSrPUdQpz1Z0qg9
lfeqPbLOpD0flaY9a/GkPQEipj2IXrY99U6sPfyGsT0DmrA9R660PZUPtD3lcqk9i0S4PfbC
sj20nLg9YK+3PXyqtT1mrL49zu/APcnWsz20J7U9Nb23PTQcvz2jTb49sHa0PSxBtD2dXLs9
r8q2Pbybvj2qKb09ugnAPfUpvj0vg7I9sxS+PXKnxT0rWso9om7IPcV6wT3GJsU9wPm8PXD7
uz196MQ9kAfGPYRkwT1iw8Q9IMvFPbgjyD2mgMI9SAHDPQotyj2xzcc9NfDHPaSFwD1rN8k9
EyTCPZzmxT0xq8M9bEzDPdvzxj38Mr49UaHNPVo3xz24kMI9jXfLPeNsxj0YvMc9SpzDPRnF
yz2o1MY9L/LKPYeW0T1RYtA90WLMPQ==</AssayYData></Step><Step><CommonData><SampleLocation>3</SampleLocation><SampleID>Running Buffer</SampleID><SampleGroup></SampleGroup><SampleInfo></SampleInfo><SampleRow>E</SampleRow><SamplePlate>1</SamplePlate><WellType>BUFFER</WellType><Concentration>-1</Concentration><ConcentrationUnits>µg/ml</ConcentrationUnits><MolarConcentration>-1</MolarConcentration><MolarConcUnits>nM</MolarConcUnits><MolecularWeight>-1</MolecularWeight><Temperature>30</Temperature><StartTime>362695</StartTime><AssayTime>120</AssayTime></CommonData><FlowRate>1000</FlowRate><StepType>BASELINE</StepType><StepName>Baseline 120</StepName><StepStatus>OK</StepStatus><ActualTime>120</ActualTime><CycleTime>0.2</CycleTime><AssayXData Points="600">vv+VQzcZlkPxMpZDi0yWQyRmlkO+f5ZDWJmWQ/GylkOLzJZDJOaWQ77/lkNYGZdD0DKXQ8xM
l0MkZpdDnX+XQzeZl0PxspdDi8yXQyTml0O+/5dDWBmYQ/EymEOLTJhDJGaYQ75/mENYmZhD
8bKYQ4vMmEMk5phDnf+YQ1gZmUPxMplDakyZQwRmmUO+f5lDN5mZQ/GymUNqzJlDBOaZQ77/
mUM3GZpDlTOaQ4tMmkMkZppDvn+aQzeZmkPxsppDasyaQwTmmkOd/5pDNxmbQ7Yzm0NqTJtD
BGabQ51/m0NYmZtD0LKbQ4vMm0Mk5ptDnf+bQzcZnEPQMpxDakycQyRmnEOjgJxDN5mcQ9Cy
nENqzJxDJOacQ77/nEM3GZ1D8TKdQ4tMnUMkZp1Dvn+dQzeZnUPQsp1DasydQwTmnUOd/51D
NxmeQ9AynkNqTJ5DBGaeQ75/nkNYmZ5D0LKeQ2rMnkME5p5Dvv+eQ1gZn0PQMp9DakyfQwRm
n0ODgJ9DN5mfQ9Cyn0NqzJ9DBOafQ53/n0NYGaBD0DKgQ2pMoEMEZqBDvn+gQ1iZoEPxsqBD
zMygQ2bmoEO+/6BDWBmhQ9AyoUOLTKFDJGahQ75/oUNYmaFD0LKhQ4vMoUNF5qFDvv+hQ1gZ
okPxMqJDi0yiQyRmokO+f6JD25miQ/GyokOLzKJDJOaiQy0Co0NYGaND8TKjQ4tMo0MkZqND
vn+jQ1iZo0PQsqNDi8yjQyTmo0O+/6NDWBmkQ/EypEMvTaRDJGakQ75/pENYmaRDErOkQw7N
pEMk5qRDvv+kQ1gZpUPxMqVDi0ylQwRmpUO+f6VDWJmlQ9CypUOLzKVDJOalQ77/pUNYGaZD
0DKmQ4tMpkMEZqZDxICmQ1iZpkPQsqZDi8ymQyTmpkO+/6ZDNxmnQ/Eyp0OLTKdDBGanQ75/
p0M3madD0LKnQ4vMp0Mk5qdDvv+nQ3gZqEPxMqhDakyoQwRmqEOdf6hDeJmoQ5WzqEOLzKhD
JOaoQ77/qEM3GalD0DKpQ4tMqUMkZqlDvn+pQ1iZqUPQsqlDi8ypQwTmqUOd/6lDNxmqQ/Ey
qkNqTKpDJGaqQ51/qkNYmapD8bKqQ8zMqkMk5qpDnf+qQzcZq0PQMqtDi0yrQwRmq0Odf6tD
N5mrQ/Gyq0NqzKtDBOarQ77/q0M3GaxD0DKsQ2pMrEMEZqxDvn+sQzeZrEPxsqxDi8ysQwTm
rEOd/6xDNxmtQ9AyrUOLTK1DBGatQ51/rUM3ma1D8bKtQ4vMrUME5q1Dnf+tQ1gZrkPQMq5D
akyuQyRmrkOdf65DN5muQ9CyrkOszK5DBOauQ77/rkM3Ga9D8TKvQ2pMr0MkZq9DnX+vQzeZ
r0PQsq9Di8yvQwTmr0O+/69DWBmwQ/EysEOLTLBDJGawQ75/sENYmbBD8bKwQ4vMsEMk5rBD
vv+wQ1gZsUPxMrFDIFCxQyRmsUO+f7FDWJmxQ/GysUNqzLFDJOaxQ77/sUNYGbJD0DKyQ4tM
skMkZrJDvn+yQ1iZskPxsrJDasyyQwTmskO+/7JDWBmzQ/Eys0NqTLNDJGazQ51/s0NYmbND
8bKzQ4vMs0Oo5rNDvv+zQzcZtEPxMrRDaky0Q2ZmtEO+f7RDWJm0Q9CytENqzLRDBOa0Q77/
tENYGbVDdDO1Q4tMtUMkZrVDnX+1Q1iZtUPQsrVDasy1QyTmtUOd/7VDNxm2Q/EytkNqTLZD
JGa2Q51/tkNYmbZD0LK2Q4vMtkMk5rZDnf+2QzcZt0PQMrdDaky3QwRmt0O+f7dDN5m3Q/Gy
t0MvzbdDBOa3Q+UAuEPAGrhD0DK4Q2pMuEMEZrhDnX+4Q1iZuEPxsrhDi8y4QwTmuEO+/7hD
Nxm5Q9AyuUNqTLlDBGa5Q51/uUNYmblD0LK5Q2rMuUME5rlDvv+5Q1gZukPQMrpDaky6QyRm
ukOdf7pDWJm6Q9CyukNqzLpDBOa6Q77/ukM3GbtD0DK7Q2pMu0MEZrtDnX+7QzeZu0N0s7tD
asy7Q2bmu0Od/7tDNxm8QzMzvENqTLxDBGa8Q51/vENYmbxD8bK8Q2rMvEME5rxDnf+8QzcZ
vUPQMr1Di0y9Q0VmvUOdf71DN5m9Q/GyvUNqzL1DBOa9Q77/vUNYGb5D8TK+Q4tMvkMkZr5D
vn++Q1iZvkPxsr5Di8y+QyTmvkO+/75DWBm/Q/Eyv0OLTL9DJGa/Q75/v0NYmb9D8bK/Q2rM
v0Mk5r9Dnf+/Q1gZwEPxMsBDakzAQyRmwEO+f8BDN5nAQ/GywEPtzMBDJObAQ77/wENYGcFD
8TLBQ4tMwUMkZsFDvn/BQ1iZwUPxssFDi8zBQyTmwUO+/8FDahzCQ/EywkNqTMJDJGbCQ51/
wkNYmcJD8bLCQ4vMwkMk5sJDvv/CQ1gZw0PQMsNDi0zDQwRmw0O+f8NDN5nDQ/Gyw0OLzMND
BObDQ77/w0M3GcRD0DLEQ2pMxEMkZsRDvn/EQzeZxEPxssRDaszEQyTmxEO+/8RDWBnFQxIz
xUOLTMVDBGbFQ75/xUM3mcVD8bLFQ2rMxUMk5sVDvv/FQ1gZxkPQMsZDi0zGQwRmxkOdf8ZD
WJnGQ9CyxkOLzMZDBObGQ77/xkM3GcdD0DLHQ2pMx0MkZsdDvn/HQzeZx0PQssdDaszHQ+nm
x0O+/8dDWBnIQ9AyyENqTMhDBGbIQ51/yEM3mchD0LLIQ2rMyEME5shDvv/IQ1gZyUPQMslD
akzJQwRmyUOdf8lDN5nJQ/GyyUNqzMlDBObJQ53/yUM3GcpD8TLKQ2pMykMEZspDnX/KQzeZ
ykPxsspDaszKQyTmykOd/8pDNxnLQ9Ayy0NqTMtDJGbLQ99/y0M3mctD8bLLQ2rMy0ME5stD
vv/LQ3gZzEPxMsxDi0zMQyRmzEO+f8xDmZnMQ/GyzEOLzMxDBObMQ77/zENYGc1D8TLNQ4tM
zUMkZs1Dvn/NQ1iZzUPxss1DaszNQyTmzUO+/81DWBnOQ/EyzkOLTM5DJGbOQ75/zkNYmc5D
8bLOQ4vMzkMk5s5Dvv/OQ1gZz0PxMs9Di0zPQyRmz0O+f89DN5nPQ/Gyz0NqzM9DBObPQ77/
z0NYGdBD8TLQQ4tM0EMEZtBDvn/QQ1iZ0EPxstBDi8zQQyTm0EO+/9BDWBnRQ/Ey0UNqTNFD
JGbRQ75/0UNYmdFD8bLRQ4vM0UMk5tFD</AssayXData><AssayYData Points="600">4keyPTTosT28Src9112/PY+2uz0FCr895Aa9PZt6wT1otcU9tC/PPejvvz3s7b89dj3HPdn9
yj25vMc9Q3bKPQAXzj3T4b49tlfNPcMe0j3VO8s9VTnOPev1xz0kn809zXzSPSPozD20kdM9
aPfRPfwL1D0UJ889fofMPSpyzT2gvs09V2DQPdKvzz3509E9cjzSPRh70z01hck9A2HYPYdb
0D3o3do9kibQPZ430D1Uzts9xKLPPfed1z3Cq9w9P5PXPT4R2j1Wb9Y9nmXZPc7s1D2mUdY9
jl/VPX3J2j14AdQ98FvZPUsa2T2+Jd49WIbYPfOb3T01kd09W0zcPRRN4D2XZtc9Lm3dPbxv
3j0CE9897UHaPclD3D1h7949U8/ePfpq3j2af9o9QuflPR2S2j24nOA9RoXfPS5R2T04vdw9
T6fnPf1N3z1HeNw9DRbcPQSp4T2B6uM9RZ3hPawj5D2mHeQ99UTjPa2A6j1NTec9gSndPXN7
6j1tb+A9seLjPQxC7D13DOY92jXhPTcw7D3oVus9qTbhPf662T0Qp+I9H3/qPa+N7D3tb+o9
emDoPflo6T00euc9AgTrPWWM6z0kZeA9POrqPczt4z2me+s9wrbpPUVt7D3LpOk9oEroPb9s
6D1S4uk92nDwPTh46j24A+o9dcXrPT8b7T3h5Ow95z3pPVj77j09Qus9s2zwPapk7j2/5O09
MFLwPXYX7z2Mu/Y9pcbtPVnh8T3Kf+w9O5buPZ0K5z14ovQ9JQnwPVkP9j0CiPQ9ZJfwPcOE
8z2A5u09fzz2PR3Q9D2nqfY9XKv0Pdge9D3Oz/E9MQ73Pdtm7T3TovY99bX9Pdyi9j25gvM9
n8n6PZO09T3XnPY9iNz5PUZz8T33YfE9FHP3PcrT7z19IvU9DYD3Pek28z1RK/g9I5/wPXG1
9j0+/fg9oBz9PUgS/T0Tu/o9rL/3Pc2x9z0Guf49DJb9PTx38z3wifU9rJH5PfJX+j1SLf09
XJz0PfWn9T19HPs9itH4PQGn/T1GAP09lsf8PSyy+z2EUPg9MJv6PRN4+j29XwA+KQX7Pc1o
+j0zsQE+87P7PUzg+D2zPAI+o3b7PTOI/D1bvgI+GdkCPh6QAj5rk/49Fuv8PWQm+j15YQA+
kCcCPoHS/D2ohQI+maEBPiY+Aj5oIwE+io8APqfQAD7rkAI+4aIAPtMZAD6e+Po9HX0DPpG8
Aj4rJAI+fp8APv4I/j113QA+zz3+PeV6BD6XyAM+8d8BPoYTAj7qEQI+fhkAPgHqCD69CAE+
X+MCPhceBT5jXwQ+1f8APusSBT70YwM+RikBPlhqAj74/QI+15YDPgDwBz7hSgM+BGUGPjW9
Az4A/QQ+BsICPqr1BD7JWgM+z+8CPl+lBz72hgQ+xv0GPpTHCz6rxwI+2AQGPv9sBD6qcQU+
higEPqBEBD5vtwQ+9EUGPj+PBT7M6wc+pIwEPuLPBj7AaQY+MhcFPmAhCT5M8QQ+efYHPvsF
Bj7V7AY+NBwIPlQoBD481AY+8osIPv7JBj754Qo+TG8KPkkBCT7Ofgk+xWwHPsWJBz6n6wY+
xsYFPhe8BT7kTwQ+eR0FPsmCCT5srAg+tocFPvh3Bj5fEws+wykFPiqbCT62ZQg+JWAKPlGa
CD41Ewg+h6AGPv3+DD78fAw+tjoIPlZzCD4orQo+lcYHPjwiDD4dKQY+8OIHPvdsCT5iswo+
hu0MPlkNDD7iUwg+HskKPi2eCj4C5Ag+azMMPrplCj6oqgo+qRAMPiljCz5iqgs+nrQLPqMH
Dz564w4+9N8KPtgiDD4Y3wo+2qcMPv8aDj5xnwo+2hoKPvsCDz7Kzw0+H8wPPpRJDj49xgw+
na8HPnKBDD4gtAw+OzIOPvTqCz42rgw+wF8PPhGHCj7vCAs+08EPPtosDT6qYw0+NcAOPgtj
Dj4OQQw+GpIOPmWbDz4/VA8+jXMOPpMUFT5osQw+UjoMPofODz7x4RE+0d4NPuKGDj7x8g8+
otYSPlq7ET6rww8+OY0PPpgRDD4PzA8+/VgSPrOPET6VzQw+cuEQPiXgET568xE+W+YPPoFo
Dz4JDhE+bq4SPurIEz6XARA+feMOPvwGET7Jlg4+yi8QPoRoET4lbBU+NcoSPm64ET5kQhI+
MSEPPl/uDz5eghI+0ecSPhSqFD7h8BE+6k8SPliYEj7tiBQ+YA0QPqMeEz67whE+ZSIUPgVr
DT5C+w4+x1wQPndpEj5V1hA+yRQTPkTdEz5SrBE+R7QTPtJ6FD6rlRY+mRoUPnHiED7sRxE+
a4MRPm7QEz7dtxI+pfwUPr7dFT7u3RQ+tEISPt05Ez5gNhQ+svcQPsYDFT51OhA+tcETPsck
GD40UBE+KSkUPgBuFT6yGRU+QP0RPra9Ez6kKhY+DFkUPrc4FT5tgBU+pMwTPnE+FT5f7Rc+
nb0RPuc4GD6CfhU+ON8VPhrYFT6nxBQ+nVcSPvBLFz7WJxY+cv4VPrh9FT7I9hg+MKMXPqt4
Fz7XiRY+k+4RPqL+GD4aUBU+pvUUPvSQFD65bBY+Op0XPuJnGj4blhw+37sUPjs9Fj4p0RY+
iS0YPmp1GD7kMRU+S5kYPqSZGz7SOxc+V4IYPgJBFD6LUBY+gccYPsK2GT7hnhk+TLIVPmIq
Gj5rqRo+Qk0YPg9IFz7PBhY+nXoYPkpsFj4CQB4+dN8WPqX2GD4B8xo+7EQfPtWdFT7Qyhs+
rTMXPmdBGD4WzRk+olQbPh5JGT7xThk+6XsYPiS6GD4qSRs+AVIfPrjwGj4NkRo+F8gZPmaY
GT6pMRY+Oi4aPsnNGT66txc+UgofPhjfGz71oRw+HlUgPkKMHj7JRBw+ljkbPjbbFT4DWBs+
OY4fPl2pHj4DTxw+VeQcPvZ8HD6WZhs+PxQdPjtJHj7WeRo+KAscPpvuGD5uJB8+lrUXPllh
HT5qRB0+rcwbPlhOHD7J4Rk+43scPs14Gj7pcx4+IgYdPocoHj52lx0+qjAfPu3zHT50sh8+
MUkbPgRVGT4gjx0+vnsgPkf2HD5EjB4+7jQdPoWsHT7IuR4+4aQhPtvIHT5+jh0+n0IcPjGg
HT4mVh4+GqcbPrejHj6EoyA+h90cPrYNHz4SBB0+EDYfPlvAIT5bPCE+nwIgPinnHj58BCE+
NaUgPlJ+ID467yA+2eUgPpcKIT5NqR8+</AssayYData></Step><Step><CommonData><SampleLocation>4</SampleLocation><SampleID>AB</SampleID><SampleGroup></SampleGroup><SampleInfo>in Running Buffer</SampleInfo><SampleRow>E</SampleRow><SamplePlate>1</SamplePlate><WellType>KLOAD</WellType><Concentration>1.25</Concentration><ConcentrationUnits>µg/ml</ConcentrationUnits><MolarConcentration>1250</MolarConcentration><MolarConcUnits>nM</MolarConcUnits><MolecularWeight>-1</MolecularWeight><Temperature>30</Temperature><StartTime>489660</StartTime><AssayTime>20</AssayTime></CommonData><FlowRate>1000</FlowRate><StepType>LOADING</StepType><StepName>Loading</StepName><StepStatus>OK</StepStatus><ActualTime>20</ActualTime><CycleTime>0.2</CycleTime><AssayXData Points="100">vv/RQ1gZ0kPQMtJDi0zSQwRm0kO+f9JDN5nSQ/Gy0kOLzNJDBObSQ77/0kNYGdND8TLTQ2pM
00MkZtNDnX/TQ1iZ00PQstNDi8zTQwTm00O+/9NDWBnUQ9Ay1ENqTNRDBGbUQ51/1EM3mdRD
8bLUQ4vM1EMk5tRDvv/UQ5kZ1UPxMtVDakzVQyRm1UOdf9VDN5nVQ/Gy1UNqzNVDJObVQ77/
1UM3GdZD0DLWQ4tM1kMkZtZDnX/WQzeZ1kPQstZDaszWQwTm1kOd/9ZDNxnXQ/Ey10NqTNdD
JGbXQ51/10M3mddD0LLXQ2rM10Mk5tdDnf/XQzcZ2EPQMthDi0zYQwRm2EOdf9hDN5nYQ9Cy
2ENqzNhDBObYQ53/2EM3GdlDEjPZQ4tM2UMEZtlDnX/ZQzeZ2UPxstlDi8zZQwTm2UO+/9lD
NxnaQ/Ey2kOLTNpDBGbaQ75/2kNYmdpD8bLaQ4vM2kMk5tpDvv/aQ1gZ20PxMttDi0zbQyRm
20O+f9tDWJnbQ/Gy20OLzNtDJObbQw==</AssayXData><AssayYData Points="100">8c8gPkhxLD4PRjc+pEM/Pi/uRj6k2kw+OftRPmhSVz6JzV8+hJVjPjZjbT5scnI+5rF0Ph8N
fD4qNIM+R6CEPtITiD4934o+XOeMPmAfkj60jZA+6amVPkWlmD41f5o+vX2ePlxQoT7dLKQ+
1CKnPmRfqz4p660+qLexPnjLsj4mUbU+m9K5PmwjvD7YV74+8GjAPvL/wT6Ur8U+IQbKPsEy
zj51lM4+ynzRPtKV0z5IVdg+PEPbPhfa3T6YIOA+pWziPv8W5z7IMeg+BSTsPiFa7T5lJ/E+
imv0PvSp9z6/Tfk+vOH9PiUhAD+2tAE/mBIDP9CeAz86ZQU/+WYGP/9fCD90twk/ZzoLPwls
Cz8Mvw0/anMQPzyeED/yChI/SNUSP7QwFT/f/xY/xcgWP851Fz+uDxs/m9sbP7wDHT/lgB8/
ZmgfP1u2IT/8syI/efgjP+eJJT+E/SY/ceIoP3SuKT+X1yo/eg8tP9dXLj8Mai8/aQgxPyaQ
MT8n7jI/a8k1P4p8NT/eGzg//Tc4Pw==</AssayYData></Step><Step><CommonData><SampleLocation>5</SampleLocation><SampleID>BB</SampleID><SampleGroup></SampleGroup><SampleInfo></SampleInfo><SampleRow>E</SampleRow><SamplePlate>1</SamplePlate><WellType>BUFFER</WellType><Concentration>10</Concentration><ConcentrationUnits>µg/ml</ConcentrationUnits><MolarConcentration>10000</MolarConcentration><MolarConcUnits>nM</MolarConcUnits><MolecularWeight>-1</MolecularWeight><Temperature>30</Temperature><StartTime>516958</StartTime><AssayTime>60</AssayTime></CommonData><FlowRate>1000</FlowRate><StepType>BASELINE</StepType><StepName>Baseline 60</StepName><StepStatus>OK</StepStatus><ActualTime>60</ActualTime><CycleTime>0.2</CycleTime><AssayXData Points="300">vv/bQ1gZ3EPQMtxDi0zcQyRm3EO+f9xDN5ncQ/Gy3EOLzNxDBObcQ77/3ENYGd1D8TLdQ4tM
3UMkZt1DnX/dQ1iZ3UPQst1DaszdQwTm3UO+/91DWBneQ9Ay3kNqTN5DJGbeQ75/3kNYmd5D
0LLeQ4vM3kMk5t5Dvv/eQ1gZ30PxMt9DakzfQyRm30O+f99DeJnfQ9Cy30OLzN9DBObfQ53/
30O6GeBD8TLgQ2pM4EMEZuBDnX/gQzeZ4EPxsuBDi8zgQwTm4EOqAeFDWBnhQ/Ey4UOLTOFD
JGbhQ51/4UNYmeFD8bLhQ4vM4UMk5uFDvv/hQ1gZ4kPQMuJDDk3iQwRm4kOdf+JDN5niQ9Cy
4kNqzOJDJObiQ77/4kNYGeND8TLjQ4tM40MEZuND33/jQ1iZ40PQsuNDaszjQyTm40Od/+ND
NxnkQ9Ay5EOLTORDRWbkQ75/5EM3meRD0LLkQ2rM5EME5uRDvv/kQzcZ5UPQMuVDzEzlQwRm
5UOdf+VDN5nlQ9Cy5UOLzOVDBOblQ53/5UM3GeZD0DLmQ2pM5kMEZuZDnX/mQzeZ5kPQsuZD
aszmQyTm5kNBAOdDWBnnQ9Ay50NqTOdDJGbnQ51/50NYmedD8bLnQ2rM50Mk5udDvv/nQ1gZ
6EPxMuhDakzoQyRm6EO+f+hDWJnoQ/Gy6EOLzOhDJOboQ77/6ENYGelD8TLpQ4tM6UMkZulD
vn/pQ1iZ6UPxsulDi8zpQyTm6UO+/+lDmRnqQ9Ay6kOLTOpDJGbqQ75/6kNYmepD8bLqQ2rM
6kMk5upDvv/qQ1gZ60PxMutDi0zrQyRm60O+f+tDWJnrQ9Cy60OLzOtDBObrQ77/60NYGexD
8TLsQ2pM7EMkZuxDnX/sQzeZ7EPxsuxDaszsQyTm7EMmAe1DWBntQ/Ey7UOLTO1DJGbtQ51/
7UNYme1D0LLtQ4vM7UMk5u1Dvv/tQ1gZ7kPQMu5DakzuQwRm7kO+f+5DN5nuQ9Cy7kNqzO5D
BObuQ53/7kM3Ge9D8TLvQ4tM70MkZu9Dvn/vQzeZ70Pxsu9DaszvQwTm70Od/+9DNxnwQ/Ey
8ENqTPBDBGbwQ51/8EM3mfBD8bLwQ4vM8EME5vBDvv/wQzcZ8UPQMvFDi0zxQyRm8UO+f/FD
WJnxQ/Gy8UNqzPFDJObxQ53/8UM3GfJD0DLyQ4tM8kMEZvJDnX/yQzeZ8kObtPJDaszyQwTm
8kO+//JDmRnzQ/Ey80NqTPNDJGbzQ51/80M3mfND0LLzQ2rM80ME5vNDvv/zQ1gZ9EPQMvRD
akz0QwRm9ENogfRDN5n0Q9Cy9ENqzPRDBOb0Q77/9ENYGfVD8TL1Q2pM9UMEZvVDvn/1QzeZ
9UPQsvVDi8z1QwTm9UO+//VDmRn2Q9Ay9kOLTPZDRWb2Q75/9kNYmfZD8bL2Q4vM9kMk5vZD
/gT3Q1gZ90PxMvdDi0z3QyRm90O+f/dDWJn3Q/Gy90OLzPdDJOb3Q77/90NYGfhD8TL4Q4tM
+EMkZvhDvn/4Q1iZ+EPQsvhDi8z4QwTm+EO+//hDWBn5Q/Ey+UOLTPlDJGb5Q75/+UNYmflD
17P5Q2rM+UMk5vlD</AssayXData><AssayYData Points="300">r3iPP4lWkD8KQJA/e5OQPzufjz85244/tQGPP9+Vjj/ptI0/koSNP5OQjT9xdY0/PTqMP2A0
jD+7+4s/x5WLP3p1ij8VcYo/bIuKP7YSij8Fmok/pTqJP66miD9zzog/dxyIP4M/iD+14Ic/
G/KGP+Uehz8A4oY/wtqFP4Ffhj+aboU/O2KFP9LphD8c2IQ/CWGEP3oVhD+dTIM/7DCDP6G0
gj8bYoI/6eCBP2a3gT9Kb4E/qkSBP4PfgD+FbIA/CDCAPzgefz9Uwn4//hd+P24ufT+Xk3w/
u/p8P9hoez+cLno/IhZ6P8QAej9JNHk/BsN4P/2sdz8gSnc/Ln12P2/8dD8dwHQ/k7d0P38Q
dD8qQnM/dZ5zPxL8cT9jnnE/79pwP7aUcD/kwm4/bgpuPwyLbj9qVW0/qz9sPyZXbD8kb2w/
puBrPxdzaj8dQ2o/4a5pP7IaaD/8w2g/i8BnP8jKZj9YsGY/tQdmP8NfZT9gDGU/XzplP44+
ZD/OyGM/OyhkPzgUYz8vS2I/LelgPyUwYT9Ps18/5wJgP7IWYD8ktV4/x0hePwPxXT/h5lw/
vrVdP/SeXD9+8Vs/TdRbP9J5Wz/CElo/jd9ZP5+dWT+XmVk/7GtXP0LYVz+pJFc/o2FXP8rj
Vj+FaFU/UeZVP+xnVT/DQFQ/KedTP4BoVD/XmlM/x8JRP9YCUz9bJVI/Ly1SP3UPUT84k1E/
IGxQPxdrUD8n5k8/A4tPPwScTT8ne04/+vdNP1JqTj/8Uk0/xMpMP4gwTD+yPks/BDhLP+w4
Sz+eJ0s/emtKP1IZSj+v3kk/YFtKPwIDST+Sgkg/Xp5IP4R5Rz893EY/R4FHPyEbRz+PcUY/
mSJGP+TkRT8PkkU/i/BEP079RD/zEkQ/cv9DP3+4Qz8kt0M/H6BDPxnYQj/hkkI/ADdCPyLM
QT8M+0A/Jr1BP95cQT9EcUE/s54/PwIpPz/HXD8/fYw/P5zbPj9AZz8/pBY+P1QUPj9NXz4/
cHo9PzldPT8phzw/fZU8P+LJPD+ubDw/FjM7PydAOz/hVTs/no87P72VOj/hTDo/NJs6P2KU
OT/bLTk/F9k4P6JlOD9llzg/WmI4PyLZOD/fGDg//qU3P2yRNz8u6DY/s2M2P79ANj/vRDY/
0zI3P62JNT+tizU/Ids2P+VENT/G+DQ/GpU0P92nND/QgjQ/mH0zP74AND+ftDI/TtAyP/uH
Mz/MgTI/0YwyP8MIMz/AizI/7YAyPy2uMj+SxjE//ZQxP3jMMT8zJTE/coIwP2RFMT//FTA/
XIMwPyYkMT/BxC4/F1EwP9uaMD9cfy8/BwUvP8SgLj/7Ii4/RustP07hLj8Y3i0/gCEuP2Pb
LT+lxyw/5lItP+WQLT9pMi0/KbEsP/YtLT9vTyw/eqAsP+eSKz/FySw/AaQsPz+cKz8oYSs/
6ccqP67cKz/tBSs/mDMqP6U4Kz/K6Ck/MQMqP0M4Kj8TQSk/ENopP68xKT/Ikyk/cM8oPwV8
KD/4zig/AqAoP+fwKD8Tuig/XQsoP2dfKD9jeyg/gtQnP24gKD/rTCc/RMEnPxqDJz+QyCY/
iyonPwGUJz89JSc/</AssayYData></Step><Step><CommonData><SampleLocation>6</SampleLocation><SampleID>Running Buffer</SampleID><SampleGroup></SampleGroup><SampleInfo>in Running Buffer</SampleInfo><SampleRow>E</SampleRow><SamplePlate>1</SamplePlate><WellType>BUFFER</WellType><Concentration>-1</Concentration><ConcentrationUnits>µg/ml</ConcentrationUnits><MolarConcentration>-1</MolarConcentration><MolarConcUnits>nM</MolarConcUnits><MolecularWeight>-1</MolecularWeight><Temperature>30</Temperature><StartTime>584771</StartTime><AssayTime>20</AssayTime></CommonData><FlowRate>1000</FlowRate><StepType>BASELINE</StepType><StepName>Baseline 20</StepName><StepStatus>OK</StepStatus><ActualTime>19.999</ActualTime><CycleTime>0.2</CycleTime><AssayXData Points="100">vv/5QzcZ+kPQMvpDi0z6QyRm+kOdf/pDN5n6Q9Cy+kNqzPpDJOb6Q53/+kM3GftD0DL7Q2pM
+0PpZvtDnX/7QzeZ+0PQsvtDasz7Q6fm+0Od//tDNxn8Q9Ay/EOLTPxDJGb8Q51//EM3mfxD
0LL8Q4vM/EME5vxDnf/8Q4sc/UPQMv1Di0z9Q0Vm/UOdf/1DHJr9Q/Gy/UNqzP1DBOb9Q53/
/UN4Gf5D8TL+Q4tM/kMkZv5Dvn/+Q1iZ/kPxsv5Di8z+QyTm/kO+//5DWBn/Q/Ey/0MvTf9D
JGb/Q75//0NYmf9D8bL/Q4vM/0Mk5v9Dnf//Q6wMAESJGQBERSYARBIzAETPPwBErEwARHlZ
AERFZgBEEnMARN9/AESsjABEeZkAREWmAEQSswBEUsAARKzMAER52QBEReYARBLzAETf/wBE
rAwBRHkZAUQ1JgFEEjMBRN8/AUSbTAFEeVkBREVmAUQScwFE338BRKyMAUR5mQFERaYBRAKz
AUTfvwFErMwBRGjZAURF5gFEAvMBRA==</AssayXData><AssayYData Points="100">IeDnPltOuz4kBKE+5+ePPvG6hj6ocII++fl3Pswfdj4lonk+Ezl4PuCrdT4ElHI+CTV3Pox8
dz7uPHg+XAN2PkIrdz6l2HY+iY14PnlPfT4uM3k+oCZ5Pidmej56Dns+JKZ+PrJieD4p9Ho+
yz18Psi4fT5mg30+y/V+PmmWfD7k8nw+fkR7PgNkfD4nsnw+JZZ8PiTEej5UY34+KLN+PlNO
gD7qZnw+/sCAPkV+fz4Y+34+2GyAPkBofT4Y93s+UBN+Pn1rfz5SZH0+xdKAPhh/fz5lL38+
RwJ/PqO9fj7m04A+okSAPgMUfz6TT4E+SkV9PiNXfz5zoH4+/FGAPpAsfj5imYA+mPh9PgyJ
gz5uIYA+z+KBPrQOgT6lK4A++ieCPj1ogT4qzYA+RP6APjU6gj43XYE+T4mBPgoggT6h/n4+
K16BPmmQgT6V0YI+qTKAPq2ngT5S5YA+PCCBPhgEgD5U9YE+YtOCPox5gT5zkII+ux+CPvNB
gz4TN4M+O2aCPsHSgz5oJYE+7ruBPg==</AssayYData></Step><Step><CommonData><SampleLocation>7</SampleLocation><SampleID>aKappa 50ug/ml</SampleID><SampleGroup></SampleGroup><SampleInfo></SampleInfo><SampleRow>E</SampleRow><SamplePlate>1</SamplePlate><WellType>KSAMPLE</WellType><Concentration>-1</Concentration><ConcentrationUnits>µg/ml</ConcentrationUnits><MolarConcentration>-1</MolarConcentration><MolarConcUnits>nM</MolarConcUnits><MolecularWeight>-1</MolecularWeight><Temperature>30</Temperature><StartTime>613075</StartTime><AssayTime>120</AssayTime></CommonData><FlowRate>1000</FlowRate><StepType>ASSOC</StepType><StepName>Association</StepName><StepStatus>OK</StepStatus><ActualTime>119.999</ActualTime><CycleTime>0.2</CycleTime><AssayXData Points="600">z/8BRJwMAkRpGQJENSYCRAIzAkS/PwJEnEwCRGlZAkQ1ZgJEE3MCRM9/AkScjAJEaZkCRDWm
AkQCswJEz78CRJzMAkRp2QJENeYCRALzAkTP/wJEnAwDRGkZA0Q1JgNEAjMDRL8/A0ScTANE
u1kDRDVmA0TycgNEz38DRIuMA0RYmQNENaYDRAKzA0S/vwNEnMwDRFjZA0Q15gNEAvMDRM//
A0ScDAREWBkERDUmBEQCMwREzz8ERJxMBERYWQRERmYERERzBETPfwREnIwERGmZBEQlpgRE
ArMERM+/BESczAREmtkERDXmBETy8gREv/8ERIsMBURpGQVENSYFRPIyBUTPPwVEi0wFRFhZ
BUQ1ZgVEAnMFRM9/BUSLjAVEaZkFRCWmBUTysgVEv78FRJzMBURp2QVENeYFRPLyBUS//wVE
iwwGRGkZBkR3JgZE8jIGRL8/BkScTAZEWFkGRCVmBkTycgZEv38GRIuMBkRYmQZEJaYGRAKz
BkTPvwZEi8wGRFjZBkQl5gZE8vIGRM//BkSLDAdEWBkHRCUmB0TyMgdEN0EHRJxMB0RYWQdE
NWYHRBNzB0S/fwdEnIwHRFiZB0QlpgdE8rIHRL+/B0SLzAdEWNkHRCXmB0QC8wdEv/8HRIsM
CES7GQhENSYIRPIyCETPPwhEi0wIRFhZCEQ1ZghEAnMIRL9/CESLjAhEaZkIRCWmCEQCswhE
z78IRIvMCERp2QhENeYIRALzCETP/whEnAwJRGkZCUQ1JglEZDMJRM8/CUScTAlEaVkJRGdm
CUQCcwlEz38JRJyMCURpmQlENaYJRAKzCUTPvwlEnMwJRInZCUQ15glEAvMJRM//CUTdDApE
aRkKRDUmCkQCMwpEzz8KRM1MCkRYWQpENWYKRAJzCkTPfwpEnIwKRGmZCkQ1pgpEArMKRL+/
CkSczApEadkKRDXmCkQC8wpEz/8KRJwMC0RYGQtEdyYLRPIyC0TPPwtEnEwLRFhZC0Q1ZgtE
8nILRM9/C0ScjAtEWJkLRDWmC0QCswtEv78LRJzMC0Rp2QtENeYLRPLyC0S//wtEnAwMRFgZ
DEQlJgxEAjMMRM8/DEScTAxEWFkMRDVmDETycgxEv38MRIuMDERYmQxENaYMRPKyDES/vwxE
i8wMRHnZDEQl5gxE8vIMRL//DEScDA1EqhkNRCUmDUQjMw1Ezz8NRJxMDURYWQ1EJWYNRPJy
DUS/fw1Ei4wNRFiZDUQlpg1E8rINRM+/DUSczA1EadkNRCXmDUTy8g1Ev/8NRIsMDkRYGQ5E
JSYORAIzDkTPPw5Ei0wORFhZDkQlZg5E8nIORL9/DkScjA5EupkORCWmDkTysg5Ez78ORKzM
DkRY2Q5EJeYORPLyDkS//w5EiwwPRHkZD0QlJg9EAjMPRL8/D0SLTA9EeVkPRDVmD0Tycg9E
v38PRIuMD0RYmQ9EJaYPRPKyD0TPvw9EnMwPRGnZD0Q15g9EAvMPRM//D0ScDBBEaRkQRDUm
EEQCMxBEzz8QRJxMEESaWRBENWYQRAJzEETPfxBEnIwQRGmZEEQ1phBEArMQRN+/EESczBBE
adkQRCXmEEQC8xBEIQARRJwMEURpGRFENSYRRAIzEUTPPxFEi0wRRGlZEUQ1ZhFEAnMRRM9/
EUScjBFEWJkRRDWmEUQCsxFEz78RRIvMEUS62RFENeYRRALzEUS//xFEnAwSRGkZEkQ1JhJE
8jISRM8/EkScTBJEaVkSRDVmEkQCcxJEv38SRJyMEkRpmRJENaYSRPKyEkSDwBJEi8wSRFjZ
EkQ15hJEAvMSRL//EkSLDBNEWBkTRCUmE0QCMxNEzz8TRItME0RpWRNENWYTRPJyE0TPfxNE
i4wTRGmZE0QlphNEArMTRM+/E0T+zBNEWNkTRCXmE0QC8xNEz/8TRM0MFERYGRREJSYURPIy
FES/PxREi0wURFhZFEQ1ZhREAnMURM9/FEScjBREWJkURDWmFETyshREv78URIvMFERp2RRE
VuYURPLyFETP/xREiwwVRFgZFUQlJhVE8jIVRL8/FUSLTBVE7FkVRCVmFUTychVEv38VRIuM
FURYmRVEJaYVRAKzFUS/vxVEi8wVRFjZFUQl5hVE8vIVRPD/FUSLDBZEWBkWRCUmFkQCMxZE
zz8WRItMFkRpWRZEJWYWRAJzFkS/fxZEi4wWRFiZFkQlphZE8rIWRM+/FkSLzBZEadkWRDXm
FkQC8xZEz/8WRJwMF0RpGRdENSYXRAIzF0TPPxdErEwXRGlZF0Q1ZhdE8nIXRM9/F0ScjBdE
aZkXRDWmF0QCsxdEz78XRJzMF0Rp2RdENeYXRETzF0TP/xdEnAwYRGkZGEQ1JhhEAjMYRM8/
GEScTBhEaVkYRDVmGEQCcxhEz38YRJyMGERYmRhENaYYRAKzGES/vxhEvcwYRFjZGEQ15hhE
AvMYRL//GESLDBlEaRkZRDUmGUQCMxlEvz8ZRJxMGURpWRlEJWYZRPJyGUS/fxlEnIwZRGmZ
GUQ1phlE8rIZRL+/GUSczBlEadkZRCXmGUQC8xlEz/8ZRIsMGkRYGRpEJSYaRAIzGkS/PxpE
rEwaRGlZGkQ1ZhpE8nIaRL9/GkScjBpEaZkaRDWmGkTyshpEz78aRJzMGkRp2RpENeYaRPLy
GkTP/xpEiwwbRFgZG0QlJhtEAjMbRM8/G0ScTBtEWFkbRDVmG0TychtEv38bRJyMG0RYmRtE
NaYbRPKyG0TPvxtEi8wbRJrZG0Ql5htEAvMbRL//G0SLDBxEWBkcRCUmHETyMhxEvz8cRItM
HERYWRxEJWYcRAJzHES/fxxEi4wcRFiZHEQlphxEE7McRL+/HESLzBxEWNkcRLjmHEQC8xxE
z/8cRIsMHURpGR1EJSYdRAIzHUS/Px1EnEwdRFhZHUQlZh1EAnMdRL9/HUSLjB1EWJkdRDWm
HUQCsx1Ev78dRIvMHURp2R1ENeYdRALzHUTP/x1EnAweRGQbHkQ1Jh5EAjMeRM8/HkScTB5E
aVkeRDVmHkQCcx5Ez38eRJyMHkRpmR5EVqYeRAKzHkS/vx5EnMweRFjZHkQ15h5EAvMeRL//
HkScDB9EaRkfRDUmH0QCMx9Ezz8fRItMH0RpWR9ENWYfRAJzH0RCgB9Ei4wfRGmZH0Q1ph9E
ArMfRN+/H0SczB9EWNkfRCXmH0Ty8h9E</AssayXData><AssayYData Points="600">f1bsPhCJAz9VYgg/uuIKPyrMCz8JLQw/zEUMP5YTDT8Oiw0/hKQNP4MdDz/T6Q0/ky0PP+a3
Dj9/2A8/RhUQPy/hED9SPBA/EZcQP3qFED8ZORE//tsRP9ghEj+A1hE/gsgSP3dAEz+ABBM/
H8MSP8AjEz8GXBQ/pGsTP5N0FD9UWxQ/83sUPyKoFT+oqBU/KmQWP7wqFj8b+RY/LGYWP4aI
Fz8z+hY/BmQYP1a3Fz8/aRg/6MQXP8ZSGD8/ghg/7BQZP9TTGD8VxRk/IpIZP2tyGj/HnBk/
hL8aPwq1Gj+JJhs/JE4bP1MVHD9TqRs/wZMbP/f6Gz+PDR0/TcAcPzieHD9HKx0/D48cP0M4
HD/XMR0/9A4eP7mvHD9azBw/WZUdPz3gHj9cfR4/nbweP02zHj8lER8/tOoeP9nFHj/pQSA/
17cfP7KEHz+r6B8/pIcgP2zZHz9VFiA/xgkgP8J9ID/5TSE/p5ggP2hoIT8njiE/xb8gP72M
IT9IdiE/3JQhP1W6Ij9WDyM/C7QiP32fIT9YMSI/U0EjP6x2Iz9dTSI/ah8jPy9mIj9keSI/
R9YjP9gZJD+3KiM/IdMkPx2jJD9RoSM/ibIkP0QxJD/RlyQ/em0kP2QNJD+GgiQ/U80lP2Xm
JD8/hSU/gNAlP9eNJD/RkCU/TVMlP2cpJj+FoiY/NiwmP1dhJj/aLCY/ojEmP/kBJz8oECY/
/PUlPy6WJj9qISc/+6clPzr6JT9sMCc/z2EnP7rbJz+mtic/ZQgnPxxgJz9dASc/ClooP1dr
KD+qoCc/s1AoP0OVKD+RFCg/bnEoPxz0Jz95Rig/KcIoPy9VKD/FHyk/vuAoP3/IKD9sryg/
wHYoP7YDKj/Y0Sk/ILwpPymtKT/pEyo/yhIqP5XOKT9jBCk/R7MpPzJqKj+Vtik/40AqPxox
Kj9NRCo/S4QqP8jXKj++tCo/W7cqP9QdKz+yISs/3BMsPyPnKj+o7So/tiArP7IXKz+oZis/
NyosP3pPKz/tPiw/ksUrP0wbLD8laCw/YvArPzhfLD/T6iw/DzksPxULLT8L5Ss/lgUsP2Dz
LD+QBCw/lT8tP9vALD8PcCw/EG0tPzwFLT/K4iw/bO8sP3meLT8q/yw/RHEtP0gxLT/KTi4/
GZYtPz8pLT8sty0/mAQuP9BiLT950C0/PpwtP8S5LT/1pC0/b5otP+RHLj/2Ki4/s7suP3lo
Lj9RoC8/l1kuP+F3Lz8ugC4/sDEuP+9SLT8pUS8/5BwvP5t8Lz/OOi4/9WsvP4yILj/qDzA/
fgcvP2OKLz/lQC8/jGMwP7JlLz9INDA/5lcvP3f+Lz9mUjA/T6UwP/NLMD8dmS8/RzYwP4Us
MD+8ry8/zt0vP4INMD/nDTA/86wwP5H7Lz+VGzA/zwUxP/TkMD8Y2jA/3C4xP0H3MD/FxTA/
CVMwPxS6MD8mKzA/P2AxPzwkMD+QjjA/I7YxPys2MT8UFzE/LIQyPztJMj8yxjE/AcIxP80p
MT8GgjE/yBQxP90eMT9/ZTE/vhYyP06dMj81kDE/sH8yP/6fMj+xRTI/busxP2dtMj/nPzI/
mlkyP3dQMj+ZTDI/zfYyP3ieMj+gHTM/HDwzPzmtMz/WtzI/DuAyP7w8Mz+pGTM/zhUzPz3f
Mz8GfzM/HHkzP97yMj8mGDQ/As4zP77SMz/pbjM/aFc0P4DqMz+fazM/TRozP+vEMz/oKDQ/
Z74zP0lpND/fCTQ/Xw80PzenMz/cFTQ/oAA0P8T5ND+dNjQ/CDA0P8OEND9YSDU/IZA0P8MY
NT9g0zQ/oXw0PzW/ND8bvjQ/VRo0P47UND+E+jQ/Jv80PzqdND/1gjQ/Nl40P/ViNT8drzU/
+8U1Pym8ND/KdzU/Cg81P27eND81JDU/Rk81P1dgNT8tOjY/0rQ1P8NuNT/rJjY/W+E1P2Pp
NT8GITU/9N01P805Nj8/QzY/gXU2P3cYNz/hjzY/iSU3P4k2Nj+/kjY/MCM3PwQLNj+m2TY/
8hI3Px01Nj84BjY/0QA3PyHUNj/VXjY/fj82P7+zNj/99jY/0EI2PwagNj9xKTc/xkA3P4sj
OD+OAzc/eR03PySaNz996DY/8cA2P587OD8JODc/z5o3P4QVNz8Qvzc/vQ83P1gROD+43DY/
qIU3P3RmNz8WAzg/8bk2P3jWNj8dBzg/Yxo4PykJOD9+wTc/+hw4P/n9Nz874Tg/RIE4P0T3
Nz/5ETg/9Kk4PyrxOD+96Dc/8Yc4PyylOD94mzg/oRU5P+vHOD/UtTg/7fg3P+bUOD9lATk/
ojM4PzsTOT+o9Tg/20Q4P+/DOD8lXjg/r5c5PzCIOD/k1Dg/Roc5Pyj7OD8Mhzk/KXc5P8xM
OT9f+Dg/tQo6P6IsOT9o1Tk/Bh45P9ILOT9zvzg/fu04P1R5OT8s5Tg/N186P4GpOT8Nkzk/
Tkc4P3RpOD9Pbzk/GFs5Pxg/OT83Sjk/GO45Pwq4OT8UNDo/yO46P6OtOT+H3jo/Pq06P4kC
Oj+EqTo/U2E5P1EGOj9ubjo/EBw7PyTeOj/MvTo/cv45Px3JOT9Zezo/6hc6P/FfOj+h2Tk/
Yzg7P3qcOj8/pzo/esA6P7HJOT+wLTs/Ksw5P9xoOj9SUTo/USY6Pz++Oj9MIjs/dpo7Py2/
Oj/FAzs/qN86PzKcOz9iRzs/uFc7Pz28Oj+sGjs/kk08P6/HOj8ndjs/tI86PydtOz+ktzs/
d6I7PyGjOz+zzjs/Pc47P9VCOz+ORjs/Bq07P/IkOz84xDs/IAM9P1DpOz8aHTw/zEo8P9LZ
Oj/bkTs/VNM7P7Z7PD+eFjw/Oi48PyJxOz8A5Tw/KZs7P6DYOz+OqTw/3gw8P68qPD/VMDw/
bc08P6hCPT8Zmjw/qxo8P4dBPT/7Ijw/ZJc9P588PT9ZaDw/zeE8P+abPD/Enjw/SdY8PyyO
PT+Nij0/w/Q8P2lAPT9Bij0/6BQ9P4q3PT91VD0/EOQ7P3VLPT/TPj0/XYA8P/V4PT9Z6Dw/
JI88P1zsPj+j4Dw/ENU9PxDtPT9Imz0/QHE9Px3lPT+t4T0/U9s9P3NfPT/W0Tw//PE9P1vR
PT+zdD0/vmE9P6jXPT/ywz4/VuM9PzhHPT/B+D0/kVQ9P5pSPj+pez0/I4k+P6l7PT/tkjw/
egA+P8vjPT+WoT4/nVk+P9x9Pj/GWj4/</AssayYData></Step></KineticsData></ExperimentResults>
