<?xml version="1.0" encoding="UTF-8" standalone="yes"?>
<ExperimentResults><ExperimentInfo Name="20250917 PE P5216 - 5377 plate 1 kappa 50 ugl"><ExpDescription>AHC example method - full characterization&#13;
Analyte titration series with reference channel</ExpDescription><RTDVersion>2.0</RTDVersion><RunID>3B9E1F69-E451-4552-8C9D-CFED4D62EEC8</RunID><ExperimentType>KINETICS</ExperimentType><ExperimentSubType>KBASIC</ExperimentSubType><StartDateTime>2025-09-17T14:59:30</StartDateTime><MachineName>BN7KX12</MachineName><UserName>octet</UserName><LotNumber></LotNumber><PlateName>250917</PlateName><PlateName2></PlateName2><SensorName>B3</SensorName><SensorPlate>1</SensorPlate><SensorType>AHC (Anti-hIgG Fc Capture)</SensorType><SensorRole>LIGAND</SensorRole><SensorInfo></SensorInfo><WritingSW>DataAcquisition.exe 11.0.2.1</WritingSW><InstrumentType>OctetRED96</InstrumentType><InstrumentSerial>FB-50284</InstrumentSerial><InstrumentFW></InstrumentFW><IntegrationTime>2.9</IntegrationTime><DSPType>CPF</DSPType><DSPStitching>1</DSPStitching><HasManifest>1</HasManifest><InfoHash>-1083794191</InfoHash></ExperimentInfo><AssayParamsInfo/><KineticsData><Step><CommonData><SampleLocation>1</SampleLocation><SampleID>Running Buffer</SampleID><SampleGroup></SampleGroup><SampleInfo></SampleInfo><SampleRow>B</SampleRow><SamplePlate>1</SamplePlate><WellType>BUFFER</WellType><Concentration>-1</Concentration><ConcentrationUnits>µg/ml</ConcentrationUnits><MolarConcentration>-1</MolarConcentration><MolarConcUnits>nM</MolarConcUnits><MolecularWeight>-1</MolecularWeight><Temperature>30</Temperature><StartTime>0</StartTime><AssayTime>180</AssayTime></CommonData><FlowRate>1000</FlowRate><StepType>BASELINE</StepType><StepName>Baseline 1</StepName><StepStatus>OK</StepStatus><ActualTime>179.999</ActualTime><CycleTime>0.2</CycleTime><AssayXData Points="900">AAAAAM3MTD7NzMw+mpkZP83MTD8AAIA/1XiZP28Ssz/NzMw/ZmbmPzvf/z/NzAxAmpkZQGZm
JkDRIjNAAABAQGq8TECamVlABFZmQDMzc0Ce739AZmaGQM3MjEACK5NAaJGZQAAAoEBmZqZA
nMSsQAIrs0BokblAAADAQDVexkCcxMxAAivTQGiR2UDP999ANV7mQJzE7EACK/NAmpn5QD81
AEEbLwNBTmIGQYGVCUG0yAxB5/sPQRsvE0FOYhZBgZUZQbTIHEHn+x9BMzMjQU5iJkGBlSlB
tMgsQef7L0FMNzNBTmI2QYGVOUHNzDxB5/s/QTMzQ0FmZkZBgZVJQc3MTEHn+09BMzNTQU5i
VkGBlVlBtMhcQef7X0EbL2NBZmZmQZqZaUHNzGxBAABwQTMzc0FmZnZBmpl5Qc3MfEEAAIBB
mpmBQTMzg0HNzIRBZmaGQQAAiEGamYlBMzOLQc3MjEFmZo5BAACQQZqZkUEzM5NBzcyUQWZm
lkEAAJhBmpmZQTMzm0HNzJxBZmaeQQAAoEGamaFBJzGjQc3MpEFmZqZBAACoQZqZqUFYOatB
wcqsQWZmrkEAALBBmpmxQTMzs0HByrRBZma2QQAAuEGamblBJzG7Qc3MvEFmZr5BAADAQZqZ
wUEzM8NBwcrEQVpkxkEAAMhBjZfJQTMzy0HBysxBWmTOQfT9z0GamdFBJzHTQc3M1EFmZtZB
AADYQZqZ2UEnMdtBzczcQVpk3kH0/d9BjZfhQTMz40HNzORBZmbmQQAA6EGamelBMzPrQcHK
7EFaZO5B9P3vQY2X8UEnMfNBzcz0QWZm9kEAAPhBjZf5QTMz+0HByvxBWmT+QfT9/0HHywBC
k5gBQmBlAkIzMwNCAAAEQs3MBEKamQVCZmYGQjMzB0L6/gdCx8sIQpOYCUJgZQpCLTILQvr+
C0LHywxCk5gNQmBlDkIzMw9CAAAQQs3MEEKamRFCYGUSQi0yE0L6/hNCx8sUQpOYFUJgZRZC
MzMXQvr+F0LHyxhCk5gZQmBlGkIzMxtC+v4bQsfLHEKTmB1CZmYeQi0yH0L6/h9Cx8sgQpqZ
IUJmZiJCOTQjQvr+I0LHyyRCk5glQmBlJkI5NCdCAAAoQsfLKEKamSlCZmYqQi0yK0IAACxC
zcwsQpqZLUJmZi5CMzMvQgAAMELNzDBCmpkxQmZmMkKiRTNCAAA0Qs3MNEKamTVCYGU2QjMz
N0IAADhCzcw4QpqZOUJmZjpCMzM7QgAAPELNzDxCk5g9QmZmPkIzMz9CAABAQs3MQEKamUFC
ZmZCQi0yQ0IAAERCzcxEQpOYRUJmZkZCMzNHQvr+R0LNzEhCmplJQmZmSkIzM0tC+v5LQs3M
TEKamU1CZmZOQjMzT0IAAFBCzcxQQpOYUUJmZlJCLTJTQvr+U0LNzFRCmplVQmZmVkIzM1dC
+v5XQsfLWEKamVlCZmZaQjMzW0IAAFxCzcxcQpqZXUJgZV5CMzNfQgAAYELHy2BCk5hhQmBl
YkIzM2NCAABkQsfLZEKTmGVCZmZmQqJFZ0IAAGhCx8toQpOYaUJgZWpCMzNrQvr+a0LNzGxC
mpltQmZmbkItMm9C+v5vQs3McEK4nnFCZmZyQi0yc0IZBHRCx8t0QpOYdUJgZXZCLTJ3QgAA
eELNzHhCk5h5QmBlekItMntC+v57QsfLfEKTmH1CZmZ+Qi0yf0L6/n9C42WAQkrMgEKwMoFC
F5mBQgAAgkLjZYJCSsyCQrAyg0IXmYNCff+DQuNlhEJKzIRCMzOFQheZhUJ9/4VC42WGQs3M
hkKwModCF5mHQn3/h0JmZohC5dCIQrYziUKamYlCff+JQuNlikJKzIpCMzOLQpqZi0IAAIxC
42WMQkrMjEKwMo1CHZqNQgAAjkJmZo5CSsyOQjMzj0KamY9CAACQQmZmkELNzJBCMzORQpqZ
kUIAAJJCZmaSQs3MkkIzM5NCmpmTQgAAlEJmZpRCSsyUQjMzlUKamZVCAACWQmZmlkLNzJZC
MzOXQpqZl0J9/5dCZmaYQkrMmEIzM5lCmpmZQgAAmkJmZppCzcyaQjMzm0KamZtCAACcQmZm
nELNzJxCMzOdQpqZnUIAAJ5C42WeQs3MnkIzM59CmpmfQn3/n0JmZqBCSsygQjMzoUIXmaFC
AACiQmZmokLNzKJCsDKjQpqZo0IAAKRCZmakQkrMpEIzM6VCmpmlQn3/pULjZaZCSsymQjMz
p0KamadCAACoQmZmqELNzKhCsDKpQheZqUJ9/6lCZmaqQs3MqkKwMqtCF5mrQgAArELjZaxC
SsysQjMzrUIXma1CAACuQuNlrkLNzK5CMzOvQheZr0IAALBC42WwQo3XsEKwMrFCF5mxQgAA
skJmZrJCSsyyQrAys0IXmbNCAAC0QmZmtEJKzLRCsDK1QheZtUJ9/7VCZma2QkrMtkKwMrdC
mpm3QgAAuEJmZrhCSsy4QrAyuUKamblCAAC6QuNlukJKzLpCsDK7QheZu0J9/7tC42W8QkrM
vEIzM71CF5m9Qn3/vULjZb5CSsy+QrAyv0IXmb9Cff+/QuNlwELTzcBCsDLBQheZwUJ9/8FC
ZmbCQkrMwkKwMsNCmpnDQgAAxELjZcRCSszEQrAyxUKamcVCAADGQuNlxkJKzMZCMzPHQpqZ
x0IAAMhCZmbIQs3MyEIzM8lCmpnJQgAAykJmZspCzczKQjMzy0KamctCAADMQmZmzELNzMxC
MzPNQpqZzUIAAM5CZmbOQkrMzkIzM89CmpnPQgAA0EJmZtBCzczQQrAy0UKamdFCAADSQmZm
0kLNzNJCMzPTQpqZ00J9/9NCZmbUQkrM1EIzM9VCmpnVQgAA1kJmZtZCzczWQjMz10IXmddC
AADYQuNl2EK43thCzzfZQpqZ2UIAANpCZmbaQkrM2kIzM9tCmpnbQn3/20LjZdxCzczcQjMz
3UKamd1CAADeQmZm3kJKzN5CMzPfQheZ30J9/99C42XgQs3M4EIzM+FCmpnhQn3/4UJmZuJC
zcziQrAy40IXmeNCAADkQmZm5EJKzORCMzPlQheZ5UJ9/+VC42XmQkrM5kKwMudCmpnnQgAA
6ELjZehCSszoQrAy6UKamelCAADqQmZm6kJKzOpCsDLrQheZ60IAAOxCZmbsQkrM7EKwMu1C
F5ntQn3/7ULjZe5CzczuQrAy70IXme9CAADwQmZm8EJKzPBCsDLxQheZ8UJ9//FCZmbyQkrM
8kIzM/NCF5nzQhID9ELjZfRCSsz0QrAy9UKamfVCff/1QuNl9kJKzPZCMzP3QheZ90J9//dC
42X4Qs3M+EKwMvlCF5n5Qn3/+ULjZfpCzcz6QjMz+0IXmftCff/7QuNl/EJKzPxCsDL9QpqZ
/UJ9//1CZmb+Qs3M/kKwMv9Cmpn/QgAAAEMzMwBDmG4AQ5qZAEPNzABDAAABQzMzAUNmZgFD
mpkBQ83MAUMAAAJDMzMCQ2ZmAkOamQJDzcwCQwAAA0MzMwNDZmYDQ1iZA0PNzANDAAAEQzMz
BENmZgRDWJkEQ83MBEMAAAVDMzMFQ2ZmBUOamQVDzcwFQwAABkMzMwZDZmYGQ5qZBkPNzAZD
AAAHQzMzB0NmZgdDWJkHQ83MB0O+/wdD8jIIQ2ZmCEOamQhDzcwIQwAACUMzMwlDZmYJQ+Ga
CUPNzAlDAAAKQ/IyCkNmZgpDmpkKQ83MCkMAAAtD8jILQ2ZmC0OamQtDzcwLQ77/C0PyMgxD
JWYMQ1iZDEPNzAxDvv8MQzMzDUMlZg1DmpkNQ4vMDUO+/w1D8jIOQyVmDkOamQ5Di8wOQ77/
DkMzMw9DZmYPQ1iZD0PNzA9Dvv8PQzMzEEMlZhBDWJkQQ4vMEEMAABFDMzMRQ/BnEUOamRFD
zcwRQwAAEkPyMhJDJWYSQ1iZEkOLzBJDvv8SQ/IyE0NmZhNDmpkTQ4vME0O+/xNDMzMUQyVm
FENYmRRDi8wUQ77/FEPyMhVDZmYVQ1iZFUOLzBVDAAAWQ/IyFkNmZhZDWJkWQ4vMFkMAABdD
8jIXQyVmF0NYmRdDi8wXQ77/F0PyMhhDZmYYQ1iZGEOLzBhDvv8YQ/IyGUNmZhlDWJkZQ83M
GUO+/xlDMzMaQ6hmGkOamRpDi8waQwAAG0PyMhtDJWYbQ1iZG0OLzBtDAAAcQzMzHENmZhxD
mpkcQ83MHEMAAB1DMzMdQ2ZmHUOamR1DzcwdQwAAHkMzMx5DZmYeQ5qZHkPNzB5DAAAfQzMz
H0NmZh9DmpkfQ83MH0MAACBDMzMgQ2ZmIENYmSBDzcwgQwAAIUMzMyFDZmYhQ5qZIUPNzCFD
AAAiQ/IyIkMlZiJDmpkiQ4vMIkMAACNDMzMjQ2ZmI0OamSNDzcwjQwAAJEMzMyRDZmYkQ5qZ
JEPNzCRDvv8kQzMzJUNmZiVDmpklQ83MJUMAACZD8jImQyVmJkNYmSZDi8wmQwAAJ0MzMydD
ZmYnQ5qZJ0OLzCdDvv8nQzMzKENmZihDmpkoQ83MKEO+/yhDMzMpQyVmKUOamSlDzcwpQwAA
KkPyMipDJWYqQ1iZKkPNzCpDAAArQzMzK0NmZitDmpkrQ4vMK0O+/ytD8jIsQyVmLEOamSxD
zcwsQ77/LEPyMi1DZmYtQ5qZLUPNzC1Dvv8tQzMzLkNmZi5DmpkuQ4vMLkO+/y5D8jIvQyVm
L0NYmS9DzcwvQ77/L0MzMzBDJWYwQ1iZMEOLzDBDvv8wQ/IyMUMlZjFDmpkxQ4vMMUO+/zFD
8jIyQyVmMkNYmTJDi8wyQ77/MkPyMjNDJWYzQ1iZM0OLzDND</AssayXData><AssayYData Points="900">AAAAAA1TtrrqnCk7RLWrO2WNqTvBvT07VuiIO/Ow/jthCgg8zeovPHXoBzwXpmQ8dhwqPOiz
Mjz/DGk8CH1nPLPjRjyi5IY8NPVlPNe8cjwBIIU80sN6PH4tfzwUUG08RdKiPP8imTwKxqc8
WAa2PALNqDzFMbM8bRyvPGEdrDybtqU8k/utPGH0rTyERqA8YbK6PJL51TxyytI8JA/CPB6a
4DyJ8sI8QxzmPOL85Tyf9+U8iBbhPJJf4jz3eP48mlnbPNaGDz1/WgM9XOfoPLsy/zylxvY8
0Wr2PO5cCz0r1Bo9N64NPU1xBT08ngc95UYOPQ1rGT3yvCE9Cb4bPTJZID0JDhM95SUiPRp7
Gj0QAy89bHMjPdVeMT2UrDc9qwIfPR0FKz1/+CA9gLQaPfoqMz1AIzY9SpM6PdbHHz2r+C09
sPY1Pet1Nj0wO0A9jUI7PU5qNT3mnzk909hIPTs7TD3VKkM96UM8PQMUPT1FuD89irU+PZQO
RT3Y0Eg96blEPUruST1Olk09ry1MPag3UT0cTmM9owtcPZy7Yj1bXWA99adiPWgAXz15MGA9
AVxhPW0oXj3APWg9aQZkPRZmfD0ssWY9UQV0PbKQaT04vHA9XLFzPWARaz2vz3U93oBwPeUw
eD1KL2w9dEt9Pcj1cD3arHQ9DOl0PYJndD1HQH49FwB2PWXVdz0f73095fmHPQKrgj1BFoQ9
GwuOPUxMhD2P7Iw9vseJPaqhhD2tf4Y9pViIPQwFij3QNYY9QayHPR2pij1R6Io9SmeMPQDC
jT1kIo89Y6qMPcYOlD0Gkoo9Jf6VPTzhmD2D8I09pOqYPfcFlT0vXZg9QPqVPanslD2rkZk9
nxiRPWTYmT3pC5Y94oKZPTrFnj3IdZo97tWdPRINmT1hF5g9nlyjPcByoD0YbJw9xlWfPYk6
oz3eMJ09WIydPb/poz2QfaA9N3apPcGPoT1Pfqo9mJGgPcFqqD38+aY9ZiaqPZKvnT1msKs9
dVOuPRLBrD3lDqU9hfOrPeaEpj3JWrE9fOyuPR/EsT1O3609dl6xPaoVsD35GrE9gr60Pd+/
sT30G7I9qw2yPStXtD0d5rI9kAe0Pe1vrj27TrQ9BlS2Pa3CsT06fLo96qG1PSj/uD29tbg9
aQy0PWGJvT0X2789N8HEPXmrtD2nE7c9GFK/PcEHwz0vOsM9gYDBPfKbxD1NqLw9skXEPW21
vz0BM8E9UtHIPQPywz3HHMM9+6/EPaVExT0h3789kJLHPbMTyD0GZMM99tzIPUipwz39PMs9
DKfAPZeFzD1n0c89JIzCPcslzD2AVtE9Je7HPYJAzj0xo889KcrPPUK0zj2BSMk9+Q7KPRIR
1j1Gj9E9LD7YPfGb0T0PJdk9uy3NPdY91j3jf8w9qoLaPWTo2z3nIdk9c0PUPSxT2T37N9c9
smzXPTof3T2JO9s9FIbePTZ73z2L8ts9j2PYPYKX2T00Jds9yz7ZPW4y3z2Ce9w9C1vdPUAl
3z2g2tQ9F1HWPTnj3T1Ys+g9tnvfPb1V2T1kieI9i5fiPRm34z1M2d89UW7nPQod4T0lZuQ9
XhvvPfjB6z3pk+I9wtjmPYhu4z2Ere49E5TqPdL05z2UNu09WGfvPeky5z1in+g91znwPSy4
7T2oI+Y9353sPX1n8z0SaO89g0f2PbMp7j3X6fI9pxT3PfB+7D1fc/U9VdvtPYyf+D0IHe49
J/b3Pf1b9z0F/PA96kP5PTdx9j2+u/k9dxD7PY9W8j22JvY93x74PTwc/j0GQfo9CQj1Pcbw
/j18SwA+iTEAPlfr+j2LGvw9nfDzPZXeBD43lvw92H77PReBAT5fpQI+jyUCPjo/Aj4wF/49
W0cBPiRp/j3a9QE+tHL7PfXXAT64cAE+KdH+PRSK/j0DuAA+T4kDPgG/AD6OZgA+nn8CPu5P
BD7iYgE+SOMBPts0Bj7iJQU+ix8DPqtkAz72fAI+rE4FPu55Aj7y3gQ+AdIFPpQ7BD44Bws+
u9MGPugmCT6adgc+CHQJPmrEBj557wg+584FPq4aBT5CKAg+IJkGPnbICD4m3QQ+KA4KPtT0
Cj4Qjgc+TQoJPvDnDz6/xwk+9ZwIPmSKCT5DGgk+t7UHPquWCj7G+g0+jSELPhwXCz4O0Aw+
W6UKPgjBCD6Eogs+FIMOPtBRDT7UWQo+lFUNPlNDET7j/gs+WL0NPirFDz66yQ0+Jf8MPlO4
DT4xHw8+ClENPrzZED4JrA4+1MYRPo38Dj6/yRA+d6YVPsvNEz65XRI+ASwQPjoqEz7VixA+
tB4RPkq3FT6odQ8+y2AXPuWdEj4f7Q4+A2IQPuEFET4j5RI+JfESPgnZFD7s5RA+HTkYPv36
Ez7MtxY+kRAWPpWlFD6ejhg+a2wVPod5FT5TkxQ+ju0TPsA7Fj6fABY+yKoUPtQfGD40AxU+
rKUVPq/oGD7W8xk+9KcWPkOqHD6Eahw+zigbPlNpHD74iBk+2TcWPqPcGT4OfRo+pGAZPuo6
Hj6ekBc+gbUcPtrFGj4sdRs+9DQaPnRtGj5ckh0+tX0bPg1DHD41ahs+IKIfPl66HD5w5xw+
+xMcPoQHGD5nTR0+9n8ePs3/Hj7sbhs+aaodPm4YIj7XwBw+FqYdPpTQHT771B4+vJEgPlw0
Hj6e7iE+joIjPk0BIj4UQCI+044fPg3THz7V8iA+IbwfPm3tHz46Ex8+rwshPj91Iz6HryM+
N+IgPgsVIT5kKiA+6sskPuOiIj78QCQ+m6UiPppOIz5a3CQ+viUlPmLYJT6mOSQ+g9YmPgMF
Iz7KASQ+fm4kPu40Iz5CTSQ+MF4kPoWHJj5PtSc+edUlPj43KD6ZbSg+6tglPiv9JT5ZNCw+
820pPmz2Jz4VgCg+D1onPonSIz7jFyU+bpQiPpi9Jj4gric+TuklPqe+Kz4DOyg+g/UsPjp2
JD49Yyc+bZQoPviHMD4IiCk+6bIoPhBjKz55uyo+PvgrPlyoKj7lJCk+Mi8tPn1DLD7tzSg+
+UsuPo2YKj6POS8+3V0sPqCTLD7IMCg+ByUuPoI7Lj4eWCw+0XQpPjRmLz6A6Sw+AtoqPl6y
LT5QBzA+/NouPgCGMD7fNS8+S4UpPl7dLj6/di4+B7AwPmTHLj53wTA+6h8xPpbvMD6gITQ+
Bn0xPtUWLz7xGy4+nOgxPgbqMD7yYi8+jUAxPkfLLj4i+TE+aecyPqiBNT5VkDQ+a4wyPhLE
Mj4J8TM+LwQzPqGFMD4jwy4+xEA0Pt59ND7b4jQ+9bYyPhJCMz4JfTM+pKk0Ps+5ND56wjg+
kqYyPi2FND4XRjc+37UzPpV+Nj793zc+iRw2Pq69Nz4g5zc+jZg1PvHLMz6QATY+qdw1Pga8
OD6hlDg+jPU3PoPYNT4c7jY+2Bc1Pnq8NT4FQTY+agY4PjDROD5J4Dk+gmQ5PtFROD5lojo+
97I6PqIIOD5n0Dk+hlM7Pkg5Oj4NBzs+b6s5PkpbOD4pkD8+tPI8Plf+OT62BTk+ABw7Prjw
PT6Xcjo+3lE8Pm1tOj52ATo+VLo7Pi80Pz4a7z4+0lc9PvQoPz5v/z0+xAM9PtDcOz4OGj0+
nrM/PoefQD5jBD4+/SQ+PlWcOz4g3j0+1Fc/PgjXPT7k6UA+I0g+Po/fPT5AETo+Q15BPv2/
PD6jzj4+KOVAPrR0Pj6l0UA+F0lCPsxhPD6BJ0A+5R5APi+wQT7puD8+dXk/PnL5RT7UzEI+
f7M9PrS/Qj7Bh0I+LCpAPt12Qj6rZUQ+okU+Pm6tQz6dpUI+Dv9APtukQz5e5UQ+bMZDPjMn
RD7H1kM+SSJFPpNJQz4so0A+x2xEPol3RD7wA0k+42dGPtQ7RT4eJUY+yQRHPnXsRD50JkU+
q4VIPj8mRz7hckY+WR5FPgxFQz7h3kY+7VpGPvxrSD6oi0g+vBZJPkz/ST6MHEg+VqJHPnzX
Sz7F5ko+zRhIPttfRj4R2Uc+0PxKPp5rST4/Skc+LhxNPuBWQz7umkg+A79IPrYoSj45sUo+
D/JIPsobSj73OUo+9hpLPqqQSz7YNUo+jN1JPm8LSj4uFEw+pB5LPklYSD7g8Eg+xD9IPgOL
Tj6bOUw+qU5LPp43Sz7Usk8+27xNPh2FTT7JSlA+YktMPgovSz78wEs+7HRMPjgsUD7hGUw+
Ks1OPhRVTz7lDE8++bRIPtUgTz53KU4+1VBQPhAATT4kWE0+P0tPPnNvUD7W108+yXlQPhHo
Tj42jFE+fXlPPr6gVD7dvVE+IX1OPrepUD64FVM+iQZPPvqDUj6ps08+KZRSPhw0Uz5eqFA+
OLRRPqh0VT4ielI+WLBTPoqJUT5quFA+sEBTPhfsWD7OQ1I+ztJRPldNUD6fWlI+ZV5RPtW5
Uj4hWFA+rVRSPjE7Uz72CFc+pcFVPtkaUz6pnFU++q1UPoOLUT4OQlM+SvhUPm94Vj778VQ+
IIdWPrU1UT5z61M+U3NSPrAuWD787Vc+CTZYPkh/WT6lXVM+4cBbPoqIWT7l6FU+wOFWPtoQ
WD6DhFM+ZaRXPhLZWj6vclk+p3xYPg8vWD7fblU+ct1WPk27Wj6ZK10+oQJZPn0qWT5yylU+
kRdaPtMYXT5/71k+pbVWPtrkWT4k7lY+/65YPgiKXj7pTlg+pzlYPqHiWT4u2Vg+z/9dPhCg
Vz41xV8+pYBbPmm5Wz7flF0+Q8lZPntdWz7SUl4+3yVaPgnEWT4I3Vs+jfdcPkJSWz5BiV8+
yt9ZPgXbWz7/F1w+mQZgPsW4XT6aP2A+kwlePtufXj5dCl4+</AssayYData></Step><Step><CommonData><SampleLocation>2</SampleLocation><SampleID>10mM Glycine pH1.7</SampleID><SampleGroup></SampleGroup><SampleInfo>or other Regeneration solution</SampleInfo><SampleRow>B</SampleRow><SamplePlate>1</SamplePlate><WellType>REGENERATION</WellType><Concentration>-1</Concentration><ConcentrationUnits>µg/ml</ConcentrationUnits><MolarConcentration>-1</MolarConcentration><MolarConcUnits>nM</MolarConcUnits><MolecularWeight>-1</MolecularWeight><Temperature>30</Temperature><StartTime>207997</StartTime><AssayTime>20</AssayTime></CommonData><FlowRate>1000</FlowRate><StepType>CUSTOM</StepType><StepName>condition</StepName><StepStatus>OK</StepStatus><ActualTime>20.002</ActualTime><CycleTime>0.2</CycleTime><AssayXData Points="100">vv8zQ7AyNEMkZjRDWJk0Q0nMNEN8/zRD8TI1QyRmNUNYmTVDScw1Q3z/NUOwMjZDJGY2QxaZ
NkNJzDZDfP82Q7AyN0MkZjdDWJk3Q0nMN0N8/zdDsDI4Q+NlOEMWmThDi8w4Q3z/OEOwMjlD
42U5QxaZOUNJzDlDEgM6Q7AyOkMkZjpDFpk6Q0nMOkN8/zpDsDI7Q+NlO0MWmTtDScw7Q3z/
O0OwMjxD42U8Q9uZPENJzDxDvv88Q7AyPUPjZT1DWJk9Q4vMPUN8/z1DsDI+Q+NlPkNYmT5D
i8w+Q3z/PkPxMj9DJGY/Q1iZP0OLzD9Dvv8/Q/EyQEMkZkBDWJlAQ0nMQEO+/0BD8TJBQyRm
QUNYmUFDi8xBQ77/QUPxMkJDJGZCQ1iZQkOLzEJDvv9CQ7AyQ0MkZkNDO59DQ4vMQ0O+/0ND
8TJEQ+NlREMWmURDi8xEQ77/REPxMkVDJGZFQ1iZRUNJzEVDvv9FQ/EyRkPjZUZDWJlGQ4vM
RkO+/0ZD8TJHQ+NlR0NYmUdDDs1HQw==</AssayXData><AssayYData Points="100">KpZ/OgTnND3Wh449jQK3PbNyxj2ARM095bfDPacrxT36zrY9cSC3PaWgrT07laU9Nm+iPZwT
lD1VHY49vLeGPRt5gT1epHM9EIpwPbrmZD3Pl009dvxHPUjySD1rljE99LwtPTR3KD0vKQ49
ekstPav8Gj1GfRM9cOcMPRHQ6jwt7fk8vJThPNUw3TyjT688QfWZPIgDxTzckJ08M2ixPBS6
mjyNbV888j1dPHqUijxP9Y48y4tCPLhsHTwFNB88GVQbPFUQIjzk1R88oMQ4O1L1BDzHKmg7
oBuWO08faTpcFSA7CfsautXqkbqbVVy7abilu95N27s2He65WuHWuzCrlrv/Gua7vLgNvCOl
FLylPBG8ULVQvAttNbwnvu67fKBFvARnX7xQlWK8E5eEvHCwgbzYT3S8jtBfvJUrmrw9PpG8
JzaJvA8ZprxEl5a8SoCbvBIHuLzWmai8N4ikvNcWtbyzAbG8GNiuvHS+sbyU7cS8edzWvEJA
xLwXEcy8we7avMis5LxkmOy8GjTmvA==</AssayYData></Step><Step><CommonData><SampleLocation>1</SampleLocation><SampleID>Running Buffer</SampleID><SampleGroup></SampleGroup><SampleInfo></SampleInfo><SampleRow>B</SampleRow><SamplePlate>1</SamplePlate><WellType>BUFFER</WellType><Concentration>-1</Concentration><ConcentrationUnits>µg/ml</ConcentrationUnits><MolarConcentration>-1</MolarConcentration><MolarConcUnits>nM</MolarConcUnits><MolecularWeight>-1</MolecularWeight><Temperature>30</Temperature><StartTime>233635</StartTime><AssayTime>20</AssayTime></CommonData><FlowRate>1000</FlowRate><StepType>CUSTOM</StepType><StepName>condition</StepName><StepStatus>OK</StepStatus><ActualTime>19.999</ActualTime><CycleTime>0.2</CycleTime><AssayXData Points="100">QQBIQzMzSEPpZkhDmZlIQw7NSENBAElDMzNJQ2ZmSUOZmUlDzMxJQwYBSkMzM0pDp2ZKQ9uZ
SkPMzEpD//9KQ3QzS0NmZktD25lLQ8zMS0P//0tDdDNMQ2ZmTEPbmUxDzMxMQ///TEMzM01D
ZmZNQ5mZTUMOzU1DQQBOQzMzTkNmZk5Ddp5OQ8zMTkP//05DdDNPQ2ZmT0Mcmk9DzMxPQ0EA
UEMzM1BDp2ZQQxyaUEMOzVBD//9QQ/czUUOnZlFD25lRQw7NUUNBAFJDdDNSQ6dmUkPbmVJD
Ds1SQ0EAU0N0M1NDp2ZTQ9uZU0MOzVNDQQBUQ3QzVEOnZlRD25lUQw7NVENBAFVDdDNVQypn
VUPbmVVDzMxVQ0EAVkN0M1ZDp2ZWQ9uZVkMOzVZDQQBXQ3QzV0NmZldDmZlXQw7NV0MGAVhD
dDNYQ6dmWEPbmVhDDs1YQ0EAWUN0M1lDp2ZZQ5mZWUMOzVlDQQBaQ3QzWkOnZlpD25laQw7N
WkNBAFtDdDNbQ6dmW0PbmVtDzMxbQw==</AssayXData><AssayYData Points="100">B+pOPqJjKz7d5RQ+gz8MPiKWCT5RUwc+QuEEPmclAz6IFAo+P8wGPiKoBj53Fgw+A78LPngr
ED6cDxA+zgMNPisyEj7ssg8+xC0QPtOGFT455hc+KgkYPqKsGj5qKxk+sBYYPraPGj6WCR0+
C4EbPu23Hj6aWCA+tIEgPhfFGj7Aoh8+g1MhPlzGIz796CE+3dIhPmAnIz6/CR4+/RgkPgiN
Jj5+LiM+RZ4mPlmHJz4l/CM+F4IoPvGUKD5eeSU+CjspPiuoKT5lPic+Et4qPuoOKz7EASs+
YRUrPp61LT6yOS8+F74sPpkUMT5PIjI+t4wsPtBdKz6OGy0+xsAvPhrRLj769DE+O7YvPu4+
MD5I1jE+E4oyPqO2Mj7VNzI+rP8wPkVcMj41UjQ+86wwPjTTMz4dczI+quU1PnCKMz7NOTY+
+Kw0PjSTOD7udzQ+2SIzPsHQNj4jKDY+zjo2PhsROD70Ajc+BE03PhpyNj768zs+h2I4PiyU
OD7dzTk+5E07Pn7MNz5lKTo+5xU6Pg==</AssayYData></Step><Step><CommonData><SampleLocation>2</SampleLocation><SampleID>10mM Glycine pH1.7</SampleID><SampleGroup></SampleGroup><SampleInfo>or other Regeneration solution</SampleInfo><SampleRow>B</SampleRow><SamplePlate>1</SamplePlate><WellType>REGENERATION</WellType><Concentration>-1</Concentration><ConcentrationUnits>µg/ml</ConcentrationUnits><MolarConcentration>-1</MolarConcentration><MolarConcUnits>nM</MolarConcUnits><MolecularWeight>-1</MolecularWeight><Temperature>30</Temperature><StartTime>259167</StartTime><AssayTime>20</AssayTime></CommonData><FlowRate>1000</FlowRate><StepType>CUSTOM</StepType><StepName>condition</StepName><StepStatus>OK</StepStatus><ActualTime>19.999</ActualTime><CycleTime>0.2</CycleTime><AssayXData Points="100">AABcQ/IyXENmZlxDWJlcQ83MXEMAAF1DMzNdQ2ZmXUOamV1DzcxdQwAAXkMzM15D8GdeQ5qZ
XkPNzF5DAABfQzMzX0MlZl9DmplfQ83MX0O+/19DMzNgQ2ZmYEOamWBDzcxgQwAAYUMzM2FD
ZmZhQ5qZYUPNzGFDAABiQzMzYkMlZmJDHZpiQxTOYkO+/2JDMzNjQ2ZmY0MdmmNDzcxjQwAA
ZEPyMmRDJWZkQ5qZZEOLzGRDAABlQzMzZUMlZmVDWJllQ83MZUMAAGZDMzNmQyVmZkOamWZD
zcxmQ77/ZkPyMmdDZmZnQ1iZZ0OLzGdDAABoQ/IyaEMlZmhDWJloQ83MaEO+/2hDMzNpQyVm
aUNYmWlDi8xpQ77/aUPyMmpDJWZqQ5qZakOLzGpDvv9qQ/Iya0MlZmtDWJlrQ83Ma0O+/2tD
MzNsQyVmbENYmWxDzcxsQ7//bEMzM21DJWZtQ1iZbUOLzG1DSAFuQ/IybkMlZm5DWJluQ83M
bkO//25D8jJvQ2Zmb0NYmW9Di8xvQw==</AssayXData><AssayYData Points="100">HyyevV0Jx7wDd787lpziPDVDCT1IlxQ92ocOPT0PDD00gvo8Bv/kPLZC5DwXvsg8Q4iYPD9B
ojwVbJ88FEimPPuPbTwg8os8xggjPPnLWTzg0zQ8yGl5O5V5+Tt/YIk7ks1bO7xQcjvI/6Q6
+0kOO2NSODtNeao644IOu+JfPLmH5ci6jNScu4Jtxrs81Ma749Kfu3fowbuO0Ra88OYuvC4P
zrsi2h+8tTAivBxFSbzjx/+7gQZCvB3GfbwPe3O8VdptvEFLl7yyk2e82UmVvIXTZ7ybOoO8
m1WivG0yebwyW6+8RqdhvDNznLxW3JK8D0rDvKF3urwIB8O8bAC1vOKhtrzwF7e8qYDQvEAd
wbx3WN+8aDbPvO4+2rwUPMq8ON/SvKv/67w2Svu8akzTvP/g3rxrD++8Vkv8vJcF5ryrbfi8
vKrxvGTHEr1ioAW9YH7wvDCVAr2tcvq8xW72vLVtAb1urQe9LSYRvdLmEr1mtwi9RoYWvY0m
E73/3wq9EjUYvYZyHL1GBCG9tQ0avQ==</AssayYData></Step><Step><CommonData><SampleLocation>1</SampleLocation><SampleID>Running Buffer</SampleID><SampleGroup></SampleGroup><SampleInfo></SampleInfo><SampleRow>B</SampleRow><SamplePlate>1</SamplePlate><WellType>BUFFER</WellType><Concentration>-1</Concentration><ConcentrationUnits>µg/ml</ConcentrationUnits><MolarConcentration>-1</MolarConcentration><MolarConcUnits>nM</MolarConcUnits><MolecularWeight>-1</MolecularWeight><Temperature>30</Temperature><StartTime>284966</StartTime><AssayTime>20</AssayTime></CommonData><FlowRate>1000</FlowRate><StepType>CUSTOM</StepType><StepName>condition</StepName><StepStatus>OK</StepStatus><ActualTime>19.999</ActualTime><CycleTime>0.2</CycleTime><AssayXData Points="100">vv9vQ7AycEPjZXBDFplwQ0nMcEO+/3BDsDJxQ+NlcUMWmXFDScxxQ3z/cUPxMnJDJGZyQxaZ
ckNJzHJDfP9yQ/Eyc0PjZXNDFplzQ4vMc0O+/3NDsDJ0Q+NldENYmXRDi8x0Q3z/dEOwMnVD
JGZ1Q1iZdUOLzHVDfP91Q/EydkMkZnZDWJl2Q4vMdkO+/3ZD8TJ3QyRmd0NYmXdDi8x3Q77/
d0PxMnhD42V4Q1iZeEOLzHhDvv94Q/EyeUPvZ3lDWJl5Q4vMeUO+/3lD8TJ6QyRmekNYmXpD
i8x6Q77/ekPxMntDJGZ7Q1iZe0OLzHtDvv97Q/EyfEMkZnxDWJl8Q4vMfEO+/3xD8TJ9Q+Nl
fUMWmX1Di8x9Q77/fUPxMn5D42V+Q1iZfkNJzH5Dvv9+Q/Eyf0MkZn9DWJl/Q4vMf0O+/39D
eBmAQxIzgEOrTIBDRWaAQ95/gEN4mYBDErOAQ4vMgEMk5oBD3v+AQ3gZgUPxMoFDi0yBQ0Vm
gUPef4FDV5mBQ/GygUOLzIFDJOaBQw==</AssayXData><AssayYData Points="100">kpxtPmSuQz76syk+Z7gfPg9iEz44QxY+cJASPsZsEj5QwxI+6sASPhvGFT4InxM+EOIbPhoK
GT54Sx0+NMYZPobPHz6xJh0+Y08fPsGqHj7hXCA+nF8jPmX5ID6nzCM+aKEgPsy9Iz5zpSU+
/sYnPlaJIj6a7SM+mHgkPljoJT4xVSc+Js0oPlc2Kj4ZfyQ+PgMqPn5yKD7DLSY+15AqPpIU
LD6iUSw+sB4sPrYrLT6Bci0+s14sPo6HLj5PuS4+fpUsPk89Lz6Uzi4+5/ktPqDBLj5PTjA+
XUs0PqRIMj6s5i4+A7UwPtqxMD4cuTM+eww2Po7UNT7Zji8+bb8wPgz3Mz799jA+MOA0PqmO
Mz6Ouy0+rtQyPm3lMT6kkDk+niA4PqyWMT52VTc+1SE2PnkuNz6VczU+Ybc1PjLVND4VkDY+
dhk5Pjc1OD4IrDQ+zmk3PolsOD5/6Tg+2Gk8PkbTOj5JVzg+FyA7PubyPD4GBDw+ACk6Pl/D
PD4uUT4+/Ok8Pl4gQD7Orjw+CVM8Pg==</AssayYData></Step><Step><CommonData><SampleLocation>2</SampleLocation><SampleID>10mM Glycine pH1.7</SampleID><SampleGroup></SampleGroup><SampleInfo>or other Regeneration solution</SampleInfo><SampleRow>B</SampleRow><SamplePlate>1</SamplePlate><WellType>REGENERATION</WellType><Concentration>-1</Concentration><ConcentrationUnits>µg/ml</ConcentrationUnits><MolarConcentration>-1</MolarConcentration><MolarConcUnits>nM</MolarConcUnits><MolecularWeight>-1</MolecularWeight><Temperature>30</Temperature><StartTime>310591</StartTime><AssayTime>20</AssayTime></CommonData><FlowRate>1000</FlowRate><StepType>CUSTOM</StepType><StepName>condition</StepName><StepStatus>OK</StepStatus><ActualTime>20</ActualTime><CycleTime>0.2</CycleTime><AssayXData Points="100">vv+BQ1gZgkPQMoJDi0yCQ2ZmgkO+f4JDWJmCQ/GygkNqzIJDJOaCQ53/gkNYGYND8TKDQ4tM
g0MEZoNDvn+DQ1iZg0PxsoNDi8yDQwTmg0Od/4NDWBmEQ/EyhEOLTIRDJGaEQ75/hENYmYRD
0LKEQ6zMhEMk5oRDvv+EQ1gZhUPQMoVDcE2FQwRmhUOdf4VDWJmFQ7y0hUNqzIVDJOaFQ53/
hUNYGYZD8TKGQ4tMhkMkZoZDnX+GQ1iZhkPxsoZDi8yGQyTmhkO+/4ZDWBmHQ/Eyh0OLTIdD
BGaHQ75/h0NYmYdD0LKHQ2rMh0ME5odDnf+HQ1gZiEPQMohDrEyIQwRmiEO+f4hDN5mIQ9Cy
iENqzIhDBOaIQ53/iENYGYlD0DKJQ2pMiUMkZolDnX+JQ1iZiUPQsolDasyJQwTmiUO+/4lD
NxmKQ9AyikNqTIpDJGaKQ51/ikM3mYpD0LKKQ2rMikME5opD3/+KQzcZi0PQMotDakyLQyRm
i0O+f4tDWJmLQ9Cyi0NqzItDJOaLQw==</AssayXData><AssayYData Points="100">XjjhvWp4Ur3d1Qi8sUxPPOrshjz7/4s8iOWjPNeUhzzJ1YU8/ndNPGDmITy58d87bearO3t8
vztlwF87yNfvOj0zCrqBncG6dR+UOoeABLs6BA68z/kHvHCPiLvRB6+7LToCvKSdGbxfbyG8
eYxAvG0GUrw9Okm8ToJ5vBIdXLwBHJC8QjuMvOQAebwh+Iy8OWBrvHiymrx0Dny8ce7EvECq
lrzzJKm8w5CmvAMOyLySor+8t8LEvOCq2bxkcdC8ynXrvJ/j47yOTOC8vafOvL+I5bzm8Oi8
2cT/vHXFAb3Tat68oy36vFma87wC8fy8wHj1vH5EA72cnvm8Lsv7vMUQ/7xYSBK9UpQAvcRu
Bb17gAG9DlP6vLN0FL3E9gS9pLwFvd0bCr3zohW9ElsSvcK5HL2XLxm953kVvXfQEr0f1Q69
InwWvfgRFL1ltR69bz8RvQu1ML1pXCG9NkQYvU9vJr0gSii96coivQG8K73YAh+9w+spvXeL
K72AKyi9kQQivRrIN72cITW9slQuvQ==</AssayYData></Step><Step><CommonData><SampleLocation>1</SampleLocation><SampleID>Running Buffer</SampleID><SampleGroup></SampleGroup><SampleInfo></SampleInfo><SampleRow>B</SampleRow><SamplePlate>1</SamplePlate><WellType>BUFFER</WellType><Concentration>-1</Concentration><ConcentrationUnits>µg/ml</ConcentrationUnits><MolarConcentration>-1</MolarConcentration><MolarConcUnits>nM</MolarConcUnits><MolecularWeight>-1</MolecularWeight><Temperature>30</Temperature><StartTime>336396</StartTime><AssayTime>20</AssayTime></CommonData><FlowRate>1000</FlowRate><StepType>CUSTOM</StepType><StepName>condition</StepName><StepStatus>OK</StepStatus><ActualTime>20</ActualTime><CycleTime>0.2</CycleTime><AssayXData Points="100">vv+LQ1gZjEPQMoxDakyMQ8hmjEOdf4xDN5mMQ9CyjEOszIxDBOaMQ77/jEM3GY1D0DKNQ2pM
jUMEZo1DnX+NQzeZjUPxso1DasyNQyTmjUO+/41DNxmOQ/EyjkN2To5DBGaOQ99/jkM3mY5D
8bKOQ4vMjkME5o5DAACPQzcZj0PxMo9DakyPQwRmj0O+f49DN5mPQ9Cyj0OLzI9DBOaPQ77/
j0M3GZBD0DKQQ4tMkEMEZpBDnX+QQzeZkEPQspBDi8yQQwTmkEOd/5BDNxmRQ/EykUOLTJFD
BGaRQ51/kUNYmZFD0LKRQ2rMkUMk5pFDgwCSQzcZkkPxMpJDi0ySQyRmkkOdf5JDN5mSQ9Cy
kkNqzJJDBOaSQ77/kkNYGZND8TKTQ4tMk0MkZpND5YCTQ1iZk0PxspNDi8yTQyTmk0O+/5ND
WBmUQ/EylEOLTJRDJGaUQ75/lENYmZRD8bKUQ4vMlEMk5pRDvv+UQ1gZlUPxMpVDi0yVQyRm
lUO+f5VDWJmVQ/GylUOLzJVDJOaVQw==</AssayXData><AssayYData Points="100">1WFiPpmoPD7OwCs+drAbPnLbHD57MRk+kdcUPrOOGj45pxQ+r1UYPjw0Gz6T0x8+RlQdPtd3
HD4RYiE+qgggPkZ3Hz76tSQ+DtkjPj6SJT6glic+bfEjPrh3Jj7N6SU+ayMmPjlyLD4EKSw+
lzUnPlzmLD7RVyg+nJMsPsDDKj5BdCw+gNErPijkLz4wEys+kXsuPqUjMD72iTA+rkgwPi5s
Lj6L2i4+cSIwPudyMz6/6i8+RocwPi6sMD5uJzI+yzU0PuFkNT7I7zM+PREtPrdYMD5oQjU+
HIQ5PifAND499zc+Uy43Pu9pND6uzjI+ijUzPvDVND7OTjk+6cc2Pt+mNj6dOTc+xFo5PpPv
NT54tzY+DLA6PoeQOT7rITo+8QQ7Pi+1Nj5s4Dw+uFU4Pn3hPD5BkTo+RTU+PqFuOj5RDD4+
JoA7PpMnOz4FJzs+dUlAPmhIPj4f+zs+jh9APs3WOz5jFDs+thA/PpiTPz6Ouzs+3xlAPhDW
Pj4vaj4+Zfk7Pu+aPj5dWz8+RIpAPg==</AssayYData></Step><Step><CommonData><SampleLocation>3</SampleLocation><SampleID>Running Buffer</SampleID><SampleGroup></SampleGroup><SampleInfo></SampleInfo><SampleRow>B</SampleRow><SamplePlate>1</SamplePlate><WellType>BUFFER</WellType><Concentration>-1</Concentration><ConcentrationUnits>µg/ml</ConcentrationUnits><MolarConcentration>-1</MolarConcentration><MolarConcUnits>nM</MolarConcUnits><MolecularWeight>-1</MolecularWeight><Temperature>30</Temperature><StartTime>362695</StartTime><AssayTime>120</AssayTime></CommonData><FlowRate>1000</FlowRate><StepType>BASELINE</StepType><StepName>Baseline 120</StepName><StepStatus>OK</StepStatus><ActualTime>120</ActualTime><CycleTime>0.2</CycleTime><AssayXData Points="600">vv+VQzcZlkPxMpZDi0yWQyRmlkO+f5ZDWJmWQ/GylkOLzJZDJOaWQ77/lkNYGZdD0DKXQ8xM
l0MkZpdDnX+XQzeZl0PxspdDi8yXQyTml0O+/5dDWBmYQ/EymEOLTJhDJGaYQ75/mENYmZhD
8bKYQ4vMmEMk5phDnf+YQ1gZmUPxMplDakyZQwRmmUO+f5lDN5mZQ/GymUNqzJlDBOaZQ77/
mUM3GZpDlTOaQ4tMmkMkZppDvn+aQzeZmkPxsppDasyaQwTmmkOd/5pDNxmbQ7Yzm0NqTJtD
BGabQ51/m0NYmZtD0LKbQ4vMm0Mk5ptDnf+bQzcZnEPQMpxDakycQyRmnEOjgJxDN5mcQ9Cy
nENqzJxDJOacQ77/nEM3GZ1D8TKdQ4tMnUMkZp1Dvn+dQzeZnUPQsp1DasydQwTmnUOd/51D
NxmeQ9AynkNqTJ5DBGaeQ75/nkNYmZ5D0LKeQ2rMnkME5p5Dvv+eQ1gZn0PQMp9DakyfQwRm
n0ODgJ9DN5mfQ9Cyn0NqzJ9DBOafQ53/n0NYGaBD0DKgQ2pMoEMEZqBDvn+gQ1iZoEPxsqBD
zMygQ2bmoEO+/6BDWBmhQ9AyoUOLTKFDJGahQ75/oUNYmaFD0LKhQ4vMoUNF5qFDvv+hQ1gZ
okPxMqJDi0yiQyRmokO+f6JD25miQ/GyokOLzKJDJOaiQy0Co0NYGaND8TKjQ4tMo0MkZqND
vn+jQ1iZo0PQsqNDi8yjQyTmo0O+/6NDWBmkQ/EypEMvTaRDJGakQ75/pENYmaRDErOkQw7N
pEMk5qRDvv+kQ1gZpUPxMqVDi0ylQwRmpUO+f6VDWJmlQ9CypUOLzKVDJOalQ77/pUNYGaZD
0DKmQ4tMpkMEZqZDxICmQ1iZpkPQsqZDi8ymQyTmpkO+/6ZDNxmnQ/Eyp0OLTKdDBGanQ75/
p0M3madD0LKnQ4vMp0Mk5qdDvv+nQ3gZqEPxMqhDakyoQwRmqEOdf6hDeJmoQ5WzqEOLzKhD
JOaoQ77/qEM3GalD0DKpQ4tMqUMkZqlDvn+pQ1iZqUPQsqlDi8ypQwTmqUOd/6lDNxmqQ/Ey
qkNqTKpDJGaqQ51/qkNYmapD8bKqQ8zMqkMk5qpDnf+qQzcZq0PQMqtDi0yrQwRmq0Odf6tD
N5mrQ/Gyq0NqzKtDBOarQ77/q0M3GaxD0DKsQ2pMrEMEZqxDvn+sQzeZrEPxsqxDi8ysQwTm
rEOd/6xDNxmtQ9AyrUOLTK1DBGatQ51/rUM3ma1D8bKtQ4vMrUME5q1Dnf+tQ1gZrkPQMq5D
akyuQyRmrkOdf65DN5muQ9CyrkOszK5DBOauQ77/rkM3Ga9D8TKvQ2pMr0MkZq9DnX+vQzeZ
r0PQsq9Di8yvQwTmr0O+/69DWBmwQ/EysEOLTLBDJGawQ75/sENYmbBD8bKwQ4vMsEMk5rBD
vv+wQ1gZsUPxMrFDIFCxQyRmsUO+f7FDWJmxQ/GysUNqzLFDJOaxQ77/sUNYGbJD0DKyQ4tM
skMkZrJDvn+yQ1iZskPxsrJDasyyQwTmskO+/7JDWBmzQ/Eys0NqTLNDJGazQ51/s0NYmbND
8bKzQ4vMs0Oo5rNDvv+zQzcZtEPxMrRDaky0Q2ZmtEO+f7RDWJm0Q9CytENqzLRDBOa0Q77/
tENYGbVDdDO1Q4tMtUMkZrVDnX+1Q1iZtUPQsrVDasy1QyTmtUOd/7VDNxm2Q/EytkNqTLZD
JGa2Q51/tkNYmbZD0LK2Q4vMtkMk5rZDnf+2QzcZt0PQMrdDaky3QwRmt0O+f7dDN5m3Q/Gy
t0MvzbdDBOa3Q+UAuEPAGrhD0DK4Q2pMuEMEZrhDnX+4Q1iZuEPxsrhDi8y4QwTmuEO+/7hD
Nxm5Q9AyuUNqTLlDBGa5Q51/uUNYmblD0LK5Q2rMuUME5rlDvv+5Q1gZukPQMrpDaky6QyRm
ukOdf7pDWJm6Q9CyukNqzLpDBOa6Q77/ukM3GbtD0DK7Q2pMu0MEZrtDnX+7QzeZu0N0s7tD
asy7Q2bmu0Od/7tDNxm8QzMzvENqTLxDBGa8Q51/vENYmbxD8bK8Q2rMvEME5rxDnf+8QzcZ
vUPQMr1Di0y9Q0VmvUOdf71DN5m9Q/GyvUNqzL1DBOa9Q77/vUNYGb5D8TK+Q4tMvkMkZr5D
vn++Q1iZvkPxsr5Di8y+QyTmvkO+/75DWBm/Q/Eyv0OLTL9DJGa/Q75/v0NYmb9D8bK/Q2rM
v0Mk5r9Dnf+/Q1gZwEPxMsBDakzAQyRmwEO+f8BDN5nAQ/GywEPtzMBDJObAQ77/wENYGcFD
8TLBQ4tMwUMkZsFDvn/BQ1iZwUPxssFDi8zBQyTmwUO+/8FDahzCQ/EywkNqTMJDJGbCQ51/
wkNYmcJD8bLCQ4vMwkMk5sJDvv/CQ1gZw0PQMsNDi0zDQwRmw0O+f8NDN5nDQ/Gyw0OLzMND
BObDQ77/w0M3GcRD0DLEQ2pMxEMkZsRDvn/EQzeZxEPxssRDaszEQyTmxEO+/8RDWBnFQxIz
xUOLTMVDBGbFQ75/xUM3mcVD8bLFQ2rMxUMk5sVDvv/FQ1gZxkPQMsZDi0zGQwRmxkOdf8ZD
WJnGQ9CyxkOLzMZDBObGQ77/xkM3GcdD0DLHQ2pMx0MkZsdDvn/HQzeZx0PQssdDaszHQ+nm
x0O+/8dDWBnIQ9AyyENqTMhDBGbIQ51/yEM3mchD0LLIQ2rMyEME5shDvv/IQ1gZyUPQMslD
akzJQwRmyUOdf8lDN5nJQ/GyyUNqzMlDBObJQ53/yUM3GcpD8TLKQ2pMykMEZspDnX/KQzeZ
ykPxsspDaszKQyTmykOd/8pDNxnLQ9Ayy0NqTMtDJGbLQ99/y0M3mctD8bLLQ2rMy0ME5stD
vv/LQ3gZzEPxMsxDi0zMQyRmzEO+f8xDmZnMQ/GyzEOLzMxDBObMQ77/zENYGc1D8TLNQ4tM
zUMkZs1Dvn/NQ1iZzUPxss1DaszNQyTmzUO+/81DWBnOQ/EyzkOLTM5DJGbOQ75/zkNYmc5D
8bLOQ4vMzkMk5s5Dvv/OQ1gZz0PxMs9Di0zPQyRmz0O+f89DN5nPQ/Gyz0NqzM9DBObPQ77/
z0NYGdBD8TLQQ4tM0EMEZtBDvn/QQ1iZ0EPxstBDi8zQQyTm0EO+/9BDWBnRQ/Ey0UNqTNFD
JGbRQ75/0UNYmdFD8bLRQ4vM0UMk5tFD</AssayXData><AssayYData Points="600">eO0xPljKNj7d1zY+yCQzPttlOz54gDk+f4s6PpOQOT5/lj0+ie87PjsXPD4etzw+4+lAPigU
Oz6/0T8+bJI7PjsIPz6gRj8+vb8+PpzyQT5dZj4+3K1CPvt7QT4dVUQ+r49GPjb4Qz4XFkM+
mnhDPtQLRj7g9Ek+wKpCPqKwRj5550U+wSlEPnRVQz5pc0c+KlRFPhGnQz5cq0o+TBVDPr3N
Rj4er0g+vBVKPsOoRz6+IUg+N9lEPi2IRz5tcEo+25NJPheeST5QFEw+mnxHPj5iRj4O3Es+
5wpMPrWXSj48iEo+PfJIPikkST7LiEo+7JpIPlvMTT4pFkk+XStOPjQjTT6uvUw+yqpMPm1m
Tj4GzUo+W4JNPtNzTD6wBE4+x25OPoIjTj509k4+YvJNPnuLTT4+DVE+g2lRPhlRTT4kak4+
OpVRPssrUj5RYE8+VGhQPr5RUD4ZbVI+tP1SPowLVD7y+k4+UM1SPiJMUT5+UlI+KHpSPkjG
UD6UBFQ+sE5UPlK1Uj7TYlE+EpNUPrQWUT4tLlY+zoFRPqnFUz7hZFQ+4R9TPpFVVj6SBFU+
mZpWPjOWVD6321Y+eAVVPlyDVT6t7FU+OcJWPo/1Vz7dmFU+Du9YPlXJVz6m5lg+4HxXPo+Y
WT7H9Vc+GYlZPo5sWD7gQ1s+la1bPrGKWj4ioFc+gx9cPnkEWT45eVc+1wtcPkS0Vz4FgVg+
caJaPuGVWz5oHVo+RqRcPuRFWT6Dh1s+PKpaPthQWz4qHlo+XXpaPtOhWT5bwFc+BUhbPmRo
Wj5Qcls+hY5fPhJVWz6hxVw+f+tbPgLDWD4IRV8+PRxbPiA8XD6DnGA+dtJePjLoXj7/Elw+
ihdePmhyXj4DUl0+avldPp5SXT6jrWA+WM9gPqN3YD4FeF4+tMxiPiBiXj6wH18+UUZgPijh
YD4MB2A+mDVlPoF2YD6uzGA+HaJhPsbHYj4laF8+FAxePlTLWz7zfmA+eXZfPiDmZj4S12M+
w3lkPuIYYz7TTGQ+GJZmPsYdYj5cbmE+w2hkPtQmYj5xnmA+p4RiPoE8Yz6RR2c+FoxlPqwR
YD4q1GY+iZ1kPntpZj5cTWk+1MlkPtDYZj4YJmY+MbhoPsPAaj6eH2Y+4BNiPhu5Yj4gs2M+
BgdqPjhqaT6h0Gg+JJFpPpoFZz4+uGk+QP5lPvKrZj7MCGg+YFhqPtkjaz4a3mo+6fNqPjC3
aD6Ee2k+CrxpPrKMZj7iQGk+nChqPhijaT7XNGc+SIpnPg9Eaj4D6Wk+A51lPr1baT6LG2w+
OVVtPnpJZz5SiGg+eQBtPuXUaD4Bums+SkZqPmpSbT6V4Wo+C4dpPrPQcD4VeGs+HxhqPh3/
bD78dmw+KiRtPrkmaT7kw2o+Y25rPisVbD5AxGs+vGFtPv7haj64O24+mxltPhEXbT5WgnA+
ysdsPlXtaj4oZmw+TX5wPr6rcD7dlGw+rY5yPrjbbT7vUnE+8oRuPkJ/bj5WZXA+IsdtPsxp
bD5+hXM+rYpwPivYbT6wk3E+s790Ph7rcT4+c24+pGhyPqfVbz68sXI+I/5wPmHIbj46KHE+
nb9vPhrNbj5IMnA+rWFvPqPUcz5WSnQ+JWtxPrZecT7Tx3Y+uQN1PuFCdj7ZznM+r69zPqUb
cT6BdXQ+Ck50PjQdcT5/mHU+0MVzPsNXcz6/oHY+hOByPnbNdD6f43Y+WSt1Pre2cz7DjXU+
/zl2Prnadj4dpXc+S5tyPvNKeD4cHXQ+4FRyPreLdT4tHXU+wCV7PuaDdz6erXY+PPJ1PslO
eT4hc3U+iPl1PoeLdT41HXg+lQZ7PqHEdT4oGnc+Q/l2PiGedz62Ing+QFx4Pmbudz42nnc+
9dF2Pszjcj4JRns+8053Pt3Kdz64+3g+4FR3PjoBfT43J3s+V/h5PmSvez4jbnk+Gkd2Pug3
eT5kXHg+QV92PsXVeT7TqHg+hKR6PpSUeD6OU3k+vP19PlE9ej4MDXw+kfl5Pp29ez6Zunw+
93t8Ps55fD7BZ3w++7h5PnZXeT44HHk+zeR7PlazfT7Zynk+zQh7PmqRfj6P0X0+4L16Pmx/
ez4gxXw+8T99PnNRfz41SXs+XpR8PvXTgD6Ak3k+Lnx6Pnm2fD58T34+nTaAPhg/fD5wF30+
VPV8PhSVfT4yynk+dlB9PrDofD6NZH0+ACuAPjkhgD65hn0+FNd9Ps5pgT6ETIA+rsB+PrOl
gD4UZoA+EpaBPhi7gD7eiXw+wr58Pk1EfT6yMoA+9BeAPpyAgD5Pfn4+r8J+PmYugD5Xs4A+
jyt9Prtvfz7t9H0+3OaBPsAygT6bPYE+fRiBPgEjgT4Xw4A+k3GBPsiugD79LYI+vfZ/Ptyn
gD77soI+KYGAPn79gT6mr4E+iwyDPoDDfz4WKoE+tbaCPqbwgT51cIE+nBSAPnV5gT7nmoA+
S7+BPkaxgT7p0oA+Qt2BPoI6gj6wroA+I1GBPs6+gj70XoI+XXiCPtkigT6BBII+qjGEPpB0
gj43hYM+HlmBPvs7hD5VUIM+uZiCPj7Sgz4BnYM+PRGEPk3ugj4Oe4E+G/GDPnY8hD4n9YM+
VweDPnGzgj5HnYE+Oi+CPukfhT5MtIM+UwyBPjn1gz6gq4E+B8yDPpi0hT6r44M+zhSDPoY1
hz49n4Q+3CKEPl2hgz7m84U+iKmFPmd6hT4hf4Q+vsKDPk0WhT4zo4Q+0iSEPqLkgz5AfYU+
I2qDPttDhT6XfYQ+rX+DPvBUhj7RV4Q+eO+EPsQphz5MEoU++QaFPmvohD6+a4Y+uaKEPlzB
hT4CYoM+szSEPiCDgz4+O4Y+h0+EPnUkhD5DH4Y+SIKGPt0ZhT6+aoY+kmWFPhuUhz4Xl4Y+
In2FPvMRhj4RZog+wn6HPlskhD6TYoU+GK6DPi7ihD69goc+yZGFPnonhz5t9YQ+XsWGPnru
hj4o2YQ+daaFPiIMiD4KXIU+ONaEPocfhj6ZkIU+YZCHPp1PiD5WS4Y+fKCGPrTohz6DlYc+
hvaHPolaiD7TQIY+zo+HPuZkiD7fYoY+LG6IPhZ/hT5wb4c+PMeGPkFAiT41f4c+ScGHPm/y
hz4Fw4g+9QiJPlKCiD6h34k+jWWHPjHbiD5xdoc+ZsqIPg3Zhj79sIg+PEOJPgtyiT400Yg+
/liHPhZDiD5hlYk+2/mIPoUhiz4nU4g+</AssayYData></Step><Step><CommonData><SampleLocation>4</SampleLocation><SampleID>AB</SampleID><SampleGroup></SampleGroup><SampleInfo>in Running Buffer</SampleInfo><SampleRow>B</SampleRow><SamplePlate>1</SamplePlate><WellType>KLOAD</WellType><Concentration>10</Concentration><ConcentrationUnits>µg/ml</ConcentrationUnits><MolarConcentration>10000</MolarConcentration><MolarConcUnits>nM</MolarConcUnits><MolecularWeight>-1</MolecularWeight><Temperature>30</Temperature><StartTime>489660</StartTime><AssayTime>20</AssayTime></CommonData><FlowRate>1000</FlowRate><StepType>LOADING</StepType><StepName>Loading</StepName><StepStatus>OK</StepStatus><ActualTime>20</ActualTime><CycleTime>0.2</CycleTime><AssayXData Points="100">vv/RQ1gZ0kPQMtJDi0zSQwRm0kO+f9JDN5nSQ/Gy0kOLzNJDBObSQ77/0kNYGdND8TLTQ2pM
00MkZtNDnX/TQ1iZ00PQstNDi8zTQwTm00O+/9NDWBnUQ9Ay1ENqTNRDBGbUQ51/1EM3mdRD
8bLUQ4vM1EMk5tRDvv/UQ5kZ1UPxMtVDakzVQyRm1UOdf9VDN5nVQ/Gy1UNqzNVDJObVQ77/
1UM3GdZD0DLWQ4tM1kMkZtZDnX/WQzeZ1kPQstZDaszWQwTm1kOd/9ZDNxnXQ/Ey10NqTNdD
JGbXQ51/10M3mddD0LLXQ2rM10Mk5tdDnf/XQzcZ2EPQMthDi0zYQwRm2EOdf9hDN5nYQ9Cy
2ENqzNhDBObYQ53/2EM3GdlDEjPZQ4tM2UMEZtlDnX/ZQzeZ2UPxstlDi8zZQwTm2UO+/9lD
NxnaQ/Ey2kOLTNpDBGbaQ75/2kNYmdpD8bLaQ4vM2kMk5tpDvv/aQ1gZ20PxMttDi0zbQyRm
20O+f9tDWJnbQ/Gy20OLzNtDJObbQw==</AssayXData><AssayYData Points="100">KEuJPl8bkT6HEZQ+P3SaPhD6nj5PmKQ+mfKlPhwhqz6d+bE+uaKzPmPWtz56Nbw+IMe/Pstx
xT7NYck+z5nNPvk70j5w+9Y+gy/ZPh4T3j4lqOI+B9HmPhc36z4TBe4+pTP0Pl9i9j5Lcvs+
7PD/PhUDAj9zGwQ/t3IGPzjeCD/IGQo/2wwMP+3cDT8pcBA/2V8SP1vaEz+9Hxc/60AXPzHK
Gj/YYxw/h+8dP2CzID8TNiI/Aa8kP5GZJz8m7ig/at4qP9A3LD8o2S8/j8swP8mgMj9kZDQ/
U+E2P62XOD9Zpzo/+vM9PzMLPj8p50A/sLRDP/26RD+WPkY/gG5JP/ucSz+iSUw/9rROP6Dw
UD82g1M/vdpUP6FEVj/DYFk/lZZaP0/nXD8Bnl8/yfxgP87ZYj/5iWU/MMJnP9GbaT8XzWs/
eA9tPxR7bz9nJnE/ZkpyP0G8dD8UCHc/x3F5PzJfej8MfHw/YmV+P7BGgD9IYIE/RHCCP+ir
gz+ky4Q//heFPypGhj+bK4c/MbeHPw==</AssayYData></Step><Step><CommonData><SampleLocation>5</SampleLocation><SampleID>AA</SampleID><SampleGroup></SampleGroup><SampleInfo></SampleInfo><SampleRow>B</SampleRow><SamplePlate>1</SamplePlate><WellType>BUFFER</WellType><Concentration>5</Concentration><ConcentrationUnits>µg/ml</ConcentrationUnits><MolarConcentration>5000</MolarConcentration><MolarConcUnits>nM</MolarConcUnits><MolecularWeight>-1</MolecularWeight><Temperature>30</Temperature><StartTime>516958</StartTime><AssayTime>60</AssayTime></CommonData><FlowRate>1000</FlowRate><StepType>BASELINE</StepType><StepName>Baseline 60</StepName><StepStatus>OK</StepStatus><ActualTime>60</ActualTime><CycleTime>0.2</CycleTime><AssayXData Points="300">vv/bQ1gZ3EPQMtxDi0zcQyRm3EO+f9xDN5ncQ/Gy3EOLzNxDBObcQ77/3ENYGd1D8TLdQ4tM
3UMkZt1DnX/dQ1iZ3UPQst1DaszdQwTm3UO+/91DWBneQ9Ay3kNqTN5DJGbeQ75/3kNYmd5D
0LLeQ4vM3kMk5t5Dvv/eQ1gZ30PxMt9DakzfQyRm30O+f99DeJnfQ9Cy30OLzN9DBObfQ53/
30O6GeBD8TLgQ2pM4EMEZuBDnX/gQzeZ4EPxsuBDi8zgQwTm4EOqAeFDWBnhQ/Ey4UOLTOFD
JGbhQ51/4UNYmeFD8bLhQ4vM4UMk5uFDvv/hQ1gZ4kPQMuJDDk3iQwRm4kOdf+JDN5niQ9Cy
4kNqzOJDJObiQ77/4kNYGeND8TLjQ4tM40MEZuND33/jQ1iZ40PQsuNDaszjQyTm40Od/+ND
NxnkQ9Ay5EOLTORDRWbkQ75/5EM3meRD0LLkQ2rM5EME5uRDvv/kQzcZ5UPQMuVDzEzlQwRm
5UOdf+VDN5nlQ9Cy5UOLzOVDBOblQ53/5UM3GeZD0DLmQ2pM5kMEZuZDnX/mQzeZ5kPQsuZD
aszmQyTm5kNBAOdDWBnnQ9Ay50NqTOdDJGbnQ51/50NYmedD8bLnQ2rM50Mk5udDvv/nQ1gZ
6EPxMuhDakzoQyRm6EO+f+hDWJnoQ/Gy6EOLzOhDJOboQ77/6ENYGelD8TLpQ4tM6UMkZulD
vn/pQ1iZ6UPxsulDi8zpQyTm6UO+/+lDmRnqQ9Ay6kOLTOpDJGbqQ75/6kNYmepD8bLqQ2rM
6kMk5upDvv/qQ1gZ60PxMutDi0zrQyRm60O+f+tDWJnrQ9Cy60OLzOtDBObrQ77/60NYGexD
8TLsQ2pM7EMkZuxDnX/sQzeZ7EPxsuxDaszsQyTm7EMmAe1DWBntQ/Ey7UOLTO1DJGbtQ51/
7UNYme1D0LLtQ4vM7UMk5u1Dvv/tQ1gZ7kPQMu5DakzuQwRm7kO+f+5DN5nuQ9Cy7kNqzO5D
BObuQ53/7kM3Ge9D8TLvQ4tM70MkZu9Dvn/vQzeZ70Pxsu9DaszvQwTm70Od/+9DNxnwQ/Ey
8ENqTPBDBGbwQ51/8EM3mfBD8bLwQ4vM8EME5vBDvv/wQzcZ8UPQMvFDi0zxQyRm8UO+f/FD
WJnxQ/Gy8UNqzPFDJObxQ53/8UM3GfJD0DLyQ4tM8kMEZvJDnX/yQzeZ8kObtPJDaszyQwTm
8kO+//JDmRnzQ/Ey80NqTPNDJGbzQ51/80M3mfND0LLzQ2rM80ME5vNDvv/zQ1gZ9EPQMvRD
akz0QwRm9ENogfRDN5n0Q9Cy9ENqzPRDBOb0Q77/9ENYGfVD8TL1Q2pM9UMEZvVDvn/1QzeZ
9UPQsvVDi8z1QwTm9UO+//VDmRn2Q9Ay9kOLTPZDRWb2Q75/9kNYmfZD8bL2Q4vM9kMk5vZD
/gT3Q1gZ90PxMvdDi0z3QyRm90O+f/dDWJn3Q/Gy90OLzPdDJOb3Q77/90NYGfhD8TL4Q4tM
+EMkZvhDvn/4Q1iZ+EPQsvhDi8z4QwTm+EO+//hDWBn5Q/Ey+UOLTPlDJGb5Q75/+UNYmflD
17P5Q2rM+UMk5vlD</AssayXData><AssayYData Points="300">AU22P9IQuD+8O7k/jpW5P9CzuT+xZ7k/P9O5P6TPuT+1SLo/DsW5P4Iyuj+VZLo/CbW6Pwdp
uj8uELs/K726P1k1uz+cors/42W7Py12uz8Drbs/Lp27P6vNuz+yG7w/mES7P0T2uz+wObw/
/YC8P1fPuz/Rkrw/ZWG8P+fOvD9/w7w/Oqi8P65uvD9nhLw/JAy9P+TOvD+KUb0/lwS9P3V/
vT/Oqrw/zV29P44JvT/dOr0/TyO9P3wQvT+ier0/PVK9P6pRvT9nHr0/+a69PzTivT8Yp70/
3XO9P/XNvT9GEr0/5L+9P7YmvT/72r0/H8K9P0qfvT+AwL0/55m9P/KFvT/R370/bt29P7BU
vT+xwb0/saS9P6zqvT//nr0/If69P6CovT9+yL0/oMy9P+D0vT/ou70/5Ti+P/3WvT/6A74/
xAG+PyMQvj82K74/jpC9P5TvvT8OYb4/gAa+P543vj/8wL0/zT++Pzk7vj/e1L0/t8C9P7f4
vT+6Z74/Wvq9P3B3vj+N/r0/OM29P/n+vT8lw70/kt+9P+SqvT9b0L0/O2y9P4o4vj+gBb4/
59O9PzXwvT9Qtb0/a1C+Pwb6vT8ywb0/HdO9P/jEvT/5xb0/aDu+P5iPvT8w470/8Ni9P+FN
vj/e9b0/P3i9PyGSvj88ub0/T+O+P1vKvT+3xb0/0+O9P7/HvT9pJ74/9dq9P9fSvT/jpr0/
B8+9P0XivT8PkL0/k5i9P1y9vT/RU70/Hsq9P6LIvT9vuL0/tTW9P/aHvT/AKL4/abO9P4iU
vT/9mb0/d9q9P/HQvT9nlL0/QWi9P/VqvT+Tp70/0l29PwhEvT93Vb0/e3G9P5rfvT/Udr0/
kqG9P9u2vT9rTL0/Pse9P0hhvT9Gab0/Myy+P4KbvT9Bj70/7PK8P9MEvT/DhL0/eUO9P8tV
vT/VUr0/jyi9P1xOvT8rmr0/dne9P9MIvT+r+bw/X1e9P75JvT9bp70/PX+9P6tZvT+ICL0/
rny9P97GvT8UJ70/ffm8P/UivT8e5bw/VQu9P+HsvD9aDr0/aAS9P1wqvT+ALr0/2u68P5Ze
vT9cRL0/EfG8P38TvT/9W70/NLe8PwLvvD94zrw/56y8P7WcvD/UjLw/Lhq9PzFLvT8Ykrw/
H/K8Pzl3vD/clrw/svG8P5P9vD96G70/2me8PyHlvD8XiLw/XHC8P43KvD+0yLw/Lf68P47K
vD8Jjrw/XUS8P1+ivD83jbw/voi8P6LCvD8jqbw/M0e9P6RZvD/VZLw/k7C8P79rvD8ru7w/
59m8P5WfvD+vr7w/4oe8PxeLvD8znLw/m1i8Pyu1vD89X7w/FGG8PxQPvD9xEbw/cpO8P9A5
vD+EZ7w/x4C8P3A3vD8V/bw/wBO8P5csvD8Lc7w/XUu8P/QyvD+v3rs/1xe8Px4ZvD9Je7w/
XCi8P5LXuz9f27s/5v67PyfKuz+lSrw/kQu8P2eSuz/ZNbw/EIS8P1j1uz+jHrw/NEe8P9sm
vD/wPrw/P/y7P+UIvD+pBLw/RO67Pw0XvD+Xsbs/jqq7P5Kquz9Flrs/XNi7PzK7uz+pS7s/
fdG7Pwefuz/Lcbs/</AssayYData></Step><Step><CommonData><SampleLocation>6</SampleLocation><SampleID>Running Buffer</SampleID><SampleGroup></SampleGroup><SampleInfo>in Running Buffer</SampleInfo><SampleRow>B</SampleRow><SamplePlate>1</SamplePlate><WellType>BUFFER</WellType><Concentration>-1</Concentration><ConcentrationUnits>µg/ml</ConcentrationUnits><MolarConcentration>-1</MolarConcentration><MolarConcUnits>nM</MolarConcUnits><MolecularWeight>-1</MolecularWeight><Temperature>30</Temperature><StartTime>584771</StartTime><AssayTime>20</AssayTime></CommonData><FlowRate>1000</FlowRate><StepType>BASELINE</StepType><StepName>Baseline 20</StepName><StepStatus>OK</StepStatus><ActualTime>19.999</ActualTime><CycleTime>0.2</CycleTime><AssayXData Points="100">vv/5QzcZ+kPQMvpDi0z6QyRm+kOdf/pDN5n6Q9Cy+kNqzPpDJOb6Q53/+kM3GftD0DL7Q2pM
+0PpZvtDnX/7QzeZ+0PQsvtDasz7Q6fm+0Od//tDNxn8Q9Ay/EOLTPxDJGb8Q51//EM3mfxD
0LL8Q4vM/EME5vxDnf/8Q4sc/UPQMv1Di0z9Q0Vm/UOdf/1DHJr9Q/Gy/UNqzP1DBOb9Q53/
/UN4Gf5D8TL+Q4tM/kMkZv5Dvn/+Q1iZ/kPxsv5Di8z+QyTm/kO+//5DWBn/Q/Ey/0MvTf9D
JGb/Q75//0NYmf9D8bL/Q4vM/0Mk5v9Dnf//Q6wMAESJGQBERSYARBIzAETPPwBErEwARHlZ
AERFZgBEEnMARN9/AESsjABEeZkAREWmAEQSswBEUsAARKzMAER52QBEReYARBLzAETf/wBE
rAwBRHkZAUQ1JgFEEjMBRN8/AUSbTAFEeVkBREVmAUQScwFE338BRKyMAUR5mQFERaYBRAKz
AUTfvwFErMwBRGjZAURF5gFEAvMBRA==</AssayXData><AssayYData Points="100">XfGiP39nmj/mcpQ/6umRP532jz8yoI8/o2yOP20wjj/IVI4/JlCOPyvZjT/1pI4/2hiOP2fs
jj8RsY4/tV2OP4nfjj99O48/p0qPP0Lwjj+DJo8/Hy6PP9BBjz9N9I4/ZQyPPypejz9dZI8/
3PaOP61ajz/cXY8/f8SPP/rujz/lsI8/5KmPP5BZjz8Wa48/0b+PP5yojz+mf48/61+PP6p5
jz+nnI8/iiuQP16sjz9yyI8/x/SPPwCDjz8Z+I8/0eqPP7oikD9RFZA/IGCPPyRikD9b4Y8/
jcePPzH9jz8FB5A/y4CPP4kokD9pG5A/Kd6PP6aijz+S4I8/Pf6PP3bxjz8liZA/tO2PP1ly
kD9AYJA/3DWQP07HkD+nCpA/RweQP0OEkD9fc5A/7dmQPwgUkD8uTpA/SneQP6GkkD9qjZA/
qZuQPziGkD+EWpA/tzOQP1tDkD8vBpA/UIyQP5+XkD9L6I8/yrqQPyUEkT/XnZA/71qQP+ZZ
kD+DsZA/ZJGQPw6CkD8e0JA/fIeQPw==</AssayYData></Step><Step><CommonData><SampleLocation>7</SampleLocation><SampleID>aKappa 50ug/ml</SampleID><SampleGroup></SampleGroup><SampleInfo></SampleInfo><SampleRow>B</SampleRow><SamplePlate>1</SamplePlate><WellType>KSAMPLE</WellType><Concentration>-1</Concentration><ConcentrationUnits>µg/ml</ConcentrationUnits><MolarConcentration>-1</MolarConcentration><MolarConcUnits>nM</MolarConcUnits><MolecularWeight>-1</MolecularWeight><Temperature>30</Temperature><StartTime>613075</StartTime><AssayTime>120</AssayTime></CommonData><FlowRate>1000</FlowRate><StepType>ASSOC</StepType><StepName>Association</StepName><StepStatus>OK</StepStatus><ActualTime>119.999</ActualTime><CycleTime>0.2</CycleTime><AssayXData Points="600">z/8BRJwMAkRpGQJENSYCRAIzAkS/PwJEnEwCRGlZAkQ1ZgJEE3MCRM9/AkScjAJEaZkCRDWm
AkQCswJEz78CRJzMAkRp2QJENeYCRALzAkTP/wJEnAwDRGkZA0Q1JgNEAjMDRL8/A0ScTANE
u1kDRDVmA0TycgNEz38DRIuMA0RYmQNENaYDRAKzA0S/vwNEnMwDRFjZA0Q15gNEAvMDRM//
A0ScDAREWBkERDUmBEQCMwREzz8ERJxMBERYWQRERmYERERzBETPfwREnIwERGmZBEQlpgRE
ArMERM+/BESczAREmtkERDXmBETy8gREv/8ERIsMBURpGQVENSYFRPIyBUTPPwVEi0wFRFhZ
BUQ1ZgVEAnMFRM9/BUSLjAVEaZkFRCWmBUTysgVEv78FRJzMBURp2QVENeYFRPLyBUS//wVE
iwwGRGkZBkR3JgZE8jIGRL8/BkScTAZEWFkGRCVmBkTycgZEv38GRIuMBkRYmQZEJaYGRAKz
BkTPvwZEi8wGRFjZBkQl5gZE8vIGRM//BkSLDAdEWBkHRCUmB0TyMgdEN0EHRJxMB0RYWQdE
NWYHRBNzB0S/fwdEnIwHRFiZB0QlpgdE8rIHRL+/B0SLzAdEWNkHRCXmB0QC8wdEv/8HRIsM
CES7GQhENSYIRPIyCETPPwhEi0wIRFhZCEQ1ZghEAnMIRL9/CESLjAhEaZkIRCWmCEQCswhE
z78IRIvMCERp2QhENeYIRALzCETP/whEnAwJRGkZCUQ1JglEZDMJRM8/CUScTAlEaVkJRGdm
CUQCcwlEz38JRJyMCURpmQlENaYJRAKzCUTPvwlEnMwJRInZCUQ15glEAvMJRM//CUTdDApE
aRkKRDUmCkQCMwpEzz8KRM1MCkRYWQpENWYKRAJzCkTPfwpEnIwKRGmZCkQ1pgpEArMKRL+/
CkSczApEadkKRDXmCkQC8wpEz/8KRJwMC0RYGQtEdyYLRPIyC0TPPwtEnEwLRFhZC0Q1ZgtE
8nILRM9/C0ScjAtEWJkLRDWmC0QCswtEv78LRJzMC0Rp2QtENeYLRPLyC0S//wtEnAwMRFgZ
DEQlJgxEAjMMRM8/DEScTAxEWFkMRDVmDETycgxEv38MRIuMDERYmQxENaYMRPKyDES/vwxE
i8wMRHnZDEQl5gxE8vIMRL//DEScDA1EqhkNRCUmDUQjMw1Ezz8NRJxMDURYWQ1EJWYNRPJy
DUS/fw1Ei4wNRFiZDUQlpg1E8rINRM+/DUSczA1EadkNRCXmDUTy8g1Ev/8NRIsMDkRYGQ5E
JSYORAIzDkTPPw5Ei0wORFhZDkQlZg5E8nIORL9/DkScjA5EupkORCWmDkTysg5Ez78ORKzM
DkRY2Q5EJeYORPLyDkS//w5EiwwPRHkZD0QlJg9EAjMPRL8/D0SLTA9EeVkPRDVmD0Tycg9E
v38PRIuMD0RYmQ9EJaYPRPKyD0TPvw9EnMwPRGnZD0Q15g9EAvMPRM//D0ScDBBEaRkQRDUm
EEQCMxBEzz8QRJxMEESaWRBENWYQRAJzEETPfxBEnIwQRGmZEEQ1phBEArMQRN+/EESczBBE
adkQRCXmEEQC8xBEIQARRJwMEURpGRFENSYRRAIzEUTPPxFEi0wRRGlZEUQ1ZhFEAnMRRM9/
EUScjBFEWJkRRDWmEUQCsxFEz78RRIvMEUS62RFENeYRRALzEUS//xFEnAwSRGkZEkQ1JhJE
8jISRM8/EkScTBJEaVkSRDVmEkQCcxJEv38SRJyMEkRpmRJENaYSRPKyEkSDwBJEi8wSRFjZ
EkQ15hJEAvMSRL//EkSLDBNEWBkTRCUmE0QCMxNEzz8TRItME0RpWRNENWYTRPJyE0TPfxNE
i4wTRGmZE0QlphNEArMTRM+/E0T+zBNEWNkTRCXmE0QC8xNEz/8TRM0MFERYGRREJSYURPIy
FES/PxREi0wURFhZFEQ1ZhREAnMURM9/FEScjBREWJkURDWmFETyshREv78URIvMFERp2RRE
VuYURPLyFETP/xREiwwVRFgZFUQlJhVE8jIVRL8/FUSLTBVE7FkVRCVmFUTychVEv38VRIuM
FURYmRVEJaYVRAKzFUS/vxVEi8wVRFjZFUQl5hVE8vIVRPD/FUSLDBZEWBkWRCUmFkQCMxZE
zz8WRItMFkRpWRZEJWYWRAJzFkS/fxZEi4wWRFiZFkQlphZE8rIWRM+/FkSLzBZEadkWRDXm
FkQC8xZEz/8WRJwMF0RpGRdENSYXRAIzF0TPPxdErEwXRGlZF0Q1ZhdE8nIXRM9/F0ScjBdE
aZkXRDWmF0QCsxdEz78XRJzMF0Rp2RdENeYXRETzF0TP/xdEnAwYRGkZGEQ1JhhEAjMYRM8/
GEScTBhEaVkYRDVmGEQCcxhEz38YRJyMGERYmRhENaYYRAKzGES/vxhEvcwYRFjZGEQ15hhE
AvMYRL//GESLDBlEaRkZRDUmGUQCMxlEvz8ZRJxMGURpWRlEJWYZRPJyGUS/fxlEnIwZRGmZ
GUQ1phlE8rIZRL+/GUSczBlEadkZRCXmGUQC8xlEz/8ZRIsMGkRYGRpEJSYaRAIzGkS/PxpE
rEwaRGlZGkQ1ZhpE8nIaRL9/GkScjBpEaZkaRDWmGkTyshpEz78aRJzMGkRp2RpENeYaRPLy
GkTP/xpEiwwbRFgZG0QlJhtEAjMbRM8/G0ScTBtEWFkbRDVmG0TychtEv38bRJyMG0RYmRtE
NaYbRPKyG0TPvxtEi8wbRJrZG0Ql5htEAvMbRL//G0SLDBxEWBkcRCUmHETyMhxEvz8cRItM
HERYWRxEJWYcRAJzHES/fxxEi4wcRFiZHEQlphxEE7McRL+/HESLzBxEWNkcRLjmHEQC8xxE
z/8cRIsMHURpGR1EJSYdRAIzHUS/Px1EnEwdRFhZHUQlZh1EAnMdRL9/HUSLjB1EWJkdRDWm
HUQCsx1Ev78dRIvMHURp2R1ENeYdRALzHUTP/x1EnAweRGQbHkQ1Jh5EAjMeRM8/HkScTB5E
aVkeRDVmHkQCcx5Ez38eRJyMHkRpmR5EVqYeRAKzHkS/vx5EnMweRFjZHkQ15h5EAvMeRL//
HkScDB9EaRkfRDUmH0QCMx9Ezz8fRItMH0RpWR9ENWYfRAJzH0RCgB9Ei4wfRGmZH0Q1ph9E
ArMfRN+/H0SczB9EWNkfRCXmH0Ty8h9E</AssayXData><AssayYData Points="600">q4mmP8F2rD8FJq4/31yvPxvsrz+hC7A/0VuwP2hEsD81ZrA/+DywPxzWsD+zSbA/okCwPxZ8
sD+xfrA/YNSvPwn8rz+HNrA/1zmwP2r+rz+CKbA/d+KvP8tWsD85P7A/4K2wP7FasD8nRbA/
T4CwP7J1sD/yWrA/gk+wP1FksD+U5rA/UCCxP+0ZsD9S6rA/gZmwPySnsD+w7rA/bemwP0W1
sD/oVrA/bkawPyLjsD9purA/UIqwP4UcsT8Co7A/+1SxP6EHsT8M17A/cSyxP2YbsT+WGbE/
GYuxPwr7sD93QrE/re6wP1xtsT83IbE/3EixP4RBsT/qb7E/uNuxPwyNsT88UrE/8oexPwdR
sT/fobE/QMKxPyqdsT+wG7I/FRuyP5PcsT9J7bE/K2exP+/5sT9xkrE/tEWyPz5Isj8gK7I/
70yyPyXusT9GSrI/tWCyP1eqsj8wZ7I/fBGyP9i2sj8CcrI/d7yyPziLsj+sVbI/js+yPyV6
sj8g3LI/DrCyP/X/sj9yZbM/bxyzP33Ksj9ZurI/j8ayP/Cbsj/J67I/vIqzPyyEsz88/rI/
BGGzPztVsz/PW7M/zzyzP3AZsz8ZQrQ/dd+zP5GIsz8xS7M/FLGzP12ysz/oxrM/oYqzP93q
sz/0grM/fvezPwc4tD//CrQ/NRm0P7z0sz+vbbQ/D82zP+1utD/A1rM/wz+0Pyvasz/QnrQ/
pUW0PwzIsz/yN7Q/ymq0P0tGtD+8ULQ/vp20P51YtD9xjbQ/sHm0P5f3tD8597Q/ccK0P0+l
tD9pg7Q/Req0P0iZtD9OJrU/iO60PwQWtT/brbQ/Rzy1PzprtT9YqbU/RlC1P1sqtT+BSLU/
bYW1P6smtT/lt7U/JoS1P+R6tT9wrrU/hYa1P8sztT9NsrU/xhu2P41ftT+EpLU/XS+2P5ka
tj+KyLU/8+G1P2OitT+ws7U/SyO2P5W3tj984bU/a+i1P18rtj9HNrY/xnu2PzRetj/yNLY/
aii2P/U6tj+s+bU/IPu1P25ytj8ForY/GG+2P2h+tj8kSrY/F5m2PzSjtj/egrY/KOO2P7iZ
tj9Ft7Y/q6i2P05Xtj+Zv7Y/kea2P16Ftj+T+bY/q5y2P/YDtz8RELc/fDK3P1U7tz/pd7c/
7LK3P4Bhtz+VYbc/3363P6aYtz8kprc/Bjm3PzrQtz/Spbc/Fy63PwH1tz+3kbc/DNK3P6Lm
tz/R37c/4vG3P4wDuD9557c/vcq3Pyq8tz+R/Lc/4RS4P6YuuD8AT7g/HHu4P7LUtz+k17c/
oiC4P+aPuD/S/Lc/v0C4PyNLuD/yorg/q+K4P/NmuD8qdbg/MzC4P0OauD/e1bc/YKy4P2by
uD91qLg/YXG4P2G0uD+lZ7k/Rne4PysDuT9H37g/aPy4PzXcuD8Y77g/4r+4P7nXuD+F8bg/
8oO4P0LDuD8PU7k/BWq5P6LuuD8YLLk/Uzm5P+91uT+MAbk/qGi5P4qsuT9+b7k/F/i5P3eB
uT9VpLk/6ou5P1svuT9Cnrk/35K5PxrIuT/Bo7k/iMq5P0fyuT9SxLk/cWu5P8PSuT+c/bk/
E525P4sjuj8ywrk/JNa5P7MOuj9DeLo/x1m6P2Muuj+ZW7o/w+65P2xWuj8Sdbo/qlm6P5gR
uj9pfbo/nwa6P1aRuj90iro/+Xa6PxXIuj85hro/5zC7P0nduj/72ro/+Zu6P+hZuz/Yjbo/
pXS6P/BGuz+Evro/sgq7P63iuj/d8ro/f+66P83Iuj9Q9bo/BWi7PxmSuz8tabs/hDO7PyX5
uj+lXLs/9ie7P81zuz9qkLs/O4W7P6/Fuz9hSbs/xl27P50NvD+pmbs/Xp67P20ivD/84Ls/
RZq7P976uz9l6bs/bri7P9qwuz+m77s/h9q7P9fGuz9eLLw/N9i7PzDDuz9Szbs/b0K8P1vJ
vD9cbLw/cEO8PzhhvD/M5Ls/1uO7P+OFuz8Mnbw/p1S8Px5nvD/W2Ls/mLu7P+8qvD92h7w/
Nqa8P7XovD+zCL0/4jG8PyUXvT/OTb0/fnG8P/dBvT+8erw/f6O8Pxs9vT+b1rw/Mn28PwAl
vT+LML0/3wq9PzT2vD/KIL0/8zi9Pwn0vD8v+Lw//ZG9P/8/vT/8CL0/kPW8PxwuvT9JO70/
Qp29P8+NvT+8N70/QBK9P2X3vT81N70/9tm9P0FUvT8/or0/b1+9P9cTvj++Kr0/wdm9PyRD
vT8zk70/VXi9P3/bvT8sPL4/dtO9P4fxvT8qyb0/eCi+P30+vj841L0/o0C+P3rkvT87J74/
Vju+P8ruvT94WL4/hQS+Pwz2vT+AY74/6x6+P2Rvvj+LpL4/u3O+P2hUvj/wGb4/Nqm+P+TS
vj+rkL4/CXu+P0L8vT8MZr4/Cey9P6/Wvj9mHr4/EbS+PxM9vj+uir4/35G+P4lMvj97nb4/
7ge/Pwq1vj/IfL8/pOi+P+cmvz+X8b4/QYe+P4Myvz9cx74/ou++P2kPvz+4zr4/NIG/P0bq
vj+5LL8/2gm/P8wgvz/uKb8/nXC/P+EAvz+5K78/YTe/P+nrvz88ob8/D3q/P5+Bvz+Ojr8/
bFq/P9I2vz/HTb8/g66/Pyyivz8m4b8/ipm/P0CXvz+Fwb8/3wHAP9MYwD+T+r8/vse/P6NP
vz+p+r8/e1HAP/BdwD8c9L8/nuu/P6vivz9z+L8/i8+/P+ICwD+DIsA/8hLAPzKovz/uScA/
eH/AP9j7vz/xJMA//2HAP3Y+wD8VfMA/llLAP6NqwD8T8MA/nobAP2pcwD881sA/mMXAP8Gm
wD+mKsA/HrPAP/q1wD+hxsA/iUfBPyqawD+3t8A/LOTAP1fRwD/z9cA/GgTBP50zwT/O78A/
Y+rAPxMLwT9fasE/RDHBP2FHwT+JJcE/eITAPxBLwT+e5cA/01/BP9TnwT+WW8E/TVnBP4IO
wT9hZME/cSvBP1O1wT+cecE/TLPBPwJYwT++fsE/4MnBP42awT+AX8E/OVjBP3O9wT/+lME/
WdPBP46OwT9s6ME/tNbBP3bJwT//o8E/hK/BP8GqwT+KAMI/icPBP/M4wj9QuME/K13CP0/B
wT//c8I/4CHCP8MHwj/TGsI/BonCPw1Wwj8AVMI/oH/CP38nwj8XwcI/YmjCP4TrwT9YlMI/
G0TCP257wj9I98E/lm/CPwZcwj9CMcI/</AssayYData></Step></KineticsData></ExperimentResults>
