<?xml version="1.0" encoding="UTF-8" standalone="yes"?>
<ExperimentResults><ExperimentInfo Name="20250917 PE P5216 - 5377 plate 1 kappa 50 ugl"><ExpDescription>AHC example method - full characterization&#13;
Analyte titration series with reference channel</ExpDescription><RTDVersion>2.0</RTDVersion><RunID>3B9E1F69-E451-4552-8C9D-CFED4D62EEC8</RunID><ExperimentType>KINETICS</ExperimentType><ExperimentSubType>KBASIC</ExperimentSubType><StartDateTime>2025-09-17T15:12:20</StartDateTime><MachineName>BN7KX12</MachineName><UserName>octet</UserName><LotNumber></LotNumber><PlateName>250917</PlateName><PlateName2></PlateName2><SensorName>B4</SensorName><SensorPlate>1</SensorPlate><SensorType>AHC (Anti-hIgG Fc Capture)</SensorType><SensorRole>LIGAND</SensorRole><SensorInfo></SensorInfo><WritingSW>DataAcquisition.exe 11.0.2.1</WritingSW><InstrumentType>OctetRED96</InstrumentType><InstrumentSerial>FB-50284</InstrumentSerial><InstrumentFW></InstrumentFW><IntegrationTime>2.8</IntegrationTime><DSPType>CPF</DSPType><DSPStitching>1</DSPStitching><HasManifest>1</HasManifest><InfoHash>268837178</InfoHash></ExperimentInfo><AssayParamsInfo/><KineticsData><Step><CommonData><SampleLocation>1</SampleLocation><SampleID>Running Buffer</SampleID><SampleGroup></SampleGroup><SampleInfo></SampleInfo><SampleRow>B</SampleRow><SamplePlate>1</SamplePlate><WellType>BUFFER</WellType><Concentration>-1</Concentration><ConcentrationUnits>µg/ml</ConcentrationUnits><MolarConcentration>-1</MolarConcentration><MolarConcUnits>nM</MolarConcUnits><MolecularWeight>-1</MolecularWeight><Temperature>30</Temperature><StartTime>613075</StartTime><AssayTime>180</AssayTime></CommonData><FlowRate>1000</FlowRate><StepType>BASELINE</StepType><StepName>Baseline 1</StepName><StepStatus>OK</StepStatus><ActualTime>179.999</ActualTime><CycleTime>0.2</CycleTime><AssayXData Points="900">AAAAAM3MTD7NzMw+mpkZP0SLTD8AAIA/mpmZPzMzsz8IrMw/okXmPwAAAEBqvAxAmpkZQARW
JkDRIjNAAABAQM3MTEA3iVlABFZmQNEic0AAAIBANV6GQM3MjEACK5NAaJGZQM/3n0BmZqZA
nMSsQDMzs0BokblAz/e/QDVexkCcxMxAMzPTQJqZ2UDP999ANV7mQJzE7EACK/NAaJH5QM/3
/0AzMwNBTmIGQYGVCUG0yAxB5/sPQTMzE0FOYhZBgZUZQbTIHEHn+x9BMzMjQU5iJkGBlSlB
tMgsQef7L0EzMzNBTmI2QYGVOUG0yDxB5/s/QRsvQ0F/akZBmplJQbTITEHn+09BGy9TQWZm
VkGamVlBzcxcQQAAYEEzM2NBZmZmQZqZaUHNzGxBAABwQTMzc0FmZnZBmpl5Qc3MfEEAAIBB
mpmBQTMzg0HNzIRBZmaGQfT9h0GamYlBMzOLQc3MjEFmZo5BAACQQZqZkUEzM5NBzcyUQWZm
lkH0/ZdBmpmZQTMzm0HBypxBZmaeQQAAoEGNl6FBMzOjQc3MpEFmZqZBAACoQY2XqUEzM6tB
zcysQWZmrkEAALBBjZexQTMzs0HNzLRBZma2QQAAuEGamblBMzO7QcHKvEFmZr5B9P2/QZqZ
wUEzM8NBzczEQVpkxkEAAMhBmpnJQScxy0HNzMxBZmbOQQAA0EGNl9FBJzHTQc3M1EFaZNZB
AADYQZqZ2UEzM9tBwcrcQWZm3kH0/d9BjZfhQTMz40HByuRBZmbmQfT950GNl+lBJzHrQcHK
7EFaZO5B9P3vQY2X8UEzM/NBzcz0QVpk9kEAAPhBjZf5QTMz+0HNzPxBWmT+QQAAAELHywBC
mpkBQmZmAkIzMwNC+v4DQsfLBEKamQVCZmYGQjMzB0L6/gdCx8sIQpqZCUJgZQpCLTILQvr+
C0LNzAxCmpkNQmBlDkIzMw9C+v4PQs3MEEKTmBFCZmYSQi0yE0L6/hNCx8sUQpOYFUJgZRZC
LTIXQvr+F0LHyxhCk5gZQmBlGkIzMxtC+v4bQsfLHEKTmB1CYGUeQi0yH0L6/h9Cx8sgQpOY
IUJgZSJCOTQjQvr+I0LHyyRCmpklQmZmJkIzMydCAAAoQs3MKEKamSlCZmYqQjMzK0IAACxC
zcwsQpqZLUJmZi5CMzMvQgAAMELNzDBCmpkxQmZmMkIzMzNCAAA0Qs3MNEKamTVCYGU2QjMz
N0IAADhCzcw4QpqZOUJmZjpCMzM7QgAAPELNzDxCk5g9QmZmPkIzMz9CAABAQs3MQEKamUFC
ZmZCQjMzQ0L6/kNCzcxEQpqZRUJmZkZCMzNHQvr+R0LNzEhCk5hJQmZmSkIzM0tCAABMQs3M
TEKamU1CZmZOQjMzT0L6/k9CzcxQQpqZUUJmZlJCMzNTQgAAVELNzFRCmplVQmBlVkIzM1dC
+v5XQs3MWEKTmFlCZmZaQjMzW0IAAFxCx8tcQpOYXUJmZl5CMzNfQgAAYELHy2BCmplhQmBl
YkIzM2NC+v5jQs3MZEKamWVCYGVmQjMzZ0L6/mdCzcxoQpqZaUJgZWpCMzNrQvr+a0LNzGxC
k5htQmZmbkIzM29C+v5vQs3McEKamXFCYGVyQi0yc0IAAHRCx8t0QpOYdUJgZXZCLTJ3Qvr+
d0LHy3hCmpl5QmBlekIzM3tC+v57QsfLfEKTmH1CYGV+Qi0yf0L6/n9CZmaAQkrMgEKwMoFC
F5mBQn3/gULjZYJCSsyCQrAyg0IXmYNCff+DQuNlhEJKzIRCsDKFQheZhUJ9/4VC42WGQkrM
hkIzM4dCmpmHQn3/h0LjZYhCzcyIQrAyiUKamYlCff+JQuNlikLNzIpCMzOLQheZi0IAAIxC
ZmaMQs3MjEIzM41CmpmNQgAAjkJmZo5CzcyOQjMzj0KamY9CAACQQmZmkELNzJBCMzORQpqZ
kUIAAJJCZmaSQs3MkkIzM5NCF5mTQgAAlEJmZpRCzcyUQjMzlUKamZVCAACWQmZmlkLNzJZC
sDKXQpqZl0IAAJhCZmaYQs3MmEIzM5lCmpmZQgAAmkJmZppCzcyaQjMzm0KamZtCAACcQmZm
nELNzJxCMzOdQheZnUIAAJ5CZmaeQs3MnkIzM59CmpmfQgAAoEJmZqBCzcygQrAyoUKamaFC
AACiQmZmokJKzKJCMzOjQheZo0IAAKRC42WkQs3MpEIzM6VCmpmlQgAApkLjZaZCSsymQrAy
p0KamadCiQGoQmZmqELNzKhCMzOpQheZqUJ9/6lCZmaqQs3MqkKwMqtCF5mrQgAArEJmZqxC
SsysQrAyrUIXma1CAACuQuNlrkJKzK5CMzOvQpqZr0IAALBCZmawQs3MsEIzM7FCmpmxQn3/
sULpZrJCzcyyQrAys0KambNCff+zQuNltEJKzLRCMzO1QheZtUJ9/7VC42W2QkrMtkKwMrdC
F5m3Qn3/t0JmZrhCzcy4QrAyuUIXmblCff+5QuNlukJKzLpCMzO7QheZu0J9/7tC42W8QkrM
vEKwMr1CF5m9QgAAvkLjZb5CSsy+QrAyv0IXmb9Cff+/QuNlwEJKzMBCsDLBQheZwUJ9/8FC
ZmbCQkrMwkKwMsNCF5nDQn3/w0KRbcRCzczEQjMzxUKamcVCAADGQmZmxkJKzMZCMzPHQpqZ
x0IAAMhCZmbIQs3MyEIzM8lCmpnJQgAAykJmZspCzczKQjMzy0IXmctCAADMQmZmzELNzMxC
MzPNQpqZzUIAAM5CZmbOQs3MzkIzM89CmpnPQgAA0EJmZtBCzczQQrAy0UKamdFCAADSQuNl
0kLNzNJCsDLTQheZ00IAANRCZmbUQs3M1EIzM9VCF5nVQgAA1kJmZtZCzczWQjMz10IdmtdC
AADYQuNl2ELNzNhCMzPZQpqZ2UIAANpC42XaQs3M2kKwMttCF5nbQgAA3ELjZdxCzczcQjMz
3UKamd1CAADeQmZm3kLNzN5CsDLfQheZ30IAAOBC42XgQs3M4EIzM+FCF5nhQn3/4UJmZuJC
zcziQjMz40IXmeNCff/jQuNl5EJKzORCMzPlQpqZ5UIAAOZCmG7mQs3M5kIzM+dCmpnnQn3/
50LjZehCSszoQrAy6UKamelCff/pQuNl6kJKzOpCMzPrQpqZ60J9/+tCZmbsQs3M7EKwMu1C
F5ntQn3/7UJmZu5CSszuQrAy70IXme9CAADwQuNl8EJo0fBCsDLxQheZ8UIAAPJC42XyQkrM
8kKwMvNCmpnzQgAA9ELjZfRCSsz0QrAy9UIXmfVCff/1QuNl9kJKzPZCMzP3QheZ90IAAPhC
42X4QkrM+EIzM/lCF5n5QgAA+kLjZfpCSsz6QrYz+0IXmftCff/7QuNl/ELNzPxCsDL9QpqZ
/UIAAP5CZmb+QrLd/kI/Nf9Cmpn/QoMAAEMzMwBDZmYAQ5qZAEPNzABDAAABQzMzAUNmZgFD
WJkBQ83MAUMAAAJDMzMCQ2ZmAkNYmQJDzcwCQwAAA0MzMwNDZmYDQ1iZA0OLzANDAAAEQzMz
BENmZgRDmpkEQ83MBEMAAAVDMzMFQ2ZmBUNYmQVDzcwFQwAABkPyMgZDJWYGQ5qZBkPNzAZD
vv8GQzMzB0NmZgdDmpkHQ4vMB0O+/wdDMzMIQ2ZmCENYmQhDzcwIQ77/CEPyMglDJWYJQ5qZ
CUOLzAlDAAAKQzMzCkMlZgpDmpkKQ83MCkMAAAtDMzMLQ2ZmC0OamQtDzcwLQwAADEMzMwxD
ZmYMQ5qZDEOLzAxDvv8MQ/IyDUMlZg1DWJkNQ4vMDUMAAA5DMzMOQyVmDkNYmQ5DzcwOQ77/
DkMzMw9DZmYPQ1iZD0PNzA9Dvv8PQ/IyEENmZhBDmpkQQ83MEEO+/xBDMzMRQyVmEUNYmRFD
i8wRQwAAEkMzMxJDJWYSQ1iZEkOLzBJDAAATQ/IyE0NzaBND55sTQ4vME0MAABRD8jIUQyVm
FENYmRRDi8wUQ77/FEPyMhVDZmYVQ1iZFUOLzBVDvv8VQ/IyFkMlZhZDWJkWQ83MFkO+/xZD
MzMXQ2ZmF0NYmRdDi8wXQ77/F0MzMxhDJWYYQ1iZGEOLzBhDvv8YQzMzGUOoZhlDWJkZQ1bO
GUO+/xlDMzMaQ2ZmGkNYmRpDzcwaQwAAG0MzMxtDZmYbQ5qZG0PNzBtDAAAcQzMzHENmZhxD
mpkcQ83MHEMAAB1DMzMdQ2ZmHUOamR1DzcwdQwAAHkMzMx5DZmYeQ1iZHkPNzB5DAAAfQzMz
H0NmZh9DmpkfQ83MH0MAACBDMzMgQyVmIEOamSBDzcwgQwAAIUMzMyFDZmYhQ5qZIUPNzCFD
AAAiQ/IyIkNmZiJDmpkiQ4vMIkMAACNDMzMjQ2ZmI0MMoiNDzcwjQwAAJEPyMiRDZmYkQ1iZ
JEOLzCRDvv8kQ/IyJUNmZiVDmpklQ83MJUMAACZD8jImQ2ZmJkNYmSZDi8wmQ77/JkMzMydD
x2snQ1iZJ0PNzCdDvv8nQ/IyKEMlZihDmpkoQ83MKEMAAClDMzMpQ2ZmKUNYmSlDi8wpQwAA
KkMzMypDJWYqQ1iZKkPNzCpDvv8qQzMzK0MlZitDmpkrQ4vMK0MAACxD8jIsQyVmLEOamSxD
i8wsQ77/LEPyMi1DZmYtQ1iZLUPNzC1DAAAuQzMzLkMlZi5DWJkuQ4vMLkO+/y5D8jIvQyVm
L0NYmS9Di8wvQwAAMEPyMjBDqGYwQ1iZMEOLzDBDvv8wQ/IyMUNmZjFDmpkxQ4vMMUMAADJD
MzMyQyVmMkNYmTJDi8wyQ77/MkPyMjNDJWYzQ1iZM0OLzDND</AssayXData><AssayYData Points="900">AAAAAHdokzsNP3w7YLmUO7TgnztUOwk8KZkKPIKFQDwrBeI7ZC1RPHvBUjylTy48gwNQPA80
jzw8M488bwCvPLSagTwAzpE8ffmWPOaHkTzZc3o8CVG7PK49kjy4CqY857qtPHCMtTwhaq88
MeDMPBtxrDx7cbA8niHKPJtwyjz43L08ShG0PBLqzjyxEcg8diDZPLW/2DwwVtc89brUPF4H
5DyjcfI8YZP4POey8Twnhf88w0D5PH389DyahgM9P94JPW0sAz3tWvE8gSIYPT5iGD36UhQ9
kPgbPWtPET13FRA9sHr+PGmuFz1K1As9i/IIPd+/Hz2RmgY9GzIcPX8ELD3O1hY9U0kjPSgN
Hj10bSQ9gJEePRPBJj3ZDC097SsnPV+YJT3zzBo91YAtPYBpKz0FADE9A84rPdYpMD1LTDU9
vb42PUajNz0WniM9Otk1Pc5tQT327TA9aq8rPdMGQT2Y/Dw9zfI5PVaSOj1G7UU9vFREPbYm
VT02o1090YRFPbkITj0hzEM9vilIPRcjSz0N4Uk9YmtEPS/jUD3Yw109/pdRPb8wVj02m0o9
+QNZPewJaD0FdUw9H5phPaJ7UT0q5mA9BRlqPRbOUT0cg2M94EdTPW1VYj1APWY9TtptPSeC
bz2xy3Q9oCtkPYcBaT2vpWc9RnFoPRQhYj2Fu2w9MWFnPWprZj2a2Ww9SfF+PfR6hD1hPnk9
Pj17PTRgbD1WE2s9TJB2PaK2ZT3aJIM9TgCFPbEtcj3aW3g97xd8PaSqgD0fR4o9bct2PfI8
hT2mS4E9Ul2IPZicgT3x84c9hWSAPeRdgz1PHYk9g39/PTyNhT1mG4Y9FjmFPcyYhj0u54o9
KkKKPZDBhD1obZI9URGLPbgpij3ojoo993WSPSbqjD1YMY49uIyMPWQtjT3J5pg9ae+VPekM
lT3n+JQ9I3SRPcO2kT1HKZo9uEuRPQVVkz0pgZM9iTGWPdrBmD2WhZg9d6+aPYxqmz2u95Q9
FF2bPfO6nD2YqJg9r2acPUyYmT1eoZw9tp2ZPcXHnj0BfaA9iOGdPS6eoT0QhZ8940KbPRPh
mz3a3589CAWXPXf0mj0vXKM9IZicPXqHoT1JPqI92yOgPYz7mD0Ps589ZFikPTGhpT0wZKM9
R9+kPQ6Poz1pkqI9vLylPWxZoT1jWbE9ORCuPUHeqD0yqaU9vligPQqKqz2rpKY9bUyqPQQT
qT1bNqk9bE+sPWqGqz3pnLI9YxqwPTJurz1ekK09kwSyPcVZsz1jpbU962izPZtYrz3FWrI9
U4yzPekStT1qZa49CfyuPTY/sj0NxLk9Bi+6PeQguj3nBLM9ktywPeIOsz0zRr89Xgi2PRFp
uj1DBrk9wNy8PYSqtz1aEro9Ro3CPRCQuT00zsI98xm4PcS9uj33pbg9pazAPd6yvz2ZWLY9
0WO+PVm+uj2Lr789Y57BPbyuuz2gcsE9wYq5Pdc2vD2d+Lo9p/W+PcnDvT2wW749Bgq+Pbmx
wD1glL09xyjAPSPCvj0VPMQ9PPG/PWHkzD1zD8s9A5HFPVHGyT0WpcY97EjHPaKiyD0zBck9
bj/LPZDwyj2Te9A9KdbGPQzXxz1RMMk98NjJPY92zT3JMc092e3HPcwiyD3CDc09NULIPUzH
0T3+O8Y9dQnSPR9E0j1T88w91bLLPb3SxT2dl889iBTMPcr10D0mCs09dLnNPWFNzz1IYNY9
6TDQPcdR1z3fDdY9mHHJPSkr0D1OsNY9BsPVPR462j0aRtM9o5XSPUla2D2ICNc96RrXPdfB
zj3stdg9OjvSPeMY3D3/HNs9WhHePXVC4j2wZt49vHjXPSW60D0mtdk9ZPXkPeMz3z2VR+Q9
murdPRAT3T3ZYN89fFzdPX5L3D0a2+A9163fPUix4T3DO989FAXlPTH/4T1a2uE9fqTiPS6K
4T1Oud09wCrfPRnv4j1nZeE90FLhPfzu4j2nnuU9VnjpPUTI5D0qhuU9LUTjPf4o5z2zBOc9
FQDqPUuF5D1Ozek9j2bjPRyk4T2bB+A9YYblPeKG6T01Uus9+OjwPTgX6z1e4+Y9CiDuPY+W
6z1IKvY9j2rsPac95z2Wo+494XnuPT2c6T1lu+49sazyPYaV6j2WXuo9mvvuPS0R6j324/M9
BKXsPbA48D0k++49uVPtPWdQ7D2mVPE91t/tPdKW7z3niu09WibuPQ4E7D32V/I9ZKb2PUpn
9D0+WfU9DKPuPWBd9j3BrfI952/zPWIp9T1Iu/Q94Lz1PQVu9z1XN/U9O7b4PWjY9D2jtPY9
Upf3PVar9D3kZfY9KiL6PRQh9T0Z9vU9dZn8PfCD+z3DVvg93y76PXCd9j1LWv49qED/PQJd
/j1DT/o9Lyz6PaFD+z2trPo9/cT5PTsc/D1AePw9GiIDPmKOAD5i//498Sr9PaMf+D2Xxf09
Cu37PS7k/z3GLAI+P7sDPva7AD64bQE+/MwBPiKcAT6ab/498sAAPqUwAj48GAA+J4EDPkLt
/j26iwI+DnAEPvrkAz4rJgU+00YBPvmxAz6uRgM+DEkDPr+JAT5wywU+qdMGPm2mBz6jpgU+
hi8CPvrMAj7JyQc+eFYGPvTqAD6+0QI+zLoCPpUlBT4n+gY+FokDPiw8BD6+gAY+AgUFPnjJ
Bz4ZPAQ+U1wEPiY/CT5ESAY+IccIPmoABz7FHwQ+9IEIPlHUCT5W+gU+kcwIPj6xCT6PTgc+
2GYLPkDYCD7cDQg+hWgIPsaWBD5ivwo+hJIIPt1uDD7/Jgc+tEUKPjLeBz7mWQg+PnsJPrt9
Cz4Jew0+uLoKPlGVDj4t0Qo+0LMJPmPeDD4uCA4+AmwIPvdMCz5SmhE+WG8LPnbpCz7ciQ4+
1MMNPpwaDj4GZQ4+4N8PPs2GCz7EXQ4+018NPnGuDT6gug0+CSoOPrhBCz7gphA+uoQNPrCR
DT7aIBI+urQRPqM4DD5Vpw0+M78PPm2sDj5xfhI+fUoMPtclED4Z9g0+uOQQPuv+ET5JxRA+
keUTPgc+Dz7dtRA+mWIRPm4GED79DhM+HDMSPlDSDj6VUhM+uZoPPjugEj7HFxY+1yMPPkP9
ED6H1BM+5ZEZPvmtED7nQRI+AdMVPq9OFj5AGBc+X8sSPpHmET67+BI+zkYWPp3NEz5iGBA+
JO4QPpv7FD6OMBM+uEMZPlyzFT4OlBM+f6sVPhSpFj4AehU+rGcSPkhIGD6QAxo+ragUPspC
Fj56jRo+0EEYPlVnFT5dVxY+EL4UPhbqFT5ozBg++3kZPutiFz4aURg+tNQUPhZFGT4KEBo+
0aMZPh/tGT7f3hg+3DQYPl2BGD6SihU+yTwbPtUqGD5s5Bk+6igaPtd+Fj5yrxs+zu0YPp+3
Gz7oxxc+/JcaPojqGz5cIxk+vdEXPmhTHT60Fh0+XBobPkI4Gj5ZMxw+C4cbPmmuFj5aFxs+
1gwZPi2WHD5zJB0+GdsZPlJUGj5uyBs+oRUcPnrxHT7l7B0+0XobPjCcGD5v+xw+GxQYPiw5
HT6eBh4+zK8cPs/vHz5Z3B0+XP8gPupAHz793h8+svwgPvJgHz6Rxx0+QjobPmUZGz4pRyI+
/EscPk6LHT7JCR4+ZxYfPnoGHj7eVyU+x5cfPvaPHD4dbx8+4gofPohSIT7o8x8+/SAgPsiJ
Hz730CA+2H8fPqrLIj4XLyE+lpYhPksSHj7T4yI+RqAdPhb8IT7YCyI+sl0jPru+Iz7ZpiA+
itchPna3Ij6swiE+bewkPuq3Hz6MeB0++foiPtoNIT7ArSM+SlUhPv1DIj6I2SI+tFclPnNS
JD7imCE+4uciPhCEJT7GJSY+004lPjF5Hz69PiY+bAEnPtI8Hz5b1CI+JUwoPhJmJT4RUyk+
a0UkPhcmKj4F5iQ+G+soPkU1Jz7GAyg+ITcjPsCkKj4qSyU+zYojPkjjJD6ckCo+eYwlPrwn
Jj5IqiU+6AQnPl9NKD51oyg+CEgoPm0hKj4xySc+A00sPhLcJz6AuCc+mEAmPsXCJj5gtyk+
BJoqPsVBJj79his+CskpPr3WKT5t0Ss+7Z0pPvjXKD4TNiY+1MwpPmciKD6tWSk+UOkqPgCP
Lz6scSk+EQQsPlTuKj5ztyg+R6snPuP3Kj6/PCs+gjIqPj3HKz7h+is+ZlwtPoA2Jj4KzjE+
GoUtPph3LD5lVi0+j/QuPojOKz6z5i8+JKQvPpG7Kj6MxS8+wagrPhANKz5ZPC4+UH8sPs3+
Lz6nzzA+JFMsPgNGLT4+kis+HLsvPhiYMD5PSzA+POkvPsPGLD5fMjE+UIAxPhFmLz4xli8+
04kwPjlqLz7vpi8+R0UtPn/CMD7lGDE+NZYtPidXLz4Ouy8+2MkyPu1HMT4BfTE+NXcvPtsu
Lz5ZrDE+HM0xPhCCLj6I5TA+t5IzPpPrMD78aTM+TpAyPvKRMT5BmjA+G6gzPveFMj4jJTU+
Aik0PvxLMj75xzQ+Rq40PgGdNj4mtTQ+I58zPnmqMz7oATc+OG8xPuUoNT71KDM+a3k0Pvfo
Mj4HEzQ+FVs0PtyCNT4dQjI+dvEyPl7nMj6qjjY+42Q0PtfzNj66zzY+Qps1PnxQOT7pSDg+
mxMzPj6LNT5vcDM+SX86Pn7HNj5XoTk+Fa80PsDjNT6tGjU+CHE1PpKMNT4b+Tc+wZo2Pq43
Nj4YsTc+i+o2PmTwPT4TRzY+YFc0PiVmNj4dGzc+d3szPlUEOT62+TM+20Q2PmiTNj5Z4jY+
UEo2PpALNz7wQzU+Oew6Pt8WOT7uljY+OEw6Pn+DOT5PPjo+</AssayYData></Step><Step><CommonData><SampleLocation>2</SampleLocation><SampleID>10mM Glycine pH1.7</SampleID><SampleGroup></SampleGroup><SampleInfo>or other Regeneration solution</SampleInfo><SampleRow>B</SampleRow><SamplePlate>1</SamplePlate><WellType>REGENERATION</WellType><Concentration>-1</Concentration><ConcentrationUnits>µg/ml</ConcentrationUnits><MolarConcentration>-1</MolarConcentration><MolarConcUnits>nM</MolarConcUnits><MolecularWeight>-1</MolecularWeight><Temperature>30</Temperature><StartTime>969225</StartTime><AssayTime>20</AssayTime></CommonData><FlowRate>1000</FlowRate><StepType>CUSTOM</StepType><StepName>condition</StepName><StepStatus>OK</StepStatus><ActualTime>20</ActualTime><CycleTime>0.2</CycleTime><AssayXData Points="100">vv8zQ3QzNEMkZjRDWJk0Q4vMNEN8/zRDsDI1Q+NlNUNYmTVDi8w1Q4sMNkNRODZDJGY2Q5mZ
NkNJzDZDfP82Q/EyN0PjZTdDn5o3Q0nMN0O+/zdD8TI4Q+NlOEMWmThDScw4Q77/OEOwMjlD
42U5QxaZOUNJzDlDfP85Q7AyOkPjZTpDFpk6Q0nMOkODADtDsDI7Q+NlO0MWmTtDi8w7Q3z/
O0OwMjxD42U8QxaZPENJzDxDfP88Q/EyPUPjZT1DFpk9Q0nMPUO+/z1DsDI+Q6hmPkMimz5D
Scw+Q3z/PkOwMj9D6WY/QxaZP0OLzD9DfP8/Q7AyQEPjZUBDFplAQ4vMQEN8/0BDsDJBQ+Nl
QUOZmUFDScxBQ3z/QUPxMkJDJGZCQxaZQkMOzUJDvv9CQ/EyQ0MkZkNDWJlDQ0/NQ0O+/0ND
8TJEQyRmRENemkRDi8xEQ77/REPxMkVDJGZFQ1iZRUOLzEVDvv9FQ/EyRkMkZkZDWJlGQ4vM
RkO+/0ZDdDNHQ+NlR0NYmUdDi8xHQw==</AssayXData><AssayYData Points="100">O/KcvSoCmLxn2a08cXQbPa2iPD04OEg9X/tCPWSyKT1eXig9tesUPbj78jx/9dA8tUzfPLiH
tTxxVIk8ObhtPKO+UjxmIg48/ausO5bXAjs+kDY7JXUqu+HqjLv4I2G73yfou2PYN7x2FSK8
DXMyvD4/hrzXi5W8wuOlvOCyprzXfKy8/TfAvPqZ0ry6vN68HLHvvHmu/rzwFOi8WhkJvcAx
CL1+MAi9zWoTvfylGr1SNSm9eg4vvQNMJL1Gmiu90AoyvQQ6Nb2ljDG9esk9vZKPSL3lCEu9
metXvWJUUL3vA1692ctSvbkWW729s2i92D5evVbvXL11c2C9vAZtvalrbb3lP3S9Qdh1vYTk
f713pIO9jc+HvfdmgL3rn3y9ZzB4vWoDir3oSYe9QOOFvfinir15Co294XuMvZJciL1V+pO9
If6NvUIZlb1qxJS9cpSavURKlr26l5m94nyUvY5Cnb0Fgpi9EkGgvV8jo73OrJ69uTGfvZX8
pr0I/aK9bn2pvVPGqb3H8qi96MWjvQ==</AssayYData></Step><Step><CommonData><SampleLocation>1</SampleLocation><SampleID>Running Buffer</SampleID><SampleGroup></SampleGroup><SampleInfo></SampleInfo><SampleRow>B</SampleRow><SamplePlate>1</SamplePlate><WellType>BUFFER</WellType><Concentration>-1</Concentration><ConcentrationUnits>µg/ml</ConcentrationUnits><MolarConcentration>-1</MolarConcentration><MolarConcUnits>nM</MolarConcUnits><MolecularWeight>-1</MolecularWeight><Temperature>30</Temperature><StartTime>995049</StartTime><AssayTime>20</AssayTime></CommonData><FlowRate>1000</FlowRate><StepType>CUSTOM</StepType><StepName>condition</StepName><StepStatus>OK</StepStatus><ActualTime>20</ActualTime><CycleTime>0.2</CycleTime><AssayXData Points="100">vv9HQ7AySEMkZkhDWJlIQ0nMSEN8/0hD8TJJQyRmSUNYmUlDi8xJQ77/SUPxMkpDJGZKQxaZ
SkOLzEpDfP9KQ7AyS0MkZktDFplLQ0nMS0N8/0tDsDJMQ+NlTENYmUxDScxMQ3z/TEOwMk1D
42VNQxaZTUNJzE1Dvv9NQ7AyTkOuZ05DFplOQ0nMTkN8/05DsDJPQ+lmT0MWmU9DScxPQ3z/
T0OwMlBD42VQQxaZUENJzFBDiQFRQ7AyUUPjZVFDFplRQ4vMUUN8/1FDsDJSQyRmUkMWmVJD
0s1SQ3z/UkOwMlND42VTQ1iZU0NJzFNDfP9TQ/EyVEPjZVRDFplUQ0nMVEN8/1RDsDJVQ+Nl
VUNYmVVDi8xVQ77/VUPxMlZDJGZWQ1iZVkOLzFZDvv9WQ7YzV0MkZldDWJlXQ4vMV0O+/1dD
8TJYQyRmWENYmVhDi8xYQ77/WEPxMllDJGZZQ1iZWUOLzFlDvv9ZQ/EyWkMkZlpDKJxaQ0nM
WkN8/1pD8TJbQyRmW0OZmVtDi8xbQw==</AssayXData><AssayYData Points="100">6M0XPvfR7z1VO8c9VAysPVKEoz1CF6Y9UBuiPSKSqz1SjqY9wAKtPQc2rD1c+bU9uD6tPeEs
uj2qRLs9yS++PQWCwz3y2r09LM+/PTmpyz2lT8c9o6LOPej8yT0rcNI9m97QPbbk0j1tfdM9
TK7ZPRaC0z1iV909J4DVPcRu2z0DAd09llfhPUiV3j3hXds9bwTdPdBZ5j2ZFuA9SBfiPd/y
3z3kr+Q9RlPhPZGY7T3v3+k9WDXiPb4j6z36yek9ea3kPb807j0Mlew9+g7qPU6c6z1Egus9
lOXvPVzX6T0Th/E9aKXyPaEl8z3/S+w9b9z0Pa/B/T1BZvM9ujD4PbNL+z1tYfM9vjr5PT9I
9j3z/fU9PCr3PcQM/T2fRQA+3Tv6PdhB/T0hmfo95iv2PXyWAz6geQA+3vP6PV0uAT72ywE+
W6n+PaEPAj4WkQA++6b+PdZLBT73xwE+nCoDPmFz/j29ugA+plAFPrFnBT7XeAQ+wY4APj/Z
Aj4rywM+aZMDPnxABT4uMAY+z3AGPg==</AssayYData></Step><Step><CommonData><SampleLocation>2</SampleLocation><SampleID>10mM Glycine pH1.7</SampleID><SampleGroup></SampleGroup><SampleInfo>or other Regeneration solution</SampleInfo><SampleRow>B</SampleRow><SamplePlate>1</SamplePlate><WellType>REGENERATION</WellType><Concentration>-1</Concentration><ConcentrationUnits>µg/ml</ConcentrationUnits><MolarConcentration>-1</MolarConcentration><MolarConcUnits>nM</MolarConcUnits><MolecularWeight>-1</MolecularWeight><Temperature>30</Temperature><StartTime>1020697</StartTime><AssayTime>20</AssayTime></CommonData><FlowRate>1000</FlowRate><StepType>CUSTOM</StepType><StepName>condition</StepName><StepStatus>OK</StepStatus><ActualTime>19.999</ActualTime><CycleTime>0.2</CycleTime><AssayXData Points="100">v/9bQ7EyXEPkZVxDF5lcQ4zMXEN9/1xD8jJdQyVmXUNZmV1DSsxdQ7//XUOxMl5DJWZeQxeZ
XkNKzF5Dff9eQ7EyX0PkZV9DF5lfQ0rMX0N9/19D8jJgQ+RlYEMXmWBDSsxgQ33/YEPyMmFD
5GVhQxeZYUNKzGFDff9hQ3UzYkPkZWJDF5liQ0rMYkO//2JD8jJjQ+RlY0MXmWNDks1jQ33/
Y0OxMmRD5GVkQxeZZENKzGRDff9kQ7EyZUPkZWVDF5llQ0rMZUO//2VDsTJmQ+RlZkMXmWZD
jMxmQ33/ZkOxMmdD5GVnQxeZZ0NKzGdDAQBoQ7EyaEMlZmhDWZloQ4zMaEO//2hD8jJpQyVm
aUNZmWlDjMxpQ7//aUPyMmpDJWZqQ1mZakOMzGpDv/9qQ/Iya0PkZWtDWZlrQ4zMa0O//2tD
sTJsQyVmbENZmWxDjMxsQ33/bEPyMm1DJWZtQ1mZbUOMzG1Dv/9tQ/IybkMlZm5DWZluQ0rM
bkO//25D8jJvQyVmb0MXmW9DSsxvQw==</AssayXData><AssayYData Points="100">GY43vo3b+r3wg5a9t6FGvfmQBr1Tjdq8WZS6vNFOz7wAg9+8LqLjvKUW+LxzZQK9XhEfvbqT
IL0VuRi9gikovXI7LL1O1jO9j7wsveyHOL1HeUW9z/JKvf1yRb1lF1a9aCVcvZpFYr24MU+9
CPNYvURmW705HV69a+lqvaJbbL3I/XO9pPKDvXaxer0G4Hu9Z+J4vc5UiL1lKom9qHCDvSkf
hb2/aYK9QgaMvfUrjb3r1pC98jaOvV9Ekb36pZO9ZwKVvWGYjb0hG5W9tZGavQ4tkb2/FpO9
n4eZvfuOmL3GJZW91q6ivTAonr23mpu9XMCgvRjwpb1Uc6G9c/+jvW1oob1eZaK9Bt6pvVM/
n71DJKa9bH6ovc6wpr2Ekqa9jr2pvfLDq70nIay9NAmvvWBhsr08eau9kjiuvY2St72yuLG9
CVWtverdtr2w4ru9z/uzvch7tr3Zo7a9tpKzvfl9s71e1rW9tka9ve7Mw71lo8G9eAezvX9C
v73syL29bse/vSQfvL3rSsG91Aq8vQ==</AssayYData></Step><Step><CommonData><SampleLocation>1</SampleLocation><SampleID>Running Buffer</SampleID><SampleGroup></SampleGroup><SampleInfo></SampleInfo><SampleRow>B</SampleRow><SamplePlate>1</SamplePlate><WellType>BUFFER</WellType><Concentration>-1</Concentration><ConcentrationUnits>µg/ml</ConcentrationUnits><MolarConcentration>-1</MolarConcentration><MolarConcUnits>nM</MolarConcUnits><MolecularWeight>-1</MolecularWeight><Temperature>30</Temperature><StartTime>1046171</StartTime><AssayTime>20</AssayTime></CommonData><FlowRate>1000</FlowRate><StepType>CUSTOM</StepType><StepName>condition</StepName><StepStatus>OK</StepStatus><ActualTime>19.999</ActualTime><CycleTime>0.2</CycleTime><AssayXData Points="100">ff9vQ7AycEPjZXBD1ZhwQ0rMcEM7/3BDbzJxQ+NlcUPVmHFDCMxxQzv/cUNvMnJD42VyQxeZ
ckNKzHJDO/9yQ28yc0OiZXND1ZhzQwjMc0N9/3NDbzJ0Q6JldEPVmHRDCMx0Qzv/dEN1M3VD
42V1QxeZdUMIzHVDO/91Q7AydkOiZXZD1Zh2QwjMdkM7/3ZDsDJ3Q6Jld0PVmHdDCMx3Qzv/
d0NvMnhD42V4Q9WYeENKzHhDff94Q28yeUOiZXlD1Zh5QwjMeUN9/3lDsDJ6Q6JlekPVmHpD
i8x6Q33/ekOwMntD42V7QxeZe0NKzHtDff97Q7AyfEPjZXxDF5l8Q0rMfEN9/3xDsDJ9Q+Nl
fUPVmH1DSsx9Q33/fUOwMn5D42V+QxeZfkNKzH5Dff9+Q28yf0PjZX9D1Zh/Q0rMf0N9/39D
NxmAQ9AygEOLTIBDJGaAQ75/gENYmYBD8bKAQ2rMgEMk5oBDvv+AQzcZgUPxMoFDi0yBQyRm
gUO+f4FDN5mBQ/GygUNqzIFDBOaBQw==</AssayXData><AssayYData Points="100">QsUXPgQw9j3o7tE963jBPYJ7sj3Oj7Q9f0ywPXSGtD23t649x1e3Pbf1uz33irk9BqXGPVM2
vz2liMI9DILJPSAxzj2tedA9kKbJPRG5zz1MPNE9f27MPRv1zz1uRs89JxjWPZpW0T1bqdo9
9W3XPdHE1z0Cw9U9QNnZPVsh1T0qWtU9bhffPU6S4T0oDto9G8XiPcEi3z2sTug9dT3oPZV/
3D1MON89AW/lPTWl4j1CR+g9oGjmPRTT6j0MC+c9EVToPcRg7j04VeY96j7lPc8U7D1+2u09
m2znPYJC7D2VR/Q9nh3wPVRL7z3zw+89BCDvPQj17z0VtPs9rJfuPQ0B7D3sqfw9Pfz5Paq/
+D2Rf/Y9geL1PeKV+z3huu49ToPzPb3z+D218/Q96HkAPijH+j3QV/g9Ycv6PYLh/T0XVfM9
X279PaRS/T3Fsfo94lv+PUVq+T1/UPs9jlACPtR9AD7p7/89rZADPhYFAj5JWQE+NOsBPmxJ
AD45Cf89WxcBPrW5Aj5bkwA+/4cEPg==</AssayYData></Step><Step><CommonData><SampleLocation>2</SampleLocation><SampleID>10mM Glycine pH1.7</SampleID><SampleGroup></SampleGroup><SampleInfo>or other Regeneration solution</SampleInfo><SampleRow>B</SampleRow><SamplePlate>1</SamplePlate><WellType>REGENERATION</WellType><Concentration>-1</Concentration><ConcentrationUnits>µg/ml</ConcentrationUnits><MolarConcentration>-1</MolarConcentration><MolarConcUnits>nM</MolarConcUnits><MolecularWeight>-1</MolecularWeight><Temperature>30</Temperature><StartTime>1071803</StartTime><AssayTime>20</AssayTime></CommonData><FlowRate>1000</FlowRate><StepType>CUSTOM</StepType><StepName>condition</StepName><StepStatus>OK</StepStatus><ActualTime>20</ActualTime><CycleTime>0.2</CycleTime><AssayXData Points="100">nv+BQzgZgkPRMoJDa0yCQ+RlgkN9f4JDF5mCQ9GygkNrzIJDBOaCQ57/gkO7GYNDsDKDQ2tM
g0PkZYNDnn+DQziZg0PRsoNDSsyDQwTmg0N9/4NDFxmEQ7AyhENKTIRD5GWEQ55/hEMXmYRD
sLKEQ2vMhEPk5YRDff+EQxcZhUOwMoVDa0yFQytnhUOef4VDF5mFQ7CyhUNKzIVD5OWFQ33/
hUMXGYZDsDKGQ0pMhkMEZoZDfX+GQxeZhkOwsoZDa8yGQ+TlhkN9/4ZDFxmHQ7Ayh0NKTIdD
5GWHQ31/h0MXmYdDsLKHQ2vMh0Pk5YdDnv+HQxcZiEOwMohDa0yIQ+RliEN9f4hDOJmIQ7Cy
iENKzIhDBOaIQ33/iEM4GYlDsDKJQ2tMiUMEZolDnn+JQziZiUNhtYlDa8yJQwTmiUOe/4lD
OBmKQ9EyikNrTIpDBGaKQ55/ikM4mYpD0bKKQ2vMikME5opDnv+KQzgZi0PRMotDa0yLQwRm
i0Oef4tDOJmLQ9Gyi0NrzItDBOaLQw==</AssayXData><AssayYData Points="100">fycyvq847L1yiqy9FC+AvRO3Xr0CrlK9U5dWvQAXWb2elE29lJBdvbBrbL13cWu9dWVfvb7s
dr3f+IK9IWSDvcw7gL2wxIe9EmKMvRG0hb2jTYe9i++NvUJxir1yBJe9CgecvQ3Dkb0fN5O9
NoyUvbNen71o+Ji95TmivdG1oL0BZZ+9tE2jvYtdpr1+OaS96PWhvfbPo73JpaO9W3yovRDz
o70Y2qS9CwmmvRcpq71YTbK9Q52pvbjOsb2otKq9bqirvSrIqr2+aLO9s42xva3Wsr1BXLG9
k8WvvcIRub1gt7a9Yge7vd+vsb0tnbm9Xyi4vewWur2xJr+99kLAvfh1ur16nru9OIDCvfGL
vL2lvsO9jzG+vQ29wr2npce9UpLBvbbkw724SMi9D1vBvdCbur328Me9quzFvVJpyL1Al8e9
yG3FvQePxL3eJcO9qEvUvYwnyL3pp829FfjKvX4Mvr1GO8i9fhnSvbKD0r0AEMy9S6HVvebT
yL1hB8293mfNvQvY0719/tS9W9HSvQ==</AssayYData></Step><Step><CommonData><SampleLocation>1</SampleLocation><SampleID>Running Buffer</SampleID><SampleGroup></SampleGroup><SampleInfo></SampleInfo><SampleRow>B</SampleRow><SamplePlate>1</SamplePlate><WellType>BUFFER</WellType><Concentration>-1</Concentration><ConcentrationUnits>µg/ml</ConcentrationUnits><MolarConcentration>-1</MolarConcentration><MolarConcUnits>nM</MolarConcUnits><MolecularWeight>-1</MolecularWeight><Temperature>30</Temperature><StartTime>1097296</StartTime><AssayTime>20</AssayTime></CommonData><FlowRate>1000</FlowRate><StepType>CUSTOM</StepType><StepName>condition</StepName><StepStatus>OK</StepStatus><ActualTime>19.999</ActualTime><CycleTime>0.2</CycleTime><AssayXData Points="100">nv+LQzgZjEPRMoxDa0yMQwRmjEOef4xDOJmMQ7CyjENrzIxDBOaMQ57/jEM4GY1DdTONQ2tM
jUMEZo1Dnn+NQziZjUPRso1Da8yNQ+TljUOe/41DFxmOQ7AyjkNrTI5DBGaOQ55/jkM4mY5D
0bKOQ0rMjkOH5o5Dnv+OQzgZj0PRMo9DSkyPQ4dmj0Oef49DOJmPQ9Gyj0OszI9DBOaPQ57/
j0M4GZBDsDKQQ0pMkEMEZpBDfX+QQxeZkEOwspBDa8yQQwTmkEOe/5BDeRmRQ7AykUNKTJFD
5GWRQyGAkUMXmZFD0bKRQ0rMkUME5pFDff+RQzgZkkPRMpJDa0ySQ21nkkN9f5JDOJmSQ7Cy
kkNrzJJD5OWSQ4oBk0M4GZND0TKTQ0pMk0PkZZNDnn+TQziZk0PRspNDa8yTQ+Tlk0N9/5ND
FxmUQ7AylENKTJRD5GWUQ31/lEMXmZRD0bKUQ0rMlEPk5ZRDnv+UQxcZlUOwMpVDSkyVQ+Rl
lUN9f5VDF5mVQ7CylUNKzJVD5OWVQw==</AssayXData><AssayYData Points="100">fC5SPgnGFj4DOfU9DBvaPaFjyT0O9r89J5W/PfEXuT1etbI9aNbEPcPQwD0ePsQ93orBPX5x
wz3TcMc9fmHKPYeFxz1Qa9A9ld7SPWpKzz0LT9Q9/03SPU3E0j0IK9Q9uGfVPenf1z2LJtk9
TAHePdFU0z251+Y9+PbWPWcB4T2XEdw9vqDgPVIz3j3b8ds9S+TkPTJM5j0CEt49kJ3fPUcj
5z0KruU9M1fnPUKH6T0mqeg97hznPf/a6T0WMeg9rF/pPT4p6z2dg+49LIfnPeIU6T3FSPA9
pPXxPaOg7j3MRfE9LGXrPUhZ8T09XfQ9KpPwPZJ1+D3pd/A9PUntPVjy+z3F0vM9BoL6PcaM
9D0UWPY9Z3f5PWlZ9j3RMv09Ilz4PRXh8T1uKf09x7b6PQhq9j0T6vY9KLD2PfCd/D0oUQA+
11H8PVnwAj5fkPw9Ihr/PauB/D3U3gE+e54DPkUa+z29EwI+7vgBPtwW+z0uCAQ+NucAPu9w
Az7JqwQ+ZxwDPpCoAT4UhQI+jZ7/PQ==</AssayYData></Step><Step><CommonData><SampleLocation>3</SampleLocation><SampleID>Running Buffer</SampleID><SampleGroup></SampleGroup><SampleInfo></SampleInfo><SampleRow>B</SampleRow><SamplePlate>1</SamplePlate><WellType>BUFFER</WellType><Concentration>-1</Concentration><ConcentrationUnits>µg/ml</ConcentrationUnits><MolarConcentration>-1</MolarConcentration><MolarConcUnits>nM</MolarConcUnits><MolecularWeight>-1</MolecularWeight><Temperature>30</Temperature><StartTime>1123596</StartTime><AssayTime>120</AssayTime></CommonData><FlowRate>1000</FlowRate><StepType>BASELINE</StepType><StepName>Baseline 120</StepName><StepStatus>OK</StepStatus><ActualTime>120</ActualTime><CycleTime>0.2</CycleTime><AssayXData Points="600">fv+VQ/cYlkOQMpZDKkyWQ8RllkNdf5ZD95iWQ7GylkMqzJZDxOWWQ37/lkP3GJdDkDKXQypM
l0PEZZdDXX+XQ/eYl0OxspdDKsyXQ+Tll0Nd/5dD9xiYQxQzmENLTJhD5GWYQ35/mEMYmZhD
sbKYQ0vMmEPk5ZhDfv+YQxgZmUOxMplDNk6ZQ+RlmUN+f5lDGJmZQ7GymUNLzJlDR+aZQ37/
mUP3GJpDsTKaQ0tMmkPkZZpDfn+aQxiZmkOxsppDbMyaQ+TlmkN+/5pDGBmbQ7Eym0NLTJtD
5GWbQ35/m0Mkm5tDkLKbQ0vMm0Pk5ZtDfv+bQ/cYnEOxMpxDS0ycQ+RlnEN+f5xDGJmcQ7Gy
nENLzJxDxOWcQ37/nEMYGZ1DsTKdQ0tMnUPEZZ1DXX+dQ/eYnUOxsp1DKsydQ+TlnUNd/51D
9xieQ9IynkMqTJ5D5GWeQ11/nkMYmZ5Dl7OeQyrMnkPk5Z5DXf+eQ/cYn0OQMp9DKkyfQ+Rl
n0Off59DGJmfQ7Gyn0NLzJ9D5OWfQ37/n0MYGaBDsTKgQypMoEPEZaBDXX+gQxiZoEOQsqBD
S8ygQ+TloEN+/6BDGBmhQ5AyoUNLTKFDxGWhQ35/oUP3mKFDkLKhQyrMoUPk5aFDXf+hQ/cY
okOxMqJDKkyiQ+RlokN+f6JD95iiQ5CyokMqzKJDxOWiQ13/okP3GKNDkDKjQ0tMo0OIZqND
XX+jQ/eYo0OQsqNDS8yjQ8Tlo0Nd/6ND9xikQ5AypEMqTKRDxGWkQ11/pEP3mKRDkLKkQyrM
pEPk5aRDXf+kQ/cYpUOQMqVDKkylQ8RlpUN+f6VDepmlQ7GypUMqzKVDxOWlQ37/pUP3GKZD
sTKmQ0tMpkPEZaZDXX+mQxiZpkOxsqZDS8ymQ+TlpkN+/6ZDGBmnQ7Eyp0NsTKdD5GWnQ35/
p0MYmadDsbKnQ7PNp0Pk5adDXf+nQxgZqEOxMqhDS0yoQ+RlqENdf6hDGJmoQ7GyqENLzKhD
5OWoQ37/qEMYGalDsTKpQ0tMqUPkZalDfn+pQxiZqUOQsqlDKsypQ+TlqUNd/6lD9xiqQ7Ey
qkNLTKpD5GWqQ35/qkMYmapDkLKqQ0vMqkPk5apDfv+qQ/cYq0MUM6tDS0yrQ+Rlq0Ndf6tD
GJmrQ/Oyq0NLzKtD5OWrQ13/q0MYGaxDkDKsQ0tMrEPkZaxDfn+sQxiZrEOxsqxDS8ysQ+Tl
rEN+/6xDGBmtQ7EyrUNLTK1D5GWtQ11/rUP3mK1DsbKtQyrMrUPE5a1Dfv+tQxgZrkOQMq5D
KkyuQ8RlrkNdf65DGJmuQ5CyrkNLzK5D5OWuQ37/rkMYGa9DkDKvQ0tMr0PkZa9Dfn+vQziZ
r0OQsq9DKsyvQ8Tlr0N+/69DGBmwQ5AysEMqTLBDaGawQ35/sEP3mLBDkLKwQ0vMsEPE5bBD
fv+wQxgZsUOQMrFDKkyxQ+RlsUNdf7FD95ixQ5CysUMqzLFD5OWxQ37/sUP3GLJDWzSyQ0tM
skPEZbJDXX+yQz6askOQsrJDKsyyQ8TlskN+/7JD9xizQ5Ays0MqTLNDxGWzQ11/s0P3mLND
kLKzQyrMs0PE5bNDXf+zQ/cYtEOxMrRDKky0Q+RltEN+f7RD95i0Q5CytENLzLRD5OW0Q37/
tEMYGbVDFDO1Q0tMtUPkZbVDfn+1QxiZtUOxsrVDS8y1Q+TltUN+/7VDGBm2Q7EytkNLTLZD
5GW2Q35/tkMYmbZDsbK2Q0vMtkPk5bZDfv+2QxgZt0OxMrdDS0y3Q+Rlt0N+f7dDGJm3Q7Gy
t0NLzLdD5OW3Q37/t0MYGbhDsTK4QypMuEPkZbhDfn+4QxiZuEOxsrhDS8y4Q+TluENd/7hD
9xi5Q5AyuUNLTLlD5GW5Q35/uUMYmblDsbK5Q0vMuUPk5blDfv+5Q/cYukOxMrpDS0y6Q+Rl
ukNdf7pDGJm6Q7GyukNLzLpDxOW6Q13/ukMYGbtDkDK7Q2xMu0PkZbtDfn+7QxiZu0OxsrtD
S8y7Q+Tlu0N+/7tDGBm8Q7EyvENLTLxD5GW8Q11/vEP3mLxDkLK8QyrMvEPk5bxDfv+8Q/cY
vUOxMr1DKky9Q+RlvUPgf71D95i9Q5CyvUMqzL1DxOW9Q13/vUP3GL5DsTK+QypMvkPkZb5D
fn++Q/eYvkOxsr5DKsy+Q8TlvkNd/75DGBm/QxQzv0MqTL9D5GW/Q11/v0P3mL9DkLK/QyrM
v0PE5b9DXf+/Q/cYwEOQMsBDS0zAQ8RlwEOEgMBD95jAQ7GywENLzMBD5OXAQ13/wEMYGcFD
kDLBQypMwUPEZcFDXX/BQ/eYwUOQssFDKszBQ8TlwUNd/8FD9xjCQ5AywkNLTMJDxGXCQ11/
wkMYmcJDdrPCQyrMwkPk5cJDfv/CQxgZw0OxMsNDS0zDQ+Rlw0N+f8NDGJnDQ7Gyw0NLzMND
5OXDQ37/w0MYGcRDkDLEQypMxEPkZcRDfn/EQxiZxEOxssRDEM3EQ+TlxEN+/8RD9xjFQ7Ey
xUOYTsVD5GXFQ11/xUMYmcVDsbLFQ0vMxUPE5cVDfv/FQ/cYxkOQMsZDS0zGQ+RlxkN+f8ZD
GJnGQ7GyxkMqzMZD5OXGQ37/xkP3GMdDkDLHQ0tMx0PkZcdDXX/HQ/eYx0OxssdDS8zHQ8Tl
x0Nd/8dDGBnIQ7EyyENLTMhDxGXIQ11/yEMYmchDsbLIQ0vMyEPk5chDfv/IQxgZyUOxMslD
KkzJQ+RlyUNdf8lDGJnJQ7GyyUMqzMlD5OXJQ37/yUP3GMpDsTLKQypMykMFZspDhIDKQxiZ
ykOQsspDS8zKQ+TlykNd/8pDGBnLQ7Eyy0NLTMtDxGXLQ11/y0MYmctD87LLQ0vMy0PE5ctD
Xf/LQ/cYzEOQMsxDKkzMQ8RlzENdf8xDGJnMQ7GyzEMqzMxDxOXMQ13/zEP3GM1DkDLNQypM
zUPEZc1DpYDNQ/eYzUOQss1DKszNQ8TlzUNd/81D9xjOQ5AyzkNLTM5DxGXOQ11/zkP3mM5D
kLLOQ0vMzkPE5c5DXf/OQ/cYz0OQMs9DS0zPQ8Rlz0N+f89DWZnPQ5Cyz0NszM9D5OXPQ13/
z0P3GNBDkDLQQypM0EPkZdBDXX/QQ/eY0EOxstBDKszQQ8Tl0ENd/9BDOBnRQ7Ey0UNLTNFD
5GXRQ35/0UMYmdFDsbLRQ0vM0UPk5dFD</AssayXData><AssayYData Points="600">GivpPbwJ7j2aCPQ9MQj1PdNU7z2sSfY9HS73Pf1U+T0/3/09oHT7PaU+/z2VLwA+0hL7PWIR
/T06RP89+KsCPiJdBD7lC/89Wx/6Pbf7AT6NDgM+bfEDPpBoCD6eVQQ+hcwGPvDrBT4i+wQ+
NXoFPgXPAz69NQc+xIsFPgClBT77FAg+4NIGPnPdCj4GLQY+I0gJPrCrCj5RWwg+cwEKPsWr
CT5s/wg+xo8IPnj6CD6t8ww+BXUKPjdKCz64nAY++OsKPhaDCj55fwk++hEJPuBwDT7L1QY+
1OENPvPpCj46GQ0+rWMLPhakDD6fORA+7WgNPu+nDz7iIQw+BQ0NPrWNDz7/DAw+UdINPv7h
Dj44jRA+NjYLPrZSDz4uVQ0+1HgQPmOCDj5xkBI+l6wPPg29Dz4z7A4+udIPPkVJDz7dHhA+
VBsRPgvtDT58kws+iOENPlf4Dz6eCRA+gFgOPgkyFD7rdBM+IiETPgs3FD63RxU+KYkQPsrZ
Ez62eRU+wFYYPk96Ej5hjw8+HG4UPs78FD6v5hQ+e1kUPjn4Ez6mKBQ+uGcTPgp1Ez6MCRU+
2UEWPlJ7GT5xFhg+iDMaPsmoFD7q2xQ+cR0XPo3QFj5Joxg+2lMaPsr9Fj6T/hQ+u/QWPgPw
FT7vYhc+A7QWPhsAGj6UlhY+9pgWPigsGj4g0xo+hJAbPs2UFD58FxY+96UXPp7JGT7+qho+
+dEaPqaIID50xhg+A4AdPpsHGj42BRs+9T4aPkq6Gz5WeBk+r8QcPthAGz7cah0+LOwdPhod
Gz4LYxo+2MkaPqHFHj7TIR0+q8ocPsXWHD7K0x0+0AEePrpWHz7Dsxs+fFIdPjCcGz5wJxs+
p4gZPlcPHT6S+h0+K/wbPrD8HD5BIB0+cl4ePt0vIT41TSA+cTsePhjvIT6ZRyM+0YUhPqDl
IT7ZRCE+MsYjPnJBIT7K1B4+7jYlPtySIj76PCI+XHkePs14Iz7rmSA+eaAiPjkUIz4HDiI+
fuIiPpAJHz4Hxh8+0vEiPvEaIj52wSQ+nIsePt2lJD7XrSA+ppUiPofeHT683yQ+aPsiPvmy
JD5Qlyc+6eEjPmMdJD7MfyM+TUUkPtHLHz6ecic++SAnPs/gJT4d8yU+fFMmPmftJT7oLyg+
vtYkPnvQKD7Zcik+9gonPiUcJT5OFSQ+y1AlPs/bIj53zyc+278mPvrhJj5OoCg+ppgkPqCV
Jz7plCo+2UkpPt6xKD4/6iQ+qfooPtJHLD7WcCs+P/kkPsXyKD4TdSg+Aj8nPq+nKT4t8ig+
5KcoPuDqKD7fYSk+Qd4pPnTdKD6h7Co+w1spPhTIKD5+fC0+MeIqPoRNKz4XXio+Fs8pPvM9
KD7bXSg+1vQoPngFLD6cUyc+6OQrPq/IKz7Nqyw+/T8rPotfKz4/pCg+46AsPshHLT6wHS0+
KPErPitVKz4uhCg+6P0vPhITKz6jByw+WvAsPuDULz6Cgy4+PVAwPinCKz6A9C4+WTMvPlSi
LD4Dzi0+5bEtPsI8MD7Yhiw+DzMrPtzzLD5fvzE+HaMvPmxxMT7fqzA+o6gxPiEELT7fYC4+
D5QtPnNHLj72uzA+750zPgg0LT6HQS8+XTQuPi22LT7WjTE+5LMwPpViMj4I7DA+hLwuPlAZ
MT6c1DA+4gs0PrWVMD6rADM+F7kyPolPND48ZTQ+2HUzPmH5MD7YvS8+g0gwPssqNT5F6zM+
DT8vPn41Nj6J+jE+Ukc2Pqb2MT5A2TE+t6Y0PhSpNj7ehzc+sMMwPkeXNz63QTY+mSwyPn/M
Mj7OSjM+wRozPpQPNT7uvTE+SR44PvT3NT5vljY+H/MyPjR6ND5sOjU+fTM1PpMQNj7VfTg+
kf8zPnuNNz7PnDc+3MM1PiyrNj7XVDY+XSE2PjoTOD7f9Dg+W2A1PidkOD5TrTo+Cdg5Pm86
Nj64XTk+jac2PqIeOj46gDg+I1E4Ph/oOz6f8jc+7P04PmT5Nz442zo+D807PjCsOT6MhDU+
T1U6PhovOT7fBDo+ECo4PjlkOT7JJzs+v2k7PpDPNz7IwDg+z7E6PlkIOz6Ryzc+ank8Pm2Q
OD7Xbz0+OR49PoMBPT48/Dk+x4E8Ppk9PT4g1zw+sN47PoLKNj5U+z4+FuE2PvC+PT7nJ0A+
lJY+Pho/PD5/wz0+LaU6Psr1Oj4NpDw+I5s/PhH+Oz49uz8+zyo8Ppt6Pj6jJUA+inE6PnpF
Oz4vm0E+l9U6PkA9Pz4vYDw+Ydc+Pt5ePz7EIT0+Ceg/Pr8BPj7VRT8+rS49Prp9QD5w9zw+
ax4/PuGXPT6Q8j8+lCBCPibPPD6wRz0+/xI9PpqWPj5h9Tw+kfc/PkhpPj7RwkA+cts+Pglw
QD4rxkE+3BVDPphvQT4ED0U+MgJBPtt7QT7IeUE+VlA8PsVgQz5JtUU+odk/PpiwRD6kpTw+
b5pBPnKJQD6VYUU+D5BBPpiLQD6CN0I+CnVHPrCnQz7GVEI+iohBPs2uQT4n0j8+rr1BPkJe
RD4jcUA+mSRGPidSQj6CUEQ+JFJGPhYnRT7NFkA+FGlCPkTvST5EjkI+/ORDPk3mRz5VwEM+
3LtFPsMLQD5J1EE+EUhDPkwCQj4VbUU+hVpDPqx6Rj4FI0g+tMVEPh6ARz7TfEU+jBNEPqjo
Rz7loEU+5NZIPtFvSj4lmkU+ZkZDPhPtQD4OHkY+yNtFPrsCSj4cWEc+19VGPhaARD7FPUQ+
oixGPgjqRT4gqUY+zWFEPkFASD5QHEY+4jJGPnSFSD7Rnkc+AhFHPodlSD6Y/kk+Q41IPvNF
Rz4vkko+5qRFPmZnSD6w90I+VWtJPvAyRj6gOkQ++LJGPqBeSD7wbks+/RFJPmnfST5E1kY+
P1pJPndARz60TUo+cSBFPqvmST6Njkg+YnNIPnHPRz69QUo+3SBLPkGMRz47yU0+n0tKPtG2
SD7hcEY+d0dJPuXlQz6o5Ek+RCRJPtzRRz6B8Eo+8plKPiDdSD6/NEs+vWxJPulOSD6khk8+
gq5MPst9Sj4Snko+eaVJPn5kSz5vfks+A6NKPly+Tj57rE4+AP9NPh5JTj5Uv0o+UC1KPg3x
TD6gZ00+xJJOPtACTj6A7ko+BFFNPg0USz6R9E4+wXVLPqDSST59104+jRpKPiKbST7/t00+
xI9PPvI8Tj6fsk4+sxtLPuJnTD7dskw+</AssayYData></Step><Step><CommonData><SampleLocation>8</SampleLocation><SampleID></SampleID><SampleGroup></SampleGroup><SampleInfo></SampleInfo><SampleRow>B</SampleRow><SamplePlate>1</SamplePlate><WellType>KLOAD</WellType><Concentration>-1</Concentration><ConcentrationUnits>µg/ml</ConcentrationUnits><MolarConcentration>-1</MolarConcentration><MolarConcUnits>nM</MolarConcUnits><MolecularWeight>-1</MolecularWeight><Temperature>30</Temperature><StartTime>1252224</StartTime><AssayTime>20</AssayTime></CommonData><FlowRate>1000</FlowRate><StepType>LOADING</StepType><StepName>Loading</StepName><StepStatus>OK</StepStatus><ActualTime>20</ActualTime><CycleTime>0.2</CycleTime><AssayXData Points="100">fv/RQxgZ0kOxMtJDS0zSQ+Rl0kOff9JDGJnSQ7Gy0kMqzNJDxOXSQ37/0kMYGdNDsTLTQypM
00PkZdNDXX/TQ/eY00OxstNDS8zTQ+Tl00Nd/9ND9xjUQ5Ay1EMqTNRD5GXUQ11/1EMYmdRD
kLLUQyrM1EPE5dRDfv/UQxgZ1UOQMtVDKkzVQ8Rl1UN+f9VD95jVQ7Gy1UMqzNVD5OXVQ37/
1UP3GNZDkDLWQypM1kPEZdZDfn/WQ/eY1kP5s9ZDS8zWQ8Tl1kNd/9ZD9xjXQ7Ey10NLTNdD
xGXXQ11/10P3mNdDkLLXQyrM10PE5ddDfv/XQ/cY2EOQMthDKkzYQ+Rl2ENdf9hD95jYQ5Cy
2EMqzNhDBebYQ13/2EMYGdlDkDLZQypM2UPEZdlDXX/ZQ/eY2UOxstlDS8zZQ8Tl2UN+/9lD
9xjaQ5Ay2kMqTNpDxGXaQ11/2kP3mNpDsbLaQ0vM2kPE5dpDXf/aQ/cY20OxMttDS0zbQ8Rl
20N+f9tDGJnbQ7Gy20NLzNtD5OXbQw==</AssayXData><AssayYData Points="100">1RBOPi19WT5KRGA+d+NsPqoDcj6FjHk+CXp9Ps6kgz46QoQ+I3qIPrY0jD6s7o4+vJiPPk+7
lD7+0Jc+4AiXPqUpmj4b3Z4+GuWfProdpD6jd6c+XkWqPucWrD5tv64+WYWwPuLCsz70lrc+
2Ke4PsZgvj6qbb4+XGDAPnXKwz7LjsY+fCHJPoVyzT6dR88+ilbSPjuI1T5Dj9g+a7PbPkM2
3j5L9t8+X+fePu4S5T6CS+c+YCbpPo/Z6z6Nae8+Y4jyPoDF8z57+fU+wnL5PmFg/D5ygP4+
UjYAP9XmAT/kbAM/51EEP2uqBT9C3QY/fQ0JP7egCT9EZws/sh8MP2dxDT8xOQ8/PS8RP7dK
Ej9ioBM/nBwVP7MdFz/rrRY/XAgYP6XBGT/JjBo/kXkbP0t4HT8POB8/0FkgP/v1ID9egCM/
3Z4kP20cJT+0siY/0Q4oP+x4KT80Ayo/ObYrPx8WLj8K2y0/ZzswP+mLMT9T8zI/SQszP3XF
ND+ILDY/r0U3PxVrOT/x4zk/QbI7Pw==</AssayYData></Step><Step><CommonData><SampleLocation>9</SampleLocation><SampleID></SampleID><SampleGroup></SampleGroup><SampleInfo></SampleInfo><SampleRow>B</SampleRow><SamplePlate>1</SamplePlate><WellType>BUFFER</WellType><Concentration>-1</Concentration><ConcentrationUnits>µg/ml</ConcentrationUnits><MolarConcentration>-1</MolarConcentration><MolarConcUnits>nM</MolarConcUnits><MolecularWeight>-1</MolecularWeight><Temperature>30</Temperature><StartTime>1281855</StartTime><AssayTime>60</AssayTime></CommonData><FlowRate>1000</FlowRate><StepType>BASELINE</StepType><StepName>Baseline 60</StepName><StepStatus>OK</StepStatus><ActualTime>60</ActualTime><CycleTime>0.2</CycleTime><AssayXData Points="300">fv/bQxgZ3EOQMtxDKkzcQ8Rl3EN+f9xDGJncQ5Cy3EMqzNxD5OXcQ37/3EMYGd1DsTLdQ0tM
3UPkZd1Dfn/dQxiZ3UOxst1DS8zdQ+Tl3UN+/91DGBneQ7Ey3kNLTN5D5GXeQ35/3kMYmd5D
sbLeQ0vM3kPk5d5Dfv/eQxgZ30OxMt9DbEzfQ8Rl30N+f99DGJnfQ7Gy30NLzN9D5OXfQ37/
30MYGeBDkDLgQ0tM4EPkZeBDXX/gQ/eY4EOxsuBDS8zgQ+Tl4EN+/+BDGBnhQ5Ay4UMqTOFD
xGXhQ35/4UMYmeFDsbLhQ0vM4UPk5eFDfv/hQxgZ4kOxMuJDKkziQ+Rl4kN+f+JD95jiQ5Cy
4kNLzOJD5OXiQ37/4kP3GONDkDLjQ0tM40PkZeNDfn/jQxiZ40PSsuNDS8zjQ+Tl40N+/+ND
9xjkQ5Ay5EMqTORD5GXkQ35/5EMYmeRDkLLkQyrM5EPk5eRDfv/kQ/cY5UOxMuVDS0zlQ8Rl
5UN+f+VDGJnlQ7Gy5UMqzOVDxOXlQ37/5UP3GOZDsTLmQypM5kPEZeZDXX/mQ/eY5kOxsuZD
S8zmQ+Tl5kNd/+ZDGBnnQ7cz50MqTOdDxGXnQ35/50Nlm+dDkLLnQyrM50PE5edDXf/nQ/cY
6EOQMuhDKkzoQ8Rl6ENdf+hDGJnoQ5Cy6EMqzOhD5OXoQ13/6EP3GOlDkDLpQ0tM6UPEZelD
XX/pQxiZ6UOQsulDKszpQ+Tl6UNd/+lD9xjqQ5Ay6kMqTOpDxGXqQ11/6kP3mOpDkLLqQ0vM
6kNo5upDfv/qQxgZ60OxMutDS0zrQ+Rl60PAf+tDGJnrQ7Gy60NLzOtDLOfrQ37/60MYGexD
sTLsQ0tM7EOIZuxDfn/sQ/eY7EOxsuxDS8zsQ+Tl7EN+/+xDGBntQ7Ey7UNLTO1D5GXtQ11/
7UMYme1DsbLtQ0vM7UPE5e1DXf/tQ1kZ7kOxMu5DS0zuQ+Rl7kNdf+5DGJnuQ7Gy7kNLzO5D
5OXuQ2MA70MYGe9DsTLvQ0tM70PkZe9DXX/vQxiZ70Oxsu9DS8zvQ+Tl70N+/+9D9xjwQ7Ey
8ENLTPBD5GXwQ35/8EMYmfBD0rLwQyrM8EPk5fBDfv/wQzgZ8UOxMvFDS0zxQ8Rl8UNdf/FD
95jxQ5Cy8UMqzPFD5OXxQ37/8UP3GPJDsTLyQypM8kPEZfJDXX/yQ/eY8kOQsvJDKszyQ+Tl
8kNd//JD9xjzQ5Ay80NsTPND5GXzQ11/80P3mPNDkLLzQyrM80PE5fNDfv/zQxgZ9EOQMvRD
S0z0Q8Rl9ENdf/RD3Jn0Q5Cy9EMqzPRD5OX0Q13/9EObGfVDkDL1QypM9UPEZfVDXX/1QxiZ
9UOxsvVDKsz1Q8Tl9UNd//VD9xj2Q7Ey9kMqTPZDxGX2Q35/9kMYmfZDsbL2Qw/N9kPE5fZD
Xf/2Q/cY90PSMvdDKkz3Q8Rl90N+f/dD95j3Q5Cy90NLzPdDxOX3Q37/90P3GPhDkDL4QypM
+EPEZfhDXX/4Q/eY+EOxsvhDS8z4Q8Tl+EMBAPlDGBn5Q7Ey+UNLTPlD5GX5Q59/+UMYmflD
sbL5Q0vM+UPk5flD</AssayXData><AssayYData Points="300">udmNPxmKjz+SH5A/XPaPP8/kjz+exY8/OGqPPxuZjz8QO48/aqaOP3S2jj9fS44/tJSOPztT
jj9GAI4/tR+OP80Hjj8yGo4/DQeOPxa+jT/+nI0/haGNP8dLjT9QGI0/THmNP07qjD8134w/
wraMP8PojD/wIow/7XWMP6xrjD+bP4w/dnmLP+agiz8Sy4s/WYuLP/ofiz/Shos/j+WKPyw4
iz8K2Yo/IK6KP6z6ij+qlYo/mkaKP1fjiT+/+ok//OGJP3RpiT8QE4o/ZZSJP6eeiT8jbok/
yhOJP1kmiT/V44g/obKIPxIPiD/7z4g/Pi6IPytBiD+b6Ic/L/mHP21Lhz/lwYc/5TOHP0oU
hz8K3IY/lPeGP0SLhj8zcoY/JWGGP66khj9WY4Y/hMKFP6VGhT+OUoU/MsOFP00NhT8mMYU/
cUiFP8nghD+d+IQ/DYCEPyYUhT+TboQ/p9eDP9cjhD+0IIQ/Pt6DP8GOgz/KvYM/NSaDP9gj
gz/ZCIM/gT6DP4wVgj+53YE/+T+CP/jwgT+/9oE/6jGCP3stgT8Yn4E/6eKBP78ngT+q8YA/
Sg6BP5/FgD/Gv4A/w8WAP1eQgD/3qIA/oh+AP+cMgD/mo38/qiKAP35zfj/V3n4/Vb9+P2f0
fT9CFn4/pJN9PwU5fT9ZVn0/HOZ8P1mpfD/Sq3s/6Lp7P+PLez+OX3s/8ix7P1sxej9A8Xk/
nfx5P0LneD/sE3o/5hJ5P43zeT+cKnk/W8R4P9UKeT9QvXc/XY54PyqFeD+cfHc/pFh3PzxY
dz+42XY/mDt3P87idT9LdHU/clt1P9JndT89d3Q/AIt1P85mcz+5t3M/bPdzP+ZHdD+vKHM/
at5yP2bdcj/NrnI/vAxyP/8zcj8t/3E/5/xxPybWcD8AFHE/w6lxP9g1cT/7CHA/x7JvPyiI
cD8w9m8/Uv5vP1qkbj8MjG0/dbtvPzIlbj9W9m4/uoZtP4DmbT8xT20/i5xtP987bT9yb2w/
BtdsP7fobD/+I2w/CxlsP/Bsaj/sGGs/dthqP1lGaz+JDGo/R+xqP7OWaT+Scmo/Br5pP5BH
aj899Wg/hVJpP1NbaT9Esmg/EphnPz+tZz/hF2c/MGtoP/dnZz9/4GY/OPtmP02NZj/jH2c/
6tNlPwZxZj9PvGY/Cw1lP0BlZT+vTWU/4c5kPwTGZD/utmQ/C71jP5TCYz/L7GM/eHJjP56v
ZD/L52I/LoRiP8a0Yz+YlGM/4pdiP72CYT8NUGE/sQtiP2uoYT+RymA/zn5gP36GYD+GA2E/
1hZgP45hYD+bgV8/N4hgP0yoXz8g3F4/0LdeP5M4Xz/EBl8/wIBdP/+UXT81yl0/bUxdP9s9
XT8eOV0/p0BdP2v+XD/PK10/jBVdP+GWXD9SL10//y1cP+kzWz940Fs/vRlbP42sWj83rVo/
L55aPwBMWj+Lklk/bhBaP1B9WT8ciVk/IHhZP0zEWT/JoFk/iWhYPwAMWT/sk1g/nyVYPziE
Vz8v71c//7BXP9hLVj++q1Y/WRJXP4zIVj9TylY/GxBVP+pxVj9OklY/TAlVP6tRVj+WrFU/
XVdVP1R8VT/d/1Q/</AssayYData></Step><Step><CommonData><SampleLocation>10</SampleLocation><SampleID></SampleID><SampleGroup></SampleGroup><SampleInfo></SampleInfo><SampleRow>B</SampleRow><SamplePlate>1</SamplePlate><WellType>BUFFER</WellType><Concentration>-1</Concentration><ConcentrationUnits>µg/ml</ConcentrationUnits><MolarConcentration>-1</MolarConcentration><MolarConcUnits>nM</MolarConcUnits><MolecularWeight>-1</MolecularWeight><Temperature>30</Temperature><StartTime>1352033</StartTime><AssayTime>20</AssayTime></CommonData><FlowRate>1000</FlowRate><StepType>BASELINE</StepType><StepName>Baseline 20</StepName><StepStatus>OK</StepStatus><ActualTime>20.005</ActualTime><CycleTime>0.2</CycleTime><AssayXData Points="100">fv/5QxgZ+kOxMvpDjEz6Q8Rl+kN+f/pDGJn6Q7Gy+kNLzPpD5OX6Q37/+kMYGftDsTL7Q0tM
+0PEZftDXX/7QxiZ+0OQsvtDS8z7Q+Tl+0Nd//tDGBn8Q7Ey/EMqTPxD5GX8Q35//EMYmfxD
kLL8QyrM/EPk5fxDfv/8Q/cY/UOQMv1DS0z9Q8Rl/UN+f/1DGJn9Q7Gy/UMqzP1D5OX9Q37/
/UM4Gf5D0jL+Q0tM/kPkZf5Dfn/+QxiZ/kOQsv5DS8z+Q+Tl/kNd//5D9xj/Q7Ey/0MqTP9D
xGX/Q35//0P3mP9DsbL/Q0vM/0PE5f9DMgAARHsMAERZGQBEJSYARPIyAES/PwBEe0wAREhZ
AEQlZgBE4nIARK9/AER7jABEWZkARCWmAETysgBEr78ARHvMAERZ2QBEJeYAROLyAESv/wBE
ewwBREgZAUQVJgFE8jIBRK8/AUR7TAFESFkBRCVmAUTicgFEr38BRIyMAUR5mQFEFaYBROKy
AUSvvwFEe8wBRJrZAUQV5gFERPMBRA==</AssayXData><AssayYData Points="100">ZocZP2KvCj8ZfgI/ZbX5PqrE9T611PM+u6bxPh/17z71fu4+w6jwPrKW7z612e8+cqrwPk0l
8j7rB/I+UUfyPrt18j7dhvI++CnyPpLG8T6DR/I+M+TyPjFk9D7Hd/U+ON30PulP9D6+dvU+
UqTyPlYT9T7tAPU+PCn0PsZG9j7SIfU+mhb0Prn58j7bGfY+zRL1PpXu9D7vGPU+Ptz2PhNq
9z5yJ/c+txz3PrX19T6/tPg+/NH1Ph7Y9j6EBPc+Fxf1Pnsk9z5tUfY+Gw33Plkn9z7Povg+
q/X4PtUI9z7mvvg+iIf4PuNe+D7KvPc+ADH4Ptxs9z5T1vg+r0z4PnHZ+T7AVvg+RxH5PusE
+j75Nvk+rIP3PnUr+D6PyPk+TBX6Pu7i+D4JAvk+vBX6Psnc+j6lJPo+OfD4Pk/n+j7LJfs+
6Ir6PggN+T5dZfw+m7b6Pmyr+j6ud/k+n7T7PnMb+j7QPPk+fJj6Puxg+z70QPs+w0n6Pi68
+T5R5/s+MHL6PuUq/D6n1fs+QgT9Pg==</AssayYData></Step><Step><CommonData><SampleLocation>11</SampleLocation><SampleID></SampleID><SampleGroup></SampleGroup><SampleInfo></SampleInfo><SampleRow>B</SampleRow><SamplePlate>1</SamplePlate><WellType>KSAMPLE</WellType><Concentration>-1</Concentration><ConcentrationUnits>µg/ml</ConcentrationUnits><MolarConcentration>-1</MolarConcentration><MolarConcUnits>nM</MolarConcUnits><MolecularWeight>-1</MolecularWeight><Temperature>30</Temperature><StartTime>1382766</StartTime><AssayTime>120</AssayTime></CommonData><FlowRate>1000</FlowRate><StepType>ASSOC</StepType><StepName>Association</StepName><StepStatus>OK</StepStatus><ActualTime>119.999</ActualTime><CycleTime>0.2</CycleTime><AssayXData Points="600">IQACRN4MAkSrGQJEZyYCRDQzAkQRQAJE3kwCRJpZAkR3ZgJERHMCRBGAAkTNjAJEmpkCRHem
AkREswJEAcACRN7MAkSr2QJEZ+YCRDTzAkQBAANEzQwDRJoZA0R3JgNENDMDRAFAA0TuTANE
mlkDRGdmA0Q0cwNEAYADRM2MA0SamQNEZ6YDRDSzA0QRwANEzcwDRJrZA0Rn5gNERPMDRAEA
BETeDAREmhkERKkmBEQ0MwREEUAERM1MBESaWQREmGYERERzBEQRgAREzYwERJqZBERnpgRE
NLMERBHABETezAREu9kERHfmBERV8wREEQAFRN4MBUSrGQVEdyYFREQzBUQyQAVE3kwFRKtZ
BUR3ZgVERHMFRAGABUTejAVEq5kFRHemBUREswVEEcAFRM3MBUSr2QVEZ+YFRETzBUQRAAZE
3gwGRKsZBkR3JgZERDMGRBFABkTeTAZEq1kGRHdmBkREcwZEEYAGRN6MBkSrmQZEd6YGRESz
BkQRwAZE3swGRKvZBkRn5gZERPMGRAEAB0TeDAdEqxkHRHcmB0RVMwdEAUAHRM1MB0SrWQdE
d2YHRERzB0QRgAdE3owHRKuZB0RnpgdERLMHRBHAB0TNzAdEq9kHRGfmB0Q08wdEEQAIRDAN
CESrGQhEZyYIREQzCEQRQAhE3kwIRKtZCERnZghERHMIRBGACETNjAhEq5kIRGemCEREswhE
EcAIRN7MCESr2QhEd+YIRETzCEQBAAlE3gwJRKsZCURnJglERDMJRAFACUTNTAlE3FkJRGdm
CUQ0cwlEAYAJRM2MCUSamQlEd6YJRDSzCUQRwAlE3swJRJrZCURn5glERPMJRAEACkTNDApE
mhkKRHcmCkQ0MwpEAUAKRM1MCkSaWQpEZ2YKRDRzCkQBgApE3owKRKuZCkRnpgpENLMKRAHA
CkTezApE3NkKROrmCkQ08wpEAQALRM0MC0TcGQtEdyYLRDQzC0QRQAtEzUwLRKtZC0RnZgtE
RHMLRBGAC0TNjAtEq5kLRHemC0REswtEMsALRN7MC0Sr2QtEd+YLRETzC0QRAAxE3gwMRKsZ
DER3JgxERDMMRBFADETeTAxEq1kMRHdmDEREcwxEEYAMRN6MDESrmQxEd6YMRESzDEQRwAxE
D80MRA3aDER35gxERPMMRAEADUT/DA1EqxkNRHcmDUREMw1EEUANRN5MDUSrWQ1Ed2YNRERz
DUQRgA1E3owNRKuZDURnpg1ERLMNRBHADUTezA1Eq9kNRGfmDURE8w1EAQAORN4MDkSrGQ5E
dyYOREQzDkQBQA5E3kwORKtZDkRnZg5ENHMORBGADkTejA5EmpkORGemDkREsw5EQsAORN7M
DkSr2Q5Ed+YORETzDkQBAA9E3gwPRJoZD0RnJg9ENDMPRAFAD0TNTA9Eq1kPRHdmD0Q0cw9E
EYAPRM2MD0SrmQ9Ed6YPRDSzD0QBwA9EzcwPRKvZD0R35g9ERPMPRBEAEETNDBBEqxkQRGcm
EEQ0MxBEAUAQRM1MEESrWRBEZ2YQRERzEEQBgBBE3owQRJqZEERnphBENLMQRAHAEETNzBBE
q9kQRHfmEEQ08xBEAQARRN4MEUSrGRFEZyYRREQzEUQBQBFE3kwRRKtZEUR3ZhFENHMRRAGA
EUTNjBFEmpkRRGemEUQ0sxFEAcARRN7MEUSa2RFEZ+YRRDTzEUQBABJEzQwSRJoZEkRnJhJE
VTMSRAFAEkTeTBJEmlkSRGdmEkQ0cxJEAYASRM2MEkSamRJEZ6YSRDSzEkQRwBJE3swSRKvZ
EkTJ5hJERPMSRBEAE0TeDBNEqxkTRHcmE0REMxNEEUATRN5ME0TcWRNEd2YTRERzE0QRgBNE
3owTRKuZE0R3phNERLMTRBHAE0TezBNEq9kTRHfmE0RE8xNEIQAURN4MFESrGRREdyYURDQz
FEQBQBRE3kwURKtZFER3ZhRERHMURBGAFETejBREmpkURNqmFEREsxREEcAURM3MFESr2RRE
Z+YURDTzFEQRABVE3gwVRKsZFUR3JhVENDMVRBFAFUTeTBVEq1kVRGdmFUQ0cxVEAYAVRM2M
FUSrmRVEd6YVRDSzFUQRwBVE3swVRKvZFUR35hVEhvMVRBEAFkTeDBZEqxkWRGcmFkREMxZE
AUAWRN5MFkSrWRZEd2YWRDRzFkQBgBZE3owWRPyZFkR3phZENLMWRAHAFkTNzBZEq9kWRHfm
FkRE8xZEEQAXRM0MF0SrGRdEdyYXRDQzF0QRQBdEzUwXRKtZF0R3ZhdERHMXRAGAF0TNjBdE
q5kXRGemF0Q0sxdEAcAXRN7MF0Sr2RdEZ+YXRETzF0QRABhEzQwYRJoZGERnJhhENDMYRAFA
GETeTBhEmlkYRGdmGEREcxhEAYAYRM2MGESamRhEd6YYRDSzGEQBwBhEzcwYRJrZGERn5hhE
RPMYRAEAGUTNDBlEmhkZRGcmGUQ0MxlEAUAZRM1MGUSaWRlEd2YZRERzGUQBgBlE3owZRJqZ
GURnphlERLMZRBHAGUTezBlEmtkZRHfmGURE8xlEEQAaRN4MGkSrGRpEdyYaREQzGkQRQBpE
3kwaRKtZGkR3ZhpERHMaRGOAGkTNjBpEq5kaRHemGkRlsxpEpMAaRN7MGkSr2RpEd+YaRETz
GkQRABtE3gwbRKsZG0R3JhtERDMbRBFAG0TNTBtEmlkbRHdmG0Q0cxtEEYAbRN6MG0SrmRtE
d6YbRESzG0QRwBtEzcwbRKvZG0R35htERPMbRBEAHETeDBxEmhkcRHcmHEQ0MxxEEUAcRN5M
HESrWRxEd2YcRDRzHEQBgBxE3owcRJqZHERnphxERLMcRAHAHETezBxEq9kcRHfmHERE8xxE
AQAdRN4MHUT8GR1EZyYdRDQzHUQRQB1EQE0dRJpZHUR3Zh1ERHMdRAGAHUQfjR1Eq5kdRGem
HUQ0sx1EIcAdRM3MHUSa2R1EZ+YdRDTzHUQRAB5E3gweRJoZHkR3Jh5ENDMeRBFAHkTeTB5E
mlkeRGdmHkQ0cx5EEYAeRM2MHkTLmR5EZ6YeRESzHkQBwB5EzcweRJrZHkRn5h5ENPMeRBEA
H0TNDB9EmhkfRHcmH0Q0Mx9EAUAfRM1MH0SaWR9EZ2YfRDRzH0QRgB9EzYwfRJqZH0Rnph9E
ZbMfRAHAH0TNzB9EmtkfRGfmH0RE8x9E</AssayXData><AssayYData Points="600">SvksP0S7Nz+cszw/2ro/P/2gQT90dkM/ga1FP5GbRT8gGUY/wm5HPwVXSD+k5Ek/Y9dKPxks
Sj9I70w/m+xNP1zOTT+BVk4/e7VPP1JyUT9Ce1E/XzBSP7rUUz/y0FM/2h5UP4hhVT9431Y/
ekdXP/KEVz/juVg/nStZP77NWj9cVFs/98laP0KtXD84l1w/r4BdP6uNXj/bGF8/63pgPxm8
YD8l/18/nLphP0AMYj/xbmM/fktjP5e0ZD+9/WQ/+fllP7F9Zj+EcmY/eG9nP+y/Zz/zk2g/
lKtpP4hsaT+gkmk/Av1rP7Tlaz9rw2s/zvdsP2L6bD9Z/G0/XzFuP9Qjbz9FSm8/y6dvP6qI
bz9+AnE/MnxwP9RHcT/7pXI/7INyPxJmcj/Ui3M/ERp0P3Prcz+9T3Q/i5h1PypgdT9EkHY/
fSt3P+WGdz/PH3g/YKN3P0DaeD9vCng/n+F5P2XLeT9mvXk/GYN5P76Eez9/Vno/XdV7P1lK
fT8keXw/S2d8P9mQfD/tR30/9fp9PyyCfj+gun4/Oqd/P8eKfj/NVIA/JvV/P0gPgD81lIA/
2uOAPx4rgT+LBYE/XLOAP62ngT8B/YE/TaaBP8iwgT/RSII/2CWCP2KOgj8T2II/+1+CP+cA
gz+OYoM/G42CP1Kzgz/MHYM/ScmDPyIkhD9+xoQ/kGmEP6u8hD/2eYQ/tKiEP3PVhD9BAIU/
DUKFP4s2hT9w6oQ/vX+FP+rAhT9x+YU/7XKGP6CohT+ZMIY/TFyGP2w/hj9mjIY/2AaHP0b8
hj887IY/pGiHP5I9hz//o4c/NnGHP4Tshz+5oYc/mieIP6b9hz+WPog/lvmHP0wbiT8fAYg/
ZeOIPwPyiD+IUok/PwWJP1UaiT8IXYk/cZOJP/c4iT+rbIk/jwmKP0o+ij/WYIo/sGSKP/d+
ij9TZYo/NKqKP7XAij+NqYo/Le6KP1koiz8AxIs/qgmLP/Y+iz+lY4s/B4WLP+R8iz+si4s/
pc+LPwDSiz9u44s/KP2LP3QSjD8TXow/6XSMP66gjD/Beow/dsuMP5L4jD+1u4w/ON+MP2kZ
jT+tcI0/ZvGMP4RqjT9WYo0/TJeNP3n1jT/gBo4/yOSNPw+Ejj8m240/xCuOP6YIjj9oYo4/
AVOOP9xujj+juo4/ipSOP3aKjj+h744/OiaPP/LMjz8tzY4/HXuPPyqZjz8Klo8/sSaPP4Ww
jz99+o8/PeePPyY6kD8e248/QSGQP31ykD+KT5A/cSqQPwQgkD++2JA/ikuQP/O4kD/lh5A/
LqiQP2QekT9JtpA/09CQP+5JkT9tAJE/niiRPy2okT+7qJE/qBGSPx2ikT89j5E/FROSP49r
kj9Db5I/Q0SSPyZTkj8pfJI//c+RP0pwkj8qyZI/jF6SP+NXkj8lw5I/NciSP1mtkj9btpI/
4Q+TP9rakj/BTZM/M0GTP9xgkz/Za5M/RpeTPxuIkz93hZM/B7WTP0sxkz9aO5Q/pGuTPzoY
lD8XIZQ/9V+UP0Otkz+0DJQ/pA2UP9JklD/re5Q/z/6TP3dwlD8UuZQ/l9CUP8wglT9jfpQ/
Mw2VP76hlD/MOpU/EyaVP/lPlT/eUJU/zAKVP2Y0lT/Y6pQ/nqOVP3fHlT9d/ZU/WYaVP4n6
lT/84JU/wf2VP98tlj+RtJY/I+GVPwnNlT9MJ5Y/S+qVP8+clj+n0ZY/hnOWP8yXlj8Yj5Y/
1q2WP9cklz8ZCJc/DxOXP1f+lj+18pY/lwaXPwM9lz98JZc/EryWP6cklz+Yr5c/RGiXP949
lz+c+Jc/UFOXPwiPlz8NT5c/0taXPwLglz9SWpc/7L+XP1hwlz+rP5g/X6eXP2rUlz+dFpg/
6AKYPyo7mD9BDJg/gKqYP0xVmD/eUZg/qa6YP/tWmD/S4Jg/jheYP4KomD+JEpk/lPKYP51A
mT9nxpg/6/iYPwn9mD9Xx5g/WPqYP29RmT8sApk/mmaZP76nmT8cPpk/tkeZP5chmT/J+pk/
+82ZP8ZAmT+MCZo/f02aP177mT92C5o/dGiZP+K7mT/c2Zk/CiGaP5fCmj/IGpo//f6ZP4aZ
mj+3U5o/HlSaP7spmj/Yv5o/zHKaP+uImj/a9Jo/oKCaP3h+mj8TbZs/V4KaP9e6mj9r/po/
3zabPwX5mj8rf5o/SdSaP3BVmz8NdJs/OcCaP4R/mz/afJs/m4WbP/nKmz8NiZs/nLGbP2Vm
mz99U5s/b++bP3Tfmz+B3ps/2dCbPzwTnD8xEJw/wy2cPxcenD83bJw/m3icP2MpnD8nP5w/
CkycP0M/nD9tt5w/K26cPwbinD9Vg5w/7pWcP4hUnD8D/Jw/R1ScP9SynD/oQJ0/ZoucP/Sj
nD/dU50/paOcP/xInT88Ap0/6JicP1IQnT/UT50/+UqdP7qcnT83GJ0/U2KdP7bZnD+6lJ0/
HC6dPxaonT8Mkp0/yJadP5sXnj8Ma50/d5KdP7eKnT/asp0/K+mdP+MRnj9WE54/aiuePwMe
nj+C8Z0//B+eP7XvnT8b3Z0/JfmdP2+0nT/8T54/SB2eP0xonj/bsp4/dJieP9aMnj/kaZ4/
UI+ePzuZnj+20p4/TMeeP89/nj8shZ4/2xWfP30wnz+7np4/06+ePxYfnz85/Z4/GBefPyAB
nz/ZMJ8/ps6eP1Junz8v/Z4/lHmfP62Dnz9jYJ8/t0+fPwoInz+4n58/2TifP0Uonz8Asp8/
qm+fP9CDnz8wmZ8/UvCfP2X3nz/z3J8/BbqfP/Xunz+SrZ8/zFefP5q1nz8nvJ8/iwKgPzbz
nz/3Z6A/FxugPwfPnz8RMKA/kiugPwBloD/OaqA/Og+gP2+moD9ouKA/b3ugP61uoD/OmqA/
iEWgP4NboD/Di6A//H6gP8vNoD/t66A/8w6hPxbsoD+qQKE//EOhP90JoT9UcKE/vhWhP9u/
oD+NXaE/JRChP7JToT9naKE/wHOhP6g1oT/mb6E/KrKhP8C0oT/4pqE/856hPxmdoT83d6E/
Z8ChP0gJoj+6n6E/kKqhP9jQoT9BYaE/v+uhP2ONoT9CmaE/WLGhPzFSoj8nM6I/YgKiP37Z
oT8sCqI/AwCiP0PuoT+leaI/cw6iP4eGoj/DFqI/TzeiP9pBoj9pG6I/LKaiP3+Coj/6CKM/
EuOiP7+foj8K5KI/Wi2iPy6foj9IvKI/</AssayYData></Step></KineticsData></ExperimentResults>
