<?xml version="1.0" encoding="UTF-8" standalone="yes"?>
<ExperimentResults><ExperimentInfo Name="20250917 PE P5216 - 5377 plate 1 kappa 50 ugl"><ExpDescription>AHC example method - full characterization&#13;
Analyte titration series with reference channel</ExpDescription><RTDVersion>2.0</RTDVersion><RunID>3B9E1F69-E451-4552-8C9D-CFED4D62EEC8</RunID><ExperimentType>KINETICS</ExperimentType><ExperimentSubType>KBASIC</ExperimentSubType><StartDateTime>2025-09-17T14:59:30</StartDateTime><MachineName>BN7KX12</MachineName><UserName>octet</UserName><LotNumber></LotNumber><PlateName>250917</PlateName><PlateName2></PlateName2><SensorName>H3</SensorName><SensorPlate>1</SensorPlate><SensorType>AHC (Anti-hIgG Fc Capture)</SensorType><SensorRole>LIGAND</SensorRole><SensorInfo></SensorInfo><WritingSW>DataAcquisition.exe 11.0.2.1</WritingSW><InstrumentType>OctetRED96</InstrumentType><InstrumentSerial>FB-50284</InstrumentSerial><InstrumentFW></InstrumentFW><IntegrationTime>2.3</IntegrationTime><DSPType>CPF</DSPType><DSPStitching>1</DSPStitching><HasManifest>1</HasManifest><InfoHash>-1083794191</InfoHash></ExperimentInfo><AssayParamsInfo/><KineticsData><Step><CommonData><SampleLocation>1</SampleLocation><SampleID>Running Buffer</SampleID><SampleGroup></SampleGroup><SampleInfo></SampleInfo><SampleRow>H</SampleRow><SamplePlate>1</SamplePlate><WellType>BUFFER</WellType><Concentration>-1</Concentration><ConcentrationUnits>µg/ml</ConcentrationUnits><MolarConcentration>-1</MolarConcentration><MolarConcUnits>nM</MolarConcUnits><MolecularWeight>-1</MolecularWeight><Temperature>30</Temperature><StartTime>0</StartTime><AssayTime>180</AssayTime></CommonData><FlowRate>1000</FlowRate><StepType>BASELINE</StepType><StepName>Baseline 1</StepName><StepStatus>OK</StepStatus><ActualTime>179.999</ActualTime><CycleTime>0.2</CycleTime><AssayXData Points="900">AAAAAM3MTD7NzMw+mpkZP83MTD8AAIA/1XiZP28Ssz/NzMw/ZmbmPzvf/z/NzAxAmpkZQGZm
JkDRIjNAAABAQGq8TECamVlABFZmQDMzc0Ce739AZmaGQM3MjEACK5NAaJGZQAAAoEBmZqZA
nMSsQAIrs0BokblAAADAQDVexkCcxMxAAivTQGiR2UDP999ANV7mQJzE7EACK/NAmpn5QD81
AEEbLwNBTmIGQYGVCUG0yAxB5/sPQRsvE0FOYhZBgZUZQbTIHEHn+x9BMzMjQU5iJkGBlSlB
tMgsQef7L0FMNzNBTmI2QYGVOUHNzDxB5/s/QTMzQ0FmZkZBgZVJQc3MTEHn+09BMzNTQU5i
VkGBlVlBtMhcQef7X0EbL2NBZmZmQZqZaUHNzGxBAABwQTMzc0FmZnZBmpl5Qc3MfEEAAIBB
mpmBQTMzg0HNzIRBZmaGQQAAiEGamYlBMzOLQc3MjEFmZo5BAACQQZqZkUEzM5NBzcyUQWZm
lkEAAJhBmpmZQTMzm0HNzJxBZmaeQQAAoEGamaFBJzGjQc3MpEFmZqZBAACoQZqZqUFYOatB
wcqsQWZmrkEAALBBmpmxQTMzs0HByrRBZma2QQAAuEGamblBJzG7Qc3MvEFmZr5BAADAQZqZ
wUEzM8NBwcrEQVpkxkEAAMhBjZfJQTMzy0HBysxBWmTOQfT9z0GamdFBJzHTQc3M1EFmZtZB
AADYQZqZ2UEnMdtBzczcQVpk3kH0/d9BjZfhQTMz40HNzORBZmbmQQAA6EGamelBMzPrQcHK
7EFaZO5B9P3vQY2X8UEnMfNBzcz0QWZm9kEAAPhBjZf5QTMz+0HByvxBWmT+QfT9/0HHywBC
k5gBQmBlAkIzMwNCAAAEQs3MBEKamQVCZmYGQjMzB0L6/gdCx8sIQpOYCUJgZQpCLTILQvr+
C0LHywxCk5gNQmBlDkIzMw9CAAAQQs3MEEKamRFCYGUSQi0yE0L6/hNCx8sUQpOYFUJgZRZC
MzMXQvr+F0LHyxhCk5gZQmBlGkIzMxtC+v4bQsfLHEKTmB1CZmYeQi0yH0L6/h9Cx8sgQpqZ
IUJmZiJCOTQjQvr+I0LHyyRCk5glQmBlJkI5NCdCAAAoQsfLKEKamSlCZmYqQi0yK0IAACxC
zcwsQpqZLUJmZi5CMzMvQgAAMELNzDBCmpkxQmZmMkKiRTNCAAA0Qs3MNEKamTVCYGU2QjMz
N0IAADhCzcw4QpqZOUJmZjpCMzM7QgAAPELNzDxCk5g9QmZmPkIzMz9CAABAQs3MQEKamUFC
ZmZCQi0yQ0IAAERCzcxEQpOYRUJmZkZCMzNHQvr+R0LNzEhCmplJQmZmSkIzM0tC+v5LQs3M
TEKamU1CZmZOQjMzT0IAAFBCzcxQQpOYUUJmZlJCLTJTQvr+U0LNzFRCmplVQmZmVkIzM1dC
+v5XQsfLWEKamVlCZmZaQjMzW0IAAFxCzcxcQpqZXUJgZV5CMzNfQgAAYELHy2BCk5hhQmBl
YkIzM2NCAABkQsfLZEKTmGVCZmZmQqJFZ0IAAGhCx8toQpOYaUJgZWpCMzNrQvr+a0LNzGxC
mpltQmZmbkItMm9C+v5vQs3McEK4nnFCZmZyQi0yc0IZBHRCx8t0QpOYdUJgZXZCLTJ3QgAA
eELNzHhCk5h5QmBlekItMntC+v57QsfLfEKTmH1CZmZ+Qi0yf0L6/n9C42WAQkrMgEKwMoFC
F5mBQgAAgkLjZYJCSsyCQrAyg0IXmYNCff+DQuNlhEJKzIRCMzOFQheZhUJ9/4VC42WGQs3M
hkKwModCF5mHQn3/h0JmZohC5dCIQrYziUKamYlCff+JQuNlikJKzIpCMzOLQpqZi0IAAIxC
42WMQkrMjEKwMo1CHZqNQgAAjkJmZo5CSsyOQjMzj0KamY9CAACQQmZmkELNzJBCMzORQpqZ
kUIAAJJCZmaSQs3MkkIzM5NCmpmTQgAAlEJmZpRCSsyUQjMzlUKamZVCAACWQmZmlkLNzJZC
MzOXQpqZl0J9/5dCZmaYQkrMmEIzM5lCmpmZQgAAmkJmZppCzcyaQjMzm0KamZtCAACcQmZm
nELNzJxCMzOdQpqZnUIAAJ5C42WeQs3MnkIzM59CmpmfQn3/n0JmZqBCSsygQjMzoUIXmaFC
AACiQmZmokLNzKJCsDKjQpqZo0IAAKRCZmakQkrMpEIzM6VCmpmlQn3/pULjZaZCSsymQjMz
p0KamadCAACoQmZmqELNzKhCsDKpQheZqUJ9/6lCZmaqQs3MqkKwMqtCF5mrQgAArELjZaxC
SsysQjMzrUIXma1CAACuQuNlrkLNzK5CMzOvQheZr0IAALBC42WwQo3XsEKwMrFCF5mxQgAA
skJmZrJCSsyyQrAys0IXmbNCAAC0QmZmtEJKzLRCsDK1QheZtUJ9/7VCZma2QkrMtkKwMrdC
mpm3QgAAuEJmZrhCSsy4QrAyuUKamblCAAC6QuNlukJKzLpCsDK7QheZu0J9/7tC42W8QkrM
vEIzM71CF5m9Qn3/vULjZb5CSsy+QrAyv0IXmb9Cff+/QuNlwELTzcBCsDLBQheZwUJ9/8FC
ZmbCQkrMwkKwMsNCmpnDQgAAxELjZcRCSszEQrAyxUKamcVCAADGQuNlxkJKzMZCMzPHQpqZ
x0IAAMhCZmbIQs3MyEIzM8lCmpnJQgAAykJmZspCzczKQjMzy0KamctCAADMQmZmzELNzMxC
MzPNQpqZzUIAAM5CZmbOQkrMzkIzM89CmpnPQgAA0EJmZtBCzczQQrAy0UKamdFCAADSQmZm
0kLNzNJCMzPTQpqZ00J9/9NCZmbUQkrM1EIzM9VCmpnVQgAA1kJmZtZCzczWQjMz10IXmddC
AADYQuNl2EK43thCzzfZQpqZ2UIAANpCZmbaQkrM2kIzM9tCmpnbQn3/20LjZdxCzczcQjMz
3UKamd1CAADeQmZm3kJKzN5CMzPfQheZ30J9/99C42XgQs3M4EIzM+FCmpnhQn3/4UJmZuJC
zcziQrAy40IXmeNCAADkQmZm5EJKzORCMzPlQheZ5UJ9/+VC42XmQkrM5kKwMudCmpnnQgAA
6ELjZehCSszoQrAy6UKamelCAADqQmZm6kJKzOpCsDLrQheZ60IAAOxCZmbsQkrM7EKwMu1C
F5ntQn3/7ULjZe5CzczuQrAy70IXme9CAADwQmZm8EJKzPBCsDLxQheZ8UJ9//FCZmbyQkrM
8kIzM/NCF5nzQhID9ELjZfRCSsz0QrAy9UKamfVCff/1QuNl9kJKzPZCMzP3QheZ90J9//dC
42X4Qs3M+EKwMvlCF5n5Qn3/+ULjZfpCzcz6QjMz+0IXmftCff/7QuNl/EJKzPxCsDL9QpqZ
/UJ9//1CZmb+Qs3M/kKwMv9Cmpn/QgAAAEMzMwBDmG4AQ5qZAEPNzABDAAABQzMzAUNmZgFD
mpkBQ83MAUMAAAJDMzMCQ2ZmAkOamQJDzcwCQwAAA0MzMwNDZmYDQ1iZA0PNzANDAAAEQzMz
BENmZgRDWJkEQ83MBEMAAAVDMzMFQ2ZmBUOamQVDzcwFQwAABkMzMwZDZmYGQ5qZBkPNzAZD
AAAHQzMzB0NmZgdDWJkHQ83MB0O+/wdD8jIIQ2ZmCEOamQhDzcwIQwAACUMzMwlDZmYJQ+Ga
CUPNzAlDAAAKQ/IyCkNmZgpDmpkKQ83MCkMAAAtD8jILQ2ZmC0OamQtDzcwLQ77/C0PyMgxD
JWYMQ1iZDEPNzAxDvv8MQzMzDUMlZg1DmpkNQ4vMDUO+/w1D8jIOQyVmDkOamQ5Di8wOQ77/
DkMzMw9DZmYPQ1iZD0PNzA9Dvv8PQzMzEEMlZhBDWJkQQ4vMEEMAABFDMzMRQ/BnEUOamRFD
zcwRQwAAEkPyMhJDJWYSQ1iZEkOLzBJDvv8SQ/IyE0NmZhNDmpkTQ4vME0O+/xNDMzMUQyVm
FENYmRRDi8wUQ77/FEPyMhVDZmYVQ1iZFUOLzBVDAAAWQ/IyFkNmZhZDWJkWQ4vMFkMAABdD
8jIXQyVmF0NYmRdDi8wXQ77/F0PyMhhDZmYYQ1iZGEOLzBhDvv8YQ/IyGUNmZhlDWJkZQ83M
GUO+/xlDMzMaQ6hmGkOamRpDi8waQwAAG0PyMhtDJWYbQ1iZG0OLzBtDAAAcQzMzHENmZhxD
mpkcQ83MHEMAAB1DMzMdQ2ZmHUOamR1DzcwdQwAAHkMzMx5DZmYeQ5qZHkPNzB5DAAAfQzMz
H0NmZh9DmpkfQ83MH0MAACBDMzMgQ2ZmIENYmSBDzcwgQwAAIUMzMyFDZmYhQ5qZIUPNzCFD
AAAiQ/IyIkMlZiJDmpkiQ4vMIkMAACNDMzMjQ2ZmI0OamSNDzcwjQwAAJEMzMyRDZmYkQ5qZ
JEPNzCRDvv8kQzMzJUNmZiVDmpklQ83MJUMAACZD8jImQyVmJkNYmSZDi8wmQwAAJ0MzMydD
ZmYnQ5qZJ0OLzCdDvv8nQzMzKENmZihDmpkoQ83MKEO+/yhDMzMpQyVmKUOamSlDzcwpQwAA
KkPyMipDJWYqQ1iZKkPNzCpDAAArQzMzK0NmZitDmpkrQ4vMK0O+/ytD8jIsQyVmLEOamSxD
zcwsQ77/LEPyMi1DZmYtQ5qZLUPNzC1Dvv8tQzMzLkNmZi5DmpkuQ4vMLkO+/y5D8jIvQyVm
L0NYmS9DzcwvQ77/L0MzMzBDJWYwQ1iZMEOLzDBDvv8wQ/IyMUMlZjFDmpkxQ4vMMUO+/zFD
8jIyQyVmMkNYmTJDi8wyQ77/MkPyMjNDJWYzQ1iZM0OLzDND</AssayXData><AssayYData Points="900">AAAAADIIATpw/vw7N7mfO4JeBTx4VBo84VyCPKgrizx3WYo85giIPC+QdzyNDYw8BlqLPB7p
cTwK1Io84airPGMslDxo1qg89B6pPHP6pzwVK8k8iznGPHPtmzzxH8Q8QB3UPHtGrTyzdcU8
qerHPBO71jzbddk8eNXbPMN66DxWQ9o8gpDiPOsO4DzgBf08EoD+PLN5/zwkrf08Mv0DPRtr
+Tx0qgI9uakLPSByEj0d3gk95onxPMEDFT1wZBo9Z9gRPUcYIT0wdhE956kQPd4RET1UNxs9
QDogPbyZDj3A1hs9XvETPSxeFT2cBi49OsAvPYhgKz3ojyc9T1UxPWv/KT1xtTI92+IjPYLn
Lj1KnC490uQlPet6Oj2EPTI99zU4PehvRD0LTTQ9E1REPVEaOT3Q+Do9hjZAPcVtOz2M+EE9
KotQPYEbSz14oUQ9zSBFPWEuTD06oUg90cE6PQIdXT0EY1M9vPRhPb19Wz1vrFQ9t0tNPbdq
Wz27tUg9EHNMPTBSbT2dq109T31fPbQJYj2OQV89/s5xPZUwZT3AXGg9hNFhPVEabT3icW09
mERmPSHzcT11BHE9ox93PRmQdD3L5W49s95tPa0Obj3dRnE9ziSBPXGidj0xsYU9pg6DPZvs
bj3lWX495Cl/PW9uej0BzYQ9r3l/PYwXgz3Ic4M9apyDPScFhz1mUYM9P02CPSGJhD0f64k9
/TWNPRx/ij17QYk9sKyDPegFiT28MYg981GOPVYIjT1WW4o9VryLPatyhT3Jno49A+uTPSE2
kT2yyI49z0OKPaIljj3DnZY9TTKbPZ0lkj2Ov5Q9I8mUPeJpkz30zZs958iTPVCxlz26VZk9
IWSRPQFQnD1flZg9JauQPV8kkD3hLpg91EiaPToimz2nlJ49V+SbPeYUmD12Dps9o26gPfqV
nT3sZZ89lcWjPZ9Hoz0rvqI9mJqdPRGBpT3cWqc9qi2jPTS6mz3GsKU9Zb+pPaIioD2Lrp89
abKhPcgmpz2QUqU9xNujPUvYpz1YVZ89KnynPfWyrD3jvqQ96laqPXKPpz13P649wTCrPeol
sD14ZKc9XVuyPSrgrT0W7qw9OkuoPeSmsT1BVrU9IgWtPcXWsj05+LM9DFW0PRNCrz1mgrY9
rKuyPfuctj2DYbI97hS0Pe9fsj1wyLY9aF+wPYP3tD30DLk9YmO4PWVpsD3OaLI941fCPQou
vD3I3Lk9sQPBPcyJvj1A+r49Z/jAPfrtxD0HnL09E9O5PT7+uj36o8U9FR+/PZUtwj0tS8g9
NQnFPTunwj2588M9d/W/PeoXvz2zHsM99Ym8PcbczD1FRsM9shPEPU3fxz0eN8E99rLDPRde
wT12Xcg9IO/NPfc+yz27Q8M95U3QPUvfyD2/ncc9xs7PPaQ40z0Jdco98wjQPWWLxz3ieM09
vR3JPXtC0j37c8w9vnjMPb3vzj1+EtE9pbnPPa6S1j13QNI9MpzIPabY1z3JwNE9vQ7QPdAj
1j1WTdc9IjHVPfll1T1rq9s9ONfRPWXm0D3WvdQ90D7WPdvb2z0Orts9JbfZPa1g3z0E3d09
ry/UPeaw3j38ddk9b5zaPX1m1D0KDto9iVHfPae42D3+B9o9JWrdPd9n3D2+cd89BhTbPYbm
4T3Zm+A90afcPbsi4j2hD9w9D9LkPfoX4D3jquk99cnkPRzo4D3j+OE9QDXnPedU5j3q6uM9
vI3iPQev6j1ASuI9tlPuPWLv4j3JMOo9GuPsPVap5j3bSeY9bEzkPTZT6j2wZuY9bEnpPY3U
8D0oPfE9OhDxPbX38D1uWe89wxjyPfAu8T0diO89/6HyPcvG8j1S1eo9gSDtPSwR9T0WtvI9
Y17xPenR9D0VcfQ9MTryPZq+7j3lb/E9aunvPdV67j1LnPM9mo72PVUi9T0MTuo9TcLzPRot
9T1fVfI9/VT3PUmL8j0d0/w9UIn8PQqv9T3VHQA+Ecv8PU0Z/z1nAfg9j2n3PXHa9T3pLPc9
VpDyPUQ5AD53F/I980j+PT+V+D3XLvs9pcr9PU0Q/T3uaf89IJv3PVleAT5vYvs9ABMCPmPp
/j3y3QA+a30BPojZAT79ugE+nkkCPrsn/j0argA+3LEEPlQNAz5Hc/89QxkAPkD4Az5aDv49
AB8CPgvMBz4ggwM+MsQBPpO5BT6rWwE+5h4FPrTbBT5njwM+HhEGPrY6BD4jcQU+xG0HPj3J
Bj4OpAc+5XIEPtRuAD75QAY+FAoIPp1cAz7yGAU+P24IPiXPBz6rSAc+g8UEPi2RAD6bywg+
KGIIPhh9Bz5QKAg+5BMJPuRGBj7oygU+5IcIPoQ6Bz6Atgg+nd8GPjhZBz4NMgo+9GsJPpVI
Dj7Jmwk+pG8KPkf2CT6kawo+5LcIPiBACT6ndAk+/rMIPpMYCz5Gbg0+/ckJPo/xCj47/Ao+
4A8LPnIvDT6B1Ao+V/IGPueNDT5c+wo+05QNPvpAED6ZCBE+thEQPpSyDj7Htws+r7EOPjrN
DD6sdww+YxQOPuQCED4wmww+COMPPl6uEj41SQ8+m5AQPnVgDz4MxA0+WaUNPqZCED5AAg4+
IcsRPsUTED6xYRE+TasSPra8DT6kZhI+5bQUPsdxEz7o4BA+WtISPkpYDz4jQhQ+bDwUPoGt
Dz4JOBQ+t+kTPlyiET7XhBE+roISPskJEj5/wxQ+E8cWPjuLEz4mHg8+W90VPnZXEj7vRw4+
LBQYPn2YEz6RVhM+GG4YPueHED5rhQ8++xQTPplwFD62JBI+upMUPjQgFT6VFRY+VzsUPjx5
Fz7ZJhg+1dkYPloeFT6RLBk+ZiIZPtXVEj7rzxU+W0oUPv+iFj5GPBo+g48XPrOqFz7qnBk+
v8AYPlDtGj6Ycxc+RkYYPsnOEj7boBU+UtEePgd4Gj4X6Rk+HWEZPougGD5AkhY+pAwaPtcQ
Gz5skxk+NjsZPobZGz6hWBs+/VQZPpIDGD6TKho+nLkdPuTVGj7+wxk+rFMfPgKlHD4egBs+
oS4bPt31Gj7+eBo+hxEcPverGz46Rh0+wugePrUFHT6dyx4+/jQfPn6bHz4A+Rs+lq4ePueK
HT5sBB0+SpMaPkcjID5t6B0+/D8ePhhuHD4fxCI+zm4hPkLJHj432yM+JG0hPgShHT6MmiI+
b40kPrOuHT7LaiE+DUIgPgmHIT5dVh8+v3IjPplLID751CQ+lqAkPl6/IT4QKyM+CzkhPtsa
IT6ZcSM+RoQiPhcGIj5w/iI+P7YmPo//Ij4EHx8+ASckPqotJT4fUCU+pVQkPiw2Iz7meSU+
6DwmPrZDJT5abyI+bAIoPrToIz7vxCM+eCQlPhIwJT5USCI+3tkiPh8SJD5rgyU+C+khPoHe
Iz6wEiI+AxooPg2FJT59myU+qCgmPiGlKT61bSg+LpcnPqw1KD4DsCU+EQIqPqCDKj6tASg+
nLYlPswnKD67SCg+Pb8kPk7GKD59xCY+KDwpPjFTKT6q/yg+1CsoPoFZKD6DHis+824sPvD/
KT6F2iY+aAcsPv9ZLj7w/Cs+mVgoPpy9Jz4JPio+C6AoPlgcKz5+ECg+ViArPivxKz5y6So+
LRQsPlqgKj5gXCo+4FIrPqALLj6fhiw+sAspPlR1Kj5Vsyo+QzQpPsC1Lj6GYSs+25sqPuNw
LD50+y4+E20tPhEHLD4Klyo+WMcvPh/iKj7eYiw+f+wuPtI6MD5H/Cw+xCYxPpShLj4zUiw+
7tAyPuQfLj6b6S4+MJArPqY6LT63dy8+jF0qPvgsLz60Wi0+SOUxPqMTMj7tjDA+wK00Pnsw
ND4YGzI+9EQyPvlGMT5BOTE+/SA0Pso/MD6SqzM+F14qPk3XMD7a4y4+AIIuPpHYMj6vSjU+
+tUxPsV9ND5yfzM+4fQ3PnGgMz5fyTI+ycozPpemLj4CnTA+6A00Piy5NT4nMzM+b/0vPsMd
Mj7MLTE+GagzPgobNT6e1jM+Kbc3PqJpMj5kyDY+zsU3PjUEMj4H2zc+WPo2PmIFND6xJDI+
cZs2PtqMND7CVjQ+KAc6PqlrOT6VKjU+yGc2PgQJND6X9zc+Ad00PtjhMj7Wmzk+TEk2PkFH
ND7K6zY+2f00PpDrNz6xSDg+ERk4PtwSNz4mQDY+hSw0Pu2lNT5ioDc+jMA3PvIcOj63PTk+
niQ9PmoPOT4mGTo+kC84PndaOT6CaT0+z7Q4Pn3tOz4rHTg+VsU4PnRoOD4cQTk+Bgk6Pjhy
NT7rOTc+YhM9PrhaPD6A6Tk+y9o5Pg44Nj6v4Do+IUQ5PjOvOz6cjTs+8JM3PoSBOj6m4Tk+
V7o6PkZgPj7sZTg+aJY4PkEpOz7v0Dk+z7w8PgEEOT47Qzs+rqE7Ps3mOz4GCzw+ewE9PtqI
QD7aEj4+0Ss9PjB6Oz7DJz4+xwg+PkC1Oz49CDs+YZw+PmGJPj5ijDs+eqo9Pn+8Pj7xPkI+
u2FAPoF6Oj72Lj8+F2FAPkjAOj5I1T4+66s9PiaiQj6lVkA+F4w9PuAbPj761zo+NMg9Pv5F
Pj4OlkI+dUs6PlBYPz7nTUI+F6c+PvduQD4jUj4+sxJAPkAKPT5DnUM+GnM/Pl3/QT68kkE+
lfxAPm+RPz5npzw+vrZDPo1jPT7tKT8+aU1DPiTtPz4qAj8+0lNEPrtuPz5q1kE+w1pGPnIW
RD6pEUI+9YhDPoW9QD6Dgj4+pldEPlQsRT6cp0A+6B5DPiN9QT5TsUM+CptBPuEXRT4yTEM+
ModAPnUDQj4lbEQ+fBlIPiE5RT4HRUQ+/Y9FPp3oQz7xZkU+</AssayYData></Step><Step><CommonData><SampleLocation>2</SampleLocation><SampleID>10mM Glycine pH1.7</SampleID><SampleGroup></SampleGroup><SampleInfo>or other Regeneration solution</SampleInfo><SampleRow>H</SampleRow><SamplePlate>1</SamplePlate><WellType>REGENERATION</WellType><Concentration>-1</Concentration><ConcentrationUnits>µg/ml</ConcentrationUnits><MolarConcentration>-1</MolarConcentration><MolarConcUnits>nM</MolarConcUnits><MolecularWeight>-1</MolecularWeight><Temperature>30</Temperature><StartTime>207997</StartTime><AssayTime>20</AssayTime></CommonData><FlowRate>1000</FlowRate><StepType>CUSTOM</StepType><StepName>condition</StepName><StepStatus>OK</StepStatus><ActualTime>20.002</ActualTime><CycleTime>0.2</CycleTime><AssayXData Points="100">vv8zQ7AyNEMkZjRDWJk0Q0nMNEN8/zRD8TI1QyRmNUNYmTVDScw1Q3z/NUOwMjZDJGY2QxaZ
NkNJzDZDfP82Q7AyN0MkZjdDWJk3Q0nMN0N8/zdDsDI4Q+NlOEMWmThDi8w4Q3z/OEOwMjlD
42U5QxaZOUNJzDlDEgM6Q7AyOkMkZjpDFpk6Q0nMOkN8/zpDsDI7Q+NlO0MWmTtDScw7Q3z/
O0OwMjxD42U8Q9uZPENJzDxDvv88Q7AyPUPjZT1DWJk9Q4vMPUN8/z1DsDI+Q+NlPkNYmT5D
i8w+Q3z/PkPxMj9DJGY/Q1iZP0OLzD9Dvv8/Q/EyQEMkZkBDWJlAQ0nMQEO+/0BD8TJBQyRm
QUNYmUFDi8xBQ77/QUPxMkJDJGZCQ1iZQkOLzEJDvv9CQ7AyQ0MkZkNDO59DQ4vMQ0O+/0ND
8TJEQ+NlREMWmURDi8xEQ77/REPxMkVDJGZFQ1iZRUNJzEVDvv9FQ/EyRkPjZUZDWJlGQ4vM
RkO+/0ZD8TJHQ+NlR0NYmUdDDs1HQw==</AssayXData><AssayYData Points="100">3M6SvUZeyrxcA9874rCOPNQ04Tw2ns48/769PKgxhTws9Dc8ZMHVO/su1TtvO4i7e3Kgu808
VryIbHq82vFtvCBxrbxSksK8sePEvK1j17wUme+8cIgDvZ3pDr0QiSa9lx8hvRdqJ70HYDW9
XutHvTlPVb0cD1W9mqZcvRD9Vb3gQm69NRdwvRyicb3Gq4O9mPuEvambgb00l4S9am+Qvf/9
j7199ZK9zvyMvaxKk71wPJ29NeSkvQF5or2dJ5u9FaGvvZNzrL2QNa69IY+jvQqAqb1YMbC9
Bn/AvQNOtL2UJLa9Qx3FvZMYwL20ari94dy6vYT3w73rRci9iI3AvW1cx70JC8m98obIvdXa
0r1kNtO9DNrNvcQ91b16x9W9advZvZs92b1ekNy9FIjevYnT3r04mt+9DYbivSXr5b0luey9
573lvVyB6L2DQe+9Z/PrvaUl7r112u+9+571vcZY9b2QfvK9YZTwvZXh873Ho/m9ZYn5vYrO
/L0cSP29+GMDvq3E+b2csf69mdL/vQ==</AssayYData></Step><Step><CommonData><SampleLocation>1</SampleLocation><SampleID>Running Buffer</SampleID><SampleGroup></SampleGroup><SampleInfo></SampleInfo><SampleRow>H</SampleRow><SamplePlate>1</SamplePlate><WellType>BUFFER</WellType><Concentration>-1</Concentration><ConcentrationUnits>µg/ml</ConcentrationUnits><MolarConcentration>-1</MolarConcentration><MolarConcUnits>nM</MolarConcUnits><MolecularWeight>-1</MolecularWeight><Temperature>30</Temperature><StartTime>233635</StartTime><AssayTime>20</AssayTime></CommonData><FlowRate>1000</FlowRate><StepType>CUSTOM</StepType><StepName>condition</StepName><StepStatus>OK</StepStatus><ActualTime>19.999</ActualTime><CycleTime>0.2</CycleTime><AssayXData Points="100">QQBIQzMzSEPpZkhDmZlIQw7NSENBAElDMzNJQ2ZmSUOZmUlDzMxJQwYBSkMzM0pDp2ZKQ9uZ
SkPMzEpD//9KQ3QzS0NmZktD25lLQ8zMS0P//0tDdDNMQ2ZmTEPbmUxDzMxMQ///TEMzM01D
ZmZNQ5mZTUMOzU1DQQBOQzMzTkNmZk5Ddp5OQ8zMTkP//05DdDNPQ2ZmT0Mcmk9DzMxPQ0EA
UEMzM1BDp2ZQQxyaUEMOzVBD//9QQ/czUUOnZlFD25lRQw7NUUNBAFJDdDNSQ6dmUkPbmVJD
Ds1SQ0EAU0N0M1NDp2ZTQ9uZU0MOzVNDQQBUQ3QzVEOnZlRD25lUQw7NVENBAFVDdDNVQypn
VUPbmVVDzMxVQ0EAVkN0M1ZDp2ZWQ9uZVkMOzVZDQQBXQ3QzV0NmZldDmZlXQw7NV0MGAVhD
dDNYQ6dmWEPbmVhDDs1YQ0EAWUN0M1lDp2ZZQ5mZWUMOzVlDQQBaQ3QzWkOnZlpD25laQw7N
WkNBAFtDdDNbQ6dmW0PbmVtDzMxbQw==</AssayXData><AssayYData Points="100">Bz0gPlOK5T0/Prc9jKWwPaUSpD2WtKA9P6CkPW9QpT3YVK090U+pPdWzrD0X77g9P7WwPX98
uT3vVLo9EYq7PdJ+wT1hNL49W6zBPUMBwD0sH7491t3APQGTwz0IOsk9Su3JPS9twj2fxr89
ocHGPf0VxD2uqcw928nJPeSWzj3dxtI9Pv3VPVDmyT2FhNM94YPXPWui0j2o0tI97ybbPRvy
1D28jNg9EdjbPUly1T2Ag9o97MTZPXBs1j2OpNY9BtvcPeCH3D0L3do9Kd7bPQfl3T3kQ9k9
MwHjPRLo2T0sAuk9o7/iPYj63D3CUuI9OyfoPb9H4D3rC+k9cWrjPWp35z2sAeg9pHXnPSXh
4D2u0Ow9bgPmPW9H6T3IBeg9ovbpPfzr7D341eg9f6LnPbep5D3kGO49rdTnPT4o6z3iCuo9
VdPoPevb7z1tefU9hzzwPfg86D3xEvM96770PaVw+D0MDOs9q1zzPRXe8D1bFPk9TefoPc8l
8D1/o/Q9ulXzPRiN9D1gPvA9VIP1PQ==</AssayYData></Step><Step><CommonData><SampleLocation>2</SampleLocation><SampleID>10mM Glycine pH1.7</SampleID><SampleGroup></SampleGroup><SampleInfo>or other Regeneration solution</SampleInfo><SampleRow>H</SampleRow><SamplePlate>1</SamplePlate><WellType>REGENERATION</WellType><Concentration>-1</Concentration><ConcentrationUnits>µg/ml</ConcentrationUnits><MolarConcentration>-1</MolarConcentration><MolarConcUnits>nM</MolarConcUnits><MolecularWeight>-1</MolecularWeight><Temperature>30</Temperature><StartTime>259167</StartTime><AssayTime>20</AssayTime></CommonData><FlowRate>1000</FlowRate><StepType>CUSTOM</StepType><StepName>condition</StepName><StepStatus>OK</StepStatus><ActualTime>19.999</ActualTime><CycleTime>0.2</CycleTime><AssayXData Points="100">AABcQ/IyXENmZlxDWJlcQ83MXEMAAF1DMzNdQ2ZmXUOamV1DzcxdQwAAXkMzM15D8GdeQ5qZ
XkPNzF5DAABfQzMzX0MlZl9DmplfQ83MX0O+/19DMzNgQ2ZmYEOamWBDzcxgQwAAYUMzM2FD
ZmZhQ5qZYUPNzGFDAABiQzMzYkMlZmJDHZpiQxTOYkO+/2JDMzNjQ2ZmY0MdmmNDzcxjQwAA
ZEPyMmRDJWZkQ5qZZEOLzGRDAABlQzMzZUMlZmVDWJllQ83MZUMAAGZDMzNmQyVmZkOamWZD
zcxmQ77/ZkPyMmdDZmZnQ1iZZ0OLzGdDAABoQ/IyaEMlZmhDWJloQ83MaEO+/2hDMzNpQyVm
aUNYmWlDi8xpQ77/aUPyMmpDJWZqQ5qZakOLzGpDvv9qQ/Iya0MlZmtDWJlrQ83Ma0O+/2tD
MzNsQyVmbENYmWxDzcxsQ7//bEMzM21DJWZtQ1iZbUOLzG1DSAFuQ/IybkMlZm5DWJluQ83M
bkO//25D8jJvQ2Zmb0NYmW9Di8xvQw==</AssayXData><AssayYData Points="100">UxZCviM6Cr7jwMO9dvObvTqKm72eF5W9e4eVveDBnb0l1p69xjalvdFqrr1doLO9ITC9vbqQ
tr2AHsC9WpzIvck+xL0Zqs29YMnLvXOA3L3+BtW9L3Laved+2b32ktS9rBThvTmu3b00tuS9
tXrkvd9D5r2TQeO96dPjvSW64r0Squ698u/yva20870GmPe93Bz0vZNj+r3lK/S9EWb/vYzW
/r2ZBf+9nNAAvvYqAb74hgO+2GAEvnxZAb6BxgO++zMEvrxjBr49ogS+S5oFvmuJBb5TVQq+
h+0JvqxsCb58Egq+GjULvpePCb5D/w2+JbgLvkXSC77mhwy+mvQKvgwiB76LJg2+gSoPvhF0
Db6pJA6+2h0QvnehEb7+ixK+CHYUvs9nFL7/Ihm+CH8Wvn4wFb4otxe+P4cWvkTnFL4rLha+
JDYVvhLgGb5+TBW+M90YvoagGr7uHxe+MOEbvkBqGL5iphq+vYQdvrhNGr7LlBe+K4EZviTI
Hb5E4B2+jdccvtSzIL4ZWSC+O5oevg==</AssayYData></Step><Step><CommonData><SampleLocation>1</SampleLocation><SampleID>Running Buffer</SampleID><SampleGroup></SampleGroup><SampleInfo></SampleInfo><SampleRow>H</SampleRow><SamplePlate>1</SamplePlate><WellType>BUFFER</WellType><Concentration>-1</Concentration><ConcentrationUnits>µg/ml</ConcentrationUnits><MolarConcentration>-1</MolarConcentration><MolarConcUnits>nM</MolarConcUnits><MolecularWeight>-1</MolecularWeight><Temperature>30</Temperature><StartTime>284966</StartTime><AssayTime>20</AssayTime></CommonData><FlowRate>1000</FlowRate><StepType>CUSTOM</StepType><StepName>condition</StepName><StepStatus>OK</StepStatus><ActualTime>19.999</ActualTime><CycleTime>0.2</CycleTime><AssayXData Points="100">vv9vQ7AycEPjZXBDFplwQ0nMcEO+/3BDsDJxQ+NlcUMWmXFDScxxQ3z/cUPxMnJDJGZyQxaZ
ckNJzHJDfP9yQ/Eyc0PjZXNDFplzQ4vMc0O+/3NDsDJ0Q+NldENYmXRDi8x0Q3z/dEOwMnVD
JGZ1Q1iZdUOLzHVDfP91Q/EydkMkZnZDWJl2Q4vMdkO+/3ZD8TJ3QyRmd0NYmXdDi8x3Q77/
d0PxMnhD42V4Q1iZeEOLzHhDvv94Q/EyeUPvZ3lDWJl5Q4vMeUO+/3lD8TJ6QyRmekNYmXpD
i8x6Q77/ekPxMntDJGZ7Q1iZe0OLzHtDvv97Q/EyfEMkZnxDWJl8Q4vMfEO+/3xD8TJ9Q+Nl
fUMWmX1Di8x9Q77/fUPxMn5D42V+Q1iZfkNJzH5Dvv9+Q/Eyf0MkZn9DWJl/Q4vMf0O+/39D
eBmAQxIzgEOrTIBDRWaAQ95/gEN4mYBDErOAQ4vMgEMk5oBD3v+AQ3gZgUPxMoFDi0yBQ0Vm
gUPef4FDV5mBQ/GygUOLzIFDJOaBQw==</AssayXData><AssayYData Points="100">CPcsPrT64j20V7I9SOmiPerAlT2w/JQ9bmOYPZlRmT1ozJk9lQWcPe4Cmz0JUJw9Ig2ePXy/
qD2ae6c9KhSlPR4qoj0WoKo9iZ+iPVkTrz2+Mqg9P4mwPYr0tj0wDbY9DpOvPYADtD0qs7s9
qiS1PQetsz1B/7I95Ny1PV6dvz3Y08g9dXS8PfGbsj0Ju8I9Joq5PTYnvT3QWsM92Du/PZat
vD3eL8E9p6zDPUrkwT2J/8I9+J29PdxgyT38Mc09U9TAPRjOyj0VCMY9xVm/PQjUyT2CGcY9
UXTIPTCqxT1oicc9z8jLPb0vwT3UBMg9Kz7KPSVnzT0nXdI9ePzKPTV6yD0/AdU9HuXLPXD7
zz2UVNE9cAvSPU430j1y8sg9KfzYPbOO0T1A6c09KAfLPbHg1D3ftM49/APVPZw/1D0NQdU9
S/DSPdgF1T1p1NM9AHHVPSm61j125809b/zPPQuy3z0erdw9CkHXPYz+0z1U8tU92AzfPVUC
1D0fxtg9Q8/WPTLt3j0xE9g9MQPYPQ==</AssayYData></Step><Step><CommonData><SampleLocation>2</SampleLocation><SampleID>10mM Glycine pH1.7</SampleID><SampleGroup></SampleGroup><SampleInfo>or other Regeneration solution</SampleInfo><SampleRow>H</SampleRow><SamplePlate>1</SamplePlate><WellType>REGENERATION</WellType><Concentration>-1</Concentration><ConcentrationUnits>µg/ml</ConcentrationUnits><MolarConcentration>-1</MolarConcentration><MolarConcUnits>nM</MolarConcUnits><MolecularWeight>-1</MolecularWeight><Temperature>30</Temperature><StartTime>310591</StartTime><AssayTime>20</AssayTime></CommonData><FlowRate>1000</FlowRate><StepType>CUSTOM</StepType><StepName>condition</StepName><StepStatus>OK</StepStatus><ActualTime>20</ActualTime><CycleTime>0.2</CycleTime><AssayXData Points="100">vv+BQ1gZgkPQMoJDi0yCQ2ZmgkO+f4JDWJmCQ/GygkNqzIJDJOaCQ53/gkNYGYND8TKDQ4tM
g0MEZoNDvn+DQ1iZg0PxsoNDi8yDQwTmg0Od/4NDWBmEQ/EyhEOLTIRDJGaEQ75/hENYmYRD
0LKEQ6zMhEMk5oRDvv+EQ1gZhUPQMoVDcE2FQwRmhUOdf4VDWJmFQ7y0hUNqzIVDJOaFQ53/
hUNYGYZD8TKGQ4tMhkMkZoZDnX+GQ1iZhkPxsoZDi8yGQyTmhkO+/4ZDWBmHQ/Eyh0OLTIdD
BGaHQ75/h0NYmYdD0LKHQ2rMh0ME5odDnf+HQ1gZiEPQMohDrEyIQwRmiEO+f4hDN5mIQ9Cy
iENqzIhDBOaIQ53/iENYGYlD0DKJQ2pMiUMkZolDnX+JQ1iZiUPQsolDasyJQwTmiUO+/4lD
NxmKQ9AyikNqTIpDJGaKQ51/ikM3mYpD0LKKQ2rMikME5opD3/+KQzcZi0PQMotDakyLQyRm
i0O+f4tDWJmLQ9Cyi0NqzItDJOaLQw==</AssayXData><AssayYData Points="100">++xmvho5Mb411ga+Ds/rvbcN3L1W5Na9Z+zVvUVp4707I+S95lfjvW/05L1S0fG9fMf1vRcN
+L1M9/y9hIcBvo0LAr6f5gO+EVAEvirUBr7PJAq+smAMvgW5Cb4rQw++0zgLvi41D76+Hg6+
dskQvjADDb76ShO+UeASvtxxEr7Xow6+bIIVvncGFr4apxO+qUIXvpoMGL7U2xq+/zcXvvvZ
Fr7b8hy+lkoZviNcHb67sRq+fZYcviGPHr53gBy+Rm4dvhmWHr7c7h6+X4wfvitfHr7cBiS+
MQojvlbfIb5CKSS+G+InvqlBIr5KIiK+sxYmvgXFJL60Pii+hZglvv0GKb7YpiW+aUoovr1J
J76zYyq+N3MpvvxuLL76oim+9tcnviuLJb5vcCe+jVssviSrKr7zziu+aLkqvpYbL765Hi++
U/8tvibkL76eyS6+/5sxvgqgL76cNDG+eQYuvpLZLr48wy++sgQ1vp6JMr5YzTK+2Q0wvkJP
Mr4cazO+mE8yvguoMr7K8jC+ITEyvg==</AssayYData></Step><Step><CommonData><SampleLocation>1</SampleLocation><SampleID>Running Buffer</SampleID><SampleGroup></SampleGroup><SampleInfo></SampleInfo><SampleRow>H</SampleRow><SamplePlate>1</SamplePlate><WellType>BUFFER</WellType><Concentration>-1</Concentration><ConcentrationUnits>µg/ml</ConcentrationUnits><MolarConcentration>-1</MolarConcentration><MolarConcUnits>nM</MolarConcUnits><MolecularWeight>-1</MolecularWeight><Temperature>30</Temperature><StartTime>336396</StartTime><AssayTime>20</AssayTime></CommonData><FlowRate>1000</FlowRate><StepType>CUSTOM</StepType><StepName>condition</StepName><StepStatus>OK</StepStatus><ActualTime>20</ActualTime><CycleTime>0.2</CycleTime><AssayXData Points="100">vv+LQ1gZjEPQMoxDakyMQ8hmjEOdf4xDN5mMQ9CyjEOszIxDBOaMQ77/jEM3GY1D0DKNQ2pM
jUMEZo1DnX+NQzeZjUPxso1DasyNQyTmjUO+/41DNxmOQ/EyjkN2To5DBGaOQ99/jkM3mY5D
8bKOQ4vMjkME5o5DAACPQzcZj0PxMo9DakyPQwRmj0O+f49DN5mPQ9Cyj0OLzI9DBOaPQ77/
j0M3GZBD0DKQQ4tMkEMEZpBDnX+QQzeZkEPQspBDi8yQQwTmkEOd/5BDNxmRQ/EykUOLTJFD
BGaRQ51/kUNYmZFD0LKRQ2rMkUMk5pFDgwCSQzcZkkPxMpJDi0ySQyRmkkOdf5JDN5mSQ9Cy
kkNqzJJDBOaSQ77/kkNYGZND8TKTQ4tMk0MkZpND5YCTQ1iZk0PxspNDi8yTQyTmk0O+/5ND
WBmUQ/EylEOLTJRDJGaUQ75/lENYmZRD8bKUQ4vMlEMk5pRDvv+UQ1gZlUPxMpVDi0yVQyRm
lUO+f5VDWJmVQ/GylUOLzJVDJOaVQw==</AssayXData><AssayYData Points="100">02IQPnW8zD21Ep89SquTPbqgjT3MSIk9JdGHPUFXiT3S0og9pKGNPUShij0A/5c9kLecPaIX
kD09o5Y9UvCaPWalmz2G45097KOcPQnomz0nWaE9xhOiPaugpj2xi6Q9YlKrPfc8qT0mB6k9
gGSoPVkwqT2RGp89OfusPVRFqj1g2aU9vd6uPZkKtj1r160949awPSo0rj3tR7A9D72vPeSk
tz27yrY93+WvPTK+qT1Yvqw9Ywu9PXs5sT1KaLQ9wnu4PRimuz3Rmbs9iim8PfIFtz1cRbs9
rEi+PT8buT3j3Lg9EXO3PRf7tz18krs9ND3CPUmWvz3FLbY9CsK3Pafruz3Ymrk9gzXAPRKx
xz2Qjbs96CG0Pe8+vT1Mr8M9K23CPeD1xT3iCsI9Ohe+PdF5yD3ODcU93WnBPQmVxT0WHb89
gZrMPf3YxD0Jmcg9UB7FPVVtzT2eo8Q9S+jEPTKCyD0G+M09qAbLPVv4xj2M78Q9EKnJPSRK
yD2eCMw9UafDPaIyyz33uM49cC7RPQ==</AssayYData></Step><Step><CommonData><SampleLocation>3</SampleLocation><SampleID>Running Buffer</SampleID><SampleGroup></SampleGroup><SampleInfo></SampleInfo><SampleRow>H</SampleRow><SamplePlate>1</SamplePlate><WellType>BUFFER</WellType><Concentration>-1</Concentration><ConcentrationUnits>µg/ml</ConcentrationUnits><MolarConcentration>-1</MolarConcentration><MolarConcUnits>nM</MolarConcUnits><MolecularWeight>-1</MolecularWeight><Temperature>30</Temperature><StartTime>362695</StartTime><AssayTime>120</AssayTime></CommonData><FlowRate>1000</FlowRate><StepType>BASELINE</StepType><StepName>Baseline 120</StepName><StepStatus>OK</StepStatus><ActualTime>120</ActualTime><CycleTime>0.2</CycleTime><AssayXData Points="600">vv+VQzcZlkPxMpZDi0yWQyRmlkO+f5ZDWJmWQ/GylkOLzJZDJOaWQ77/lkNYGZdD0DKXQ8xM
l0MkZpdDnX+XQzeZl0PxspdDi8yXQyTml0O+/5dDWBmYQ/EymEOLTJhDJGaYQ75/mENYmZhD
8bKYQ4vMmEMk5phDnf+YQ1gZmUPxMplDakyZQwRmmUO+f5lDN5mZQ/GymUNqzJlDBOaZQ77/
mUM3GZpDlTOaQ4tMmkMkZppDvn+aQzeZmkPxsppDasyaQwTmmkOd/5pDNxmbQ7Yzm0NqTJtD
BGabQ51/m0NYmZtD0LKbQ4vMm0Mk5ptDnf+bQzcZnEPQMpxDakycQyRmnEOjgJxDN5mcQ9Cy
nENqzJxDJOacQ77/nEM3GZ1D8TKdQ4tMnUMkZp1Dvn+dQzeZnUPQsp1DasydQwTmnUOd/51D
NxmeQ9AynkNqTJ5DBGaeQ75/nkNYmZ5D0LKeQ2rMnkME5p5Dvv+eQ1gZn0PQMp9DakyfQwRm
n0ODgJ9DN5mfQ9Cyn0NqzJ9DBOafQ53/n0NYGaBD0DKgQ2pMoEMEZqBDvn+gQ1iZoEPxsqBD
zMygQ2bmoEO+/6BDWBmhQ9AyoUOLTKFDJGahQ75/oUNYmaFD0LKhQ4vMoUNF5qFDvv+hQ1gZ
okPxMqJDi0yiQyRmokO+f6JD25miQ/GyokOLzKJDJOaiQy0Co0NYGaND8TKjQ4tMo0MkZqND
vn+jQ1iZo0PQsqNDi8yjQyTmo0O+/6NDWBmkQ/EypEMvTaRDJGakQ75/pENYmaRDErOkQw7N
pEMk5qRDvv+kQ1gZpUPxMqVDi0ylQwRmpUO+f6VDWJmlQ9CypUOLzKVDJOalQ77/pUNYGaZD
0DKmQ4tMpkMEZqZDxICmQ1iZpkPQsqZDi8ymQyTmpkO+/6ZDNxmnQ/Eyp0OLTKdDBGanQ75/
p0M3madD0LKnQ4vMp0Mk5qdDvv+nQ3gZqEPxMqhDakyoQwRmqEOdf6hDeJmoQ5WzqEOLzKhD
JOaoQ77/qEM3GalD0DKpQ4tMqUMkZqlDvn+pQ1iZqUPQsqlDi8ypQwTmqUOd/6lDNxmqQ/Ey
qkNqTKpDJGaqQ51/qkNYmapD8bKqQ8zMqkMk5qpDnf+qQzcZq0PQMqtDi0yrQwRmq0Odf6tD
N5mrQ/Gyq0NqzKtDBOarQ77/q0M3GaxD0DKsQ2pMrEMEZqxDvn+sQzeZrEPxsqxDi8ysQwTm
rEOd/6xDNxmtQ9AyrUOLTK1DBGatQ51/rUM3ma1D8bKtQ4vMrUME5q1Dnf+tQ1gZrkPQMq5D
akyuQyRmrkOdf65DN5muQ9CyrkOszK5DBOauQ77/rkM3Ga9D8TKvQ2pMr0MkZq9DnX+vQzeZ
r0PQsq9Di8yvQwTmr0O+/69DWBmwQ/EysEOLTLBDJGawQ75/sENYmbBD8bKwQ4vMsEMk5rBD
vv+wQ1gZsUPxMrFDIFCxQyRmsUO+f7FDWJmxQ/GysUNqzLFDJOaxQ77/sUNYGbJD0DKyQ4tM
skMkZrJDvn+yQ1iZskPxsrJDasyyQwTmskO+/7JDWBmzQ/Eys0NqTLNDJGazQ51/s0NYmbND
8bKzQ4vMs0Oo5rNDvv+zQzcZtEPxMrRDaky0Q2ZmtEO+f7RDWJm0Q9CytENqzLRDBOa0Q77/
tENYGbVDdDO1Q4tMtUMkZrVDnX+1Q1iZtUPQsrVDasy1QyTmtUOd/7VDNxm2Q/EytkNqTLZD
JGa2Q51/tkNYmbZD0LK2Q4vMtkMk5rZDnf+2QzcZt0PQMrdDaky3QwRmt0O+f7dDN5m3Q/Gy
t0MvzbdDBOa3Q+UAuEPAGrhD0DK4Q2pMuEMEZrhDnX+4Q1iZuEPxsrhDi8y4QwTmuEO+/7hD
Nxm5Q9AyuUNqTLlDBGa5Q51/uUNYmblD0LK5Q2rMuUME5rlDvv+5Q1gZukPQMrpDaky6QyRm
ukOdf7pDWJm6Q9CyukNqzLpDBOa6Q77/ukM3GbtD0DK7Q2pMu0MEZrtDnX+7QzeZu0N0s7tD
asy7Q2bmu0Od/7tDNxm8QzMzvENqTLxDBGa8Q51/vENYmbxD8bK8Q2rMvEME5rxDnf+8QzcZ
vUPQMr1Di0y9Q0VmvUOdf71DN5m9Q/GyvUNqzL1DBOa9Q77/vUNYGb5D8TK+Q4tMvkMkZr5D
vn++Q1iZvkPxsr5Di8y+QyTmvkO+/75DWBm/Q/Eyv0OLTL9DJGa/Q75/v0NYmb9D8bK/Q2rM
v0Mk5r9Dnf+/Q1gZwEPxMsBDakzAQyRmwEO+f8BDN5nAQ/GywEPtzMBDJObAQ77/wENYGcFD
8TLBQ4tMwUMkZsFDvn/BQ1iZwUPxssFDi8zBQyTmwUO+/8FDahzCQ/EywkNqTMJDJGbCQ51/
wkNYmcJD8bLCQ4vMwkMk5sJDvv/CQ1gZw0PQMsNDi0zDQwRmw0O+f8NDN5nDQ/Gyw0OLzMND
BObDQ77/w0M3GcRD0DLEQ2pMxEMkZsRDvn/EQzeZxEPxssRDaszEQyTmxEO+/8RDWBnFQxIz
xUOLTMVDBGbFQ75/xUM3mcVD8bLFQ2rMxUMk5sVDvv/FQ1gZxkPQMsZDi0zGQwRmxkOdf8ZD
WJnGQ9CyxkOLzMZDBObGQ77/xkM3GcdD0DLHQ2pMx0MkZsdDvn/HQzeZx0PQssdDaszHQ+nm
x0O+/8dDWBnIQ9AyyENqTMhDBGbIQ51/yEM3mchD0LLIQ2rMyEME5shDvv/IQ1gZyUPQMslD
akzJQwRmyUOdf8lDN5nJQ/GyyUNqzMlDBObJQ53/yUM3GcpD8TLKQ2pMykMEZspDnX/KQzeZ
ykPxsspDaszKQyTmykOd/8pDNxnLQ9Ayy0NqTMtDJGbLQ99/y0M3mctD8bLLQ2rMy0ME5stD
vv/LQ3gZzEPxMsxDi0zMQyRmzEO+f8xDmZnMQ/GyzEOLzMxDBObMQ77/zENYGc1D8TLNQ4tM
zUMkZs1Dvn/NQ1iZzUPxss1DaszNQyTmzUO+/81DWBnOQ/EyzkOLTM5DJGbOQ75/zkNYmc5D
8bLOQ4vMzkMk5s5Dvv/OQ1gZz0PxMs9Di0zPQyRmz0O+f89DN5nPQ/Gyz0NqzM9DBObPQ77/
z0NYGdBD8TLQQ4tM0EMEZtBDvn/QQ1iZ0EPxstBDi8zQQyTm0EO+/9BDWBnRQ/Ey0UNqTNFD
JGbRQ75/0UNYmdFD8bLRQ4vM0UMk5tFD</AssayXData><AssayYData Points="600">YLOxPYN8uj25+b09El7BPW5OuT3Tvbo9S2e/PTAIwj1Pn789zAK/PWxEwz0BSMI9bk7KPerI
xD1LYso9D6/PPafYzD1Fbck9HYDGPXqYyD1j7Nc9cWvNPRUm0j1KGc49DeXMPapw0T1Wcts9
DDzUPc2LzD30cc899JPTPUfLzz1NJdQ9IK/SPfaz0z2Wsds9fk3NPfYBzj1n2NU9l9XePaFu
1D1cg9U97wvdPVWQ1j3fddA9NoTWPSSw2D3zNdo9drLePZPu0z1yBdw9iQrbPT5J4j32ld89
ypvaPdkw3T1bVOM9eNvdPekj4j015do9iMXfPaf92j2b+9s9zp/fPRbT2T028dc98bbdPdnp
5T1aNuA985faPdwo4z0kw909ej3XPQic2D1PQto9tVHhPRn73z2uPuU9vQ/fPT3Z5j1/H+U9
ws3iPaqo6z3bfdw9tQLiPZ1c4D0jbuI997LePaSE5D1Z1+09LPvhPdAR5j0m9eI9ZODlPccF
6z3QluU9YnDsPfmq5T1CM+M92j3rPeuT6T1nJuQ9qgDiPVbV9D08HOk9N/7sPZDB6z0lb+U9
y7TlPS/o5z0oAuY9Hf7uPYtZ5j0V/us9vHzyPYON7z2m1fI9nrHwPax18D3w9ug9jY7wPRFF
8T1KBfc953fkPW1F6z2Es+89JcHxPbF76T1d2e49/zvrPesm5z11W+89757vPc9d8D0ZV+o9
75PxPVms8D3rqO49Vpz1PagV+D3Q+vQ9zH7sPe7g7D10OfY9rcryPY3S8T1U3Pg9Y7/xPfWo
8j3eJvc9RgbxPVG/+T0BDfU99unyPRY98D10vfE9x3r3PYd89D1JR/o98Xb4PT4J+T3hIvk9
2VL6PXjU+D10nPw9jrbzPewE+j2VG/w9Baf5PSCd9z3Nvfg981ABPpIl+T37NAA+Wbr7PYri
+D1ZSfs9syb4PQQl+D2R4gE+RjEAPmiQ+z3LHv09+UH6PdcsAT6Izfs9a9n3PWo6AT5hRP09
88P5PSbc+z0qBAA+7CP/PdNF/z2y7gA+n/4BPt4v/D0RXQA+cRT+PcErAD5Jmv49NIwAPnyD
BD4GJgQ++SkDPoFeAD4Tvv49c34APvysAT78BAQ+EYgBPh1uBj4gQwM+uKIBPu3nAj6b3wI+
8SkBPuy7AT5K8QM+m6MBPiLSAz4NqAM+mBAFPh5HAT4YAf49ysUCPsxsAz7u5QQ+9WkEPr8B
Aj5F4AU+67UDPtiyAD7W6AM+7WL/PXyDBT6Y9gM+910BPkgeBT6xCgg+7QIFPhyqAz5cmAU+
Jc0DPpNgBT7UQAQ+4ekDPuBWBT78AQQ+0cIIPubeBj7szgQ++VYGPjsTBD4nKgM+o6ILPpJV
BD7NTQU+4mUIPhTiAT7fQgc+oOgFPiiYAz6FVwQ+QIcFPjDKAj6vswk+a14HPrnOAz4hDQg+
0+UHPhkeBz4mvgo+bZQGPhrlCj4DGwg+5vgGPnDwCj4/0Qs+LpsFPsB3Bz4e+wo+cmcFPsfg
CD4/HA0+HT0LPolYCj69fQk+m5oIPmwmDD6cCgw+jmcLPhDeBz7IDQQ+QjcLPpCkBT6P0gc+
mocLPr2sDT436Ao+1jUKPotzCD515Ak+wDANPuiMDT5v/Q4+d40MPnyCDT6Fbgw+TfsNPvE9
CT4xOww+70wNPgPPDD6mvQY+yrALPo9aDj6H2Qk+ZA0OPqvqCz5Fpwo+WEEMPv5XDj5ppg4+
R7gNPp3cCj6KwAo+UP8LPjtdCT6XoA0+y9sOPk2RDz5GGg8+8voPPraNDj5euQ0+gN0OPufh
Dj4rUA0+s08RPt/lDD7b8A4+0PcMPuPtDj6OhhI+D94PPiyRDz7dqg8+d44NPm0FDD4LJQw+
sUMNPu1yED73Pw8+gIUKPkfwDz7G5hA+gEwJPr10ED6f1gs++SMOPkKJET6ipg0++zESPhig
Ej7YDg8+uNAOPmZnET7ZNg8+OyYPPpO3FD5FcRI+EvsRPhXZDT4ibw0+mjAPPrL1ET7PtBM+
F08SPsCQEj4z3BE+R3cTPvUnFD4aIRI+hJESPgUFEj4zrBY+6aQSPs3uEj4h0w8+1EoUPlCb
FD5SmRE+EDsRPiFgEz6jGxY+ASwUPtTbET7yKhI+aOsVPszlFz6kDhM+Uh0UPoGdEj5dYxI+
6kUXPkl0GD7s5hM+o5wZPkfUFD40EhU+brwRPlkoFz4y3xc+zKMVPv9uFT471w8+JCoUPt+H
Ej416RU+jBwYPvggFz60iBM+APwWPiy1Fj7VgBQ+zCoWPuAAEj4uDxc+U9YWPg5bFT5qcBY+
NGUWPqNoFD51GhY+KKsXPnYeFj7MuBU+nMYXPndfGD6tmxM+WyAXPg/CFT6I3RU+Q+wYPvTy
GD5R7Rw+WQAWPkf0GT7tyBc+/+sXPlrVFD7NrRg+5x0ZPjtyFT4i8RU+k6kaPoQPFj7njBo+
PYEXPmYLHD6hYxs+9ncaPnWYFj7Jfxo+XN4XPiMcGz5RlBU+8GcbPq+bGj5kABg+eu0YPuWe
Gj7zDBs+E9IWPqchGD7G8xs+zUAXPmYjGj5o8Rc+ZNMePgNBGD5Tohs+Rz8dPhGyFz7KER0+
FNQXPr3FHD4hIBw+c6UYPozKHT5LOho+Nz0ZPlJ/Gj6E6Rc+aN8YPhBRGT4W4hs+Ic0YPvFL
Gz4wxRY+GcoaPhZkHT6qkBo+roEbPiXPGT50ghw+VuUbPhl5Hz5kriA+nR4dPgAiHT6+lRo+
gsscPoRXHz5rtxk+Kk8dPn4/Hz7wLB0+uA8dPuwDGz6C8xc+WPMbPibeGT7hdRw+FoEdPgOh
Hz4w3xc+XoYcPsRYID7pUxs+SkkdPq6WHz7vHxw+1GwZPnsCHz6qfx4+sZ4dPj15HT6+XR4+
QQEfPqBeGj6qOx8+W8wgPsj9Hz6a6h8+JqwjPo6FHT5TMCE+F0AfPsZTHj4fmx8+KqcgPpey
Hz4LRCA+3KAjPknSID7cKR8+9BkkPpC6IT6h0yQ+GkIgPoPbID65/h8+reAgPnBTID6o7iA+
OpwcPqKSIj5LPCE+/DUgPu7tIT58JiI+T4MgPnyBHD559CE+y68iPmymIz5DSR0+xMohPpBq
ID79QB4+u24iPo77Ij5PciM+U54gPj8VIT5cWCE+xW4hPn3kIj6vzSM+NPQfPt7YIz4AmCI+
PtgjPsPKIT7PiiQ+gJ4gPk3vID78xyI+</AssayYData></Step><Step><CommonData><SampleLocation>4</SampleLocation><SampleID>AB</SampleID><SampleGroup></SampleGroup><SampleInfo>in Running Buffer</SampleInfo><SampleRow>H</SampleRow><SamplePlate>1</SamplePlate><WellType>KLOAD</WellType><Concentration>0.15</Concentration><ConcentrationUnits>µg/ml</ConcentrationUnits><MolarConcentration>150</MolarConcentration><MolarConcUnits>nM</MolarConcUnits><MolecularWeight>-1</MolecularWeight><Temperature>30</Temperature><StartTime>489660</StartTime><AssayTime>20</AssayTime></CommonData><FlowRate>1000</FlowRate><StepType>LOADING</StepType><StepName>Loading</StepName><StepStatus>OK</StepStatus><ActualTime>20</ActualTime><CycleTime>0.2</CycleTime><AssayXData Points="100">vv/RQ1gZ0kPQMtJDi0zSQwRm0kO+f9JDN5nSQ/Gy0kOLzNJDBObSQ77/0kNYGdND8TLTQ2pM
00MkZtNDnX/TQ1iZ00PQstNDi8zTQwTm00O+/9NDWBnUQ9Ay1ENqTNRDBGbUQ51/1EM3mdRD
8bLUQ4vM1EMk5tRDvv/UQ5kZ1UPxMtVDakzVQyRm1UOdf9VDN5nVQ/Gy1UNqzNVDJObVQ77/
1UM3GdZD0DLWQ4tM1kMkZtZDnX/WQzeZ1kPQstZDaszWQwTm1kOd/9ZDNxnXQ/Ey10NqTNdD
JGbXQ51/10M3mddD0LLXQ2rM10Mk5tdDnf/XQzcZ2EPQMthDi0zYQwRm2EOdf9hDN5nYQ9Cy
2ENqzNhDBObYQ53/2EM3GdlDEjPZQ4tM2UMEZtlDnX/ZQzeZ2UPxstlDi8zZQwTm2UO+/9lD
NxnaQ/Ey2kOLTNpDBGbaQ75/2kNYmdpD8bLaQ4vM2kMk5tpDvv/aQ1gZ20PxMttDi0zbQyRm
20O+f9tDWJnbQ/Gy20OLzNtDJObbQw==</AssayXData><AssayYData Points="100">c2IXPm1vGD7zShY+T7YZPlmnGz4Nhhw+atkdPq4qGz4FKhk+4bsfPrZ3ID4TiCE+5OkhPiUa
IT6VCyQ+cVUePk6AIz66xSA+RxIhPkuDIT7/JiY+cuUhPgh3Hz5TJyM+d6UfPtOKIj7v/yE+
EiUnPlHXIz5NvCU+oCMiPuMgJz7cQCc+ilUiPhSCJz4IqiU+WOklPiz9Ij59YyY+ilUmPluA
Jj72fiA+JXsmPi2HIz4oyyU+NZ0iPoIRJj5yEyQ+Gx4oPsvBJT48viU+r/AnPoUEIT7yBSs+
6IAkPntzKD7xtCk+CyskPqQGJz4nESM+MoIlPs9XJD7VAic+kzApPuStJj55bCg+HTQqPvi+
Iz5H8iY+GhYsPv8qKD7zoSw+VIsoPv1nKT45iyk+pCcnPgaCKT6VtCg+cggpPsjeKD6HoCk+
FTcpPjXxJT63bSk+HgcpPoIEKj6MZSY+D/gpPrfeJj6p/ig+BEsoPmgpKT5ASyw+1s0qPpfP
MT4fRyw+yUctPmycKT7RMCg+sOcoPg==</AssayYData></Step><Step><CommonData><SampleLocation>5</SampleLocation><SampleID>BB</SampleID><SampleGroup></SampleGroup><SampleInfo></SampleInfo><SampleRow>H</SampleRow><SamplePlate>1</SamplePlate><WellType>BUFFER</WellType><Concentration>1.25</Concentration><ConcentrationUnits>µg/ml</ConcentrationUnits><MolarConcentration>1250</MolarConcentration><MolarConcUnits>nM</MolarConcUnits><MolecularWeight>-1</MolecularWeight><Temperature>30</Temperature><StartTime>516958</StartTime><AssayTime>60</AssayTime></CommonData><FlowRate>1000</FlowRate><StepType>BASELINE</StepType><StepName>Baseline 60</StepName><StepStatus>OK</StepStatus><ActualTime>60</ActualTime><CycleTime>0.2</CycleTime><AssayXData Points="300">vv/bQ1gZ3EPQMtxDi0zcQyRm3EO+f9xDN5ncQ/Gy3EOLzNxDBObcQ77/3ENYGd1D8TLdQ4tM
3UMkZt1DnX/dQ1iZ3UPQst1DaszdQwTm3UO+/91DWBneQ9Ay3kNqTN5DJGbeQ75/3kNYmd5D
0LLeQ4vM3kMk5t5Dvv/eQ1gZ30PxMt9DakzfQyRm30O+f99DeJnfQ9Cy30OLzN9DBObfQ53/
30O6GeBD8TLgQ2pM4EMEZuBDnX/gQzeZ4EPxsuBDi8zgQwTm4EOqAeFDWBnhQ/Ey4UOLTOFD
JGbhQ51/4UNYmeFD8bLhQ4vM4UMk5uFDvv/hQ1gZ4kPQMuJDDk3iQwRm4kOdf+JDN5niQ9Cy
4kNqzOJDJObiQ77/4kNYGeND8TLjQ4tM40MEZuND33/jQ1iZ40PQsuNDaszjQyTm40Od/+ND
NxnkQ9Ay5EOLTORDRWbkQ75/5EM3meRD0LLkQ2rM5EME5uRDvv/kQzcZ5UPQMuVDzEzlQwRm
5UOdf+VDN5nlQ9Cy5UOLzOVDBOblQ53/5UM3GeZD0DLmQ2pM5kMEZuZDnX/mQzeZ5kPQsuZD
aszmQyTm5kNBAOdDWBnnQ9Ay50NqTOdDJGbnQ51/50NYmedD8bLnQ2rM50Mk5udDvv/nQ1gZ
6EPxMuhDakzoQyRm6EO+f+hDWJnoQ/Gy6EOLzOhDJOboQ77/6ENYGelD8TLpQ4tM6UMkZulD
vn/pQ1iZ6UPxsulDi8zpQyTm6UO+/+lDmRnqQ9Ay6kOLTOpDJGbqQ75/6kNYmepD8bLqQ2rM
6kMk5upDvv/qQ1gZ60PxMutDi0zrQyRm60O+f+tDWJnrQ9Cy60OLzOtDBObrQ77/60NYGexD
8TLsQ2pM7EMkZuxDnX/sQzeZ7EPxsuxDaszsQyTm7EMmAe1DWBntQ/Ey7UOLTO1DJGbtQ51/
7UNYme1D0LLtQ4vM7UMk5u1Dvv/tQ1gZ7kPQMu5DakzuQwRm7kO+f+5DN5nuQ9Cy7kNqzO5D
BObuQ53/7kM3Ge9D8TLvQ4tM70MkZu9Dvn/vQzeZ70Pxsu9DaszvQwTm70Od/+9DNxnwQ/Ey
8ENqTPBDBGbwQ51/8EM3mfBD8bLwQ4vM8EME5vBDvv/wQzcZ8UPQMvFDi0zxQyRm8UO+f/FD
WJnxQ/Gy8UNqzPFDJObxQ53/8UM3GfJD0DLyQ4tM8kMEZvJDnX/yQzeZ8kObtPJDaszyQwTm
8kO+//JDmRnzQ/Ey80NqTPNDJGbzQ51/80M3mfND0LLzQ2rM80ME5vNDvv/zQ1gZ9EPQMvRD
akz0QwRm9ENogfRDN5n0Q9Cy9ENqzPRDBOb0Q77/9ENYGfVD8TL1Q2pM9UMEZvVDvn/1QzeZ
9UPQsvVDi8z1QwTm9UO+//VDmRn2Q9Ay9kOLTPZDRWb2Q75/9kNYmfZD8bL2Q4vM9kMk5vZD
/gT3Q1gZ90PxMvdDi0z3QyRm90O+f/dDWJn3Q/Gy90OLzPdDJOb3Q77/90NYGfhD8TL4Q4tM
+EMkZvhDvn/4Q1iZ+EPQsvhDi8z4QwTm+EO+//hDWBn5Q/Ey+UOLTPlDJGb5Q75/+UNYmflD
17P5Q2rM+UMk5vlD</AssayXData><AssayYData Points="300">pCrqPsGg+D6w7/s+xY39PsOQ/j6lp/0+K47/Prv/AT/pLQE/4MAAP++VAT/XEwI/ho8BPyco
Az/wVQM/QtsCPyaOAz8fzAM/IOgDPw1YBD/I4AM/Er4EP/HWBT/xrwU/JokGP1zxBT+Q0wY/
F8oGP9zqBj/z7gc/D8MHPxWNBz8O6gc/N3MIP0bNBz/skwg/tkoIP3XlCD98VAg/ztAJP+GX
CD8HLQk/waYIPy6DCT+Qdwk/RZ4JPyNZCT8s1gk/odQJPxZzCT8o4gk/2O0JPx+RCj/+Ago/
VU4JP0xtCj/Xswo/s+8JPzOzCj9o9Qo/yS8KPzE1DD9Uggo/fU4LP3jkCT82cwo/sd4KPy3D
Cj8vcws/owALP83gCj+epww/rskKP4rTCT/MfAo/374KP1xBCz/WZAs/lmULP19jCj/R+Qo/
o+MKP1JLCz8tcAo/qIYLP4SNCz+X4Ao/oFQLP5fpCj/KGAw/CqoLPxH+Cz8z5ws/vYALP/VV
Cz/fLws/LecLP/3mCj/Y+gs/lSALPwe8Cj8IAAs/X0QKP+xdCz8J8wo/4isLP2CpCj/BNQs/
w4QKP+PYCz9i+go/AHQKP9bBCz9uTgs/mJ8KP/bkCz+6dAs/DjwLP/9ODD8oEQs/5XsKPxjO
Cj/qaAs/4SYLP4wuCz/xyww/hIcLPwRRCz9hOwo/8LwKP8+yCj8EtQs/zQQLP81UCz+BcQk/
os0KP4HoCj/gqAo/GZIKP/g7Cz9XQQs/z2YKP/SjCj8jSAo/La0KP51SCj9i2Ao/OgsLP4zJ
Cj/qfgs/BzgLPwOoCj/h2Ao/wbUKP6yBCj8XEAs/X64KP9dbCz8VPAs/AUsLPwDsCj9wwQo/
lfIKP2DKCT8X5go/ng0LPybGCj/Kvgo/9LsKP+bvCj9rPAo/lYMKP6Y2Cj+OIQs/B/MKP+le
Cj8rfQo/VJcKPw32CT/aCws/mXUJPwAyCj8TEQs/llcKP6W5Cj9dHQo/e/cKP8QXCj+tAAo/
yTkKP6b7CT9D/wo/xocKP6paCz/8hAo/Ng4KP9hbCT8uywk/46QKPw+OCj8SPwo/DfQJP11s
CT+qPQk/kBcKPw8kCj8DCQk/hCsLP1pkCj+BiQo/ITUKPxKGCT9/Ygo/wgoKPy32Cj/EqQo/
btIKP1TeCT/onAo/NzoKPyGPCj/Qhgo/OAAJP3BWCj90Zgo//K4IP3hUCj/Jggk/o1gJP3Ws
Cj8NQwo/rz0KP9W7CT/fEwo/rfUIPwphCj/XlAk/PAUKP4FDCj8Ylwk/9ugJPxjtCD881gk/
19cKPz6mCT84Ngk/fNcJPxW1CT9tuwk/mMoJP/NOCj994wg/fpoJPxkOCT/TKwk/VG0JPzKS
CT/csAk/wJwJP9xiCT+G+wg/zCQIP5NtCT9DhQk/3KUJP7d7CT9MQgk/t90IP9buCD+dWwg/
TrEJPynNCD9Eugg/Q4UJPyvlCD9olgg/E/8HP1XeCD/Kawk/+zYJP2xYCT8BKwo/wiUIP4Y1
CD9zZAg/0HsIP9ZcCD/kwgg/DCAIPzmDCT9beQg/DUcJP6I9CD8wggk/1DkJP46PCD/uNgg/
bQIJP9byCD+Uwwg/</AssayYData></Step><Step><CommonData><SampleLocation>6</SampleLocation><SampleID>Running Buffer</SampleID><SampleGroup></SampleGroup><SampleInfo>in Running Buffer</SampleInfo><SampleRow>H</SampleRow><SamplePlate>1</SamplePlate><WellType>BUFFER</WellType><Concentration>-1</Concentration><ConcentrationUnits>µg/ml</ConcentrationUnits><MolarConcentration>-1</MolarConcentration><MolarConcUnits>nM</MolarConcUnits><MolecularWeight>-1</MolecularWeight><Temperature>30</Temperature><StartTime>584771</StartTime><AssayTime>20</AssayTime></CommonData><FlowRate>1000</FlowRate><StepType>BASELINE</StepType><StepName>Baseline 20</StepName><StepStatus>OK</StepStatus><ActualTime>19.999</ActualTime><CycleTime>0.2</CycleTime><AssayXData Points="100">vv/5QzcZ+kPQMvpDi0z6QyRm+kOdf/pDN5n6Q9Cy+kNqzPpDJOb6Q53/+kM3GftD0DL7Q2pM
+0PpZvtDnX/7QzeZ+0PQsvtDasz7Q6fm+0Od//tDNxn8Q9Ay/EOLTPxDJGb8Q51//EM3mfxD
0LL8Q4vM/EME5vxDnf/8Q4sc/UPQMv1Di0z9Q0Vm/UOdf/1DHJr9Q/Gy/UNqzP1DBOb9Q53/
/UN4Gf5D8TL+Q4tM/kMkZv5Dvn/+Q1iZ/kPxsv5Di8z+QyTm/kO+//5DWBn/Q/Ey/0MvTf9D
JGb/Q75//0NYmf9D8bL/Q4vM/0Mk5v9Dnf//Q6wMAESJGQBERSYARBIzAETPPwBErEwARHlZ
AERFZgBEEnMARN9/AESsjABEeZkAREWmAEQSswBEUsAARKzMAER52QBEReYARBLzAETf/wBE
rAwBRHkZAUQ1JgFEEjMBRN8/AUSbTAFEeVkBREVmAUQScwFE338BRKyMAUR5mQFERaYBRAKz
AUTfvwFErMwBRGjZAURF5gFEAvMBRA==</AssayXData><AssayYData Points="100">Wje/PmQWgz4/D0Y+icYpPkFtGj7kEBg+BTsTPmbMFD419xA+lE8WPjnKFT6FoBY+xGAVPpsn
FT5vmBs+rKAcPvIHHT4kcBw+Q8EcPnBgHT6Ajx8+I6scPlEHHj6jEhs+LMQcPo5dIT50bCA+
sgwiPgxMIj5GxiE+axUjPhnHID6TJSM+zhofPg+0Iz59bCE+aociPh35Jz5YPyU+G1UoPo8F
JT6TlyM+GUEkPuYLJT4utSU+zbInPvRiJz5F4CI+zCsnPkLCKD5kbSg+bEokPr8BLD7gQyc+
QswlPtMCJD5ieSY+RuYlPhrXKD4y5Sg+zd4oPtMRKD5mqCc+g4wkPl+zJj6CECU+/iAqPthW
Jj5MuSc+XdQnPgbMLj7hwyo+HTgqPmuQJz6Qmic+iBApPsjNKz6nwSk+0ZsqPpXcKD4euSs+
fSAqPnRuKz7hzig+oT4pPp+uKD4yCCw+Os0rPq4qLD6TUSw+5+gsPm0aLT6JrSw+iBwpPs1G
Jz59Vis+KgAtPtbsKj7HnCw+W1osPg==</AssayYData></Step><Step><CommonData><SampleLocation>7</SampleLocation><SampleID>aKappa 50ug/ml</SampleID><SampleGroup></SampleGroup><SampleInfo></SampleInfo><SampleRow>H</SampleRow><SamplePlate>1</SamplePlate><WellType>KSAMPLE</WellType><Concentration>-1</Concentration><ConcentrationUnits>µg/ml</ConcentrationUnits><MolarConcentration>-1</MolarConcentration><MolarConcUnits>nM</MolarConcUnits><MolecularWeight>-1</MolecularWeight><Temperature>30</Temperature><StartTime>613075</StartTime><AssayTime>120</AssayTime></CommonData><FlowRate>1000</FlowRate><StepType>ASSOC</StepType><StepName>Association</StepName><StepStatus>OK</StepStatus><ActualTime>119.999</ActualTime><CycleTime>0.2</CycleTime><AssayXData Points="600">z/8BRJwMAkRpGQJENSYCRAIzAkS/PwJEnEwCRGlZAkQ1ZgJEE3MCRM9/AkScjAJEaZkCRDWm
AkQCswJEz78CRJzMAkRp2QJENeYCRALzAkTP/wJEnAwDRGkZA0Q1JgNEAjMDRL8/A0ScTANE
u1kDRDVmA0TycgNEz38DRIuMA0RYmQNENaYDRAKzA0S/vwNEnMwDRFjZA0Q15gNEAvMDRM//
A0ScDAREWBkERDUmBEQCMwREzz8ERJxMBERYWQRERmYERERzBETPfwREnIwERGmZBEQlpgRE
ArMERM+/BESczAREmtkERDXmBETy8gREv/8ERIsMBURpGQVENSYFRPIyBUTPPwVEi0wFRFhZ
BUQ1ZgVEAnMFRM9/BUSLjAVEaZkFRCWmBUTysgVEv78FRJzMBURp2QVENeYFRPLyBUS//wVE
iwwGRGkZBkR3JgZE8jIGRL8/BkScTAZEWFkGRCVmBkTycgZEv38GRIuMBkRYmQZEJaYGRAKz
BkTPvwZEi8wGRFjZBkQl5gZE8vIGRM//BkSLDAdEWBkHRCUmB0TyMgdEN0EHRJxMB0RYWQdE
NWYHRBNzB0S/fwdEnIwHRFiZB0QlpgdE8rIHRL+/B0SLzAdEWNkHRCXmB0QC8wdEv/8HRIsM
CES7GQhENSYIRPIyCETPPwhEi0wIRFhZCEQ1ZghEAnMIRL9/CESLjAhEaZkIRCWmCEQCswhE
z78IRIvMCERp2QhENeYIRALzCETP/whEnAwJRGkZCUQ1JglEZDMJRM8/CUScTAlEaVkJRGdm
CUQCcwlEz38JRJyMCURpmQlENaYJRAKzCUTPvwlEnMwJRInZCUQ15glEAvMJRM//CUTdDApE
aRkKRDUmCkQCMwpEzz8KRM1MCkRYWQpENWYKRAJzCkTPfwpEnIwKRGmZCkQ1pgpEArMKRL+/
CkSczApEadkKRDXmCkQC8wpEz/8KRJwMC0RYGQtEdyYLRPIyC0TPPwtEnEwLRFhZC0Q1ZgtE
8nILRM9/C0ScjAtEWJkLRDWmC0QCswtEv78LRJzMC0Rp2QtENeYLRPLyC0S//wtEnAwMRFgZ
DEQlJgxEAjMMRM8/DEScTAxEWFkMRDVmDETycgxEv38MRIuMDERYmQxENaYMRPKyDES/vwxE
i8wMRHnZDEQl5gxE8vIMRL//DEScDA1EqhkNRCUmDUQjMw1Ezz8NRJxMDURYWQ1EJWYNRPJy
DUS/fw1Ei4wNRFiZDUQlpg1E8rINRM+/DUSczA1EadkNRCXmDUTy8g1Ev/8NRIsMDkRYGQ5E
JSYORAIzDkTPPw5Ei0wORFhZDkQlZg5E8nIORL9/DkScjA5EupkORCWmDkTysg5Ez78ORKzM
DkRY2Q5EJeYORPLyDkS//w5EiwwPRHkZD0QlJg9EAjMPRL8/D0SLTA9EeVkPRDVmD0Tycg9E
v38PRIuMD0RYmQ9EJaYPRPKyD0TPvw9EnMwPRGnZD0Q15g9EAvMPRM//D0ScDBBEaRkQRDUm
EEQCMxBEzz8QRJxMEESaWRBENWYQRAJzEETPfxBEnIwQRGmZEEQ1phBEArMQRN+/EESczBBE
adkQRCXmEEQC8xBEIQARRJwMEURpGRFENSYRRAIzEUTPPxFEi0wRRGlZEUQ1ZhFEAnMRRM9/
EUScjBFEWJkRRDWmEUQCsxFEz78RRIvMEUS62RFENeYRRALzEUS//xFEnAwSRGkZEkQ1JhJE
8jISRM8/EkScTBJEaVkSRDVmEkQCcxJEv38SRJyMEkRpmRJENaYSRPKyEkSDwBJEi8wSRFjZ
EkQ15hJEAvMSRL//EkSLDBNEWBkTRCUmE0QCMxNEzz8TRItME0RpWRNENWYTRPJyE0TPfxNE
i4wTRGmZE0QlphNEArMTRM+/E0T+zBNEWNkTRCXmE0QC8xNEz/8TRM0MFERYGRREJSYURPIy
FES/PxREi0wURFhZFEQ1ZhREAnMURM9/FEScjBREWJkURDWmFETyshREv78URIvMFERp2RRE
VuYURPLyFETP/xREiwwVRFgZFUQlJhVE8jIVRL8/FUSLTBVE7FkVRCVmFUTychVEv38VRIuM
FURYmRVEJaYVRAKzFUS/vxVEi8wVRFjZFUQl5hVE8vIVRPD/FUSLDBZEWBkWRCUmFkQCMxZE
zz8WRItMFkRpWRZEJWYWRAJzFkS/fxZEi4wWRFiZFkQlphZE8rIWRM+/FkSLzBZEadkWRDXm
FkQC8xZEz/8WRJwMF0RpGRdENSYXRAIzF0TPPxdErEwXRGlZF0Q1ZhdE8nIXRM9/F0ScjBdE
aZkXRDWmF0QCsxdEz78XRJzMF0Rp2RdENeYXRETzF0TP/xdEnAwYRGkZGEQ1JhhEAjMYRM8/
GEScTBhEaVkYRDVmGEQCcxhEz38YRJyMGERYmRhENaYYRAKzGES/vxhEvcwYRFjZGEQ15hhE
AvMYRL//GESLDBlEaRkZRDUmGUQCMxlEvz8ZRJxMGURpWRlEJWYZRPJyGUS/fxlEnIwZRGmZ
GUQ1phlE8rIZRL+/GUSczBlEadkZRCXmGUQC8xlEz/8ZRIsMGkRYGRpEJSYaRAIzGkS/PxpE
rEwaRGlZGkQ1ZhpE8nIaRL9/GkScjBpEaZkaRDWmGkTyshpEz78aRJzMGkRp2RpENeYaRPLy
GkTP/xpEiwwbRFgZG0QlJhtEAjMbRM8/G0ScTBtEWFkbRDVmG0TychtEv38bRJyMG0RYmRtE
NaYbRPKyG0TPvxtEi8wbRJrZG0Ql5htEAvMbRL//G0SLDBxEWBkcRCUmHETyMhxEvz8cRItM
HERYWRxEJWYcRAJzHES/fxxEi4wcRFiZHEQlphxEE7McRL+/HESLzBxEWNkcRLjmHEQC8xxE
z/8cRIsMHURpGR1EJSYdRAIzHUS/Px1EnEwdRFhZHUQlZh1EAnMdRL9/HUSLjB1EWJkdRDWm
HUQCsx1Ev78dRIvMHURp2R1ENeYdRALzHUTP/x1EnAweRGQbHkQ1Jh5EAjMeRM8/HkScTB5E
aVkeRDVmHkQCcx5Ez38eRJyMHkRpmR5EVqYeRAKzHkS/vx5EnMweRFjZHkQ15h5EAvMeRL//
HkScDB9EaRkfRDUmH0QCMx9Ezz8fRItMH0RpWR9ENWYfRAJzH0RCgB9Ei4wfRGmZH0Q1ph9E
ArMfRN+/H0SczB9EWNkfRCXmH0Ty8h9E</AssayXData><AssayYData Points="600">CRSyPi8BzT599ts+LT/gPjvV3z52gt8+sMfhPlxx4D76xN4+O7rfPkj23T4WQt4+HnfcPsKr
3T41Xts+SQnePibG2j4K2Ns+DK/bPmDv2z7GP9w+UZfaPjPo2j4mv9o+N7TZPrJQ2z75gNs+
Y+7aPi0w2j47b9k+uFXZPkxc2T6A7dc+8G/YPgxn2j4I0Nc+o9PZPv9D2T71/NU+vVzYPrFB
2T4Xwdk+RHPZPoPt1j7MANo+w5zZPqRz2T7Gz9k+FXvXPvd+2D40Utg+QbXYPuYr2D7JMtg+
JzbYPj8v2T4nrtc+r5HWPpEK1j5QIdg+nTrYPmB+1z6EqNc+8v/XPveT2D6wKtg+rebXPuPI
1j5oZNc+arrZPtd22T614dc+v6jYPkah2D5UXdk+lwrXPgym1D799Nc+9lLXPrUp1j7ySNc+
BKLVPv961z5F49Y+IhbZPpH11z7Ritc+7HLWPol92D5pyNc+4b/XPvki2T6uktU+/UnWPjuu
1T4BFNY+OhLXPhuO1j7Et9Y+OnHWPiYa1z5hgdY+sXbVPvDJ1j7mPdc+fd7YPijT1j6LYNQ+
U4PVPp5x1j5L/9c+L1HYPtBi1j5/HNc+u4nVPjWZ1j4+/dY+GEjWPtKc1T6wItc+N9DWPoqc
1z6RtdY+5j/YPinq1T5iTNY+cg3WPnqi1z5e2dc+jPvVPrOx1D4hJtU+WDnYPvad1z7dGdY+
H+rXPt/91j77cNU+nJXWPmkF1z5CR9c+gTzWPkWJ1j4fYNg+FqjVPhYk1z7hUNQ+xGPXPsus
1D5I3dY+XifWPphX1z6eg9c+n+HWPkA91T5Lu9U+YIjVPm9t1z4cQNU+oAnVPjO+1z5xjNY+
tYbXPr7U1T4GqdU+OCzVPmE01j47HNg+c5LWPgYZ1j47/dY+N7nVPkRa1T4c4dU+hEDWPnbu
1T5/3Nc+Y2PWPmK21T5D0tQ+NADWPmHx1j5/yNY+vJbVPkkA1j6BP9Q+CBzXPqGi1z7Vr9c+
S5jUPsZz1j7yZ9c+ozfXPlE81j7y8NU+YGTWPoa51z7hJdU+kwjZPj2x1j6LrNY+cEvXPjlF
2D5CgNU++5fVPmB+1T7vYdY+U37UPmkK1T7hFtc+hSXWPhBz1j7W5dU+AlLUPoUi1j5g+dY+
txvWPhWB1j6TYNg+6bfWPuoC1j7fSNY+iF/WPrXw1T70odY+NEPVPtyW1z6gWdU+MWXTPoKf
1j7kONc+OtDZPhox1T6qCNU+7HvXPsbz1D5ob9c+AcfWPqq61z7VO9Y+bhvWPsT71T7dptU+
qvrWPo0T1z6eENY+1tXVPhQP1z7FNNc+2YXXPrRe1j5zmNU+Ym3XPlfs1T7SuNU+AODVPg8C
2D7UUdY+MLPXPi8b1j6FmNY+ltDXPgim1j4JUtU+vnnVPghN1j4U/9Q+6LvWPoIU1j6u89Q+
+l/YPipD1z4DfdU+k+vVPvyZ2D59ddg+GQjYPl4W1z6y/Nc+19rVPqNW1j5e6NY+TvXXPpGH
1j5Sudc+Qe/XPsYA2D4H1tc+/BXYPoL41j54Zdc+7+7ZPlV21j5D8tU+oinVPvVS2D52WNc+
wDLWPvmE2D7SVtc+30HXPnOr1T5CidY+aozXPti01j4H49Y+kk/YPnps1T41ptY+QkTYPssU
2D4YJtg+N57XPpZm1j6dENc+2zHWPhFf1z5WTdc+TB/XPivA1z6T+tY+SajYPnK71z7aXNk+
fzvWPuat1T4/qtU+mtPXPlji1D5+Fdc+IUzXPiyR1z4Vadg+F8jXPkKz2D5hitU+/VTXPr3k
1j5xbNk+qbDYPrwg2D4NPtc+h97YPv0P1z41+9c+6N7XPrON2D7159Y+dt/YPhfc2D5zbdg+
WlHXPpnb2T7jfdU+esDXPizc2D61k9Y+BuXWPrnB1T7ym9k+C9HWPsMM2T6m3Nc+iaXYPobI
1j70+9g+orvWPlhM2D44V9g+virXPim82D53kNc+3HbXPrGm1z6Setc+lO7XPtNh2D7TY9c+
cdvYPsO32D4hANg+7JHXPrDS2T5MU9g+RNPZPiGO2T4xq9c+z27WPgvA2D4LsNY+HYjYPtqA
1z4JBtk+5lLZPmfI1z4lhdg+nAvXPtf31j63ftc+43vXPm5M2D5EvNo+ArbYPvJv2D7RKNk+
jL7XPnrC1z5ke9g+vs3YPs2t2T62ydk+LYnXPiAo1z6GONc+fTbZPvRa2D6tjtg+bULYPjt6
2T6JQNk+1brXPkb/1j7yHdg+A2bYPnSQ1j4pDdg+27zXPqbs1z7U29g+1FfZPtcp2D44Tdg+
b6bYPl2s2T5Ld9g+ZxrZPuZN2T54Fdg+SE3YPh7E2D66z9c+ALPaPktW2D4oVdo+6MbZPhyV
2D4LJNc+YlbYPtTC2D5YE9k+IoLZPquU2D4aedg+pJHYPuF12D6am9c+LIXYPu8c2D4Cq9k+
ESPYPiO42D5k6Ng+qEHaPvq12T7zO9g+LfbZPnYF2T4yB9g+/5zWPnY/2D7Jpdg+MwrYPs9u
1z7PEto+fgzZPpa72D60cdk+PA7ZPtfv2D7vltc++AzaPt3L2T4sdNg+fhXZPoJY2T4AVNk+
JHLZPtTZ1z6YBNg+DzHYPn4Q1z4eOdo+v63YPmyw2T6iANs+hYPZPnEC2T69wNc+ixfaPiL4
2j63Ktk+3C7aPoQA2j65Ydk+DzTaPj8S1z6ZT9o+qnXaPgXd2D46j9g+2izYPpmd2z6JQNo+
B0zYPm5q2T7i6ts+Ju7XPjHZ2D7lz9k+UhzXPjF/2T7bNtk+9PzYPsWM2T6zwdg+zDzYPhy4
2D6/WNk+ewbZPrkk2j6gD9g+zubZPsQS2D7MWNk+NjraPssu2j7ksdk+qHvaPpXd2T49vdk+
KozaPhEt2T55sNg+9BHaPgZ41z6ueNk+WjXaPvtA2j7zF9k+zIbZPvp52T6qKNg+fXbbPu9/
2z5madk+CwzYPsyk2j4ATNk+r4DYPtj92j60Ctc+sWDbPkKE2z6EfNo+6QPYPtPc2T75P9s+
TgTZPhPw1z6fl9k+DPrZPkym2D7vLto+cjXYPshb2D7kRNw+a+bZPkmK2T6Ep9g+dPzXPtF9
2D7Svtk+5UjaPhzV2D71Lto+SInYPoGx2z4Y2No+uT3aPseR2z7vztg+RsTZPtji2T7HtNo+
5gHZPg6I2j5SHto+2R7ZPipT2T7UANo+</AssayYData></Step></KineticsData></ExperimentResults>
