<?xml version="1.0" encoding="UTF-8" standalone="yes"?>
<ExperimentResults><ExperimentInfo Name="20250917 PE P5216 - 5377 plate 1 kappa 50 ugl"><ExpDescription>AHC example method - full characterization&#13;
Analyte titration series with reference channel</ExpDescription><RTDVersion>2.0</RTDVersion><RunID>3B9E1F69-E451-4552-8C9D-CFED4D62EEC8</RunID><ExperimentType>KINETICS</ExperimentType><ExperimentSubType>KBASIC</ExperimentSubType><StartDateTime>2025-09-17T14:59:30</StartDateTime><MachineName>BN7KX12</MachineName><UserName>octet</UserName><LotNumber></LotNumber><PlateName>250917</PlateName><PlateName2></PlateName2><SensorName>F3</SensorName><SensorPlate>1</SensorPlate><SensorType>AHC (Anti-hIgG Fc Capture)</SensorType><SensorRole>LIGAND</SensorRole><SensorInfo></SensorInfo><WritingSW>DataAcquisition.exe 11.0.2.1</WritingSW><InstrumentType>OctetRED96</InstrumentType><InstrumentSerial>FB-50284</InstrumentSerial><InstrumentFW></InstrumentFW><IntegrationTime>3.0</IntegrationTime><DSPType>CPF</DSPType><DSPStitching>1</DSPStitching><HasManifest>1</HasManifest><InfoHash>-1083794191</InfoHash></ExperimentInfo><AssayParamsInfo/><KineticsData><Step><CommonData><SampleLocation>1</SampleLocation><SampleID>Running Buffer</SampleID><SampleGroup></SampleGroup><SampleInfo></SampleInfo><SampleRow>F</SampleRow><SamplePlate>1</SamplePlate><WellType>BUFFER</WellType><Concentration>-1</Concentration><ConcentrationUnits>µg/ml</ConcentrationUnits><MolarConcentration>-1</MolarConcentration><MolarConcUnits>nM</MolarConcUnits><MolecularWeight>-1</MolecularWeight><Temperature>30</Temperature><StartTime>0</StartTime><AssayTime>180</AssayTime></CommonData><FlowRate>1000</FlowRate><StepType>BASELINE</StepType><StepName>Baseline 1</StepName><StepStatus>OK</StepStatus><ActualTime>179.999</ActualTime><CycleTime>0.2</CycleTime><AssayXData Points="900">AAAAAM3MTD7NzMw+mpkZP83MTD8AAIA/1XiZP28Ssz/NzMw/ZmbmPzvf/z/NzAxAmpkZQGZm
JkDRIjNAAABAQGq8TECamVlABFZmQDMzc0Ce739AZmaGQM3MjEACK5NAaJGZQAAAoEBmZqZA
nMSsQAIrs0BokblAAADAQDVexkCcxMxAAivTQGiR2UDP999ANV7mQJzE7EACK/NAmpn5QD81
AEEbLwNBTmIGQYGVCUG0yAxB5/sPQRsvE0FOYhZBgZUZQbTIHEHn+x9BMzMjQU5iJkGBlSlB
tMgsQef7L0FMNzNBTmI2QYGVOUHNzDxB5/s/QTMzQ0FmZkZBgZVJQc3MTEHn+09BMzNTQU5i
VkGBlVlBtMhcQef7X0EbL2NBZmZmQZqZaUHNzGxBAABwQTMzc0FmZnZBmpl5Qc3MfEEAAIBB
mpmBQTMzg0HNzIRBZmaGQQAAiEGamYlBMzOLQc3MjEFmZo5BAACQQZqZkUEzM5NBzcyUQWZm
lkEAAJhBmpmZQTMzm0HNzJxBZmaeQQAAoEGamaFBJzGjQc3MpEFmZqZBAACoQZqZqUFYOatB
wcqsQWZmrkEAALBBmpmxQTMzs0HByrRBZma2QQAAuEGamblBJzG7Qc3MvEFmZr5BAADAQZqZ
wUEzM8NBwcrEQVpkxkEAAMhBjZfJQTMzy0HBysxBWmTOQfT9z0GamdFBJzHTQc3M1EFmZtZB
AADYQZqZ2UEnMdtBzczcQVpk3kH0/d9BjZfhQTMz40HNzORBZmbmQQAA6EGamelBMzPrQcHK
7EFaZO5B9P3vQY2X8UEnMfNBzcz0QWZm9kEAAPhBjZf5QTMz+0HByvxBWmT+QfT9/0HHywBC
k5gBQmBlAkIzMwNCAAAEQs3MBEKamQVCZmYGQjMzB0L6/gdCx8sIQpOYCUJgZQpCLTILQvr+
C0LHywxCk5gNQmBlDkIzMw9CAAAQQs3MEEKamRFCYGUSQi0yE0L6/hNCx8sUQpOYFUJgZRZC
MzMXQvr+F0LHyxhCk5gZQmBlGkIzMxtC+v4bQsfLHEKTmB1CZmYeQi0yH0L6/h9Cx8sgQpqZ
IUJmZiJCOTQjQvr+I0LHyyRCk5glQmBlJkI5NCdCAAAoQsfLKEKamSlCZmYqQi0yK0IAACxC
zcwsQpqZLUJmZi5CMzMvQgAAMELNzDBCmpkxQmZmMkKiRTNCAAA0Qs3MNEKamTVCYGU2QjMz
N0IAADhCzcw4QpqZOUJmZjpCMzM7QgAAPELNzDxCk5g9QmZmPkIzMz9CAABAQs3MQEKamUFC
ZmZCQi0yQ0IAAERCzcxEQpOYRUJmZkZCMzNHQvr+R0LNzEhCmplJQmZmSkIzM0tC+v5LQs3M
TEKamU1CZmZOQjMzT0IAAFBCzcxQQpOYUUJmZlJCLTJTQvr+U0LNzFRCmplVQmZmVkIzM1dC
+v5XQsfLWEKamVlCZmZaQjMzW0IAAFxCzcxcQpqZXUJgZV5CMzNfQgAAYELHy2BCk5hhQmBl
YkIzM2NCAABkQsfLZEKTmGVCZmZmQqJFZ0IAAGhCx8toQpOYaUJgZWpCMzNrQvr+a0LNzGxC
mpltQmZmbkItMm9C+v5vQs3McEK4nnFCZmZyQi0yc0IZBHRCx8t0QpOYdUJgZXZCLTJ3QgAA
eELNzHhCk5h5QmBlekItMntC+v57QsfLfEKTmH1CZmZ+Qi0yf0L6/n9C42WAQkrMgEKwMoFC
F5mBQgAAgkLjZYJCSsyCQrAyg0IXmYNCff+DQuNlhEJKzIRCMzOFQheZhUJ9/4VC42WGQs3M
hkKwModCF5mHQn3/h0JmZohC5dCIQrYziUKamYlCff+JQuNlikJKzIpCMzOLQpqZi0IAAIxC
42WMQkrMjEKwMo1CHZqNQgAAjkJmZo5CSsyOQjMzj0KamY9CAACQQmZmkELNzJBCMzORQpqZ
kUIAAJJCZmaSQs3MkkIzM5NCmpmTQgAAlEJmZpRCSsyUQjMzlUKamZVCAACWQmZmlkLNzJZC
MzOXQpqZl0J9/5dCZmaYQkrMmEIzM5lCmpmZQgAAmkJmZppCzcyaQjMzm0KamZtCAACcQmZm
nELNzJxCMzOdQpqZnUIAAJ5C42WeQs3MnkIzM59CmpmfQn3/n0JmZqBCSsygQjMzoUIXmaFC
AACiQmZmokLNzKJCsDKjQpqZo0IAAKRCZmakQkrMpEIzM6VCmpmlQn3/pULjZaZCSsymQjMz
p0KamadCAACoQmZmqELNzKhCsDKpQheZqUJ9/6lCZmaqQs3MqkKwMqtCF5mrQgAArELjZaxC
SsysQjMzrUIXma1CAACuQuNlrkLNzK5CMzOvQheZr0IAALBC42WwQo3XsEKwMrFCF5mxQgAA
skJmZrJCSsyyQrAys0IXmbNCAAC0QmZmtEJKzLRCsDK1QheZtUJ9/7VCZma2QkrMtkKwMrdC
mpm3QgAAuEJmZrhCSsy4QrAyuUKamblCAAC6QuNlukJKzLpCsDK7QheZu0J9/7tC42W8QkrM
vEIzM71CF5m9Qn3/vULjZb5CSsy+QrAyv0IXmb9Cff+/QuNlwELTzcBCsDLBQheZwUJ9/8FC
ZmbCQkrMwkKwMsNCmpnDQgAAxELjZcRCSszEQrAyxUKamcVCAADGQuNlxkJKzMZCMzPHQpqZ
x0IAAMhCZmbIQs3MyEIzM8lCmpnJQgAAykJmZspCzczKQjMzy0KamctCAADMQmZmzELNzMxC
MzPNQpqZzUIAAM5CZmbOQkrMzkIzM89CmpnPQgAA0EJmZtBCzczQQrAy0UKamdFCAADSQmZm
0kLNzNJCMzPTQpqZ00J9/9NCZmbUQkrM1EIzM9VCmpnVQgAA1kJmZtZCzczWQjMz10IXmddC
AADYQuNl2EK43thCzzfZQpqZ2UIAANpCZmbaQkrM2kIzM9tCmpnbQn3/20LjZdxCzczcQjMz
3UKamd1CAADeQmZm3kJKzN5CMzPfQheZ30J9/99C42XgQs3M4EIzM+FCmpnhQn3/4UJmZuJC
zcziQrAy40IXmeNCAADkQmZm5EJKzORCMzPlQheZ5UJ9/+VC42XmQkrM5kKwMudCmpnnQgAA
6ELjZehCSszoQrAy6UKamelCAADqQmZm6kJKzOpCsDLrQheZ60IAAOxCZmbsQkrM7EKwMu1C
F5ntQn3/7ULjZe5CzczuQrAy70IXme9CAADwQmZm8EJKzPBCsDLxQheZ8UJ9//FCZmbyQkrM
8kIzM/NCF5nzQhID9ELjZfRCSsz0QrAy9UKamfVCff/1QuNl9kJKzPZCMzP3QheZ90J9//dC
42X4Qs3M+EKwMvlCF5n5Qn3/+ULjZfpCzcz6QjMz+0IXmftCff/7QuNl/EJKzPxCsDL9QpqZ
/UJ9//1CZmb+Qs3M/kKwMv9Cmpn/QgAAAEMzMwBDmG4AQ5qZAEPNzABDAAABQzMzAUNmZgFD
mpkBQ83MAUMAAAJDMzMCQ2ZmAkOamQJDzcwCQwAAA0MzMwNDZmYDQ1iZA0PNzANDAAAEQzMz
BENmZgRDWJkEQ83MBEMAAAVDMzMFQ2ZmBUOamQVDzcwFQwAABkMzMwZDZmYGQ5qZBkPNzAZD
AAAHQzMzB0NmZgdDWJkHQ83MB0O+/wdD8jIIQ2ZmCEOamQhDzcwIQwAACUMzMwlDZmYJQ+Ga
CUPNzAlDAAAKQ/IyCkNmZgpDmpkKQ83MCkMAAAtD8jILQ2ZmC0OamQtDzcwLQ77/C0PyMgxD
JWYMQ1iZDEPNzAxDvv8MQzMzDUMlZg1DmpkNQ4vMDUO+/w1D8jIOQyVmDkOamQ5Di8wOQ77/
DkMzMw9DZmYPQ1iZD0PNzA9Dvv8PQzMzEEMlZhBDWJkQQ4vMEEMAABFDMzMRQ/BnEUOamRFD
zcwRQwAAEkPyMhJDJWYSQ1iZEkOLzBJDvv8SQ/IyE0NmZhNDmpkTQ4vME0O+/xNDMzMUQyVm
FENYmRRDi8wUQ77/FEPyMhVDZmYVQ1iZFUOLzBVDAAAWQ/IyFkNmZhZDWJkWQ4vMFkMAABdD
8jIXQyVmF0NYmRdDi8wXQ77/F0PyMhhDZmYYQ1iZGEOLzBhDvv8YQ/IyGUNmZhlDWJkZQ83M
GUO+/xlDMzMaQ6hmGkOamRpDi8waQwAAG0PyMhtDJWYbQ1iZG0OLzBtDAAAcQzMzHENmZhxD
mpkcQ83MHEMAAB1DMzMdQ2ZmHUOamR1DzcwdQwAAHkMzMx5DZmYeQ5qZHkPNzB5DAAAfQzMz
H0NmZh9DmpkfQ83MH0MAACBDMzMgQ2ZmIENYmSBDzcwgQwAAIUMzMyFDZmYhQ5qZIUPNzCFD
AAAiQ/IyIkMlZiJDmpkiQ4vMIkMAACNDMzMjQ2ZmI0OamSNDzcwjQwAAJEMzMyRDZmYkQ5qZ
JEPNzCRDvv8kQzMzJUNmZiVDmpklQ83MJUMAACZD8jImQyVmJkNYmSZDi8wmQwAAJ0MzMydD
ZmYnQ5qZJ0OLzCdDvv8nQzMzKENmZihDmpkoQ83MKEO+/yhDMzMpQyVmKUOamSlDzcwpQwAA
KkPyMipDJWYqQ1iZKkPNzCpDAAArQzMzK0NmZitDmpkrQ4vMK0O+/ytD8jIsQyVmLEOamSxD
zcwsQ77/LEPyMi1DZmYtQ5qZLUPNzC1Dvv8tQzMzLkNmZi5DmpkuQ4vMLkO+/y5D8jIvQyVm
L0NYmS9DzcwvQ77/L0MzMzBDJWYwQ1iZMEOLzDBDvv8wQ/IyMUMlZjFDmpkxQ4vMMUO+/zFD
8jIyQyVmMkNYmTJDi8wyQ77/MkPyMjNDJWYzQ1iZM0OLzDND</AssayXData><AssayYData Points="900">AAAAAAuzKTgvkqU73mPBO2aFBzyjSQw8IwfWO+CX9jtDAhM8vjYxPGX/CzxChjs8OdUjPOQl
aDyoul88pxqDPOAbTzw/SZA8rkGEPCVRjTzjXWo86MqcPMI7cDyplZ486UqXPODUgjygI5s8
1seMPMi8hzwuKLM8wgeLPN8goDy0G6o8lCSwPB3HtTwap7U82L2nPFecujxgZsc8gi7kPN1N
uzyygMY80yTRPGRYyzzQlcg8HoHaPB7J3Dy2rOc8Z6/hPOH92TxPBO48dPvvPPBe7Txvdu48
tu0EPU439TxHde086kQDPUG4Bj3QxAY9V0gAPclp/TzH+AI9AtMAPWrP+jzicPQ8idcOPWQd
Aj041wQ9JZERPbisFz2gAxc9vScSPXidCj1Dzwo9Wv8dPYhiFD09ghg9N6cPPdVVCz2wYSs9
PW8jPQXAMz2PHh09NwogPXLnHj2rMx49t/MuPXy+KT0ucSM9tR4xPa+NLD0JEik9FAQ6Pbko
LD0GgSc9eD8iPbf/LT3+OTA97rMyPdtJPj3W30E90/UvPfbUPD1Orzo9+Mw/Pb9NQD20Ekk9
J547PUb3Qj3y8EE9QpNNPbFBQT1BiEY9Az9EPQXPRT111VQ90PZNPV1NUT0ZN1Q9ai9bPb8/
WT2xZ1I96ixIPdnzUz03dlE9LvtaPafeTD1B4Ug9OchaPRSPXz3B6lc9PXtnPW/dWD3F0VM9
gnFlPRnGWT0v5ls9zhJmPWc1Zz2BB1k9n59aPWakaD0XBmg9jgldPR6zaj0GMWM9ZptiPZNi
Zj1iMGg9RW11PbcLbz3Q2G09K2V1PeNBeD245XM99zlyPWn9aT3YB249QXl/PW5ycT1ASnE9
zBZqPU9ecT0/vHs9JJmDPT0ebT0pXIA9maGFPd5ViD2E5YM9vFSDPdwbhz0Yk3s9aRmFPaFm
fT3xXIM9hsqIPW5iij0Qmn09hH+GPTJXhD3rbIM99qCHPcnghj0GAoM9xMKJPQ49hT2Ff4o9
s3aJPf2ihz2FRow9ab2EPfLGiD1wLow95vCNPaqDjT3bLJQ91hSJPf1tjj0lD5E9XbKTPd1J
iz305pQ9v3aNPeVrkj2VZ489s0GUPb59jj3iEJI9m6SPPRR7lj2AoJA9h/CVPdo9kT0swJE9
rEWWPea8lz37HpM9z8OYPXkSnD34pJY9FkyaPXIemD0vK5Q9XbeUPW/lnj0BWJg9yJOgPS+6
mT2CuJs9oOKiPS/jnz3o2qI9QK6fPahnpT1YGZg9bJukPbGkkz2Y25w9DL+dPa6UpT1MlaU9
r22lPVh0oD2st6Y95FOlPf+epj05S6A9fz2iPW6Zpz3sQKM9RIykPdDvqz2y2aY91wOlPacW
pz1rna095OykPceiqz2iG6w9esmmPcHrqj1I+KY9rMuuPanmpj3+U68903ivPUOorj3eYK89
S4WrPQvNqj2beKk94pCrPX6hrT3kAas9miOwPXcRrz3I7rI9Mc64PRveqz3IaLE9q4avPTIm
sz3mMLE9anyzPQxmtT0U8a09Nt62PT79sD1m6Lc9GA+xPZyCsT2Cf7U9FISzPcUosj0bUbk9
b+q0PQYquD05R7w9dIe1PXartz22QLs9UBS3Pc7ctT2/nLc91cW9Pf6tvD2Ee7o9J3q3PYEz
vD2bRbw9aLm7PYK5vT2W0cE9ISi9PQs6vD0Xbbs9VPm+PZcExT0sIcE9/1m6PQBUxT33Gbw9
M9G9PQL9xT1GFsA9ZYvBPUgEwj0cRb89N1TBPX5NxT2Wpr89LDLEPelKwj0TFMY9kwDIPb+/
wz3V8Mk9wMHHPRZ4zT0voMQ9EobHPTuDyz1+ysg9n2rMPd/gyT1dacc9plLMPWqeyz17jMw9
TlzMPYRGzD3cmsQ9AZjMPWRv0D0trM89ZojNPfH2zD3tds09cc/NPYwC0D2u1M89eD/QPcAC
1T0Zf849fGvUPYUb0z3yntA9M3PZPWZd2z2+VNY905HWPdi80D1J4Ms96dzVPU431z372dQ9
mjjWPWoc2D2xWc49i5zWPeYy1j2BFtg9Jt3cPSdk1z1pIdU93y/WPSoG1T3149k9MlnaPQ9c
4D3fn9k9we7WPdx83D0X59s9baTePbTu2T3UI+I9nZHdPRyJ3T18Ot49dTzfPbUR1z1MIN09
FN/ePVap3j2Vcdg9FUPhPSIO3T2SiuM9/43jPZ4O4z0mjNw9EX7jPdp13j3pVuA9IGDkPWHY
4D0o9eA9sizhPdO94j1zr+A9OKPoPddA6D0xg+c9bJDmPZ/K3T0IW+M94HnqPUI55j0Hjes9
b7XqPStK6T2ZT+k9xXrkPQ0t6z27ju495UfsPXNC7D2z8OU9XwLmPSaD7z2hMvM9DFDoPVUX
8D1KNu49kp/rPb1F9D0Qa+s9FVXvPRHe7z0JZe49xVntPYE66T2i5vE9WxrqPdw/8z2iKvE9
AJDyPZNU7z1y1fM9K5rvPXR08T0Mw/I92Jf1PSOy6D3mn/g9qF/vPUOp8D1W3fM9pbf3PZAt
9T2UIPM9YCDxPUm+9j34Kv89L+nyPZie9D0DIPk99Mf0PWUl+T2rNPc9w0n8PcZk+T0mY/I9
faf7PQdq+T0rXPs9JPT5PXtc+z2R6vc9Yg32PVTI9T2qZPs9zYv8PUgJ+T0i6vs91Xn+PZ/i
AD5dM/49AZH9PSyJ/T0Cmf491g0APiOc+z19uf49sz/8PV40/z0sTfk9CmEDPp/1AD5Ev/49
SkwDPoTLAT7d1P49nFwCPjA++D15D/s9vtoEPuKAAD4J8AE+xGABPtff/z3wswM+SIwAPkTF
Az5HsAE+Y/MAPoYhBT4BuAM+CPwDPlFrBj6lLAQ+SDMEPlaGBT6kwQM+Waf8PffpAz4LwgM+
rg/8PVQ/BD5SoQM+3igDPij9Az4eqwM+yFEDPqA9BT7APQM+EcUEPiPgBT5kkQg+rmsFPvt+
BD4nagU+6LQHPqGVBT5CzgY+3eUEPiR7BD5cQwU+YtAFPon9Bz790Qc+5/QIPhDTBj6ObwY+
IvkFPg6GCj55Ywc+NdkGPsJVCD5mwwo+MH8KPvmsCT4I/wU+fcoGPrpOCj5iCAo+9OoKPoQc
Cz5PUwY+irQLPi8ICj7Pkgg+W5EHPhb+Cz4btwk+26QLPlXtCT4ABQo+rk4MPiZ8Dj51bgw+
bBQMPqncDT4s6w0+JSIOPgQ2CT7l8wY+CDYPPh4XDT5hFw8+OEcMPiw3DD6AFAw+iDYMPvfX
DT5cFQ4+9iAQPrzuDj59Sgw+phsQPspvET66Dw4+cqAOPtt1Ej58yw8+4wcPPjatDz770RE+
lqwOPoRPDT5AMBA+lwIPPk1tED6y+Q4+FH8OPj5hEj7PbxE+2/URPh2WDz4SNw8+tAcPPmPt
DD6RfRA+FNITPrQQEz7tLRE+L7cPPqL3Ej6xqQ8+gXkRPh//ED7krA0+hS8QPkz9ET6X0g4+
auQTPgc0Ez6ZABQ+AOISPga6FT5TBhA+T8AOPq0WFT4GyRU+guAWPvtvFD4U9Bc+JxIRPlZP
Ej5G1RU+jr4TPv0rEz7Y8Bc+gUkVPntbFD7LbhY+zJ4WPvHKFT4+QhQ+n2UVPrEUFj5x+Bg+
q4gWPl7oFj6m3BQ+zXwXPvepFz4CSRc+JFkUPm7MEj6lfhc+H/QVPgUgGj5AlRc+YH8XPqT/
Fj4gUhc+OjcZPrUGGD5euxg+xwAXPpOeGD7H3ho+SCgXPkqEGD51mhs+SegXPsE4Gj6S2hg+
laEbPpvLGT6rghc+CFIZPoEaHj7oGxs+baUXPpUgFj6Ehhg+s10bPr1yGj5yLxo+pngZPqUQ
Gj6lgBk+E2oaPsm5Gj50Pxs+/DIaPiAPGz7a4Ro+oU8cPlL9Gj4Kux8+bvEYPiSvHT43oRo+
2yEaPqHNHD6URhs+OA4cPlrzHT64ih0+wvcXPt5IHD4LuRk+dqUbPnW/HT4B+R4+lVQcPl48
Gj6AVx0+D4UfPjntHD7lQR8+/78fPj26Hj5ytB4+bmAfPkT3IT5wTyA+oDoiPuc0ID50Bh0+
yIUfPkJsHz5GKyM+erQfPtdVIT7Imh0+08IgPrvtID6opB8+Sj0ePi1jID79GSE+x6AiPqJy
Hz7wHSI+n3cmPpf9IT6UGCE+TSchPqlrHz4SwiA+fC4hPqvQID7sKyI+RTMgPpTgIj7R2CM+
XdEjPpM/ID53EyA+i3wjPh2ZIT5bCSc+Ds0hPlx3JD4adyM+K9AkPtMzJD7YtCE+vNolPkJh
IT6W1yg+hwAiPjVgJT77iSE+RXQkPkCrJT7QUyU+qMIlPsNcJT5YhSM+qQsoPrDVIz71hB8+
q0QlPjbFIz5rbSQ+hbknPqaKJj77xSk+yiQkPoP0Iz5opyU+sGAlPnYsJj60wCg++wMmPovN
Iz5HcCc+qZ0nPqzgJj4XziQ+coMoPvtXJz4ZeCg+2ZknPsBsKT7pbyY+yAMqPtB1Jj4P5yg+
6yEnPghmJz573SY+AxgoPu1KKT58RCc+TagnPlQIJz4i/Cg+sJYoPoWoLD5foSg+VwMpPhvZ
Kj7CTyo+uagsPhnmKj6QHCk+vusnPgOhLD48JCk+LSQnPtaoKT67lCo+7sorPrxeJz41DCs+
kmgpPhYmLT7P2i0+UncnPkfgLT7Twio+UdIqPursKT74gCo+p1ssPvRRKj5Gtyw+zkQsPony
KD6lxSw+oO0rPvXgKz72+C0+y4IrPkerKz57Giw+/iIsPit7MD5HMyo+PvovPsI+MD5FRTA+
UAguPjS0LT79PS8+HXUvPk3DLD66FS8+LKAvPp8tLz6Nzy8+</AssayYData></Step><Step><CommonData><SampleLocation>2</SampleLocation><SampleID>10mM Glycine pH1.7</SampleID><SampleGroup></SampleGroup><SampleInfo>or other Regeneration solution</SampleInfo><SampleRow>F</SampleRow><SamplePlate>1</SamplePlate><WellType>REGENERATION</WellType><Concentration>-1</Concentration><ConcentrationUnits>µg/ml</ConcentrationUnits><MolarConcentration>-1</MolarConcentration><MolarConcUnits>nM</MolarConcUnits><MolecularWeight>-1</MolecularWeight><Temperature>30</Temperature><StartTime>207997</StartTime><AssayTime>20</AssayTime></CommonData><FlowRate>1000</FlowRate><StepType>CUSTOM</StepType><StepName>condition</StepName><StepStatus>OK</StepStatus><ActualTime>20.002</ActualTime><CycleTime>0.2</CycleTime><AssayXData Points="100">vv8zQ7AyNEMkZjRDWJk0Q0nMNEN8/zRD8TI1QyRmNUNYmTVDScw1Q3z/NUOwMjZDJGY2QxaZ
NkNJzDZDfP82Q7AyN0MkZjdDWJk3Q0nMN0N8/zdDsDI4Q+NlOEMWmThDi8w4Q3z/OEOwMjlD
42U5QxaZOUNJzDlDEgM6Q7AyOkMkZjpDFpk6Q0nMOkN8/zpDsDI7Q+NlO0MWmTtDScw7Q3z/
O0OwMjxD42U8Q9uZPENJzDxDvv88Q7AyPUPjZT1DWJk9Q4vMPUN8/z1DsDI+Q+NlPkNYmT5D
i8w+Q3z/PkPxMj9DJGY/Q1iZP0OLzD9Dvv8/Q/EyQEMkZkBDWJlAQ0nMQEO+/0BD8TJBQyRm
QUNYmUFDi8xBQ77/QUPxMkJDJGZCQ1iZQkOLzEJDvv9CQ7AyQ0MkZkNDO59DQ4vMQ0O+/0ND
8TJEQ+NlREMWmURDi8xEQ77/REPxMkVDJGZFQ1iZRUNJzEVDvv9FQ/EyRkPjZUZDWJlGQ4vM
RkO+/0ZD8TJHQ+NlR0NYmUdDDs1HQw==</AssayXData><AssayYData Points="100">ed0Fvpd1sr3Y/2y9TPMyvY9gGb1dzB29yyIrvZymLr1efk69m4NbvdHjdr0V/X+9p8SEvYyj
ib3a3Zq9N/KdvbNcsb1RLa693aG4vZFgv71SJb+9/93OvWwr070W3NO9s+rUvSDw371hDOu9
utfovTtF8L17n/G9GWzyvSbp+73FYgC+1tYBvpb7AL4nCwa+x9gDvhh+Cb7J2ge+8SYOvlyC
Dr5o4w6+87MSvtziEr7/uBW+3GcWviwJFL6EOBe+UycavmLyHb6B2h2+KB0gviA+IL4hKyK+
4s4jvmU2Jb7NDia+7wEnvjFcJb44HCm+cu8rvg6yKb4HDSq+ot0rvv+7Lb42Ty6+c90vvrYC
ML4KcTC+mYkzvpqFNL5DHjW+Ls00vs4EO76eNjm+5TY4vkShOr6erje+0Go8vjjrPr4rXj2+
Hac6vvCrPL5ydT++9r9BvlrIQ743nUC+eDhDvm16Qr73nES+FpNDvpRERb4Pxke+6d9HvlIq
S75EtUm+yDZKvg04Tr7bNUy+gORLvg==</AssayYData></Step><Step><CommonData><SampleLocation>1</SampleLocation><SampleID>Running Buffer</SampleID><SampleGroup></SampleGroup><SampleInfo></SampleInfo><SampleRow>F</SampleRow><SamplePlate>1</SamplePlate><WellType>BUFFER</WellType><Concentration>-1</Concentration><ConcentrationUnits>µg/ml</ConcentrationUnits><MolarConcentration>-1</MolarConcentration><MolarConcUnits>nM</MolarConcUnits><MolecularWeight>-1</MolecularWeight><Temperature>30</Temperature><StartTime>233635</StartTime><AssayTime>20</AssayTime></CommonData><FlowRate>1000</FlowRate><StepType>CUSTOM</StepType><StepName>condition</StepName><StepStatus>OK</StepStatus><ActualTime>19.999</ActualTime><CycleTime>0.2</CycleTime><AssayXData Points="100">QQBIQzMzSEPpZkhDmZlIQw7NSENBAElDMzNJQ2ZmSUOZmUlDzMxJQwYBSkMzM0pDp2ZKQ9uZ
SkPMzEpD//9KQ3QzS0NmZktD25lLQ8zMS0P//0tDdDNMQ2ZmTEPbmUxDzMxMQ///TEMzM01D
ZmZNQ5mZTUMOzU1DQQBOQzMzTkNmZk5Ddp5OQ8zMTkP//05DdDNPQ2ZmT0Mcmk9DzMxPQ0EA
UEMzM1BDp2ZQQxyaUEMOzVBD//9QQ/czUUOnZlFD25lRQw7NUUNBAFJDdDNSQ6dmUkPbmVJD
Ds1SQ0EAU0N0M1NDp2ZTQ9uZU0MOzVNDQQBUQ3QzVEOnZlRD25lUQw7NVENBAFVDdDNVQypn
VUPbmVVDzMxVQ0EAVkN0M1ZDp2ZWQ9uZVkMOzVZDQQBXQ3QzV0NmZldDmZlXQw7NV0MGAVhD
dDNYQ6dmWEPbmVhDDs1YQ0EAWUN0M1lDp2ZZQ5mZWUMOzVlDQQBaQ3QzWkOnZlpD25laQw7N
WkNBAFtDdDNbQ6dmW0PbmVtDzMxbQw==</AssayXData><AssayYData Points="100">jXAJPvPKwz1CY5s9+qSGPY0vbT2QXmY9qqR2PbmjZj0ftGg9xjd9PRAffz0PNn89zs1yPQvI
gj0nLIA9ERqEPR0ViD2s8YI93RKIPbyhij0HuIo9iXmQPU8slj150ZI9MJCNPeH2lD1SWpI9
XQCVPXkemT0MCZg9I5yUPUvblz2S5ZU9AFKbPb3Wlz3dDZ49zN+ZPR1unz3nV6c9F2yfPbu4
oD0Sz5898ZmgPX1Hoj0MoaU9JnGlPU68pT1Ux6c9rcOgPf+Nnj3vBag9UcCrPSo9rD3qWaM9
PGmuPa07pz3GR6Q9JFivPUR0rT3PN6g9L0uxPXIEsz1AHrE9hfirPZuUsz3O4689nrqwPa2/
sD3uFq09a9y0Pa1Yqz1vObE9nV61PZh+tz1IVLA9TXCxPcZ+sz143rU9nLWwPVLxtT2Zv7Q9
GkK1PYgWsj2XS7o9aa2/PfERuD318bQ9ga21PZGsvD0Ym8E9Qay2PVouuD21hrM9oC68Pc2o
wD3EALs954zDPTpcwD0wp8U9AaS6PQ==</AssayYData></Step><Step><CommonData><SampleLocation>2</SampleLocation><SampleID>10mM Glycine pH1.7</SampleID><SampleGroup></SampleGroup><SampleInfo>or other Regeneration solution</SampleInfo><SampleRow>F</SampleRow><SamplePlate>1</SamplePlate><WellType>REGENERATION</WellType><Concentration>-1</Concentration><ConcentrationUnits>µg/ml</ConcentrationUnits><MolarConcentration>-1</MolarConcentration><MolarConcUnits>nM</MolarConcUnits><MolecularWeight>-1</MolecularWeight><Temperature>30</Temperature><StartTime>259167</StartTime><AssayTime>20</AssayTime></CommonData><FlowRate>1000</FlowRate><StepType>CUSTOM</StepType><StepName>condition</StepName><StepStatus>OK</StepStatus><ActualTime>19.999</ActualTime><CycleTime>0.2</CycleTime><AssayXData Points="100">AABcQ/IyXENmZlxDWJlcQ83MXEMAAF1DMzNdQ2ZmXUOamV1DzcxdQwAAXkMzM15D8GdeQ5qZ
XkPNzF5DAABfQzMzX0MlZl9DmplfQ83MX0O+/19DMzNgQ2ZmYEOamWBDzcxgQwAAYUMzM2FD
ZmZhQ5qZYUPNzGFDAABiQzMzYkMlZmJDHZpiQxTOYkO+/2JDMzNjQ2ZmY0MdmmNDzcxjQwAA
ZEPyMmRDJWZkQ5qZZEOLzGRDAABlQzMzZUMlZmVDWJllQ83MZUMAAGZDMzNmQyVmZkOamWZD
zcxmQ77/ZkPyMmdDZmZnQ1iZZ0OLzGdDAABoQ/IyaEMlZmhDWJloQ83MaEO+/2hDMzNpQyVm
aUNYmWlDi8xpQ77/aUPyMmpDJWZqQ5qZakOLzGpDvv9qQ/Iya0MlZmtDWJlrQ83Ma0O+/2tD
MzNsQyVmbENYmWxDzcxsQ7//bEMzM21DJWZtQ1iZbUOLzG1DSAFuQ/IybkMlZm5DWJluQ83M
bkO//25D8jJvQ2Zmb0NYmW9Di8xvQw==</AssayXData><AssayYData Points="100">20aFvu/BUr4y4y++8uggvs8pH764jhq+bdccvvycHL5PKSG+Is0ivn6fJr4+MSq+pqEpvtYC
LL5CBS++ItQxvv/FMr4DWjW+bfk3vs6gOr5GUDy+v/A5vqEQOr4Uaj2+uSg9vq3wQb5DLz6+
cRhEvruAQr5qxkK+5XFJvlxQQ758Y0a+X0ZIvrx3R74jnEy+IuJOvpytTL77tE6+EttNvnSF
S77KkE6+lIhSvlQ6VL4mGVG+0GZQvmqKVb5RdVO+yGBavjvHVL5Iglm+PQxcvnwtWL4RMVu+
ivVcvhlPWr5exFu+SbNbvhvaXb6zVWC+fupavlUaXr7XTmK+aRZhvjeoXb6AcmC+KdJgvpTD
ZL6GH2K+4n9fvvWAYr5RD2e+e8hkvpDJZr7HtmO+DUZovqgLab67vmW+Talovk92Z75ykGq+
m+Rpvmzha75o+Wm+2EdpvthDa763ymq+Eu9vviaBbL5V9G2+R0VxvrYlb74d+2++dkhxvpNW
cL5KgG++K1lxvltDcr6q53G+lSlzvg==</AssayYData></Step><Step><CommonData><SampleLocation>1</SampleLocation><SampleID>Running Buffer</SampleID><SampleGroup></SampleGroup><SampleInfo></SampleInfo><SampleRow>F</SampleRow><SamplePlate>1</SamplePlate><WellType>BUFFER</WellType><Concentration>-1</Concentration><ConcentrationUnits>µg/ml</ConcentrationUnits><MolarConcentration>-1</MolarConcentration><MolarConcUnits>nM</MolarConcUnits><MolecularWeight>-1</MolecularWeight><Temperature>30</Temperature><StartTime>284966</StartTime><AssayTime>20</AssayTime></CommonData><FlowRate>1000</FlowRate><StepType>CUSTOM</StepType><StepName>condition</StepName><StepStatus>OK</StepStatus><ActualTime>19.999</ActualTime><CycleTime>0.2</CycleTime><AssayXData Points="100">vv9vQ7AycEPjZXBDFplwQ0nMcEO+/3BDsDJxQ+NlcUMWmXFDScxxQ3z/cUPxMnJDJGZyQxaZ
ckNJzHJDfP9yQ/Eyc0PjZXNDFplzQ4vMc0O+/3NDsDJ0Q+NldENYmXRDi8x0Q3z/dEOwMnVD
JGZ1Q1iZdUOLzHVDfP91Q/EydkMkZnZDWJl2Q4vMdkO+/3ZD8TJ3QyRmd0NYmXdDi8x3Q77/
d0PxMnhD42V4Q1iZeEOLzHhDvv94Q/EyeUPvZ3lDWJl5Q4vMeUO+/3lD8TJ6QyRmekNYmXpD
i8x6Q77/ekPxMntDJGZ7Q1iZe0OLzHtDvv97Q/EyfEMkZnxDWJl8Q4vMfEO+/3xD8TJ9Q+Nl
fUMWmX1Di8x9Q77/fUPxMn5D42V+Q1iZfkNJzH5Dvv9+Q/Eyf0MkZn9DWJl/Q4vMf0O+/39D
eBmAQxIzgEOrTIBDRWaAQ95/gEN4mYBDErOAQ4vMgEMk5oBD3v+AQ3gZgUPxMoFDi0yBQ0Vm
gUPef4FDV5mBQ/GygUOLzIFDJOaBQw==</AssayXData><AssayYData Points="100">OuwhPqx4yz1af5M9QFhwPXV6TD2mZj49Yj87PdHQOD2ZED49C5c6PWTpRz1ZHk89AQFZPQsJ
Uz0x0l09EUVYPTnBcD0fG1w9BVhnPWx1WD0PBmA9PIx3PVMYaz13E3I9b4N5PXF8dj3Fw309
cch/Pc+FdD2NO4E95sSCPeQ7gD3lono9/h57PWogeT1pJ3k9QLyEPUl9gz3TXIc9UmeHPaEZ
hT3lO5A9LeKEPUnZiT1IVYc9RLCOPe0fhj3JnJA91HmLPc0Ejz2seIg9nhWQPf5Qiz3dYZE9
13aWPamDjj3CDY89abeJPTw+iz0Tj5E9IdaVPeAZkj0NlpU97VmTPbAcmT0SgJY9c3qSPW7t
jT3jO5Q9uXSYPUUBlD18gZk9H82WPVZLkz0IqpQ99d+VPcoqlD12wpM9NPOSPYFMlj0e55c9
bwOXPcDgmz2p56A9RPyVPXBynD2CtZw9436UPQGWmj04RZ09z8ufPSClmT2QBp491ZyhPe/5
nz1KkqE9DcOaPUADnD36t6I9ELaiPQ==</AssayYData></Step><Step><CommonData><SampleLocation>2</SampleLocation><SampleID>10mM Glycine pH1.7</SampleID><SampleGroup></SampleGroup><SampleInfo>or other Regeneration solution</SampleInfo><SampleRow>F</SampleRow><SamplePlate>1</SamplePlate><WellType>REGENERATION</WellType><Concentration>-1</Concentration><ConcentrationUnits>µg/ml</ConcentrationUnits><MolarConcentration>-1</MolarConcentration><MolarConcUnits>nM</MolarConcUnits><MolecularWeight>-1</MolecularWeight><Temperature>30</Temperature><StartTime>310591</StartTime><AssayTime>20</AssayTime></CommonData><FlowRate>1000</FlowRate><StepType>CUSTOM</StepType><StepName>condition</StepName><StepStatus>OK</StepStatus><ActualTime>20</ActualTime><CycleTime>0.2</CycleTime><AssayXData Points="100">vv+BQ1gZgkPQMoJDi0yCQ2ZmgkO+f4JDWJmCQ/GygkNqzIJDJOaCQ53/gkNYGYND8TKDQ4tM
g0MEZoNDvn+DQ1iZg0PxsoNDi8yDQwTmg0Od/4NDWBmEQ/EyhEOLTIRDJGaEQ75/hENYmYRD
0LKEQ6zMhEMk5oRDvv+EQ1gZhUPQMoVDcE2FQwRmhUOdf4VDWJmFQ7y0hUNqzIVDJOaFQ53/
hUNYGYZD8TKGQ4tMhkMkZoZDnX+GQ1iZhkPxsoZDi8yGQyTmhkO+/4ZDWBmHQ/Eyh0OLTIdD
BGaHQ75/h0NYmYdD0LKHQ2rMh0ME5odDnf+HQ1gZiEPQMohDrEyIQwRmiEO+f4hDN5mIQ9Cy
iENqzIhDBOaIQ53/iENYGYlD0DKJQ2pMiUMkZolDnX+JQ1iZiUPQsolDasyJQwTmiUO+/4lD
NxmKQ9AyikNqTIpDJGaKQ51/ikM3mYpD0LKKQ2rMikME5opD3/+KQzcZi0PQMotDakyLQyRm
i0O+f4tDWJmLQ9Cyi0NqzItDJOaLQw==</AssayXData><AssayYData Points="100">aKqfvsHggL5LlFi+QntFvol4Q75YAkG+UTdEvgxsQr7Z+0m+oJJIvmauSb6BtE2+QgdPvq2V
T76JGFO+VfZUvm/QWr6qwlm+ghpXvsBQW75dQl2+XCFcvnp8YL4MHWC+dFNivtMCZr4odmK+
qO1jvuMkaL4ftWm+sXJovhX3aL44jWi+yJFrvq4Ua751YWq+qWJsvsIsbL6/Pmy+twJvvokf
cb5NfG6+1OFyvqa+br49hHO+plJ0vpnNc76KFXK+GRp2vuuFcr6t/XS+yMh6vnW0c75Yt3W+
p2h3vn/6eb73l3a+K1J3vjw9eL67hHu+T9B8vnNOf74Rknq+t297vkCNfb4O932+NCeAvsN1
gL68hH2+12N+vkT4fr6063++4yqBvn3sgL6kNYG+bbJ+vtr7fb6qq4G+byCBvoWWg76txIK+
dpOCvrA7gr6sMIO+JO6BvibZg76G3IK+3kWDvqtKg776toO+KTWEvtErg775vIS+7wmEvrjN
gr4tToS+E/iDvnZDhL5ldIS+r9WFvg==</AssayYData></Step><Step><CommonData><SampleLocation>1</SampleLocation><SampleID>Running Buffer</SampleID><SampleGroup></SampleGroup><SampleInfo></SampleInfo><SampleRow>F</SampleRow><SamplePlate>1</SamplePlate><WellType>BUFFER</WellType><Concentration>-1</Concentration><ConcentrationUnits>µg/ml</ConcentrationUnits><MolarConcentration>-1</MolarConcentration><MolarConcUnits>nM</MolarConcUnits><MolecularWeight>-1</MolecularWeight><Temperature>30</Temperature><StartTime>336396</StartTime><AssayTime>20</AssayTime></CommonData><FlowRate>1000</FlowRate><StepType>CUSTOM</StepType><StepName>condition</StepName><StepStatus>OK</StepStatus><ActualTime>20</ActualTime><CycleTime>0.2</CycleTime><AssayXData Points="100">vv+LQ1gZjEPQMoxDakyMQ8hmjEOdf4xDN5mMQ9CyjEOszIxDBOaMQ77/jEM3GY1D0DKNQ2pM
jUMEZo1DnX+NQzeZjUPxso1DasyNQyTmjUO+/41DNxmOQ/EyjkN2To5DBGaOQ99/jkM3mY5D
8bKOQ4vMjkME5o5DAACPQzcZj0PxMo9DakyPQwRmj0O+f49DN5mPQ9Cyj0OLzI9DBOaPQ77/
j0M3GZBD0DKQQ4tMkEMEZpBDnX+QQzeZkEPQspBDi8yQQwTmkEOd/5BDNxmRQ/EykUOLTJFD
BGaRQ51/kUNYmZFD0LKRQ2rMkUMk5pFDgwCSQzcZkkPxMpJDi0ySQyRmkkOdf5JDN5mSQ9Cy
kkNqzJJDBOaSQ77/kkNYGZND8TKTQ4tMk0MkZpND5YCTQ1iZk0PxspNDi8yTQyTmk0O+/5ND
WBmUQ/EylEOLTJRDJGaUQ75/lENYmZRD8bKUQ4vMlEMk5pRDvv+UQ1gZlUPxMpVDi0yVQyRm
lUO+f5VDWJmVQ/GylUOLzJVDJOaVQw==</AssayXData><AssayYData Points="100">Mh8APvfxqj1V/3Y9jOBFPcFcLj1bby49BCoZPTHeHD21jBo95VwgPWLAPz1BgTQ9V+swPa5t
PT2IQUI9G607PZGtUT2R5Uo9GiRFPVjMVD0ET1M9ZXJTPVJXVj0GyVg94htbPeV+Tz2W9Vw9
iOtlPbSmWz3tAFY9eS9jPbs/VD1xcWI908FgPVIUYz0JVHY9s/lmPWiWYz1rEmk9Gb9qPcBF
dT0jKG49DRpzPUvpdj3eeX49u/R+PYwOdz1w23s9/KRtPTv8cz2nx3Y9gTGCPbCLgj1ZloU9
rAKCPXqefj1dyoU9OPB4PXULeD0VvYc9+2B+PSpXgz3lsXs9eFWBPXtzgz0S14I9EhmCPeXt
gD3DtoU9pDiEPZEigj03tIo9fwmFPUN5gT39RZA9chWDPcREiT2mu4I9TyyKPY0Aiz3m/409
SzCNPQjAiz1zYo89jYiQPfmZjz1C+YY9zi6OPfKnjz3N7pM9Hr+KPfvCjD3mwIg9TGWQPaka
jz3qoJE95GaQPTpWjT2ZTo89ycGPPQ==</AssayYData></Step><Step><CommonData><SampleLocation>3</SampleLocation><SampleID>Running Buffer</SampleID><SampleGroup></SampleGroup><SampleInfo></SampleInfo><SampleRow>F</SampleRow><SamplePlate>1</SamplePlate><WellType>BUFFER</WellType><Concentration>-1</Concentration><ConcentrationUnits>µg/ml</ConcentrationUnits><MolarConcentration>-1</MolarConcentration><MolarConcUnits>nM</MolarConcUnits><MolecularWeight>-1</MolecularWeight><Temperature>30</Temperature><StartTime>362695</StartTime><AssayTime>120</AssayTime></CommonData><FlowRate>1000</FlowRate><StepType>BASELINE</StepType><StepName>Baseline 120</StepName><StepStatus>OK</StepStatus><ActualTime>120</ActualTime><CycleTime>0.2</CycleTime><AssayXData Points="600">vv+VQzcZlkPxMpZDi0yWQyRmlkO+f5ZDWJmWQ/GylkOLzJZDJOaWQ77/lkNYGZdD0DKXQ8xM
l0MkZpdDnX+XQzeZl0PxspdDi8yXQyTml0O+/5dDWBmYQ/EymEOLTJhDJGaYQ75/mENYmZhD
8bKYQ4vMmEMk5phDnf+YQ1gZmUPxMplDakyZQwRmmUO+f5lDN5mZQ/GymUNqzJlDBOaZQ77/
mUM3GZpDlTOaQ4tMmkMkZppDvn+aQzeZmkPxsppDasyaQwTmmkOd/5pDNxmbQ7Yzm0NqTJtD
BGabQ51/m0NYmZtD0LKbQ4vMm0Mk5ptDnf+bQzcZnEPQMpxDakycQyRmnEOjgJxDN5mcQ9Cy
nENqzJxDJOacQ77/nEM3GZ1D8TKdQ4tMnUMkZp1Dvn+dQzeZnUPQsp1DasydQwTmnUOd/51D
NxmeQ9AynkNqTJ5DBGaeQ75/nkNYmZ5D0LKeQ2rMnkME5p5Dvv+eQ1gZn0PQMp9DakyfQwRm
n0ODgJ9DN5mfQ9Cyn0NqzJ9DBOafQ53/n0NYGaBD0DKgQ2pMoEMEZqBDvn+gQ1iZoEPxsqBD
zMygQ2bmoEO+/6BDWBmhQ9AyoUOLTKFDJGahQ75/oUNYmaFD0LKhQ4vMoUNF5qFDvv+hQ1gZ
okPxMqJDi0yiQyRmokO+f6JD25miQ/GyokOLzKJDJOaiQy0Co0NYGaND8TKjQ4tMo0MkZqND
vn+jQ1iZo0PQsqNDi8yjQyTmo0O+/6NDWBmkQ/EypEMvTaRDJGakQ75/pENYmaRDErOkQw7N
pEMk5qRDvv+kQ1gZpUPxMqVDi0ylQwRmpUO+f6VDWJmlQ9CypUOLzKVDJOalQ77/pUNYGaZD
0DKmQ4tMpkMEZqZDxICmQ1iZpkPQsqZDi8ymQyTmpkO+/6ZDNxmnQ/Eyp0OLTKdDBGanQ75/
p0M3madD0LKnQ4vMp0Mk5qdDvv+nQ3gZqEPxMqhDakyoQwRmqEOdf6hDeJmoQ5WzqEOLzKhD
JOaoQ77/qEM3GalD0DKpQ4tMqUMkZqlDvn+pQ1iZqUPQsqlDi8ypQwTmqUOd/6lDNxmqQ/Ey
qkNqTKpDJGaqQ51/qkNYmapD8bKqQ8zMqkMk5qpDnf+qQzcZq0PQMqtDi0yrQwRmq0Odf6tD
N5mrQ/Gyq0NqzKtDBOarQ77/q0M3GaxD0DKsQ2pMrEMEZqxDvn+sQzeZrEPxsqxDi8ysQwTm
rEOd/6xDNxmtQ9AyrUOLTK1DBGatQ51/rUM3ma1D8bKtQ4vMrUME5q1Dnf+tQ1gZrkPQMq5D
akyuQyRmrkOdf65DN5muQ9CyrkOszK5DBOauQ77/rkM3Ga9D8TKvQ2pMr0MkZq9DnX+vQzeZ
r0PQsq9Di8yvQwTmr0O+/69DWBmwQ/EysEOLTLBDJGawQ75/sENYmbBD8bKwQ4vMsEMk5rBD
vv+wQ1gZsUPxMrFDIFCxQyRmsUO+f7FDWJmxQ/GysUNqzLFDJOaxQ77/sUNYGbJD0DKyQ4tM
skMkZrJDvn+yQ1iZskPxsrJDasyyQwTmskO+/7JDWBmzQ/Eys0NqTLNDJGazQ51/s0NYmbND
8bKzQ4vMs0Oo5rNDvv+zQzcZtEPxMrRDaky0Q2ZmtEO+f7RDWJm0Q9CytENqzLRDBOa0Q77/
tENYGbVDdDO1Q4tMtUMkZrVDnX+1Q1iZtUPQsrVDasy1QyTmtUOd/7VDNxm2Q/EytkNqTLZD
JGa2Q51/tkNYmbZD0LK2Q4vMtkMk5rZDnf+2QzcZt0PQMrdDaky3QwRmt0O+f7dDN5m3Q/Gy
t0MvzbdDBOa3Q+UAuEPAGrhD0DK4Q2pMuEMEZrhDnX+4Q1iZuEPxsrhDi8y4QwTmuEO+/7hD
Nxm5Q9AyuUNqTLlDBGa5Q51/uUNYmblD0LK5Q2rMuUME5rlDvv+5Q1gZukPQMrpDaky6QyRm
ukOdf7pDWJm6Q9CyukNqzLpDBOa6Q77/ukM3GbtD0DK7Q2pMu0MEZrtDnX+7QzeZu0N0s7tD
asy7Q2bmu0Od/7tDNxm8QzMzvENqTLxDBGa8Q51/vENYmbxD8bK8Q2rMvEME5rxDnf+8QzcZ
vUPQMr1Di0y9Q0VmvUOdf71DN5m9Q/GyvUNqzL1DBOa9Q77/vUNYGb5D8TK+Q4tMvkMkZr5D
vn++Q1iZvkPxsr5Di8y+QyTmvkO+/75DWBm/Q/Eyv0OLTL9DJGa/Q75/v0NYmb9D8bK/Q2rM
v0Mk5r9Dnf+/Q1gZwEPxMsBDakzAQyRmwEO+f8BDN5nAQ/GywEPtzMBDJObAQ77/wENYGcFD
8TLBQ4tMwUMkZsFDvn/BQ1iZwUPxssFDi8zBQyTmwUO+/8FDahzCQ/EywkNqTMJDJGbCQ51/
wkNYmcJD8bLCQ4vMwkMk5sJDvv/CQ1gZw0PQMsNDi0zDQwRmw0O+f8NDN5nDQ/Gyw0OLzMND
BObDQ77/w0M3GcRD0DLEQ2pMxEMkZsRDvn/EQzeZxEPxssRDaszEQyTmxEO+/8RDWBnFQxIz
xUOLTMVDBGbFQ75/xUM3mcVD8bLFQ2rMxUMk5sVDvv/FQ1gZxkPQMsZDi0zGQwRmxkOdf8ZD
WJnGQ9CyxkOLzMZDBObGQ77/xkM3GcdD0DLHQ2pMx0MkZsdDvn/HQzeZx0PQssdDaszHQ+nm
x0O+/8dDWBnIQ9AyyENqTMhDBGbIQ51/yEM3mchD0LLIQ2rMyEME5shDvv/IQ1gZyUPQMslD
akzJQwRmyUOdf8lDN5nJQ/GyyUNqzMlDBObJQ53/yUM3GcpD8TLKQ2pMykMEZspDnX/KQzeZ
ykPxsspDaszKQyTmykOd/8pDNxnLQ9Ayy0NqTMtDJGbLQ99/y0M3mctD8bLLQ2rMy0ME5stD
vv/LQ3gZzEPxMsxDi0zMQyRmzEO+f8xDmZnMQ/GyzEOLzMxDBObMQ77/zENYGc1D8TLNQ4tM
zUMkZs1Dvn/NQ1iZzUPxss1DaszNQyTmzUO+/81DWBnOQ/EyzkOLTM5DJGbOQ75/zkNYmc5D
8bLOQ4vMzkMk5s5Dvv/OQ1gZz0PxMs9Di0zPQyRmz0O+f89DN5nPQ/Gyz0NqzM9DBObPQ77/
z0NYGdBD8TLQQ4tM0EMEZtBDvn/QQ1iZ0EPxstBDi8zQQyTm0EO+/9BDWBnRQ/Ey0UNqTNFD
JGbRQ75/0UNYmdFD8bLRQ4vM0UMk5tFD</AssayXData><AssayYData Points="600">4/ZxPRGybz3nVIQ9WDWDPb+WgT1oHoM9JEKBPSEKjD3+xok9lb2NPazhij2HfJI9KVmQPSUz
iz0zno89KeSPPcGljj3MHJA9hQSWPdB5lz0nuo09p+aMPbjvlj1rEJQ96YWYPeC6kT1lFpQ9
EeKVPUCIlT0mOJQ9oBibPfJzlj1uXZc9RaCUPaGlnT3XTpw92ZOZPSjwkT0zJJw9zMGVPcOa
nT1FKJU9ifKYPYNInz0wUJw9phKePc+HmT2nbpg9TCiePermnj2fwqA9XyKjPae6pT2jmZ89
WnCcPYu9nj16LqU9206iPV3LnD3NS6E9lDihPVmOnz2kHKQ9Kn6oPf9Lnz1nzKI9L4CfPddd
mT3Qj5k9a6OoPQ8aoj1staQ9roClPQB5pD2zb6U9ESCsPU1cpz0ML6Q91GGgPVsAqT0oDKs9
zU6mPRdHoT39m6E9V66wPbvXpz0Ueqk9HM2nPVWtrD11Xag9GjiqPZB+rD3ti609gt2uPXEp
rj3b/qg9U6WwPX/Eqj16m7I98SuuPZ1Drz3xaq49bkmxPRqDrj0B5Kc9NdevPeDttj1U4qk9
NfiyPTvqrz153qw9Sm2zPR+asz3L4LU98eayPWqcrj2HKq49qHu2PU+ftD1trK89u9ytPYJI
sz3Z1rQ93Ve0PfIyuD1l86w9mLKwPfFXsz1rN7Y9bHCuPWsuuT2kbrQ9z/6tPSqEtz11r8E9
+DO2PZfguz0ZSro9+VG7Pb59rj3Zbb09prKzPc5+uT3U+Lw9xxG+PQlmuD2JVLE9MY64PS8T
tz2cv7k9On28Pb1UtT2G4Lo9tX69PSEvvD31qbg9u+26PbBPvz0ym749gtW9PQMHwD3m57k9
GIC9PcLbuD1wQL09MC+5PXSPxz27isA9wo2+PXDhuT0NJLw9EA68PZuNuj0+Rsk9Cpe/PX2y
wD20VLw9Z7W8PTPjwz3PAsA9jF6+PZk6wz1lqL09e++7Pf0UwD13r8Q9+ZTCPeLsvz2ogsI9
ar69PSj/vz1M7ME9aF7APajNvz3nNMA9F27EPVxuyD3qJcI9UsXBPfjZxT3ChsI99Ze8PaZo
wD1lbb09WPTIPav7vz3tS8c9y//DPTyMxD35ycY9tv7HPfgOxz08rs09ikLCPbkhzj1h18c9
9J7FPYVPyD2bd8Y9NRrLPVysxz0t6s099T7RPcrhxz2mjsM96O7MPbA7xT3jd9M9bwzGPZs0
xT1Uos495tjRPcXByT2BYsI91vbKPZQAzD0CsMc91WDJPZ+0yT2eLdE94XrLPbhYzj2BL9I9
9EXLPV4k0z1dB8w9ufXQPRhJyT1zwdI9hLnPPUKSzD3pU849hk/RPSogwT2+h9I9Yu7TPZ4G
zz2rI9A9MyXMPXItzz3X1c89avPQPX2c1j1MdNI9tEnYPdi20j3u29Y9J7/SPTFe0j3dk9Q9
udfWPX/e0T3cltM9w9PTPXVa3T3Qhc89PVHOPclg2T0yL9Y9xijaPYjgzz0iidM9mDrZPTlF
1D3Hp9M9MnLWPRvk2D3nM9I9IkrZPUez2j1tZt89wIzXPVE62D0w+949R8TcPUt41j1WAtc9
m7LZPZXF3z0ubdA9YMXaPaLW3j0wT9c9a3jZPcel1j15kN494n/aPUEl1j19ftw9vbrdPV9I
3D0Vv+A9+K/WPbmy0j3lUdo9zn7iPYTT2T3hh9o9HLnbPSJq3j0HLNg9ftvbPaB62z0dF+I9
MfXaPa/P3z3KL9s9dZjhPdVh2j2Ky9w91JPbPU2C2j1KLuQ9lYHdPRIC2z3Rx9s9n2TdPYtd
3D0/ktw9UpThPXyS3j1BOt49gdvkPabC3D2E7OE9pH3fPcMp6D0GseE9bmHkPSUJ5T0/NuA9
Pl7qPShj4T3UK909+CTkPZYg4j0hE+A9UOTjPU7D4j1kfNc9W7biPfDW4T02vuo9UrvePYfO
6j2CS+I92mfpPXBY5T3hx+Y9Y67oPVQX3z2AfuQ9Vo/kPQG05D0WMuU9Y3rhPYQ26j3nEuM9
5sDkPdxn6z1LM+Y9NfDnPaTw4j23Hec99IvkPYEy6T39cuo9PtLnPQpR5D2Zl+c9AzvjPbvu
6T1zTvA95F/jPb6n5j1SSO896tPtPTnQ6D0/t+U9cyTrPRKr7j0CrPA9YDPzPXNF5j0iNuo9
E9/yPas77T1tBuc9Vn7vPZxP6j1Yh/E9At/sPUTD9T2u8ek9vFHoPVLT8D0MG+s9vP3rPfal
8j0ue/I9piztPVXv7D1mYek9iUDlPQmq7z0rM/E9+BnuPcLI7z14M/Y9SRfqPYcp8z3+EPA9
TID1PY1m9T2jwvQ9xNf0PW7m8z3rd/M91BnxPQum8j37JfA9F47nPbfn8j28CO09/2jtPdxP
8T1FSPU9Sxb1PaQO8z14+fc9xl3zPfRN7z2whfA9FIrwPQvy+D3yR/c9CYzzPS3/9z2EHvA9
bW7xPd9n+T3cDvA9SsDxPeLu9z1Ke/k9/s3yPTH++z2OAfI9mv7vPd6S+T3+3/Q9lZn4PVmO
9j0b9vM9u774PVJB+D2DhfY9o6bzPUvL9z2mpPg9YQn7PdPy+T1f5/o9M/HxPXeF9T1cv/o9
tyvzPeP19j0I1fg9E0P+PXQJ9j1Su/E9j7PyPdJk/D10/Pg98Y33PTsX+z0+0vU9rSvyPWQJ
+z089/o9kEf8PetE+D11L/09vYL9PYzy/T1uH/o9zED9PYGF+T0Q+Po9K/n3PWMR+T3hlwI+
zQj/PRUFAT4Rt/09cbL+PbsgAD6Tg/w9Do/7PR/sAT7tRvg9zGD8Pew6/j2lwwM+Ox77Pd+u
/D0PGwA+3lAFPnd6/T3TQvw9dGYAPuZeAD54y/M98pP1PR86+j37YwA+W/H4PXdSAT73PwE+
zkkAPsDw/T04OgA+ZSoEPjrvAz4Lkfw9vTYDPl9/Az5SFwI+QJUAPpW+Az5+FAQ+tn4BPuVI
AT7BQgE+5swBPkISAj4M4gI+3L3/PX3pAD7bWQE+7fT8PUFnAj6lkAA+U/sCPuGIAj4uNP49
T/MCPhKABD6deQI+b/UBPp5oAT68/QI+SKsEPuXjBT5G/QQ+IFoAPij9Aj6MZAM+rCoCPuRw
AT4UnAI+y24CPjQPAz4DHQQ+mzICPrTwBD4nmQU+Y1UBPkBWBj7aVQI+hncCPsC/BD7LgAc+
9VICPksGAz5gfAI+uDUEPrF9BT41PwQ+</AssayYData></Step><Step><CommonData><SampleLocation>4</SampleLocation><SampleID>AB</SampleID><SampleGroup></SampleGroup><SampleInfo>in Running Buffer</SampleInfo><SampleRow>F</SampleRow><SamplePlate>1</SamplePlate><WellType>KLOAD</WellType><Concentration>0.6125</Concentration><ConcentrationUnits>µg/ml</ConcentrationUnits><MolarConcentration>612.5</MolarConcentration><MolarConcUnits>nM</MolarConcUnits><MolecularWeight>-1</MolecularWeight><Temperature>30</Temperature><StartTime>489660</StartTime><AssayTime>20</AssayTime></CommonData><FlowRate>1000</FlowRate><StepType>LOADING</StepType><StepName>Loading</StepName><StepStatus>OK</StepStatus><ActualTime>20</ActualTime><CycleTime>0.2</CycleTime><AssayXData Points="100">vv/RQ1gZ0kPQMtJDi0zSQwRm0kO+f9JDN5nSQ/Gy0kOLzNJDBObSQ77/0kNYGdND8TLTQ2pM
00MkZtNDnX/TQ1iZ00PQstNDi8zTQwTm00O+/9NDWBnUQ9Ay1ENqTNRDBGbUQ51/1EM3mdRD
8bLUQ4vM1EMk5tRDvv/UQ5kZ1UPxMtVDakzVQyRm1UOdf9VDN5nVQ/Gy1UNqzNVDJObVQ77/
1UM3GdZD0DLWQ4tM1kMkZtZDnX/WQzeZ1kPQstZDaszWQwTm1kOd/9ZDNxnXQ/Ey10NqTNdD
JGbXQ51/10M3mddD0LLXQ2rM10Mk5tdDnf/XQzcZ2EPQMthDi0zYQwRm2EOdf9hDN5nYQ9Cy
2ENqzNhDBObYQ53/2EM3GdlDEjPZQ4tM2UMEZtlDnX/ZQzeZ2UPxstlDi8zZQwTm2UO+/9lD
NxnaQ/Ey2kOLTNpDBGbaQ75/2kNYmdpD8bLaQ4vM2kMk5tpDvv/aQ1gZ20PxMttDi0zbQyRm
20O+f9tDWJnbQ/Gy20OLzNtDJObbQw==</AssayXData><AssayYData Points="100">xAoGPnJiFD75NB4+XT8nPixKLT5qQzM+la45Pts7QD4Ax0U+8aRLPvCoUj52x1w+4F9hPldV
Yj42wmg+ERxvPl2Udj5fHX0+Va2APtjBgj4oP4c+GPuHPjmliz7u3o8+enOTPmyflj701Jg+
lL+bPrK6oD6346A+jS+kPmgPpz6uVqg++tKsPoJVrz64J7I+NA+1PstwuT4DXrs+EqK+Pgea
wT4V6MM+8nXIPjWxyz45Qcw+dZnQPkE91D6EiNQ+ZzLYPnBu2j5H4t4+pjHhPolW5T6Q0ec+
acTpPlV/7T4sVvA+gKHyPup29D4Ykvg+diP7Pku3/T7fPgA/7wICP+LBAj+/LAU/tR4FP5op
CD8LoQg/acQJP/6dDD/8WQw/RSQPP2cgED/+wBE/1y8TP4BcFT9qIRY/JxwXP584GD8y0Bk/
UjUbP7fUHD+Adh8/vDIgPzPqIT/tdyI/qlUkP5lEJT9NxCY/pV4oP5LgKT+aHys/kAUtP0H8
LT8GUDA/ejwyP7pHMj9FNjM/siQ0Pw==</AssayYData></Step><Step><CommonData><SampleLocation>5</SampleLocation><SampleID>BB</SampleID><SampleGroup></SampleGroup><SampleInfo></SampleInfo><SampleRow>F</SampleRow><SamplePlate>1</SamplePlate><WellType>BUFFER</WellType><Concentration>5</Concentration><ConcentrationUnits>µg/ml</ConcentrationUnits><MolarConcentration>5000</MolarConcentration><MolarConcUnits>nM</MolarConcUnits><MolecularWeight>-1</MolecularWeight><Temperature>30</Temperature><StartTime>516958</StartTime><AssayTime>60</AssayTime></CommonData><FlowRate>1000</FlowRate><StepType>BASELINE</StepType><StepName>Baseline 60</StepName><StepStatus>OK</StepStatus><ActualTime>60</ActualTime><CycleTime>0.2</CycleTime><AssayXData Points="300">vv/bQ1gZ3EPQMtxDi0zcQyRm3EO+f9xDN5ncQ/Gy3EOLzNxDBObcQ77/3ENYGd1D8TLdQ4tM
3UMkZt1DnX/dQ1iZ3UPQst1DaszdQwTm3UO+/91DWBneQ9Ay3kNqTN5DJGbeQ75/3kNYmd5D
0LLeQ4vM3kMk5t5Dvv/eQ1gZ30PxMt9DakzfQyRm30O+f99DeJnfQ9Cy30OLzN9DBObfQ53/
30O6GeBD8TLgQ2pM4EMEZuBDnX/gQzeZ4EPxsuBDi8zgQwTm4EOqAeFDWBnhQ/Ey4UOLTOFD
JGbhQ51/4UNYmeFD8bLhQ4vM4UMk5uFDvv/hQ1gZ4kPQMuJDDk3iQwRm4kOdf+JDN5niQ9Cy
4kNqzOJDJObiQ77/4kNYGeND8TLjQ4tM40MEZuND33/jQ1iZ40PQsuNDaszjQyTm40Od/+ND
NxnkQ9Ay5EOLTORDRWbkQ75/5EM3meRD0LLkQ2rM5EME5uRDvv/kQzcZ5UPQMuVDzEzlQwRm
5UOdf+VDN5nlQ9Cy5UOLzOVDBOblQ53/5UM3GeZD0DLmQ2pM5kMEZuZDnX/mQzeZ5kPQsuZD
aszmQyTm5kNBAOdDWBnnQ9Ay50NqTOdDJGbnQ51/50NYmedD8bLnQ2rM50Mk5udDvv/nQ1gZ
6EPxMuhDakzoQyRm6EO+f+hDWJnoQ/Gy6EOLzOhDJOboQ77/6ENYGelD8TLpQ4tM6UMkZulD
vn/pQ1iZ6UPxsulDi8zpQyTm6UO+/+lDmRnqQ9Ay6kOLTOpDJGbqQ75/6kNYmepD8bLqQ2rM
6kMk5upDvv/qQ1gZ60PxMutDi0zrQyRm60O+f+tDWJnrQ9Cy60OLzOtDBObrQ77/60NYGexD
8TLsQ2pM7EMkZuxDnX/sQzeZ7EPxsuxDaszsQyTm7EMmAe1DWBntQ/Ey7UOLTO1DJGbtQ51/
7UNYme1D0LLtQ4vM7UMk5u1Dvv/tQ1gZ7kPQMu5DakzuQwRm7kO+f+5DN5nuQ9Cy7kNqzO5D
BObuQ53/7kM3Ge9D8TLvQ4tM70MkZu9Dvn/vQzeZ70Pxsu9DaszvQwTm70Od/+9DNxnwQ/Ey
8ENqTPBDBGbwQ51/8EM3mfBD8bLwQ4vM8EME5vBDvv/wQzcZ8UPQMvFDi0zxQyRm8UO+f/FD
WJnxQ/Gy8UNqzPFDJObxQ53/8UM3GfJD0DLyQ4tM8kMEZvJDnX/yQzeZ8kObtPJDaszyQwTm
8kO+//JDmRnzQ/Ey80NqTPNDJGbzQ51/80M3mfND0LLzQ2rM80ME5vNDvv/zQ1gZ9EPQMvRD
akz0QwRm9ENogfRDN5n0Q9Cy9ENqzPRDBOb0Q77/9ENYGfVD8TL1Q2pM9UMEZvVDvn/1QzeZ
9UPQsvVDi8z1QwTm9UO+//VDmRn2Q9Ay9kOLTPZDRWb2Q75/9kNYmfZD8bL2Q4vM9kMk5vZD
/gT3Q1gZ90PxMvdDi0z3QyRm90O+f/dDWJn3Q/Gy90OLzPdDJOb3Q77/90NYGfhD8TL4Q4tM
+EMkZvhDvn/4Q1iZ+EPQsvhDi8z4QwTm+EO+//hDWBn5Q/Ey+UOLTPlDJGb5Q75/+UNYmflD
17P5Q2rM+UMk5vlD</AssayXData><AssayYData Points="300">G3mQP3NUkj+omZI/PFmSPxepkT8kd5E/UFCRP2XUkD8brpA/wOiPP0tLjz9jCpA/9rWOP8wF
jz9kQY4/t1GOP+IDjj8x0Y0/INmNP6kVjT9l6Iw/b4eMP8l8jD8584s/2CWMP9Ociz/BBYs/
lQiLP2A0ij9Bn4o/B92JP5EEij+fZIk/CkGJP2K2iD+tU4g/vhWIP4jQhz/3uYc/lSmHP2y2
hj+ytoY/q/yFPykAhj+q2IU/fT6FP4BthT925IQ/p7qEP4ZchD/X+4M/ssiDPwpwgz/xYII/
HcSCP38+gj+W4oE/0JqBP3dngT8/kYE/rZ6AP2SVgD/dvoA/owqAP25Cfz/fWH4/ds5+P/Ri
fT+d9Hw/uZ98P83Sez+SxHs/V4V6P46neT+v5nk/gxR5Pxe0eD9sOnc/u493P5h5dz825XU/
bLB0P/X1dD8KeXQ//idzP+Pccz/XhnM/vu9yP9ZMcT8sK3I/0RVxP1q+cD+L6W8/x1RvPxRO
bj8BvG0/4tVtP675bD+hSWw/a+ZrP0jnaz/si2o/Rl1rPzL+aj/zj2k/LcJpP+J7aD+Sv2g/
toFnP3Z3Zz/4ZmY/wVtmP4tEZj8V8WQ/D19lP0CmYz/ComM/uE1jPzlOZD+dTmM/AWliP1/0
YD96RWE/DhxhP4WnXz9aImA/YtZfP6QjXz9OJ18/4BNeP8TMXT+3s10/DMFdPyT7XD9L4lw/
BTlbP5f+Wz9YI1s/HrZaP48KWj/UyVk/aRVZP/whWT/EHFk/bd9YP6u6Vz+QvlY/sz9XP7Yv
Vz+mSFY/TlxWP2xRVT9rQ1U/OXZUPyaXVD88QlM/7qdTPww1VD8Uj1I/Ny9TPydYUj8F7VE/
bWhRP7jSUT/8OVE/pHdQP4RcUD/dnk8/lOlOP384Tz/W8U4/lQdOP3kQTj9o2U0/949NPyBm
Tj+EYk0/FXRMP8+dSz8oo0s/Z5tKP7V7Sz8N5Eo/qktKP1UGSj+zy0k/zaBJP6PVSD+fy0k/
7atIPwdkSD8E+kc//MpHPyQkRz8tX0c/x4JGP4Z3Rj9TGEY/jfVFPzGlRT/Y9kQ/83VFPxsN
RT9XFEU/HIFEP/uXQz9dxkM/ai5DP2nmQj/6e0I/SspBPz5RQj+N6UE/vqJBP75+QT8puEA/
Nq5APwCsQD8QpD8/BTpAPwYQQD+YnT4/1Jw+Pzr8Pz/GPz4/6OM+P61cPj9Y2T0/BTc+Pxwa
PT/NWT4//Os8P2Z1PT+/hzw/1Y49P8mpOz84+Ts/MH07P9YtOz80iDo/pP05P4SpOj+LzTo/
XYw6P/O6Oj8TiDk/CoY5P8TwOD/HNzk/Nug4PxN/OD9K/Tg/NsQ2P2NxNz/kzTc/Itk3P0T0
Nj9pWzc/ZZM2PxiGNj8zfzY/Gj02P+JFNj+phjU/i4s1P6jTNT/1UjQ/LPM1P7g0ND8qqTQ/
Hw40P3fTMz9q2DM/qE8zP+hrMz9pmjM/cBkzP4s0Mz8WYzM/1iEzP5vCMj8akjE/MGkyP7Jc
MT/npjE/QOwwP1aqMT/PcTE/h4UwP7xAMD/B3zE/Ei0xP2TVLz8cKzA/UgUwP4O1Lz8wgC8/
rW4wP/6SLz+rtS8/</AssayYData></Step><Step><CommonData><SampleLocation>6</SampleLocation><SampleID>Running Buffer</SampleID><SampleGroup></SampleGroup><SampleInfo>in Running Buffer</SampleInfo><SampleRow>F</SampleRow><SamplePlate>1</SamplePlate><WellType>BUFFER</WellType><Concentration>-1</Concentration><ConcentrationUnits>µg/ml</ConcentrationUnits><MolarConcentration>-1</MolarConcentration><MolarConcUnits>nM</MolarConcUnits><MolecularWeight>-1</MolecularWeight><Temperature>30</Temperature><StartTime>584771</StartTime><AssayTime>20</AssayTime></CommonData><FlowRate>1000</FlowRate><StepType>BASELINE</StepType><StepName>Baseline 20</StepName><StepStatus>OK</StepStatus><ActualTime>19.999</ActualTime><CycleTime>0.2</CycleTime><AssayXData Points="100">vv/5QzcZ+kPQMvpDi0z6QyRm+kOdf/pDN5n6Q9Cy+kNqzPpDJOb6Q53/+kM3GftD0DL7Q2pM
+0PpZvtDnX/7QzeZ+0PQsvtDasz7Q6fm+0Od//tDNxn8Q9Ay/EOLTPxDJGb8Q51//EM3mfxD
0LL8Q4vM/EME5vxDnf/8Q4sc/UPQMv1Di0z9Q0Vm/UOdf/1DHJr9Q/Gy/UNqzP1DBOb9Q53/
/UN4Gf5D8TL+Q4tM/kMkZv5Dvn/+Q1iZ/kPxsv5Di8z+QyTm/kO+//5DWBn/Q/Ey/0MvTf9D
JGb/Q75//0NYmf9D8bL/Q4vM/0Mk5v9Dnf//Q6wMAESJGQBERSYARBIzAETPPwBErEwARHlZ
AERFZgBEEnMARN9/AESsjABEeZkAREWmAEQSswBEUsAARKzMAER52QBEReYARBLzAETf/wBE
rAwBRHkZAUQ1JgFEEjMBRN8/AUSbTAFEeVkBREVmAUQScwFE338BRKyMAUR5mQFERaYBRAKz
AUTfvwFErMwBRGjZAURF5gFEAvMBRA==</AssayXData><AssayYData Points="100">uXfnPjOXuD5yVp4+9kuPPvE7iT45mYQ+hmKDPlgBgz6Ot4M+afWDPjVBgj7g2YQ+MZSFPuSP
gj6EtYQ+ZwCFPqJshj4wr4Q+LWSGPq+ShT51WYc+lQaGPn9chz4YF4g+4NCGPlCTiD4L+YY+
QGGHPvqDiD62moc+UUqJPtDFiD5bNYg+aAuJPoJsiD4inIc+qL2HPu5niD64xok+FAGJPhMO
iT4CfIg+HE6IPpOZiT64gYk++ECLPp3kij6L6ok+SNOJPqlAiT7+J4o+T9SJPjZlij4ag4o+
aTiKPnPniT5oQok+KfWJPo9YiT4egIo+lX+KPkkLiz7B7Io+eN+KPubYiz4mcoo+GnSKPj4G
iz63yo0+976KPp4FjD4LjI0+m5uKPtC2ij5T/os+JB6MPiXTjD6Jiow+FqOMPsNljD7yrYs+
rrKMPjaujT6/wYs+CTWMPif/jD5M14s+LpuLPlOAij4yx4w+MoGOPlv7jD48D4w+v4COPql/
jD5mZIs+kluNPueBjD5lOYw+23WOPg==</AssayYData></Step><Step><CommonData><SampleLocation>7</SampleLocation><SampleID>aKappa 50ug/ml</SampleID><SampleGroup></SampleGroup><SampleInfo></SampleInfo><SampleRow>F</SampleRow><SamplePlate>1</SamplePlate><WellType>KSAMPLE</WellType><Concentration>-1</Concentration><ConcentrationUnits>µg/ml</ConcentrationUnits><MolarConcentration>-1</MolarConcentration><MolarConcUnits>nM</MolarConcUnits><MolecularWeight>-1</MolecularWeight><Temperature>30</Temperature><StartTime>613075</StartTime><AssayTime>120</AssayTime></CommonData><FlowRate>1000</FlowRate><StepType>ASSOC</StepType><StepName>Association</StepName><StepStatus>OK</StepStatus><ActualTime>119.999</ActualTime><CycleTime>0.2</CycleTime><AssayXData Points="600">z/8BRJwMAkRpGQJENSYCRAIzAkS/PwJEnEwCRGlZAkQ1ZgJEE3MCRM9/AkScjAJEaZkCRDWm
AkQCswJEz78CRJzMAkRp2QJENeYCRALzAkTP/wJEnAwDRGkZA0Q1JgNEAjMDRL8/A0ScTANE
u1kDRDVmA0TycgNEz38DRIuMA0RYmQNENaYDRAKzA0S/vwNEnMwDRFjZA0Q15gNEAvMDRM//
A0ScDAREWBkERDUmBEQCMwREzz8ERJxMBERYWQRERmYERERzBETPfwREnIwERGmZBEQlpgRE
ArMERM+/BESczAREmtkERDXmBETy8gREv/8ERIsMBURpGQVENSYFRPIyBUTPPwVEi0wFRFhZ
BUQ1ZgVEAnMFRM9/BUSLjAVEaZkFRCWmBUTysgVEv78FRJzMBURp2QVENeYFRPLyBUS//wVE
iwwGRGkZBkR3JgZE8jIGRL8/BkScTAZEWFkGRCVmBkTycgZEv38GRIuMBkRYmQZEJaYGRAKz
BkTPvwZEi8wGRFjZBkQl5gZE8vIGRM//BkSLDAdEWBkHRCUmB0TyMgdEN0EHRJxMB0RYWQdE
NWYHRBNzB0S/fwdEnIwHRFiZB0QlpgdE8rIHRL+/B0SLzAdEWNkHRCXmB0QC8wdEv/8HRIsM
CES7GQhENSYIRPIyCETPPwhEi0wIRFhZCEQ1ZghEAnMIRL9/CESLjAhEaZkIRCWmCEQCswhE
z78IRIvMCERp2QhENeYIRALzCETP/whEnAwJRGkZCUQ1JglEZDMJRM8/CUScTAlEaVkJRGdm
CUQCcwlEz38JRJyMCURpmQlENaYJRAKzCUTPvwlEnMwJRInZCUQ15glEAvMJRM//CUTdDApE
aRkKRDUmCkQCMwpEzz8KRM1MCkRYWQpENWYKRAJzCkTPfwpEnIwKRGmZCkQ1pgpEArMKRL+/
CkSczApEadkKRDXmCkQC8wpEz/8KRJwMC0RYGQtEdyYLRPIyC0TPPwtEnEwLRFhZC0Q1ZgtE
8nILRM9/C0ScjAtEWJkLRDWmC0QCswtEv78LRJzMC0Rp2QtENeYLRPLyC0S//wtEnAwMRFgZ
DEQlJgxEAjMMRM8/DEScTAxEWFkMRDVmDETycgxEv38MRIuMDERYmQxENaYMRPKyDES/vwxE
i8wMRHnZDEQl5gxE8vIMRL//DEScDA1EqhkNRCUmDUQjMw1Ezz8NRJxMDURYWQ1EJWYNRPJy
DUS/fw1Ei4wNRFiZDUQlpg1E8rINRM+/DUSczA1EadkNRCXmDUTy8g1Ev/8NRIsMDkRYGQ5E
JSYORAIzDkTPPw5Ei0wORFhZDkQlZg5E8nIORL9/DkScjA5EupkORCWmDkTysg5Ez78ORKzM
DkRY2Q5EJeYORPLyDkS//w5EiwwPRHkZD0QlJg9EAjMPRL8/D0SLTA9EeVkPRDVmD0Tycg9E
v38PRIuMD0RYmQ9EJaYPRPKyD0TPvw9EnMwPRGnZD0Q15g9EAvMPRM//D0ScDBBEaRkQRDUm
EEQCMxBEzz8QRJxMEESaWRBENWYQRAJzEETPfxBEnIwQRGmZEEQ1phBEArMQRN+/EESczBBE
adkQRCXmEEQC8xBEIQARRJwMEURpGRFENSYRRAIzEUTPPxFEi0wRRGlZEUQ1ZhFEAnMRRM9/
EUScjBFEWJkRRDWmEUQCsxFEz78RRIvMEUS62RFENeYRRALzEUS//xFEnAwSRGkZEkQ1JhJE
8jISRM8/EkScTBJEaVkSRDVmEkQCcxJEv38SRJyMEkRpmRJENaYSRPKyEkSDwBJEi8wSRFjZ
EkQ15hJEAvMSRL//EkSLDBNEWBkTRCUmE0QCMxNEzz8TRItME0RpWRNENWYTRPJyE0TPfxNE
i4wTRGmZE0QlphNEArMTRM+/E0T+zBNEWNkTRCXmE0QC8xNEz/8TRM0MFERYGRREJSYURPIy
FES/PxREi0wURFhZFEQ1ZhREAnMURM9/FEScjBREWJkURDWmFETyshREv78URIvMFERp2RRE
VuYURPLyFETP/xREiwwVRFgZFUQlJhVE8jIVRL8/FUSLTBVE7FkVRCVmFUTychVEv38VRIuM
FURYmRVEJaYVRAKzFUS/vxVEi8wVRFjZFUQl5hVE8vIVRPD/FUSLDBZEWBkWRCUmFkQCMxZE
zz8WRItMFkRpWRZEJWYWRAJzFkS/fxZEi4wWRFiZFkQlphZE8rIWRM+/FkSLzBZEadkWRDXm
FkQC8xZEz/8WRJwMF0RpGRdENSYXRAIzF0TPPxdErEwXRGlZF0Q1ZhdE8nIXRM9/F0ScjBdE
aZkXRDWmF0QCsxdEz78XRJzMF0Rp2RdENeYXRETzF0TP/xdEnAwYRGkZGEQ1JhhEAjMYRM8/
GEScTBhEaVkYRDVmGEQCcxhEz38YRJyMGERYmRhENaYYRAKzGES/vxhEvcwYRFjZGEQ15hhE
AvMYRL//GESLDBlEaRkZRDUmGUQCMxlEvz8ZRJxMGURpWRlEJWYZRPJyGUS/fxlEnIwZRGmZ
GUQ1phlE8rIZRL+/GUSczBlEadkZRCXmGUQC8xlEz/8ZRIsMGkRYGRpEJSYaRAIzGkS/PxpE
rEwaRGlZGkQ1ZhpE8nIaRL9/GkScjBpEaZkaRDWmGkTyshpEz78aRJzMGkRp2RpENeYaRPLy
GkTP/xpEiwwbRFgZG0QlJhtEAjMbRM8/G0ScTBtEWFkbRDVmG0TychtEv38bRJyMG0RYmRtE
NaYbRPKyG0TPvxtEi8wbRJrZG0Ql5htEAvMbRL//G0SLDBxEWBkcRCUmHETyMhxEvz8cRItM
HERYWRxEJWYcRAJzHES/fxxEi4wcRFiZHEQlphxEE7McRL+/HESLzBxEWNkcRLjmHEQC8xxE
z/8cRIsMHURpGR1EJSYdRAIzHUS/Px1EnEwdRFhZHUQlZh1EAnMdRL9/HUSLjB1EWJkdRDWm
HUQCsx1Ev78dRIvMHURp2R1ENeYdRALzHUTP/x1EnAweRGQbHkQ1Jh5EAjMeRM8/HkScTB5E
aVkeRDVmHkQCcx5Ez38eRJyMHkRpmR5EVqYeRAKzHkS/vx5EnMweRFjZHkQ15h5EAvMeRL//
HkScDB9EaRkfRDUmH0QCMx9Ezz8fRItMH0RpWR9ENWYfRAJzH0RCgB9Ei4wfRGmZH0Q1ph9E
ArMfRN+/H0SczB9EWNkfRCXmH0Ty8h9E</AssayXData><AssayYData Points="600">xdP2PigJCz/jrhE/UsUUP/5jFT8J8hU/CI0WP/I/Fz9TFBg/9TUYP+zXGD/92Bg/i4AZP6K3
GT/Vohk/o/4aP6MXGz9+OBw/CJ4cP0TkHD+F3xw/NwQeP7YPHj8B7h0/ZRkfP524Hz97nyA/
ez0gP2MVIT+uTiE/d2YiP8UKIj8uciI/TmgiP0SzIz/0jyM/og8kP4urJT/HaiU/KTslPykf
Jj94ECY/FtwmP9nCJz+5Qyc/x2AnP84EKD8Akic/LNYoP3vsKD/J3yg/rCEpP3UPKj+Elio/
ZeopP1SEKj/iPSs/53YrP7tuKz9vpiw/39IsP7eFLD89qi0/IXUtP3+3LT8bWC0/rf8tP+o6
Lj/jTS8/wDIvP9+zLz8whC8/KmEvP9eILz81VjA/iB0wPyXeMD8esDA/Xk0xPxbaMT98bjI/
v14xP2JpMT9W9jE/+J4yP1gLMj8ZizM/eyEzPzwvND+5fDM/Tow0P7mkND9wQzQ/r2o0P1FT
NT9/IzU/ViU1PzgENj9b9TQ/lgI2P+5KNj/HTTY/et41P8VrNj8bvjc/qfw3PxEaNz+HoTc/
3Ak4PwNeNz83CTg/PBo4P3NzOD+aWjg/mG04PyU4OT9irTk/P8c5P4RhOj8Gjzk/Usc5P8fs
OT9gFjo/i9I6P/y2Oj9ywjo/XUI7PwFEOz//ajs/MKg6PzV2Oz/SqTw/PlI8P/aXPD84tTs/
5Gc8PwmhPD8ODj0/0Uo8P+sIPT98ez0/J9I9PzpIPj+N5Dw/F78+P7EoPT8XND0/wGQ+Pz0R
Pj+fpj4/vLo+Py2qPj/pXD8/4UM/P9cIQD+cUT8//7M/P9/0Pj/LLUA/0fdAPwd5Pz/8hEA/
DYZAP46dQD+dJEA/wa9AP7QsQD8re0A/sI1AP7kqQT9H4EE/wpZBPz1wQT8oKUE/pGBBP3b2
QT+XM0I/OJdCP/BmQj8uU0I/0aVCPyRcQj8JqEI/865CP3T/Qj+d/0I/DFxDP+QjQz/Ax0I/
jvlCP4Z8RD+ey0Q/6hNEPz/xQz/WQ0Q/c/VDPyKzRD/ZfkQ/FNREPyL/RD+0v0Q/l8BFPynt
RT/kFkY/1qtFP3qQRT9yE0U/VZhFPzKhRT8gVUU/CcNFPxB1Rj+qHEY/6gRGP5n5RT8ZZkU/
Gv9GP3j0RT/BJEc/ZltGP9xeRj/Mz0c/diFHPx84Rj/laEc/7wNIPwtkRz+gHEc/rCVHP+HX
Rz+1akc/yTBIP6GGRz82wkg/s55IP0/jRz+/lEc/BCxIP2ZeSD9sYUg/ZzdJP2I1ST9IrUg/
g89JP/JJST/plkg/I89JP6CeST+910k/SCNJP8TDST9Vq0k/R2hKP8WIST/ilEk/s9RJP1RH
Sj87Fko/++FJPxd0Sj9wsUo/Pk1KPz0kSj9I+ko/Vs1KP/ufSj/AYEs/4dtLP3efSz+RxEo/
zX9LP6eCSz+JgUs/EX5LP7xiSz9fDUs/DKdLP85JSz+0Hkw/LvRLP22zSz9fyEs//wlMP9C1
TD++XUw/NctLP/MATT8cJUw/s61MP22nTD9Fw00/6TZNP32FTT9ih00/uBhNP6QATT9XXk0/
dg1OP9DmTD8NyE0/CCpOPwDcTT9itU0/pk5NP8mvTT99HU4/8PBNPwzITj/sS04/c91OP/TU
TT/pX08/wQxOPxZkTz8eeU4/t7VOP4bOTj8DD08/TRJPP8ySTj9rqU8/lqFPP0AyTz/j+k8/
65dPP+3/Tz8gpU8/rBVQP92mTz+OZU8/BwxQP//1Tz+aWFA/eIRPP3D3Tz+m/1A/CgZQP0s4
UD8oAVA/cdZPP4qpUD8+zFA/NS1RP8doUD/CBlE/vexQP2qIUD82/VA/ru5RP6sAUT9jTlI/
FXVRP5xwUT/3F1I/Z9RRPwWvUD9kRVE/omFRP8kcUT/1+lE/EUlSPyPRUT/Mc1I/JstRP2OE
Uj+C61I/wORSPzroUT8fWFI/6JxSP3gWUj+xw1E/hpBSP+JhUj8tx1I/i1pSPx3LUj/KFFM/
ZDdSP88zUz/I7VM/pexSPwNyUz8n31I/+3dTP+8tVD9gv1Q/u/lSP79aUz9uo1M/H9NTPwFz
Uz9pZ1M/pt1TP3a4Uz/p9lI/ripUP9IzVD8eslM/JSNUP1iPVD+CuVQ//U5UPzEsVD8+FFQ/
8ZJUPwa0VD8LX1Q/eblUP/d5VD/4/VM/f4RUP/BHVT+kSFU/pCVVPx9aVT8DUFU/aYBUP1Zk
VT8oz1Q/brJUP5keVT9msVQ/Qa9VP8lHVD+HFlY/NgxWP7YAVT9mWFU/trZVP5FZVT/b/FU/
QVhWP0DiVT+ONlY/09hWP6d2Vj+Y2VU/fg9XP9WVVj8xIVY/VgFXP6jHVj8wAlY/ZlRWP+9K
Vj/bblY//rVWP6vxVj+XcVY/3OtWP95cVz9N8VY/xxNXP09BVz8KgFY/83NXP0o/Vz/HQ1g/
E/1XP+akVz+yAVY/YXtXP7pKVz98NVc/6WxXP/gpWD/CS1c/qopXP2e5Vz/hJFg/apZXP7u2
Vz9/3Vc/iQ5XP/F0WD/GSVc/3/JXPxZUWD+h+1c/jWZYPxmyVz/3PVg/xJ9YP2pEWD+Sylg/
opNYP61wWD8b0Vg/595YP/s/Wj9JFlk/V69YP8/+WD8yiFg/Ue9YP7geWT/SIVk/ihJZPzEI
WT9sJVo/dgtaP3prWD+8zVk/jdVZPwm4WT+Q51k/AOlZPw0kWT+42Fk/tcNZP9XxWD/5i1k/
5tpZP+a3WT8pdlk/biZZPz8GWj/ec1o/jkpZPwwyWT8aqFk/k+5ZP91IWj/YSFo/WFdaPy99
Wj9cWFo/zDVaPycKWj93R1o/FU9aP9DbWj95Blo/EnlaPyHAWj9zuVo/k2JbP8SxWz/RcVs/
vYlaP/kZWz8htFo/IFtaP58cWz9Ar1o/DSlbP2AOWz+miVo/8u1aP27dWz81Slw/o+NaP+Mh
Wz8zsFs/k+BbP8ibWz9IwFs/41dbP6HxWz8jOVw/7cdbP3MLXD9mmFs/UhdcPw8/XD+dZ1w/
KMdbP0l0XD80JFw/q/BbP1m6Wz+sUF0/mc5bP5I2XT+NpVw/tKlcP/kOXT+wU10/2DJdP+Dt
XD+9nVw/HG5cPyh7XD+BUFw/2ZNcP8wrXT9mrFw/VyldPyK/XT9Byl0/aZhdP0BRXD/Pu1w/
eOddPwZuXT9YYl0/6N1dP1hWXT8cIl0/</AssayYData></Step></KineticsData></ExperimentResults>
