<?xml version="1.0" encoding="UTF-8" standalone="yes"?>
<ExperimentResults><ExperimentInfo Name="20250917 PE P5216 - 5377 plate 1 kappa 50 ugl"><ExpDescription>AHC example method - full characterization&#13;
Analyte titration series with reference channel</ExpDescription><RTDVersion>2.0</RTDVersion><RunID>3B9E1F69-E451-4552-8C9D-CFED4D62EEC8</RunID><ExperimentType>KINETICS</ExperimentType><ExperimentSubType>KBASIC</ExperimentSubType><StartDateTime>2025-09-17T15:12:20</StartDateTime><MachineName>BN7KX12</MachineName><UserName>octet</UserName><LotNumber></LotNumber><PlateName>250917</PlateName><PlateName2></PlateName2><SensorName>H4</SensorName><SensorPlate>1</SensorPlate><SensorType>AHC (Anti-hIgG Fc Capture)</SensorType><SensorRole>LIGAND</SensorRole><SensorInfo></SensorInfo><WritingSW>DataAcquisition.exe 11.0.2.1</WritingSW><InstrumentType>OctetRED96</InstrumentType><InstrumentSerial>FB-50284</InstrumentSerial><InstrumentFW></InstrumentFW><IntegrationTime>2.4</IntegrationTime><DSPType>CPF</DSPType><DSPStitching>1</DSPStitching><HasManifest>1</HasManifest><InfoHash>268837178</InfoHash></ExperimentInfo><AssayParamsInfo/><KineticsData><Step><CommonData><SampleLocation>1</SampleLocation><SampleID>Running Buffer</SampleID><SampleGroup></SampleGroup><SampleInfo></SampleInfo><SampleRow>H</SampleRow><SamplePlate>1</SamplePlate><WellType>BUFFER</WellType><Concentration>-1</Concentration><ConcentrationUnits>µg/ml</ConcentrationUnits><MolarConcentration>-1</MolarConcentration><MolarConcUnits>nM</MolarConcUnits><MolecularWeight>-1</MolecularWeight><Temperature>30</Temperature><StartTime>613075</StartTime><AssayTime>180</AssayTime></CommonData><FlowRate>1000</FlowRate><StepType>BASELINE</StepType><StepName>Baseline 1</StepName><StepStatus>OK</StepStatus><ActualTime>179.999</ActualTime><CycleTime>0.2</CycleTime><AssayXData Points="900">AAAAAM3MTD7NzMw+mpkZP0SLTD8AAIA/mpmZPzMzsz8IrMw/okXmPwAAAEBqvAxAmpkZQARW
JkDRIjNAAABAQM3MTEA3iVlABFZmQNEic0AAAIBANV6GQM3MjEACK5NAaJGZQM/3n0BmZqZA
nMSsQDMzs0BokblAz/e/QDVexkCcxMxAMzPTQJqZ2UDP999ANV7mQJzE7EACK/NAaJH5QM/3
/0AzMwNBTmIGQYGVCUG0yAxB5/sPQTMzE0FOYhZBgZUZQbTIHEHn+x9BMzMjQU5iJkGBlSlB
tMgsQef7L0EzMzNBTmI2QYGVOUG0yDxB5/s/QRsvQ0F/akZBmplJQbTITEHn+09BGy9TQWZm
VkGamVlBzcxcQQAAYEEzM2NBZmZmQZqZaUHNzGxBAABwQTMzc0FmZnZBmpl5Qc3MfEEAAIBB
mpmBQTMzg0HNzIRBZmaGQfT9h0GamYlBMzOLQc3MjEFmZo5BAACQQZqZkUEzM5NBzcyUQWZm
lkH0/ZdBmpmZQTMzm0HBypxBZmaeQQAAoEGNl6FBMzOjQc3MpEFmZqZBAACoQY2XqUEzM6tB
zcysQWZmrkEAALBBjZexQTMzs0HNzLRBZma2QQAAuEGamblBMzO7QcHKvEFmZr5B9P2/QZqZ
wUEzM8NBzczEQVpkxkEAAMhBmpnJQScxy0HNzMxBZmbOQQAA0EGNl9FBJzHTQc3M1EFaZNZB
AADYQZqZ2UEzM9tBwcrcQWZm3kH0/d9BjZfhQTMz40HByuRBZmbmQfT950GNl+lBJzHrQcHK
7EFaZO5B9P3vQY2X8UEzM/NBzcz0QVpk9kEAAPhBjZf5QTMz+0HNzPxBWmT+QQAAAELHywBC
mpkBQmZmAkIzMwNC+v4DQsfLBEKamQVCZmYGQjMzB0L6/gdCx8sIQpqZCUJgZQpCLTILQvr+
C0LNzAxCmpkNQmBlDkIzMw9C+v4PQs3MEEKTmBFCZmYSQi0yE0L6/hNCx8sUQpOYFUJgZRZC
LTIXQvr+F0LHyxhCk5gZQmBlGkIzMxtC+v4bQsfLHEKTmB1CYGUeQi0yH0L6/h9Cx8sgQpOY
IUJgZSJCOTQjQvr+I0LHyyRCmpklQmZmJkIzMydCAAAoQs3MKEKamSlCZmYqQjMzK0IAACxC
zcwsQpqZLUJmZi5CMzMvQgAAMELNzDBCmpkxQmZmMkIzMzNCAAA0Qs3MNEKamTVCYGU2QjMz
N0IAADhCzcw4QpqZOUJmZjpCMzM7QgAAPELNzDxCk5g9QmZmPkIzMz9CAABAQs3MQEKamUFC
ZmZCQjMzQ0L6/kNCzcxEQpqZRUJmZkZCMzNHQvr+R0LNzEhCk5hJQmZmSkIzM0tCAABMQs3M
TEKamU1CZmZOQjMzT0L6/k9CzcxQQpqZUUJmZlJCMzNTQgAAVELNzFRCmplVQmBlVkIzM1dC
+v5XQs3MWEKTmFlCZmZaQjMzW0IAAFxCx8tcQpOYXUJmZl5CMzNfQgAAYELHy2BCmplhQmBl
YkIzM2NC+v5jQs3MZEKamWVCYGVmQjMzZ0L6/mdCzcxoQpqZaUJgZWpCMzNrQvr+a0LNzGxC
k5htQmZmbkIzM29C+v5vQs3McEKamXFCYGVyQi0yc0IAAHRCx8t0QpOYdUJgZXZCLTJ3Qvr+
d0LHy3hCmpl5QmBlekIzM3tC+v57QsfLfEKTmH1CYGV+Qi0yf0L6/n9CZmaAQkrMgEKwMoFC
F5mBQn3/gULjZYJCSsyCQrAyg0IXmYNCff+DQuNlhEJKzIRCsDKFQheZhUJ9/4VC42WGQkrM
hkIzM4dCmpmHQn3/h0LjZYhCzcyIQrAyiUKamYlCff+JQuNlikLNzIpCMzOLQheZi0IAAIxC
ZmaMQs3MjEIzM41CmpmNQgAAjkJmZo5CzcyOQjMzj0KamY9CAACQQmZmkELNzJBCMzORQpqZ
kUIAAJJCZmaSQs3MkkIzM5NCF5mTQgAAlEJmZpRCzcyUQjMzlUKamZVCAACWQmZmlkLNzJZC
sDKXQpqZl0IAAJhCZmaYQs3MmEIzM5lCmpmZQgAAmkJmZppCzcyaQjMzm0KamZtCAACcQmZm
nELNzJxCMzOdQheZnUIAAJ5CZmaeQs3MnkIzM59CmpmfQgAAoEJmZqBCzcygQrAyoUKamaFC
AACiQmZmokJKzKJCMzOjQheZo0IAAKRC42WkQs3MpEIzM6VCmpmlQgAApkLjZaZCSsymQrAy
p0KamadCiQGoQmZmqELNzKhCMzOpQheZqUJ9/6lCZmaqQs3MqkKwMqtCF5mrQgAArEJmZqxC
SsysQrAyrUIXma1CAACuQuNlrkJKzK5CMzOvQpqZr0IAALBCZmawQs3MsEIzM7FCmpmxQn3/
sULpZrJCzcyyQrAys0KambNCff+zQuNltEJKzLRCMzO1QheZtUJ9/7VC42W2QkrMtkKwMrdC
F5m3Qn3/t0JmZrhCzcy4QrAyuUIXmblCff+5QuNlukJKzLpCMzO7QheZu0J9/7tC42W8QkrM
vEKwMr1CF5m9QgAAvkLjZb5CSsy+QrAyv0IXmb9Cff+/QuNlwEJKzMBCsDLBQheZwUJ9/8FC
ZmbCQkrMwkKwMsNCF5nDQn3/w0KRbcRCzczEQjMzxUKamcVCAADGQmZmxkJKzMZCMzPHQpqZ
x0IAAMhCZmbIQs3MyEIzM8lCmpnJQgAAykJmZspCzczKQjMzy0IXmctCAADMQmZmzELNzMxC
MzPNQpqZzUIAAM5CZmbOQs3MzkIzM89CmpnPQgAA0EJmZtBCzczQQrAy0UKamdFCAADSQuNl
0kLNzNJCsDLTQheZ00IAANRCZmbUQs3M1EIzM9VCF5nVQgAA1kJmZtZCzczWQjMz10IdmtdC
AADYQuNl2ELNzNhCMzPZQpqZ2UIAANpC42XaQs3M2kKwMttCF5nbQgAA3ELjZdxCzczcQjMz
3UKamd1CAADeQmZm3kLNzN5CsDLfQheZ30IAAOBC42XgQs3M4EIzM+FCF5nhQn3/4UJmZuJC
zcziQjMz40IXmeNCff/jQuNl5EJKzORCMzPlQpqZ5UIAAOZCmG7mQs3M5kIzM+dCmpnnQn3/
50LjZehCSszoQrAy6UKamelCff/pQuNl6kJKzOpCMzPrQpqZ60J9/+tCZmbsQs3M7EKwMu1C
F5ntQn3/7UJmZu5CSszuQrAy70IXme9CAADwQuNl8EJo0fBCsDLxQheZ8UIAAPJC42XyQkrM
8kKwMvNCmpnzQgAA9ELjZfRCSsz0QrAy9UIXmfVCff/1QuNl9kJKzPZCMzP3QheZ90IAAPhC
42X4QkrM+EIzM/lCF5n5QgAA+kLjZfpCSsz6QrYz+0IXmftCff/7QuNl/ELNzPxCsDL9QpqZ
/UIAAP5CZmb+QrLd/kI/Nf9Cmpn/QoMAAEMzMwBDZmYAQ5qZAEPNzABDAAABQzMzAUNmZgFD
WJkBQ83MAUMAAAJDMzMCQ2ZmAkNYmQJDzcwCQwAAA0MzMwNDZmYDQ1iZA0OLzANDAAAEQzMz
BENmZgRDmpkEQ83MBEMAAAVDMzMFQ2ZmBUNYmQVDzcwFQwAABkPyMgZDJWYGQ5qZBkPNzAZD
vv8GQzMzB0NmZgdDmpkHQ4vMB0O+/wdDMzMIQ2ZmCENYmQhDzcwIQ77/CEPyMglDJWYJQ5qZ
CUOLzAlDAAAKQzMzCkMlZgpDmpkKQ83MCkMAAAtDMzMLQ2ZmC0OamQtDzcwLQwAADEMzMwxD
ZmYMQ5qZDEOLzAxDvv8MQ/IyDUMlZg1DWJkNQ4vMDUMAAA5DMzMOQyVmDkNYmQ5DzcwOQ77/
DkMzMw9DZmYPQ1iZD0PNzA9Dvv8PQ/IyEENmZhBDmpkQQ83MEEO+/xBDMzMRQyVmEUNYmRFD
i8wRQwAAEkMzMxJDJWYSQ1iZEkOLzBJDAAATQ/IyE0NzaBND55sTQ4vME0MAABRD8jIUQyVm
FENYmRRDi8wUQ77/FEPyMhVDZmYVQ1iZFUOLzBVDvv8VQ/IyFkMlZhZDWJkWQ83MFkO+/xZD
MzMXQ2ZmF0NYmRdDi8wXQ77/F0MzMxhDJWYYQ1iZGEOLzBhDvv8YQzMzGUOoZhlDWJkZQ1bO
GUO+/xlDMzMaQ2ZmGkNYmRpDzcwaQwAAG0MzMxtDZmYbQ5qZG0PNzBtDAAAcQzMzHENmZhxD
mpkcQ83MHEMAAB1DMzMdQ2ZmHUOamR1DzcwdQwAAHkMzMx5DZmYeQ1iZHkPNzB5DAAAfQzMz
H0NmZh9DmpkfQ83MH0MAACBDMzMgQyVmIEOamSBDzcwgQwAAIUMzMyFDZmYhQ5qZIUPNzCFD
AAAiQ/IyIkNmZiJDmpkiQ4vMIkMAACNDMzMjQ2ZmI0MMoiNDzcwjQwAAJEPyMiRDZmYkQ1iZ
JEOLzCRDvv8kQ/IyJUNmZiVDmpklQ83MJUMAACZD8jImQ2ZmJkNYmSZDi8wmQ77/JkMzMydD
x2snQ1iZJ0PNzCdDvv8nQ/IyKEMlZihDmpkoQ83MKEMAAClDMzMpQ2ZmKUNYmSlDi8wpQwAA
KkMzMypDJWYqQ1iZKkPNzCpDvv8qQzMzK0MlZitDmpkrQ4vMK0MAACxD8jIsQyVmLEOamSxD
i8wsQ77/LEPyMi1DZmYtQ1iZLUPNzC1DAAAuQzMzLkMlZi5DWJkuQ4vMLkO+/y5D8jIvQyVm
L0NYmS9Di8wvQwAAMEPyMjBDqGYwQ1iZMEOLzDBDvv8wQ/IyMUNmZjFDmpkxQ4vMMUMAADJD
MzMyQyVmMkNYmTJDi8wyQ77/MkPyMjNDJWYzQ1iZM0OLzDND</AssayXData><AssayYData Points="900">AAAAAPpCpDv31s47wFrhOztutTscEic8NSMtPI1BQTw8p348hgNSPLKXhDwYyiY8Jft0PKmD
czwue6c8TlRuPIU3hTzBpYI8BLWWPCEQnzwBPKQ8/0GlPIqLvDyH3Lg84BquPPI02jx9PbQ8
rGWjPDqJyTyTjbk8NLPfPMm1zTzHPc88nfLbPDhP2TzGEcc8pEXoPJ+r+DzjHeQ8zQPlPCJn
+jypHPw8lgnuPA75CD3la/k8eSsKPUC28zxs9Q09i03vPCiDAz2k0AQ9Xf0MPcLsFT2VnQ89
8D8MPfV5BD0UgA49tX8YPbKUFT1E2hA9rRgbPRWaET0wlRY9PdsSPTohET0IISU9lY4WPZPA
KT1Kyxs92GIgPQzoMz1CLh09b6wePeBTIj2sTjU94DwnPQ4DJT2qtCs9fGEjPfR+JD3UBi89
2qouPQVZNT1M/yI9RCVFPXr+Nj2qkjk9NVYvPV1gRD1fwjM9L9w1Pc/aNT0svFE9W1pSPaTS
RD1Z2kk9iIREPSsbSz2k6UA9mJwyPdD2MT3cZ0s99UVFPRe4Oz29SU892pxMPYs7Tj0OC0I9
TLNSPb4FOT3HRVc9uDtdPSO3Uz0jMlU9FrNQPZpuTz0je2A9ddpVPcaaUT3ibnM9kSZUPVEp
YD0kul89qbZRPXzgXT1I01Q9DFZWPcf/XT1PsWc9zhZdPTlzaD0wx2I9DWxwPfCXYz3+HWA9
6YNXPW1tdj1pG3A9maduPY6vYj2LOHE9sO5uPcjhXT1722M9rTqAPdDNeD3ft4I9sxlxPUEC
ez2Amns9/dh2PeEJeT3P8XY93haEPRIRcT18GHs9/NZ6PfdXdD3gtHY9+gBoPSUDfT1kVYE9
86xxPTHtgz12KoA9kBeHPSlKgD3CSIQ9vUh9PTXhhD1/75A9nGZ+PYdWhz3gc4U9F0+NPTKD
iz3h0oY9RGeLPebzjD2rbIU9MbGLPcU1hT1N24g9TmKJPevRhz0fMIY9l1qKPQMqjz1V0YQ9
mhCKPcwdhz1uYJA9N+CNPZiWjj0R85E9osWPPaNxjj30+Is9mV+TPXfvkD0hSo89p+SQPUXk
iz0gr5g9LiSNPSx5lj0r7Jc9FymSPZ8ylD3AxZM93QWpPUrclD0QqJg9xhSfPYBNkz2dAZU9
f9qZPafulT3mQpw9lGabPQvRmT1vaJc94AiUPSoAlz1w15491uKdPSAVnD32HZ09WYChPS6a
lz2nQ6E99vaaPRORpT1ivJ49TWqYPZ/QnT2Cj549XcCgPdrmmD0Zx509nRelPR+xoz2AGp89
2D2qPdFXpD0mQp89TQGiPfwKoz1b46M9kF2hPe2Fnj01lac960imPS1cqT3EwqI9k72qPetJ
qD33q6c9sgGuPcuHoz1xDak968auPXocpT311qM9tEepPZ+zsz08I649qDqoPWttrj2EBKs9
TCaxPY1vsj0q/aw9qpOrPSyksj0tjLg9UKexPZxstj2uias9cdivPUdLtD2QPrA9FO6xPTBZ
sj358K494QayPcjeqj3+gK09o1CuPY+bsT2G2rM9TputPfsDsT2Hqbc9Cu+6PX1osj0SS7k9
lWa5PZJquD09k7Y9ooWwPbK4vD1WErQ9O9C1PRMOsD1GyLs9Z8u4PdP2tD0gPLk9geC5Pfjg
tz28fbk9acC2PU5rvz06Dbk91HW3PaGevD17srk9ekbEPQRIwT3A6r094uG0PVoEvT1u/sQ9
n/O9PUrDvD2Qab49Mxm8PQIzvz1Lo8Q9bM66Pc4XuD0J27s9MxTAPaaUwz1hS8Q9jwHFPfuJ
wj0zosU90/q3PbH4xD0GGsM9zDnIPU2yvj0gJcY9oY/BPeg8xj2nP8g9PZa/Pb0sxz3tvMc9
+3vHPUMBxD3XGMU9Pl/EPaYoxj2ncM09Wv3KPZyYxz0M7Mc9SDDLPaoAwj24I8g9UDzNPUQW
yD0BQs09bg7LPVySzz1aysQ9Z1zJPcHYzj3SDM09np7OPS7uyD3P6NI9LRrHPXH+yj3DbMs9
GBTUPQKw2D192809+AnMPUGPzT3Wwss9QTTZPdtc0j0tRtA9fsjWPYAbzz2bE9A90afOPZTc
zT0kC8493BLWPRtA1T0qqdQ9MOHTPULB0z1J0dk9jBPTPU/A0j0YmtI92fLUPW3L1T2pJtw9
5DbdPTpL2T1Hldk9UWbVPXY/4D3/1889d5/kPRiY3T3AQt49lwHYPd+z0z0X9tk9fN7aPQLe
1z1v79Q93wXYPZ351z2vpds9RB/hPS4r1j1xq949lFTfPfWm2z2M/909eIDgPRLR2T0ujtk9
syDfPd8I3T2Px9k9JtDgPSei2T2unNo93wTlPf9v4j1TX909BsriPfEa2D1GQdY9UvjoPRrG
4z0kNOA92ejbPanw2z0co+Q9fcPiPbm/4T3cOuQ9JpLkPaDA5D1As9893F7lPX833D2mkuQ9
XUjdPSEV6T0OWeM9mlTmPS175T1qq+M9kXjhPRKc5D2L6eQ9AI/mPeM74j2vT+c9RbLrPQIk
6D0tsOo9+sTnPdU/7j2R8eM9j+boPaH85D37ePM9EofmPTZw6j26xes98sDjPb/F5D1D8Oc9
Yn/vPdej9T197eo9sGj3PYnP6D0SFPA9vcjwPRSe6z1Sxuw9QPjoPaoO7j0CUus98W7uPaoP
6j1uYeQ9gnfrPRjB8D3jKek9yA/vPVW57z3KqeY90hDuPcS38T3Abew9DQX0PVqf8T3v6O09
R/zvPSqM9T0Dz/U9GVjwPQWJ8D08JPM9Cw/tPaNM9T1z/vU9WvXwPSWJ9D2U1/E9Uz77PV/w
9z1XEfA9PrLuPVZp+T0nd/Y9YZbsPeFy9D1uX/Y9VH/zPfRI/T1bovg9XWj5PavM+j2EGvc9
m1r6PdC8+D377/Q9yWv8Pcb38T13Xf09hFsAPmu6+j1b7gA+jEnyPUN0/T2NzQA+eiABPhIP
+T1scQA+UAD+PXWb/D2IbP49O6kAPu3A/D3HzfU9wor+Pdkk+T2MYv09k9D1PRNj+D3W3wI+
M2f6PU1+AD7JnfM9q4T4PROGAT7GAgA+lhn7PTJ6BD7hNQA+jnz6PSAJ/D08R/49/sD/PWIt
Aj5xkvw9k2QDPoVXAT6/tQA+0cUCPuei/j1Ujv09WcYAPh0SAz6QuAM+MN0BPjSoBj77Iv89
pHIEPsIlBD4+wQM+5xYHPismAD6kZwU+6iIBPqtGAz7r1AE+NqEDPtNUBT7cogU+y9AFPugS
BD4UowI+vmADPpB1Aj7j8QQ+OJoFPgs0AD7feAU+/cYFPo7/BT6iWAY+JHgBPtEFBz6p4AU+
7B4CPmmgBj6VRwI+7zcEPh+RAj4wPAU+DnIDPoLPAT6fUgM+GqIHPgbGBz4MMQU+b/kFPlO7
BD6IWwY+Hz8GPtYXCD5pxgY+xMAGPqblBj77uQQ+gd4CPtEACD5n5QU+3yMFPsM0Cj4tNAc+
OPgDPsOYCT5aOgU+OJcFPhq0CT6xdQU+w70HPp8uAz5/ZwU+VugKPizQBj7S7AU+dz8DPl5P
Cj4XOgk+JtQIPodCBz6e7Qo+4QoGPtwbCT6j2go+TEoJPgDTCD5BXQk+WyoIPpDtCD5JhQs+
JGoJPrU3CT7cwgY+gKILPo0HBz55cAk+ZC8LPsh9Dj4pygg+rfkLPvnzDT4Ncgs+vxUIPguZ
Cj7r7As+oQMKPp7eDj6xdQs+jIsLPoc6Cz6daAs+jEMNPvXTDD6uhAo+hhYOPj6oDD4Lxgw+
7iUKPkMHDj5ryg0+mk0NPmZQDj6QrA4+ldkOPhckDT5r/gw+3tQNPpkFDT5JgAw+uicMPr4e
Cz5Ovg8+2GwTPoBTET5fHw8+9N4PPupCDT6nng4+ZcINPv3IDz5KQgw+G5oNPgt3Dz6jKxI+
HvARPj1dDz71WxQ+isEOPjdWDD6rcRI+ZfgOPq7KED5xPw8+4PkQPpgCET6E9RM+DBwRPimj
DT5hSQ8+tp8VPtBXET6PyBQ+a8IOPg3zET6ASBM+Wq8SPserET6p5A8+fSIRPouLDz6YfRE+
HlETPp84ET7hbRE+I2gTPut6Dj6xIxE+uq8SPm33Ej5/4w8+Q1sQPqdyET6IoBI+basQPiFg
ET6VdRI+z1kRPn9GFz6FTBY+06oQPvoAFj5F1BI+0kYUPhCFFT5vxRQ+q7oXPgwmEj4HJRE+
8DUUPjjbFD4dtRU+U6oWPkSMEz5zvhg+YzQTPu8vFT67YxE+1pgVPjzJFD61vRQ+vbYUPmTf
Ej7YehU+vO0YPrBvFj53RRg+jvkUPr/gFT487hQ+EXYTPir/Fj7+AhU+KjoWPhmyFT7NEhc+
VgsUPmw5Fz48ERc+1o4VPvaZEj4o3BQ+vKgZPlIwGz4c+xk+npkVPkWxFT5G9hQ+B0oXPqOO
Gj5GHRg+EyIXPj4ZGD5xLBw+r08YPmE5Fj6ltBk+ntwUPmz6Fj687Bg+FfgZPs6oGT6aDhY+
yU0ZPmaHHD7fOBw+1JIaPv9ZHT4MXBs+uBoWPumzFj4Pgx0+lF8bPpcwHD7AkRs+pX4ZPoEr
GD6pPhk+fWUePq9QGT5VKBs+yiocPqnMGT7oMBs+j+wcPl9mGD6b8Rs+YngbPjW4HT6+fRs+
bbMbPi6XHD4tnCE+d28dPuIiGz7S2Bk+qUIePrv8Hj4EhBo+++IcPqkcGj7RcBw+AjIbPn0s
Gz4soh0+tvYbPvjKGz7JBCI+dmwcPv8nGz7aVxk+dzQhPr9SHj4J0B4+m0kePoW2Hj62EBk+
JNYcPv73ID70zx4+9DogPmQrHj67Ex0+/i4ePpoyHj4q8xw+</AssayYData></Step><Step><CommonData><SampleLocation>2</SampleLocation><SampleID>10mM Glycine pH1.7</SampleID><SampleGroup></SampleGroup><SampleInfo>or other Regeneration solution</SampleInfo><SampleRow>H</SampleRow><SamplePlate>1</SamplePlate><WellType>REGENERATION</WellType><Concentration>-1</Concentration><ConcentrationUnits>µg/ml</ConcentrationUnits><MolarConcentration>-1</MolarConcentration><MolarConcUnits>nM</MolarConcUnits><MolecularWeight>-1</MolecularWeight><Temperature>30</Temperature><StartTime>969225</StartTime><AssayTime>20</AssayTime></CommonData><FlowRate>1000</FlowRate><StepType>CUSTOM</StepType><StepName>condition</StepName><StepStatus>OK</StepStatus><ActualTime>20</ActualTime><CycleTime>0.2</CycleTime><AssayXData Points="100">vv8zQ3QzNEMkZjRDWJk0Q4vMNEN8/zRDsDI1Q+NlNUNYmTVDi8w1Q4sMNkNRODZDJGY2Q5mZ
NkNJzDZDfP82Q/EyN0PjZTdDn5o3Q0nMN0O+/zdD8TI4Q+NlOEMWmThDScw4Q77/OEOwMjlD
42U5QxaZOUNJzDlDfP85Q7AyOkPjZTpDFpk6Q0nMOkODADtDsDI7Q+NlO0MWmTtDi8w7Q3z/
O0OwMjxD42U8QxaZPENJzDxDfP88Q/EyPUPjZT1DFpk9Q0nMPUO+/z1DsDI+Q6hmPkMimz5D
Scw+Q3z/PkOwMj9D6WY/QxaZP0OLzD9DfP8/Q7AyQEPjZUBDFplAQ4vMQEN8/0BDsDJBQ+Nl
QUOZmUFDScxBQ3z/QUPxMkJDJGZCQxaZQkMOzUJDvv9CQ/EyQ0MkZkNDWJlDQ0/NQ0O+/0ND
8TJEQyRmRENemkRDi8xEQ77/REPxMkVDJGZFQ1iZRUOLzEVDvv9FQ/EyRkMkZkZDWJlGQ4vM
RkO+/0ZDdDNHQ+NlR0NYmUdDi8xHQw==</AssayXData><AssayYData Points="100">F/gDvlsgoL3dMC69v5/OvGncgrzYVpO8hvOYvBsPn7wA7868sh3OvBcjDL0BmBm91+4cvSe3
Mb3zSEK9nMNOvUzCXb3WEnG9hmFyveJ1hr37coi95hiPvektj705HZy9wwKZvZKgqL3Qjaa9
zGapvbz1qL1n/be9A9q2vTfTs71qvr69ePHPvdQdvb2qPMS9ybHNvVkDzr1C+NW9hdDRvSEc
2L0x/Nu93ovcveln7L0UVvG9JcztvVUF6L0ph+29gXPuvWxG9L3nq/293GIAvjVO+71RS/y9
TI4AvpADAb5OwgK+lccCvjbpBr7r4gK+jygGvlB1Br5Iqgu+9q4GvsIUDb7UZAq+yzIQvsBg
Er5kQQ2+JgoSvq8VEb41AxS+bzMSvo80Er7JuRW+0vEYvocvFb7OahS+E7kavoToGL7N1Ba+
KrUZvg5DHb56UB6+240avipHH76SYiG+F0kfvuoPH74XMyG+j4sjvlVxIb6WMCO+rJonvoTK
J75SIya+pWwpvr80KL7avCu+tCMnvg==</AssayYData></Step><Step><CommonData><SampleLocation>1</SampleLocation><SampleID>Running Buffer</SampleID><SampleGroup></SampleGroup><SampleInfo></SampleInfo><SampleRow>H</SampleRow><SamplePlate>1</SamplePlate><WellType>BUFFER</WellType><Concentration>-1</Concentration><ConcentrationUnits>µg/ml</ConcentrationUnits><MolarConcentration>-1</MolarConcentration><MolarConcUnits>nM</MolarConcUnits><MolecularWeight>-1</MolecularWeight><Temperature>30</Temperature><StartTime>995049</StartTime><AssayTime>20</AssayTime></CommonData><FlowRate>1000</FlowRate><StepType>CUSTOM</StepType><StepName>condition</StepName><StepStatus>OK</StepStatus><ActualTime>20</ActualTime><CycleTime>0.2</CycleTime><AssayXData Points="100">vv9HQ7AySEMkZkhDWJlIQ0nMSEN8/0hD8TJJQyRmSUNYmUlDi8xJQ77/SUPxMkpDJGZKQxaZ
SkOLzEpDfP9KQ7AyS0MkZktDFplLQ0nMS0N8/0tDsDJMQ+NlTENYmUxDScxMQ3z/TEOwMk1D
42VNQxaZTUNJzE1Dvv9NQ7AyTkOuZ05DFplOQ0nMTkN8/05DsDJPQ+lmT0MWmU9DScxPQ3z/
T0OwMlBD42VQQxaZUENJzFBDiQFRQ7AyUUPjZVFDFplRQ4vMUUN8/1FDsDJSQyRmUkMWmVJD
0s1SQ3z/UkOwMlND42VTQ1iZU0NJzFNDfP9TQ/EyVEPjZVRDFplUQ0nMVEN8/1RDsDJVQ+Nl
VUNYmVVDi8xVQ77/VUPxMlZDJGZWQ1iZVkOLzFZDvv9WQ7YzV0MkZldDWJlXQ4vMV0O+/1dD
8TJYQyRmWENYmVhDi8xYQ77/WEPxMllDJGZZQ1iZWUOLzFlDvv9ZQ/EyWkMkZlpDKJxaQ0nM
WkN8/1pD8TJbQyRmW0OZmVtDi8xbQw==</AssayXData><AssayYData Points="100">474SPn9Ckj1iSDw9bCsgPQCZCz3R0Bs9r8oUPXvGET04KiA9TpU0PRbkIj19NUk9lFA4PfOj
Qz0rtEM9gkZAPdZAVD14QlA9gadLPejhVT1okWE98StNPUblbz3GRWQ9hhNdPc+gbj3JpGU9
d6pyPW2Gfj15hHw9moF3PcVIaT0vY3w9HKF7PYlRfT2EL3892niCPRoFiD3PR309RHOCPdlu
ij3uN409HpKEPTv4hj2C+o49qdWFPcrOjD3DAow9sCGOPSPliz36FIk92BGLPdeRjj2skZQ9
obeEPWHKij0yIY49nlKUPc8tlD1WW5Y9Sm6VPTB0mD2BUJA9YBCXPUmvmz09pJU9u3mZPZcc
lj2BLJU9dxWaPUH4lT2OdpM9za6bPZ55pT2CGJg9XPaSPV+/mD30Y5w93k+XPfTemz1DRps9
XdKcPaQqlT02yZk9EAmdPfTemD0qNaU920GiPYsboT35WaI9ekWiPVJzoT0jpaY9Db6hPck9
nT0ZOaI9GeWhPZzzoj2CIqU9h96fPQ==</AssayYData></Step><Step><CommonData><SampleLocation>2</SampleLocation><SampleID>10mM Glycine pH1.7</SampleID><SampleGroup></SampleGroup><SampleInfo>or other Regeneration solution</SampleInfo><SampleRow>H</SampleRow><SamplePlate>1</SamplePlate><WellType>REGENERATION</WellType><Concentration>-1</Concentration><ConcentrationUnits>µg/ml</ConcentrationUnits><MolarConcentration>-1</MolarConcentration><MolarConcUnits>nM</MolarConcUnits><MolecularWeight>-1</MolecularWeight><Temperature>30</Temperature><StartTime>1020697</StartTime><AssayTime>20</AssayTime></CommonData><FlowRate>1000</FlowRate><StepType>CUSTOM</StepType><StepName>condition</StepName><StepStatus>OK</StepStatus><ActualTime>19.999</ActualTime><CycleTime>0.2</CycleTime><AssayXData Points="100">v/9bQ7EyXEPkZVxDF5lcQ4zMXEN9/1xD8jJdQyVmXUNZmV1DSsxdQ7//XUOxMl5DJWZeQxeZ
XkNKzF5Dff9eQ7EyX0PkZV9DF5lfQ0rMX0N9/19D8jJgQ+RlYEMXmWBDSsxgQ33/YEPyMmFD
5GVhQxeZYUNKzGFDff9hQ3UzYkPkZWJDF5liQ0rMYkO//2JD8jJjQ+RlY0MXmWNDks1jQ33/
Y0OxMmRD5GVkQxeZZENKzGRDff9kQ7EyZUPkZWVDF5llQ0rMZUO//2VDsTJmQ+RlZkMXmWZD
jMxmQ33/ZkOxMmdD5GVnQxeZZ0NKzGdDAQBoQ7EyaEMlZmhDWZloQ4zMaEO//2hD8jJpQyVm
aUNZmWlDjMxpQ7//aUPyMmpDJWZqQ1mZakOMzGpDv/9qQ/Iya0PkZWtDWZlrQ4zMa0O//2tD
sTJsQyVmbENZmWxDjMxsQ33/bEPyMm1DJWZtQ1mZbUOMzG1Dv/9tQ/IybkMlZm5DWZluQ0rM
bkO//25D8jJvQyVmb0MXmW9DSsxvQw==</AssayXData><AssayYData Points="100">hEiDvj+WUr4FvyK+uRQNvg8N+r3HJe+94MvovaZJ673j1vG9xDP0vQ2C773dcvq9o+r3vd5h
AL4MfQW+RAcCvtUHC778Cgm+ex4Kvqp8C778dwy+3p4QvtqWEL7kNBC+Y30UvsaAEr7LphW+
vTcVvh54F74XIBq+lYkZvmZLGb59ehm+qykdvlR7Hb6VbiC+5SQhvrzwIL7nWBy+HI4hvuAh
Hr4OMiK+lN4ivtQdJ77Z8ia+RocqvtJ6KL7xeSm+DVIkvmSkKL4m4yq+OA8tvh1gKr404iu+
sBAtvjVJLb6+pyy+BWYwvtjALr4UnjO+TCgwvv8+NL4rwjC+pKQ0vtBNM76A5jC+W28yvm53
OL7BqTi+HLc2vu0OOL6T0TS+1uA2vsjJN77+bTy+t4I5vogeOL5xST6+/A05vhVgPL5Rkzm+
k2M9vo9WPr77rDy+0SA/vhv9Qb5t5kO+kFI+vvXgP74dNz6+ixBBvvkiQ75xkEO+SdVAvqtm
QL4USUO+D8NFviM1Q77HEEa+FpBEvg==</AssayYData></Step><Step><CommonData><SampleLocation>1</SampleLocation><SampleID>Running Buffer</SampleID><SampleGroup></SampleGroup><SampleInfo></SampleInfo><SampleRow>H</SampleRow><SamplePlate>1</SamplePlate><WellType>BUFFER</WellType><Concentration>-1</Concentration><ConcentrationUnits>µg/ml</ConcentrationUnits><MolarConcentration>-1</MolarConcentration><MolarConcUnits>nM</MolarConcUnits><MolecularWeight>-1</MolecularWeight><Temperature>30</Temperature><StartTime>1046171</StartTime><AssayTime>20</AssayTime></CommonData><FlowRate>1000</FlowRate><StepType>CUSTOM</StepType><StepName>condition</StepName><StepStatus>OK</StepStatus><ActualTime>19.999</ActualTime><CycleTime>0.2</CycleTime><AssayXData Points="100">ff9vQ7AycEPjZXBD1ZhwQ0rMcEM7/3BDbzJxQ+NlcUPVmHFDCMxxQzv/cUNvMnJD42VyQxeZ
ckNKzHJDO/9yQ28yc0OiZXND1ZhzQwjMc0N9/3NDbzJ0Q6JldEPVmHRDCMx0Qzv/dEN1M3VD
42V1QxeZdUMIzHVDO/91Q7AydkOiZXZD1Zh2QwjMdkM7/3ZDsDJ3Q6Jld0PVmHdDCMx3Qzv/
d0NvMnhD42V4Q9WYeENKzHhDff94Q28yeUOiZXlD1Zh5QwjMeUN9/3lDsDJ6Q6JlekPVmHpD
i8x6Q33/ekOwMntD42V7QxeZe0NKzHtDff97Q7AyfEPjZXxDF5l8Q0rMfEN9/3xDsDJ9Q+Nl
fUPVmH1DSsx9Q33/fUOwMn5D42V+QxeZfkNKzH5Dff9+Q28yf0PjZX9D1Zh/Q0rMf0N9/39D
NxmAQ9AygEOLTIBDJGaAQ75/gENYmYBD8bKAQ2rMgEMk5oBDvv+AQzcZgUPxMoFDi0yBQyRm
gUO+f4FDN5mBQ/GygUNqzIFDBOaBQw==</AssayXData><AssayYData Points="100">A7oJPt1lhz1ECDM9LXr6PFuc2TzMeuA8M5r5PGSO3Ty7zOk8KIgAPX7XBD33yhg94NsOPUxa
HD1UdxE9cAsjPSlrGD1C6h09TRswPT0JKj1wGyw9rFolPWQgQD1mpzo9OCg4PVL9OT3jEz89
IZpJPdD8PD1Zu0c9QFRJPQrXRD2ogUI9TctWPdWlQj0uUkY9iAldPWMKVD1ThFI9jdRjPTND
YD2aZFM9sPZRPdaPXz1Vk249LNlqPdusYD0E4Vo9pC1nPUhzVT0aaF09thtrPemsWT1eZ149
Y654PfWxeT2yW309mJB8PX3raT1W5mw98wBpPQDndD01Rm49X7aCPUmgeD217GU9bk5zPXh/
fD0N5mo9YTJ3PZ+WfT30HXs9i8F8PQVlgj3SdW899GmCPRWifD1+pXs9fKOCPXcVgz2sV3c9
nWx+PY2Hgz0R4Xw9+EWCPZH/iD2cLIU9J6+HPcoVhD14wYQ9qo2FPdi2hD142ok9vKKIPWKi
hz0eGoo9ehiDPQuNhz3KOoo9xkyIPQ==</AssayYData></Step><Step><CommonData><SampleLocation>2</SampleLocation><SampleID>10mM Glycine pH1.7</SampleID><SampleGroup></SampleGroup><SampleInfo>or other Regeneration solution</SampleInfo><SampleRow>H</SampleRow><SamplePlate>1</SamplePlate><WellType>REGENERATION</WellType><Concentration>-1</Concentration><ConcentrationUnits>µg/ml</ConcentrationUnits><MolarConcentration>-1</MolarConcentration><MolarConcUnits>nM</MolarConcUnits><MolecularWeight>-1</MolecularWeight><Temperature>30</Temperature><StartTime>1071803</StartTime><AssayTime>20</AssayTime></CommonData><FlowRate>1000</FlowRate><StepType>CUSTOM</StepType><StepName>condition</StepName><StepStatus>OK</StepStatus><ActualTime>20</ActualTime><CycleTime>0.2</CycleTime><AssayXData Points="100">nv+BQzgZgkPRMoJDa0yCQ+RlgkN9f4JDF5mCQ9GygkNrzIJDBOaCQ57/gkO7GYNDsDKDQ2tM
g0PkZYNDnn+DQziZg0PRsoNDSsyDQwTmg0N9/4NDFxmEQ7AyhENKTIRD5GWEQ55/hEMXmYRD
sLKEQ2vMhEPk5YRDff+EQxcZhUOwMoVDa0yFQytnhUOef4VDF5mFQ7CyhUNKzIVD5OWFQ33/
hUMXGYZDsDKGQ0pMhkMEZoZDfX+GQxeZhkOwsoZDa8yGQ+TlhkN9/4ZDFxmHQ7Ayh0NKTIdD
5GWHQ31/h0MXmYdDsLKHQ2vMh0Pk5YdDnv+HQxcZiEOwMohDa0yIQ+RliEN9f4hDOJmIQ7Cy
iENKzIhDBOaIQ33/iEM4GYlDsDKJQ2tMiUMEZolDnn+JQziZiUNhtYlDa8yJQwTmiUOe/4lD
OBmKQ9EyikNrTIpDBGaKQ55/ikM4mYpD0bKKQ2vMikME5opDnv+KQzgZi0PRMotDa0yLQwRm
i0Oef4tDOJmLQ9Gyi0NrzItDBOaLQw==</AssayXData><AssayYData Points="100">EOmOvhbsa77VHkG+/lsqvj1xH75iUxO+BkgXvt3iFb6iqhS+oE4Zvi2VGL7dCxu+JRcfvl17
Hr7Fqhy+nrYhvpd2I755qyC+yVQlvuxnKL74giq+ZyMnvl4NLr4pky++NQ4uvvlrML6hgyy+
u3kwvqcML74NczG+seozvorQNL6ZEza+2JA0vrxzNr7L0DS+Mt03voq2N75XJTm+t/Q6voNv
Nb76ZDW+G0M7vk49Ob7ngT6+5FQ7vrKAPb66Wz++cdA8vlFIRb60P0O+6G07vg1zQb54m0K+
JOc/vhZVQ74g30G+0itDvlDcQ77UnUO+KORGviIiRr5lfUi+3qxDvsf3Q74ADku+RsZIvpyx
Rr4O5km+KI5LvgP+Rr574Ea+TphKvjCuSr4lL0u+VKdHvul8S76luUe+V7VLvuLbS76tQ02+
NnxKvs1FTr7AqU++6LhNvjysT75bQlK+VPpRviu5Ub5mQk++YlxUvv+WUr611k++pEVUvkro
Ub50Gk++lehSvq9WUr4XClG+tIpTvg==</AssayYData></Step><Step><CommonData><SampleLocation>1</SampleLocation><SampleID>Running Buffer</SampleID><SampleGroup></SampleGroup><SampleInfo></SampleInfo><SampleRow>H</SampleRow><SamplePlate>1</SamplePlate><WellType>BUFFER</WellType><Concentration>-1</Concentration><ConcentrationUnits>µg/ml</ConcentrationUnits><MolarConcentration>-1</MolarConcentration><MolarConcUnits>nM</MolarConcUnits><MolecularWeight>-1</MolecularWeight><Temperature>30</Temperature><StartTime>1097296</StartTime><AssayTime>20</AssayTime></CommonData><FlowRate>1000</FlowRate><StepType>CUSTOM</StepType><StepName>condition</StepName><StepStatus>OK</StepStatus><ActualTime>19.999</ActualTime><CycleTime>0.2</CycleTime><AssayXData Points="100">nv+LQzgZjEPRMoxDa0yMQwRmjEOef4xDOJmMQ7CyjENrzIxDBOaMQ57/jEM4GY1DdTONQ2tM
jUMEZo1Dnn+NQziZjUPRso1Da8yNQ+TljUOe/41DFxmOQ7AyjkNrTI5DBGaOQ55/jkM4mY5D
0bKOQ0rMjkOH5o5Dnv+OQzgZj0PRMo9DSkyPQ4dmj0Oef49DOJmPQ9Gyj0OszI9DBOaPQ57/
j0M4GZBDsDKQQ0pMkEMEZpBDfX+QQxeZkEOwspBDa8yQQwTmkEOe/5BDeRmRQ7AykUNKTJFD
5GWRQyGAkUMXmZFD0bKRQ0rMkUME5pFDff+RQzgZkkPRMpJDa0ySQ21nkkN9f5JDOJmSQ7Cy
kkNrzJJD5OWSQ4oBk0M4GZND0TKTQ0pMk0PkZZNDnn+TQziZk0PRspNDa8yTQ+Tlk0N9/5ND
FxmUQ7AylENKTJRD5GWUQ31/lEMXmZRD0bKUQ0rMlEPk5ZRDnv+UQxcZlUOwMpVDSkyVQ+Rl
lUN9f5VDF5mVQ7CylUNKzJVD5OWVQw==</AssayXData><AssayYData Points="100">kwsSPnEQiz126SY98lf3PFEzvTysJbM8Qvi9PITo2zzFMb480HnmPAQezTypXt88EskFPRhG
DD3BMws9IzUOPQMeEj1JRxM94dEGPRFeIT2+9wg9izQbPfPyHT0iMyA91xodPbCsIz0lnSQ9
tYIePehWIz15myE9xzI6PbkgLj3htEI9/okqPUK5Jz20bzM9KqY5PRofMD2kryk9vDo2PVW/
OD0PUjg9LjA1PfNGQD0SyTc980FRPWEyST1MdUQ9lPI9PdVrSz2uzEM9iwU9PeoiRj2dU0s9
jjxXPRa/RD1+2E49pO5aPePMST1eeEY9pFhMPY/YYj0crVk9W+dJPYz0TD2YBk09HYhWPUG3
Tj3OZVs9TPJZPcPVaT3uLmo96QNYPSwhYT3l+Fc97JNfPRUlVz01CU89ihJqPYzPdD3xCWg9
f/dkPRMlVj3rumA98VVqPcAKYT0FpWs9SiVhPWC+az0SG3g91KZtPb97Yj09WnA9n71mPXjZ
bD12Q3o9wlhrPRFRcz3XDV49/wxuPQ==</AssayYData></Step><Step><CommonData><SampleLocation>3</SampleLocation><SampleID>Running Buffer</SampleID><SampleGroup></SampleGroup><SampleInfo></SampleInfo><SampleRow>H</SampleRow><SamplePlate>1</SamplePlate><WellType>BUFFER</WellType><Concentration>-1</Concentration><ConcentrationUnits>µg/ml</ConcentrationUnits><MolarConcentration>-1</MolarConcentration><MolarConcUnits>nM</MolarConcUnits><MolecularWeight>-1</MolecularWeight><Temperature>30</Temperature><StartTime>1123596</StartTime><AssayTime>120</AssayTime></CommonData><FlowRate>1000</FlowRate><StepType>BASELINE</StepType><StepName>Baseline 120</StepName><StepStatus>OK</StepStatus><ActualTime>120</ActualTime><CycleTime>0.2</CycleTime><AssayXData Points="600">fv+VQ/cYlkOQMpZDKkyWQ8RllkNdf5ZD95iWQ7GylkMqzJZDxOWWQ37/lkP3GJdDkDKXQypM
l0PEZZdDXX+XQ/eYl0OxspdDKsyXQ+Tll0Nd/5dD9xiYQxQzmENLTJhD5GWYQ35/mEMYmZhD
sbKYQ0vMmEPk5ZhDfv+YQxgZmUOxMplDNk6ZQ+RlmUN+f5lDGJmZQ7GymUNLzJlDR+aZQ37/
mUP3GJpDsTKaQ0tMmkPkZZpDfn+aQxiZmkOxsppDbMyaQ+TlmkN+/5pDGBmbQ7Eym0NLTJtD
5GWbQ35/m0Mkm5tDkLKbQ0vMm0Pk5ZtDfv+bQ/cYnEOxMpxDS0ycQ+RlnEN+f5xDGJmcQ7Gy
nENLzJxDxOWcQ37/nEMYGZ1DsTKdQ0tMnUPEZZ1DXX+dQ/eYnUOxsp1DKsydQ+TlnUNd/51D
9xieQ9IynkMqTJ5D5GWeQ11/nkMYmZ5Dl7OeQyrMnkPk5Z5DXf+eQ/cYn0OQMp9DKkyfQ+Rl
n0Off59DGJmfQ7Gyn0NLzJ9D5OWfQ37/n0MYGaBDsTKgQypMoEPEZaBDXX+gQxiZoEOQsqBD
S8ygQ+TloEN+/6BDGBmhQ5AyoUNLTKFDxGWhQ35/oUP3mKFDkLKhQyrMoUPk5aFDXf+hQ/cY
okOxMqJDKkyiQ+RlokN+f6JD95iiQ5CyokMqzKJDxOWiQ13/okP3GKNDkDKjQ0tMo0OIZqND
XX+jQ/eYo0OQsqNDS8yjQ8Tlo0Nd/6ND9xikQ5AypEMqTKRDxGWkQ11/pEP3mKRDkLKkQyrM
pEPk5aRDXf+kQ/cYpUOQMqVDKkylQ8RlpUN+f6VDepmlQ7GypUMqzKVDxOWlQ37/pUP3GKZD
sTKmQ0tMpkPEZaZDXX+mQxiZpkOxsqZDS8ymQ+TlpkN+/6ZDGBmnQ7Eyp0NsTKdD5GWnQ35/
p0MYmadDsbKnQ7PNp0Pk5adDXf+nQxgZqEOxMqhDS0yoQ+RlqENdf6hDGJmoQ7GyqENLzKhD
5OWoQ37/qEMYGalDsTKpQ0tMqUPkZalDfn+pQxiZqUOQsqlDKsypQ+TlqUNd/6lD9xiqQ7Ey
qkNLTKpD5GWqQ35/qkMYmapDkLKqQ0vMqkPk5apDfv+qQ/cYq0MUM6tDS0yrQ+Rlq0Ndf6tD
GJmrQ/Oyq0NLzKtD5OWrQ13/q0MYGaxDkDKsQ0tMrEPkZaxDfn+sQxiZrEOxsqxDS8ysQ+Tl
rEN+/6xDGBmtQ7EyrUNLTK1D5GWtQ11/rUP3mK1DsbKtQyrMrUPE5a1Dfv+tQxgZrkOQMq5D
KkyuQ8RlrkNdf65DGJmuQ5CyrkNLzK5D5OWuQ37/rkMYGa9DkDKvQ0tMr0PkZa9Dfn+vQziZ
r0OQsq9DKsyvQ8Tlr0N+/69DGBmwQ5AysEMqTLBDaGawQ35/sEP3mLBDkLKwQ0vMsEPE5bBD
fv+wQxgZsUOQMrFDKkyxQ+RlsUNdf7FD95ixQ5CysUMqzLFD5OWxQ37/sUP3GLJDWzSyQ0tM
skPEZbJDXX+yQz6askOQsrJDKsyyQ8TlskN+/7JD9xizQ5Ays0MqTLNDxGWzQ11/s0P3mLND
kLKzQyrMs0PE5bNDXf+zQ/cYtEOxMrRDKky0Q+RltEN+f7RD95i0Q5CytENLzLRD5OW0Q37/
tEMYGbVDFDO1Q0tMtUPkZbVDfn+1QxiZtUOxsrVDS8y1Q+TltUN+/7VDGBm2Q7EytkNLTLZD
5GW2Q35/tkMYmbZDsbK2Q0vMtkPk5bZDfv+2QxgZt0OxMrdDS0y3Q+Rlt0N+f7dDGJm3Q7Gy
t0NLzLdD5OW3Q37/t0MYGbhDsTK4QypMuEPkZbhDfn+4QxiZuEOxsrhDS8y4Q+TluENd/7hD
9xi5Q5AyuUNLTLlD5GW5Q35/uUMYmblDsbK5Q0vMuUPk5blDfv+5Q/cYukOxMrpDS0y6Q+Rl
ukNdf7pDGJm6Q7GyukNLzLpDxOW6Q13/ukMYGbtDkDK7Q2xMu0PkZbtDfn+7QxiZu0OxsrtD
S8y7Q+Tlu0N+/7tDGBm8Q7EyvENLTLxD5GW8Q11/vEP3mLxDkLK8QyrMvEPk5bxDfv+8Q/cY
vUOxMr1DKky9Q+RlvUPgf71D95i9Q5CyvUMqzL1DxOW9Q13/vUP3GL5DsTK+QypMvkPkZb5D
fn++Q/eYvkOxsr5DKsy+Q8TlvkNd/75DGBm/QxQzv0MqTL9D5GW/Q11/v0P3mL9DkLK/QyrM
v0PE5b9DXf+/Q/cYwEOQMsBDS0zAQ8RlwEOEgMBD95jAQ7GywENLzMBD5OXAQ13/wEMYGcFD
kDLBQypMwUPEZcFDXX/BQ/eYwUOQssFDKszBQ8TlwUNd/8FD9xjCQ5AywkNLTMJDxGXCQ11/
wkMYmcJDdrPCQyrMwkPk5cJDfv/CQxgZw0OxMsNDS0zDQ+Rlw0N+f8NDGJnDQ7Gyw0NLzMND
5OXDQ37/w0MYGcRDkDLEQypMxEPkZcRDfn/EQxiZxEOxssRDEM3EQ+TlxEN+/8RD9xjFQ7Ey
xUOYTsVD5GXFQ11/xUMYmcVDsbLFQ0vMxUPE5cVDfv/FQ/cYxkOQMsZDS0zGQ+RlxkN+f8ZD
GJnGQ7GyxkMqzMZD5OXGQ37/xkP3GMdDkDLHQ0tMx0PkZcdDXX/HQ/eYx0OxssdDS8zHQ8Tl
x0Nd/8dDGBnIQ7EyyENLTMhDxGXIQ11/yEMYmchDsbLIQ0vMyEPk5chDfv/IQxgZyUOxMslD
KkzJQ+RlyUNdf8lDGJnJQ7GyyUMqzMlD5OXJQ37/yUP3GMpDsTLKQypMykMFZspDhIDKQxiZ
ykOQsspDS8zKQ+TlykNd/8pDGBnLQ7Eyy0NLTMtDxGXLQ11/y0MYmctD87LLQ0vMy0PE5ctD
Xf/LQ/cYzEOQMsxDKkzMQ8RlzENdf8xDGJnMQ7GyzEMqzMxDxOXMQ13/zEP3GM1DkDLNQypM
zUPEZc1DpYDNQ/eYzUOQss1DKszNQ8TlzUNd/81D9xjOQ5AyzkNLTM5DxGXOQ11/zkP3mM5D
kLLOQ0vMzkPE5c5DXf/OQ/cYz0OQMs9DS0zPQ8Rlz0N+f89DWZnPQ5Cyz0NszM9D5OXPQ13/
z0P3GNBDkDLQQypM0EPkZdBDXX/QQ/eY0EOxstBDKszQQ8Tl0ENd/9BDOBnRQ7Ey0UNLTNFD
5GXRQ35/0UMYmdFDsbLRQ0vM0UPk5dFD</AssayXData><AssayYData Points="600">R3ExPQgDQz34ZEg9AGpYPUpdVj0psVY9ZrRePaxcbD1XYmU9s39hPcc0Yz0g22c9tgFpPRxb
Zj3X12k92GlkPcTIbz2voX897lB4PW+Taz0JP3A9mvt6PRGicz0JIIE9WJqCPf4wdz3ylIc9
fJ9/PZ1PfD23zIE99WCHPUrofD1UcoI9QkyCPTlyfz3TIIQ9/FqEPVWnhj3jpoY9IHuMPRA2
gz1m64Q9sGmIPQz9iz1VpYY9ImCGPdvFij2+gYY9BCKGPW11jT3oAoU9+8CJPdYwij1Ln4k9
hSyJPR5zjD28WIM9IheMPcxbhz2P+5I9Q8iJPew3kT1xD5Q9zAaIPSZZlD2dqZA9HK6RPQS/
kT0FD4g9NIWQPSwNkz2EXI89fJmSPVTYjT2cBZI9B9GcPRFIlz1uKpU96rKbPePnlD19R4s9
B5+XPfs/kT3krJE9tJ+YPZO5kT31xo89FyyQPcWHkz2R9Jk9P7yePVDMlT2iWJc9eOqbPQQz
lD3F6Jk9qBiVPd3Zmj138pc9DNqjPb43lD2azZY91yeePUsomD38waA9mXKYPdJNmD2sOps9
HsCYPXFXnz3rzJs94JyePR7onT0WsaM93VCbPdXGoz0Yopg98q6iPcFWoj0XSpw9h3ekPSCF
nz0KMaQ9c/adPa3AoD0gV6E9C7SpPUiBmz0h9KE98xKmPcnLoj3sV6Y9ygGfPTTGoj19sKQ9
MyShPdm7oT31R6A9TZGkPTlqoT2FA549vtuiPYKmpD33E6M9LgynPWmMpz3346M9z+inPVGP
pT1XoKY9gMOiPf+4oT3ACqY9M7amPaOkrD2BEqg9kaukPaz1rT3ekqc9tI+hPazkqj1MT6c9
HMunPauFpT0JWKc93SivPQmWrj2y8rY9RYCrPQhbrT0K7qk9EcexPbSKsT1wGq49vgapPQpL
rD1Lu649QiSyPSxksz0A4qs9Q12qPQVrrD32dq89RzuuPZKtrT04trE95PWpPR4Eqz0waq09
4h+4PeVjrj2MirY9zp+vPWMJrT0Mg7E9EKexPR3TsT3NYa89I4GtPeZCtD2yD7Y9hYa3Pfoz
sT0ilLU9HNawPaTrsz05YLQ932W0PTNjvD0qSbM9mDi6PSUbtz1LyrM9t1W3PdeDtT0Jl749
WMC3PUcysD19r7Q9N2O9PVHmuD1eLLo9qpC1PbZguD2Rg7o9SV+0PQpfuT3ss7U9R+SuPbk1
vT1XyLc93Wi5PThRtD2gYbc94D66PTZJvj0ufr492N+4Pa7dvT0LDrk95RK8PbNkuT2LGcM9
GTC+Pee0tz1zsME9rVXAPYz0vT3VzL09dsHAPeeTuT2TZb49LkvFPQoiuj0qTMY9a/C8PXNv
uD2/fsM9aPLBPUk+xz04+Lw9n728PZpPuj0CA8Y90b/DPbNivz1JN8k9wgTAPSD2wj1mwcA9
EJvDPTZuwj1eCsY9PPXBPQYPwz2EXLw9FoPCPYguyj0R6r49bK2/PQHoxj15YcU9aWvEPTff
wT38fb09d83BPWovyD1LqsQ9/Ey/PZUoyT2Zi8A9xwTAPWqLwD1cqMI9cpvAPWqJxT1bZsU9
lAPEPQ+HxD3B9MU9g9XFPUfPxT1PE8w9l/jGPTlCyT3uQsM9Br7LPWjkwz25ktA9iibGPbz4
wz2Jzcg9jpjDPeqEyj2yj8s9CknSPckJxT3bHsw9WvbKPQKsxz1/v8Y9C9rLPdJGyD1tI849
4fzHPe1RyD13VtU9j/PEPbv70T356s49ePfIPf7UzD2dycg9XI/BPf2N0z2fVM09g/jMPaZA
0j06oNI980bJPc4yyz0r+NA9WdDOPRfO0D0f9dM95ZzOPfdwzT2t7M49C9/TPf060j0nosw9
l1zQPfjlzz1uQ8k9rn3RPZ681T0mYc89/EbWPaWy0D1qP9M9ez/RPUop1T1/X9k9BELUPXQh
0T37rtU9pqLWPRe/2T306dU9oy3TPSoS1D2zoNg9HZbSPUXE1D1PgNU9g5XbPZQu1j1iots9
cSXXPTe51T2cxNc930LOPTpI2T0sDNY9+bPVPVa92T1ZwNM9ovfUPcTR1z1OXtg9hafVPUh5
2D2STtM9xeHSPX/w3D0T8tY9VdvVPQYw5D39Vd89Je7WPXaB4D04vtE9QHnbPZuy3j2GNdY9
NsLTPeV32z3PAd89kCTcPbbo3T39pdc9tiLYPYJH2j3GRdg9GXXbPRHj2z2dydU9fG7YPYn+
2T2JgN09pB7ZPUwB5T1dZ9w9cqHdPU6G1D3bHOQ9w7bcPT1v4j2gtdo94tvaPYWv4j0+Jd89
n0zbPXmF1j0RVNs9agjnPRD/4T2NDto9VJTZPao71z2HIeA9Z/PbPfXx3j2kYtU9TpvgPYJF
3T1S5OA9v77bPaTs4T225to9MNTiPb1W1z3NVN89p2fgPbex3j0dnOc9WB/kPWqE2z01qdw9
n0vjPSkI4D2229g9UJ/dPTew1j0hteI9eTbhPZAO4j1XY+E9JaHjPcX15j0faNw9UqbkPY0q
4T1htuM9fWvoPRA06T1+S949pkPkPZ0R5D27V+c9SW7gPX+g5T020Oc9+0rmPa2r4D3RI+Y9
wObsPWxu6T2DX949ZHbuPaXS4j2DJN89p73tPWM56D3Re+s9mUXhPfYo6j2+Xeo9sM7uPRei
5j3UJ+s9yQftPaKE6D1niuY9BnfqPYld5D3wf+w9YNbjPSlJ4T3qTOc96mHmPZkJ6j03Pu49
EDfrPY677D0zzeY9mlrzPeCw5j0HW+s9D3HsPQA77T1GueY9i33uPWXq6z02Nec9hSLxPYAn
8D1iNuw9cLPyPVIf5T1Jeus9zzTuPQMI6T2RiO49uKj0PeF77z2RV+o9FXnmPUea6T3DDvA9
MJztPR8g8T2KeeU9Hz/vPftI6z0eQew97qntPWTo8D35w+89mBruPfax7T13Gug9vMT4PbFp
6T2gn/I9wlXpPY958z0XKPI97gPqPeMr8z3dC+89MeDxPRTq7D1C+ew953D0PSoi9D04M/g9
ctnvPSV98j2hy+o9RLz4PYF/9z05Q/A9fKv0PcYh8j3nGvI9eBbxPQjD8T0W4PM9ygj3Pbh9
8j04SfM9o+n4PQJt9D2fNfM9FbDwPROg9T2VDPA9aY35PV2R7T0LNPo9ckf4PTJW+T1OUvg9
akTvPUlS8j39EPY9ypT4PR6m9j1Sq/U9</AssayYData></Step><Step><CommonData><SampleLocation>8</SampleLocation><SampleID></SampleID><SampleGroup></SampleGroup><SampleInfo></SampleInfo><SampleRow>H</SampleRow><SamplePlate>1</SamplePlate><WellType>KLOAD</WellType><Concentration>-1</Concentration><ConcentrationUnits>µg/ml</ConcentrationUnits><MolarConcentration>-1</MolarConcentration><MolarConcUnits>nM</MolarConcUnits><MolecularWeight>-1</MolecularWeight><Temperature>30</Temperature><StartTime>1252224</StartTime><AssayTime>20</AssayTime></CommonData><FlowRate>1000</FlowRate><StepType>LOADING</StepType><StepName>Loading</StepName><StepStatus>OK</StepStatus><ActualTime>20</ActualTime><CycleTime>0.2</CycleTime><AssayXData Points="100">fv/RQxgZ0kOxMtJDS0zSQ+Rl0kOff9JDGJnSQ7Gy0kMqzNJDxOXSQ37/0kMYGdNDsTLTQypM
00PkZdNDXX/TQ/eY00OxstNDS8zTQ+Tl00Nd/9ND9xjUQ5Ay1EMqTNRD5GXUQ11/1EMYmdRD
kLLUQyrM1EPE5dRDfv/UQxgZ1UOQMtVDKkzVQ8Rl1UN+f9VD95jVQ7Gy1UMqzNVD5OXVQ37/
1UP3GNZDkDLWQypM1kPEZdZDfn/WQ/eY1kP5s9ZDS8zWQ8Tl1kNd/9ZD9xjXQ7Ey10NLTNdD
xGXXQ11/10P3mNdDkLLXQyrM10PE5ddDfv/XQ/cY2EOQMthDKkzYQ+Rl2ENdf9hD95jYQ5Cy
2EMqzNhDBebYQ13/2EMYGdlDkDLZQypM2UPEZdlDXX/ZQ/eY2UOxstlDS8zZQ8Tl2UN+/9lD
9xjaQ5Ay2kMqTNpDxGXaQ11/2kP3mNpDsbLaQ0vM2kPE5dpDXf/aQ/cY20OxMttDS0zbQ8Rl
20N+f9tDGJnbQ7Gy20NLzNtD5OXbQw==</AssayXData><AssayYData Points="100">6XzaPcb03T1XB989JKPjPZF43j0IROI9sgzrPTGo8z2fzuw90P3rPXgs5T1ZvvI9NR7tPXEE
8D06U+o94jLwPdeJ8z3rxOI9IlL1PaXl7T1yQvA9zUrzPR3k9T1OlPM9KYb0PQJc9z2rNfY9
CYj0PbTn7z146PM95w70PWfU9D1noPU9oab5PQWC6j28zfs9SU7vPYVn+D0niv49jHj3PcS4
8z2yoO89sm76PWLF9z1IIvg9Q2v0PWlQ/T29X/c92bn1Peky/T2ZdPI9o9HyPUA5AT4hu/09
HTHzPQU7+T1RX/49MDMAPrWG+j2QS/w9DZz5Peak/j0AUfo9JiD0PfGu+z05o/s9zIb+PcI1
/T0ysvg9lST8Pfhk+D1nhQE+mFT7PbkI9j3x2/Y92Mb3Paz3/D2hzP49hnb0Pax0AD7z1P09
ObP+PcSCAz4Ogvw9Auj/PZss/z1xEPo9/aP8PcTH8z1ntP09DgACPjDZAT57Vf89lBAAPvMg
AD4wEQI+rtz/PdkoAT4pJwI+rUIAPg==</AssayYData></Step><Step><CommonData><SampleLocation>9</SampleLocation><SampleID></SampleID><SampleGroup></SampleGroup><SampleInfo></SampleInfo><SampleRow>H</SampleRow><SamplePlate>1</SamplePlate><WellType>BUFFER</WellType><Concentration>-1</Concentration><ConcentrationUnits>µg/ml</ConcentrationUnits><MolarConcentration>-1</MolarConcentration><MolarConcUnits>nM</MolarConcUnits><MolecularWeight>-1</MolecularWeight><Temperature>30</Temperature><StartTime>1281855</StartTime><AssayTime>60</AssayTime></CommonData><FlowRate>1000</FlowRate><StepType>BASELINE</StepType><StepName>Baseline 60</StepName><StepStatus>OK</StepStatus><ActualTime>60</ActualTime><CycleTime>0.2</CycleTime><AssayXData Points="300">fv/bQxgZ3EOQMtxDKkzcQ8Rl3EN+f9xDGJncQ5Cy3EMqzNxD5OXcQ37/3EMYGd1DsTLdQ0tM
3UPkZd1Dfn/dQxiZ3UOxst1DS8zdQ+Tl3UN+/91DGBneQ7Ey3kNLTN5D5GXeQ35/3kMYmd5D
sbLeQ0vM3kPk5d5Dfv/eQxgZ30OxMt9DbEzfQ8Rl30N+f99DGJnfQ7Gy30NLzN9D5OXfQ37/
30MYGeBDkDLgQ0tM4EPkZeBDXX/gQ/eY4EOxsuBDS8zgQ+Tl4EN+/+BDGBnhQ5Ay4UMqTOFD
xGXhQ35/4UMYmeFDsbLhQ0vM4UPk5eFDfv/hQxgZ4kOxMuJDKkziQ+Rl4kN+f+JD95jiQ5Cy
4kNLzOJD5OXiQ37/4kP3GONDkDLjQ0tM40PkZeNDfn/jQxiZ40PSsuNDS8zjQ+Tl40N+/+ND
9xjkQ5Ay5EMqTORD5GXkQ35/5EMYmeRDkLLkQyrM5EPk5eRDfv/kQ/cY5UOxMuVDS0zlQ8Rl
5UN+f+VDGJnlQ7Gy5UMqzOVDxOXlQ37/5UP3GOZDsTLmQypM5kPEZeZDXX/mQ/eY5kOxsuZD
S8zmQ+Tl5kNd/+ZDGBnnQ7cz50MqTOdDxGXnQ35/50Nlm+dDkLLnQyrM50PE5edDXf/nQ/cY
6EOQMuhDKkzoQ8Rl6ENdf+hDGJnoQ5Cy6EMqzOhD5OXoQ13/6EP3GOlDkDLpQ0tM6UPEZelD
XX/pQxiZ6UOQsulDKszpQ+Tl6UNd/+lD9xjqQ5Ay6kMqTOpDxGXqQ11/6kP3mOpDkLLqQ0vM
6kNo5upDfv/qQxgZ60OxMutDS0zrQ+Rl60PAf+tDGJnrQ7Gy60NLzOtDLOfrQ37/60MYGexD
sTLsQ0tM7EOIZuxDfn/sQ/eY7EOxsuxDS8zsQ+Tl7EN+/+xDGBntQ7Ey7UNLTO1D5GXtQ11/
7UMYme1DsbLtQ0vM7UPE5e1DXf/tQ1kZ7kOxMu5DS0zuQ+Rl7kNdf+5DGJnuQ7Gy7kNLzO5D
5OXuQ2MA70MYGe9DsTLvQ0tM70PkZe9DXX/vQxiZ70Oxsu9DS8zvQ+Tl70N+/+9D9xjwQ7Ey
8ENLTPBD5GXwQ35/8EMYmfBD0rLwQyrM8EPk5fBDfv/wQzgZ8UOxMvFDS0zxQ8Rl8UNdf/FD
95jxQ5Cy8UMqzPFD5OXxQ37/8UP3GPJDsTLyQypM8kPEZfJDXX/yQ/eY8kOQsvJDKszyQ+Tl
8kNd//JD9xjzQ5Ay80NsTPND5GXzQ11/80P3mPNDkLLzQyrM80PE5fNDfv/zQxgZ9EOQMvRD
S0z0Q8Rl9ENdf/RD3Jn0Q5Cy9EMqzPRD5OX0Q13/9EObGfVDkDL1QypM9UPEZfVDXX/1QxiZ
9UOxsvVDKsz1Q8Tl9UNd//VD9xj2Q7Ey9kMqTPZDxGX2Q35/9kMYmfZDsbL2Qw/N9kPE5fZD
Xf/2Q/cY90PSMvdDKkz3Q8Rl90N+f/dD95j3Q5Cy90NLzPdDxOX3Q37/90P3GPhDkDL4QypM
+EPEZfhDXX/4Q/eY+EOxsvhDS8z4Q8Tl+EMBAPlDGBn5Q7Ey+UNLTPlD5GX5Q59/+UMYmflD
sbL5Q0vM+UPk5flD</AssayXData><AssayYData Points="300">ysDYPlRG5T7i+Os+HcjsPnYc7j43XO4+dHXwPiaB8T5JnPE+KSH0PjTu8z5tH/U+wGX0Pqt4
9T6B1/c+X6H4PnEa+D5ZMfg+H336PpaW+D4IJfo+KSX7PgVN/D6Zs/w+Kxv7Ppuz/j4VXvw+
fyUAP/g4AD8sLv4+JVEAP+q1/z7L+/8++Vf/PudkAD9tYQA/0P4AP53AAD/P0AA/6Z4BPxMP
AT+d6wE/UiICPzfAAT/imQE/wiIBPzDFAT8jYwI/scoCP7CzAj+biQI/sUABP8eNAj9PDgI/
JRICP+qXAj87BQI/0XMDP0KDAj8XggI/q/QCP4IpAz+CFwM/UawCPxHFAj8rpgI/n+4CPzHv
Az8wEgM/qY0CPyq3Az/FHAQ/8t4CP5CxAz+SgQI/k+UDP6j2Aj8vJQQ/i4kDPy57Az+TJwM/
lgEEP6yTAz+M2AM/+KcDP0qqAz8wEQQ/e3kDP03tAz9GngI/4WoDP8+rAz+MgwQ/8FMDP1pD
Az8dPgM/tnwDPweBAz+HxgM/sQwEP0+YAz8O7AI/gM8DP392Az/K2gQ/NQUEPyYFBD8h1AI/
9pYDP9vkAj/kXQQ/47kEP5gsBD9ZtAM/gEsEP89yAz8xcQQ/IkUDP5PAAj/gqwQ/L0oEP0No
Az/33QI/6N4CP2q+Az/9QQQ/ssgEP6crAz9D6QM/SiADPxmiBD9XagI/etADPw+2Az8ViwM/
3C8DP47jAz+NMwM/jkADP5DpAj8owwM/4ywDPzyCAz/gEgM/6PcCP2EKAz92OAM/V0sDP6zM
Aj9RGAQ//pQCPyHsAj/ehgM/zYEDP5VdAz/2SAM/hYYCP4m8Az+3PgM/HfsCPzqJAz81sAI/
Jg8DPzU5Az+WtwI/urQCP3LoAj9ecQM/5IQDP0JNAz+PqQI/By8CP5K1Az9u2wM/FQUDP6lE
Aj/NNwM/9/4CP2joAj92+gI/7kkCP3NDAz+QfgI/8i8CP8HIAj/P8wI/0bYDP0KYAj/GzQI/
bbIDPwZSAz+bnwI/S7QDP6VxAz/XyAM/q2gDPxRWAz/+XgI/hNwCPwrGAj8QvgE/W0wCP4s7
Aj/upAM/VcMBPxLlAj8yEQM/8ekBP21pAj8ETAI/klMCP82XAT/kMwI/bwQCP/ugAj9rvgE/
h+MBP6xYAj9cwAE/ZhoDPz7DAj+BwQE/7DcBP+eyAT/uNwI/MYUBPzufAj+SggI/LuECP2f8
AT8JBgI/Z20CPxbcAD8GhQE/LBACP5SZAT9v7gI/E0ICP3QLAj9irwE/bN4BPyXOAT+ddQI/
1xACP5WoAT/IAwI/hZ8BP8XQAT/RygE/h5oBPwMkAj/TTQI/dPkAP4CLAD/HFAI/1q8BPxiW
AT/6ugE/CAwCP7iOAT84pQA/nQoCP732AT/JCQE/d7QBP657Aj8jhAE/OEgBP13FAD+wQwE/
ldIBP+8fAT+xlQA/cMAAP0L8AD8vWwE/8WABPxGQAT+vvQA/7fcBPzanAT/CzgA/OIsBP3n8
AD9SEgE/DrwBP+3sAD+Q+gA/JQwCPx3sAD+fCQE/8RoBPyTPAD+YJAE/BwIBPwokAT/97gA/
rEsBP6+lAD8eFAE/</AssayYData></Step><Step><CommonData><SampleLocation>10</SampleLocation><SampleID></SampleID><SampleGroup></SampleGroup><SampleInfo></SampleInfo><SampleRow>H</SampleRow><SamplePlate>1</SamplePlate><WellType>BUFFER</WellType><Concentration>-1</Concentration><ConcentrationUnits>µg/ml</ConcentrationUnits><MolarConcentration>-1</MolarConcentration><MolarConcUnits>nM</MolarConcUnits><MolecularWeight>-1</MolecularWeight><Temperature>30</Temperature><StartTime>1352033</StartTime><AssayTime>20</AssayTime></CommonData><FlowRate>1000</FlowRate><StepType>BASELINE</StepType><StepName>Baseline 20</StepName><StepStatus>OK</StepStatus><ActualTime>20.005</ActualTime><CycleTime>0.2</CycleTime><AssayXData Points="100">fv/5QxgZ+kOxMvpDjEz6Q8Rl+kN+f/pDGJn6Q7Gy+kNLzPpD5OX6Q37/+kMYGftDsTL7Q0tM
+0PEZftDXX/7QxiZ+0OQsvtDS8z7Q+Tl+0Nd//tDGBn8Q7Ey/EMqTPxD5GX8Q35//EMYmfxD
kLL8QyrM/EPk5fxDfv/8Q/cY/UOQMv1DS0z9Q8Rl/UN+f/1DGJn9Q7Gy/UMqzP1D5OX9Q37/
/UM4Gf5D0jL+Q0tM/kPkZf5Dfn/+QxiZ/kOQsv5DS8z+Q+Tl/kNd//5D9xj/Q7Ey/0MqTP9D
xGX/Q35//0P3mP9DsbL/Q0vM/0PE5f9DMgAARHsMAERZGQBEJSYARPIyAES/PwBEe0wAREhZ
AEQlZgBE4nIARK9/AER7jABEWZkARCWmAETysgBEr78ARHvMAERZ2QBEJeYAROLyAESv/wBE
ewwBREgZAUQVJgFE8jIBRK8/AUR7TAFESFkBRCVmAUTicgFEr38BRIyMAUR5mQFEFaYBROKy
AUSvvwFEe8wBRJrZAUQV5gFERPMBRA==</AssayXData><AssayYData Points="100">qpGXPlGfTT5fmhw+OvkBPi507D1Ypt49V5TaPaAY1z0i8tY9VkPZPXrA3j0WAd09cdjdPUlo
4D0Tw+E9wdzmPTv+4z3YwOI904/qPdCk8D3sxeo9tgLpPSUc6z0rzuo9NjHzPQvt7D2N6fA9
eI7zPVcm7j3r8PA9O2fyPZhm7T2hs/E9QLXyPe6F9T2WnvI9AiT5Pcjv/T280v49FxP6PXue
9D3aJ/09oW/9PaXd/T2ULfw94QT8PZqQ+T38PPk9mEj9Pfw0+D0qMAA+7Uj+Pd0W+T0Rav89
3I/+PXGr8j3Dq/w9pgX7PSb2/z1orfw9+oMAPoeD/T2ehQI+t7j9PdzB+j3+GwM+zp38PfQj
+z3ljgA+1bX/PRxoAj41nAM+hIsDPsOfAT5/aQA+BIkCPnlJBD4OogE+QN8EPvbXAj4jGAQ+
8xAGPsomAz5JDwI+eTz/PaavAD4wRAc+J2QCPu0wAz7ciQM+ZvMDPsQJAj7NMAk+vfUFPkTR
Aj7yKQU+jtMCPppVBD6Q+wU+nnQEPg==</AssayYData></Step><Step><CommonData><SampleLocation>11</SampleLocation><SampleID></SampleID><SampleGroup></SampleGroup><SampleInfo></SampleInfo><SampleRow>H</SampleRow><SamplePlate>1</SamplePlate><WellType>KSAMPLE</WellType><Concentration>-1</Concentration><ConcentrationUnits>µg/ml</ConcentrationUnits><MolarConcentration>-1</MolarConcentration><MolarConcUnits>nM</MolarConcUnits><MolecularWeight>-1</MolecularWeight><Temperature>30</Temperature><StartTime>1382766</StartTime><AssayTime>120</AssayTime></CommonData><FlowRate>1000</FlowRate><StepType>ASSOC</StepType><StepName>Association</StepName><StepStatus>OK</StepStatus><ActualTime>119.999</ActualTime><CycleTime>0.2</CycleTime><AssayXData Points="600">IQACRN4MAkSrGQJEZyYCRDQzAkQRQAJE3kwCRJpZAkR3ZgJERHMCRBGAAkTNjAJEmpkCRHem
AkREswJEAcACRN7MAkSr2QJEZ+YCRDTzAkQBAANEzQwDRJoZA0R3JgNENDMDRAFAA0TuTANE
mlkDRGdmA0Q0cwNEAYADRM2MA0SamQNEZ6YDRDSzA0QRwANEzcwDRJrZA0Rn5gNERPMDRAEA
BETeDAREmhkERKkmBEQ0MwREEUAERM1MBESaWQREmGYERERzBEQRgAREzYwERJqZBERnpgRE
NLMERBHABETezAREu9kERHfmBERV8wREEQAFRN4MBUSrGQVEdyYFREQzBUQyQAVE3kwFRKtZ
BUR3ZgVERHMFRAGABUTejAVEq5kFRHemBUREswVEEcAFRM3MBUSr2QVEZ+YFRETzBUQRAAZE
3gwGRKsZBkR3JgZERDMGRBFABkTeTAZEq1kGRHdmBkREcwZEEYAGRN6MBkSrmQZEd6YGRESz
BkQRwAZE3swGRKvZBkRn5gZERPMGRAEAB0TeDAdEqxkHRHcmB0RVMwdEAUAHRM1MB0SrWQdE
d2YHRERzB0QRgAdE3owHRKuZB0RnpgdERLMHRBHAB0TNzAdEq9kHRGfmB0Q08wdEEQAIRDAN
CESrGQhEZyYIREQzCEQRQAhE3kwIRKtZCERnZghERHMIRBGACETNjAhEq5kIRGemCEREswhE
EcAIRN7MCESr2QhEd+YIRETzCEQBAAlE3gwJRKsZCURnJglERDMJRAFACUTNTAlE3FkJRGdm
CUQ0cwlEAYAJRM2MCUSamQlEd6YJRDSzCUQRwAlE3swJRJrZCURn5glERPMJRAEACkTNDApE
mhkKRHcmCkQ0MwpEAUAKRM1MCkSaWQpEZ2YKRDRzCkQBgApE3owKRKuZCkRnpgpENLMKRAHA
CkTezApE3NkKROrmCkQ08wpEAQALRM0MC0TcGQtEdyYLRDQzC0QRQAtEzUwLRKtZC0RnZgtE
RHMLRBGAC0TNjAtEq5kLRHemC0REswtEMsALRN7MC0Sr2QtEd+YLRETzC0QRAAxE3gwMRKsZ
DER3JgxERDMMRBFADETeTAxEq1kMRHdmDEREcwxEEYAMRN6MDESrmQxEd6YMRESzDEQRwAxE
D80MRA3aDER35gxERPMMRAEADUT/DA1EqxkNRHcmDUREMw1EEUANRN5MDUSrWQ1Ed2YNRERz
DUQRgA1E3owNRKuZDURnpg1ERLMNRBHADUTezA1Eq9kNRGfmDURE8w1EAQAORN4MDkSrGQ5E
dyYOREQzDkQBQA5E3kwORKtZDkRnZg5ENHMORBGADkTejA5EmpkORGemDkREsw5EQsAORN7M
DkSr2Q5Ed+YORETzDkQBAA9E3gwPRJoZD0RnJg9ENDMPRAFAD0TNTA9Eq1kPRHdmD0Q0cw9E
EYAPRM2MD0SrmQ9Ed6YPRDSzD0QBwA9EzcwPRKvZD0R35g9ERPMPRBEAEETNDBBEqxkQRGcm
EEQ0MxBEAUAQRM1MEESrWRBEZ2YQRERzEEQBgBBE3owQRJqZEERnphBENLMQRAHAEETNzBBE
q9kQRHfmEEQ08xBEAQARRN4MEUSrGRFEZyYRREQzEUQBQBFE3kwRRKtZEUR3ZhFENHMRRAGA
EUTNjBFEmpkRRGemEUQ0sxFEAcARRN7MEUSa2RFEZ+YRRDTzEUQBABJEzQwSRJoZEkRnJhJE
VTMSRAFAEkTeTBJEmlkSRGdmEkQ0cxJEAYASRM2MEkSamRJEZ6YSRDSzEkQRwBJE3swSRKvZ
EkTJ5hJERPMSRBEAE0TeDBNEqxkTRHcmE0REMxNEEUATRN5ME0TcWRNEd2YTRERzE0QRgBNE
3owTRKuZE0R3phNERLMTRBHAE0TezBNEq9kTRHfmE0RE8xNEIQAURN4MFESrGRREdyYURDQz
FEQBQBRE3kwURKtZFER3ZhRERHMURBGAFETejBREmpkURNqmFEREsxREEcAURM3MFESr2RRE
Z+YURDTzFEQRABVE3gwVRKsZFUR3JhVENDMVRBFAFUTeTBVEq1kVRGdmFUQ0cxVEAYAVRM2M
FUSrmRVEd6YVRDSzFUQRwBVE3swVRKvZFUR35hVEhvMVRBEAFkTeDBZEqxkWRGcmFkREMxZE
AUAWRN5MFkSrWRZEd2YWRDRzFkQBgBZE3owWRPyZFkR3phZENLMWRAHAFkTNzBZEq9kWRHfm
FkRE8xZEEQAXRM0MF0SrGRdEdyYXRDQzF0QRQBdEzUwXRKtZF0R3ZhdERHMXRAGAF0TNjBdE
q5kXRGemF0Q0sxdEAcAXRN7MF0Sr2RdEZ+YXRETzF0QRABhEzQwYRJoZGERnJhhENDMYRAFA
GETeTBhEmlkYRGdmGEREcxhEAYAYRM2MGESamRhEd6YYRDSzGEQBwBhEzcwYRJrZGERn5hhE
RPMYRAEAGUTNDBlEmhkZRGcmGUQ0MxlEAUAZRM1MGUSaWRlEd2YZRERzGUQBgBlE3owZRJqZ
GURnphlERLMZRBHAGUTezBlEmtkZRHfmGURE8xlEEQAaRN4MGkSrGRpEdyYaREQzGkQRQBpE
3kwaRKtZGkR3ZhpERHMaRGOAGkTNjBpEq5kaRHemGkRlsxpEpMAaRN7MGkSr2RpEd+YaRETz
GkQRABtE3gwbRKsZG0R3JhtERDMbRBFAG0TNTBtEmlkbRHdmG0Q0cxtEEYAbRN6MG0SrmRtE
d6YbRESzG0QRwBtEzcwbRKvZG0R35htERPMbRBEAHETeDBxEmhkcRHcmHEQ0MxxEEUAcRN5M
HESrWRxEd2YcRDRzHEQBgBxE3owcRJqZHERnphxERLMcRAHAHETezBxEq9kcRHfmHERE8xxE
AQAdRN4MHUT8GR1EZyYdRDQzHUQRQB1EQE0dRJpZHUR3Zh1ERHMdRAGAHUQfjR1Eq5kdRGem
HUQ0sx1EIcAdRM3MHUSa2R1EZ+YdRDTzHUQRAB5E3gweRJoZHkR3Jh5ENDMeRBFAHkTeTB5E
mlkeRGdmHkQ0cx5EEYAeRM2MHkTLmR5EZ6YeRESzHkQBwB5EzcweRJrZHkRn5h5ENPMeRBEA
H0TNDB9EmhkfRHcmH0Q0Mx9EAUAfRM1MH0SaWR9EZ2YfRDRzH0QRgB9EzYwfRJqZH0Rnph9E
ZbMfRAHAH0TNzB9EmtkfRGfmH0RE8x9E</AssayXData><AssayYData Points="600">zJ2bPunavD6UqMo+LJjQPtfa0D5BANM+Lj/SPiJyzz5eJNE+auHNPgoSzz7nSs8+VD/PPt3v
zj7KGM8+zDvOPuO5zT4sJ8w+SfHMPoiAzj6/Qc4+GinNPgAlzj45wso+mRHLPmyGzD4BV80+
/XXKPn6QzD44XMk+3SnMPmAMyz5ZtM0+EKjMPoLwyz5mg8w+djXMPsjuyz6N1Mw+HZLLPp26
yz6SEco+xmLMPiU0yz5Anss+Tm/KPr19yz66Nso+eGXLPn4ezD5S4so+WPjKPp5eyz4v3ss+
C2TLPrIDyz6EkMk+WVXJPnfKyj7giso+S9TKPgdnzD4hZMk+L+/IPuHqyj6BEco+Jb7LPtFk
yj6zSsg+mx3MPhB/yz4i2cw+LQDLPnbOyT4wMso+pbnJPn1Vyz6UTMk+sLXKPsxPyz4qeMo+
PovKPqkXyj5zhMw+4xDKPmH2yj5lfss+LjjLPue3yz4f/8o+PoTKPnLSzD764ss+OffLPob+
yz6cYcw+02TLPnahyT6dfsw+vZLMPvRPyj4czcs+dHbLPliTyz7/5cw+bdLLPqjNzj4e3cs+
Rd7LPuDlxz6rf80+LCPKPpqJyz40m8s+JaHLPtlVyz68yss+D0nMPlu2yz5Wjco+Je7MPsIS
zD6iZso+S87KPolZzD5Bgso+fDvNPuW0zD6nAss+tRLMPrmKzD7nvc0+r3jNPnUHyj5O18o+
Eo/MPiZsyT45hsk+5sXKPg8szD5VWco+0vLJPoqryj4Cgck+ojTKPnxezD4licw+74LMPs21
yz4Mz8k+htTLPicczT4D88o+WXDLPl+ozD7qX80+WOTMPvnTzD4sI80+X1PLPmUyzD7Ie8s+
3M/KPkknzT68eso+uHXLPp9wyj4dqMs+CanLPjhdyz4SmMw+0PjMPgNwyz4mKcs+O6nLPrOs
yz7Orcw+Jp7LPgjIzD6oIcs+/Q3MPgn9yj6tEcs+vZjOPhXNzD6rYs0+Rt7MPnjTyz7F+Ms+
c8zMPtDWzT7jd8s+CAPMPhsYzD5Ap8w+gtTLPihHzD72v8w++0vNPjPqzT5ui8w+IhXLPqqe
yz5Tpcw+wKfMPmiAzj70AM0+75vNPqNMzD6Hmco+G2fMPpIKzj49XMs+7mPMPvneyz4cM8w+
wlDNPln9zD4S6cw+e1fMPowTzT50u80+GczNPtrpyz50cMw+6SPMPp4Uyz54x8s+EQ3OPn4x
zT7Aecw+4iDOPo6KzD4YZc0+/5zLPrIkzj4Tuss+aHHNPnaSzT5++M0+tv/MPgFtzD4QScw+
T+fLPgYazT6jOs0+C1TNPhfCzT4yQc0+LxbOPq/RzT6PSM0+7+zLPlvyyz4zXc4+/SzOPmF6
zT5phM0+lz7PPlwzzD6BEcw+vtLNPiNHzT7SLsw+AFfOPnzazD4Ccsw+N6jLPs8gzz50mcw+
XGHNPm9ozj5Hps0+l+TNPndHzT4jAs8+iTPMPunHzT58SM0+Ie3NPpbuzD7xsM0+WebMPkcn
zj6MIs4+/cLNPm/6zT4gqMw+LSLPPgy9zj7sDs4+B3zLPmDlyz4bHc4+FInNPn2BzT6ep80+
473NPjx40D4JUc0+bS7PPj3GzD6LS88+he7OPpqtzT7KNc4+F5fNPtC2yz6/jM8+SRDNPsKI
zT6xcc4+s4PNPsaWzT7tes4+UNHNPjZZzT6sZc8+ZlbNPoEyzz5lN84+DvrOPux5zT59OM4+
mlvMPnngzT5JSs0+qRXOPvgP0D4H484+CFjOPgTYzz58Ac0+TfLNPs11zj64Os8+mAPPPr+z
zj6mL84+5Q/OPj62zz7KFc8+Dx7NPmH3zj58ns4+CLXOPmorzz43Fc0+KGPQPgFa0D5Cbc0+
1vLOPrVb0D5EhM4+3f7NPikGzz74Cs4++AbPPv5Dzz5ep84+s/nPPhcKzz5Ik84+NsDNPkPl
zT4d5s0+RnHNPlcPzz6zWNA+J6nOPkyPzz45Rc8+CGvQPvhb0D5XO9A+eQfPPnB+zj6FUc8+
KyzNPmFg0D4NGdE+ajjRPrCVzj6U4c4+DXTPPk+F0T5CQNA+e2LRPoEazj4qc9A+V8TPPvAu
0D4P/s0+FILOPoLSzT69QtA+DojPPkpY0D4kK9A+sNjPPg4t0D4JQ80+nKbQPnpU0T5jAM4+
civQPsDJzz72p9E+fCzPPmil0T7ed84+qPDQPk2X0T7i9tA+LrXNPkVU0D5GpNA+4N3RPsvM
0D4KAs4+JGLQPrif0T5o2tA+j6vPPqV0zz4Lz9E+gQfPPgkSzz4srM8+fGTQPjcizz4gqdA+
XpzRPklJzz4bmtA+uE/PPrzG0j7VRtA+GeLQPhh/zz6s088+fZ/PPnH3zz4sJM8+VfzPPo5D
zz7e9M4+pibRPgjG0D5tg88+OTfSPnT9zz67i9A+SsvPPv+u0D76qM8+ZgLRPv1h0T6319E+
OpHQPmSW0D4cfs8+RQTQPhAl0T4/2tE+nCnSPvgl0D6DNtE+P8bQPseE0j7L7s8+PL/PPgfU
0D5xUs8+rrLQPrT/0D4djtE+FzXRPkh10j6Y79A+P3bQPpdP0T6Kqs8+a8/QPrub0D6g3dE+
werQPjEV0D6q3tE+EPTRPpHvzz4YM9A+8WLPPkNQ0T6NdM8+dkTRPk3s0T6e/tE+2aLQPgwm
zz5bIdE+eODSPlGQ0j5dutA+2f3SPnpS0T7p0tI+85TRPsaA0j5zF9I+XOfRPoCn0D5iYdE+
jM7RPuBE0z6YjNA+tC3QPtK70j44EtI+fQHSPga50T6FpdI+3mHSPtwe0j4z1NE+gKfRPhnK
0j6r+NI+PJzSPk0G0z66VNA+wt/SPvuI0T7JR9I+FdbRPoef0j6SY9I+1DbSPsas0j6+P9E+
4Q7RPsCa0j7fzNE+17LSPhkl0j6AZ9M+idfTPv7V0T5zQ9I+2QbUPkGC0j70jtI+dVTSPnV5
0z6vFdI+H+jRPobo0T5VwdM+v5zTPh760T6C09M+IIHSPhe/0j4Ps9M+hc/SPsYo0T7Y0tI+
OGPSPr0/0j4jptI+ANDSPhhw0z6yD9I+ezfTPqdT0z5JHNM+zGPTPj1D0T5RGNM+G7/SPjqP
0z6EkdI+YmfTPmg31D5HFtM+NWzUPoNN0z7pNNU+zYTQPlXV0j5aQNM+NJTSPsWh1D7n/NI+
w+3RPgpG0z6fatI+sFbSPnfl0j68b9I+</AssayYData></Step></KineticsData></ExperimentResults>
