<?xml version="1.0" encoding="UTF-8" standalone="yes"?>
<ExperimentResults><ExperimentInfo Name="20250917 PE P5216 - 5377 plate 1 kappa 50 ugl"><ExpDescription>AHC example method - full characterization&#13;
Analyte titration series with reference channel</ExpDescription><RTDVersion>2.0</RTDVersion><RunID>3B9E1F69-E451-4552-8C9D-CFED4D62EEC8</RunID><ExperimentType>KINETICS</ExperimentType><ExperimentSubType>KBASIC</ExperimentSubType><StartDateTime>2025-09-17T15:12:20</StartDateTime><MachineName>BN7KX12</MachineName><UserName>octet</UserName><LotNumber></LotNumber><PlateName>250917</PlateName><PlateName2></PlateName2><SensorName>A4</SensorName><SensorPlate>1</SensorPlate><SensorType>AHC (Anti-hIgG Fc Capture)</SensorType><SensorRole>LIGAND</SensorRole><SensorInfo></SensorInfo><WritingSW>DataAcquisition.exe 11.0.2.1</WritingSW><InstrumentType>OctetRED96</InstrumentType><InstrumentSerial>FB-50284</InstrumentSerial><InstrumentFW></InstrumentFW><IntegrationTime>2.7</IntegrationTime><DSPType>CPF</DSPType><DSPStitching>1</DSPStitching><HasManifest>1</HasManifest><InfoHash>268837178</InfoHash></ExperimentInfo><AssayParamsInfo/><KineticsData><Step><CommonData><SampleLocation>1</SampleLocation><SampleID>Running Buffer</SampleID><SampleGroup></SampleGroup><SampleInfo></SampleInfo><SampleRow>A</SampleRow><SamplePlate>1</SamplePlate><WellType>BUFFER</WellType><Concentration>-1</Concentration><ConcentrationUnits>µg/ml</ConcentrationUnits><MolarConcentration>-1</MolarConcentration><MolarConcUnits>nM</MolarConcUnits><MolecularWeight>-1</MolecularWeight><Temperature>30</Temperature><StartTime>613075</StartTime><AssayTime>180</AssayTime></CommonData><FlowRate>1000</FlowRate><StepType>BASELINE</StepType><StepName>Baseline 1</StepName><StepStatus>OK</StepStatus><ActualTime>179.999</ActualTime><CycleTime>0.2</CycleTime><AssayXData Points="900">AAAAAM3MTD7NzMw+mpkZP0SLTD8AAIA/mpmZPzMzsz8IrMw/okXmPwAAAEBqvAxAmpkZQARW
JkDRIjNAAABAQM3MTEA3iVlABFZmQNEic0AAAIBANV6GQM3MjEACK5NAaJGZQM/3n0BmZqZA
nMSsQDMzs0BokblAz/e/QDVexkCcxMxAMzPTQJqZ2UDP999ANV7mQJzE7EACK/NAaJH5QM/3
/0AzMwNBTmIGQYGVCUG0yAxB5/sPQTMzE0FOYhZBgZUZQbTIHEHn+x9BMzMjQU5iJkGBlSlB
tMgsQef7L0EzMzNBTmI2QYGVOUG0yDxB5/s/QRsvQ0F/akZBmplJQbTITEHn+09BGy9TQWZm
VkGamVlBzcxcQQAAYEEzM2NBZmZmQZqZaUHNzGxBAABwQTMzc0FmZnZBmpl5Qc3MfEEAAIBB
mpmBQTMzg0HNzIRBZmaGQfT9h0GamYlBMzOLQc3MjEFmZo5BAACQQZqZkUEzM5NBzcyUQWZm
lkH0/ZdBmpmZQTMzm0HBypxBZmaeQQAAoEGNl6FBMzOjQc3MpEFmZqZBAACoQY2XqUEzM6tB
zcysQWZmrkEAALBBjZexQTMzs0HNzLRBZma2QQAAuEGamblBMzO7QcHKvEFmZr5B9P2/QZqZ
wUEzM8NBzczEQVpkxkEAAMhBmpnJQScxy0HNzMxBZmbOQQAA0EGNl9FBJzHTQc3M1EFaZNZB
AADYQZqZ2UEzM9tBwcrcQWZm3kH0/d9BjZfhQTMz40HByuRBZmbmQfT950GNl+lBJzHrQcHK
7EFaZO5B9P3vQY2X8UEzM/NBzcz0QVpk9kEAAPhBjZf5QTMz+0HNzPxBWmT+QQAAAELHywBC
mpkBQmZmAkIzMwNC+v4DQsfLBEKamQVCZmYGQjMzB0L6/gdCx8sIQpqZCUJgZQpCLTILQvr+
C0LNzAxCmpkNQmBlDkIzMw9C+v4PQs3MEEKTmBFCZmYSQi0yE0L6/hNCx8sUQpOYFUJgZRZC
LTIXQvr+F0LHyxhCk5gZQmBlGkIzMxtC+v4bQsfLHEKTmB1CYGUeQi0yH0L6/h9Cx8sgQpOY
IUJgZSJCOTQjQvr+I0LHyyRCmpklQmZmJkIzMydCAAAoQs3MKEKamSlCZmYqQjMzK0IAACxC
zcwsQpqZLUJmZi5CMzMvQgAAMELNzDBCmpkxQmZmMkIzMzNCAAA0Qs3MNEKamTVCYGU2QjMz
N0IAADhCzcw4QpqZOUJmZjpCMzM7QgAAPELNzDxCk5g9QmZmPkIzMz9CAABAQs3MQEKamUFC
ZmZCQjMzQ0L6/kNCzcxEQpqZRUJmZkZCMzNHQvr+R0LNzEhCk5hJQmZmSkIzM0tCAABMQs3M
TEKamU1CZmZOQjMzT0L6/k9CzcxQQpqZUUJmZlJCMzNTQgAAVELNzFRCmplVQmBlVkIzM1dC
+v5XQs3MWEKTmFlCZmZaQjMzW0IAAFxCx8tcQpOYXUJmZl5CMzNfQgAAYELHy2BCmplhQmBl
YkIzM2NC+v5jQs3MZEKamWVCYGVmQjMzZ0L6/mdCzcxoQpqZaUJgZWpCMzNrQvr+a0LNzGxC
k5htQmZmbkIzM29C+v5vQs3McEKamXFCYGVyQi0yc0IAAHRCx8t0QpOYdUJgZXZCLTJ3Qvr+
d0LHy3hCmpl5QmBlekIzM3tC+v57QsfLfEKTmH1CYGV+Qi0yf0L6/n9CZmaAQkrMgEKwMoFC
F5mBQn3/gULjZYJCSsyCQrAyg0IXmYNCff+DQuNlhEJKzIRCsDKFQheZhUJ9/4VC42WGQkrM
hkIzM4dCmpmHQn3/h0LjZYhCzcyIQrAyiUKamYlCff+JQuNlikLNzIpCMzOLQheZi0IAAIxC
ZmaMQs3MjEIzM41CmpmNQgAAjkJmZo5CzcyOQjMzj0KamY9CAACQQmZmkELNzJBCMzORQpqZ
kUIAAJJCZmaSQs3MkkIzM5NCF5mTQgAAlEJmZpRCzcyUQjMzlUKamZVCAACWQmZmlkLNzJZC
sDKXQpqZl0IAAJhCZmaYQs3MmEIzM5lCmpmZQgAAmkJmZppCzcyaQjMzm0KamZtCAACcQmZm
nELNzJxCMzOdQheZnUIAAJ5CZmaeQs3MnkIzM59CmpmfQgAAoEJmZqBCzcygQrAyoUKamaFC
AACiQmZmokJKzKJCMzOjQheZo0IAAKRC42WkQs3MpEIzM6VCmpmlQgAApkLjZaZCSsymQrAy
p0KamadCiQGoQmZmqELNzKhCMzOpQheZqUJ9/6lCZmaqQs3MqkKwMqtCF5mrQgAArEJmZqxC
SsysQrAyrUIXma1CAACuQuNlrkJKzK5CMzOvQpqZr0IAALBCZmawQs3MsEIzM7FCmpmxQn3/
sULpZrJCzcyyQrAys0KambNCff+zQuNltEJKzLRCMzO1QheZtUJ9/7VC42W2QkrMtkKwMrdC
F5m3Qn3/t0JmZrhCzcy4QrAyuUIXmblCff+5QuNlukJKzLpCMzO7QheZu0J9/7tC42W8QkrM
vEKwMr1CF5m9QgAAvkLjZb5CSsy+QrAyv0IXmb9Cff+/QuNlwEJKzMBCsDLBQheZwUJ9/8FC
ZmbCQkrMwkKwMsNCF5nDQn3/w0KRbcRCzczEQjMzxUKamcVCAADGQmZmxkJKzMZCMzPHQpqZ
x0IAAMhCZmbIQs3MyEIzM8lCmpnJQgAAykJmZspCzczKQjMzy0IXmctCAADMQmZmzELNzMxC
MzPNQpqZzUIAAM5CZmbOQs3MzkIzM89CmpnPQgAA0EJmZtBCzczQQrAy0UKamdFCAADSQuNl
0kLNzNJCsDLTQheZ00IAANRCZmbUQs3M1EIzM9VCF5nVQgAA1kJmZtZCzczWQjMz10IdmtdC
AADYQuNl2ELNzNhCMzPZQpqZ2UIAANpC42XaQs3M2kKwMttCF5nbQgAA3ELjZdxCzczcQjMz
3UKamd1CAADeQmZm3kLNzN5CsDLfQheZ30IAAOBC42XgQs3M4EIzM+FCF5nhQn3/4UJmZuJC
zcziQjMz40IXmeNCff/jQuNl5EJKzORCMzPlQpqZ5UIAAOZCmG7mQs3M5kIzM+dCmpnnQn3/
50LjZehCSszoQrAy6UKamelCff/pQuNl6kJKzOpCMzPrQpqZ60J9/+tCZmbsQs3M7EKwMu1C
F5ntQn3/7UJmZu5CSszuQrAy70IXme9CAADwQuNl8EJo0fBCsDLxQheZ8UIAAPJC42XyQkrM
8kKwMvNCmpnzQgAA9ELjZfRCSsz0QrAy9UIXmfVCff/1QuNl9kJKzPZCMzP3QheZ90IAAPhC
42X4QkrM+EIzM/lCF5n5QgAA+kLjZfpCSsz6QrYz+0IXmftCff/7QuNl/ELNzPxCsDL9QpqZ
/UIAAP5CZmb+QrLd/kI/Nf9Cmpn/QoMAAEMzMwBDZmYAQ5qZAEPNzABDAAABQzMzAUNmZgFD
WJkBQ83MAUMAAAJDMzMCQ2ZmAkNYmQJDzcwCQwAAA0MzMwNDZmYDQ1iZA0OLzANDAAAEQzMz
BENmZgRDmpkEQ83MBEMAAAVDMzMFQ2ZmBUNYmQVDzcwFQwAABkPyMgZDJWYGQ5qZBkPNzAZD
vv8GQzMzB0NmZgdDmpkHQ4vMB0O+/wdDMzMIQ2ZmCENYmQhDzcwIQ77/CEPyMglDJWYJQ5qZ
CUOLzAlDAAAKQzMzCkMlZgpDmpkKQ83MCkMAAAtDMzMLQ2ZmC0OamQtDzcwLQwAADEMzMwxD
ZmYMQ5qZDEOLzAxDvv8MQ/IyDUMlZg1DWJkNQ4vMDUMAAA5DMzMOQyVmDkNYmQ5DzcwOQ77/
DkMzMw9DZmYPQ1iZD0PNzA9Dvv8PQ/IyEENmZhBDmpkQQ83MEEO+/xBDMzMRQyVmEUNYmRFD
i8wRQwAAEkMzMxJDJWYSQ1iZEkOLzBJDAAATQ/IyE0NzaBND55sTQ4vME0MAABRD8jIUQyVm
FENYmRRDi8wUQ77/FEPyMhVDZmYVQ1iZFUOLzBVDvv8VQ/IyFkMlZhZDWJkWQ83MFkO+/xZD
MzMXQ2ZmF0NYmRdDi8wXQ77/F0MzMxhDJWYYQ1iZGEOLzBhDvv8YQzMzGUOoZhlDWJkZQ1bO
GUO+/xlDMzMaQ2ZmGkNYmRpDzcwaQwAAG0MzMxtDZmYbQ5qZG0PNzBtDAAAcQzMzHENmZhxD
mpkcQ83MHEMAAB1DMzMdQ2ZmHUOamR1DzcwdQwAAHkMzMx5DZmYeQ1iZHkPNzB5DAAAfQzMz
H0NmZh9DmpkfQ83MH0MAACBDMzMgQyVmIEOamSBDzcwgQwAAIUMzMyFDZmYhQ5qZIUPNzCFD
AAAiQ/IyIkNmZiJDmpkiQ4vMIkMAACNDMzMjQ2ZmI0MMoiNDzcwjQwAAJEPyMiRDZmYkQ1iZ
JEOLzCRDvv8kQ/IyJUNmZiVDmpklQ83MJUMAACZD8jImQ2ZmJkNYmSZDi8wmQ77/JkMzMydD
x2snQ1iZJ0PNzCdDvv8nQ/IyKEMlZihDmpkoQ83MKEMAAClDMzMpQ2ZmKUNYmSlDi8wpQwAA
KkMzMypDJWYqQ1iZKkPNzCpDvv8qQzMzK0MlZitDmpkrQ4vMK0MAACxD8jIsQyVmLEOamSxD
i8wsQ77/LEPyMi1DZmYtQ1iZLUPNzC1DAAAuQzMzLkMlZi5DWJkuQ4vMLkO+/y5D8jIvQyVm
L0NYmS9Di8wvQwAAMEPyMjBDqGYwQ1iZMEOLzDBDvv8wQ/IyMUNmZjFDmpkxQ4vMMUMAADJD
MzMyQyVmMkNYmTJDi8wyQ77/MkPyMjNDJWYzQ1iZM0OLzDND</AssayXData><AssayYData Points="900">AAAAAI35mjurpdU7zWOnO6LKJTxzAwQ8ELQhPADWJDwy4ys8/7chPIjfaDzKeEc8sAVhPDvT
lzy2AIY8dD9yPMfehzzzFHM8MwKIPBTNqjwd8YA8RoKYPFMnsDx3s6M82qSnPGVxzzwFFL48
wSW1PLx+wjwB6ro8F0KzPG+vuTwCTbk8G7C4PPwozzwlFvU8933pPM4pzjzWq/M8tSDfPDjL
+DwJbPA8Oqv0PNN0/zwRtQs9wYP1PJXXAz2O1ws9GFkMPYl5/jyVhgI9AHEPPT4Z+zzPTvY8
KOIYPWeYHz3OPhM9dHYBPaRMET1Jzg89FFkNPa8bAD3b4AM96/UUPR+gGj3G3wQ9F2kQPTu1
Fz2jjRc959InPaw4KT1LwCA98W8fPT32Kz0KeSs9K6chPdGAKj2pqi89+3YoPQQaLT3+gyQ9
Y9YzPX5oND16ZTU9aYY5PZPyNj0tPDw97NowPfY8OD0XfDs90JJGPXfVQT31fj094t5JPRQw
Nj3+5jc9XwhUPdnjTD3/mD09t605PexRUz22Sz89E/pMPQM7Qj29K0c9nLNLPQROXj1v/mY9
LfxQPZPwTj3HuFo9sD1bPa5SWT0s+lc9Ez5cPf0oVz3CRGM9DMFePcTBVT3zd2A98MJmPVY/
bz0t82U9vmhmPae3aD2c+W49SqNpPUyBZD0N0Hw9koJ4PWtTcz3zXnk96O1qPe/Kej3Ws3A9
y75nPRaNfD2AlHo9dEF7PdKycT1nOHM9TD13PZI3eT3Mc4M90Id3Pc4vgT0JtoI9briDPZ9i
hz2Cdns94/B9PexliD2MYXY91GeGPXbEgz3QrHs9UA+BPVT/hT2+d4o9/6aCPW2/iD2LnI49
KfaFPWeThT0sXI49oGWJPfQvkT1aZYo9WOCNPSd4kj3vuY49rYuNPYpLjD0OIo494/WSPW80
jT32s5o9hCmVPX6cjj3hMIw91kSOPV6Akz35gI4969mVPVC8kD3VNZo9UbCZPQO/lz2gHZo9
pUuVPVfklz0LxKE9uPWZPWafnj0gQ5o99D6aPT+Mmz3lj6E9VJmdPbEEnz1l+509PUuhPUHf
lj1KdZ89oOygPSkxnz1QbKM9USmiPc3boD1QoqI9HouePd16pT2KJ6g9l3ChPc2TpT2O0qY9
LKOiPbbXqD39LKQ9qeWrPTZYpj1vx6s9eTGnPa3Dqz2Vb6w90iqtPaZvrj04tqU9+LO1PRUn
tT2t6aY9ey+sPf+JqD0QmqY9IJWmPWBaqz1ErrI9oh2tPZbytD2RWrU9ejitPSE0uT2V5Kk9
99yxPZbctT23VLY9kXO1PeDRsz2VOrU960+vPVcpvT3fhL89zTy3Pb4zuj3JK7g9sxe2PaVA
uD0jlrY9slC2PYSnuD3bHbY9jcG8PeX9sj3YlLk9Xg6+PTYcuz2/cb89PxC+PbUXuz11PsI9
pRy7PbA1wj3TWLw9cxW+PYS/wz1MicQ9WF68PQySvj3n1ME9L17HPST3wz3u4cE9wiS9PS3L
wj1YBsg9owzGPWHfvz25yb49Fh/MPZAVxD33T8c95hrPPfpMxT2kGsw9xWrEPZjeyz0/icc9
/mrAPfqmyj1ki8M9FGbJPS85xz2RFMg9OPzCPW4kzz0gSMk9lizFPZZgyz1igMU9EbvMPU+j
zD0Mcc09vc3HPR+p0T2nLdI9s8POPW1bzT3OEs098bbNPVZgzD0BgNE9XBHWPax/1T2fU9U9
BjvSPZp52D0/ntM93wfbPYGj1z0oWtU975LSPRXl0D3dxtg9C3LVPY4U1z3GDtQ9VjnZPbtr
4D1XfdE9ndfUPT+u4D08u+I9odDZPcmT2D2vNdw9gCXZPRMo4j3/nNo9p3HgPXYV3j1L7tw9
1R7dPWhw3T3RBd892GLkPahr3T22G9s9U3rcPSfP2D0JjeA9csLlPedA3j09XeE9C3ToPc6N
3T0oOOc9WjTiPRfU3z3ASeo9PNPjPao35T35Z+M9eZjrPWBU6D1VR+E94yvpPZOK4T0RiO09
8oTpPaPo5T3GKO49ZkbpPeHj6D1Zzuk9eIjkPbpW7j3hoOU9XRDpPUsu6z2GGu099ITqPQOG
8z0Wi+g9m+fvPeA07j058+w9qoTuPZq+9j0lMu09oIH0PfZ98j1rOvA9yabnPYLP8j2Axvc9
kintPdVs7D0due89a4PrPZGy7j3WCfA9f+3wPcIe9z37TPM9joD2PdDv9D1aifg9av3yPYC3
8z2YEfE9LnD0Pfvj8z0TRfQ9hVX3Pcqt8D2v1Pg9jGzzPWt28T3JgfQ9Mv76PXwF/T3+y/U9
+in7Pae38z3zevk9DTv/PTPD/z20BwE+FmT9Pan09T3SOPk9SeP7PfyM/j18Kfo9bQYCPpJh
+z1STfo912IAPshz/z35QgU+gz77PQ8//D2r6f49fXr/PQqBAD4oigE+vub9PSbjAD6jD/09
SJ//PS6QAz5nzAI+EsMEPkm6+D0uPAE+d4kDPvCcAD75HwQ+CFEAPqwhAz5LXQM+Hc4CPnFg
BD57nwM+WKkCPh0YBD6bkAE+fCcDPg2kBT7tKgY+26YGPpCGAj79DQM+IzwDPiFqAz5m2wQ+
z4EFPi2DBj5Gowc+wj0HPlitBD5GSQY+7DUIPtmuBz7q+wQ+2nEIPjq0BT4XaQM+pS8HPjGh
Bz6A4gc+AZQIPs8sCj5B+wo+C6QFPjFVCj7o2gU+pZUKPnTNCD6BCwk+X80KPmbDCj6bPQg+
Un4JPm5gCz6OmQk+WMgKPmOMBT6G0gg+H6YJPjkFCj6bLws+rgcLPqeJDD6dTA0+VycNPrhK
DT4l+As+YfcNPq2vDD7ARA4+o74PPg1FDz7ftgs+kn8MPtIQED46mgk+TKwPPtwZDD6GBxE+
nfEMPhxhED7Flg0+Z84NPtioDT7Mgg8+wZoNPjZLEj4NWQ8+yf4OPh9vEj53HhM+gTcTPiAv
ED58yRE+ZEsNPvAuDz4v7xA+ZUkRPhrNDz7zpBE+C14VPotaFT7TPBI+lMURPsvFEj4XfBc+
QfYPPsKAFT5uBhU+oH8OPumTFT7VuRM+qT4VPt+mFD6p4hk+vhEWPhKOEj5WAxQ+T5UUPn7T
FD4UTBU+TnIVPqmmFT5H/hA+A1EUPkn1GT6w5BQ+c7UXPrZeFj7tqRc+t6wVPoi7Fj6d6xc+
hAEVPim4Fj4Taxk++YkWPs1KFz7ZlBk++fMXPsmAGz7WwBw+azEZPvjYFz6+Mxg+AmQZPgPn
GD7Ppxw+rwkXPgLkGz7a3hc+EPsYPmXRGD5TzRk+SpEXPmTkGT4vZhg+dQwaPieCGj7PRh0+
xQ4ZPpL2Gj6qmRs+DFMaPliFGD5VUx0+mSgYPrflHD4r9Bs+R94cPj3CGz5llRs+yNIaPvNH
GT5BfRw+AbwbPuGjGj42qBw+A0YYPrLdHz4KfiE+27IfPvkZHz4Hkxs+McIaPtqFGj7R5Bw+
lOIdPiw0HD7trxs+ufgcPpw4Hj4H5R8+JGQdPioHID4vhCE+34IhPu89Hj41JRw+n+sdPrHh
IT7TGCI+TAslPlJkIT6GcBs+0gYhPv3WGj7aQiI+NVkjPuCbID5X5R4+Qm4gPqprIj7U5B0+
G/MhPtyRIz5OFiM+eeMlPvnLIT7F6yM+4u8kPjVMJT5XsiU+iIQiPiH4IT6bRiM+XMokPizm
Iz63XSM+uH0lPiQ8JT6wjyM+tEslPsgQIz5KViM++mwiPu1fIz6/hSQ+UNEgPnclJD76dSY+
LMslPrnZJz7/7yQ+/0UjPr3fJD4mKyY+fd4kPro1Iz61xSc+a5smPv/zJj6RtyM+TEYnPhbn
Jz58vCQ+wCcnPuh6Kj6T1iU+axgpPtl2KD6Dfyo+yAspPrhFKD52syk+mCgmPgH8Jj5VoiU+
02MnPgNqKT5ESSk+2aInPiYeKT72ESc+3u4oPqP8Jz4idic++PEqPu3TJz5LoCk+7fApPh6L
Kj4y9is+/kErPp+aKT51UCc+170pPvj0Kj7V3iw+NMYsPs4uLD6Yhiw+mt0oPrgwKT7fYSg+
6dQsPgtlKj4HAC0+bVEtPktVKz6J7iw+oqUtPnTbKz6mFTA+rmIvPkIiKz41sCs+XUAwPgSI
LT78li8+MD8sPsg/Lj6DvSw+kiktPgz3LD7oaC0+nSArPiydLT7l/y4+0dstPsBQLT6xUC0+
baIvPsuPLz4Hyi4+vKQuPu4vMj6CKDM+M6ksPo1BMT51ui8+rWAwPgOcMT7rEzI+m6gwPkNs
Lz6EcjA+jMUyPhRgLz7aqy4++LIyPkiVMD68uDA+o2kyPuH+MD59mzE+gCM1Pk98MD5VzTI+
GWU0Pp8OMD6z8TE+anU1Pt2tMz4eGzI+MqkzPkuoLj6UbC8+L8UwPuAILz6MaTU+yEMzPjEi
MT7qRjI+0NUxPokfNT4icDI+Ud40Pp4DND6qtzY++qUwPlB+OD7GEzY+64U2Pn3nNj4hdzc+
mho4PgycND6F4jI+YIEzPtE4Nz6e5TM+XI4xPoOwOD6GCDc+2YE4Pj4/Nj7m/DQ+viI1PtlH
NT55Xzc+ANk2PgVeOj74jjQ+BCA3PrCJND5/bTM+NFQ5PhrwNT4MAjk+V2s2PjSbNz5gyDc+
BZQ4PlPbNz70uDg+v5Y6PlHqOT7bzTw+Yyc5PvWENz60gTQ+wds3PmpCPz7oeTo+xG83PtFU
Pj649zk+Vvo5Pn87OT4iyTc+wrA2PpBLPT5D6Tg+BUs8PkNAPT4s8Tw+JYA8PuVKPD4qgj8+
nos3PnFAPT4SLDc+QYk+PrY6Pj5htTs+0TY6PmlDOT6b7zs+</AssayYData></Step><Step><CommonData><SampleLocation>2</SampleLocation><SampleID>10mM Glycine pH1.7</SampleID><SampleGroup></SampleGroup><SampleInfo>or other Regeneration solution</SampleInfo><SampleRow>A</SampleRow><SamplePlate>1</SamplePlate><WellType>REGENERATION</WellType><Concentration>-1</Concentration><ConcentrationUnits>µg/ml</ConcentrationUnits><MolarConcentration>-1</MolarConcentration><MolarConcUnits>nM</MolarConcUnits><MolecularWeight>-1</MolecularWeight><Temperature>30</Temperature><StartTime>969225</StartTime><AssayTime>20</AssayTime></CommonData><FlowRate>1000</FlowRate><StepType>CUSTOM</StepType><StepName>condition</StepName><StepStatus>OK</StepStatus><ActualTime>20</ActualTime><CycleTime>0.2</CycleTime><AssayXData Points="100">vv8zQ3QzNEMkZjRDWJk0Q4vMNEN8/zRDsDI1Q+NlNUNYmTVDi8w1Q4sMNkNRODZDJGY2Q5mZ
NkNJzDZDfP82Q/EyN0PjZTdDn5o3Q0nMN0O+/zdD8TI4Q+NlOEMWmThDScw4Q77/OEOwMjlD
42U5QxaZOUNJzDlDfP85Q7AyOkPjZTpDFpk6Q0nMOkODADtDsDI7Q+NlO0MWmTtDi8w7Q3z/
O0OwMjxD42U8QxaZPENJzDxDfP88Q/EyPUPjZT1DFpk9Q0nMPUO+/z1DsDI+Q6hmPkMimz5D
Scw+Q3z/PkOwMj9D6WY/QxaZP0OLzD9DfP8/Q7AyQEPjZUBDFplAQ4vMQEN8/0BDsDJBQ+Nl
QUOZmUFDScxBQ3z/QUPxMkJDJGZCQxaZQkMOzUJDvv9CQ/EyQ0MkZkNDWJlDQ0/NQ0O+/0ND
8TJEQyRmRENemkRDi8xEQ77/REPxMkVDJGZFQ1iZRUOLzEVDvv9FQ/EyRkMkZkZDWJlGQ4vM
RkO+/0ZDdDNHQ+NlR0NYmUdDi8xHQw==</AssayXData><AssayYData Points="100">+ZHKvXhRSr069MS7e4h4PMMl4zyOC9o8QILYPI1PyDxj/aM8z4WDPDfNBDz+Vu07id+JO5UU
ObrMdoq7VcXEu3OlFLxnDUa8NgZ8vG/BnrxwEMm8ZsLdvNL+wryNhP+8HH38vD4nEb1AqBq9
ffcRvdjUJb2yvCy9O6Y2vUNmO73t5kK9b6FWvcoWQ73xpFG9FoBgvZCbXL2evXO9NKFrvQLu
cL3fd3K9dJBuvTJUir0Z1Ye9i6yLvZC3jb2plIm9sfKQvRn1kr1wo5i9sZyOvf0gm71gt5q9
eYOSvcovmr2WgaC9K7mjvcGOqb2Skae9ulykvUmVqL0t36i9WTu0vX4+s71KKKu9XDCzvUQ4
tb1aU7m99z67vQxfu71Au7y9/+W5vU8sv735jrW9R0jGvSqPxb1EKce9+RLFvalPxr16bMu9
twzMvVbFzb0dz8m94vrLvQrRzL2SbtO9l3zOvQBT172WMM29mjPWvZ/b0r3A5N29sVjZvRwW
371BOuS9wyHivdS2370hSui9Qy3ivQ==</AssayYData></Step><Step><CommonData><SampleLocation>1</SampleLocation><SampleID>Running Buffer</SampleID><SampleGroup></SampleGroup><SampleInfo></SampleInfo><SampleRow>A</SampleRow><SamplePlate>1</SamplePlate><WellType>BUFFER</WellType><Concentration>-1</Concentration><ConcentrationUnits>µg/ml</ConcentrationUnits><MolarConcentration>-1</MolarConcentration><MolarConcUnits>nM</MolarConcUnits><MolecularWeight>-1</MolecularWeight><Temperature>30</Temperature><StartTime>995049</StartTime><AssayTime>20</AssayTime></CommonData><FlowRate>1000</FlowRate><StepType>CUSTOM</StepType><StepName>condition</StepName><StepStatus>OK</StepStatus><ActualTime>20</ActualTime><CycleTime>0.2</CycleTime><AssayXData Points="100">vv9HQ7AySEMkZkhDWJlIQ0nMSEN8/0hD8TJJQyRmSUNYmUlDi8xJQ77/SUPxMkpDJGZKQxaZ
SkOLzEpDfP9KQ7AyS0MkZktDFplLQ0nMS0N8/0tDsDJMQ+NlTENYmUxDScxMQ3z/TEOwMk1D
42VNQxaZTUNJzE1Dvv9NQ7AyTkOuZ05DFplOQ0nMTkN8/05DsDJPQ+lmT0MWmU9DScxPQ3z/
T0OwMlBD42VQQxaZUENJzFBDiQFRQ7AyUUPjZVFDFplRQ4vMUUN8/1FDsDJSQyRmUkMWmVJD
0s1SQ3z/UkOwMlND42VTQ1iZU0NJzFNDfP9TQ/EyVEPjZVRDFplUQ0nMVEN8/1RDsDJVQ+Nl
VUNYmVVDi8xVQ77/VUPxMlZDJGZWQ1iZVkOLzFZDvv9WQ7YzV0MkZldDWJlXQ4vMV0O+/1dD
8TJYQyRmWENYmVhDi8xYQ77/WEPxMllDJGZZQ1iZWUOLzFlDvv9ZQ/EyWkMkZlpDKJxaQ0nM
WkN8/1pD8TJbQyRmW0OZmVtDi8xbQw==</AssayXData><AssayYData Points="100">yY0kPs4t8D040sU9D+CsPUnkoz28LZs9RNCcPdz7nT0shKM9hb2iPYPUqz3ki6I9hXSuPbCS
tD0Mhbs9Nlu7PZjxtT3NdbU9AcK3PTNHvT1bX8I9obfAPWtivT17Xcg9qQTFPYr+xz0KZMg9
FQXHPTywyz2WnNM9OGrRPfhZzz1cQ9E9NYHVPYAD1j2CPdc9YavUPcYt0z2wgNc9p1/YPex3
2D2dp9s9N1nZPfEj5D1PYdQ9iNThPd7W1z2g1tw9+CLaPZCU4z2cSeU91LnnPa7l4j195+c9
6rzhPU0v5D0zf+g9FizmPTg55T1bsuM9PKXqPZKw7z1DA+s9M3btPUcL6j3T2+k92KP0PdSI
8j2+5ug9/djxPcVu8D0pPfE9cCv5PaL67T1j+vE9Ir3yPZF/9T337vM9MULxPWuN7j2Q0PY9
Uc/zPUJD/j2cGPU9zJz1PabK9j3pcPQ91Cb8PRpTAD6opPw9TCH/PdsE9z2odvo9WGj8Pfbq
/D32pP49AzQAPswR/T3+n/c9JWz7PQ==</AssayYData></Step><Step><CommonData><SampleLocation>2</SampleLocation><SampleID>10mM Glycine pH1.7</SampleID><SampleGroup></SampleGroup><SampleInfo>or other Regeneration solution</SampleInfo><SampleRow>A</SampleRow><SamplePlate>1</SamplePlate><WellType>REGENERATION</WellType><Concentration>-1</Concentration><ConcentrationUnits>µg/ml</ConcentrationUnits><MolarConcentration>-1</MolarConcentration><MolarConcUnits>nM</MolarConcUnits><MolecularWeight>-1</MolecularWeight><Temperature>30</Temperature><StartTime>1020697</StartTime><AssayTime>20</AssayTime></CommonData><FlowRate>1000</FlowRate><StepType>CUSTOM</StepType><StepName>condition</StepName><StepStatus>OK</StepStatus><ActualTime>19.999</ActualTime><CycleTime>0.2</CycleTime><AssayXData Points="100">v/9bQ7EyXEPkZVxDF5lcQ4zMXEN9/1xD8jJdQyVmXUNZmV1DSsxdQ7//XUOxMl5DJWZeQxeZ
XkNKzF5Dff9eQ7EyX0PkZV9DF5lfQ0rMX0N9/19D8jJgQ+RlYEMXmWBDSsxgQ33/YEPyMmFD
5GVhQxeZYUNKzGFDff9hQ3UzYkPkZWJDF5liQ0rMYkO//2JD8jJjQ+RlY0MXmWNDks1jQ33/
Y0OxMmRD5GVkQxeZZENKzGRDff9kQ7EyZUPkZWVDF5llQ0rMZUO//2VDsTJmQ+RlZkMXmWZD
jMxmQ33/ZkOxMmdD5GVnQxeZZ0NKzGdDAQBoQ7EyaEMlZmhDWZloQ4zMaEO//2hD8jJpQyVm
aUNZmWlDjMxpQ7//aUPyMmpDJWZqQ1mZakOMzGpDv/9qQ/Iya0PkZWtDWZlrQ4zMa0O//2tD
sTJsQyVmbENZmWxDjMxsQ33/bEPyMm1DJWZtQ1mZbUOMzG1Dv/9tQ/IybkMlZm5DWZluQ0rM
bkO//25D8jJvQyVmb0MXmW9DSsxvQw==</AssayXData><AssayYData Points="100">rr5WvnmvIr6VKt29xhGovVrdhL2lrHy9sm53vULed72A0IG9dHZ/veH3dL1hboq9Nt6MvYrr
kb3rDZu9TFOXvfhtnr0TNqK9sYOavXbDor2pcq+95fCrvUvlr724ILG9Ony3vfHOs73FF7S9
81S+vX8Ltr0PYra99U2+vacXxL1rzcG91FnEvYURxr0FFsG97ZzIvcG/w72K/dC91q/NvZfa
w72jbcq9iFvKvenazb2thM+9TH/TvQRz1r3qXdO9tW/bvUkh1r0Mvdm95ojXvdAF2b33AOG9
P4/hvQCx373Im9y9vRPovVVn570wM+K97mLevSj56b2F7Oa9ZCTmvbPM6L0cEuW99r7pvYov
771ozui9QMnivZPg7b3ife29GP30vRXk670szfG9Tdv0vdiQ871lq/a9gH30vTCU+b1rc/a9
ZUn2vXBO9L0NQPe9UlP9vaeg8r2pMP29doT8vcYi+L3Wy/q9PsT7vVYm+72SgP29kmkBvltI
/r0vDf69/Vv6vesvAb77qQG+i7kDvg==</AssayYData></Step><Step><CommonData><SampleLocation>1</SampleLocation><SampleID>Running Buffer</SampleID><SampleGroup></SampleGroup><SampleInfo></SampleInfo><SampleRow>A</SampleRow><SamplePlate>1</SamplePlate><WellType>BUFFER</WellType><Concentration>-1</Concentration><ConcentrationUnits>µg/ml</ConcentrationUnits><MolarConcentration>-1</MolarConcentration><MolarConcUnits>nM</MolarConcUnits><MolecularWeight>-1</MolecularWeight><Temperature>30</Temperature><StartTime>1046171</StartTime><AssayTime>20</AssayTime></CommonData><FlowRate>1000</FlowRate><StepType>CUSTOM</StepType><StepName>condition</StepName><StepStatus>OK</StepStatus><ActualTime>19.999</ActualTime><CycleTime>0.2</CycleTime><AssayXData Points="100">ff9vQ7AycEPjZXBD1ZhwQ0rMcEM7/3BDbzJxQ+NlcUPVmHFDCMxxQzv/cUNvMnJD42VyQxeZ
ckNKzHJDO/9yQ28yc0OiZXND1ZhzQwjMc0N9/3NDbzJ0Q6JldEPVmHRDCMx0Qzv/dEN1M3VD
42V1QxeZdUMIzHVDO/91Q7AydkOiZXZD1Zh2QwjMdkM7/3ZDsDJ3Q6Jld0PVmHdDCMx3Qzv/
d0NvMnhD42V4Q9WYeENKzHhDff94Q28yeUOiZXlD1Zh5QwjMeUN9/3lDsDJ6Q6JlekPVmHpD
i8x6Q33/ekOwMntD42V7QxeZe0NKzHtDff97Q7AyfEPjZXxDF5l8Q0rMfEN9/3xDsDJ9Q+Nl
fUPVmH1DSsx9Q33/fUOwMn5D42V+QxeZfkNKzH5Dff9+Q28yf0PjZX9D1Zh/Q0rMf0N9/39D
NxmAQ9AygEOLTIBDJGaAQ75/gENYmYBD8bKAQ2rMgEMk5oBDvv+AQzcZgUPxMoFDi0yBQyRm
gUO+f4FDN5mBQ/GygUNqzIFDBOaBQw==</AssayXData><AssayYData Points="100">c+VJPpc3Ej68puo9LM/IPRR6rj1RmK09jbupPXEkpz0gyKU9xAysPaS9rD2YTq49Qz+zPakT
sD2ClLI9A0a2PSH9uD1xHrw9ofS6PT8svT1Lhbs9I/XDPQrNxT2a08I9vJ7HPYSmyz3rTcg9
Nh/KPUX5zD2D88o9davNPThczD2jBc49LlLLPZQ6zz30VNI99BTTPUl70z0Hqck9SZHJPXhw
0D0bKtQ9d8bZPSwa2z1eVto9SPXUPYGz2T3lI9c9f4nhPVZ60z2pHto9PdjaPQH42T2wd909
u+fdPSqT1j2w+d49FQ7hPW1d3z22beM93X7jPazz3z0jGuY9k1LoPQrz3T33cuI9wp/mPXcZ
5j1kNOg9sF/lPVHn7j0I+uQ9327nPQSY6T1uP+U9q0DmPWxg5z01JuY9/U3oPY0Z5j0Yseo9
mPnsPTTT6D3NYe09LbrrPR2O7z0z4O49HvjvPfkV7T1H9+s9++PyPQ/B8T24k/E9gyDxPXT/
7j3puPE9y8vvPY+k9j238+w9fPLuPQ==</AssayYData></Step><Step><CommonData><SampleLocation>2</SampleLocation><SampleID>10mM Glycine pH1.7</SampleID><SampleGroup></SampleGroup><SampleInfo>or other Regeneration solution</SampleInfo><SampleRow>A</SampleRow><SamplePlate>1</SamplePlate><WellType>REGENERATION</WellType><Concentration>-1</Concentration><ConcentrationUnits>µg/ml</ConcentrationUnits><MolarConcentration>-1</MolarConcentration><MolarConcUnits>nM</MolarConcUnits><MolecularWeight>-1</MolecularWeight><Temperature>30</Temperature><StartTime>1071803</StartTime><AssayTime>20</AssayTime></CommonData><FlowRate>1000</FlowRate><StepType>CUSTOM</StepType><StepName>condition</StepName><StepStatus>OK</StepStatus><ActualTime>20</ActualTime><CycleTime>0.2</CycleTime><AssayXData Points="100">nv+BQzgZgkPRMoJDa0yCQ+RlgkN9f4JDF5mCQ9GygkNrzIJDBOaCQ57/gkO7GYNDsDKDQ2tM
g0PkZYNDnn+DQziZg0PRsoNDSsyDQwTmg0N9/4NDFxmEQ7AyhENKTIRD5GWEQ55/hEMXmYRD
sLKEQ2vMhEPk5YRDff+EQxcZhUOwMoVDa0yFQytnhUOef4VDF5mFQ7CyhUNKzIVD5OWFQ33/
hUMXGYZDsDKGQ0pMhkMEZoZDfX+GQxeZhkOwsoZDa8yGQ+TlhkN9/4ZDFxmHQ7Ayh0NKTIdD
5GWHQ31/h0MXmYdDsLKHQ2vMh0Pk5YdDnv+HQxcZiEOwMohDa0yIQ+RliEN9f4hDOJmIQ7Cy
iENKzIhDBOaIQ33/iEM4GYlDsDKJQ2tMiUMEZolDnn+JQziZiUNhtYlDa8yJQwTmiUOe/4lD
OBmKQ9EyikNrTIpDBGaKQ55/ikM4mYpD0bKKQ2vMikME5opDnv+KQzgZi0PRMotDa0yLQwRm
i0Oef4tDOJmLQ9Gyi0NrzItDBOaLQw==</AssayXData><AssayYData Points="100">d+hevpvZKr7Hffi9LBbRve/Bvb2eaLO9x/e7vQyttr3497W9+Eq7vV+lvL3qEMO9nizNvYnN
w71t+Mu9NT/MvVgb0L1079a9FK3Vve5t1r3qmNS9457hvSRw5L1elem9LyHgvSVp3b3BuuG9
QYzwvTl85r0aVue90dfvvb9c6L186/K9+HLzvYDX8L2Ji/O9WrD1veLq8b1AY+y9K9zwvbOU
8r0q+/u9kzP8vWl7/r0EB/+9qfP3veRe/b2KRP29TCv/vQzNAr59kPy9JqkAvui1/70vIgK+
gJ8FvvLdAr5/MwS+Eez8ve9DA75SzQe+O3IEvv29Br6TpwC+lmoHvhJPBb4JWgC+CJYHvgqR
Cr43JQu+lVAHvmVqAb7ejge+OMEGvqE8Br5eUAa+QXkKvodwCb5rNwm+oqMHvoH3CL6ccQi+
DIMJvmhLC777mQu+jugLvtf2Cr4mAA6+BtQKvlFhCb5swwu+3AcLvt35Cb4qTwu+/o4NvnBz
Db46bQq+TFARvp5wDb7+yQ2+yQwMvg==</AssayYData></Step><Step><CommonData><SampleLocation>1</SampleLocation><SampleID>Running Buffer</SampleID><SampleGroup></SampleGroup><SampleInfo></SampleInfo><SampleRow>A</SampleRow><SamplePlate>1</SamplePlate><WellType>BUFFER</WellType><Concentration>-1</Concentration><ConcentrationUnits>µg/ml</ConcentrationUnits><MolarConcentration>-1</MolarConcentration><MolarConcUnits>nM</MolarConcUnits><MolecularWeight>-1</MolecularWeight><Temperature>30</Temperature><StartTime>1097296</StartTime><AssayTime>20</AssayTime></CommonData><FlowRate>1000</FlowRate><StepType>CUSTOM</StepType><StepName>condition</StepName><StepStatus>OK</StepStatus><ActualTime>19.999</ActualTime><CycleTime>0.2</CycleTime><AssayXData Points="100">nv+LQzgZjEPRMoxDa0yMQwRmjEOef4xDOJmMQ7CyjENrzIxDBOaMQ57/jEM4GY1DdTONQ2tM
jUMEZo1Dnn+NQziZjUPRso1Da8yNQ+TljUOe/41DFxmOQ7AyjkNrTI5DBGaOQ55/jkM4mY5D
0bKOQ0rMjkOH5o5Dnv+OQzgZj0PRMo9DSkyPQ4dmj0Oef49DOJmPQ9Gyj0OszI9DBOaPQ57/
j0M4GZBDsDKQQ0pMkEMEZpBDfX+QQxeZkEOwspBDa8yQQwTmkEOe/5BDeRmRQ7AykUNKTJFD
5GWRQyGAkUMXmZFD0bKRQ0rMkUME5pFDff+RQzgZkkPRMpJDa0ySQ21nkkN9f5JDOJmSQ7Cy
kkNrzJJD5OWSQ4oBk0M4GZND0TKTQ0pMk0PkZZNDnn+TQziZk0PRspNDa8yTQ+Tlk0N9/5ND
FxmUQ7AylENKTJRD5GWUQ31/lEMXmZRD0bKUQ0rMlEPk5ZRDnv+UQxcZlUOwMpVDSkyVQ+Rl
lUN9f5VDF5mVQ7CylUNKzJVD5OWVQw==</AssayXData><AssayYData Points="100">3rJFPoHnEz76wes9FUHNPWmitj0sc7M9PLqsPaA9qj1cgq89rD6qPc5wsj2m67I9txevPVVn
sT3cYLM9kS26PR0Ytz0E1Lk9eIq0PXzyvz27EcE961bAPdphvj30/cI9xGrCPWI8wD1BFMo9
CezHPaDqwD13lM09Z3bKPZtjzz3j8ss9oC3LPc7c0j1VOMg9gcnWPW63zD1KWc49i0DSPdbo
zz2zVdo99T3UPaEw1D2L4dc94/bTPUcl0z12SdE9hY3ZPYOb2j3XddY9M13YPfdL3z1i/NM9
ghvTPREH3z2zed09HjXiPco11T1QM949dgHgPR1X4D0MSOE9p43iPVIv3z3ahN09Mp/fPf0H
5D1pJ+A95OXdPXaO3j1fp909CbXcPf+a5D1wE+c9b8fpPXTN6j2w/+c9a4LmPako8D3NBuk9
4bLrPQf74j2A1Og9TMfnPRVX5z3a0u09M6DqPdwL5j3FROs9HLvqPReo6z30JPI948noPVqk
6j3XMu89EjnoPe/47D0+ZPE978jwPQ==</AssayYData></Step><Step><CommonData><SampleLocation>3</SampleLocation><SampleID>Running Buffer</SampleID><SampleGroup></SampleGroup><SampleInfo></SampleInfo><SampleRow>A</SampleRow><SamplePlate>1</SamplePlate><WellType>BUFFER</WellType><Concentration>-1</Concentration><ConcentrationUnits>µg/ml</ConcentrationUnits><MolarConcentration>-1</MolarConcentration><MolarConcUnits>nM</MolarConcUnits><MolecularWeight>-1</MolecularWeight><Temperature>30</Temperature><StartTime>1123596</StartTime><AssayTime>120</AssayTime></CommonData><FlowRate>1000</FlowRate><StepType>BASELINE</StepType><StepName>Baseline 120</StepName><StepStatus>OK</StepStatus><ActualTime>120</ActualTime><CycleTime>0.2</CycleTime><AssayXData Points="600">fv+VQ/cYlkOQMpZDKkyWQ8RllkNdf5ZD95iWQ7GylkMqzJZDxOWWQ37/lkP3GJdDkDKXQypM
l0PEZZdDXX+XQ/eYl0OxspdDKsyXQ+Tll0Nd/5dD9xiYQxQzmENLTJhD5GWYQ35/mEMYmZhD
sbKYQ0vMmEPk5ZhDfv+YQxgZmUOxMplDNk6ZQ+RlmUN+f5lDGJmZQ7GymUNLzJlDR+aZQ37/
mUP3GJpDsTKaQ0tMmkPkZZpDfn+aQxiZmkOxsppDbMyaQ+TlmkN+/5pDGBmbQ7Eym0NLTJtD
5GWbQ35/m0Mkm5tDkLKbQ0vMm0Pk5ZtDfv+bQ/cYnEOxMpxDS0ycQ+RlnEN+f5xDGJmcQ7Gy
nENLzJxDxOWcQ37/nEMYGZ1DsTKdQ0tMnUPEZZ1DXX+dQ/eYnUOxsp1DKsydQ+TlnUNd/51D
9xieQ9IynkMqTJ5D5GWeQ11/nkMYmZ5Dl7OeQyrMnkPk5Z5DXf+eQ/cYn0OQMp9DKkyfQ+Rl
n0Off59DGJmfQ7Gyn0NLzJ9D5OWfQ37/n0MYGaBDsTKgQypMoEPEZaBDXX+gQxiZoEOQsqBD
S8ygQ+TloEN+/6BDGBmhQ5AyoUNLTKFDxGWhQ35/oUP3mKFDkLKhQyrMoUPk5aFDXf+hQ/cY
okOxMqJDKkyiQ+RlokN+f6JD95iiQ5CyokMqzKJDxOWiQ13/okP3GKNDkDKjQ0tMo0OIZqND
XX+jQ/eYo0OQsqNDS8yjQ8Tlo0Nd/6ND9xikQ5AypEMqTKRDxGWkQ11/pEP3mKRDkLKkQyrM
pEPk5aRDXf+kQ/cYpUOQMqVDKkylQ8RlpUN+f6VDepmlQ7GypUMqzKVDxOWlQ37/pUP3GKZD
sTKmQ0tMpkPEZaZDXX+mQxiZpkOxsqZDS8ymQ+TlpkN+/6ZDGBmnQ7Eyp0NsTKdD5GWnQ35/
p0MYmadDsbKnQ7PNp0Pk5adDXf+nQxgZqEOxMqhDS0yoQ+RlqENdf6hDGJmoQ7GyqENLzKhD
5OWoQ37/qEMYGalDsTKpQ0tMqUPkZalDfn+pQxiZqUOQsqlDKsypQ+TlqUNd/6lD9xiqQ7Ey
qkNLTKpD5GWqQ35/qkMYmapDkLKqQ0vMqkPk5apDfv+qQ/cYq0MUM6tDS0yrQ+Rlq0Ndf6tD
GJmrQ/Oyq0NLzKtD5OWrQ13/q0MYGaxDkDKsQ0tMrEPkZaxDfn+sQxiZrEOxsqxDS8ysQ+Tl
rEN+/6xDGBmtQ7EyrUNLTK1D5GWtQ11/rUP3mK1DsbKtQyrMrUPE5a1Dfv+tQxgZrkOQMq5D
KkyuQ8RlrkNdf65DGJmuQ5CyrkNLzK5D5OWuQ37/rkMYGa9DkDKvQ0tMr0PkZa9Dfn+vQziZ
r0OQsq9DKsyvQ8Tlr0N+/69DGBmwQ5AysEMqTLBDaGawQ35/sEP3mLBDkLKwQ0vMsEPE5bBD
fv+wQxgZsUOQMrFDKkyxQ+RlsUNdf7FD95ixQ5CysUMqzLFD5OWxQ37/sUP3GLJDWzSyQ0tM
skPEZbJDXX+yQz6askOQsrJDKsyyQ8TlskN+/7JD9xizQ5Ays0MqTLNDxGWzQ11/s0P3mLND
kLKzQyrMs0PE5bNDXf+zQ/cYtEOxMrRDKky0Q+RltEN+f7RD95i0Q5CytENLzLRD5OW0Q37/
tEMYGbVDFDO1Q0tMtUPkZbVDfn+1QxiZtUOxsrVDS8y1Q+TltUN+/7VDGBm2Q7EytkNLTLZD
5GW2Q35/tkMYmbZDsbK2Q0vMtkPk5bZDfv+2QxgZt0OxMrdDS0y3Q+Rlt0N+f7dDGJm3Q7Gy
t0NLzLdD5OW3Q37/t0MYGbhDsTK4QypMuEPkZbhDfn+4QxiZuEOxsrhDS8y4Q+TluENd/7hD
9xi5Q5AyuUNLTLlD5GW5Q35/uUMYmblDsbK5Q0vMuUPk5blDfv+5Q/cYukOxMrpDS0y6Q+Rl
ukNdf7pDGJm6Q7GyukNLzLpDxOW6Q13/ukMYGbtDkDK7Q2xMu0PkZbtDfn+7QxiZu0OxsrtD
S8y7Q+Tlu0N+/7tDGBm8Q7EyvENLTLxD5GW8Q11/vEP3mLxDkLK8QyrMvEPk5bxDfv+8Q/cY
vUOxMr1DKky9Q+RlvUPgf71D95i9Q5CyvUMqzL1DxOW9Q13/vUP3GL5DsTK+QypMvkPkZb5D
fn++Q/eYvkOxsr5DKsy+Q8TlvkNd/75DGBm/QxQzv0MqTL9D5GW/Q11/v0P3mL9DkLK/QyrM
v0PE5b9DXf+/Q/cYwEOQMsBDS0zAQ8RlwEOEgMBD95jAQ7GywENLzMBD5OXAQ13/wEMYGcFD
kDLBQypMwUPEZcFDXX/BQ/eYwUOQssFDKszBQ8TlwUNd/8FD9xjCQ5AywkNLTMJDxGXCQ11/
wkMYmcJDdrPCQyrMwkPk5cJDfv/CQxgZw0OxMsNDS0zDQ+Rlw0N+f8NDGJnDQ7Gyw0NLzMND
5OXDQ37/w0MYGcRDkDLEQypMxEPkZcRDfn/EQxiZxEOxssRDEM3EQ+TlxEN+/8RD9xjFQ7Ey
xUOYTsVD5GXFQ11/xUMYmcVDsbLFQ0vMxUPE5cVDfv/FQ/cYxkOQMsZDS0zGQ+RlxkN+f8ZD
GJnGQ7GyxkMqzMZD5OXGQ37/xkP3GMdDkDLHQ0tMx0PkZcdDXX/HQ/eYx0OxssdDS8zHQ8Tl
x0Nd/8dDGBnIQ7EyyENLTMhDxGXIQ11/yEMYmchDsbLIQ0vMyEPk5chDfv/IQxgZyUOxMslD
KkzJQ+RlyUNdf8lDGJnJQ7GyyUMqzMlD5OXJQ37/yUP3GMpDsTLKQypMykMFZspDhIDKQxiZ
ykOQsspDS8zKQ+TlykNd/8pDGBnLQ7Eyy0NLTMtDxGXLQ11/y0MYmctD87LLQ0vMy0PE5ctD
Xf/LQ/cYzEOQMsxDKkzMQ8RlzENdf8xDGJnMQ7GyzEMqzMxDxOXMQ13/zEP3GM1DkDLNQypM
zUPEZc1DpYDNQ/eYzUOQss1DKszNQ8TlzUNd/81D9xjOQ5AyzkNLTM5DxGXOQ11/zkP3mM5D
kLLOQ0vMzkPE5c5DXf/OQ/cYz0OQMs9DS0zPQ8Rlz0N+f89DWZnPQ5Cyz0NszM9D5OXPQ13/
z0P3GNBDkDLQQypM0EPkZdBDXX/QQ/eY0EOxstBDKszQQ8Tl0ENd/9BDOBnRQ7Ey0UNLTNFD
5GXRQ35/0UMYmdFDsbLRQ0vM0UPk5dFD</AssayXData><AssayYData Points="600">oF7NPf0yzz0hLdo9lxPaPWjB4z1Q8eU9c/njPe5q6D2I/+g9HLTlPSm67j1D8eo9xKryPQti
5z2tBPA9R+LoPXZl8D2NH+w9QGfyPWVw8j0u1u09QzDzPeUO9z1Eo/g9UIz2PRjj9z1KGfo9
Mnf3PdQr+z2E2vw9cl//PTHm8z3kKPY9Ckj+PTMVAD7NEPs9DYr8PaEe/j3TXvw9KuD+PTZD
/j2lH/898CH7PRlc/T3yOAE+zmUBPsr2Az6oZAI+bxkBPm5NAT4nyQE+iYgDPrbgBD7sZwI+
FFQDPkaNBD4vBgI+KwX/PWQ4Az7QqgI+XQUHPoDPBT7KRwc+MCsBPmKgAT7yzAI+FKkJPtEO
AT7zKQM+PWIGPlIVBz4YSQU+b9sEPlnwAj4KLgU+pcYEPpaDBT6KggQ+7DADPsTBBj4LGgo+
2TQKPrEnCT7Gcgc+HBcIPpcXCj7pEgg+q6YGPigDBz4YKwY+44wIPhySCT5jpAo+CuYFPnMY
CT7ElQk+sUcMPruoCj4fCAs+F2QOPrn9CT4HIwk+DAgLPloyCT48QAo+dxUMPkqaCj5cpQg+
HrQKPmS9Cz5KvQs++foNPrd8ED7+aQ8+0wQPPjJzDT5Pewk+Zw8MPqWnCz48sQ8+9zkNPmxy
DT5i3Qw+u/0LPtV2ET6QsxA+YlwMPkwVDD5jhAw+/0APPuXtED5m7g0+lREUPtFaEj512Qw+
pRsRPuRZDz5cYw4+K34RPjyuDz638BA+7tERPpaYDz5VBBA+loASPoWxEz5QQRQ+urwRPt6b
Ej4rwhE+xoYQPubgET67YhU+n/gSPi7wFT4vmxg+j6cRPlU1FD6R2hU+jUUUPkLnET43Bxc+
/cwTPt2CFz7duRY+nncVPmckFT5I3BM+g84UPnj8FT7sQRU+4ucVPjA4FT5xWhE+JNoTPosQ
Fj740RU+KtEUPtGFGD7VMxY+VO4WPtbaFj5Zghg+k0gVPheYEj7FgBc+BDIWPs7UEj645Rg+
hQ4cPhrdGD5OjBo+5/sXPspwHD5tKBY+EqoZPruvGD4l7Rg+W7MbPs2kGD4eYRg+p7gZPrPG
Gz5XHhg+9Y8dPgY4Fj4dFhk+ck0bPsTAFz4mFRg+qNkbPklWGz4texk+27QXPhu5HD5GSh0+
ii8dPseEFz7KdB0+5nQePk+3GT4dLB0+xE8bPsiKHz66ah0+1QMhPhDWHD4xLhs+RaEcPuAh
Hz6c3R4+TkEfPqjaHD5psxw+4bEePhnwHT4sxhs+fE0fPlSAID6IbR8+l4IbPg+OIj6LVR4+
WU8dPjxsID5CTR4+u1YePrLyHD5V4x4+Np0ePmSTHj7kTR0+hHsfPizJHj6WWx8+SHghPpc8
Iz4akx8+mGEgPt6sID6kRCE+3oUgPreGIj5CMiM+W1YiPk94Ij5KryA+6OggPmqKIj6WniQ+
X3cfPo7gJT493SU+qBgmPkhAJD51hSM+YWsiPmcGJj6NsSA+D34hPlguID4IGCM+KxQiPqq9
JT7wuCc+KZwnPjQMJT6YOiA+kbAiPuADIz4UZCc+WmApPqupIz4wKSg+vgwkPm2+Iz6QlCc+
KTApPhUEJT4/fyc+H3wlPjuNJD78ziQ+M7MoPsX9Ij5mnyM+QMYlPsv6Jj6Y2So+cFEnPpP0
Jj4VkCU+SR4nPmoXJz6dzSc+VGQoPtLfKj7pySk+D04pPuc4KD6DLCg+pk4pPtAJKT5QtCk+
s9IjPif5Jj4rNig+RBkpPm6gKj4nYyk+AMYlPntyLz7uYCU+WmorPhJhKD6F5Co+u6AsPvDr
KT5oLCk+OnsnPhedKD67kCo+ROsqPmtEKj4+Iy0+dwgpPv1FKz6GgCo+tY8rPgfwKz5YiCw+
7IgrPjPBLj5cUyw+fLsrPscVLj4VgCs+EJIuPq3uLD5ktSY+IkUtPk6BLT78oCk+62YtPsQc
Kz7DKC4+ILMsPnBcKz4afCw+rTYsPqkVLz55yCs+MxwsPn3YLD6oJi8+52QuPkm2Kz7Ney4+
YGgvPohjLj6jsi8+zMMtPoNoLj4mDjI+NCkvPujQKz7BEy8+jmgoPgzpMD7oJCs+h2AuPuRv
Kz5hei4+jwEyPjkwLj5y/C0+WB4zPq9RMz7VszE+Np0sPsDVMT5caTI+3IczPpyKND5DwzI+
O280PowyMT7hCDQ+hqMsPgADMj5eOTM+QfwzPtfXMT72zjE+zvcxPpACNz6fvTI+V4g2PrZX
Mj6AgjQ+L7MyPjVTND5jZzM+geM0PlvcMT5PqzE+lWczPpWwNT7dKjI+eGQ2PrvgND4vUDU+
2WoyPiv/MT7ZITQ+PIQyPnUvMj6g0zE+EEgzPrJFND7PgTQ+DN4zPupBMj6HGDQ+8W80PiVm
Nj4NXzg+fp4yPqEGND6kwTI+cGc0Pn6BND4MPzQ+uK81PoSDOD5taDM+n3c3Pi4qNj7kATY+
uqA2PtTmNz7FaTc+Lrw6PhruNT42Uzk+5/w4PkMzOT5AEzY+srY0PiMcNj5L9jc+nEg6PgIE
OD59PDY+qPw2PodsOj5IfDk+2QE5PjtsPD5rIzg++Kc5Pm1oNz63+zg+ur88PlvLNz6VLjk+
heM8PtHKOD7W0zo+kjk2PlASOj5ToDg+BZU1Pp/pPD7XTTs+8VQ8Pn7iOD6WRDc+3Jc4PvnD
OD7VpDg+Z1w5PlHDOT4dhDs+Bqk4Pj6kPT6+BTo+HMA3Pu5MPD6IFzw+aQc5PivYOj7AdDw+
5y88PuScOT4NSDk++PM+PrQbOT6iEUA+Xxw8PoJsPD6mUTs+DyQ/PhvCOz4x0T4+vk09Ph5K
Oz5utD8+Yi84PiypQT4gqDw+OWg+PsuuOj5JHDY+qsE7PgJ/PT4rTz4+NYE/PkfmPD7LCzs+
swQ+PkOfPT5urD0+ToM9Piw8PD7uRT4+9XJBPgG+Pj56/D8+B5Y7PjaKPD6EWz8+m6U+PkCY
Pz6ybUE+XkQ+PjxdQz7sHz8+2Zk8Pu3kQD6Xpj4+gxpAPoMWPz6AJkM+ygQ+PntKPz41nkA+
YFo+Pk/9Qz6MwUA+fk1APt2LPz5hFz0+w2Y6PrONPz54Vj8+nnk/Ps17QT551T8+kBdAPrhk
Qz5Vz0A+leA/PmKpQT6bOj0+tP0/PqEVQD794kU+n/1DPjgGQT6Lkj8+AiI+PrMrQT70rEE+
gkFCPgYAQT5ZikA+/pZBPv1eRD6BMUQ+</AssayYData></Step><Step><CommonData><SampleLocation>8</SampleLocation><SampleID></SampleID><SampleGroup></SampleGroup><SampleInfo></SampleInfo><SampleRow>A</SampleRow><SamplePlate>1</SamplePlate><WellType>KLOAD</WellType><Concentration>-1</Concentration><ConcentrationUnits>µg/ml</ConcentrationUnits><MolarConcentration>-1</MolarConcentration><MolarConcUnits>nM</MolarConcUnits><MolecularWeight>-1</MolecularWeight><Temperature>30</Temperature><StartTime>1252224</StartTime><AssayTime>20</AssayTime></CommonData><FlowRate>1000</FlowRate><StepType>LOADING</StepType><StepName>Loading</StepName><StepStatus>OK</StepStatus><ActualTime>20</ActualTime><CycleTime>0.2</CycleTime><AssayXData Points="100">fv/RQxgZ0kOxMtJDS0zSQ+Rl0kOff9JDGJnSQ7Gy0kMqzNJDxOXSQ37/0kMYGdNDsTLTQypM
00PkZdNDXX/TQ/eY00OxstNDS8zTQ+Tl00Nd/9ND9xjUQ5Ay1EMqTNRD5GXUQ11/1EMYmdRD
kLLUQyrM1EPE5dRDfv/UQxgZ1UOQMtVDKkzVQ8Rl1UN+f9VD95jVQ7Gy1UMqzNVD5OXVQ37/
1UP3GNZDkDLWQypM1kPEZdZDfn/WQ/eY1kP5s9ZDS8zWQ8Tl1kNd/9ZD9xjXQ7Ey10NLTNdD
xGXXQ11/10P3mNdDkLLXQyrM10PE5ddDfv/XQ/cY2EOQMthDKkzYQ+Rl2ENdf9hD95jYQ5Cy
2EMqzNhDBebYQ13/2EMYGdlDkDLZQypM2UPEZdlDXX/ZQ/eY2UOxstlDS8zZQ8Tl2UN+/9lD
9xjaQ5Ay2kMqTNpDxGXaQ11/2kP3mNpDsbLaQ0vM2kPE5dpDXf/aQ/cY20OxMttDS0zbQ8Rl
20N+f9tDGJnbQ7Gy20NLzNtD5OXbQw==</AssayXData><AssayYData Points="100">ZEc/PklHSz5BI1o+zSVcPo9DaT6m2G0+61h0PtkqfT5OAII+6tKCPkpVhj5SIoo+CwaOPnsz
jj7cjJM++AqUPtkUmD7qa5s+6buePqoQoj5s2aQ+YnunPmBmqD4loqk+5+auPkqzsT6d97Q+
U/+1PhvYtz6rXL0+pYu/PqhMwT7FecU+0ifHPnTyyT7Vtc0+GVfPPhXQ0z4ZwtU+5GLXPmUF
2z5DUd8+eV/hPrRK4z6bq+Y+0l7qPudC7D7F4O4+HOzvPl6k8T7wGfc+0cX4Pppj/D6rrv8+
xIAAP13AAT9XzAI/3EUEP/KDBj/sFAc/7hwJP3VeCj9enQs/5aUMPx1tDj9irBA/l0wRP55Q
Ej/TUhM/AKsUP7SMFT9zThg/cVAYP4FcGj8K2hs/k/cdP/kYHj8mix8/+SQgP2cJIj/9AiQ/
rOQkP5tFJj+5Nyc/RlkpP6VYKj/xDS0/9eQtPzVTLz8l3S8/koMxPzUMMz8PHjQ/UIg1P7DY
Nz80Dzg/DhU6PwR7PD8fcjs/cL48Pw==</AssayYData></Step><Step><CommonData><SampleLocation>9</SampleLocation><SampleID></SampleID><SampleGroup></SampleGroup><SampleInfo></SampleInfo><SampleRow>A</SampleRow><SamplePlate>1</SamplePlate><WellType>BUFFER</WellType><Concentration>-1</Concentration><ConcentrationUnits>µg/ml</ConcentrationUnits><MolarConcentration>-1</MolarConcentration><MolarConcUnits>nM</MolarConcUnits><MolecularWeight>-1</MolecularWeight><Temperature>30</Temperature><StartTime>1281855</StartTime><AssayTime>60</AssayTime></CommonData><FlowRate>1000</FlowRate><StepType>BASELINE</StepType><StepName>Baseline 60</StepName><StepStatus>OK</StepStatus><ActualTime>60</ActualTime><CycleTime>0.2</CycleTime><AssayXData Points="300">fv/bQxgZ3EOQMtxDKkzcQ8Rl3EN+f9xDGJncQ5Cy3EMqzNxD5OXcQ37/3EMYGd1DsTLdQ0tM
3UPkZd1Dfn/dQxiZ3UOxst1DS8zdQ+Tl3UN+/91DGBneQ7Ey3kNLTN5D5GXeQ35/3kMYmd5D
sbLeQ0vM3kPk5d5Dfv/eQxgZ30OxMt9DbEzfQ8Rl30N+f99DGJnfQ7Gy30NLzN9D5OXfQ37/
30MYGeBDkDLgQ0tM4EPkZeBDXX/gQ/eY4EOxsuBDS8zgQ+Tl4EN+/+BDGBnhQ5Ay4UMqTOFD
xGXhQ35/4UMYmeFDsbLhQ0vM4UPk5eFDfv/hQxgZ4kOxMuJDKkziQ+Rl4kN+f+JD95jiQ5Cy
4kNLzOJD5OXiQ37/4kP3GONDkDLjQ0tM40PkZeNDfn/jQxiZ40PSsuNDS8zjQ+Tl40N+/+ND
9xjkQ5Ay5EMqTORD5GXkQ35/5EMYmeRDkLLkQyrM5EPk5eRDfv/kQ/cY5UOxMuVDS0zlQ8Rl
5UN+f+VDGJnlQ7Gy5UMqzOVDxOXlQ37/5UP3GOZDsTLmQypM5kPEZeZDXX/mQ/eY5kOxsuZD
S8zmQ+Tl5kNd/+ZDGBnnQ7cz50MqTOdDxGXnQ35/50Nlm+dDkLLnQyrM50PE5edDXf/nQ/cY
6EOQMuhDKkzoQ8Rl6ENdf+hDGJnoQ5Cy6EMqzOhD5OXoQ13/6EP3GOlDkDLpQ0tM6UPEZelD
XX/pQxiZ6UOQsulDKszpQ+Tl6UNd/+lD9xjqQ5Ay6kMqTOpDxGXqQ11/6kP3mOpDkLLqQ0vM
6kNo5upDfv/qQxgZ60OxMutDS0zrQ+Rl60PAf+tDGJnrQ7Gy60NLzOtDLOfrQ37/60MYGexD
sTLsQ0tM7EOIZuxDfn/sQ/eY7EOxsuxDS8zsQ+Tl7EN+/+xDGBntQ7Ey7UNLTO1D5GXtQ11/
7UMYme1DsbLtQ0vM7UPE5e1DXf/tQ1kZ7kOxMu5DS0zuQ+Rl7kNdf+5DGJnuQ7Gy7kNLzO5D
5OXuQ2MA70MYGe9DsTLvQ0tM70PkZe9DXX/vQxiZ70Oxsu9DS8zvQ+Tl70N+/+9D9xjwQ7Ey
8ENLTPBD5GXwQ35/8EMYmfBD0rLwQyrM8EPk5fBDfv/wQzgZ8UOxMvFDS0zxQ8Rl8UNdf/FD
95jxQ5Cy8UMqzPFD5OXxQ37/8UP3GPJDsTLyQypM8kPEZfJDXX/yQ/eY8kOQsvJDKszyQ+Tl
8kNd//JD9xjzQ5Ay80NsTPND5GXzQ11/80P3mPNDkLLzQyrM80PE5fNDfv/zQxgZ9EOQMvRD
S0z0Q8Rl9ENdf/RD3Jn0Q5Cy9EMqzPRD5OX0Q13/9EObGfVDkDL1QypM9UPEZfVDXX/1QxiZ
9UOxsvVDKsz1Q8Tl9UNd//VD9xj2Q7Ey9kMqTPZDxGX2Q35/9kMYmfZDsbL2Qw/N9kPE5fZD
Xf/2Q/cY90PSMvdDKkz3Q8Rl90N+f/dD95j3Q5Cy90NLzPdDxOX3Q37/90P3GPhDkDL4QypM
+EPEZfhDXX/4Q/eY+EOxsvhDS8z4Q8Tl+EMBAPlDGBn5Q7Ey+UNLTPlD5GX5Q59/+UMYmflD
sbL5Q0vM+UPk5flD</AssayXData><AssayYData Points="300">JZ6SP6iflD/HypQ/fRiVP9YmlT/Z4ZQ/c8qUPyoslT8pgZQ/52CUP1FdlD/TQZQ/1jmUP/rT
kz/oJJQ/AVeUP9EslD/8v5M/G86TPwvqkz+NspM/jw+TP4BCkz91c5M/wg+TP1yVkj/xpZI/
KiWTP/ebkj9RrZI/7qeSPw0jkj+TuZE/LI2SP53LkT/kz5E/5cCRP+bQkT9XcZE/gFiRP0Hp
kD99L5E/LQWRP5+0kD+y3pA/SpaQP/rSjz/VOZA/D/uPP9Wkjz+4xY8/EUqPP2aKjz+tc48/
v/2OP7KGjj8B1o4/APuOP323jj8+XI4/yxuOPwv+jT+DJo4/O+mNP1WqjT9rQ40/OFONP0lm
jT+ptYw/cIqMPy6gjD8L24w/He2LP2VijD/5+4s/0bKLPwG4iz8iR4s/2U2LP8Dcij8sZ4s/
fjWLP/+xij+NvIo/WjmKPzaYij98Goo/LhyKP5isiT9cA4o/7XOJP6GviT/jOok/3i2JPxEK
iT/Toog/1vOIP1lliD/Wa4g/k2iIP6TDhz953oc/Q5CHP3zdhz/WwYc/eW6HP8YJhz/YWoc/
ICKHP5kvhz80fIY/RkiGP/KVhj9wsYY/vI2FPywkhT86eoU/4J6FP6zfhD/JH4U/8IWEPxin
hD9Og4Q/2r6EPwHPhD8mcYQ/IfWDP9whhD9rl4M/tyiEP7O1gz+pqIM/0SKDP1QOgz/b/YI/
d+CCP3utgj+KyoI/D1KCP+eFgj/Cn4I/QxSCP2GWgT+8iYI/g3+BP7VlgT+wmIE/+leBP1jf
gD92poA/ZniAP1cugT+4UoA/PRiAP24sgD8hCIA/LRCAP6vzfz+Sq34/0hx/P7BEfj+mxX4/
Zjh+P/ZQfj9ucH0/bAl+P/+qfD8poXw/aYp8P3Nwez/HDHw/Wmh8PweOez8dzXs/Bqt6P+lh
ej9JZHs/vN95P7ZKej8ufnk/dYV5PznGeD8yrHk/NVd4P6OVeT+AFng//K93P6eFdz/UX3c/
YEN3P1Fadz8RCXc/3/F2PyAudj/053U/B751P7kHdT+UDnY/9Rd1P5hndT8HMHQ/tNx0P1FE
dD/f8XM/v3hzPw1Ycz+7nHM/+2xyP8qycj8PW3I/nKdyP4Nucj+aEHI/1N5xPxt4cT+HFXE/
M0RwP/1ycD8PXXA/bDhwP5pMcD8UbG8/dVRvP0HNbj8fdXA/lRFuP1Xnbj94lm4/m6ZtP8Aq
bz+A4W4/MkptP0HKbD9b92w/DENtP8OkbD8xVm0/X61rPzrlaz9VVGs/e+JqP73taj/4xms/
kelpP8hQaT8KqGo/SBBpP40faT9T4Gg/IsppP0CaaD/EtWk/JRppP6kgaD8zuWc/fB1pPx6q
Zz/XDGg/Z4RnP913Zz8NiWc/ntZmP+lvZj/AKmY/7YJmP75QZj/HbmU/foplP4F4ZT/SBmY/
bOlkP1NZZT9jz2Q/xXdkP+toZD/oIWQ/gi9kP0hsYz+45GM/bvxiP7JCYz/w6GI/leRiP6al
Yj/EyGE/OI9iP1xVYj8Zj2E/949gP4j3YT9EuWA/+wNhP/gyYD8wS2A/bMpgP/d+Xz83XmA/
pm5gP0rcXz/1p18/</AssayYData></Step><Step><CommonData><SampleLocation>10</SampleLocation><SampleID></SampleID><SampleGroup></SampleGroup><SampleInfo></SampleInfo><SampleRow>A</SampleRow><SamplePlate>1</SamplePlate><WellType>BUFFER</WellType><Concentration>-1</Concentration><ConcentrationUnits>µg/ml</ConcentrationUnits><MolarConcentration>-1</MolarConcentration><MolarConcUnits>nM</MolarConcUnits><MolecularWeight>-1</MolecularWeight><Temperature>30</Temperature><StartTime>1352033</StartTime><AssayTime>20</AssayTime></CommonData><FlowRate>1000</FlowRate><StepType>BASELINE</StepType><StepName>Baseline 20</StepName><StepStatus>OK</StepStatus><ActualTime>20.005</ActualTime><CycleTime>0.2</CycleTime><AssayXData Points="100">fv/5QxgZ+kOxMvpDjEz6Q8Rl+kN+f/pDGJn6Q7Gy+kNLzPpD5OX6Q37/+kMYGftDsTL7Q0tM
+0PEZftDXX/7QxiZ+0OQsvtDS8z7Q+Tl+0Nd//tDGBn8Q7Ey/EMqTPxD5GX8Q35//EMYmfxD
kLL8QyrM/EPk5fxDfv/8Q/cY/UOQMv1DS0z9Q8Rl/UN+f/1DGJn9Q7Gy/UMqzP1D5OX9Q37/
/UM4Gf5D0jL+Q0tM/kPkZf5Dfn/+QxiZ/kOQsv5DS8z+Q+Tl/kNd//5D9xj/Q7Ey/0MqTP9D
xGX/Q35//0P3mP9DsbL/Q0vM/0PE5f9DMgAARHsMAERZGQBEJSYARPIyAES/PwBEe0wAREhZ
AEQlZgBE4nIARK9/AER7jABEWZkARCWmAETysgBEr78ARHvMAERZ2QBEJeYAROLyAESv/wBE
ewwBREgZAUQVJgFE8jIBRK8/AUR7TAFESFkBRCVmAUTicgFEr38BRIyMAUR5mQFEFaYBROKy
AUSvvwFEe8wBRJrZAUQV5gFERPMBRA==</AssayXData><AssayYData Points="100">UAYnP77qFT/DuAo/nOMCP43e/D7/2/g+vab1Pkm29D45cfI+OXLvPsWV8T4ZKfM+v1HxPung
8D4+OPI+vUvwPjcu8j4odfI+tnTyPjgR8T7tlPM+gt3zPsSl8j7SYvI+u9rzPi3q9D6S4PI+
avvyPuNX9D4uP/U+FFH0Pnjg8z5sYPQ+FsbyPlbF9T7LzPI+We72Pr479T4scvQ+CYX0PrZD
9D722vU+C+P4PhxD9j6Qhvc+aHH2PpPL9T4jc/U+l6L1Phz79D77WvU+ho32PpCu9j5SO/Y+
mJj2PgHn9T4X8fU+9ZP2Pta/9j7FHfc+pM72PuGL9j6LpvY+DAv0PoNw+D6AyPY+wIf2PpHs
9T426PY+yWD4PqL59j5qUPc+TZn2Ps6Y+D7K0vQ+Vh33PuNg9z6dkfc+5/f1PmdW9j7ACPc+
4OH2PjUI+D7gTPc+4u/2PiR2+T4BXfo+zTv3Pq4w+T6y//c+PgT4PpJx9z7LWfg+bM74Pu05
+D4Bgvc+lzP5PizE+D4/Wfg+NDn5Pg==</AssayYData></Step><Step><CommonData><SampleLocation>11</SampleLocation><SampleID></SampleID><SampleGroup></SampleGroup><SampleInfo></SampleInfo><SampleRow>A</SampleRow><SamplePlate>1</SamplePlate><WellType>KSAMPLE</WellType><Concentration>-1</Concentration><ConcentrationUnits>µg/ml</ConcentrationUnits><MolarConcentration>-1</MolarConcentration><MolarConcUnits>nM</MolarConcUnits><MolecularWeight>-1</MolecularWeight><Temperature>30</Temperature><StartTime>1382766</StartTime><AssayTime>120</AssayTime></CommonData><FlowRate>1000</FlowRate><StepType>ASSOC</StepType><StepName>Association</StepName><StepStatus>OK</StepStatus><ActualTime>119.999</ActualTime><CycleTime>0.2</CycleTime><AssayXData Points="600">IQACRN4MAkSrGQJEZyYCRDQzAkQRQAJE3kwCRJpZAkR3ZgJERHMCRBGAAkTNjAJEmpkCRHem
AkREswJEAcACRN7MAkSr2QJEZ+YCRDTzAkQBAANEzQwDRJoZA0R3JgNENDMDRAFAA0TuTANE
mlkDRGdmA0Q0cwNEAYADRM2MA0SamQNEZ6YDRDSzA0QRwANEzcwDRJrZA0Rn5gNERPMDRAEA
BETeDAREmhkERKkmBEQ0MwREEUAERM1MBESaWQREmGYERERzBEQRgAREzYwERJqZBERnpgRE
NLMERBHABETezAREu9kERHfmBERV8wREEQAFRN4MBUSrGQVEdyYFREQzBUQyQAVE3kwFRKtZ
BUR3ZgVERHMFRAGABUTejAVEq5kFRHemBUREswVEEcAFRM3MBUSr2QVEZ+YFRETzBUQRAAZE
3gwGRKsZBkR3JgZERDMGRBFABkTeTAZEq1kGRHdmBkREcwZEEYAGRN6MBkSrmQZEd6YGRESz
BkQRwAZE3swGRKvZBkRn5gZERPMGRAEAB0TeDAdEqxkHRHcmB0RVMwdEAUAHRM1MB0SrWQdE
d2YHRERzB0QRgAdE3owHRKuZB0RnpgdERLMHRBHAB0TNzAdEq9kHRGfmB0Q08wdEEQAIRDAN
CESrGQhEZyYIREQzCEQRQAhE3kwIRKtZCERnZghERHMIRBGACETNjAhEq5kIRGemCEREswhE
EcAIRN7MCESr2QhEd+YIRETzCEQBAAlE3gwJRKsZCURnJglERDMJRAFACUTNTAlE3FkJRGdm
CUQ0cwlEAYAJRM2MCUSamQlEd6YJRDSzCUQRwAlE3swJRJrZCURn5glERPMJRAEACkTNDApE
mhkKRHcmCkQ0MwpEAUAKRM1MCkSaWQpEZ2YKRDRzCkQBgApE3owKRKuZCkRnpgpENLMKRAHA
CkTezApE3NkKROrmCkQ08wpEAQALRM0MC0TcGQtEdyYLRDQzC0QRQAtEzUwLRKtZC0RnZgtE
RHMLRBGAC0TNjAtEq5kLRHemC0REswtEMsALRN7MC0Sr2QtEd+YLRETzC0QRAAxE3gwMRKsZ
DER3JgxERDMMRBFADETeTAxEq1kMRHdmDEREcwxEEYAMRN6MDESrmQxEd6YMRESzDEQRwAxE
D80MRA3aDER35gxERPMMRAEADUT/DA1EqxkNRHcmDUREMw1EEUANRN5MDUSrWQ1Ed2YNRERz
DUQRgA1E3owNRKuZDURnpg1ERLMNRBHADUTezA1Eq9kNRGfmDURE8w1EAQAORN4MDkSrGQ5E
dyYOREQzDkQBQA5E3kwORKtZDkRnZg5ENHMORBGADkTejA5EmpkORGemDkREsw5EQsAORN7M
DkSr2Q5Ed+YORETzDkQBAA9E3gwPRJoZD0RnJg9ENDMPRAFAD0TNTA9Eq1kPRHdmD0Q0cw9E
EYAPRM2MD0SrmQ9Ed6YPRDSzD0QBwA9EzcwPRKvZD0R35g9ERPMPRBEAEETNDBBEqxkQRGcm
EEQ0MxBEAUAQRM1MEESrWRBEZ2YQRERzEEQBgBBE3owQRJqZEERnphBENLMQRAHAEETNzBBE
q9kQRHfmEEQ08xBEAQARRN4MEUSrGRFEZyYRREQzEUQBQBFE3kwRRKtZEUR3ZhFENHMRRAGA
EUTNjBFEmpkRRGemEUQ0sxFEAcARRN7MEUSa2RFEZ+YRRDTzEUQBABJEzQwSRJoZEkRnJhJE
VTMSRAFAEkTeTBJEmlkSRGdmEkQ0cxJEAYASRM2MEkSamRJEZ6YSRDSzEkQRwBJE3swSRKvZ
EkTJ5hJERPMSRBEAE0TeDBNEqxkTRHcmE0REMxNEEUATRN5ME0TcWRNEd2YTRERzE0QRgBNE
3owTRKuZE0R3phNERLMTRBHAE0TezBNEq9kTRHfmE0RE8xNEIQAURN4MFESrGRREdyYURDQz
FEQBQBRE3kwURKtZFER3ZhRERHMURBGAFETejBREmpkURNqmFEREsxREEcAURM3MFESr2RRE
Z+YURDTzFEQRABVE3gwVRKsZFUR3JhVENDMVRBFAFUTeTBVEq1kVRGdmFUQ0cxVEAYAVRM2M
FUSrmRVEd6YVRDSzFUQRwBVE3swVRKvZFUR35hVEhvMVRBEAFkTeDBZEqxkWRGcmFkREMxZE
AUAWRN5MFkSrWRZEd2YWRDRzFkQBgBZE3owWRPyZFkR3phZENLMWRAHAFkTNzBZEq9kWRHfm
FkRE8xZEEQAXRM0MF0SrGRdEdyYXRDQzF0QRQBdEzUwXRKtZF0R3ZhdERHMXRAGAF0TNjBdE
q5kXRGemF0Q0sxdEAcAXRN7MF0Sr2RdEZ+YXRETzF0QRABhEzQwYRJoZGERnJhhENDMYRAFA
GETeTBhEmlkYRGdmGEREcxhEAYAYRM2MGESamRhEd6YYRDSzGEQBwBhEzcwYRJrZGERn5hhE
RPMYRAEAGUTNDBlEmhkZRGcmGUQ0MxlEAUAZRM1MGUSaWRlEd2YZRERzGUQBgBlE3owZRJqZ
GURnphlERLMZRBHAGUTezBlEmtkZRHfmGURE8xlEEQAaRN4MGkSrGRpEdyYaREQzGkQRQBpE
3kwaRKtZGkR3ZhpERHMaRGOAGkTNjBpEq5kaRHemGkRlsxpEpMAaRN7MGkSr2RpEd+YaRETz
GkQRABtE3gwbRKsZG0R3JhtERDMbRBFAG0TNTBtEmlkbRHdmG0Q0cxtEEYAbRN6MG0SrmRtE
d6YbRESzG0QRwBtEzcwbRKvZG0R35htERPMbRBEAHETeDBxEmhkcRHcmHEQ0MxxEEUAcRN5M
HESrWRxEd2YcRDRzHEQBgBxE3owcRJqZHERnphxERLMcRAHAHETezBxEq9kcRHfmHERE8xxE
AQAdRN4MHUT8GR1EZyYdRDQzHUQRQB1EQE0dRJpZHUR3Zh1ERHMdRAGAHUQfjR1Eq5kdRGem
HUQ0sx1EIcAdRM3MHUSa2R1EZ+YdRDTzHUQRAB5E3gweRJoZHkR3Jh5ENDMeRBFAHkTeTB5E
mlkeRGdmHkQ0cx5EEYAeRM2MHkTLmR5EZ6YeRESzHkQBwB5EzcweRJrZHkRn5h5ENPMeRBEA
H0TNDB9EmhkfRHcmH0Q0Mx9EAUAfRM1MH0SaWR9EZ2YfRDRzH0QRgB9EzYwfRJqZH0Rnph9E
ZbMfRAHAH0TNzB9EmtkfRGfmH0RE8x9E</AssayXData><AssayYData Points="600">AYUrP/6lOD8x0j8/ZepCP+4bRT9kw0Y/F+NIP6aNSj/kjko/BgpMP/tXTD9kck0/0xBPPy7X
Tz9FlFA/oeRRP7z8UT/+uFE/aIBTPxLOVD9ATFU/p7dWP6ldVz/xBVg/LiFZPxjdWD921lk/
2DVbP+TtWz9Bi1w/vzhdP8IfXj81r18/zDpgPxFaYD8ZIGE/anRhP4X1Yj9TwmI/5VZjP6yj
ZD/ZPWU/VDBlPwbyZT+s8GY/Dx1nP2csaD/TYWk/RTNpPy0zaj8qx2s/trJrP/UzbD+ld2w/
GrxsP7QYbz/eS24/i5tuP9wobz9qW3A/YBJwP0t7cT/Q/HE/yl5yP4t9cj900nM/kSFzPwKt
dD9F5nQ/cch0P3BQdj/5pnU/3AJ3PxvJdj+OrXc/W8F3Pzj0dz88t3g/Dyd6PwH4eD+Mmnk/
vIp6Pw2/ej8KPXw/5618P/ntfD8C630/Inh9PzL/fT+3LH4/5qp+PwlMfz8rFX8/cAeAP1Wi
gD+mg4A/Et9/P6ySgD/D/oA/F2GBP12SgT+7aIE/4++BP3B1gT+A3oE/kQKCPyufgj9JNoM/
Um6CP2lvgz+LJYM/FV+DPxiYgz8sKYM/vVeDP694hD8iQIQ/Oz6EP2MOhT81uoQ/jBWFP0pV
hT8LYYU/W4aFP1rghT+gFYY/WtKFP7Mahj8DWIY/8paGPx2Ehj8oiYY/fxqHP6sohz8y2oY/
ThOHPx57hz/vaoc/dPOHP6cqiD8FzIc/t1iIPyBwiD+jkIg/ba6IP4EriD90wog/GMaIPwKh
iD+6mIk/t56JP22yiT9uUIo/UCCKPwJ2ij+pDYo/lleKP0+Tij+bnYo/oAiLP6I9ij8ah4o/
jB2LP7w6iz96YYs/qZSLP6GNiz8ua4s/oueLP4esiz/Lhow/59WLP2kUjD+4cIw/CreMP9iL
jD+ln4w/XIGMPykgjT+XM40/cM2MP9M9jT87Go0/jqmNP6f5jT/PrI0/gI+NP8YAjj9h840/
UJOOPxdIjj8KMY4/NZOOP9arjj/6+I4/1aCOP8vejj+igo4/CC2PP3nzjj/fAI8/zH6PPwSF
jz8geI8/QFGPP4t1jz8cVpA/CwuQPxXWjz+gkJA/wnqQPwX6jz/tfJA/VoKQPygikT8pw5A/
4LKQPyPrkD+he5E/C3ORP4CekT98B5E/uaCRPxXIkT8BTZE/kyaRPzrhkT9obJI/i+iRP/Po
kT+3/ZE/NU6SP0SMkj+wSJI/7NyRP5xhkj9IIZM//LiSPy8rkz+f/JI/VoOTP6xekz83N5M/
Ov6SPykckz/ojpM/hVKTP7Fxkz+0k5M/IKeTP8gxlD8v85M/uN+TPyI8lD+95pM/oeaTP+ec
lD8QMZQ/7QqVP28SlT9jIpU/fBWVP8G5lD/nVJU/UPOUP98olT9ifpQ/Y5GVP1eqlT/Sc5U/
ucyVPyaQlT88lpU/DbSVPz//lT/ftpU/8wyWP3uUlT8dLpY/Y4SWP2g7lj9jzpU/RVGWPyd1
lj8p7JY/AOCWP1hslj8/uZY/csOWP50llz/Y05Y/4cmWP9iZlj80VZc/5lKXPykxlz8+Ypc/
sv2XP9n6lz8g35c/WPuXP8O9lz8AG5g/l1mYP+MpmD/TGZg/B0+YP/02mD9Vqpg/UpeYP59Q
mD+nCpg/TTuYP8HDmD+Rkpg/Pp6YP3ADmT/5g5g/8GKZP3OCmD/ZwJg/A1WZP2o7mT+0Apk/
8RyZPx3CmT+BQJk/eYmZPwJSmT8/ipk/TOGZP9q7mT91QZk/am+ZP9BPmj+lxZk/MS6aPx8U
mj9xnJk/epGaP2vnmT/jM5o/ByaaP+2kmj8fhpo/AF6aP6VPmj+Ii5o/kmeaP4ilmj/kwpo/
Y/aaP/Zjmz9j+Jo/A8aaP8ctmz8YE5s/4zmbPzBjmz/CaJs/nX6bPyZtmz8UqJs/PkibPxrc
mz/8tJs/cpqbP4eImz8I0Zs/5smbP6dTnD8LA5w/iE+cPwkdnD9dOpw/izOcP+GinD+lKZw/
x06cP6bYmz+ItJw/d8acPymenD9Iupw/5GycPyOCnD8ps5w/yA+dP374nD8akJw/S9ecP08O
nT8w+5w/pFadP3QYnT/s2Zw/tmidP3innT+ToZ0/0FWdP2wCnj+TZp0/6LqdPw5cnj/4S50/
4BGeP9ntnT9UOJ4/FV6eP98onj/6Dp4/YAKePycqnj/PYZ4/wcydP+EOnj+IWJ4/ZWCeP8E1
nj//+Z4/j3meP9l9nj+opp4/mc+ePz8wnz+xNp8/nBqePwEWnz/QRJ8/uyyfPwtnnz9kT58/
5m+fP09Knz/RWJ8/zcWfP/cunz/Vg58/Wb+fP592nz/+oJ8/i16fPwznnz8dXJ8//uCfP/wI
nz81t58/4rCfP3shoD+N058/kkugP4/tnz9nKqA/mq+fP1X8nz+xP6A/RX2gP8oOoD8pk6A/
6CCgPyyCoD8LjqA/rG+gPw19oD+QyKA/ncGgPx7ZoD/mrqA/tA2hPyzGoD+J1KA/Tb6gP3+u
oD+KGqE/iNqgP3vboD/Qx6E/3kShP+5/oT+t/KA/F1GhPzUkoT9WlqE/J06hP9dVoT/CRqE/
coyhP0leoT8Kr6E/luagPxXYoT8w7KE/XbehP/3SoT9A+aE/QFWiPz0Roj/J1KE/vxmiP8fu
oT+L6aE/kHmiPy5soj8/ZKI//seiP/pqoj9abKI/uXeiP1ZMoj8iXKI/qZyiPzCRoj9lA6M/
91OiPxNeoz8R2aI/TeuiPwosoz8wVKM/ipaiP2qQoz81JKM/DWujP+q3oj8TOaM/wmqjP19I
oz/FhqM/RbSjPxcgoz9Gq6M/hdOjPwaQoz+hq6M/FYCjP3pLoz/qM6M//POjP5DEoz+69qM/
HjujPyOroz/2gaM/HBukP+D4oz9nS6Q/VcWjP8r/oz82x6M/6UqkP00spD8r1KQ/XWykPylQ
pD/6XqQ/zmukPyTUpD+AxKQ/AGGkPyt4pD/+Z6Q/DaqkP3HYpD8zxaQ/T3GkPxBRpD8SY6Q/
WdWkP4mtpD+hP6U/YPqkP/4ppT9qxaQ/1xWlPzGrpT+h26Q/YfKkP+6PpT9/T6U/nOulPw9E
pT+HXqU/EIilP5MmpT+S16U/VlqlP4ZqpT8ffaU/O7ilP92GpT+LVKY/tHqlPwtmpT9kt6U/
6DmmP8Ufpj/GzqU/fUOmP6Uypj+oIaY/</AssayYData></Step></KineticsData></ExperimentResults>
