<?xml version="1.0" encoding="UTF-8" standalone="yes"?>
<ExperimentResults><ExperimentInfo Name="20250917 PE P5216 - 5377 plate 1 kappa 50 ugl"><ExpDescription>AHC example method - full characterization&#13;
Analyte titration series with reference channel</ExpDescription><RTDVersion>2.0</RTDVersion><RunID>3B9E1F69-E451-4552-8C9D-CFED4D62EEC8</RunID><ExperimentType>KINETICS</ExperimentType><ExperimentSubType>KBASIC</ExperimentSubType><StartDateTime>2025-09-17T14:59:30</StartDateTime><MachineName>BN7KX12</MachineName><UserName>octet</UserName><LotNumber></LotNumber><PlateName>250917</PlateName><PlateName2></PlateName2><SensorName>C3</SensorName><SensorPlate>1</SensorPlate><SensorType>AHC (Anti-hIgG Fc Capture)</SensorType><SensorRole>LIGAND</SensorRole><SensorInfo></SensorInfo><WritingSW>DataAcquisition.exe 11.0.2.1</WritingSW><InstrumentType>OctetRED96</InstrumentType><InstrumentSerial>FB-50284</InstrumentSerial><InstrumentFW></InstrumentFW><IntegrationTime>2.3</IntegrationTime><DSPType>CPF</DSPType><DSPStitching>1</DSPStitching><HasManifest>1</HasManifest><InfoHash>-1083794191</InfoHash></ExperimentInfo><AssayParamsInfo/><KineticsData><Step><CommonData><SampleLocation>1</SampleLocation><SampleID>Running Buffer</SampleID><SampleGroup></SampleGroup><SampleInfo></SampleInfo><SampleRow>C</SampleRow><SamplePlate>1</SamplePlate><WellType>BUFFER</WellType><Concentration>-1</Concentration><ConcentrationUnits>µg/ml</ConcentrationUnits><MolarConcentration>-1</MolarConcentration><MolarConcUnits>nM</MolarConcUnits><MolecularWeight>-1</MolecularWeight><Temperature>30</Temperature><StartTime>0</StartTime><AssayTime>180</AssayTime></CommonData><FlowRate>1000</FlowRate><StepType>BASELINE</StepType><StepName>Baseline 1</StepName><StepStatus>OK</StepStatus><ActualTime>179.999</ActualTime><CycleTime>0.2</CycleTime><AssayXData Points="900">AAAAAM3MTD7NzMw+mpkZP83MTD8AAIA/1XiZP28Ssz/NzMw/ZmbmPzvf/z/NzAxAmpkZQGZm
JkDRIjNAAABAQGq8TECamVlABFZmQDMzc0Ce739AZmaGQM3MjEACK5NAaJGZQAAAoEBmZqZA
nMSsQAIrs0BokblAAADAQDVexkCcxMxAAivTQGiR2UDP999ANV7mQJzE7EACK/NAmpn5QD81
AEEbLwNBTmIGQYGVCUG0yAxB5/sPQRsvE0FOYhZBgZUZQbTIHEHn+x9BMzMjQU5iJkGBlSlB
tMgsQef7L0FMNzNBTmI2QYGVOUHNzDxB5/s/QTMzQ0FmZkZBgZVJQc3MTEHn+09BMzNTQU5i
VkGBlVlBtMhcQef7X0EbL2NBZmZmQZqZaUHNzGxBAABwQTMzc0FmZnZBmpl5Qc3MfEEAAIBB
mpmBQTMzg0HNzIRBZmaGQQAAiEGamYlBMzOLQc3MjEFmZo5BAACQQZqZkUEzM5NBzcyUQWZm
lkEAAJhBmpmZQTMzm0HNzJxBZmaeQQAAoEGamaFBJzGjQc3MpEFmZqZBAACoQZqZqUFYOatB
wcqsQWZmrkEAALBBmpmxQTMzs0HByrRBZma2QQAAuEGamblBJzG7Qc3MvEFmZr5BAADAQZqZ
wUEzM8NBwcrEQVpkxkEAAMhBjZfJQTMzy0HBysxBWmTOQfT9z0GamdFBJzHTQc3M1EFmZtZB
AADYQZqZ2UEnMdtBzczcQVpk3kH0/d9BjZfhQTMz40HNzORBZmbmQQAA6EGamelBMzPrQcHK
7EFaZO5B9P3vQY2X8UEnMfNBzcz0QWZm9kEAAPhBjZf5QTMz+0HByvxBWmT+QfT9/0HHywBC
k5gBQmBlAkIzMwNCAAAEQs3MBEKamQVCZmYGQjMzB0L6/gdCx8sIQpOYCUJgZQpCLTILQvr+
C0LHywxCk5gNQmBlDkIzMw9CAAAQQs3MEEKamRFCYGUSQi0yE0L6/hNCx8sUQpOYFUJgZRZC
MzMXQvr+F0LHyxhCk5gZQmBlGkIzMxtC+v4bQsfLHEKTmB1CZmYeQi0yH0L6/h9Cx8sgQpqZ
IUJmZiJCOTQjQvr+I0LHyyRCk5glQmBlJkI5NCdCAAAoQsfLKEKamSlCZmYqQi0yK0IAACxC
zcwsQpqZLUJmZi5CMzMvQgAAMELNzDBCmpkxQmZmMkKiRTNCAAA0Qs3MNEKamTVCYGU2QjMz
N0IAADhCzcw4QpqZOUJmZjpCMzM7QgAAPELNzDxCk5g9QmZmPkIzMz9CAABAQs3MQEKamUFC
ZmZCQi0yQ0IAAERCzcxEQpOYRUJmZkZCMzNHQvr+R0LNzEhCmplJQmZmSkIzM0tC+v5LQs3M
TEKamU1CZmZOQjMzT0IAAFBCzcxQQpOYUUJmZlJCLTJTQvr+U0LNzFRCmplVQmZmVkIzM1dC
+v5XQsfLWEKamVlCZmZaQjMzW0IAAFxCzcxcQpqZXUJgZV5CMzNfQgAAYELHy2BCk5hhQmBl
YkIzM2NCAABkQsfLZEKTmGVCZmZmQqJFZ0IAAGhCx8toQpOYaUJgZWpCMzNrQvr+a0LNzGxC
mpltQmZmbkItMm9C+v5vQs3McEK4nnFCZmZyQi0yc0IZBHRCx8t0QpOYdUJgZXZCLTJ3QgAA
eELNzHhCk5h5QmBlekItMntC+v57QsfLfEKTmH1CZmZ+Qi0yf0L6/n9C42WAQkrMgEKwMoFC
F5mBQgAAgkLjZYJCSsyCQrAyg0IXmYNCff+DQuNlhEJKzIRCMzOFQheZhUJ9/4VC42WGQs3M
hkKwModCF5mHQn3/h0JmZohC5dCIQrYziUKamYlCff+JQuNlikJKzIpCMzOLQpqZi0IAAIxC
42WMQkrMjEKwMo1CHZqNQgAAjkJmZo5CSsyOQjMzj0KamY9CAACQQmZmkELNzJBCMzORQpqZ
kUIAAJJCZmaSQs3MkkIzM5NCmpmTQgAAlEJmZpRCSsyUQjMzlUKamZVCAACWQmZmlkLNzJZC
MzOXQpqZl0J9/5dCZmaYQkrMmEIzM5lCmpmZQgAAmkJmZppCzcyaQjMzm0KamZtCAACcQmZm
nELNzJxCMzOdQpqZnUIAAJ5C42WeQs3MnkIzM59CmpmfQn3/n0JmZqBCSsygQjMzoUIXmaFC
AACiQmZmokLNzKJCsDKjQpqZo0IAAKRCZmakQkrMpEIzM6VCmpmlQn3/pULjZaZCSsymQjMz
p0KamadCAACoQmZmqELNzKhCsDKpQheZqUJ9/6lCZmaqQs3MqkKwMqtCF5mrQgAArELjZaxC
SsysQjMzrUIXma1CAACuQuNlrkLNzK5CMzOvQheZr0IAALBC42WwQo3XsEKwMrFCF5mxQgAA
skJmZrJCSsyyQrAys0IXmbNCAAC0QmZmtEJKzLRCsDK1QheZtUJ9/7VCZma2QkrMtkKwMrdC
mpm3QgAAuEJmZrhCSsy4QrAyuUKamblCAAC6QuNlukJKzLpCsDK7QheZu0J9/7tC42W8QkrM
vEIzM71CF5m9Qn3/vULjZb5CSsy+QrAyv0IXmb9Cff+/QuNlwELTzcBCsDLBQheZwUJ9/8FC
ZmbCQkrMwkKwMsNCmpnDQgAAxELjZcRCSszEQrAyxUKamcVCAADGQuNlxkJKzMZCMzPHQpqZ
x0IAAMhCZmbIQs3MyEIzM8lCmpnJQgAAykJmZspCzczKQjMzy0KamctCAADMQmZmzELNzMxC
MzPNQpqZzUIAAM5CZmbOQkrMzkIzM89CmpnPQgAA0EJmZtBCzczQQrAy0UKamdFCAADSQmZm
0kLNzNJCMzPTQpqZ00J9/9NCZmbUQkrM1EIzM9VCmpnVQgAA1kJmZtZCzczWQjMz10IXmddC
AADYQuNl2EK43thCzzfZQpqZ2UIAANpCZmbaQkrM2kIzM9tCmpnbQn3/20LjZdxCzczcQjMz
3UKamd1CAADeQmZm3kJKzN5CMzPfQheZ30J9/99C42XgQs3M4EIzM+FCmpnhQn3/4UJmZuJC
zcziQrAy40IXmeNCAADkQmZm5EJKzORCMzPlQheZ5UJ9/+VC42XmQkrM5kKwMudCmpnnQgAA
6ELjZehCSszoQrAy6UKamelCAADqQmZm6kJKzOpCsDLrQheZ60IAAOxCZmbsQkrM7EKwMu1C
F5ntQn3/7ULjZe5CzczuQrAy70IXme9CAADwQmZm8EJKzPBCsDLxQheZ8UJ9//FCZmbyQkrM
8kIzM/NCF5nzQhID9ELjZfRCSsz0QrAy9UKamfVCff/1QuNl9kJKzPZCMzP3QheZ90J9//dC
42X4Qs3M+EKwMvlCF5n5Qn3/+ULjZfpCzcz6QjMz+0IXmftCff/7QuNl/EJKzPxCsDL9QpqZ
/UJ9//1CZmb+Qs3M/kKwMv9Cmpn/QgAAAEMzMwBDmG4AQ5qZAEPNzABDAAABQzMzAUNmZgFD
mpkBQ83MAUMAAAJDMzMCQ2ZmAkOamQJDzcwCQwAAA0MzMwNDZmYDQ1iZA0PNzANDAAAEQzMz
BENmZgRDWJkEQ83MBEMAAAVDMzMFQ2ZmBUOamQVDzcwFQwAABkMzMwZDZmYGQ5qZBkPNzAZD
AAAHQzMzB0NmZgdDWJkHQ83MB0O+/wdD8jIIQ2ZmCEOamQhDzcwIQwAACUMzMwlDZmYJQ+Ga
CUPNzAlDAAAKQ/IyCkNmZgpDmpkKQ83MCkMAAAtD8jILQ2ZmC0OamQtDzcwLQ77/C0PyMgxD
JWYMQ1iZDEPNzAxDvv8MQzMzDUMlZg1DmpkNQ4vMDUO+/w1D8jIOQyVmDkOamQ5Di8wOQ77/
DkMzMw9DZmYPQ1iZD0PNzA9Dvv8PQzMzEEMlZhBDWJkQQ4vMEEMAABFDMzMRQ/BnEUOamRFD
zcwRQwAAEkPyMhJDJWYSQ1iZEkOLzBJDvv8SQ/IyE0NmZhNDmpkTQ4vME0O+/xNDMzMUQyVm
FENYmRRDi8wUQ77/FEPyMhVDZmYVQ1iZFUOLzBVDAAAWQ/IyFkNmZhZDWJkWQ4vMFkMAABdD
8jIXQyVmF0NYmRdDi8wXQ77/F0PyMhhDZmYYQ1iZGEOLzBhDvv8YQ/IyGUNmZhlDWJkZQ83M
GUO+/xlDMzMaQ6hmGkOamRpDi8waQwAAG0PyMhtDJWYbQ1iZG0OLzBtDAAAcQzMzHENmZhxD
mpkcQ83MHEMAAB1DMzMdQ2ZmHUOamR1DzcwdQwAAHkMzMx5DZmYeQ5qZHkPNzB5DAAAfQzMz
H0NmZh9DmpkfQ83MH0MAACBDMzMgQ2ZmIENYmSBDzcwgQwAAIUMzMyFDZmYhQ5qZIUPNzCFD
AAAiQ/IyIkMlZiJDmpkiQ4vMIkMAACNDMzMjQ2ZmI0OamSNDzcwjQwAAJEMzMyRDZmYkQ5qZ
JEPNzCRDvv8kQzMzJUNmZiVDmpklQ83MJUMAACZD8jImQyVmJkNYmSZDi8wmQwAAJ0MzMydD
ZmYnQ5qZJ0OLzCdDvv8nQzMzKENmZihDmpkoQ83MKEO+/yhDMzMpQyVmKUOamSlDzcwpQwAA
KkPyMipDJWYqQ1iZKkPNzCpDAAArQzMzK0NmZitDmpkrQ4vMK0O+/ytD8jIsQyVmLEOamSxD
zcwsQ77/LEPyMi1DZmYtQ5qZLUPNzC1Dvv8tQzMzLkNmZi5DmpkuQ4vMLkO+/y5D8jIvQyVm
L0NYmS9DzcwvQ77/L0MzMzBDJWYwQ1iZMEOLzDBDvv8wQ/IyMUMlZjFDmpkxQ4vMMUO+/zFD
8jIyQyVmMkNYmTJDi8wyQ77/MkPyMjNDJWYzQ1iZM0OLzDND</AssayXData><AssayYData Points="900">AAAAAG8/QzpNxM87kZz+O1Is3ztu7S88u3JtPLwSZzzYV2Y8h1t7POTuOzxXOZI8QVCRPKox
izyzQaQ83P2RPFrqgzwyRoY8eISlPNTxnzyj0rY8PE2lPCbTsTwrpso8CTPZPEM4yjyt2tk8
6qm+PBlEuzyINMc8xoPrPEi08jw7++I8Dj3mPNQC3zzi1AA9tmrdPNEvAT0eYwA9nuLmPLFB
9jzHzPM8zzX5PIvE/jwxSAc9/t4KPYR+Iz0bQwM9ZmAMPYJBDj2noxA9gHELPTO/Iz3e2g49
CS0VPRzrFz0w4CE9C+IgPRGOGj22PR09xk0iPdM3Gz0+sCM9zIYgPeC2Lj26oi096h43PdhC
MD09hzg9XnsiPQXEIz1fjDs99zosPRZPNz17YTw9KS84PdkkTj374TA9t2s/PYZ4Nj23Rjw9
Kh41PS5nTz19pUw9zzE9Pcc7SD2Lokg9GIxRPWVOWD0oWVc9MhtdPf+sTz2gcVo94YJMPYKD
Zz2Iklk9CiFaPVyzUT3TCmQ9PP1cPbzybT2DVEg9YgdePZjBWz2B4mc9X/dlPa4uZj0Fg2M9
o+xnPS4PZD02Em89kotzPRKcaz0qsHk9NLJyPb5qYj1XU3M9N2lmPZFeaT1DOYA9EHN/PZtJ
fT07EX09uW19PfCNcj1l4Hc9p4B+PW4igT3FHIg9xfKBPYQ2fz3jAIA9Lpp/PQMFez3+rIQ9
0mWAPVokgz3RX4k9NsiHPRT+fz3FTYY9E/2KPdkZhz1IH4Q9H2SOPUxujT1T+o89MB+GPfTZ
jj0U7o49zkqMPTJojD3DYIk9F2uLPZeHkD3j9489obaMPdr1kj0ag5A9QfWXPbcKjz3TP5c9
gq6XPbJulD0wiY49yBKSPRU/kD2uX5Q90BeWPTLCmT10lZA9BHaZPbrqmj2RaKE9BemVPee+
lT3thZw9RG+ZPVvhnD1WHpU9GguYPT0knz3lrJ89P02hPRIdnD3H8Z09ViKiPQz8oT2aX6E9
0OGhPcO4pj3K9qM96mChPQlmpj2mHaM94pGbPc1aoz0nrKA9I9mkPSMsoT1Thaw9cmymPebE
oj0QcqA9ddawPSquqj3K8689AFqsPbLJsT2BMKc9C1ikPU8YrD3wE649zM+xPfVOqD01IbA9
hNqrPXK4qT2aDqw9E/2wPaHvsj1R5609MSKyPZhYtT2YJbM9Kii4Pd7yuz22d7c9KeK1PYcN
sT02bbU95we2PbhdtT3+XLM9z1W4PVkgtz3G77o9Sc60PevwuT2szLs9TRe4PYWntz0aEbA9
XdS8PY/tvD3BI789y+C8PdNEuz2KasE9JDy3PTo/tz2R+ME9kLbCPVlivD14pr090sq+Pao7
wD0omMM9+Ly5PYs9wj2NnsM9K6jAPeFVvz2eG7w9wYPBPRjjyj1ya8k9kfa/Pb5ktj3ktsU9
uIDJPWJexz2+rsU99kbFPWzUvT3fysc9t77QPRuwxz1T58o9UsrJPRaswj3Pxcs9brfIPZVa
zz0SH8s9cbzOPSnDzT0ik9M9J0PRPdT8zz22uNA9v1rOPZ9mzT2uus09FZvMPUj+zT2QCso9
SWXSPUDAyz1mBMg9afjLPRoJ0j0dudA9KLrNPWPK0j2Olc49P/HPPaL70T2TytY9vsvZPYcU
1z01QdM9YojVPSZ73j1sC9E983HRPYqh1T24SNs9cefbPSOt1z02Rtc9+bbRPaDw2j1r7Nk9
icPXPfiE2T39ouE9tpTiPfkV3D3i7989dLzaPVft2j1SgOI96pbrPasC4z01Mtw9GX7cPXcM
4D1gBuY92irhPdrT5j3WhOQ9pErgPY6N3z3YkuI9+JLiPYnc4z3hed09qNHmPZTC6j3ACOs9
dZ/hPV3h6D32jek9gQXrPYdQ6z1WeuU9Iq3sPVQw4z1XeuU9B8PxPd815D38LO49m1DqPUDB
5z2IEOc99gHhPVGu5z24I+09D0fqPaAM7T1ibus9IAbzPe419T0brO09E+voPWTJ7j2o4O89
H0rtPbI47j0oD+09DpfyPVWe9D3FnfE9K8fuPV2K8j1EWfI9YN/tPYJf8D3W6/A9P8PvPRV/
+D2UZPE9QpT0PabS8D3RVvA9sFz4PYel7z2iWvI9PFL8PYaZ+D2JVP898qH5PZnS9j3ZKvc9
TnX6PTpr/D36Nfc9CRb8PdrD+j0q5/k9ZpT4PZjh9z2TEAA+FIr4PXZP/j2xKv099Cj1PTfn
9z1w0Pk9Hc38Pa7e+D3b0Ps9mKz3PdRB9z3pTPs9x9P7PWNZ9j3ikP49AVX9PRqf/T2DOPU9
+cj3Pbq2/D10Df494Aj+PQkCAD6oBQA+SMv/PbwXAT7R+QI+gqwCPhOx/z1NRwU+l+EAPhSv
Bj7obQE+87wEPvzC+j3VXQA+97gAPkJ9AT4KYwA+kUMCPrU5Bj6aQQQ+ZSAFPmg2Az5QrwM+
DH4DPnrvBD6Lqv89cGEDPrPCAz7FrgU+130DPr5WAD47YAY+QB8EPnAeBz5jMgo+w2gBPvaZ
BD4IbAU+8OYFPib/Aj5wagc+Tk8GPp3LBD6/rAE+4TsGPkcJBz5o1gY+TgkGPiEBBz5I6gk+
YOEDPoHuBT44swg+6cUJPuXlDj4BPQc+304IPqh7CD79hQg+c1wIPjbWBT6QgQc+uDgHPsr2
CT5WkQg+65wIPravCz7ZJQo+A9kLPq6PCT7O+gs+WUwLPp5eCD7YNgs+n9gKPvWoDD4iYQk+
ILEKPocsCj60vQo+pxwLPsCuDz7nzw8+M3kIPky9Cz7efAo+8q8KPssdDT5aGQo+NasMPqbL
CT6fgww+fgMLPrASDz6IQAo+klELPoe9DT4yCw0+YSwNPnOUDj4Atwo++v4KPviYDD7fRQ0+
+noKPu84DD4Waw0+RUULPvEvDT5O6w8+I8EMPgMPET436Q8+s6QSPjCYDj7W1hE+J7cQPiPJ
ET6UkA4+XlsMPlw8ED7lrhI+uRMTPpxpFD4xmA0+dXIQPhBLED4tbg8+I9AQPjddED5A0g4+
zPMOPsFlED77ExM+lpoQPq+sET4+VhU+2bASPi6REz6gFw8+mAMTPk2AEz6M7xA+KgkWPtJI
Fj477hM++ccSPlAbET6WlhM+cKkSPqEuFT5C5hM+KV8UPnpEET6rZBE+i04XPsmvFD7jKhU+
DxATPmHjEz5+xxI+zdgYPusgFz41nxE+2ywVPtPzFT6OsRM+GScVPpI8Ej5gqBU+XBcVPurI
FD4zExY+6pEWPlk4Fz58hhc+CV8WPsQhEz7UXRM+7uwbPo4iGT4TIxU+Jl8bPq4rGD7O2xg+
3/EUPv9MGD7dNBg+oO0YPk1YGT7HkBk+hbMTPu8MFz6s+hg+rA8aPjg2Gj6Z8xY+PUAYPi4A
Fz5kVho+OFcZPkGyGz7esBo+LnIXPrPIFT5PoRc+akEZPvPOHD5ACBo+YYUaPk9oHD7sthk+
QhEaPsnlGj7RuBo+i0YbPqnIHT5b7Bk+eXcdPig6HD6XHBg+zr0bPlZZGj4c8x0+YLcaPhlL
Gz6Zgxs+ss0fPhmdGz6c3xw+qgsePlaRGj75Txk+rAIdPkAvHT5SEBw+u9IcPoPZHD6llxg+
xhYcPlgLHD66giA+S0cePlZRHT7rRR0+WOIePlu5Hz6sZR4+y30ePsXYID7PjR0+M94gPr2c
IT7xISE+3YQgPm1bHT5OGx4+ezAePprfGz7YYh8+ZtEePvXnGj4yxiE+C7shPrBdIT5TDR4+
3aAiPrYQIT5pDiA+M5QdPviAIj5Q+x4+734jPp2pIj7OGSM+AKYkPsdOJT7EaSI+GBIdPkXL
Ij6U2SM+h9IhPqDAID6QsCE+MYYmPpARJT75KyU+B1MhPiGNJD7UsSU+8MslPt9/Hz4BjiE+
r3chPmWJJT4GbyU+9ZwmPoVQJD4rsCI+DkwmPhLzIj4B5CQ+294kPqr1JT4/nCU+rVQgPoqE
IT4ibSE+P5YmPjQ/Ij4nWSg+5uEjPlSsIz76OiM+oIMmPn0AKT5dsSQ+rvQlPucxJj4FFSg+
24YkPvSJJT6uMyY+i4kkPitqJj5TqSY+tsAlPnR3KD5YyiQ+I+QoPqVxKD66/iQ+xN8kPrpL
KD6lACQ+5fYpPtjCJj7DjSY+V/0mPpoZKT5usyk+aVYlPnH6KT5vTyY+NZopPtJ/Jz7U1Cc+
3/glPr3MKj7BWSc+7j8lPqOrJz44lik+WBsoPsa4Kj6K0yk+YVAnPlqKKD53DSc+fTkrPuUZ
KD682ys+ESkrPn4qKz4Gji0+lY4mPoxqKj7/HCs+DyUwPpw6Kj79OSo+m/8rPpheLT6j3Ck+
2BMsPlFrKT5CnC8+9yUpPlHeLT5uDig+BgouPqYBLT5caC4+nIktPhRsKj4sxCc+6EUtPqs2
Kz4cSCs+FV8sPhR1LT5kpS8+w90sPiP7LD4rUCw+YzovPlbcKz6EbS4+iQ0uPrAILD6gWis+
9Q4pPiNWKj43DS8+WGAtPledMD4T6Cw+zwYvPpABMj7pny0+2i0tPjvxLj59CjI+kHUzPtfk
LD6GUDE+zXMwPl8HLj7qYi8+rUQvPnR0Mz4zCDE+7F4uPrYnMD7g/y0+ErEwPl4/MT4nXzI+
uzMuPtpoMT6AHzA+NE0uPoN0Mz6IRDA+yeIvPmoTMD6pHTU+XrMvPk/AMD5IUS0+nWUsPttX
MT7zujI+bPAxPlltMD6XzDQ+MiswPnuGMz4ZQzQ+5dIxPmXaMT5zkDA+3VY0PrayMT7N1jE+
MWkzPgehLz5wlDQ+O0cyPt2YNj7WZzQ+qxMvPof/ND7TgzA+</AssayYData></Step><Step><CommonData><SampleLocation>2</SampleLocation><SampleID>10mM Glycine pH1.7</SampleID><SampleGroup></SampleGroup><SampleInfo>or other Regeneration solution</SampleInfo><SampleRow>C</SampleRow><SamplePlate>1</SamplePlate><WellType>REGENERATION</WellType><Concentration>-1</Concentration><ConcentrationUnits>µg/ml</ConcentrationUnits><MolarConcentration>-1</MolarConcentration><MolarConcUnits>nM</MolarConcUnits><MolecularWeight>-1</MolecularWeight><Temperature>30</Temperature><StartTime>207997</StartTime><AssayTime>20</AssayTime></CommonData><FlowRate>1000</FlowRate><StepType>CUSTOM</StepType><StepName>condition</StepName><StepStatus>OK</StepStatus><ActualTime>20.002</ActualTime><CycleTime>0.2</CycleTime><AssayXData Points="100">vv8zQ7AyNEMkZjRDWJk0Q0nMNEN8/zRD8TI1QyRmNUNYmTVDScw1Q3z/NUOwMjZDJGY2QxaZ
NkNJzDZDfP82Q7AyN0MkZjdDWJk3Q0nMN0N8/zdDsDI4Q+NlOEMWmThDi8w4Q3z/OEOwMjlD
42U5QxaZOUNJzDlDEgM6Q7AyOkMkZjpDFpk6Q0nMOkN8/zpDsDI7Q+NlO0MWmTtDScw7Q3z/
O0OwMjxD42U8Q9uZPENJzDxDvv88Q7AyPUPjZT1DWJk9Q4vMPUN8/z1DsDI+Q+NlPkNYmT5D
i8w+Q3z/PkPxMj9DJGY/Q1iZP0OLzD9Dvv8/Q/EyQEMkZkBDWJlAQ0nMQEO+/0BD8TJBQyRm
QUNYmUFDi8xBQ77/QUPxMkJDJGZCQ1iZQkOLzEJDvv9CQ7AyQ0MkZkNDO59DQ4vMQ0O+/0ND
8TJEQ+NlREMWmURDi8xEQ77/REPxMkVDJGZFQ1iZRUNJzEVDvv9FQ/EyRkPjZUZDWJlGQ4vM
RkO+/0ZD8TJHQ+NlR0NYmUdDDs1HQw==</AssayXData><AssayYData Points="100">zuhPvoS8L75DuQ6+HnkCvow/9b0MHfu9ucb5vcGsAL6RJga+r/0LvlVhEb4vUxW+FfkavpeT
Ib6XYiS+AWUrvmfHLL6KszO+fRI3vh/YNr7xSjy+zLI8vmUXRL4LYkO+yxJKvjyVTL40ZUm+
h3BQvnyxT77aF1a+qfJYvmI3WL5SaFu+2kZcvhFkXL54p2S+RTJgvp6CZ76XyWi+J8Zovk0k
ar4dvGy+skdxvtf/cb7Fm3S+OQ12vmENd77IYHu+2Kl6vkE5fb4DF3y+ZO99vsqpf75gE4C+
fEaDvoK6gr6l0oK+PlWFvp4thr5fq4S+hheEvgvkhr72l4a+8oOGvgxkib5t44e+WjOIvrw1
i75in4y+LpiMvmktjL569ou+RZ2Mvsfcjb7MQI6+UJWOvtCvj76t04++z+mQvssJkb4hhY++
PSiRvsxQkr5995K+bQyTvqO4kb4lDJO+si6SvptflL6RcZa+5YuTvl1/lL59b5e+vMOWvhi1
mL4ubJe+emyYvoYZmb5hLZi+yriZvg==</AssayYData></Step><Step><CommonData><SampleLocation>1</SampleLocation><SampleID>Running Buffer</SampleID><SampleGroup></SampleGroup><SampleInfo></SampleInfo><SampleRow>C</SampleRow><SamplePlate>1</SamplePlate><WellType>BUFFER</WellType><Concentration>-1</Concentration><ConcentrationUnits>µg/ml</ConcentrationUnits><MolarConcentration>-1</MolarConcentration><MolarConcUnits>nM</MolarConcUnits><MolecularWeight>-1</MolecularWeight><Temperature>30</Temperature><StartTime>233635</StartTime><AssayTime>20</AssayTime></CommonData><FlowRate>1000</FlowRate><StepType>CUSTOM</StepType><StepName>condition</StepName><StepStatus>OK</StepStatus><ActualTime>19.999</ActualTime><CycleTime>0.2</CycleTime><AssayXData Points="100">QQBIQzMzSEPpZkhDmZlIQw7NSENBAElDMzNJQ2ZmSUOZmUlDzMxJQwYBSkMzM0pDp2ZKQ9uZ
SkPMzEpD//9KQ3QzS0NmZktD25lLQ8zMS0P//0tDdDNMQ2ZmTEPbmUxDzMxMQ///TEMzM01D
ZmZNQ5mZTUMOzU1DQQBOQzMzTkNmZk5Ddp5OQ8zMTkP//05DdDNPQ2ZmT0Mcmk9DzMxPQ0EA
UEMzM1BDp2ZQQxyaUEMOzVBD//9QQ/czUUOnZlFD25lRQw7NUUNBAFJDdDNSQ6dmUkPbmVJD
Ds1SQ0EAU0N0M1NDp2ZTQ9uZU0MOzVNDQQBUQ3QzVEOnZlRD25lUQw7NVENBAFVDdDNVQypn
VUPbmVVDzMxVQ0EAVkN0M1ZDp2ZWQ9uZVkMOzVZDQQBXQ3QzV0NmZldDmZlXQw7NV0MGAVhD
dDNYQ6dmWEPbmVhDDs1YQ0EAWUN0M1lDp2ZZQ5mZWUMOzVlDQQBaQ3QzWkOnZlpD25laQw7N
WkNBAFtDdDNbQ6dmW0PbmVtDzMxbQw==</AssayXData><AssayYData Points="100">DBH9Pdn3sj21JIY9tQlXPfIkUT3VvUE9yg44PZz5SD0+xzQ9sgFRPafLWj1C7lE9KYxePap+
Wz25DVw9q2NwPdEGXj0nG2Q99J50PdDDdz1ewoI9x3B1PXCecT1d1IE9i11vPQDObj0ax3s9
Vm+APVejgj0v03k9pX+CPW0kgT1fSIo9P72MPae5iz01zYo9kHyHPanYiT2pjYs9+aWDPfPr
ij37wos9qbCOPTWEiz0N4oo9bD+UPfrYiT0UzI09y8SKPfzNkz0uSo89TgaQPclilD3lAps9
7wGTPTLDmj0uCpU91RGVPR4omD3c75o9WI2WPYkekj0iTJ49m9mYPQF4lj2PkZw912iePS7o
lj2ycZ09A12iPZh7nz3H/Zo9hHyUPZ/Xmz1kOqA9CsWbPTorpD3AYqE91vecPUJknz3DRZk9
qOejPYVFoz01HaM9T8+fPTALoT3KG549saGnPdhuqT3xQKI987agPW25pz3ikpw9I8KlPcNr
pT1gu6A9j/6nPaE4pT3XD6g96v2jPQ==</AssayYData></Step><Step><CommonData><SampleLocation>2</SampleLocation><SampleID>10mM Glycine pH1.7</SampleID><SampleGroup></SampleGroup><SampleInfo>or other Regeneration solution</SampleInfo><SampleRow>C</SampleRow><SamplePlate>1</SamplePlate><WellType>REGENERATION</WellType><Concentration>-1</Concentration><ConcentrationUnits>µg/ml</ConcentrationUnits><MolarConcentration>-1</MolarConcentration><MolarConcUnits>nM</MolarConcUnits><MolecularWeight>-1</MolecularWeight><Temperature>30</Temperature><StartTime>259167</StartTime><AssayTime>20</AssayTime></CommonData><FlowRate>1000</FlowRate><StepType>CUSTOM</StepType><StepName>condition</StepName><StepStatus>OK</StepStatus><ActualTime>19.999</ActualTime><CycleTime>0.2</CycleTime><AssayXData Points="100">AABcQ/IyXENmZlxDWJlcQ83MXEMAAF1DMzNdQ2ZmXUOamV1DzcxdQwAAXkMzM15D8GdeQ5qZ
XkPNzF5DAABfQzMzX0MlZl9DmplfQ83MX0O+/19DMzNgQ2ZmYEOamWBDzcxgQwAAYUMzM2FD
ZmZhQ5qZYUPNzGFDAABiQzMzYkMlZmJDHZpiQxTOYkO+/2JDMzNjQ2ZmY0MdmmNDzcxjQwAA
ZEPyMmRDJWZkQ5qZZEOLzGRDAABlQzMzZUMlZmVDWJllQ83MZUMAAGZDMzNmQyVmZkOamWZD
zcxmQ77/ZkPyMmdDZmZnQ1iZZ0OLzGdDAABoQ/IyaEMlZmhDWJloQ83MaEO+/2hDMzNpQyVm
aUNYmWlDi8xpQ77/aUPyMmpDJWZqQ5qZakOLzGpDvv9qQ/Iya0MlZmtDWJlrQ83Ma0O+/2tD
MzNsQyVmbENYmWxDzcxsQ7//bEMzM21DJWZtQ1iZbUOLzG1DSAFuQ/IybkMlZm5DWJluQ83M
bkO//25D8jJvQ2Zmb0NYmW9Di8xvQw==</AssayXData><AssayYData Points="100">CCC2vhHBnb50G46+iwSIvvKaib5m2Ii+hbqHvvHkiL55Xoq+7wyKvtFFjL6Cko++2PyOvgo4
kL5H6pG+NZKSvqrUk7748JW+dF6Vvv3ilL5d4pS+AIKXvgCcl75fd5m+eWeZvr1rmL5NoZu+
NaGZvu/1m77shZu+oRuevl6/nr5O6Z2+ojSgvs47ob7JfqC+eEygviRfob4By6K+B4ehvuLU
or6h0aK+yhaivnLOo74yNqO+by2kvg8qpb5u8aG+zpikvtospr4j16a+SpClvvXrpr5O7Ke+
rEynviOPpr66FKi+UU6pvhIPqb7Vcae+JoCpvhWMqb775qu+YOCovmyIrL6W5qy+x8SqvmA0
rL5MYKy+SuuqvoS1qr6UEq2+xD6uvna6qr47+62+3lSuvpLorr6VQa2++iSuvlDvrr4rF6++
JLevvhxNsL5MFq++j9CuvgJfsb6VBrG+g0uwvk+ds77DErK++rOyvoXPsr7fRLO+bjmxvuHB
sr4aP7O+A+O0voBxs76owbK+bGazvg==</AssayYData></Step><Step><CommonData><SampleLocation>1</SampleLocation><SampleID>Running Buffer</SampleID><SampleGroup></SampleGroup><SampleInfo></SampleInfo><SampleRow>C</SampleRow><SamplePlate>1</SamplePlate><WellType>BUFFER</WellType><Concentration>-1</Concentration><ConcentrationUnits>µg/ml</ConcentrationUnits><MolarConcentration>-1</MolarConcentration><MolarConcUnits>nM</MolarConcUnits><MolecularWeight>-1</MolecularWeight><Temperature>30</Temperature><StartTime>284966</StartTime><AssayTime>20</AssayTime></CommonData><FlowRate>1000</FlowRate><StepType>CUSTOM</StepType><StepName>condition</StepName><StepStatus>OK</StepStatus><ActualTime>19.999</ActualTime><CycleTime>0.2</CycleTime><AssayXData Points="100">vv9vQ7AycEPjZXBDFplwQ0nMcEO+/3BDsDJxQ+NlcUMWmXFDScxxQ3z/cUPxMnJDJGZyQxaZ
ckNJzHJDfP9yQ/Eyc0PjZXNDFplzQ4vMc0O+/3NDsDJ0Q+NldENYmXRDi8x0Q3z/dEOwMnVD
JGZ1Q1iZdUOLzHVDfP91Q/EydkMkZnZDWJl2Q4vMdkO+/3ZD8TJ3QyRmd0NYmXdDi8x3Q77/
d0PxMnhD42V4Q1iZeEOLzHhDvv94Q/EyeUPvZ3lDWJl5Q4vMeUO+/3lD8TJ6QyRmekNYmXpD
i8x6Q77/ekPxMntDJGZ7Q1iZe0OLzHtDvv97Q/EyfEMkZnxDWJl8Q4vMfEO+/3xD8TJ9Q+Nl
fUMWmX1Di8x9Q77/fUPxMn5D42V+Q1iZfkNJzH5Dvv9+Q/Eyf0MkZn9DWJl/Q4vMf0O+/39D
eBmAQxIzgEOrTIBDRWaAQ95/gEN4mYBDErOAQ4vMgEMk5oBD3v+AQ3gZgUPxMoFDi0yBQ0Vm
gUPef4FDV5mBQ/GygUOLzIFDJOaBQw==</AssayXData><AssayYData Points="100">jKsEPnFurT2vN289OOEzPVWEGz3zExc9prIQPfP/AT2a2AI99YATPcDxFD0twx89DhMRPd/A
Bz3GriM9DqIfPbDFMD0kHDQ93ggvPbrsHz2BOTM971k2PRXAOj0oLyw9FyU2Pf0bPT2xjDo9
ZZg4PRP3OD1tiEI9VLU+PbaXUT16fE49Yc5JPZHKQT1xWEY95cFLPWC9RT0+oVA9JNVUPSSA
Tz0pj1g9pQdcPZPBUj1YR2E9nItkPSs2Tz1llVs9yt5bPXz2Wz2+CGA9Go1WPdKMVz2I5lY9
C9pdPRopUj00VmU9bgtWPfVxWj2Hr2E9xCpiPbwYZT0CZlM9EhlRPcmFXD2i5Gk9R/BePWoo
Yz2MJW89QTpnPcsrZT2jcFQ9WxBMPY4/Zz3vA3U93IpwPRwCcT1ExWY9UqVsPQ0EdT0x6oA9
lTl2Pf5EZj1zD4A9o6VwPcVoaT38Kmo9GP5uPU6Xej3k5IA9NuBjPQrZej0ABXY9ntp/PY2t
dj0QfXU9ojZ3PfC0ZT0zs3c9zOR3PQ==</AssayYData></Step><Step><CommonData><SampleLocation>2</SampleLocation><SampleID>10mM Glycine pH1.7</SampleID><SampleGroup></SampleGroup><SampleInfo>or other Regeneration solution</SampleInfo><SampleRow>C</SampleRow><SamplePlate>1</SamplePlate><WellType>REGENERATION</WellType><Concentration>-1</Concentration><ConcentrationUnits>µg/ml</ConcentrationUnits><MolarConcentration>-1</MolarConcentration><MolarConcUnits>nM</MolarConcUnits><MolecularWeight>-1</MolecularWeight><Temperature>30</Temperature><StartTime>310591</StartTime><AssayTime>20</AssayTime></CommonData><FlowRate>1000</FlowRate><StepType>CUSTOM</StepType><StepName>condition</StepName><StepStatus>OK</StepStatus><ActualTime>20</ActualTime><CycleTime>0.2</CycleTime><AssayXData Points="100">vv+BQ1gZgkPQMoJDi0yCQ2ZmgkO+f4JDWJmCQ/GygkNqzIJDJOaCQ53/gkNYGYND8TKDQ4tM
g0MEZoNDvn+DQ1iZg0PxsoNDi8yDQwTmg0Od/4NDWBmEQ/EyhEOLTIRDJGaEQ75/hENYmYRD
0LKEQ6zMhEMk5oRDvv+EQ1gZhUPQMoVDcE2FQwRmhUOdf4VDWJmFQ7y0hUNqzIVDJOaFQ53/
hUNYGYZD8TKGQ4tMhkMkZoZDnX+GQ1iZhkPxsoZDi8yGQyTmhkO+/4ZDWBmHQ/Eyh0OLTIdD
BGaHQ75/h0NYmYdD0LKHQ2rMh0ME5odDnf+HQ1gZiEPQMohDrEyIQwRmiEO+f4hDN5mIQ9Cy
iENqzIhDBOaIQ53/iENYGYlD0DKJQ2pMiUMkZolDnX+JQ1iZiUPQsolDasyJQwTmiUO+/4lD
NxmKQ9AyikNqTIpDJGaKQ51/ikM3mYpD0LKKQ2rMikME5opD3/+KQzcZi0PQMotDakyLQyRm
i0O+f4tDWJmLQ9Cyi0NqzItDJOaLQw==</AssayXData><AssayYData Points="100">0brWvpLHvL63z6e+vxyevuzSnL5Y3p++7ZWfvnPaoL587aW+XWOjvvvKo74pvaa+P3ilvgNR
qr51/qi+GIyovsyDp76P4au+EPWrvrVfrr4ZdKy+zdysvhyarr5Onay+tRGwvtYvsb6PuLC+
koexvi9dsb6zC7G+Omi0vgbIsr76U7O+XFayvh4htL4jUrK+/6m0vsA2tb6r4LW+ZOO2vqG7
tL4wBre+0ee1vlb3tb7WGLi+M3K5vmhSt76Imre+gAe5vkSIt76dyLm+JSa6vk6eu77G4bq+
nkm6vlv5ub4fibq+Rsa5vmMwvb7DdLy+UeS7voKUvr5Zl7u+SGa+vnyfvb41wL6+SwW+vp6d
vr7+nr2+xaO9vv3EwL51+ry+d+C/vjXQvb4VLr++WQ2+vlsev77sVsC+GdLAvlVmv74IX8C+
ypy/vmVXv763VsK+rUPBvszKwL498cC+VyrBvu+bwb7Xf8G+flfCvodGwb7g1MO+1DzDvnyI
w74TEMK+lHfCvqaJxL4c8MS+Z9DCvg==</AssayYData></Step><Step><CommonData><SampleLocation>1</SampleLocation><SampleID>Running Buffer</SampleID><SampleGroup></SampleGroup><SampleInfo></SampleInfo><SampleRow>C</SampleRow><SamplePlate>1</SamplePlate><WellType>BUFFER</WellType><Concentration>-1</Concentration><ConcentrationUnits>µg/ml</ConcentrationUnits><MolarConcentration>-1</MolarConcentration><MolarConcUnits>nM</MolarConcUnits><MolecularWeight>-1</MolecularWeight><Temperature>30</Temperature><StartTime>336396</StartTime><AssayTime>20</AssayTime></CommonData><FlowRate>1000</FlowRate><StepType>CUSTOM</StepType><StepName>condition</StepName><StepStatus>OK</StepStatus><ActualTime>20</ActualTime><CycleTime>0.2</CycleTime><AssayXData Points="100">vv+LQ1gZjEPQMoxDakyMQ8hmjEOdf4xDN5mMQ9CyjEOszIxDBOaMQ77/jEM3GY1D0DKNQ2pM
jUMEZo1DnX+NQzeZjUPxso1DasyNQyTmjUO+/41DNxmOQ/EyjkN2To5DBGaOQ99/jkM3mY5D
8bKOQ4vMjkME5o5DAACPQzcZj0PxMo9DakyPQwRmj0O+f49DN5mPQ9Cyj0OLzI9DBOaPQ77/
j0M3GZBD0DKQQ4tMkEMEZpBDnX+QQzeZkEPQspBDi8yQQwTmkEOd/5BDNxmRQ/EykUOLTJFD
BGaRQ51/kUNYmZFD0LKRQ2rMkUMk5pFDgwCSQzcZkkPxMpJDi0ySQyRmkkOdf5JDN5mSQ9Cy
kkNqzJJDBOaSQ77/kkNYGZND8TKTQ4tMk0MkZpND5YCTQ1iZk0PxspNDi8yTQyTmk0O+/5ND
WBmUQ/EylEOLTJRDJGaUQ75/lENYmZRD8bKUQ4vMlEMk5pRDvv+UQ1gZlUPxMpVDi0yVQyRm
lUO+f5VDWJmVQ/GylUOLzJVDJOaVQw==</AssayXData><AssayYData Points="100">iW3BPRubYz1Ayik9qvz6PI8YvjxWKcM89vaxPKrtnTwTcak8uPfCPExFtzwcWs88XZjMPKLk
4Tzg1/w8saTfPIzq8zxyqv88q0jvPAmb8zzsAfE8xI4EPYOzET0Lav08MhIHPcdkED1/dfI8
0joSPfxaEj32exk9ABIXPWKuHz1RlA49QmMPPcHcDT1OtxM9fVUjPSijHD2z4Rc94ekhPQ4i
Jz0SrR49QYAfPRZNFz12nSU9xdEkPRZSID1EOhQ9MxAzPYOZKz1Ecig9BP8sPf7CPD0hDiM9
PswePbvKLj1oQCo94pwwPc7uNz115iw9UKMyPZE0PT0xvTU93Lg0PbzvMz2/Qzc9tJ4tPShy
OT307Dg9BCImPf6VLT0EYUY9vvxEPfgMOT0qSDU9bUQxPZoDNj2nQTY9FHNFPeNSTD0bNCs9
xxZKPbKKPT1/gkg9LmZCPU0aSD0/xEs9+5NRPQvhRz3cLD89lmRFPc/NOj2Jgj89csI7PY4n
VD1LLlI9m3w7PT9aRT1Q3EU9m3JIPQ==</AssayYData></Step><Step><CommonData><SampleLocation>3</SampleLocation><SampleID>Running Buffer</SampleID><SampleGroup></SampleGroup><SampleInfo></SampleInfo><SampleRow>C</SampleRow><SamplePlate>1</SamplePlate><WellType>BUFFER</WellType><Concentration>-1</Concentration><ConcentrationUnits>µg/ml</ConcentrationUnits><MolarConcentration>-1</MolarConcentration><MolarConcUnits>nM</MolarConcUnits><MolecularWeight>-1</MolecularWeight><Temperature>30</Temperature><StartTime>362695</StartTime><AssayTime>120</AssayTime></CommonData><FlowRate>1000</FlowRate><StepType>BASELINE</StepType><StepName>Baseline 120</StepName><StepStatus>OK</StepStatus><ActualTime>120</ActualTime><CycleTime>0.2</CycleTime><AssayXData Points="600">vv+VQzcZlkPxMpZDi0yWQyRmlkO+f5ZDWJmWQ/GylkOLzJZDJOaWQ77/lkNYGZdD0DKXQ8xM
l0MkZpdDnX+XQzeZl0PxspdDi8yXQyTml0O+/5dDWBmYQ/EymEOLTJhDJGaYQ75/mENYmZhD
8bKYQ4vMmEMk5phDnf+YQ1gZmUPxMplDakyZQwRmmUO+f5lDN5mZQ/GymUNqzJlDBOaZQ77/
mUM3GZpDlTOaQ4tMmkMkZppDvn+aQzeZmkPxsppDasyaQwTmmkOd/5pDNxmbQ7Yzm0NqTJtD
BGabQ51/m0NYmZtD0LKbQ4vMm0Mk5ptDnf+bQzcZnEPQMpxDakycQyRmnEOjgJxDN5mcQ9Cy
nENqzJxDJOacQ77/nEM3GZ1D8TKdQ4tMnUMkZp1Dvn+dQzeZnUPQsp1DasydQwTmnUOd/51D
NxmeQ9AynkNqTJ5DBGaeQ75/nkNYmZ5D0LKeQ2rMnkME5p5Dvv+eQ1gZn0PQMp9DakyfQwRm
n0ODgJ9DN5mfQ9Cyn0NqzJ9DBOafQ53/n0NYGaBD0DKgQ2pMoEMEZqBDvn+gQ1iZoEPxsqBD
zMygQ2bmoEO+/6BDWBmhQ9AyoUOLTKFDJGahQ75/oUNYmaFD0LKhQ4vMoUNF5qFDvv+hQ1gZ
okPxMqJDi0yiQyRmokO+f6JD25miQ/GyokOLzKJDJOaiQy0Co0NYGaND8TKjQ4tMo0MkZqND
vn+jQ1iZo0PQsqNDi8yjQyTmo0O+/6NDWBmkQ/EypEMvTaRDJGakQ75/pENYmaRDErOkQw7N
pEMk5qRDvv+kQ1gZpUPxMqVDi0ylQwRmpUO+f6VDWJmlQ9CypUOLzKVDJOalQ77/pUNYGaZD
0DKmQ4tMpkMEZqZDxICmQ1iZpkPQsqZDi8ymQyTmpkO+/6ZDNxmnQ/Eyp0OLTKdDBGanQ75/
p0M3madD0LKnQ4vMp0Mk5qdDvv+nQ3gZqEPxMqhDakyoQwRmqEOdf6hDeJmoQ5WzqEOLzKhD
JOaoQ77/qEM3GalD0DKpQ4tMqUMkZqlDvn+pQ1iZqUPQsqlDi8ypQwTmqUOd/6lDNxmqQ/Ey
qkNqTKpDJGaqQ51/qkNYmapD8bKqQ8zMqkMk5qpDnf+qQzcZq0PQMqtDi0yrQwRmq0Odf6tD
N5mrQ/Gyq0NqzKtDBOarQ77/q0M3GaxD0DKsQ2pMrEMEZqxDvn+sQzeZrEPxsqxDi8ysQwTm
rEOd/6xDNxmtQ9AyrUOLTK1DBGatQ51/rUM3ma1D8bKtQ4vMrUME5q1Dnf+tQ1gZrkPQMq5D
akyuQyRmrkOdf65DN5muQ9CyrkOszK5DBOauQ77/rkM3Ga9D8TKvQ2pMr0MkZq9DnX+vQzeZ
r0PQsq9Di8yvQwTmr0O+/69DWBmwQ/EysEOLTLBDJGawQ75/sENYmbBD8bKwQ4vMsEMk5rBD
vv+wQ1gZsUPxMrFDIFCxQyRmsUO+f7FDWJmxQ/GysUNqzLFDJOaxQ77/sUNYGbJD0DKyQ4tM
skMkZrJDvn+yQ1iZskPxsrJDasyyQwTmskO+/7JDWBmzQ/Eys0NqTLNDJGazQ51/s0NYmbND
8bKzQ4vMs0Oo5rNDvv+zQzcZtEPxMrRDaky0Q2ZmtEO+f7RDWJm0Q9CytENqzLRDBOa0Q77/
tENYGbVDdDO1Q4tMtUMkZrVDnX+1Q1iZtUPQsrVDasy1QyTmtUOd/7VDNxm2Q/EytkNqTLZD
JGa2Q51/tkNYmbZD0LK2Q4vMtkMk5rZDnf+2QzcZt0PQMrdDaky3QwRmt0O+f7dDN5m3Q/Gy
t0MvzbdDBOa3Q+UAuEPAGrhD0DK4Q2pMuEMEZrhDnX+4Q1iZuEPxsrhDi8y4QwTmuEO+/7hD
Nxm5Q9AyuUNqTLlDBGa5Q51/uUNYmblD0LK5Q2rMuUME5rlDvv+5Q1gZukPQMrpDaky6QyRm
ukOdf7pDWJm6Q9CyukNqzLpDBOa6Q77/ukM3GbtD0DK7Q2pMu0MEZrtDnX+7QzeZu0N0s7tD
asy7Q2bmu0Od/7tDNxm8QzMzvENqTLxDBGa8Q51/vENYmbxD8bK8Q2rMvEME5rxDnf+8QzcZ
vUPQMr1Di0y9Q0VmvUOdf71DN5m9Q/GyvUNqzL1DBOa9Q77/vUNYGb5D8TK+Q4tMvkMkZr5D
vn++Q1iZvkPxsr5Di8y+QyTmvkO+/75DWBm/Q/Eyv0OLTL9DJGa/Q75/v0NYmb9D8bK/Q2rM
v0Mk5r9Dnf+/Q1gZwEPxMsBDakzAQyRmwEO+f8BDN5nAQ/GywEPtzMBDJObAQ77/wENYGcFD
8TLBQ4tMwUMkZsFDvn/BQ1iZwUPxssFDi8zBQyTmwUO+/8FDahzCQ/EywkNqTMJDJGbCQ51/
wkNYmcJD8bLCQ4vMwkMk5sJDvv/CQ1gZw0PQMsNDi0zDQwRmw0O+f8NDN5nDQ/Gyw0OLzMND
BObDQ77/w0M3GcRD0DLEQ2pMxEMkZsRDvn/EQzeZxEPxssRDaszEQyTmxEO+/8RDWBnFQxIz
xUOLTMVDBGbFQ75/xUM3mcVD8bLFQ2rMxUMk5sVDvv/FQ1gZxkPQMsZDi0zGQwRmxkOdf8ZD
WJnGQ9CyxkOLzMZDBObGQ77/xkM3GcdD0DLHQ2pMx0MkZsdDvn/HQzeZx0PQssdDaszHQ+nm
x0O+/8dDWBnIQ9AyyENqTMhDBGbIQ51/yEM3mchD0LLIQ2rMyEME5shDvv/IQ1gZyUPQMslD
akzJQwRmyUOdf8lDN5nJQ/GyyUNqzMlDBObJQ53/yUM3GcpD8TLKQ2pMykMEZspDnX/KQzeZ
ykPxsspDaszKQyTmykOd/8pDNxnLQ9Ayy0NqTMtDJGbLQ99/y0M3mctD8bLLQ2rMy0ME5stD
vv/LQ3gZzEPxMsxDi0zMQyRmzEO+f8xDmZnMQ/GyzEOLzMxDBObMQ77/zENYGc1D8TLNQ4tM
zUMkZs1Dvn/NQ1iZzUPxss1DaszNQyTmzUO+/81DWBnOQ/EyzkOLTM5DJGbOQ75/zkNYmc5D
8bLOQ4vMzkMk5s5Dvv/OQ1gZz0PxMs9Di0zPQyRmz0O+f89DN5nPQ/Gyz0NqzM9DBObPQ77/
z0NYGdBD8TLQQ4tM0EMEZtBDvn/QQ1iZ0EPxstBDi8zQQyTm0EO+/9BDWBnRQ/Ey0UNqTNFD
JGbRQ75/0UNYmdFD8bLRQ4vM0UMk5tFD</AssayXData><AssayYData Points="600">vTQZPb6fID0C7iM9JoIrPZ3sND1SNi89rA1DPQVEOz19tyc9GJU8PWuYND3yg009WKRMPYC4
RT3OsUM9mqtRPaO4Qz21R0U9vdxRPdICVz3LJFU9+sphPRXPYj0zCEc9njBZPUHoWT2Mj2I9
4ftfPRWlTT3IaFk95b9WPUyJYj2++lc9IEBePa8IXz3onF897HBhPfk0Vz20WmM9gIhZPRyp
Zj07PGY97SVSPVGNaz0gJ1o9LMdePQEiWj2Ztlc942tpPVXPYj2hl2g9dspZPXAJdT3ehGA9
XKNrPXR0Zz3UyXE9WQ96PXCYdj2irmM9s1R5PQ6daT0YDGs9NSBrPYG/bj0yqXc9jvNpPQvb
cj0iong94113PSg1bT1xNns9G1l5PcKZgD1XPII9LJNyPVEjgD3CA3k9H2x3PRbqdT0gt389
GQZ9PU6SdD1S7HQ9SSWHPc2VcT19uH097n+APZ7Vfj19LYA9SSRyPXWkcj1gsng9apF/PQ41
hD3BwoE9amJ8PakuhD0aFXs9MpiBPQ7ahD37zIM9STyAPYLBgT1vtIc9fzZ4PcHZgz3+DIQ9
dwiCPQWSgz2oCYY91fWDPVykhj0gSY49bgeIPX28ij1LNII9iCmIPXLpjD3zj4U9KQ+HPc6c
iD15nIU9vjCMPblCiz1C8409brqEPWoMiD3nPIk9rgmGPRdEiz0JSYk9dQGPPXCyiD2V8Ig9
C2uEPbBziD3Mn4491LmPPfLLiz15eY49fhmPPd3lij3gZ449OyGPPTVHiD0CmIs9TOSSPegi
jD2Mp4w9bhGRPfDdlT2ZvpE9scyLPU+/jT22o4g9E2qLPRBDjD3yr5M9XUGSPVhSij2a75E9
9VGXPdNLkj3hW5M92V6SPdysjj0+GJE9xiGWPTHdjT1VDJ09XzKQPatwlj3GI5c9iaiVPR96
jT1ZRpo9zXiXPUdxij2ZNJI9xCmTPW7BnT3yRZE9IV+bPTO7lj0q4KE9aJ+fPXDOlj3anJE9
nR2WPR1xlj3+AJY9d6SaPcezkz19ypE9deaTPdzqoT17LJU92c+ePXJGlD0vYZs9lNiZPaNm
lD0ze5s9ts2cPUsDmD0EtZ09W7abPVfvkD1IJZw9oJyTPV/Rmz0PKps947CWPc/gmj1khpk9
o4mdPW+snD2Sc589IuCXPWsHoD19OaE9WmGZPSy9nj0x0Zo9HAqTPfJznz1v9qA9iNSfPTDE
pD0B0pg9oXGcPbEClz3vHZ89e8ykPS5dnD2lZ6U9npibPTd1nD2RGaU9JOKkPR2hoD08gKI9
lm6ePbfTqD2kbqE91wWgPcsWmD2Ecpw9NkOnPfNwmz1RTaY9xQKfPf+fnT1YwqM9pYqlPS4W
nj3msqo9nJ2ePdV5pD0E0509MeSoPRREoD3HZJ494sOkPUH8nj3fr6E9Gw+lPWf4pD3FeKc9
BIyjPaqloj2tvKM9ptaiPSoVqD0UQ589NParPSY9oT18xKw9zgelPb/sqD2KBqI9oHioPQu6
pz3k8qY9NryePWbVqT2Lkag9OzaoPaAMqz3Yvqc9+BOoPTWLqz0S4649nzmtPaLqpj07lKw9
y+6pPWXApz0hhKY9CnCkPVxNsT3gx6c9+K+tPTxerD17+qo9gv6rPZE3rD1aW6w9lu+uPXbR
rj2nqLI9zpKkPVaLrT2CQ689Ka22PWO4sD2x7LI9xTeoPcGRrD2cObA9zZ6wPQhgsD07xrA9
vpi4Pbb9rT0KKa09O/axPWu6rz2yf7Q9h9+1PXnRtD3lObE91+uxPTIesD1Nwq49x0q3PULI
sD1ffq09ulOrPZtJtT3R4bA9Jw27PbCdsz3hu689N+6vPaQ6sD0XYbQ9SSO4Panlsz1yY7M9
SL62PfU4tj150rg9eCW7PTRZtj3YKrU94Ae1Pd2ktD37J64914WyPaL7sj1NBbI91z+1PZ6s
sz0BkLc9bXKxPX8duT3zaq89ChKyPR6gtz1lk7s9bgO7PTBytj37y7Q9rVq2PTqkuj2nZbU9
H8S2PZTYtT1+s7w96kO6PWgctz1ndrU93pi7PeA+vT3L0bU9TiK1PcI3uz0mUrg9eBLFPfNn
tz1W5bk950rBPf/QtT1iRrk9CxHAPRBcuj0xMbk9r0TAPYaJtz2jk7g9gQ+6PWRztz1USrY9
81C8PdD8uD0Bab09+lCwPelnuT3t6bY9Xs/BPVyvuT3SO7o9tgi7PXtctz0NHrg9Rcy8PT7p
vj2NU7s9f+C8PfQqvj2cu7c9wwe9PbFIvD0Pl8M9AN65PVW1vz34/b09j+O+PRmAvD1u/709
+DLBPWjEvD1jn7490Dy9PRZkvj0eG8E9/Tm9PYhdvD0SRcU9QFq8PbxZwz0+usA9q/3CPShL
wz16W8A9brm9Pbt2wT1zv8Q9Q87GPWp4zD2WrcE9labBPcVNwj10XsQ966vLPVqlwD3PisI9
in7EPV7QxD3+k8Q9nHXGPWvmwT3zGr89Dv+/Pd+mwT3szr89fGLJPdhhyD0RnMM9d27OPRts
uj2G18U9PH/HPRHFyj15FM89sfC/PaRjxD1iV8M9Pe/FPUzUxD0OO8M9BfnFPf1lwj0jQM89
5YvGPaU2xj0bHMY9GErEPYzyyj1H0809nCTHPYcP0T1Nlcs9BUHIPUuHzz0XzsY9D7LHPUEC
xj2WWdA9XGDMPXPgyj0N1cQ9m/7LPRCvyz12Zss9ufLNPfJTyz0+xMg9qCDPPfs9zD04fsg9
qjfQPbyYzj3XAck9v6jUPemnzD2Yj8o9vJ/UPdaEzT0XRM49uHXOPXI5xz0QOs89jYTMPWbR
0D1Pgs49Tu3MPX/B1D00yNI9DbnOPfeIyz1Bo8w9NOrOPRENzz0vTtM9czzSPSYx1j2uf9o9
pjrMPVh72D1r89E90RfQPRiD0T0aUtg95y/WPUprxz28+dQ9i57QPbs21T1Q+M89X8fOPS/2
0z2tvtA9+4jSPVUm2z2Lh9Q914LTPReo0z1GrtY9817VPdDazD0uosc9RVjMPRbV2T3ks8Q9
H9DaPdzUzT3oSsw9i3bWPbAp2D3ns9I9mifWPfCnzT3wOM09DbvTPfnP1T2ppto9fCnVPVQ0
zD0wLtg9IsLVPUor0j3Zl9M923LRPVDL3D2Px9E9VwDWPQZj1j2p+NA9WcXUPWbX0T1ILtY9
HlHbPVVG1j3WbNY9LEjVPY7H2D3kRtc9</AssayYData></Step><Step><CommonData><SampleLocation>4</SampleLocation><SampleID>AB</SampleID><SampleGroup></SampleGroup><SampleInfo>in Running Buffer</SampleInfo><SampleRow>C</SampleRow><SamplePlate>1</SamplePlate><WellType>KLOAD</WellType><Concentration>5</Concentration><ConcentrationUnits>µg/ml</ConcentrationUnits><MolarConcentration>5000</MolarConcentration><MolarConcUnits>nM</MolarConcUnits><MolecularWeight>-1</MolecularWeight><Temperature>30</Temperature><StartTime>489660</StartTime><AssayTime>20</AssayTime></CommonData><FlowRate>1000</FlowRate><StepType>LOADING</StepType><StepName>Loading</StepName><StepStatus>OK</StepStatus><ActualTime>20</ActualTime><CycleTime>0.2</CycleTime><AssayXData Points="100">vv/RQ1gZ0kPQMtJDi0zSQwRm0kO+f9JDN5nSQ/Gy0kOLzNJDBObSQ77/0kNYGdND8TLTQ2pM
00MkZtNDnX/TQ1iZ00PQstNDi8zTQwTm00O+/9NDWBnUQ9Ay1ENqTNRDBGbUQ51/1EM3mdRD
8bLUQ4vM1EMk5tRDvv/UQ5kZ1UPxMtVDakzVQyRm1UOdf9VDN5nVQ/Gy1UNqzNVDJObVQ77/
1UM3GdZD0DLWQ4tM1kMkZtZDnX/WQzeZ1kPQstZDaszWQwTm1kOd/9ZDNxnXQ/Ey10NqTNdD
JGbXQ51/10M3mddD0LLXQ2rM10Mk5tdDnf/XQzcZ2EPQMthDi0zYQwRm2EOdf9hDN5nYQ9Cy
2ENqzNhDBObYQ53/2EM3GdlDEjPZQ4tM2UMEZtlDnX/ZQzeZ2UPxstlDi8zZQwTm2UO+/9lD
NxnaQ/Ey2kOLTNpDBGbaQ75/2kNYmdpD8bLaQ4vM2kMk5tpDvv/aQ1gZ20PxMttDi0zbQyRm
20O+f9tDWJnbQ/Gy20OLzNtDJObbQw==</AssayXData><AssayYData Points="100">Y1PfPTvQ/T23FgQ+xZ0MPq1tFD4aEBo+bPgjPjeoJT7iizA+KfQ1PpeMPD4qqT8++itHPvA0
TT5julU+KvZZPoRMYz6A0Wg+f2dqPh09cz5KdHg+aEmAPhK2gz5PnYc+bD6JPmLmjD4WWY4+
lNSRPkvPlT6mVJs+1NmcPjGzoD4tPKI+hwynPowkqT6mf6s+G1SxPs45sz4uxbY+GXC5PqCO
uj7ksr4+0bfDPo7dxj7kC8k+Kn7MPtbDzj7E59E+RyTVPpFS2D4In9w+f3fcPml34T7/3uU+
bDzoPsqp6T57i+4+5mnwPtYk9D7pW/Y+c734PjEF/T6Nqv8+z3MCP2vRAj/aUAQ/zzAGPwO2
Bz/UuQg/XNwKP8/6DD/0OA4/68kQP9jVED/YTxI/4vcTPxdCFT8DCRc/e1caP+IgGj92pRw/
K6UeP1uBHz9QayE/O/8hP3WOJD9WfCQ/47QmP7ICKD+EeCk/oXIrP44KLT+2mi0/ItEvP6DP
MT8nmTM/fbE0P+dpNj8kKzc/6fQ3Pw==</AssayYData></Step><Step><CommonData><SampleLocation>5</SampleLocation><SampleID>AA</SampleID><SampleGroup></SampleGroup><SampleInfo></SampleInfo><SampleRow>C</SampleRow><SamplePlate>1</SamplePlate><WellType>BUFFER</WellType><Concentration>2.5</Concentration><ConcentrationUnits>µg/ml</ConcentrationUnits><MolarConcentration>2500</MolarConcentration><MolarConcUnits>nM</MolarConcUnits><MolecularWeight>-1</MolecularWeight><Temperature>30</Temperature><StartTime>516958</StartTime><AssayTime>60</AssayTime></CommonData><FlowRate>1000</FlowRate><StepType>BASELINE</StepType><StepName>Baseline 60</StepName><StepStatus>OK</StepStatus><ActualTime>60</ActualTime><CycleTime>0.2</CycleTime><AssayXData Points="300">vv/bQ1gZ3EPQMtxDi0zcQyRm3EO+f9xDN5ncQ/Gy3EOLzNxDBObcQ77/3ENYGd1D8TLdQ4tM
3UMkZt1DnX/dQ1iZ3UPQst1DaszdQwTm3UO+/91DWBneQ9Ay3kNqTN5DJGbeQ75/3kNYmd5D
0LLeQ4vM3kMk5t5Dvv/eQ1gZ30PxMt9DakzfQyRm30O+f99DeJnfQ9Cy30OLzN9DBObfQ53/
30O6GeBD8TLgQ2pM4EMEZuBDnX/gQzeZ4EPxsuBDi8zgQwTm4EOqAeFDWBnhQ/Ey4UOLTOFD
JGbhQ51/4UNYmeFD8bLhQ4vM4UMk5uFDvv/hQ1gZ4kPQMuJDDk3iQwRm4kOdf+JDN5niQ9Cy
4kNqzOJDJObiQ77/4kNYGeND8TLjQ4tM40MEZuND33/jQ1iZ40PQsuNDaszjQyTm40Od/+ND
NxnkQ9Ay5EOLTORDRWbkQ75/5EM3meRD0LLkQ2rM5EME5uRDvv/kQzcZ5UPQMuVDzEzlQwRm
5UOdf+VDN5nlQ9Cy5UOLzOVDBOblQ53/5UM3GeZD0DLmQ2pM5kMEZuZDnX/mQzeZ5kPQsuZD
aszmQyTm5kNBAOdDWBnnQ9Ay50NqTOdDJGbnQ51/50NYmedD8bLnQ2rM50Mk5udDvv/nQ1gZ
6EPxMuhDakzoQyRm6EO+f+hDWJnoQ/Gy6EOLzOhDJOboQ77/6ENYGelD8TLpQ4tM6UMkZulD
vn/pQ1iZ6UPxsulDi8zpQyTm6UO+/+lDmRnqQ9Ay6kOLTOpDJGbqQ75/6kNYmepD8bLqQ2rM
6kMk5upDvv/qQ1gZ60PxMutDi0zrQyRm60O+f+tDWJnrQ9Cy60OLzOtDBObrQ77/60NYGexD
8TLsQ2pM7EMkZuxDnX/sQzeZ7EPxsuxDaszsQyTm7EMmAe1DWBntQ/Ey7UOLTO1DJGbtQ51/
7UNYme1D0LLtQ4vM7UMk5u1Dvv/tQ1gZ7kPQMu5DakzuQwRm7kO+f+5DN5nuQ9Cy7kNqzO5D
BObuQ53/7kM3Ge9D8TLvQ4tM70MkZu9Dvn/vQzeZ70Pxsu9DaszvQwTm70Od/+9DNxnwQ/Ey
8ENqTPBDBGbwQ51/8EM3mfBD8bLwQ4vM8EME5vBDvv/wQzcZ8UPQMvFDi0zxQyRm8UO+f/FD
WJnxQ/Gy8UNqzPFDJObxQ53/8UM3GfJD0DLyQ4tM8kMEZvJDnX/yQzeZ8kObtPJDaszyQwTm
8kO+//JDmRnzQ/Ey80NqTPNDJGbzQ51/80M3mfND0LLzQ2rM80ME5vNDvv/zQ1gZ9EPQMvRD
akz0QwRm9ENogfRDN5n0Q9Cy9ENqzPRDBOb0Q77/9ENYGfVD8TL1Q2pM9UMEZvVDvn/1QzeZ
9UPQsvVDi8z1QwTm9UO+//VDmRn2Q9Ay9kOLTPZDRWb2Q75/9kNYmfZD8bL2Q4vM9kMk5vZD
/gT3Q1gZ90PxMvdDi0z3QyRm90O+f/dDWJn3Q/Gy90OLzPdDJOb3Q77/90NYGfhD8TL4Q4tM
+EMkZvhDvn/4Q1iZ+EPQsvhDi8z4QwTm+EO+//hDWBn5Q/Ey+UOLTPlDJGb5Q75/+UNYmflD
17P5Q2rM+UMk5vlD</AssayXData><AssayYData Points="300">AR+YP6WwmT96RZo//ImaP3YWmj9dBJo/jcSZP0pdmT9R9Zk/dXmZPxtmmT+Xn5k/WIGZP3Ho
mD+pWZk/eXeZPwv5mD+Vcpk/fpSZPxFfmT8gCZk/TuGYPwOMmD8Ywpg/yVuYPwKFmD95K5g/
9WSYP7wEmD96NJg/OzOYP3WRlz8AHpg/uEeYP4dylz/NG5g/c4uXP8gnlz919JY/RQSXPx+a
lj9s7JY/gnCWPziYlj8rWpY/MTWWPyXclT+31JU/otGVP/GXlT92pJU/ikWVPwnNlD9+fJU/
8KuUPy99lD/nqZQ/r1CUP+HHkz+jSpQ/73WTP4C5kz98C5Q/bhGUP950kz/9XpM/TTCTP/ZH
kz/V7JI/c0WSP0HUkj8HipI/Rn+SP64mkj/Z7pE/I+CRP3Q0kT9bMZE/KuCQPwXdkD/6Y5E/
S1qQP0bJkD+/RZA/vbiQP0z0jz9qgI8/1AiQP8s+jz+omo8/h4iPPwK9jj/WtI4/BDCPPwyO
jj/OiI4/59SOP++vjT/m/I0/2kaOP0DTjT+qR40/G0SNP8tPjT8b6Yw/SVONP32jjD8DrYw/
SoeMP/23jD8Zkos/gEWMP/ADjD8Wgos/ubuLP+6Xiz9Ltos/qxmLPxSzij87too/bMuKP2CK
ij/hHoo/XxCKP2swij836Ik/tLKJP3XfiT8sWIk/llqJP4w/iT+mvYk/XyyJP4uIiD/MnIg/
kaGIP4cBiD9IVYg/6ieIP5zahz/XtIc/76qHP5Ophz+4NYc/MQ+HP/4Fhz8G3YY/7COHP9XK
hj/UjYY/qmyGPxR+hj8Oa4Y/j0qGP+Ithj/4s4U/q9iFP5DlhT+JzIQ/IquEP9nAhD84/YQ/
676EP2K2hD909oM/eaiEP3ANhD/EyoM/7qGDPxLZgz91wIM/tiKDP1BTgz8TSoM/bxCDP3hI
gz+MDoM/J/qCP8Ldgj+eJ4M/Zd+CP83MgT+SNYI/eCyCP681gj+Qt4E/CaOBP42zgT96nYE/
mkWBP8P6gD+7+4A/yxaBP7bSgD/+A4E/tKiAP5o8gD8zxIA/GnOAP4oDfz/zvn8/Zk2AP9yQ
fz8KZH4/NMB+PwMMfj8rzH0/zlh+P01mfT/jAn4/nmt9PyHEfD//kHw/Ws18P2K8ez9ZvHs/
jGJ7P6bIez/hCHo/iLB6P6Yqej/yw3k/6Wd6P7XXeT+MLHk/NQl5P0FxeT8mz3k/TpF4P+My
eT//mHg/0lN4PwgKeD+4hXc/+Bx3P1rPdz8ihHY/vGp3Pyyldj96ZHc/+SZ2P+aNdj9TT3U/
ol11P6wzdT9xbXQ/olx0P9iAcz9eW3M/nD50P6modD9dS3Q/bBlzP0pecj+mHHM/4q1xP95k
cj92bXM/zxhxP0TdcT8DnHI/EYtxP0yDcT+s7HA/BTpwP454cD+5KHA/wqpwP509bz+5mXA/
FZ9vP3VKcD81mW8/WmpvP728bj8JFG4/g8RtP/Anbj/DXW4/RRptPzksbT9TzGw/+41sP2Z7
bD8fVW0/yLtsP37vaz+ReGs/QuNsP4xFbD/lTWs/wflqP7c2aj+48mo/09tqP76MaT/56Gk/
UhhqP1taaj/T7Wk/</AssayYData></Step><Step><CommonData><SampleLocation>6</SampleLocation><SampleID>Running Buffer</SampleID><SampleGroup></SampleGroup><SampleInfo>in Running Buffer</SampleInfo><SampleRow>C</SampleRow><SamplePlate>1</SamplePlate><WellType>BUFFER</WellType><Concentration>-1</Concentration><ConcentrationUnits>µg/ml</ConcentrationUnits><MolarConcentration>-1</MolarConcentration><MolarConcUnits>nM</MolarConcUnits><MolecularWeight>-1</MolecularWeight><Temperature>30</Temperature><StartTime>584771</StartTime><AssayTime>20</AssayTime></CommonData><FlowRate>1000</FlowRate><StepType>BASELINE</StepType><StepName>Baseline 20</StepName><StepStatus>OK</StepStatus><ActualTime>19.999</ActualTime><CycleTime>0.2</CycleTime><AssayXData Points="100">vv/5QzcZ+kPQMvpDi0z6QyRm+kOdf/pDN5n6Q9Cy+kNqzPpDJOb6Q53/+kM3GftD0DL7Q2pM
+0PpZvtDnX/7QzeZ+0PQsvtDasz7Q6fm+0Od//tDNxn8Q9Ay/EOLTPxDJGb8Q51//EM3mfxD
0LL8Q4vM/EME5vxDnf/8Q4sc/UPQMv1Di0z9Q0Vm/UOdf/1DHJr9Q/Gy/UNqzP1DBOb9Q53/
/UN4Gf5D8TL+Q4tM/kMkZv5Dvn/+Q1iZ/kPxsv5Di8z+QyTm/kO+//5DWBn/Q/Ey/0MvTf9D
JGb/Q75//0NYmf9D8bL/Q4vM/0Mk5v9Dnf//Q6wMAESJGQBERSYARBIzAETPPwBErEwARHlZ
AERFZgBEEnMARN9/AESsjABEeZkAREWmAEQSswBEUsAARKzMAER52QBEReYARBLzAETf/wBE
rAwBRHkZAUQ1JgFEEjMBRN8/AUSbTAFEeVkBREVmAUQScwFE338BRKyMAUR5mQFERaYBRAKz
AUTfvwFErMwBRGjZAURF5gFEAvMBRA==</AssayXData><AssayYData Points="100">OvcyP/MVGT8nKAc/ju79PoL19D4/M+4+qxjrPurX6T70Wug+H8LpPkOS6j7GrOo+gDvrPrb3
6D46Veo+8MDoPreV6D5KrOw+wcXrPhOA6z7uIuk+Ki/qPvv46D73MOs+zRfsPq7Z6T49iOs+
yf7sPuyL7D7zV+0+XcDqPoYl7D6p6Oo+iirsPpa+6z6Da+w+kx7tPsWb6j4axOs+ZGvsPjba
6z6Fgeo+oj7sPj6m7D6E+uo+6snsPuAk6z46jOk+4s3qPlwT7D4Vdu0+VgvvPgRb6z5sxuw+
64LrPnEa7D7ARus+gebtPvLw7D4OQOw+shvrPvJD7T7mUew+Z3ftPirm6z7Y4us+TurrPsQv
7T6OGuw+FpfrPnSR7D55B+0+jgHuPv9k7T4lCOw+qqnsPojm7D59SO4+/iDvPuAb7T555O4+
VwLwPt/77j5FVO0+QhfvPkAE8D7l2u0+H/PsPt0W7D4m5es+cjTsPr9f7D7FV+0+VfnsPlqz
7T6vFe4+wRTqPkWC7D480+4+wT7tPg==</AssayYData></Step><Step><CommonData><SampleLocation>7</SampleLocation><SampleID>aKappa 50ug/ml</SampleID><SampleGroup></SampleGroup><SampleInfo></SampleInfo><SampleRow>C</SampleRow><SamplePlate>1</SamplePlate><WellType>KSAMPLE</WellType><Concentration>-1</Concentration><ConcentrationUnits>µg/ml</ConcentrationUnits><MolarConcentration>-1</MolarConcentration><MolarConcUnits>nM</MolarConcUnits><MolecularWeight>-1</MolecularWeight><Temperature>30</Temperature><StartTime>613075</StartTime><AssayTime>120</AssayTime></CommonData><FlowRate>1000</FlowRate><StepType>ASSOC</StepType><StepName>Association</StepName><StepStatus>OK</StepStatus><ActualTime>119.999</ActualTime><CycleTime>0.2</CycleTime><AssayXData Points="600">z/8BRJwMAkRpGQJENSYCRAIzAkS/PwJEnEwCRGlZAkQ1ZgJEE3MCRM9/AkScjAJEaZkCRDWm
AkQCswJEz78CRJzMAkRp2QJENeYCRALzAkTP/wJEnAwDRGkZA0Q1JgNEAjMDRL8/A0ScTANE
u1kDRDVmA0TycgNEz38DRIuMA0RYmQNENaYDRAKzA0S/vwNEnMwDRFjZA0Q15gNEAvMDRM//
A0ScDAREWBkERDUmBEQCMwREzz8ERJxMBERYWQRERmYERERzBETPfwREnIwERGmZBEQlpgRE
ArMERM+/BESczAREmtkERDXmBETy8gREv/8ERIsMBURpGQVENSYFRPIyBUTPPwVEi0wFRFhZ
BUQ1ZgVEAnMFRM9/BUSLjAVEaZkFRCWmBUTysgVEv78FRJzMBURp2QVENeYFRPLyBUS//wVE
iwwGRGkZBkR3JgZE8jIGRL8/BkScTAZEWFkGRCVmBkTycgZEv38GRIuMBkRYmQZEJaYGRAKz
BkTPvwZEi8wGRFjZBkQl5gZE8vIGRM//BkSLDAdEWBkHRCUmB0TyMgdEN0EHRJxMB0RYWQdE
NWYHRBNzB0S/fwdEnIwHRFiZB0QlpgdE8rIHRL+/B0SLzAdEWNkHRCXmB0QC8wdEv/8HRIsM
CES7GQhENSYIRPIyCETPPwhEi0wIRFhZCEQ1ZghEAnMIRL9/CESLjAhEaZkIRCWmCEQCswhE
z78IRIvMCERp2QhENeYIRALzCETP/whEnAwJRGkZCUQ1JglEZDMJRM8/CUScTAlEaVkJRGdm
CUQCcwlEz38JRJyMCURpmQlENaYJRAKzCUTPvwlEnMwJRInZCUQ15glEAvMJRM//CUTdDApE
aRkKRDUmCkQCMwpEzz8KRM1MCkRYWQpENWYKRAJzCkTPfwpEnIwKRGmZCkQ1pgpEArMKRL+/
CkSczApEadkKRDXmCkQC8wpEz/8KRJwMC0RYGQtEdyYLRPIyC0TPPwtEnEwLRFhZC0Q1ZgtE
8nILRM9/C0ScjAtEWJkLRDWmC0QCswtEv78LRJzMC0Rp2QtENeYLRPLyC0S//wtEnAwMRFgZ
DEQlJgxEAjMMRM8/DEScTAxEWFkMRDVmDETycgxEv38MRIuMDERYmQxENaYMRPKyDES/vwxE
i8wMRHnZDEQl5gxE8vIMRL//DEScDA1EqhkNRCUmDUQjMw1Ezz8NRJxMDURYWQ1EJWYNRPJy
DUS/fw1Ei4wNRFiZDUQlpg1E8rINRM+/DUSczA1EadkNRCXmDUTy8g1Ev/8NRIsMDkRYGQ5E
JSYORAIzDkTPPw5Ei0wORFhZDkQlZg5E8nIORL9/DkScjA5EupkORCWmDkTysg5Ez78ORKzM
DkRY2Q5EJeYORPLyDkS//w5EiwwPRHkZD0QlJg9EAjMPRL8/D0SLTA9EeVkPRDVmD0Tycg9E
v38PRIuMD0RYmQ9EJaYPRPKyD0TPvw9EnMwPRGnZD0Q15g9EAvMPRM//D0ScDBBEaRkQRDUm
EEQCMxBEzz8QRJxMEESaWRBENWYQRAJzEETPfxBEnIwQRGmZEEQ1phBEArMQRN+/EESczBBE
adkQRCXmEEQC8xBEIQARRJwMEURpGRFENSYRRAIzEUTPPxFEi0wRRGlZEUQ1ZhFEAnMRRM9/
EUScjBFEWJkRRDWmEUQCsxFEz78RRIvMEUS62RFENeYRRALzEUS//xFEnAwSRGkZEkQ1JhJE
8jISRM8/EkScTBJEaVkSRDVmEkQCcxJEv38SRJyMEkRpmRJENaYSRPKyEkSDwBJEi8wSRFjZ
EkQ15hJEAvMSRL//EkSLDBNEWBkTRCUmE0QCMxNEzz8TRItME0RpWRNENWYTRPJyE0TPfxNE
i4wTRGmZE0QlphNEArMTRM+/E0T+zBNEWNkTRCXmE0QC8xNEz/8TRM0MFERYGRREJSYURPIy
FES/PxREi0wURFhZFEQ1ZhREAnMURM9/FEScjBREWJkURDWmFETyshREv78URIvMFERp2RRE
VuYURPLyFETP/xREiwwVRFgZFUQlJhVE8jIVRL8/FUSLTBVE7FkVRCVmFUTychVEv38VRIuM
FURYmRVEJaYVRAKzFUS/vxVEi8wVRFjZFUQl5hVE8vIVRPD/FUSLDBZEWBkWRCUmFkQCMxZE
zz8WRItMFkRpWRZEJWYWRAJzFkS/fxZEi4wWRFiZFkQlphZE8rIWRM+/FkSLzBZEadkWRDXm
FkQC8xZEz/8WRJwMF0RpGRdENSYXRAIzF0TPPxdErEwXRGlZF0Q1ZhdE8nIXRM9/F0ScjBdE
aZkXRDWmF0QCsxdEz78XRJzMF0Rp2RdENeYXRETzF0TP/xdEnAwYRGkZGEQ1JhhEAjMYRM8/
GEScTBhEaVkYRDVmGEQCcxhEz38YRJyMGERYmRhENaYYRAKzGES/vxhEvcwYRFjZGEQ15hhE
AvMYRL//GESLDBlEaRkZRDUmGUQCMxlEvz8ZRJxMGURpWRlEJWYZRPJyGUS/fxlEnIwZRGmZ
GUQ1phlE8rIZRL+/GUSczBlEadkZRCXmGUQC8xlEz/8ZRIsMGkRYGRpEJSYaRAIzGkS/PxpE
rEwaRGlZGkQ1ZhpE8nIaRL9/GkScjBpEaZkaRDWmGkTyshpEz78aRJzMGkRp2RpENeYaRPLy
GkTP/xpEiwwbRFgZG0QlJhtEAjMbRM8/G0ScTBtEWFkbRDVmG0TychtEv38bRJyMG0RYmRtE
NaYbRPKyG0TPvxtEi8wbRJrZG0Ql5htEAvMbRL//G0SLDBxEWBkcRCUmHETyMhxEvz8cRItM
HERYWRxEJWYcRAJzHES/fxxEi4wcRFiZHEQlphxEE7McRL+/HESLzBxEWNkcRLjmHEQC8xxE
z/8cRIsMHURpGR1EJSYdRAIzHUS/Px1EnEwdRFhZHUQlZh1EAnMdRL9/HUSLjB1EWJkdRDWm
HUQCsx1Ev78dRIvMHURp2R1ENeYdRALzHUTP/x1EnAweRGQbHkQ1Jh5EAjMeRM8/HkScTB5E
aVkeRDVmHkQCcx5Ez38eRJyMHkRpmR5EVqYeRAKzHkS/vx5EnMweRFjZHkQ15h5EAvMeRL//
HkScDB9EaRkfRDUmH0QCMx9Ezz8fRItMH0RpWR9ENWYfRAJzH0RCgB9Ei4wfRGmZH0Q1ph9E
ArMfRN+/H0SczB9EWNkfRCXmH0Ty8h9E</AssayXData><AssayYData Points="600">B5AwP0YgPj8sE0U/tGtHP5ZRTD86nkw/oNJNP5GNTz92Q1A/cQdRP06dUT9XPVM/DplUPy3Y
VT+sB1Y/AdlXPxXiWD9llFk/MaRaPx0aXD8IEF0/QMxdP6HxXj/u/l4/oOdfP7G/YD+nPWI/
aLFiP9ELZD/MHGU/Us1lP34EZz8xLGg/6uFnP2egaT8md2k/Pa1qP5EYaz+aOmw/pSVtP2Nc
bj/gtW4/hAhvPzsncD82SHI/et5yP1oWcz+BsHI/sVt0P5JVdD/oPnU/jrd2P5radj8363c/
nzB4P9ZLej+koHk/UaJ6P0ZQez+Pp3w/jK18P06pfD+D3n0/mQd+P0RIfz+CfYA/2TKAPyGH
gD+zs4A/KRCBP6ySgT/4eoE/WPaBPzqqgj9msII/LOeCPwougz8/WYM/t8+DP6evgz9ZIYQ/
T0mEP/rbhD9hBIU/V5iFP3OghT8mB4Y/P02GP+Nshj8v2YY/kASHPyMmhz9HkYc/iKSHP3jd
hz8s04c/FlmIPxoWiT+/2Ig/PtWIPyIRiT/vo4k/YdWJP2I6ij+idoo/YDGKPxHRij/bJos/
gVyLPwlmiz8jjIs/zrOLPxr/iz+3G4w/jGKMP0dijD/A/4w/tAeNP5knjT9ZUI0/MlCNP5lQ
jT8EyI0/XGOOPyZyjj/x9I4/eBuPPwkejz/7No8/q5WPP/rFjz/9+48/zyCQP8gYkD/eOJA/
zQORPyfjkD/w2pA/vM2QP7TwkD//zZE/z1eRP+T/kT/u65E/oCqSP/EUkj/sUZI/G2qSP8q1
kj+bxZM/stmSP/8Pkz+c2JM/a1eTPzi8kz+cRpQ/IzqUP+p6lD9uipQ/6LGUP6h0lD8j8pQ/
IACVP+HjlD88jZU/gzmVP/+YlT+OGpY/EWaWP4gMlj+qGJY/e3mWP7AVlz9jh5Y//OqWP2yx
lj8fM5c/rOuWPyF2lz+H4pc/EuaXP0UDmD+Lg5c/L+yXP+e9mD9ZJpg/2LeYP4KJmD9Y+pg/
TcuYP0tVmT9e1Zk/QaSZPxtkmT82xpk/t56ZPz7ZmT8Nqpk/6suZP4Qlmj+Rf5o/mAaaP/AL
mz81wZo/p8qaP3/9mj8dZ5s/fGibPzuwmz9yjps/d5WbP1Krmz/u2Zs/tAWcPzm5mz9KcJw/
vmicP1u5nD/Khpw/I2mcP5i+nD8FDp0/a9WcP8gVnT/ne50/OpWdP46xnT9G050/ZsydP5XD
nT/wG54/OQSeP9n5nT8IHJ4/NpWePyurnj9ReJ4/YmeeP/yfnj9dPJ8/lxifP3n/nj+sE58/
+o6fP98onz/PlZ8/8ZCfP53dnz9M+58/OjqgP4YfoD+tGqA/wmOgPwtsoD+Wi6A/qjOhP09k
oD/wJ6E/+MigPystoT8nhqE/bCOhP1xFoT8TRaE/mXGhP12foT/8fKE/wdGhP0GfoT9zxqE/
mtWhP5kSoj8rLqI/1imiP/IOoj+XC6M/HISiP/Xcoj+6zqI/9paiPwE6oz9DpqI/9NGiP5ca
oz9RW6M/E1mjPzbCoz8cRaM/7HejP1UVpD/AIKQ/RtCjP5aOoz+jCaQ/fDmkP7hfpD/WqqQ/
KqCkP6S8pD9NpqQ/1NmkPys3pT/H4aQ//e6kP5/opD9jVqU/NU6lPwIPpT8ZiqU/X7+lPw58
pT970aU/XMWlPzKvpT+uqqU/TwKmP10+pj+H76U/ANilP8NDpj9URaY/y4SmP8T0pj9PUaY/
ox+nP9Hypj/qKqc/6NqmP9mJpj/71qY/srWnPwVhpz8hjqc/6VGnP/GYpz89Eac/hwSoPxRE
qD+e7qc/pvqnP0cwqD/aM6g/RY+oP2IHqD+tXag/OmaoPzRyqD/BC6k/pP2oPyFuqD8KB6k/
XNGoP8myqD+5H6k/kzGpP7lnqT/7iqk/PJqoP90eqT9vVqk/Q1ypP716qT/l3ak/AM6pP+nJ
qT/K16k//NKpPyYtqj/0Yao/rMCpP98Nqj9J0qo/vnWqP64aqj9Ol6o/+luqP/D/qj/jp6o/
wPKqPx6aqj9Wqqo/IPCqPzMxqz/Rdas/Z1erPzE+qz9Hoqs/SR6rPwuGqz8+XKs/oM6qP3ap
qz98f6s/HrWrP34ErD8cFqw/PuirP1hyrD+eEKw/P0usP+4grD9u56s/sf2rPw5HrT8anqw/
9UmsP/U9rD/7lKw/xF+sPyS4rD+gMK0/y/6sP56hrD9TDa0/OMatP0Y4rT+5RK0/LOWsPxo2
rT+olK0/n5etP+USrT9cia0/O22tP8llrT/eRa0/QcqtP77TrT9C+q0/S7+tP6ulrT+V9a0/
2aGtP/LhrT9eMa4/fkWuP2FZrj+lb64/2TGuP0Jdrj8wzK4/2+euP22Krj+xjq4/jN2uPwSS
rj/B6q4/lB6vPyRhrz8c864/whivPw3Frj92Da8/N7KvP47hrj/1I7A/ZxmvP8Awrz8LH68/
f8evP0kurz9t0a8/eq6vP4UisD8vZa8/D8uvP6tCsD+j168/1BywPyMysD/9ua8/+lmwP9PQ
rz8Pl7A/RxewP/BtsD8+WLE/8favP+etsD8fMLE/h1WwPyGFsD8OxrA/Lc2wPzSDsD+TMLA/
EOOwP9zQsD/Q/7A/5+iwPyAnsT+wBrE/4SSxP/PBsD+BRrE/SRGxP0hSsT8CUrE/RLyxP5Pc
sT+eorE/7O2xPzBysT/X4rE/jfaxPwXpsT/DELI/K8GxPz/AsT8Cj7I/AfKxPwEfsj/DbbI/
rVGyP57Bsj98b7I/IGyyPyIWsj8CgrI/0JGyP472sT+vDbM/jHazPyoOsz/BZrM/BTazP+Ac
sz9F8LI/Q1ezP6k1sz+Qi7M/w56zP01Ysz+xBbM/R6GzP7ofsz/Ll7M/TCCzP8Uosz+u6bM/
CUGzPyyOsz/PtrM/XNGzP/u6sz94rbM/lLWzPwSStD/Y+rM/sQC0P7b5sz+jQbQ/lia0P+2O
tD+SdrM/hV20PwLxsz/Vp7Q/2cK0P+9JtD9VUrQ/KG20P6hEtT/VhbQ/xpa0PxbAtD/kt7Q/
yhy1P38rtT8KerU/Vxa1P74StT8dzbQ/LgS1P81otT963LQ/uZS1P6BLtT9JpLU/sue0P1c3
tT+ri7U/qg+1P4uqtT+8fLU/yAK2P0ADtj8+KbY/fwu2P62utT/0srU/OMa1P70atj+sM7Y/
TZa2P/mOtj93K7Y/VxO2P9yLtj86WLY/</AssayYData></Step></KineticsData></ExperimentResults>
