<?xml version="1.0" encoding="UTF-8" standalone="yes"?>
<ExperimentResults><ExperimentInfo Name="20250917 PE P5216 - 5377 plate 1 kappa 50 ugl"><ExpDescription>AHC example method - full characterization&#13;
Analyte titration series with reference channel</ExpDescription><RTDVersion>2.0</RTDVersion><RunID>3B9E1F69-E451-4552-8C9D-CFED4D62EEC8</RunID><ExperimentType>KINETICS</ExperimentType><ExperimentSubType>KBASIC</ExperimentSubType><StartDateTime>2025-09-17T14:59:30</StartDateTime><MachineName>BN7KX12</MachineName><UserName>octet</UserName><LotNumber></LotNumber><PlateName>250917</PlateName><PlateName2></PlateName2><SensorName>G3</SensorName><SensorPlate>1</SensorPlate><SensorType>AHC (Anti-hIgG Fc Capture)</SensorType><SensorRole>LIGAND</SensorRole><SensorInfo></SensorInfo><WritingSW>DataAcquisition.exe 11.0.2.1</WritingSW><InstrumentType>OctetRED96</InstrumentType><InstrumentSerial>FB-50284</InstrumentSerial><InstrumentFW></InstrumentFW><IntegrationTime>2.5</IntegrationTime><DSPType>CPF</DSPType><DSPStitching>1</DSPStitching><HasManifest>1</HasManifest><InfoHash>-1083794191</InfoHash></ExperimentInfo><AssayParamsInfo/><KineticsData><Step><CommonData><SampleLocation>1</SampleLocation><SampleID>Running Buffer</SampleID><SampleGroup></SampleGroup><SampleInfo></SampleInfo><SampleRow>G</SampleRow><SamplePlate>1</SamplePlate><WellType>BUFFER</WellType><Concentration>-1</Concentration><ConcentrationUnits>µg/ml</ConcentrationUnits><MolarConcentration>-1</MolarConcentration><MolarConcUnits>nM</MolarConcUnits><MolecularWeight>-1</MolecularWeight><Temperature>30</Temperature><StartTime>0</StartTime><AssayTime>180</AssayTime></CommonData><FlowRate>1000</FlowRate><StepType>BASELINE</StepType><StepName>Baseline 1</StepName><StepStatus>OK</StepStatus><ActualTime>179.999</ActualTime><CycleTime>0.2</CycleTime><AssayXData Points="900">AAAAAM3MTD7NzMw+mpkZP83MTD8AAIA/1XiZP28Ssz/NzMw/ZmbmPzvf/z/NzAxAmpkZQGZm
JkDRIjNAAABAQGq8TECamVlABFZmQDMzc0Ce739AZmaGQM3MjEACK5NAaJGZQAAAoEBmZqZA
nMSsQAIrs0BokblAAADAQDVexkCcxMxAAivTQGiR2UDP999ANV7mQJzE7EACK/NAmpn5QD81
AEEbLwNBTmIGQYGVCUG0yAxB5/sPQRsvE0FOYhZBgZUZQbTIHEHn+x9BMzMjQU5iJkGBlSlB
tMgsQef7L0FMNzNBTmI2QYGVOUHNzDxB5/s/QTMzQ0FmZkZBgZVJQc3MTEHn+09BMzNTQU5i
VkGBlVlBtMhcQef7X0EbL2NBZmZmQZqZaUHNzGxBAABwQTMzc0FmZnZBmpl5Qc3MfEEAAIBB
mpmBQTMzg0HNzIRBZmaGQQAAiEGamYlBMzOLQc3MjEFmZo5BAACQQZqZkUEzM5NBzcyUQWZm
lkEAAJhBmpmZQTMzm0HNzJxBZmaeQQAAoEGamaFBJzGjQc3MpEFmZqZBAACoQZqZqUFYOatB
wcqsQWZmrkEAALBBmpmxQTMzs0HByrRBZma2QQAAuEGamblBJzG7Qc3MvEFmZr5BAADAQZqZ
wUEzM8NBwcrEQVpkxkEAAMhBjZfJQTMzy0HBysxBWmTOQfT9z0GamdFBJzHTQc3M1EFmZtZB
AADYQZqZ2UEnMdtBzczcQVpk3kH0/d9BjZfhQTMz40HNzORBZmbmQQAA6EGamelBMzPrQcHK
7EFaZO5B9P3vQY2X8UEnMfNBzcz0QWZm9kEAAPhBjZf5QTMz+0HByvxBWmT+QfT9/0HHywBC
k5gBQmBlAkIzMwNCAAAEQs3MBEKamQVCZmYGQjMzB0L6/gdCx8sIQpOYCUJgZQpCLTILQvr+
C0LHywxCk5gNQmBlDkIzMw9CAAAQQs3MEEKamRFCYGUSQi0yE0L6/hNCx8sUQpOYFUJgZRZC
MzMXQvr+F0LHyxhCk5gZQmBlGkIzMxtC+v4bQsfLHEKTmB1CZmYeQi0yH0L6/h9Cx8sgQpqZ
IUJmZiJCOTQjQvr+I0LHyyRCk5glQmBlJkI5NCdCAAAoQsfLKEKamSlCZmYqQi0yK0IAACxC
zcwsQpqZLUJmZi5CMzMvQgAAMELNzDBCmpkxQmZmMkKiRTNCAAA0Qs3MNEKamTVCYGU2QjMz
N0IAADhCzcw4QpqZOUJmZjpCMzM7QgAAPELNzDxCk5g9QmZmPkIzMz9CAABAQs3MQEKamUFC
ZmZCQi0yQ0IAAERCzcxEQpOYRUJmZkZCMzNHQvr+R0LNzEhCmplJQmZmSkIzM0tC+v5LQs3M
TEKamU1CZmZOQjMzT0IAAFBCzcxQQpOYUUJmZlJCLTJTQvr+U0LNzFRCmplVQmZmVkIzM1dC
+v5XQsfLWEKamVlCZmZaQjMzW0IAAFxCzcxcQpqZXUJgZV5CMzNfQgAAYELHy2BCk5hhQmBl
YkIzM2NCAABkQsfLZEKTmGVCZmZmQqJFZ0IAAGhCx8toQpOYaUJgZWpCMzNrQvr+a0LNzGxC
mpltQmZmbkItMm9C+v5vQs3McEK4nnFCZmZyQi0yc0IZBHRCx8t0QpOYdUJgZXZCLTJ3QgAA
eELNzHhCk5h5QmBlekItMntC+v57QsfLfEKTmH1CZmZ+Qi0yf0L6/n9C42WAQkrMgEKwMoFC
F5mBQgAAgkLjZYJCSsyCQrAyg0IXmYNCff+DQuNlhEJKzIRCMzOFQheZhUJ9/4VC42WGQs3M
hkKwModCF5mHQn3/h0JmZohC5dCIQrYziUKamYlCff+JQuNlikJKzIpCMzOLQpqZi0IAAIxC
42WMQkrMjEKwMo1CHZqNQgAAjkJmZo5CSsyOQjMzj0KamY9CAACQQmZmkELNzJBCMzORQpqZ
kUIAAJJCZmaSQs3MkkIzM5NCmpmTQgAAlEJmZpRCSsyUQjMzlUKamZVCAACWQmZmlkLNzJZC
MzOXQpqZl0J9/5dCZmaYQkrMmEIzM5lCmpmZQgAAmkJmZppCzcyaQjMzm0KamZtCAACcQmZm
nELNzJxCMzOdQpqZnUIAAJ5C42WeQs3MnkIzM59CmpmfQn3/n0JmZqBCSsygQjMzoUIXmaFC
AACiQmZmokLNzKJCsDKjQpqZo0IAAKRCZmakQkrMpEIzM6VCmpmlQn3/pULjZaZCSsymQjMz
p0KamadCAACoQmZmqELNzKhCsDKpQheZqUJ9/6lCZmaqQs3MqkKwMqtCF5mrQgAArELjZaxC
SsysQjMzrUIXma1CAACuQuNlrkLNzK5CMzOvQheZr0IAALBC42WwQo3XsEKwMrFCF5mxQgAA
skJmZrJCSsyyQrAys0IXmbNCAAC0QmZmtEJKzLRCsDK1QheZtUJ9/7VCZma2QkrMtkKwMrdC
mpm3QgAAuEJmZrhCSsy4QrAyuUKamblCAAC6QuNlukJKzLpCsDK7QheZu0J9/7tC42W8QkrM
vEIzM71CF5m9Qn3/vULjZb5CSsy+QrAyv0IXmb9Cff+/QuNlwELTzcBCsDLBQheZwUJ9/8FC
ZmbCQkrMwkKwMsNCmpnDQgAAxELjZcRCSszEQrAyxUKamcVCAADGQuNlxkJKzMZCMzPHQpqZ
x0IAAMhCZmbIQs3MyEIzM8lCmpnJQgAAykJmZspCzczKQjMzy0KamctCAADMQmZmzELNzMxC
MzPNQpqZzUIAAM5CZmbOQkrMzkIzM89CmpnPQgAA0EJmZtBCzczQQrAy0UKamdFCAADSQmZm
0kLNzNJCMzPTQpqZ00J9/9NCZmbUQkrM1EIzM9VCmpnVQgAA1kJmZtZCzczWQjMz10IXmddC
AADYQuNl2EK43thCzzfZQpqZ2UIAANpCZmbaQkrM2kIzM9tCmpnbQn3/20LjZdxCzczcQjMz
3UKamd1CAADeQmZm3kJKzN5CMzPfQheZ30J9/99C42XgQs3M4EIzM+FCmpnhQn3/4UJmZuJC
zcziQrAy40IXmeNCAADkQmZm5EJKzORCMzPlQheZ5UJ9/+VC42XmQkrM5kKwMudCmpnnQgAA
6ELjZehCSszoQrAy6UKamelCAADqQmZm6kJKzOpCsDLrQheZ60IAAOxCZmbsQkrM7EKwMu1C
F5ntQn3/7ULjZe5CzczuQrAy70IXme9CAADwQmZm8EJKzPBCsDLxQheZ8UJ9//FCZmbyQkrM
8kIzM/NCF5nzQhID9ELjZfRCSsz0QrAy9UKamfVCff/1QuNl9kJKzPZCMzP3QheZ90J9//dC
42X4Qs3M+EKwMvlCF5n5Qn3/+ULjZfpCzcz6QjMz+0IXmftCff/7QuNl/EJKzPxCsDL9QpqZ
/UJ9//1CZmb+Qs3M/kKwMv9Cmpn/QgAAAEMzMwBDmG4AQ5qZAEPNzABDAAABQzMzAUNmZgFD
mpkBQ83MAUMAAAJDMzMCQ2ZmAkOamQJDzcwCQwAAA0MzMwNDZmYDQ1iZA0PNzANDAAAEQzMz
BENmZgRDWJkEQ83MBEMAAAVDMzMFQ2ZmBUOamQVDzcwFQwAABkMzMwZDZmYGQ5qZBkPNzAZD
AAAHQzMzB0NmZgdDWJkHQ83MB0O+/wdD8jIIQ2ZmCEOamQhDzcwIQwAACUMzMwlDZmYJQ+Ga
CUPNzAlDAAAKQ/IyCkNmZgpDmpkKQ83MCkMAAAtD8jILQ2ZmC0OamQtDzcwLQ77/C0PyMgxD
JWYMQ1iZDEPNzAxDvv8MQzMzDUMlZg1DmpkNQ4vMDUO+/w1D8jIOQyVmDkOamQ5Di8wOQ77/
DkMzMw9DZmYPQ1iZD0PNzA9Dvv8PQzMzEEMlZhBDWJkQQ4vMEEMAABFDMzMRQ/BnEUOamRFD
zcwRQwAAEkPyMhJDJWYSQ1iZEkOLzBJDvv8SQ/IyE0NmZhNDmpkTQ4vME0O+/xNDMzMUQyVm
FENYmRRDi8wUQ77/FEPyMhVDZmYVQ1iZFUOLzBVDAAAWQ/IyFkNmZhZDWJkWQ4vMFkMAABdD
8jIXQyVmF0NYmRdDi8wXQ77/F0PyMhhDZmYYQ1iZGEOLzBhDvv8YQ/IyGUNmZhlDWJkZQ83M
GUO+/xlDMzMaQ6hmGkOamRpDi8waQwAAG0PyMhtDJWYbQ1iZG0OLzBtDAAAcQzMzHENmZhxD
mpkcQ83MHEMAAB1DMzMdQ2ZmHUOamR1DzcwdQwAAHkMzMx5DZmYeQ5qZHkPNzB5DAAAfQzMz
H0NmZh9DmpkfQ83MH0MAACBDMzMgQ2ZmIENYmSBDzcwgQwAAIUMzMyFDZmYhQ5qZIUPNzCFD
AAAiQ/IyIkMlZiJDmpkiQ4vMIkMAACNDMzMjQ2ZmI0OamSNDzcwjQwAAJEMzMyRDZmYkQ5qZ
JEPNzCRDvv8kQzMzJUNmZiVDmpklQ83MJUMAACZD8jImQyVmJkNYmSZDi8wmQwAAJ0MzMydD
ZmYnQ5qZJ0OLzCdDvv8nQzMzKENmZihDmpkoQ83MKEO+/yhDMzMpQyVmKUOamSlDzcwpQwAA
KkPyMipDJWYqQ1iZKkPNzCpDAAArQzMzK0NmZitDmpkrQ4vMK0O+/ytD8jIsQyVmLEOamSxD
zcwsQ77/LEPyMi1DZmYtQ5qZLUPNzC1Dvv8tQzMzLkNmZi5DmpkuQ4vMLkO+/y5D8jIvQyVm
L0NYmS9DzcwvQ77/L0MzMzBDJWYwQ1iZMEOLzDBDvv8wQ/IyMUMlZjFDmpkxQ4vMMUO+/zFD
8jIyQyVmMkNYmTJDi8wyQ77/MkPyMjNDJWYzQ1iZM0OLzDND</AssayXData><AssayYData Points="900">AAAAACjStjs5/Ww7gao6O8gKADzMiTw8eVgiPKRkFTxJXTg8vNxGPCq0JjyU/SM8/1xRPKkz
Wjx44Es8kKh5PNzBcjzCOoA8rIiEPO6uizxv74s854uaPHR/jTwvFaw8xna7PDZMxjx3WcQ8
fCOcPFB/izwRYZ08GiywPATs0zyfW9c89TvbPI9H1TwuVMQ84PjyPOiswjwN3eo88sjdPHrd
7Ty9/OE82BHmPB/y7zyoWAE9T1bdPBwN/zzBVf88e2wFPbGn+DwG4AI9gRIBPdpTET3kog89
Y/4CPcU1FD0qXhA9xXkQPUxLCj2/CA09u64VPRowGD3tmyU9fGEXPVvKHD2cEhI9lYcrPZgX
HD0U2yM9E+oePY4qHT1cpC498oAqPeLsID2/WyY9eX0hPQVbPD0vTSo9GA4fPbLfOj1LnT09
8E8mPZSbLz0cuCg9lCVDPbZaMj3lQkA9B8w5PdPuRj0xMTo9Nn5BPY/4Qj344VI9un5EPZGd
RT26AEw975Q/PUeQUj2RU1E9Ew1EPYD7SD0RE1E91z1VPSwLWT1Ss2I9dwBWPRfNXj1LMk89
KIJkPRF5Xj3JEWg9zetjPcDdXD2ov2w9EFJhPYZ6ZT1VnWk9oPt2PUukgz02hWg9fxp0PcrD
bz2fuoM9KoZ1PcrKbj1U2m498R5zPZfPfT1nEn09L+pzPTJefz1yVn09fbhrPcv+fT28ZmU9
+FSCPQRagj10RIA923GGPfTMgj27DYI9KkSGPUmrjD04WYs9dgmOPWCEgj0ZbIg9EhSFPb2x
hj0kpYI9ScqHPYkthD1Cwoo9Q/6KPTrIkD16XpI9iRaLPfjzkT1BqYw96VCLPQKHjj1JqY09
sPCUPYuGjj0ql4w9LFWdPfrOkD2KaJA9/SSfPWimlz0nTJE9E+CcPRL4kz3ItpY9jX6cPZD7
nz2rzZk9OJuWPVNLmz2cTp49kJKZPdw/mD37UZo9/7GgPSSsnD0OeJc9f2ehPU12pD3UK589
nricPV21nD0Tn6c9DjikPQXLqj19k6E9kqSgPZqlqT1zb509MhqhPaIuoz3Dvqo9SYWrPc9x
pT24Qqc9gBWmPU0cnz14IaE99E2pPVbzrj0CLqs9lPCwPfehqT1oUa49pTmtPZ4ysT0HuK49
BC2zPfjmrD3RJ6k9vxKzPfzwrT2dvrM9eJexPRQ2uj0Bgq897r+5PcQQtT3MmrE91+m4Pe8N
uD1Wprk9gLy2PTaUtT3pS7k91QS0Pc+ouz14VLs9mhqsPUzZvj08Nrk95oC2PSAAsz2B2L09
BP67PZyfxT3eF7Y98xq2PfN3xT0dacA98he9PeI/wD278sU9qcLCPSa/yD2QG8Q9JyjLPcIf
xz0wsr495lXLPbgXzT0pqMI96JjFPW+kwT2yM8Q9tzDFPWyVyD0HkME9Pji/Pb1c0z0qV8U9
YrbMPbV1yj3e4809H6HOPcnEyz01TsU9cD7KPTaT0T0fqsc9vI7SPfhEyz2ij9U9qb3NPY/M
1T1fwNA9I7rJPTrv0z1F2tQ9I7LRPTgF0D04JNk9zhXQPdJ61z2Fz9M9KNnUPUbn1T3MX9o9
N97VPcuZ1D083tM9MDXTPRwd1D0wtNk9Z/jRPUyt0T0l1N89bIbUPbar4z38pdQ9kqjXPTte
3z2qLNw9ZmPWPVuj2z0hd9w9U8biPZGX4T1BuN89nFHgPbOh2z2Pytw9xmzgPXtC3z0W9+I9
HwnhPQCd2T1tWtw9OijdPQvp4T3yaeo9mijuPdaZ4D3sT+o9V+fvPQL54j0TL+M92QjiPccB
5z3WTOs9RlrmPZLd6D13qOc9IW7nPZL84T18pec9TePqPTJ96j0TqOY9eH/nPVJy9D26n+89
C7XqPREP7j2OIe09Dt/oPQN68T2lg/I9Gqb5PZkX6j3HC+89b1jmPY3f6z3iPew99L/uPVmK
8z1zSPk9WA/6PaZK8T2Ilvg9sFLyPWZp9D2rXO89lAL4Pa8n9T0L5Ok907X0PRrk/z0ng/U9
HAb2PYZM9D1/RfQ9uib2PVKx8j2B2vM9ToL0PSoo+j3PMfk9sD/8PcYQ9T291fk9ieL8PXWT
9T1Uq/g97v/zPcCq/D3dOvw96p/2Pdzy/T2T2/g96qP/PcqSAD7JP/k9PcP6PcY9+j26mP89
feH7PX4zBD6iUAM+ybj/PUotAT49HQA+vWn+PXdN/z0dpgI+BPMAPu5UAD5hQgI+jB0EPgNT
/j2pgAE+xigCPmzTBz777gM+0cICPoGnBD6fBgI+fXkDPmUPAT7gDAI+dJgEPkj2Bj43ZAM+
RzYGPkx7Cz7DMgQ+tMgGPsOtBD5NEQY+8Y4FPvlCCj4qygc+jsoDPjW+Az7/HAc+vdsEPsOA
BT6BdAo+jqYHPv89CD5COgk+Zq3/Pe8vDD7waAk+INwHPljqBz4hrQo+06UIPquSCj447Qk+
+FcIPieMCz68iQg+tT0JPqWCDT6Dzw4+GGsMPuDHCD4ZTQo+KGQOPpiUCj45Mwo+VXkMPrkc
Cz6hzAo+vXAJPpqeCz6npg0+HPsIPk0cDD6/XQ4+wWIMPsdsDT4k9g0+UdQKPpjYCz6V5w0+
5msNPjPMDj7oSAw+mwQNPp0eDj4cvxE+QkAQPoJIDz5DrA8+uTMPPiEwET7vMRA+i8MPPpGK
ED4hmg8+a+kOPg0ODz65NQ0+c2AQPjpQDz5eqw8+SakMPq1DDj4pYRI+84QSPs67ET67uAw+
8isVPgfeEj6UEBE+piQVPhCqET5bFhE+k4cSPtv6Dz58MxI+v3sPPvPUEj65ExQ+kXcRPvde
Ej6zFRI+72YTPqamET5vRBQ+BjsSPhGHFT7xThM+5G8UPudQEj5trhU+le4TPqpJFz5wnRM+
WjMVPhggEj5SrhY+aaIXPizsGD7nCRU+w+4UPtnYFj7wfxk+cBUUPrHWFT6sdxc+OPgWPoVk
GD6JJhs+0eUYPkTXFT7HsBg+nwYZPtZYFz7+lRo+iLMWPiCyHz6wCBo+TakdPuyIGj5Uuhc+
wREbPg7TFz7SYhs+SbwaPkBcGz7YaBk+6f4ZPrB8Gj51mBw+RPMaPls/IT4aBRw+W6QcPuoU
HT5BLR8+3J0hPgQCHD6Xzxw+bFccPuxtGj6xBx0+XMcdPp74HD4BsB4+KnAgPsi+HT7TIB0+
OgEcPtmyGj6FQB0+LQsfPmFfHj4d9R4+5AUjPsK6HD6B6R0+EtofPvvwIT6hkyM+OCwfPqPO
Hj46XyI+VvcePtbDHD5HniE+Xg4hPnlHIT6z8SA+l2QjPp6jJz7Ivh8+GqUjPitRIz5XCB8+
kOYkPnWPIj7xTCQ+ysQfPiHCID6s0SE+EEojPsdVHj7vaiU+71wjPhngID43RCU+zXUiPtrE
Ij7i3iE+rkcmPvlQIz5pOSE+JrglPtTyJT49uR8+7B0nPubhHT4F8iQ+QREjPuS5IT6K8SI+
24slPhCrIj7ngiQ+UQ0mPltKJD4ARic+dGcoPl0HJD61Uyk+gyQkPpAtJT6laik+jV0mPiNk
JD7NryU+m6MkPh7YJj5Rqic++9AmPiqnJj6QGSg+jgQpPtWlLT7Yayg+raQmPgOHKD477Ck+
18IlPjORJz4qpSg+h98rPhQBKz6SoiU+DXQmPo/qKT7RnCo+jjwnPgI0LT6pli0+gEcpPqBE
Kj6K5ys+po4oPvsqKj51USo+al0nPm0fLj5bECo+bfknPuKsKz6bJy0+FjwrPim1Kz4uVS0+
GFsrPqbQKz572yw+wzsrPqPzKD73DSs+WEsuPunwKz4BCC0+ZyIsPuhgLT7Cgy0+0PUrPhtI
Lz71Dy0+uWQpPh9QLT7vvzA+pHIwPnV1Kj5YnTI+uwAtPprBMD4JTTM+3iEwPpl8MD6kOjA+
I0osPrlSLT7vZy8+xBgwPq4zLT770TA+w18uPtaVLz521jA+q9ovPq0CMD4rCzM+YLkvPn2T
Mj6TRzA+UOQuPs6KMj5fES8+qcExPs2cMz5XVi4+gYwxPlVDMz6K0DQ+PLkwPpTZMD5JmTE+
+cYxPv5xLz6kVSw+T+wxPpPxMD6MnTM+UX4wPtIwND79IjI+XAw2PlzUMz5hqDg+Hms1PskW
ND520TU+vsozPvx5Mz4fBTI+XSk1Pu8TMz6NHjQ+opA3PqW+ND5VuzM+Qv81Pnq4Mz54ajY+
oJM0PruQND6KiDY+37Y0PlFfOD7aOzY++K42PhPUND7w5TU+e1E4PsMzMz77cDg+IXkzPql7
NT6PezM+d480PqqeOT5kCjc+9bs0PvhnNT53lzk+OqU4PpAZNT71IDc+UMk2PioEOj6Mozo+
z6Y8Ps/lOj54TTo+KKI6PgpQOj5YPDc+PCA7PkkmOT74zjg+eIM2Pu3XNj5GODk++ZE5PrKP
Oj4KYTw+NBU4PuuBOj73gTo+sfQ6Pj4YOj6nLzg+dGE7PuYeOz51kjs+mJ06PuwYOj4h5D0+
voo7PsXFPD5XJzs+Z9g4PsCSNz5kZj4+rXM8Pou/PT6o5z0+hgc8Pjq7Pj7syTo+kfE7PrMz
Oz60FT0+wFs6Pj2JPD4YVj0+wT89PjxJPD4FJDs+qKA9PpAfPz7hxj4+SpQ8PqBOOT7jY0A+
oxlAPpAvPj5WEUA+BzE+PlGmPz4gZzs+Wvg7PoH3PT4UvD4+h+U9PiH3Pz4YXj0+RAZAPmO0
Oj45AkA+pzxBPhSNPz5tbD4+0Gc+PksZQD6U+j0+yZdAPiujQz4fe0E+9yY/PlXMQT6CxT8+
Mdk9PhcmQD6mwUA+5hNAPup/Qj5XsT4+HQhCPhGVQz7AI0M+</AssayYData></Step><Step><CommonData><SampleLocation>2</SampleLocation><SampleID>10mM Glycine pH1.7</SampleID><SampleGroup></SampleGroup><SampleInfo>or other Regeneration solution</SampleInfo><SampleRow>G</SampleRow><SamplePlate>1</SamplePlate><WellType>REGENERATION</WellType><Concentration>-1</Concentration><ConcentrationUnits>µg/ml</ConcentrationUnits><MolarConcentration>-1</MolarConcentration><MolarConcUnits>nM</MolarConcUnits><MolecularWeight>-1</MolecularWeight><Temperature>30</Temperature><StartTime>207997</StartTime><AssayTime>20</AssayTime></CommonData><FlowRate>1000</FlowRate><StepType>CUSTOM</StepType><StepName>condition</StepName><StepStatus>OK</StepStatus><ActualTime>20.002</ActualTime><CycleTime>0.2</CycleTime><AssayXData Points="100">vv8zQ7AyNEMkZjRDWJk0Q0nMNEN8/zRD8TI1QyRmNUNYmTVDScw1Q3z/NUOwMjZDJGY2QxaZ
NkNJzDZDfP82Q7AyN0MkZjdDWJk3Q0nMN0N8/zdDsDI4Q+NlOEMWmThDi8w4Q3z/OEOwMjlD
42U5QxaZOUNJzDlDEgM6Q7AyOkMkZjpDFpk6Q0nMOkN8/zpDsDI7Q+NlO0MWmTtDScw7Q3z/
O0OwMjxD42U8Q9uZPENJzDxDvv88Q7AyPUPjZT1DWJk9Q4vMPUN8/z1DsDI+Q+NlPkNYmT5D
i8w+Q3z/PkPxMj9DJGY/Q1iZP0OLzD9Dvv8/Q/EyQEMkZkBDWJlAQ0nMQEO+/0BD8TJBQyRm
QUNYmUFDi8xBQ77/QUPxMkJDJGZCQ1iZQkOLzEJDvv9CQ7AyQ0MkZkNDO59DQ4vMQ0O+/0ND
8TJEQ+NlREMWmURDi8xEQ77/REPxMkVDJGZFQ1iZRUNJzEVDvv9FQ/EyRkPjZUZDWJlGQ4vM
RkO+/0ZD8TJHQ+NlR0NYmUdDDs1HQw==</AssayXData><AssayYData Points="100">sBarvV/OOr0zVE+8PoN0O4LvBTyZ4Qc8OenrO0wPMzrZ1qa7Ll/xuzzyYryTZHa8m7i0vOtQ
4bzZzPy8/u/5vHuoGr2UGxu9X/c8vYgaOL3wX0e9YYhGvYYMZb0Rsly96s5xvY8xer02Nnu9
KtqIvZAmg71tWoW9pRiXvXTKk72x2Ja9R3ievUuinr3g7qm9zaelvTkoqb24yLK9zcOuvd4g
u70nvbq9cFa3vS2IuL0jwce9OaHBvYi8wb0EZcO9kPjEvaEexr03ndW9sMbQvaeK0b2/59i9
1Y7ZvXp23L20t9q9Jxjlvd/Z4b0VeOa9O2novcId6r3LCOm9Zq3tvfGm772VyPO98Xr0vVPP
871Wwfa9gBH8vdvD+700LP29Y8f3vZzCAr4DCgG+T+MBvk+MBr7dVQK+75IFvmsQB77uSgq+
N3wEvn0iCb7gBQm+TSsJvuDKB75MIQy+FKIMvgSjCb7+Mwu+7aMQvuFQD77BKhC+Du8Pvtq0
EL6POBO+jTQSvnaEEb7MPBS+pcQUvg==</AssayYData></Step><Step><CommonData><SampleLocation>1</SampleLocation><SampleID>Running Buffer</SampleID><SampleGroup></SampleGroup><SampleInfo></SampleInfo><SampleRow>G</SampleRow><SamplePlate>1</SamplePlate><WellType>BUFFER</WellType><Concentration>-1</Concentration><ConcentrationUnits>µg/ml</ConcentrationUnits><MolarConcentration>-1</MolarConcentration><MolarConcUnits>nM</MolarConcUnits><MolecularWeight>-1</MolecularWeight><Temperature>30</Temperature><StartTime>233635</StartTime><AssayTime>20</AssayTime></CommonData><FlowRate>1000</FlowRate><StepType>CUSTOM</StepType><StepName>condition</StepName><StepStatus>OK</StepStatus><ActualTime>19.999</ActualTime><CycleTime>0.2</CycleTime><AssayXData Points="100">QQBIQzMzSEPpZkhDmZlIQw7NSENBAElDMzNJQ2ZmSUOZmUlDzMxJQwYBSkMzM0pDp2ZKQ9uZ
SkPMzEpD//9KQ3QzS0NmZktD25lLQ8zMS0P//0tDdDNMQ2ZmTEPbmUxDzMxMQ///TEMzM01D
ZmZNQ5mZTUMOzU1DQQBOQzMzTkNmZk5Ddp5OQ8zMTkP//05DdDNPQ2ZmT0Mcmk9DzMxPQ0EA
UEMzM1BDp2ZQQxyaUEMOzVBD//9QQ/czUUOnZlFD25lRQw7NUUNBAFJDdDNSQ6dmUkPbmVJD
Ds1SQ0EAU0N0M1NDp2ZTQ9uZU0MOzVNDQQBUQ3QzVEOnZlRD25lUQw7NVENBAFVDdDNVQypn
VUPbmVVDzMxVQ0EAVkN0M1ZDp2ZWQ9uZVkMOzVZDQQBXQ3QzV0NmZldDmZlXQw7NV0MGAVhD
dDNYQ6dmWEPbmVhDDs1YQ0EAWUN0M1lDp2ZZQ5mZWUMOzVlDQQBaQ3QzWkOnZlpD25laQw7N
WkNBAFtDdDNbQ6dmW0PbmVtDzMxbQw==</AssayXData><AssayYData Points="100">AE8oPqCA6j2h2sQ9py2uPTcqoT1xT549vKycPfAJnj1k8q09fpmpPU40qz0V9aM9ULutPevX
sj3l1rg9Ar2xPWUtuz3oHbc9rbi/PWghvj2uzLo9A0u8PbXJvD38osc9rnfJPSB0xD1AccY9
hxPIPVgUyD2GOM09tKrKPcvk0z10ws49uJzTPWiSyj0xlNI9DnzOPUkL0D1iCdI93BbMPSwg
2D11MdE9i8jSPVlz1z3IZts9PSjdPZ++0z3oAto9J1XbPUQM1j3kGN89/mfaPYKD2T3rWd09
5RLgPaCd4T3/A949cKvmPWZs3z1lndg9DffePXIx3z0iKOY9JaLgPZxT3j23heI9BJniPdgp
5D16ndo9GzroPVfW3z2RROk9wcfjPQXe5z02w+k9xDDmPVOL5z2rC+Q9hDPkPfZa6D3OO+o9
YH7uPe3+5z0Krus9xHbiPUw18T01ouw96JLtPXBP6j2Xv+w9VfDlPdjZ7D2jxfA9oYbuPWxv
7z20Nug9L471PeLi+D2YO+09yD3vPQ==</AssayYData></Step><Step><CommonData><SampleLocation>2</SampleLocation><SampleID>10mM Glycine pH1.7</SampleID><SampleGroup></SampleGroup><SampleInfo>or other Regeneration solution</SampleInfo><SampleRow>G</SampleRow><SamplePlate>1</SamplePlate><WellType>REGENERATION</WellType><Concentration>-1</Concentration><ConcentrationUnits>µg/ml</ConcentrationUnits><MolarConcentration>-1</MolarConcentration><MolarConcUnits>nM</MolarConcUnits><MolecularWeight>-1</MolecularWeight><Temperature>30</Temperature><StartTime>259167</StartTime><AssayTime>20</AssayTime></CommonData><FlowRate>1000</FlowRate><StepType>CUSTOM</StepType><StepName>condition</StepName><StepStatus>OK</StepStatus><ActualTime>19.999</ActualTime><CycleTime>0.2</CycleTime><AssayXData Points="100">AABcQ/IyXENmZlxDWJlcQ83MXEMAAF1DMzNdQ2ZmXUOamV1DzcxdQwAAXkMzM15D8GdeQ5qZ
XkPNzF5DAABfQzMzX0MlZl9DmplfQ83MX0O+/19DMzNgQ2ZmYEOamWBDzcxgQwAAYUMzM2FD
ZmZhQ5qZYUPNzGFDAABiQzMzYkMlZmJDHZpiQxTOYkO+/2JDMzNjQ2ZmY0MdmmNDzcxjQwAA
ZEPyMmRDJWZkQ5qZZEOLzGRDAABlQzMzZUMlZmVDWJllQ83MZUMAAGZDMzNmQyVmZkOamWZD
zcxmQ77/ZkPyMmdDZmZnQ1iZZ0OLzGdDAABoQ/IyaEMlZmhDWJloQ83MaEO+/2hDMzNpQyVm
aUNYmWlDi8xpQ77/aUPyMmpDJWZqQ5qZakOLzGpDvv9qQ/Iya0MlZmtDWJlrQ83Ma0O+/2tD
MzNsQyVmbENYmWxDzcxsQ7//bEMzM21DJWZtQ1iZbUOLzG1DSAFuQ/IybkMlZm5DWJluQ83M
bkO//25D8jJvQ2Zmb0NYmW9Di8xvQw==</AssayXData><AssayYData Points="100">O2NPvgXIGb4mquu9KqvSveUEvb0tQcG9Lp6+vVjvyL1wZsm9mH7SvYDg2L0YKt69DZTZvZo/
6b34Eem9NGrwvfIL8L0Xk/a9YAv0vQJK/b0pKvq9uOACvhM/Ab4T2/u9SEr9vQrPB76BTwe+
lmMDvp1qB740LQe+cFMPviQiCb4Ccg2+JEAPvk/eDr51Hw6+JW8RvnBnFL4k3BO+JU4TvhtD
Fr4/Che+P1QavmFqE761ZRi+tlsbvuteGb4Glxe+Gpkbvv+THb7gVRu+S6wZvgjuHr68bSC+
5vggvk3QHL7TxR6+fI8ivpGdIr51ASC+Ctwjvri/IL6qmx6+QoomvnavJL74Him+1hQlvv2L
I74PLye+V9YpvpAOJ75r9ii+rJ4kvrSDI7739ia+PJcovjqGKb4bdCm+zX8ovo5vLL6gQC6+
lk0rvhPJK75i4Su+FPIuviLDML4NtjK+C0Yyvu+7ML7gMy++aLYuvloJM75U9jK+/Ts0vmhM
NL7qTDS+Hb02vqTUMb6pGTS+WpM0vg==</AssayYData></Step><Step><CommonData><SampleLocation>1</SampleLocation><SampleID>Running Buffer</SampleID><SampleGroup></SampleGroup><SampleInfo></SampleInfo><SampleRow>G</SampleRow><SamplePlate>1</SamplePlate><WellType>BUFFER</WellType><Concentration>-1</Concentration><ConcentrationUnits>µg/ml</ConcentrationUnits><MolarConcentration>-1</MolarConcentration><MolarConcUnits>nM</MolarConcUnits><MolecularWeight>-1</MolecularWeight><Temperature>30</Temperature><StartTime>284966</StartTime><AssayTime>20</AssayTime></CommonData><FlowRate>1000</FlowRate><StepType>CUSTOM</StepType><StepName>condition</StepName><StepStatus>OK</StepStatus><ActualTime>19.999</ActualTime><CycleTime>0.2</CycleTime><AssayXData Points="100">vv9vQ7AycEPjZXBDFplwQ0nMcEO+/3BDsDJxQ+NlcUMWmXFDScxxQ3z/cUPxMnJDJGZyQxaZ
ckNJzHJDfP9yQ/Eyc0PjZXNDFplzQ4vMc0O+/3NDsDJ0Q+NldENYmXRDi8x0Q3z/dEOwMnVD
JGZ1Q1iZdUOLzHVDfP91Q/EydkMkZnZDWJl2Q4vMdkO+/3ZD8TJ3QyRmd0NYmXdDi8x3Q77/
d0PxMnhD42V4Q1iZeEOLzHhDvv94Q/EyeUPvZ3lDWJl5Q4vMeUO+/3lD8TJ6QyRmekNYmXpD
i8x6Q77/ekPxMntDJGZ7Q1iZe0OLzHtDvv97Q/EyfEMkZnxDWJl8Q4vMfEO+/3xD8TJ9Q+Nl
fUMWmX1Di8x9Q77/fUPxMn5D42V+Q1iZfkNJzH5Dvv9+Q/Eyf0MkZn9DWJl/Q4vMf0O+/39D
eBmAQxIzgEOrTIBDRWaAQ95/gEN4mYBDErOAQ4vMgEMk5oBD3v+AQ3gZgUPxMoFDi0yBQ0Vm
gUPef4FDV5mBQ/GygUOLzIFDJOaBQw==</AssayXData><AssayYData Points="100">AfgxPt1z9T2yzLc96z+nPaYklj32nZM9z+KPPUvxkT3b9509x5yWPbralD038pw9vQKWPbRG
nj2dpaI9AJ+sPXZtpT0HG6E9HheoPVTEqT07r6s9BomuPTuIrT2jRLI9D6yzPb+UtD2CTLM9
27GwPTsRuT3izbE92ee0PZ/htj3IsLo9aAC9PaQbtD19ULc9eZK9PQ9Zuz2VeMY9PBrAPWN+
tT2bMrg9EbDEPeLtvD1RaMY9F0bAPZ7evz1uRcE9ym/EPTknwD27bsA9D5LDPRPnxz24S8g9
QRvFPe/+wj04o8U9XzfIPUYMwj3e4cY9TarBPRxCxT3Vlcw9j8DLPXimyT3W6so9rTjNPe2Q
xT2VtMg9UpbLPd4WzD2Ubs49Ov/NPSqSzD0nkcs9tcjLPTGjzj0LMs491k/LPeJE1j0pENE9
xL7SPcOOyz2HD9I9oqDLPV7v0D0CytQ9kdTVPbNn1T2Wlc49RzTNPbp12z1zkNU92lXMPdqK
0D0V/9M9ZnTUPen82D1vbM89tZ7WPQ==</AssayYData></Step><Step><CommonData><SampleLocation>2</SampleLocation><SampleID>10mM Glycine pH1.7</SampleID><SampleGroup></SampleGroup><SampleInfo>or other Regeneration solution</SampleInfo><SampleRow>G</SampleRow><SamplePlate>1</SamplePlate><WellType>REGENERATION</WellType><Concentration>-1</Concentration><ConcentrationUnits>µg/ml</ConcentrationUnits><MolarConcentration>-1</MolarConcentration><MolarConcUnits>nM</MolarConcUnits><MolecularWeight>-1</MolecularWeight><Temperature>30</Temperature><StartTime>310591</StartTime><AssayTime>20</AssayTime></CommonData><FlowRate>1000</FlowRate><StepType>CUSTOM</StepType><StepName>condition</StepName><StepStatus>OK</StepStatus><ActualTime>20</ActualTime><CycleTime>0.2</CycleTime><AssayXData Points="100">vv+BQ1gZgkPQMoJDi0yCQ2ZmgkO+f4JDWJmCQ/GygkNqzIJDJOaCQ53/gkNYGYND8TKDQ4tM
g0MEZoNDvn+DQ1iZg0PxsoNDi8yDQwTmg0Od/4NDWBmEQ/EyhEOLTIRDJGaEQ75/hENYmYRD
0LKEQ6zMhEMk5oRDvv+EQ1gZhUPQMoVDcE2FQwRmhUOdf4VDWJmFQ7y0hUNqzIVDJOaFQ53/
hUNYGYZD8TKGQ4tMhkMkZoZDnX+GQ1iZhkPxsoZDi8yGQyTmhkO+/4ZDWBmHQ/Eyh0OLTIdD
BGaHQ75/h0NYmYdD0LKHQ2rMh0ME5odDnf+HQ1gZiEPQMohDrEyIQwRmiEO+f4hDN5mIQ9Cy
iENqzIhDBOaIQ53/iENYGYlD0DKJQ2pMiUMkZolDnX+JQ1iZiUPQsolDasyJQwTmiUO+/4lD
NxmKQ9AyikNqTIpDJGaKQ51/ikM3mYpD0LKKQ2rMikME5opD3/+KQzcZi0PQMotDakyLQyRm
i0O+f4tDWJmLQ9Cyi0NqzItDJOaLQw==</AssayXData><AssayYData Points="100">wbWBvuHeRr7YzB++LcwHvoKJBb7L6QG+4CIHvqnTA74vsAy+SOoNvsqCCr4+Lw++SsYPvruT
Er6woxG+6dMXvhbvF75+7Bm+UWccvmERHL5VQh2+9lwevpRfIb7ZxCK+UhwivouvJb4oWCO+
VOQnvqQ2Kb54xia+PRcmvhjAKL69qim+4lYsviKWK75Ori6++d0yvvmPML6FLi2+M7gwvoud
ML5Z6zS+yv4wvlxsML5HXDG+Q/I0vvtwNb5MdDG+gzQzvgKrM74CFTa+c3I1vuswN773mzS+
VOE3vl5wN74+rTy+7/M8vs9aO74J7Tm+7Pk6voiUOL58pTu+xlQ7vpwqPb5TgT++VOQ+vg1l
Pb7CckO+UKdBvvsdQb7Lrjy++xI+vrKtP77K80O+vqFAvtR8Qb5XokK+y5hIvkaNRL5WRUK+
OIw/vrpYRb5rq0a+ZTBIvsLwRb7Eeky+7ExEvkmdRr4wXke+nWZKvn86Rr7AN0q+xW9Ivo38
Rr5sd0y+RtFIvkQjSb7Cb0i+YqtMvg==</AssayYData></Step><Step><CommonData><SampleLocation>1</SampleLocation><SampleID>Running Buffer</SampleID><SampleGroup></SampleGroup><SampleInfo></SampleInfo><SampleRow>G</SampleRow><SamplePlate>1</SamplePlate><WellType>BUFFER</WellType><Concentration>-1</Concentration><ConcentrationUnits>µg/ml</ConcentrationUnits><MolarConcentration>-1</MolarConcentration><MolarConcUnits>nM</MolarConcUnits><MolecularWeight>-1</MolecularWeight><Temperature>30</Temperature><StartTime>336396</StartTime><AssayTime>20</AssayTime></CommonData><FlowRate>1000</FlowRate><StepType>CUSTOM</StepType><StepName>condition</StepName><StepStatus>OK</StepStatus><ActualTime>20</ActualTime><CycleTime>0.2</CycleTime><AssayXData Points="100">vv+LQ1gZjEPQMoxDakyMQ8hmjEOdf4xDN5mMQ9CyjEOszIxDBOaMQ77/jEM3GY1D0DKNQ2pM
jUMEZo1DnX+NQzeZjUPxso1DasyNQyTmjUO+/41DNxmOQ/EyjkN2To5DBGaOQ99/jkM3mY5D
8bKOQ4vMjkME5o5DAACPQzcZj0PxMo9DakyPQwRmj0O+f49DN5mPQ9Cyj0OLzI9DBOaPQ77/
j0M3GZBD0DKQQ4tMkEMEZpBDnX+QQzeZkEPQspBDi8yQQwTmkEOd/5BDNxmRQ/EykUOLTJFD
BGaRQ51/kUNYmZFD0LKRQ2rMkUMk5pFDgwCSQzcZkkPxMpJDi0ySQyRmkkOdf5JDN5mSQ9Cy
kkNqzJJDBOaSQ77/kkNYGZND8TKTQ4tMk0MkZpND5YCTQ1iZk0PxspNDi8yTQyTmk0O+/5ND
WBmUQ/EylEOLTJRDJGaUQ75/lENYmZRD8bKUQ4vMlEMk5pRDvv+UQ1gZlUPxMpVDi0yVQyRm
lUO+f5VDWJmVQ/GylUOLzJVDJOaVQw==</AssayXData><AssayYData Points="100">0eUbPsoB0T0JnKM90EmTPUUMgz08zog9ejWCPQKmhz0NroM9TJSPPT12hT1ct5E9t82NPfCw
lz1c1Jc9RTOPPYrLnj2P9o49Uo2fPaKNnj17/p09rbOfPWPInj2sbaU9cUadPduGmj0n0549
C3ClPSr3oz3x0KI9DtumPXTepT14vKs9KSmhPSE1qD1hYqc9LmurPd0eqD2v57A9kWG2PWEP
qj2jkbA9/NKsPYgjrz0I1LI9drewPQ/msj2e/7A9RnezPe6dtT2Hkr89Ihy5PY9wsT0piK89
fa20PcmxsD03hrc96pi0PVEktz3Lxb09Lo26PfUquT058Lo93qq5PVFRuT0IEsA94qC3PQxS
vD3QULQ9qke0PUY0vj3Jhbw9OVLBPZwHuD0ynMg9qfPDPS+uvD2evrg9u8u9PRCBwj1ZyMk9
w+XAPUnlwz2dMbc9iMC4PRnCxD0TqcI9Q2jEPdB8xT3yj8I9YJHJPYImxD0FvME9LQfGPYjL
wz0Fk8o9Y5fMPQ6sxT1cF8Y9tHHCPQ==</AssayYData></Step><Step><CommonData><SampleLocation>3</SampleLocation><SampleID>Running Buffer</SampleID><SampleGroup></SampleGroup><SampleInfo></SampleInfo><SampleRow>G</SampleRow><SamplePlate>1</SamplePlate><WellType>BUFFER</WellType><Concentration>-1</Concentration><ConcentrationUnits>µg/ml</ConcentrationUnits><MolarConcentration>-1</MolarConcentration><MolarConcUnits>nM</MolarConcUnits><MolecularWeight>-1</MolecularWeight><Temperature>30</Temperature><StartTime>362695</StartTime><AssayTime>120</AssayTime></CommonData><FlowRate>1000</FlowRate><StepType>BASELINE</StepType><StepName>Baseline 120</StepName><StepStatus>OK</StepStatus><ActualTime>120</ActualTime><CycleTime>0.2</CycleTime><AssayXData Points="600">vv+VQzcZlkPxMpZDi0yWQyRmlkO+f5ZDWJmWQ/GylkOLzJZDJOaWQ77/lkNYGZdD0DKXQ8xM
l0MkZpdDnX+XQzeZl0PxspdDi8yXQyTml0O+/5dDWBmYQ/EymEOLTJhDJGaYQ75/mENYmZhD
8bKYQ4vMmEMk5phDnf+YQ1gZmUPxMplDakyZQwRmmUO+f5lDN5mZQ/GymUNqzJlDBOaZQ77/
mUM3GZpDlTOaQ4tMmkMkZppDvn+aQzeZmkPxsppDasyaQwTmmkOd/5pDNxmbQ7Yzm0NqTJtD
BGabQ51/m0NYmZtD0LKbQ4vMm0Mk5ptDnf+bQzcZnEPQMpxDakycQyRmnEOjgJxDN5mcQ9Cy
nENqzJxDJOacQ77/nEM3GZ1D8TKdQ4tMnUMkZp1Dvn+dQzeZnUPQsp1DasydQwTmnUOd/51D
NxmeQ9AynkNqTJ5DBGaeQ75/nkNYmZ5D0LKeQ2rMnkME5p5Dvv+eQ1gZn0PQMp9DakyfQwRm
n0ODgJ9DN5mfQ9Cyn0NqzJ9DBOafQ53/n0NYGaBD0DKgQ2pMoEMEZqBDvn+gQ1iZoEPxsqBD
zMygQ2bmoEO+/6BDWBmhQ9AyoUOLTKFDJGahQ75/oUNYmaFD0LKhQ4vMoUNF5qFDvv+hQ1gZ
okPxMqJDi0yiQyRmokO+f6JD25miQ/GyokOLzKJDJOaiQy0Co0NYGaND8TKjQ4tMo0MkZqND
vn+jQ1iZo0PQsqNDi8yjQyTmo0O+/6NDWBmkQ/EypEMvTaRDJGakQ75/pENYmaRDErOkQw7N
pEMk5qRDvv+kQ1gZpUPxMqVDi0ylQwRmpUO+f6VDWJmlQ9CypUOLzKVDJOalQ77/pUNYGaZD
0DKmQ4tMpkMEZqZDxICmQ1iZpkPQsqZDi8ymQyTmpkO+/6ZDNxmnQ/Eyp0OLTKdDBGanQ75/
p0M3madD0LKnQ4vMp0Mk5qdDvv+nQ3gZqEPxMqhDakyoQwRmqEOdf6hDeJmoQ5WzqEOLzKhD
JOaoQ77/qEM3GalD0DKpQ4tMqUMkZqlDvn+pQ1iZqUPQsqlDi8ypQwTmqUOd/6lDNxmqQ/Ey
qkNqTKpDJGaqQ51/qkNYmapD8bKqQ8zMqkMk5qpDnf+qQzcZq0PQMqtDi0yrQwRmq0Odf6tD
N5mrQ/Gyq0NqzKtDBOarQ77/q0M3GaxD0DKsQ2pMrEMEZqxDvn+sQzeZrEPxsqxDi8ysQwTm
rEOd/6xDNxmtQ9AyrUOLTK1DBGatQ51/rUM3ma1D8bKtQ4vMrUME5q1Dnf+tQ1gZrkPQMq5D
akyuQyRmrkOdf65DN5muQ9CyrkOszK5DBOauQ77/rkM3Ga9D8TKvQ2pMr0MkZq9DnX+vQzeZ
r0PQsq9Di8yvQwTmr0O+/69DWBmwQ/EysEOLTLBDJGawQ75/sENYmbBD8bKwQ4vMsEMk5rBD
vv+wQ1gZsUPxMrFDIFCxQyRmsUO+f7FDWJmxQ/GysUNqzLFDJOaxQ77/sUNYGbJD0DKyQ4tM
skMkZrJDvn+yQ1iZskPxsrJDasyyQwTmskO+/7JDWBmzQ/Eys0NqTLNDJGazQ51/s0NYmbND
8bKzQ4vMs0Oo5rNDvv+zQzcZtEPxMrRDaky0Q2ZmtEO+f7RDWJm0Q9CytENqzLRDBOa0Q77/
tENYGbVDdDO1Q4tMtUMkZrVDnX+1Q1iZtUPQsrVDasy1QyTmtUOd/7VDNxm2Q/EytkNqTLZD
JGa2Q51/tkNYmbZD0LK2Q4vMtkMk5rZDnf+2QzcZt0PQMrdDaky3QwRmt0O+f7dDN5m3Q/Gy
t0MvzbdDBOa3Q+UAuEPAGrhD0DK4Q2pMuEMEZrhDnX+4Q1iZuEPxsrhDi8y4QwTmuEO+/7hD
Nxm5Q9AyuUNqTLlDBGa5Q51/uUNYmblD0LK5Q2rMuUME5rlDvv+5Q1gZukPQMrpDaky6QyRm
ukOdf7pDWJm6Q9CyukNqzLpDBOa6Q77/ukM3GbtD0DK7Q2pMu0MEZrtDnX+7QzeZu0N0s7tD
asy7Q2bmu0Od/7tDNxm8QzMzvENqTLxDBGa8Q51/vENYmbxD8bK8Q2rMvEME5rxDnf+8QzcZ
vUPQMr1Di0y9Q0VmvUOdf71DN5m9Q/GyvUNqzL1DBOa9Q77/vUNYGb5D8TK+Q4tMvkMkZr5D
vn++Q1iZvkPxsr5Di8y+QyTmvkO+/75DWBm/Q/Eyv0OLTL9DJGa/Q75/v0NYmb9D8bK/Q2rM
v0Mk5r9Dnf+/Q1gZwEPxMsBDakzAQyRmwEO+f8BDN5nAQ/GywEPtzMBDJObAQ77/wENYGcFD
8TLBQ4tMwUMkZsFDvn/BQ1iZwUPxssFDi8zBQyTmwUO+/8FDahzCQ/EywkNqTMJDJGbCQ51/
wkNYmcJD8bLCQ4vMwkMk5sJDvv/CQ1gZw0PQMsNDi0zDQwRmw0O+f8NDN5nDQ/Gyw0OLzMND
BObDQ77/w0M3GcRD0DLEQ2pMxEMkZsRDvn/EQzeZxEPxssRDaszEQyTmxEO+/8RDWBnFQxIz
xUOLTMVDBGbFQ75/xUM3mcVD8bLFQ2rMxUMk5sVDvv/FQ1gZxkPQMsZDi0zGQwRmxkOdf8ZD
WJnGQ9CyxkOLzMZDBObGQ77/xkM3GcdD0DLHQ2pMx0MkZsdDvn/HQzeZx0PQssdDaszHQ+nm
x0O+/8dDWBnIQ9AyyENqTMhDBGbIQ51/yEM3mchD0LLIQ2rMyEME5shDvv/IQ1gZyUPQMslD
akzJQwRmyUOdf8lDN5nJQ/GyyUNqzMlDBObJQ53/yUM3GcpD8TLKQ2pMykMEZspDnX/KQzeZ
ykPxsspDaszKQyTmykOd/8pDNxnLQ9Ayy0NqTMtDJGbLQ99/y0M3mctD8bLLQ2rMy0ME5stD
vv/LQ3gZzEPxMsxDi0zMQyRmzEO+f8xDmZnMQ/GyzEOLzMxDBObMQ77/zENYGc1D8TLNQ4tM
zUMkZs1Dvn/NQ1iZzUPxss1DaszNQyTmzUO+/81DWBnOQ/EyzkOLTM5DJGbOQ75/zkNYmc5D
8bLOQ4vMzkMk5s5Dvv/OQ1gZz0PxMs9Di0zPQyRmz0O+f89DN5nPQ/Gyz0NqzM9DBObPQ77/
z0NYGdBD8TLQQ4tM0EMEZtBDvn/QQ1iZ0EPxstBDi8zQQyTm0EO+/9BDWBnRQ/Ey0UNqTNFD
JGbRQ75/0UNYmdFD8bLRQ4vM0UMk5tFD</AssayXData><AssayYData Points="600">rXasPeZBtz38c7M91kvAPbX2vD3Qlb89dJ+4PfR0wD02NLk9GEG5PVJOuz18+8I9uKrDPR0n
xz1Zg7o9X0bGPW9Ixj1JOsw9z0bCPSTYwT1DF889RfnOPZ9Gzz0WEss9ro67PaTQyT2AvM89
BhLLPaZgzT2qAcc9TVrMPbcLzz0bvsk9J5TLPTQgzD3r6M09DhrOPRE3zj1xuNY9wY7SPdiB
yj3ho9E9xF3dPYMw0j3t69c9XxXRPXFmzD2gtdI9zlnbPYwO1D2MD9E9FtzTPYDt2T2dNtU9
5vncPSfH2T1LpNg9vxTdPerM1j1Ts9o9s23iPcsa3D0VDNs9t8bXPfQ74D048No9FGbWPSQa
2D0AFd49HYjjPQTy4z0TxuA9vcrePfyv3D3PsNc9NGvZPUOU3D1wU949DBfaPSyD4D2G39o9
N4/XPbtv3z3Aydo9LQTbPaPj4T1fotw9S4brPXfJ4j3+YN49Aj3fPQms4T1eYuc9/zPsPfr7
6D3VAuM9cE3iPV2Y4j0yFuU94jzrPR994T0YKuk9y+ThPf+Z6T1T1OY9yeHoPUl+4z04ZN89
D6/jPb7p5j0IaeI9ko3mPbOx6D0ivuU9nDrpPdop6j1ZqOc9lfrkPX+/4j22Eu897eTnPXuD
5D3tG+09XyLmPfUt6z3/3+09yKjrPSGX6j2ZROM9R4LqPZQ86D0i7+Q9WZvsPaqK7T31few9
q3rtPViZ6z2gLPA9JW7qPaRU6T2chvE99E/uPVCc8z1JcOo9q6PwPWH27j2ux/I9yqLmPXpF
7j1RKuo9033uPZna7z2s8/M9cZb0PYzQ8D0c0/M9Rc7sPdK78j1tMO89u3ryPUg97j39bPU9
iwD4PT3Q7D3/oPc9VRX8Pez5+j2FtfE922X0PR4q8T1/9vU9BYr4Paif+D1pYPk9kLX2PXna
8j2QAPU9HfL1PSF49z3povg9cVX5PRP++z1x3vs9GZz4PWyqAD5x2vw936P2PXHU9j2hqfs9
WNMAPhCa9j2aMPQ9UxD6PZCa/T0tPfg9sYn5PQYb/D0gT/49C/D2PVgS9z2GRwA+TeP+PYk0
+z36J/89XFX9PTcv/z0WgQU++pT6PT8V/T3/Y/o9yIf+Pfb0+z0cRfs92v7+Pabk+T1jLQE+
7mgAPghE/z3bMwA+akL7PScc+z3dLvs94gwFPt3x+z3BnP89prIAPkQEAz70f/s9xaz9Pd4r
AT6HEwM+t24CPt53/z2QwwA+iQT6PQVGAj7b9AA+vT4CPuO0BD7kbgA+hNz/PZJdAz5gyAE+
tqwEPkkxBD5CQAI+16MCPmIBBT5jAAU+ZBIFPjmKBj6E5gI+064DPiXNBT6jWAE+URACPsFG
Az5KjwI+ZuoCPgjFAz7sOQE+O04DPhRmAj5r9gQ+rYAGPtycBD7GIAY+tMYEPg7uAj5X1AQ+
eeoEPkc6BD4PiAQ+ihUDPg4eCj523QY+/A0GPrNdBj5xtgQ+mTAFPgG5Bz7TgAU+o9cFPtJs
Cz4BSgc+uDILPgJTBj7s9Qc+vNwHPun7CD5DpAM+/3wHPmowBz7TYwk+QQ4GPge4Cj4OrAc+
ZVYIPhEXCz753wU+TQ8LPjrKCj4BSwo+z8IKPs6ABj4pEwo+pi0DPilVDD4xSgc+cTkGPmvU
BD5YHQs+5wUJPlk2DD4T7wU+RpAMPgy1CD5c7wk+WnkFPtXdCT4dDww+1r8NPovoCz5k8AU+
QI4IPuSQCj5nxwg+cYgLPuveBz7ktQw+Y7sIPgAlCz7eEgo+tmsJPhQ7Cz5gBgs+x08MPuGM
DT695g4+sfYIPs7fDD415g4+dlUNPusiED70Dww+izUOPtBHDj5hLgs+9jwMPp5bDT5vnQo+
rS0OPoK8DT7YBwk+/McMPqAcDT6PqAo+JZoNPp/XCz49Ygw+6U4MPkZ8DD7gHws+9cAKPgR9
Dj44jQw+vVQRPv/7DT7NBg8+4ZgOPi+1CT4sEQ8+TwcOPir0Dj7XHRI+yhESPtuXDz5dJA4+
/VMRPtBIDT4lkRE+hewQPp9eET4MhBE+BkgOPh9aDz778w4+qSURPpibED7tSBA+pEgRPi2c
DD4+wA4+HFQOPmHzDj5lqxA+SHsNPt+uET4ojBA+XokTPjqGET6VLQ4++bIQPrDEDj5wORA+
3sgRPsMfET4zPRI+O8MSPuvvEz7wExM+2XYTPmjGED5Ffg4+UyAQPrrqED79SA8+hhMUPsa+
Ez6cixA+DVAQPszCDz5hexQ+cvwQPnwNET758RI+R8sOPqCjEj7MhxM+XG0PPpsgFz5eghM+
kf4VPulUFj43zBE+v5QTPjXVFT7/VhI+Ph8TPueVFz6djhI+Am8YPvq0Ez4NgRM+WIMUPsvs
Fj7J3hU+uB8TPgMtEz7efhQ+FGMWPkjYFz6vNRY+xy8TPkh7Ez5xlxY+d2oVPnFWFD6PWRU+
vvQTPr8yGj5tJRY+9PARPu5UFT6pvBk+YicUPi1mGD7HHhU+OFYVPo2MGj6HzRY+gB0YPkjF
FD4LTBU+70YYPtgaGD5nSRs+jsYWPrLvGz6AXBY+w8cXPk/5GD6epxY+WDEXPuiyGD7UkBY+
CWwYPvPOFz7JtxU+VVsYPlCWGD53lBg+np0XPny6GT5X6RU+7BYZPvBSFD5pJxg+2w4ZPp2Y
GD78LRg+wn0YPlF3GD4ovBs+ahEXPv3/Fj4Obhs+QG8WPl8fGD6K5hY+eyQbPm6JFD7G/Bk+
PAoYPiJOGT61nxo+cUkePk9XGT5q/Rc+EbIZPrKCFD41yhk+zxgZPhj2HD5TPBk+onwbPiE+
GT4tah0+RFkYPrNqHD40wxk+a8oWPspXGz5ZFBw+K/cYPkkFGz6M4Bo+WkkcPv3LHz70qx0+
tGAbPucqIT7YUB4+BOEePn9XGT4Ehx8+kUMYPka/Hj6BNBo++N4fPtdOHT4Mgxg+gVgZPij9
HT72Cx4+uNAaPoDpGj5AlRw+0pYePhImIT5bLhw+0nUcPqNVHj472x0+1wAbPjqdHz6oKR8+
MHwdPtafHz6EJR0+Tz0gPtP+HT6+4Rs+3/EePhs4HD7hqx0+oU8ePvMzIT67oCI+WCUdPkV6
IT621R4+0+4dPuVyHz65QB8+JSQdPkAmHj4Tlh4+ISUgPujbGz6SciE+xAMfPu1yIj44fSE+
dZ4hPjygIT5ROiA+7gsfPgFyHz5omiM+</AssayYData></Step><Step><CommonData><SampleLocation>4</SampleLocation><SampleID>AB</SampleID><SampleGroup></SampleGroup><SampleInfo>in Running Buffer</SampleInfo><SampleRow>G</SampleRow><SamplePlate>1</SamplePlate><WellType>KLOAD</WellType><Concentration>0.307</Concentration><ConcentrationUnits>µg/ml</ConcentrationUnits><MolarConcentration>307</MolarConcentration><MolarConcUnits>nM</MolarConcUnits><MolecularWeight>-1</MolecularWeight><Temperature>30</Temperature><StartTime>489660</StartTime><AssayTime>20</AssayTime></CommonData><FlowRate>1000</FlowRate><StepType>LOADING</StepType><StepName>Loading</StepName><StepStatus>OK</StepStatus><ActualTime>20</ActualTime><CycleTime>0.2</CycleTime><AssayXData Points="100">vv/RQ1gZ0kPQMtJDi0zSQwRm0kO+f9JDN5nSQ/Gy0kOLzNJDBObSQ77/0kNYGdND8TLTQ2pM
00MkZtNDnX/TQ1iZ00PQstNDi8zTQwTm00O+/9NDWBnUQ9Ay1ENqTNRDBGbUQ51/1EM3mdRD
8bLUQ4vM1EMk5tRDvv/UQ5kZ1UPxMtVDakzVQyRm1UOdf9VDN5nVQ/Gy1UNqzNVDJObVQ77/
1UM3GdZD0DLWQ4tM1kMkZtZDnX/WQzeZ1kPQstZDaszWQwTm1kOd/9ZDNxnXQ/Ey10NqTNdD
JGbXQ51/10M3mddD0LLXQ2rM10Mk5tdDnf/XQzcZ2EPQMthDi0zYQwRm2EOdf9hDN5nYQ9Cy
2ENqzNhDBObYQ53/2EM3GdlDEjPZQ4tM2UMEZtlDnX/ZQzeZ2UPxstlDi8zZQwTm2UO+/9lD
NxnaQ/Ey2kOLTNpDBGbaQ75/2kNYmdpD8bLaQ4vM2kMk5tpDvv/aQ1gZ20PxMttDi0zbQyRm
20O+f9tDWJnbQ/Gy20OLzNtDJObbQw==</AssayXData><AssayYData Points="100">FgEePjpnKz6wezY+LtA/Pjj/RT5Oq0w+/VtVPs1xXz6r4WI+TspnPgQzbz7K4Xg+Jyx/Pryd
gT49MIY+Y6CJPnoojD6R7os+3KOQPsUwmD5rxpY+9KmbPvlbnz5WdqI+8fmiPpLKpz6q7qo+
swCvPv6csz7a2rI+n9S3PvWruj4S7Lw+irfCPp2wxj67ksc+ezTKPmX7zz5F69A+N0fVPqC2
1z472ds+pHzePrQ64T5wR+Q+W6XmPnbz6T6ecOw+GfnwPjQ69T6Jxvc+YC76Ps3Y/D6sgwA/
OagCP1Y6Az8LiwQ/ZtEGP72nCD9Tigk/KUgLP7IcDj8IOw8/150OP6cSET/7IBI/ZoMUP/Bi
FT81pxc/a6wYP/G9Gj8x/Bw/mhkePwq1Hz/UJSI/3lUjPylHJD/4aCY/v6ImP421KD/9eyo/
pmAsP0rKLT/fLi8/nqswP30vMT8nAjQ/b3I1P8gINj/KWjg/tiE6P6vGOz/1Fjw/J1U+P7J4
Pz8xjEE/u9tCP8OxQz8vVUY/95lGPw==</AssayYData></Step><Step><CommonData><SampleLocation>5</SampleLocation><SampleID>BB</SampleID><SampleGroup></SampleGroup><SampleInfo></SampleInfo><SampleRow>G</SampleRow><SamplePlate>1</SamplePlate><WellType>BUFFER</WellType><Concentration>2.5</Concentration><ConcentrationUnits>µg/ml</ConcentrationUnits><MolarConcentration>2500</MolarConcentration><MolarConcUnits>nM</MolarConcUnits><MolecularWeight>-1</MolecularWeight><Temperature>30</Temperature><StartTime>516958</StartTime><AssayTime>60</AssayTime></CommonData><FlowRate>1000</FlowRate><StepType>BASELINE</StepType><StepName>Baseline 60</StepName><StepStatus>OK</StepStatus><ActualTime>60</ActualTime><CycleTime>0.2</CycleTime><AssayXData Points="300">vv/bQ1gZ3EPQMtxDi0zcQyRm3EO+f9xDN5ncQ/Gy3EOLzNxDBObcQ77/3ENYGd1D8TLdQ4tM
3UMkZt1DnX/dQ1iZ3UPQst1DaszdQwTm3UO+/91DWBneQ9Ay3kNqTN5DJGbeQ75/3kNYmd5D
0LLeQ4vM3kMk5t5Dvv/eQ1gZ30PxMt9DakzfQyRm30O+f99DeJnfQ9Cy30OLzN9DBObfQ53/
30O6GeBD8TLgQ2pM4EMEZuBDnX/gQzeZ4EPxsuBDi8zgQwTm4EOqAeFDWBnhQ/Ey4UOLTOFD
JGbhQ51/4UNYmeFD8bLhQ4vM4UMk5uFDvv/hQ1gZ4kPQMuJDDk3iQwRm4kOdf+JDN5niQ9Cy
4kNqzOJDJObiQ77/4kNYGeND8TLjQ4tM40MEZuND33/jQ1iZ40PQsuNDaszjQyTm40Od/+ND
NxnkQ9Ay5EOLTORDRWbkQ75/5EM3meRD0LLkQ2rM5EME5uRDvv/kQzcZ5UPQMuVDzEzlQwRm
5UOdf+VDN5nlQ9Cy5UOLzOVDBOblQ53/5UM3GeZD0DLmQ2pM5kMEZuZDnX/mQzeZ5kPQsuZD
aszmQyTm5kNBAOdDWBnnQ9Ay50NqTOdDJGbnQ51/50NYmedD8bLnQ2rM50Mk5udDvv/nQ1gZ
6EPxMuhDakzoQyRm6EO+f+hDWJnoQ/Gy6EOLzOhDJOboQ77/6ENYGelD8TLpQ4tM6UMkZulD
vn/pQ1iZ6UPxsulDi8zpQyTm6UO+/+lDmRnqQ9Ay6kOLTOpDJGbqQ75/6kNYmepD8bLqQ2rM
6kMk5upDvv/qQ1gZ60PxMutDi0zrQyRm60O+f+tDWJnrQ9Cy60OLzOtDBObrQ77/60NYGexD
8TLsQ2pM7EMkZuxDnX/sQzeZ7EPxsuxDaszsQyTm7EMmAe1DWBntQ/Ey7UOLTO1DJGbtQ51/
7UNYme1D0LLtQ4vM7UMk5u1Dvv/tQ1gZ7kPQMu5DakzuQwRm7kO+f+5DN5nuQ9Cy7kNqzO5D
BObuQ53/7kM3Ge9D8TLvQ4tM70MkZu9Dvn/vQzeZ70Pxsu9DaszvQwTm70Od/+9DNxnwQ/Ey
8ENqTPBDBGbwQ51/8EM3mfBD8bLwQ4vM8EME5vBDvv/wQzcZ8UPQMvFDi0zxQyRm8UO+f/FD
WJnxQ/Gy8UNqzPFDJObxQ53/8UM3GfJD0DLyQ4tM8kMEZvJDnX/yQzeZ8kObtPJDaszyQwTm
8kO+//JDmRnzQ/Ey80NqTPNDJGbzQ51/80M3mfND0LLzQ2rM80ME5vNDvv/zQ1gZ9EPQMvRD
akz0QwRm9ENogfRDN5n0Q9Cy9ENqzPRDBOb0Q77/9ENYGfVD8TL1Q2pM9UMEZvVDvn/1QzeZ
9UPQsvVDi8z1QwTm9UO+//VDmRn2Q9Ay9kOLTPZDRWb2Q75/9kNYmfZD8bL2Q4vM9kMk5vZD
/gT3Q1gZ90PxMvdDi0z3QyRm90O+f/dDWJn3Q/Gy90OLzPdDJOb3Q77/90NYGfhD8TL4Q4tM
+EMkZvhDvn/4Q1iZ+EPQsvhDi8z4QwTm+EO+//hDWBn5Q/Ey+UOLTPlDJGb5Q75/+UNYmflD
17P5Q2rM+UMk5vlD</AssayXData><AssayYData Points="300">tlSTP/Sokz/Z55M/0CKTP9swkj/JXZE/VmuQP++Zjz/7j48/gTaOP0mzjT91mo0/U7qMP9P3
iz/CUos/ib+KP9E5ij9G4Yk/pQSKP3KiiD9lQIg/PnqHP+kchz9px4Y/Gi6GP8EchT+C1IQ/
TFaEP1E8hD91MYM/dfiCP/1Ggj+t1oE/XdOBP/Q1gT+pbYA/1Zx/P7Yxfj/b+Hw/K1h8P6kj
fT9vKnw///N5P01deT9kJXg/6zh4P/pedz/tUnU/S1Z0P/9Gcz8NZHI/1iFxP/thcT9ZH3A/
7txuP4mObj+3MW4/dzZsP4YUbD+g+Wo/zpFqP+gPaj/n+2g/vQZoP9sxZz9z8mU/fIxlP4qH
ZD8NEGQ/qlRjP7FnYj+9UGE/4/FgP6frXz82418/761eP5nZXD9SKVw/f7hcP6gxWz+4blw/
c7NaP7XNWD/Qq1g/ngpYP3zZVz/ri1c/jUtXP6JxVT/KnlU/PyNUPzKRUz8I9VM/PjVTP8Ed
Uj9kjFE/sNJQPwjyTz+b1k4/ND9OP789Tj+kAU8/V/ZNP+2hTD8jCUw/q2dLPxtOTD+Gm0k/
BgpKP1qiST+65Ug/ZPpHP4X0Rj/NdEc/gX5GP2MdRT9SiEU/2K9FP4dPRT8sH0M/OCdDP4tH
Qj8BEEM/sUZCPz/+QT8OvUE/xpxAP6olQD/16D8/niVAP7eGPj/7uD0/vRw9P1/kPD/anzw/
7yU8P9utPD80Yjs/f0g8P8HEOj9Tyjo/WzM6P2BKOT+ghzk/Ddo4P/VYOD9rrDg/vRo3P1UF
OD/XEjc/ta42P2xMNz+ziDY/dGo1P94HNT906zQ/on80P/thNT8foTM/6rozP8TdMj/yrjI/
CDMyP38HMj/uTDI/jU8xP94hMD8ONTA/Gt0vP+nXLz8n4C8/FxUuP4BlLz98Ky4/oI0uP4st
Lj9Vgy0/caAtP4NtLT8/5Cw/4KMrP/yjLD+JGSw/crcrP2ArLD+ABys/6jIpP0NIKz+CRSo/
JE4pP3mtKD/vyCk/5v0oP2dmKT9uBik/yoMoPzShJz/Yiic/yzMnP2o8Jj9ypic/jf0mP0JV
Jj/rMSY/AO4mP16+JT+T3iU/Z1MlPyiZJT8fyCQ/lUglP1baIz+QqSM/2UwjP4ihJD8kyCM/
ctMiP3TSIT8aPyM/tzkiP1PRIj+6/SI/FdAhP1QcIj/VlSE/FFIhP5m0ID9tjiA/3FcgP2IM
IT+POyA/HUsgPz6PHz9whB8/KBwgP9FgID/wox4/zhMfP43XHj8UrB4/3DIeP6tqHz/fGR0/
wOIdPywJHj+BmR0/6FIdPyEMHT+J5xs/0VQdP6sLHD+2QB0/264cP4QhHD9CShw/xz4bPwOO
HD/+BRw/iXQbP3h8Gj9TDRs/UwsaP4BWGz8dGxs/l0MaP5mKGz++1Ro/gXgZP5dqGT9dOxo/
d30ZP8KOGT+jNBo/1JwZP78GGT/o6Bc/GxgYPzC4GT8P0Rk/HzYYP0iXGD9r0xg/FcUYPwC/
GD9vwBc/fjUYP1YJGD9t5Bg/P8YWP4mrFz/tdxc/MgIXPxTdFj9W5hY/U0YXP5HnFj/yYxY/
EuYWP2RjFj/JkRY/</AssayYData></Step><Step><CommonData><SampleLocation>6</SampleLocation><SampleID>Running Buffer</SampleID><SampleGroup></SampleGroup><SampleInfo>in Running Buffer</SampleInfo><SampleRow>G</SampleRow><SamplePlate>1</SamplePlate><WellType>BUFFER</WellType><Concentration>-1</Concentration><ConcentrationUnits>µg/ml</ConcentrationUnits><MolarConcentration>-1</MolarConcentration><MolarConcUnits>nM</MolarConcUnits><MolecularWeight>-1</MolecularWeight><Temperature>30</Temperature><StartTime>584771</StartTime><AssayTime>20</AssayTime></CommonData><FlowRate>1000</FlowRate><StepType>BASELINE</StepType><StepName>Baseline 20</StepName><StepStatus>OK</StepStatus><ActualTime>19.999</ActualTime><CycleTime>0.2</CycleTime><AssayXData Points="100">vv/5QzcZ+kPQMvpDi0z6QyRm+kOdf/pDN5n6Q9Cy+kNqzPpDJOb6Q53/+kM3GftD0DL7Q2pM
+0PpZvtDnX/7QzeZ+0PQsvtDasz7Q6fm+0Od//tDNxn8Q9Ay/EOLTPxDJGb8Q51//EM3mfxD
0LL8Q4vM/EME5vxDnf/8Q4sc/UPQMv1Di0z9Q0Vm/UOdf/1DHJr9Q/Gy/UNqzP1DBOb9Q53/
/UN4Gf5D8TL+Q4tM/kMkZv5Dvn/+Q1iZ/kPxsv5Di8z+QyTm/kO+//5DWBn/Q/Ey/0MvTf9D
JGb/Q75//0NYmf9D8bL/Q4vM/0Mk5v9Dnf//Q6wMAESJGQBERSYARBIzAETPPwBErEwARHlZ
AERFZgBEEnMARN9/AESsjABEeZkAREWmAEQSswBEUsAARKzMAER52QBEReYARBLzAETf/wBE
rAwBRHkZAUQ1JgFEEjMBRN8/AUSbTAFEeVkBREVmAUQScwFE338BRKyMAUR5mQFERaYBRAKz
AUTfvwFErMwBRGjZAURF5gFEAvMBRA==</AssayXData><AssayYData Points="100">IzfTPmOCmj7d434+rsRmPtATVz4FE1E+CsJOPnjcUz6HqE8+9iZMPivGUD4UYlE+O7tOPkMP
Uj5cl1E+2kpXPj+SVT5ID1c+9wtaPvYrVD4Gs1Y+JqBXPhzTWj7ObFc+74BbPox7Wj5wp1g+
uB5aPjnnWj4mGFc+DYFVPkoRWD7waVw+IixdPlslXT5M5lc+pZhdPrmCXD4zG10+D8BbPoHo
Wj4p9mA+ssVdPtm4Xj7LyVw+MqBZPpGsXz7eAGE+grxePowdXz5hEF0+BqNgPsWbXz7V8l4+
3UBhPndIXz6dVF8+T9NfPokOXz49JmI+in1fPvhMYD5lNl4+VdpiPkYhXj67+2M+w15ePnBF
Yj5b/V4+iWZfPnb/Yj66lWA+ynhhPnK5Yj4WeGE+ePthPlJaZD5Tb2E+AZZjPu3lYD7fWWY+
F+ZkPmuaZT7HZ2I+y71iPh6jYj6RZmM+gBZkPl0cYz6bsGI+Cp1lPiT2YT69y2M+WL5nPjKm
ZT4ROGU+RDRmPp+mYz63OmM+XLJkPg==</AssayYData></Step><Step><CommonData><SampleLocation>7</SampleLocation><SampleID>aKappa 50ug/ml</SampleID><SampleGroup></SampleGroup><SampleInfo></SampleInfo><SampleRow>G</SampleRow><SamplePlate>1</SamplePlate><WellType>KSAMPLE</WellType><Concentration>-1</Concentration><ConcentrationUnits>µg/ml</ConcentrationUnits><MolarConcentration>-1</MolarConcentration><MolarConcUnits>nM</MolarConcUnits><MolecularWeight>-1</MolecularWeight><Temperature>30</Temperature><StartTime>613075</StartTime><AssayTime>120</AssayTime></CommonData><FlowRate>1000</FlowRate><StepType>ASSOC</StepType><StepName>Association</StepName><StepStatus>OK</StepStatus><ActualTime>119.999</ActualTime><CycleTime>0.2</CycleTime><AssayXData Points="600">z/8BRJwMAkRpGQJENSYCRAIzAkS/PwJEnEwCRGlZAkQ1ZgJEE3MCRM9/AkScjAJEaZkCRDWm
AkQCswJEz78CRJzMAkRp2QJENeYCRALzAkTP/wJEnAwDRGkZA0Q1JgNEAjMDRL8/A0ScTANE
u1kDRDVmA0TycgNEz38DRIuMA0RYmQNENaYDRAKzA0S/vwNEnMwDRFjZA0Q15gNEAvMDRM//
A0ScDAREWBkERDUmBEQCMwREzz8ERJxMBERYWQRERmYERERzBETPfwREnIwERGmZBEQlpgRE
ArMERM+/BESczAREmtkERDXmBETy8gREv/8ERIsMBURpGQVENSYFRPIyBUTPPwVEi0wFRFhZ
BUQ1ZgVEAnMFRM9/BUSLjAVEaZkFRCWmBUTysgVEv78FRJzMBURp2QVENeYFRPLyBUS//wVE
iwwGRGkZBkR3JgZE8jIGRL8/BkScTAZEWFkGRCVmBkTycgZEv38GRIuMBkRYmQZEJaYGRAKz
BkTPvwZEi8wGRFjZBkQl5gZE8vIGRM//BkSLDAdEWBkHRCUmB0TyMgdEN0EHRJxMB0RYWQdE
NWYHRBNzB0S/fwdEnIwHRFiZB0QlpgdE8rIHRL+/B0SLzAdEWNkHRCXmB0QC8wdEv/8HRIsM
CES7GQhENSYIRPIyCETPPwhEi0wIRFhZCEQ1ZghEAnMIRL9/CESLjAhEaZkIRCWmCEQCswhE
z78IRIvMCERp2QhENeYIRALzCETP/whEnAwJRGkZCUQ1JglEZDMJRM8/CUScTAlEaVkJRGdm
CUQCcwlEz38JRJyMCURpmQlENaYJRAKzCUTPvwlEnMwJRInZCUQ15glEAvMJRM//CUTdDApE
aRkKRDUmCkQCMwpEzz8KRM1MCkRYWQpENWYKRAJzCkTPfwpEnIwKRGmZCkQ1pgpEArMKRL+/
CkSczApEadkKRDXmCkQC8wpEz/8KRJwMC0RYGQtEdyYLRPIyC0TPPwtEnEwLRFhZC0Q1ZgtE
8nILRM9/C0ScjAtEWJkLRDWmC0QCswtEv78LRJzMC0Rp2QtENeYLRPLyC0S//wtEnAwMRFgZ
DEQlJgxEAjMMRM8/DEScTAxEWFkMRDVmDETycgxEv38MRIuMDERYmQxENaYMRPKyDES/vwxE
i8wMRHnZDEQl5gxE8vIMRL//DEScDA1EqhkNRCUmDUQjMw1Ezz8NRJxMDURYWQ1EJWYNRPJy
DUS/fw1Ei4wNRFiZDUQlpg1E8rINRM+/DUSczA1EadkNRCXmDUTy8g1Ev/8NRIsMDkRYGQ5E
JSYORAIzDkTPPw5Ei0wORFhZDkQlZg5E8nIORL9/DkScjA5EupkORCWmDkTysg5Ez78ORKzM
DkRY2Q5EJeYORPLyDkS//w5EiwwPRHkZD0QlJg9EAjMPRL8/D0SLTA9EeVkPRDVmD0Tycg9E
v38PRIuMD0RYmQ9EJaYPRPKyD0TPvw9EnMwPRGnZD0Q15g9EAvMPRM//D0ScDBBEaRkQRDUm
EEQCMxBEzz8QRJxMEESaWRBENWYQRAJzEETPfxBEnIwQRGmZEEQ1phBEArMQRN+/EESczBBE
adkQRCXmEEQC8xBEIQARRJwMEURpGRFENSYRRAIzEUTPPxFEi0wRRGlZEUQ1ZhFEAnMRRM9/
EUScjBFEWJkRRDWmEUQCsxFEz78RRIvMEUS62RFENeYRRALzEUS//xFEnAwSRGkZEkQ1JhJE
8jISRM8/EkScTBJEaVkSRDVmEkQCcxJEv38SRJyMEkRpmRJENaYSRPKyEkSDwBJEi8wSRFjZ
EkQ15hJEAvMSRL//EkSLDBNEWBkTRCUmE0QCMxNEzz8TRItME0RpWRNENWYTRPJyE0TPfxNE
i4wTRGmZE0QlphNEArMTRM+/E0T+zBNEWNkTRCXmE0QC8xNEz/8TRM0MFERYGRREJSYURPIy
FES/PxREi0wURFhZFEQ1ZhREAnMURM9/FEScjBREWJkURDWmFETyshREv78URIvMFERp2RRE
VuYURPLyFETP/xREiwwVRFgZFUQlJhVE8jIVRL8/FUSLTBVE7FkVRCVmFUTychVEv38VRIuM
FURYmRVEJaYVRAKzFUS/vxVEi8wVRFjZFUQl5hVE8vIVRPD/FUSLDBZEWBkWRCUmFkQCMxZE
zz8WRItMFkRpWRZEJWYWRAJzFkS/fxZEi4wWRFiZFkQlphZE8rIWRM+/FkSLzBZEadkWRDXm
FkQC8xZEz/8WRJwMF0RpGRdENSYXRAIzF0TPPxdErEwXRGlZF0Q1ZhdE8nIXRM9/F0ScjBdE
aZkXRDWmF0QCsxdEz78XRJzMF0Rp2RdENeYXRETzF0TP/xdEnAwYRGkZGEQ1JhhEAjMYRM8/
GEScTBhEaVkYRDVmGEQCcxhEz38YRJyMGERYmRhENaYYRAKzGES/vxhEvcwYRFjZGEQ15hhE
AvMYRL//GESLDBlEaRkZRDUmGUQCMxlEvz8ZRJxMGURpWRlEJWYZRPJyGUS/fxlEnIwZRGmZ
GUQ1phlE8rIZRL+/GUSczBlEadkZRCXmGUQC8xlEz/8ZRIsMGkRYGRpEJSYaRAIzGkS/PxpE
rEwaRGlZGkQ1ZhpE8nIaRL9/GkScjBpEaZkaRDWmGkTyshpEz78aRJzMGkRp2RpENeYaRPLy
GkTP/xpEiwwbRFgZG0QlJhtEAjMbRM8/G0ScTBtEWFkbRDVmG0TychtEv38bRJyMG0RYmRtE
NaYbRPKyG0TPvxtEi8wbRJrZG0Ql5htEAvMbRL//G0SLDBxEWBkcRCUmHETyMhxEvz8cRItM
HERYWRxEJWYcRAJzHES/fxxEi4wcRFiZHEQlphxEE7McRL+/HESLzBxEWNkcRLjmHEQC8xxE
z/8cRIsMHURpGR1EJSYdRAIzHUS/Px1EnEwdRFhZHUQlZh1EAnMdRL9/HUSLjB1EWJkdRDWm
HUQCsx1Ev78dRIvMHURp2R1ENeYdRALzHUTP/x1EnAweRGQbHkQ1Jh5EAjMeRM8/HkScTB5E
aVkeRDVmHkQCcx5Ez38eRJyMHkRpmR5EVqYeRAKzHkS/vx5EnMweRFjZHkQ15h5EAvMeRL//
HkScDB9EaRkfRDUmH0QCMx9Ezz8fRItMH0RpWR9ENWYfRAJzH0RCgB9Ei4wfRGmZH0Q1ph9E
ArMfRN+/H0SczB9EWNkfRCXmH0Ty8h9E</AssayXData><AssayYData Points="600">K6nQPhBC6j5eZPU+8Uz8Psj9/T5ke/4+KjL9PnMN/z56Xv8+UvYAPxRIAD8n3P8+m+n+Punq
/z55QQE/w9wAPzBtAD8bBgA/+TIBP3f2AT9dYQE/C18BP94WAj8zDgI/PmUCP2W8AT9m9AE/
L10CP/BrAj/61gI/97wCP4v/Az/jNAI/uyAEP9PaAz8NvQM/0bgFP0YvBD9NFAQ/cTUEPycb
BD9eSQU/qSMFP+kiBT+yHQU/ywQGP/6oBT9crwU/hc4FPyafBT8MAwY/BrYFP52JBj/HNAc/
3gQHPxKWBj/wnwc/swEHP98xBz8bkQY/4jMIPwRbBz8eSQg/e0oIP7z+Bz94zAc/yy0IP16B
CD9NgAg/HU0KPxcOCD+cYQg/L7YIP2wbCD81pwk/I4QJP8S5CT8c7Ak/j6QKP79wCT8HrAk/
9DkKPw+8Cj/fFwo/QdQKP3tsCj/OTAo/XkMKP/xRCj+rcAs/TyELP0f0Cj8a2Qo/ZV0KP5pV
Cz9mUAw/jdULP1iyDD9BUQs/bwQMP6DRCz/HUQw/dT8MPyqoDD/dQAw/sRMMP9oTDT/gHw0/
4K8LP79fDT9q8ws/UPgMP7mXDD9RJA0/Ex4NP5sSDT/aWw0/qxgNPz8TDj9ulQw/N68NPzp1
DT+12A0/JaQOPyu8DT/UPA0/MwQOP/JXDj/iFw4/HQUOP4HxDT+9pw0/+7sNPy9JDj/W0Q4/
/psNP2DnDj+XeQ4/U5QOP7P4DT8s2g0/Wc0OPzy5Dj8xgQ4/cDkOPyYODz9qjw8/CxQPP1iw
Dj/FfQ8/lCEQP4MeDz9CZg8/zDgQPylCED8Pzg8/KI4PP+9qED9p9Q8/9GwQP+CKDz+35Q8/
Sh4PPyObED9MXw8/RRQQP95LED8HNw8/lzAQPw5XED+IVRA/3C4RP9aHET8WgRI/QXQQPyun
ED9iHhE/kXUQPxBNET8NTxE/QEERP68/ET/+OhI/PIcRP8ZJEj8hNxE/DnwRP3JmET++SRE/
uKwRPybYET859xE//I4RPzTCET97QRI/I2URP9PDET8wuBI/UfERP1f/ET/N5hI/T1sSP9sG
Ej85ZxI/34YSP0FuEj+7zxE/CTkSP1lsEj+PrhE/3rMSP3bwEj+Y2BI/qUoSP+cPFD/T1hI/
AuYSPyxZEz+w7BI/meQSPwRHEz8amRM/nPYTP02WEj8iuhM/mjETPz7xEz/RbxI/gokTPzwa
Ez8UEBU/y0AUP+9VEz98YBM/ijATP+XuEz/ThBM/aQMUP84VFD9CBxU/MaQTPzutEz/czRQ/
3pMUP5WlEz++nxM/1tkUP8G9Ej/i+hM/wrEUP0QPFD99UxQ/Ym0UP5b5FD9l9BQ/FMgTP1v2
FD8tSBU/VuoTP0hNFT+YRxU/U/0UPzdrFD/YKxQ/gQEVP+80FT/NYBU/qQwUPx5nFT8I9BQ/
EP4VP65HFT+1sxQ/lm4VP00zFT+p0RU/jSkVP7HhFD+bAhY/aRMWP3joFD8ASRU/4+IVP6i1
FT8AhxU/Q7oUPzfPFT8TDxY/xrwUP+eOFT+E3hU/9l4WPwv1FD8CAhY/WKwVP7INFz8tTRU/
XnQWP33hFj9eoRY/FmcWP2myFj/jzRU/AU8WP3LEFj+wTRY/m6EWP/Q5FT8nURY/F6gVPw4F
Fz9EBhY/uJkWP09SFj80rBY/y7UVPzgdFj+GvxY/cPwWPxniFT8xyxY/WnEXP7nTFj/mNRc/
kgkXP540Fz8KKBc/vyoXP46jFj/m/hc/T9oXP16/Fz+Edxc/d9sWP5BxFz+vlxc/1k0XP9xN
Fz/kNhc/NswXP3oWFz/dlhc/G+wXP3f8Fz9PdBc/GAIYP5wyFz+WzRc/qvQWP+7uFz9yvRc/
ZVcYP5GgFz85Ghg/wR4YPzpIGD/Swxc/QjMYP2RhFz+z5BY/HdgYPwJtGD9G/hc/ir0YP697
GD8fZxc/8GYYP/uWGD/9bRg/aU8YP7X7GD8kPRc/qsIXP9NHGD8HtRg/nHYYPxV6Fz9EWBk/
l0oYP8oGGT8EDBg/RzIYP9SqFz/LUhk/1xIZP3m8GD+7ohk/rmYZP7+iGD9vBBk/8bEYP4yW
GT9Ttxk/LCoZP1FxGT+ehRg/ScwYP7YdGT9/Xhg/IVYaPxO7GD94uxk/vfMYP42dGT8orxg/
6o8YP7kcGj8Wehk/74MZP14gGj+sPxo/IfMZP130GT/8rRk/9lkYP0WqGD+Dqhk/lMwYP07w
GD/m5xk/T1MZPyq6Gj9gvxk/H7IaP7rlGT9VARo/WpYZP1YZGT+M6xk/Oh4aP+lyGj/f/xk/
dx8aPzqiGT9WuRk/A30ZP2/IGD/ZVho/H60YPwV+Gj8uqBo/1UIZP0wrGj+3mBk/YdYZP73c
GT9uSBo/V0UbP+KPGz8s/Bk/DKMaP+0dGz+/3Ro/1+oZP1fNGz/3iBo/UZUZP7DWGj9aGRs/
6eIaPyMFGz/yxhs/YDMbPw4UGj/Dzho/RnsbP5Y5Gj/cPRo/aj0aP58OGz9x3Bs/PRkaP+N0
Gz/SHxs/zPEZP+trGj9SlBs/e/IbPyg2Gz9WNhs/jzobP0SsGz8gsho/BcMbP/KYGz+fURw/
5vsZP7EYHD9Zbhs/fKwaP9KkGz8+WBs/VM8aP/oeHD9q5xs/ghkbP7bcGz891Bo/TaQbP/Gm
HD9aGRw/REAbP+TtGz+4CBw/WAscP288Gz+IMBw/2KAbP1kNHD9Xuxs/YwYcP73kGz8D7Rs/
5pwbP0MIHD81mhw/aZcbP7RiGz+MfRs/ZsgcP1LrGz897ho/y1EcP107HD/3Yhs/PUAcPyGp
Gz/Ooxs/wAocP1rvGz/suhw/FE8cP+E6HD8/7Bw/PdkbPwK/HD9iLR0/yYcdP57THD88Khw/
FU0dP2S+HD8Zchw/ipYcP7l0HT9e+Rs/regbPwOGHT8YAB0/gMkcP5SKHD/SrBw/Y6UcP+XN
HD/piRw/VBYcP8bzHD/XtBw/nDocPwy0HD+ryRw/e88dP9FUHD+qxB0/H00dP29HHT9/BBw/
CYgcP1dxHT9M+Bw/oRodP2fmHD+K4Rw/WMUcP/R6Hj+MgR0//cQdP6L0HD/VVR0/nIEdPwXY
HT8pYx0/3j4dP7DMHT9xTh0/TRodP0OCHT+fJx4/8TAeP8ZAHT+ZQh0/cQweP7PXHD/MBB0/
XOIdP+C1HD/EYB4/Oj4ePxltHT8cWB0/</AssayYData></Step></KineticsData></ExperimentResults>
