<?xml version="1.0" encoding="UTF-8" standalone="yes"?>
<ExperimentResults><ExperimentInfo Name="20250917 PE P5216 - 5377 plate 2 kappa 50 ugl"><ExpDescription>AHC example method - full characterization&#13;
Analyte titration series with reference channel</ExpDescription><RTDVersion>2.0</RTDVersion><RunID>D3453E7F-D910-462D-B051-2D13E2863725</RunID><ExperimentType>KINETICS</ExperimentType><ExperimentSubType>KBASIC</ExperimentSubType><StartDateTime>2025-09-17T15:40:23</StartDateTime><MachineName>BN7KX12</MachineName><UserName>octet</UserName><LotNumber></LotNumber><PlateName>250917</PlateName><PlateName2></PlateName2><SensorName>F2</SensorName><SensorPlate>1</SensorPlate><SensorType>AHC (Anti-hIgG Fc Capture)</SensorType><SensorRole>LIGAND</SensorRole><SensorInfo></SensorInfo><WritingSW>DataAcquisition.exe 11.0.2.1</WritingSW><InstrumentType>OctetRED96</InstrumentType><InstrumentSerial>FB-50284</InstrumentSerial><InstrumentFW></InstrumentFW><IntegrationTime>3.0</IntegrationTime><DSPType>CPF</DSPType><DSPStitching>1</DSPStitching><HasManifest>1</HasManifest><InfoHash>884671051</InfoHash></ExperimentInfo><AssayParamsInfo/><KineticsData><Step><CommonData><SampleLocation>1</SampleLocation><SampleID>Running Buffer</SampleID><SampleGroup></SampleGroup><SampleInfo></SampleInfo><SampleRow>F</SampleRow><SamplePlate>1</SamplePlate><WellType>BUFFER</WellType><Concentration>-1</Concentration><ConcentrationUnits>µg/ml</ConcentrationUnits><MolarConcentration>-1</MolarConcentration><MolarConcUnits>nM</MolarConcUnits><MolecularWeight>-1</MolecularWeight><Temperature>30</Temperature><StartTime>612978</StartTime><AssayTime>180</AssayTime></CommonData><FlowRate>1000</FlowRate><StepType>BASELINE</StepType><StepName>Baseline 1</StepName><StepStatus>OK</StepStatus><ActualTime>179.998</ActualTime><CycleTime>0.2</CycleTime><AssayXData Points="900">bxKDOqjGSz66Scw+EFgZP83MTD8AAIA/cT2aP28Ssz8IrMw/okXmP2IQAEBqvAxAmpkZQARW
JkAzMzNAAABAQM3MTECamVlABFZmQNEic0AAAIBAZmaGQJzEjEAzM5NAaJGZQM/3n0C0yKZA
nMSsQDMzs0BokblAYhDAQDVexkDNzMxAMzPTQGiR2UDP999ANV7mQJzE7EACK/NAaJH5QM/3
/0AzMwNBTmIGQYGVCUG0yAxBkxgQQRsvE0FOYhZBgZUZQbTIHEHn+x9BMzMjQWZmJkGBlSlB
zcwsQef7L0EbLzNBTmI2QYGVOUHNzDxB5/s/QRsvQ0EIrEZBmplJQbTITEEAAFBBGy9TQeF6
VkGamVlBzcxcQQAAYEEzM2NBZmZmQZqZaUHNzGxBAABwQTMzc0FmZnZBmpl5Qc3MfEEAAIBB
mpmBQTMzg0HNzIRBZmaGQQAAiEGamYlBMzOLQc3MjEFmZo5BAACQQY2XkUEzM5NBzcyUQWZm
lkEAAJhBmpmZQWQ7m0HNzJxBZmaeQQAAoEGNl6FBMzOjQc3MpEFmZqZBAACoQZqZqUEzM6tB
zcysQWZmrkEMArBBmpmxQTMzs0HNzLRBZma2QQAAuEGamblBMzO7Qc3MvEFaZL5BAADAQZqZ
wUEnMcNBwcrEQWZmxkEAAMhBCKzJQTMzy0HBysxBZmbOQfT9z0GamdFBJzHTQc3M1EFmZtZB
9P3XQY2X2UEzM9tBwcrcQWZm3kH0/d9BjZfhQScx40HNzORBWmTmQfT950GNl+lBJzHrQc3M
7EFaZO5BAADwQZqZ8UEnMfNBwcr0QWZm9kEAAPhBmpn5QScx+0HNzPxBZmb+QQAAAELNzABC
k5gBQmBlAkIzMwNC+v4DQtPNBEKTmAVCYGUGQi0yB0L6/gdCbecIQpOYCUJgZQpCLTILQvr+
C0LHywxCk5gNQmBlDkItMg9C+v4PQsfLEEKamRFCYGUSQi0yE0L6/hNCx8sUQpOYFUJgZRZC
LTIXQvr+F0LHyxhCk5gZQmBlGkIzMxtC+v4bQvLSHEKamR1CYGUeQjMzH0L6/h9Cx8sgQpqZ
IUJmZiJCLTIjQgAAJELNzCRCk5glQmZmJkIzMydCAAAoQs3MKEKamSlCZmYqQjMzK0IAACxC
zcwsQpqZLUJmZi5CMzMvQgAAMELNzDBCrJwxQmZmMkIzMzNCDAI0QlrkNEKamTVCbWc2QjMz
N0IAADhCzcw4QpqZOUJgZTpCMzM7QgAAPELNzDxCk5g9QmBlPkItMj9CAABAQs3MQEKTmEFC
ZmZCQlI4Q0IAAERCzcxEQpqZRUJmZkZCMzNHQvr+R0LHy0hCk5hJQmZmSkIzM0tCAABMQs3M
TEKamU1CZmZOQi0yT0L6/k9CzcxQQrKdUUJgZVJCMzNTQvr+U0LNzFRCmplVQmBlVkItMldC
+v5XQsfLWEKTmFlCZmZaQjMzW0IAAFxC081cQpqZXUJmZl5CZDtfQvr+X0LTzWBCmplhQmBl
YkItMmNCAABkQs3MZEKamWVCZmZmQi0yZ0L6/mdCzcxoQr6faUJgZWpCLTJrQgAAbELNzGxC
k5htQmBlbkItMm9CBgFwQs3McEKTmHFCYGVyQi0yc0IAAHRCzcx0QpOYdUJmZnZCMzN3QgAA
eELHy3hCmpl5QmBlekItMntC+v57Qs3MfEKamX1CYGV+Qi0yf0L6/n9C42WAQs3MgEKwMoFC
F5mBQn3/gULjZYJCzcyCQrAyg0IXmYNCff+DQuNlhEJKzIRCsDKFQheZhUJ9/4VC42WGQkrM
hkKwModCF5mHQn3/h0LjZYhCSsyIQrAyiUKynYlCAACKQuNlikLNzIpCsDKLQpqZi0IAAIxC
ZmaMQs3MjEIzM41CmpmNQgAAjkJmZo5CzcyOQjMzj0KamY9CAACQQmZmkELNzJBCMzORQpqZ
kUIAAJJCZmaSQs3MkkIzM5NCmpmTQgAAlEJmZpRCzcyUQjMzlUKamZVCAACWQuNllkLNzJZC
MzOXQpqZl0IAAJhCZmaYQs3MmEIzM5lCmpmZQgAAmkJmZppCzcyaQjMzm0KamZtCAACcQmZm
nELNzJxCsDKdQpqZnUIAAJ5CZmaeQkrMnkIzM59CmpmfQgAAoEJmZqBCzcygQjMzoUKamaFC
AACiQmZmokLNzKJCsDKjQpqZo0IAAKRCZmakQs3MpELDNaVCmpmlQn3/pUJmZqZCSsymQrAy
p0KamadCff+nQuNlqEJcz6hCsDKpQheZqUIAAKpCZmaqQkrMqkIzM6tCF5mrQgAArEJmZqxC
zcysQjMzrUKama1CAACuQuNlrkLNzK5CMzOvQpqZr0J9/69C42WwQkrMsEIzM7FCF5mxQn3/
sULjZbJCSsyyQrAys0KambNCff+zQmZmtEJKzLRCsDK1QheZtUIAALZC42W2QkrMtkKwMrdC
F5m3QgAAuELjZbhCSsy4QrAyuUIXmblCff+5QmZmukJKzLpCsDK7QpqZu0IAALxCZma8Qs3M
vEKwMr1CF5m9Qn3/vULjZb5Czcy+QjMzv0IXmb9CAADAQmZmwEJKzMBCMzPBQheZwUIAAMJC
42XCQkrMwkIzM8NCmpnDQgAAxELjZcRCzczEQjMzxUKamcVCiQHGQvxpxkLNzMZCMzPHQpqZ
x0IAAMhCZmbIQs3MyEIzM8lCmpnJQgAAykJmZspCzczKQjMzy0KamctCAADMQmZmzELNzMxC
MzPNQpqZzUIAAM5CZmbOQs3MzkIzM89CmpnPQn3/z0JmZtBCe9TQQrAy0UKamdFCff/RQmZm
0kLNzNJCMzPTQpqZ00IAANRCZmbUQkrM1EIzM9VCmpnVQgAA1kJmZtZCzczWQjMz10IXmddC
AADYQmZm2ELNzNhCMzPZQpqZ2UIAANpCZmbaQs3M2kKwMttCmpnbQn3/20JmZtxCSszcQjMz
3UKamd1CAADeQuNl3kLZzt5CMzPfQpqZ30IAAOBC42XgQs3M4EIzM+FCmpnhQgAA4kLjZeJC
SsziQrAy40IXmeNCff/jQmZm5ELNzORCsDLlQqab5UIAAOZCZmbmQs3M5kIzM+dCF5nnQn3/
50LjZehCXM/oQjMz6UIXmelCff/pQuNl6kJKzOpCsDLrQpqZ60IAAOxCZmbsQkrM7EKwMu1C
F5ntQn3/7ULjZe5CzczuQrAy70IXme9Cff/vQmZm8ELNzPBCMzPxQheZ8UJ9//FC42XyQs3M
8kI/NfNCmpnzQn3/80JmZvRCzcz0QrAy9UKamfVCff/1QmZm9kJKzPZCsDL3QheZ90J9//dC
42X4QkrM+EKwMvlCmpn5Qn3/+ULjZfpCzcz6QjMz+0IXmftCPQr8QuNl/EJKzPxCMzP9QpqZ
/UIAAP5CZmb+Qs3M/kIzM/9Cmpn/QgAAAEMzMwBDZmYAQ5qZAEPNzABDAAABQzMzAUNmZgFD
mpkBQ83MAUMAAAJDMzMCQ2ZmAkOamQJDzcwCQwAAA0PyMgNDZmYDQ5qZA0PNzANDAAAEQzMz
BENmZgRDmpkEQ83MBEPXAwVDMzMFQ2ZmBUOamQVDkc0FQwAABkMzMwZDZmYGQ5qZBkOLzAZD
AAAHQzMzB0NmZgdDmpkHQ83MB0MAAAhDMzMIQ2ZmCENYmQhDi8wIQwAACUPyMglDi2wJQ1iZ
CUPNzAlDAAAKQ/gzCkNmZgpDWJkKQ83MCkMAAAtDMzMLQyVmC0NemgtDi8wLQ77/C0MzMwxD
JWYMQ5qZDEOLzAxDvv8MQ/IyDUMlZg1DWJkNQ4vMDUMAAA5D8jIOQyVmDkM1ng5Di8wOQwAA
D0PyMg9DJWYPQ1iZD0OLzA9Dvv8PQzk0EENmZhBDmpkQQ83MEEO+/xBD8jIRQ2ZmEUNYmRFD
i8wRQ77/EUPyMhJDqGYSQ1iZEkOLzBJDvv8SQzMzE0NmZhNDWJkTQ4vME0O+/xND8jIUQyVm
FENYmRRDzcwUQ77/FEMzMxVDrmcVQ1iZFUOLzBVDvv8VQ/IyFkOoZhZD25kWQ4vMFkMAABdD
8jIXQyVmF0NYmRdDi8wXQ77/F0MzMxhDZmYYQ1iZGEOLzBhDAAAZQ3UzGUNmZhlDWJkZQ+zR
GUMAABpD8jIaQyVmGkNYmRpDzcwaQwAAG0MzMxtDZmYbQ5qZG0PNzBtDAAAcQzMzHENmZhxD
mpkcQ83MHEMAAB1DMzMdQ2ZmHUOamR1DzcwdQwAAHkMzMx5DZmYeQ1iZHkOLzB5DAAAfQzMz
H0NmZh9DmpkfQ83MH0MAACBDMzMgQ2ZmIEOamSBDi8wgQ77/IEMzMyFDmG4hQ5qZIUPNzCFD
AAAiQzMzIkNmZiJDmpkiQ83MIkMAACNDMzMjQ2ZmI0OamSNDzcwjQwAAJEMzMyRDZmYkQ5qZ
JEPNzCRDBgElQzMzJUMlZiVDWJklQ83MJUMAACZD8jImQ2ZmJkOamSZDzcwmQwAAJ0MzMydD
qGYnQ5qZJ0PNzCdDvv8nQzMzKENmZihDmpkoQ4vMKEMAAClD8jIpQ2ZmKUNYmSlDzcwpQwAA
KkMzMypDZmYqQ1iZKkPNzCpDAAArQzMzK0MlZitDmpkrQ4vMK0NOAixD8jIsQyVmLEOamSxD
i8wsQwAALUPyMi1DJWYtQ5qZLUOLzC1Dvv8tQzMzLkNmZi5DmpkuQ83MLkO+/y5D8jIvQyVm
L0NYmS9Di8wvQ77/L0P4MzBD8GcwQ5qZMEOLzDBDvv8wQ/IyMUNmZjFDWJkxQ83MMUMAADJD
8jIyQyVmMkOamTJDi8wyQ77/MkPyMjNDqGYzQ5qZM0OLzDND</AssayXData><AssayYData Points="900">AAAAAAoQtDtWbQA7ItaaO4BCgjs1SMY7W60UPPOlFjxLke076vy4Oz+J+TuG8hI8XpMEPPLO
GTxiXBI8DgEPPFiStzuCWQw8WQzYO2vRADyFFRA8FGr+O31c6TuEaBM8kMomPMkB+jsx2h88
U9ApPEYe7ju4bZ478UcXPHxBDTzOsZg7gtg9PNimYTtYhAc8LWQIPESQJDxJTMo7abMxPNIu
Ajy13f07wVUQPCnN9zu9zwk8gisQPAgLGjxDbA48MicHPJHjgTuBryQ8O9ECPCPZCTxakSM8
YcX1O4pIMjz8MaQ7M4roO5I1Rzz/QOU7rYAIPIz2UDySh8E7alkMPCbSGTzIxxo8ESYiPOPt
tjvl7N073xwLPJdZbTtky/o7SeT/O1ghETzjR0M8TS/RO9cEPjyGZgg83ykAPIKJmjti2Jw7
tQXlOwgp8DvKPCI8DTYGPCzXADyJxvI737KzO8EUJjzO8/o7F4LMO05v1jsFV/07jzHOO4Xu
CTyRp987VN7/OiIr4jtc3SA8AoDSO1Q1ojufNQc824RnOwEJCjy2eN47xq7fO7G8gzvq7OA7
8CEHPBXy9TvZs88720qIO2+fpTtPiMo7ePOrO3a31DvuHLs7xzPFO2ngDzwbyZY7l6fCO0A2
BTz/ZvY7bpHQO9dICDxNQNc7+sdLO/n4CjwVMUc7B9ejO+F8ETz8jTE71AdIO/xmgTv/Z0Q7
5mRhO//c1DuMRP87XC74O74HXDuVlAY8rS+lOzyjozuoBtM7VYafOxyrATyV3dQ7vrnVO2Ad
BzwtWb87cJYjPE785TrFCM47wm+0OyF+gjuP0zE7y46TO7gxvDsmcUk6f9aIOxZNCDwcZm07
hktnOxzehTtCV2s7njX6O3JK1zshYZI7lbYGPOlW6zvU84A7T2HBO3+FgDuX5Pw7+PaWO/xB
vjuimc47/g1gO+OI+TsyAcE7ymnWO5/hIjyEehY75pekO47IqTsl5Lw7w/gfPCYz2Dt+BMQ7
K/mcOzrgoDvlEBk8qmCFO2eXfzuTwJ07YnSbO+jVwDuzYeY7fXNnO4zQ/zuzuXM7ujIFPJe4
gDtzSOs7grAPOzompTs0sxY8WZ6qOxEaEDxDVdc7xhR6O1qcnDvbixM7wtSbO4PpZjsNQG07
D4GBO2w8CTyMQYQ7j1CiO072xjs/Sqg7tcHFO+ashztsQgs8lPOhOxppBzz9R5E7qbBkO/vx
yDuuhFk7P2fVO7sCSDvxQNw7N9iLO8+RlDsFr6k7EomxO67e1zigCAA7urWfO/KSWjtbiLE7
xhV8OzcSyjvFqlc7MlcnOwPE/jqVmaM7aSmTO+CJSzvUh547J4qnO7Al0zsK2Mo74k1LO8Yv
4jti6k07QHO1OwpRrDvz0ZQ7SZykO8LgITtr2R47WfimOgR9mTt1N8g5sUZcO8UjHjtd6Y66
47vPO/CCSzsa49A7sjynOk+MiTtIohE7KEyAOgAkfTuuB8Y7cMelOwMSPjspkKE7FnEIO0En
DTu+NpA7hmR0Ox2fVDvtsKI6nj8gOzGHqTvsZ487tE6dO607iTuPojc7UnGMOoaEmjtEsIY6
Jb+uOy0phDu4dcs7RPtnO8lXMTs13rY7ZZy0O1cZmTviIQ07ZU8CO9bPsTpUjXM7TzT5OvG9
dDsk+cw7GwqOO8e5MDswn3U78ifxO5cGQbpM6YQ71XXrO/D6gjvBg587sdulOzpi7ToY25Q7
fO+AOoUjRjuc2Xw7cUmdO/prNzuUFFk7585tOwbXWzv5/io7nLmpO4+OnLfoF+c6wASWOwjF
wLqtazk7HKkIO80y7Dp+cIk7kHVrO80fTDuQZ063A79gOwPnKDvlPyU7a0RmO4ua27nhzlc7
YIDTtux8uDvCZmW6Iq79Op6IvDt8lbY7Zty/O7QrsjuWNfg5dwUJO1KKzDto9lE7OYnKOiJL
rTv820g6YiyDOy1Cnzu1SBs7WadiOzkYEzrOgUY7MaPDOgJNezuysHc7mHueOwi8bDtCN1Y7
jQ1mO7xzMjv68qE6nDWPO3Fh7bqYsGY7HrJaOad4FDz0IF47kC1jO9Qbwzq1iMA6pn5nOxNw
1DpGmB07wE6qO4SPsTvChzI7OZBbO4N2/rocEco7qIWoOyS2FDtZeIk7OvY2O3YJ8jrGE4w7
GBtTOzXP8rjnJj87NnQ9OxBC/ToNq2s7THJiO68PrjlmEm473DdXOte5aTsUzZg747oiO9NQ
QTodZ686fUtUOwQX4jm1fIM7sKvhOjKC3ToPeFM6mIE4O3z9sDp56oU7WOtGO5VIIDt8uk23
L0RNumPr5jo79FA7OjcjOX6cFDpoMoS6FCLLN8bgRzusO1k6Vy5OO4KBATtM0+86LZP2OoMq
kDvh4XI7Df3BOuKjgzoDyMM6wZsxOk4JJzuHhbk7G7EbO28KQTtQEYI66iSHO/RzqjtB5Kq5
i+SQOme+VDs/Vzi7zPcUO4l/VDveOoY5+UQTOx9C7Dvb7aE6o22yOziS7TrzcZ07QL+zO5Hs
HztxG4E7J26VuhH/pjtaWy07SQYZO5ONtDq8gGM7Fdo3O/2MeDtY4l07bq8YOqg+Ojt8QbA5
wxGMO94rlDvinLA7KKdfOydaPzuamhc75mWrO0yt1jqkKMA7y3DXO0f07zvO/bg6D2f4Oo6s
WjtNb0c5UopdO8ibgDpUfYU6L6LYOlBkRju3V2k7ECZ/O4twP7oNlzQ64SCfujcyeDu5OyE7
QNcyOyN2BLs6oAc7KfN7O2uOFjt4YTA7p8wCOqUFSrq+bps7nKYNunSnNLq4W6E60HzeOVk5
XjvHMCq6x1OsO0fSsTvTJFg5Q/iFOuP3/zq5TJu5thEPO/UrXTuRHXY7vz2GOmM5eTuGjww7
Mt0LO4poWjrC6iI5lQ6OOjq7gjsnY5w7mn1nuu0sujoSDuo6iKbPOo+zXDv1s5Y7VbBcOopm
6bdCMSA7GNI6Okcv5Dot8w+7rH4tOwi8rTo1J5K6KzeNOzmOBTd4igE7PJBGO/5V+jqnC0E7
J7sXu4SADrr6jd85Z5/uOvy+vbom8gY7XqUYO6T29Dqqcnm6/xmVOsud3zqV1nc7QD4WO+Tq
kTtrbwo7e5YTuwwZ7jqbhEI7GminOgnAu7lgwKU5/BEruzjfTjt/C2A7jxoxO/2gZju5NCE7
vO4rOk/pJztF90I7BTJyO075CDpA2oa6YZSzurzsFrkpgT66fzsHOG+Hjjr2e2G5lcIxOz47
UzvnoVY6qo20upmMkrfB6AG7UNAWO2r9QztifbQ78i0AOsHExDoCABa7ak2NunMSjjriDj06
cmbYOgiKzTpOOC67T2GcuiucSzumnSU638NmO78smDqLp4s6DD8FOcwV6LlTXxI6VRhZOtWe
OLt63l87f7d3OxE+fzmoYwC6pGE9Os4IE7tmZQs7pz96OoPb6DqIduG6u19WOwKvhzryini6
lfgEuoq4zTisrTA6JE48OgX0iDdkQzu7x37OOvruCbtGfbG6sKavun9qADvyRwU7/pnwOrxq
3rlyvqs6Nlu+uhKAPLvtRkw7ueUlOVJdyrrv+vQ6cIyUOpNRRzrrh6W2lyhAO6uIJbvHkno6
HxQgOLpHlroeEuU6gDOHup9xJjskkfg4YepIO5SgXDvCqOQ5f8EVO/xjMzrXOiK7eKI/O+vE
5rrJwB07FPrMusDM7TpeBWs7+OrDOv5TBLooVbS6v3QVO5yaTzokx+Y6C3HAOqkJpDod+M26
wXIuO3o47zooMTY5BKUnOwAGWzqSwyK6ei8pO9Lt5DoetUw7L+kGu/WqMzvJhOq6pqcGO1RZ
DTuIyb46/RxJO89aIrvRBRC5InvSurekezvG7Vw7nCwQOw7tFbsKIRG7bK6KOpV1oDphe4a7
pBKFu6VUBzleYgM7fu+gOjNWsTpordw6KFeLOrnLkbreVc66G7ryudHffrsvhRE6BAn3uiQs
3LiCI5I6hlFDu9ciDLqBnoY655GqOfEMaLtTlJg6/hibOulY4LkGhXM6YJ8IO5eQ0bqxFxS6
ogpotzeQkbnU9Yg6my0jueiaRrv88zi7fuMZujoozrm9Aag5Pi8qO+rEmrrNjS27SEsKuxH/
Azs3v8+63bSEuthNR7v2A2A4XPqsurdrcbtsBg27FPQbuyvsFLvwMAi624Hvui2/QDr/KSO6
WM1du3ytvjo23YS7gm9Zu98QTrtAIEc5GV8Cu6E4szmjdHe7pBD6Okb+8Lri3Qe5gkM2OY03
Wjrp6h058yjVuiG3tzqDrnW6g6a5uRLSoTVUPge6q0OQOByyG7tEHqi74DkwunKu1zkkyxW7
mmTGuRMwH7d1tZg5YBPQutPSpzp2Xb66YEM1u9v46DohbyK6bS2pOc3ZQbsym3A6P1VVOi/y
7rrLNKE5gvqNu4YfbDplaU05vKr8OQAHmLp6/ik7crZOu2vEsLo+ORE7VDy/uowODzqVz746
ZuDfug7Sxrlx/Fs60C1YOZgqizoBSFi7VJ9iuyPglbkADDa7EVPWOX94i7oyQra6EvmRuTdF
QLpoEAq79kh2ugltIDnCfTO5OiuIuYUSOjoXu4y7ANMStYkqqbokv/O5g5qxOsmbZDox/jK7
ZslOOvIqmrtSIWS6Rt8Ru+kpHrulcKm5TMW3Ou33xTrz0p86AEscuyyzzDraTTg7mm0mOwA6
s7nX3vS5JVWSOmeOGbuxIYu69xcQt+PwqDrvLBu7GsAEuzGpU7p+KZY6VNqGObPci7q4fM+6
UeCoOlMK47rcL/26cWE6OsIqojmjX8m6XhqCuhykJLua+MG5</AssayYData></Step><Step><CommonData><SampleLocation>2</SampleLocation><SampleID>10mM Glycine pH1.7</SampleID><SampleGroup></SampleGroup><SampleInfo>or other Regeneration solution</SampleInfo><SampleRow>F</SampleRow><SamplePlate>1</SamplePlate><WellType>REGENERATION</WellType><Concentration>-1</Concentration><ConcentrationUnits>µg/ml</ConcentrationUnits><MolarConcentration>-1</MolarConcentration><MolarConcUnits>nM</MolarConcUnits><MolecularWeight>-1</MolecularWeight><Temperature>30</Temperature><StartTime>969224</StartTime><AssayTime>20</AssayTime></CommonData><FlowRate>1000</FlowRate><StepType>CUSTOM</StepType><StepName>condition</StepName><StepStatus>OK</StepStatus><ActualTime>20</ActualTime><CycleTime>0.2</CycleTime><AssayXData Points="100">vv8zQ/EyNEPjZTRDFpk0Q0nMNEN8/zRDsDI1QyRmNUMWmTVDScw1Q3z/NUOwMjZDJGY2QxaZ
NkNJzDZDAAA3Q7AyN0PjZTdDFpk3Q0nMN0O+/zdD8TI4QyRmOENYmThDi8w4Q77/OEPxMjlD
JGY5Q1iZOUOLzDlDvv85Q/EyOkMkZjpDWJk6Q4vMOkO+/zpD8TI7QyRmO0MWmTtDScw7Q77/
O0PxMjxDJGY8Q1iZPEOLzDxDvv88Q/EyPUPjZT1DWJk9Q0nMPUO+/z1D8TI+QyRmPkNYmT5D
i8w+Q77/PkPxMj9DJGY/Q1iZP0OLzD9Dvv8/Q/EyQEMkZkBDWJlAQ4vMQEO+/0BD8TJBQyRm
QUNYmUFDi8xBQ77/QUPxMkJDJGZCQ1iZQkOLzEJDvv9CQ/EyQ0MkZkNDWJlDQ4vMQ0O+/0ND
sDJEQyRmRENYmURDi8xEQ3z/REPxMkVD42VFQxaZRUPMzEVDvv9FQ7AyRkMkZkZDWJlGQ0nM
RkN8/0ZD8TJHQ+NlR0MWmUdDi8xHQw==</AssayXData><AssayYData Points="100">cYCrvkXdkr6sgYW+qhp6vhRcc75oD3W+uXVwvlHtdL6ROHm+D2aAvpDOgb52K4W+cY6Gvmek
ib7WO4u+ADmNvvh0jb6Ba5G+GaiSvoorkr76/5a++7GYvuuMmr5925q+uS2dvgQfnr6s/Z++
gA2gvlIZob4M6qG+t1ejvrK9pb48BKa+75KmvrKgqL6geKi+PV2qvvmrq76L6qq+CeKsvgQ2
r76eOa++hX2xvlnrsL5ZIrK+NEKzvlsas77BnrS+e9S0vh4otr7R77e+hiO4vj13t77DWLi+
nV24vnBkur5cMbu+vfm7vrfrvb4+G72+dfC/vrsgwL6Xg76+t9XAvrPJwL6l58K+WpnBviPX
w76zPsO+VDbFvpOcxL4A5sS+UZ/FvrF1xr5Zp8e+s0vIvsDmyL4tvsm+RCPLvgvky76lrMu+
ZubKvk9uzb71RMy+L6fMvrzTzb7CWc6+G+LPvg+Gzr5uO8++VB/PviAb0L6quc++WuHQvmBT
0r4+bNO+dsTTvjhG0r5EldO+MKTUvg==</AssayYData></Step><Step><CommonData><SampleLocation>1</SampleLocation><SampleID>Running Buffer</SampleID><SampleGroup></SampleGroup><SampleInfo></SampleInfo><SampleRow>F</SampleRow><SamplePlate>1</SamplePlate><WellType>BUFFER</WellType><Concentration>-1</Concentration><ConcentrationUnits>µg/ml</ConcentrationUnits><MolarConcentration>-1</MolarConcentration><MolarConcUnits>nM</MolarConcUnits><MolecularWeight>-1</MolecularWeight><Temperature>30</Temperature><StartTime>994887</StartTime><AssayTime>20</AssayTime></CommonData><FlowRate>1000</FlowRate><StepType>CUSTOM</StepType><StepName>condition</StepName><StepStatus>OK</StepStatus><ActualTime>20.02</ActualTime><CycleTime>0.2</CycleTime><AssayXData Points="100">vv9HQ7AySEPjZUhDFplIQ0nMSEN8/0hDsDJJQ+NlSUOfmklDi8xJQ3z/SUOwMkpDJGZKQ1iZ
SkNJzEpDfP9KQ7AyS0PjZUtDFplLQ0nMS0N8/0tDsDJMQ+NlTEMWmUxDScxMQ3z/TEOwMk1D
42VNQxaZTUNJzE1DfP9NQ7AyTkMkZk5DFplOQ0nMTkO+/05D8TJPQyRmT0OZmU9DScxPQ77/
T0PxMlBDJGZQQ1iZUEOLzFBDvv9QQ/EyUUMkZlFDWJlRQ4vMUUO+/1FD8TJSQyRmUkNYmVJD
i8xSQ77/UkP3M1NDJGZTQ1iZU0OLzFNDQQBUQ/EyVEMkZlRDWJlUQ8zMVEO+/1RD8TJVQyRm
VUNYmVVDi8xVQ3z/VUPxMlZDJGZWQ1iZVkOLzFZDvv9WQ/EyV0OoZldDXppXQ4vMV0N8/1dD
sDJYQyRmWEMWmVhDi8xYQ77/WEOwMllD42VZQ1iZWUOLzFlDvv9ZQ/EyWkPjZVpDWJlaQ0/N
WkO+/1pD8TJbQ+NlW0MWmVtDqtFbQw==</AssayXData><AssayYData Points="100">PW0+vTAMu70D8+u9twH9vRK5/r13tAG+Y5QFvuPVA75qTQO+CgH9vUuY/b1gZve9NDX2vSCj
972YmvS9shnrvVDm8b2tcO69hcbpvVdy7b2uf/C943jpvULG473kbum9yU7mvWak3L3Kt+G9
U1TavQx36b12G969LFLhvcLd472gu9a9gDfWvSuW1L0qGta92xbevTYD3L35PNe9JRbdvUMt
1b0gjdS98qfVvYFT0r1mjde93//QvfrW073V8M69gaHWvSqu0L1K7s29MjrLve3k1b2Tcsi9
1Q3KvfBV0b1pxM697LjQvd5yyr0TPMe93cfUvQeazb0f8M29eurPvfjvyr04/8e9z5jPvWUF
zr1EGM69QMrFveEwx73rsca9EMbIvZ/Nz71hG8y9zP/CvfK5x70Lys290WTNvXhJxL0U9MG9
z3PHvX0bxr1jsMS91dHLvYNPzb04dMu94THDvbXrw721kM29jxXKvf7bwr1f/8C9bbXDvS67
x70OaMy9MTfKvcorxr0x9sm9PYLDvQ==</AssayYData></Step><Step><CommonData><SampleLocation>2</SampleLocation><SampleID>10mM Glycine pH1.7</SampleID><SampleGroup></SampleGroup><SampleInfo>or other Regeneration solution</SampleInfo><SampleRow>F</SampleRow><SamplePlate>1</SamplePlate><WellType>REGENERATION</WellType><Concentration>-1</Concentration><ConcentrationUnits>µg/ml</ConcentrationUnits><MolarConcentration>-1</MolarConcentration><MolarConcUnits>nM</MolarConcUnits><MolecularWeight>-1</MolecularWeight><Temperature>30</Temperature><StartTime>1020670</StartTime><AssayTime>20</AssayTime></CommonData><FlowRate>1000</FlowRate><StepType>CUSTOM</StepType><StepName>condition</StepName><StepStatus>OK</StepStatus><ActualTime>20</ActualTime><CycleTime>0.2</CycleTime><AssayXData Points="100">3QRcQ883XEMCa1xDNZ5cQ2jRXEObBF1DEDhdQwJrXUN3nl1DaNFdQ5sEXkPPN15DQ2teQ3ee
XkOq0V5DmwRfQ883X0MCa19DNZ5fQ2jRX0ObBGBDEDhgQwJrYEM1nmBDaNFgQ5sEYUPVOGFD
AmthQ3eeYUPr0WFDmwRiQxA4YkNDa2JDd55iQ6rRYkPpBmNDEDhjQ0NrY0N3nmNDqtFjQ90E
ZEMQOGRDQ2tkQ3eeZEOq0WRD3QRlQxA4ZUNDa2VDd55lQ6rRZUPdBGZDEDhmQ0NrZkN3nmZD
qtFmQ90EZ0PPN2dDQ2tnQ3eeZ0Oq0WdD3QRoQ1I4aENDa2hDd55oQ6rRaEMlBmlDEDhpQ0Nr
aUN3nmlDqtFpQ90EakPPN2pDQ2tqQzWeakOq0WpD3QRrQxA4a0PTbWtDd55rQ6rRa0PdBGxD
EDhsQ0NrbEN3nmxDqtFsQ90EbUMQOG1DAmttQ3eebUNo0W1D3QRuQ883bkMCa25DNZ5uQ2jR
bkPdBG9DzzdvQ0Nrb0M1nm9DqtFvQw==</AssayXData><AssayYData Points="100">qZD6vo3x3r5FFMy+KYvAvoEnvb5u2bq+/FW7vpeNu75qyrq+gZa+vjMkv75hoMC+UbHBvhEV
xL6DKcK+DhjHvj3txb72A8a+/SXGvje+yL4Y3ci+Ku/Kvvj9y76rvcy+K9nMvmnIzb4qA9G+
1iDQvvmF0b6Xs9G+xpfSvgmZ0r49ddO+H6/Tvj481b6JKNS+tnTVvqcf1b58v9a+aC3Wvj6N
1r5NC9m+OUTYvpBT2b6fINu+AI3Yvmoj2r4gCdy+2F3dvglS3b6uHty+u7/dvnTn3r7eXOC+
+Djgvo594L7N2N++mRfgviOr4b61J+K+nfbhviSZ4r5Q6+S+6NnhvoHX4r6RbOO+3tfkvsN4
5b7PTuW+gmrkvkKk5L5Jc+W+5RHlvgtS6L4hMOe+Y77nvmxa6L594Oe+uxzqvlyb6L5+Lum+
kIHqvkV77L6Z+eq+lTHqvnjD6r6i6Oy+56/qvt7f674qfeu+/FjtvsA77b7vdO2+lxXtvnIn
7b446u6+mV/uvgZ0777x+vC+DJfvvg==</AssayYData></Step><Step><CommonData><SampleLocation>1</SampleLocation><SampleID>Running Buffer</SampleID><SampleGroup></SampleGroup><SampleInfo></SampleInfo><SampleRow>F</SampleRow><SamplePlate>1</SamplePlate><WellType>BUFFER</WellType><Concentration>-1</Concentration><ConcentrationUnits>µg/ml</ConcentrationUnits><MolarConcentration>-1</MolarConcentration><MolarConcUnits>nM</MolarConcUnits><MolecularWeight>-1</MolecularWeight><Temperature>30</Temperature><StartTime>1046339</StartTime><AssayTime>20</AssayTime></CommonData><FlowRate>1000</FlowRate><StepType>CUSTOM</StepType><StepName>condition</StepName><StepStatus>OK</StepStatus><ActualTime>20</ActualTime><CycleTime>0.2</CycleTime><AssayXData Points="100">3QRwQ883cENDa3BDNZ5wQ2jRcEPdBHFDEDhxQwJrcUM1nnFDqtFxQ90EckPPN3JDAmtyQ3ee
ckOq0XJDmwRzQ883c0NDa3NDd55zQ6rRc0ObBHRDzzd0QwJrdEN3nnRDqtF0Q90EdUMQOHVD
Q2t1QzWedUNu0nVD3QR2QxA4dkNDa3ZDNZ52Q7bTdkObBHdDzzd3QwJrd0N3nndDaNF3Q90E
eEPPN3hDAmt4QzWeeENo0XhDmwR5Q883eUMCa3lDNZ55Q6rReUObBHpDzzd6QwJrekM1nnpD
qtF6Q90Ee0NSOHtDAmt7QzWee0No0XtDJQZ8Q883fEMCa3xDNZ58Q2jRfEObBH1DEDh9QwJr
fUM1nn1DaNF9Q90EfkPPN35DAmt+QzWefkOq0X5DmwR/Q883f0MCa39DNZ5/Q6rRf0NOAoBD
5xuAQ6I1gEM7T4BD1WiAQ26CgEMInIBDorWAQzvPgEPV6IBDbgKBQwgcgUOiNYFDO0+BQ9Vo
gUNugoFDCJyBQ6K1gUM7z4FD1eiBQw==</AssayXData><AssayYData Points="100">fKWrvWvV+L1Cgw++/TcbvrvLH77o0x2+R+8fvvSrHL71tB2+Wjkbvj94G76ExBi+XPgXvr4d
F77x/RW+wj0UvkNxE76mXxW+/ZUMvtbNEr7jTRK+IOcPviINEL5Hew6+gxIOvknbD77ubg2+
sSMQvgLVDr7Oyg6+Ln4MvkIvDr5i/wm+QNULvp2gCb7nrQq+fb4DvvafCL4JkQe+w2oMvvq9
B74l+Qu+rtQHvpbfCb40zAa+/pQGvoJPBb4pRwa+D4QIvn5PBb5nYge+RjAFvkKpCL5kawS+
HXgBvmTvBr74aQa+MOcGvst8Br67pwO+mZoEvsT5Bb4ddgW+ehQFvhSxBL7xzAO+JhwCvuUY
Br7ZjQG+03gEvhLXA75R1QG+pnEEvqHBBL5uDPy9c+gAvvEfAb7EPgC+i2wCvhbK/70sFQO+
upH+vU4TAL4dNwK+94cFvnMU/L0AwQK+/hUCvmB1BL74/QO+DPQAvnkI/L3g2gC+XiH+veul
BL6Pz/69fCP6ve4mAL4qefq9TTv5vQ==</AssayYData></Step><Step><CommonData><SampleLocation>2</SampleLocation><SampleID>10mM Glycine pH1.7</SampleID><SampleGroup></SampleGroup><SampleInfo>or other Regeneration solution</SampleInfo><SampleRow>F</SampleRow><SamplePlate>1</SamplePlate><WellType>REGENERATION</WellType><Concentration>-1</Concentration><ConcentrationUnits>µg/ml</ConcentrationUnits><MolarConcentration>-1</MolarConcentration><MolarConcUnits>nM</MolarConcUnits><MolecularWeight>-1</MolecularWeight><Temperature>30</Temperature><StartTime>1071861</StartTime><AssayTime>20</AssayTime></CommonData><FlowRate>1000</FlowRate><StepType>CUSTOM</StepType><StepName>condition</StepName><StepStatus>OK</StepStatus><ActualTime>19.999</ActualTime><CycleTime>0.2</CycleTime><AssayXData Points="100">bwKCQ+gbgkOiNYJDPE+CQ7VogkNvgoJDCZyCQ6K1gkM8z4JD1eiCQ28Cg0PoG4NDojWDQxtP
g0PVaINDToKDQwmcg0OitYNDPM+DQ7Xog0NOAoRDCRyEQ6I1hEM8T4RDtWiEQ2+ChEMJnIRD
orWEQzzPhEPV6IRDbwKFQ+gbhUOiNYVDPE+FQ9VohUNvgoVD6JuFQ6K1hUMbz4VD1eiFQ28C
hkMJHIZDojWGQxtPhkO1aIZDb4KGQ+ibhkOitYZDG8+GQ7XohkNvAodD6BuHQ6I1h0MbT4dD
tWiHQ06Ch0Pom4dDorWHQzzPh0O16IdDTgKIQ+gbiEOBNYhDG0+IQ9VoiENOgohDCZyIQ4G1
iEMbz4hDteiIQ04CiUMJHIlDgTWJQxtPiUO1aIlDToKJQwmciUOitYlD4M+JQ9XoiUNOAopD
6BuKQ4E1ikMbT4pDtWiKQ06CikM2nopDgbWKQxvPikO16IpDTgKLQ+gbi0OiNYtDPE+LQ9Vo
i0NOgotDCZyLQ4G1i0M8z4tDteiLQw==</AssayXData><AssayYData Points="100">BU8Hv96q976UuOW+QrXcvg1Y2L5Q/9O+RD/XvpRV1r5WdNi+0Y3XviAj2b4vstq+hG7bvjL+
3L5GE96+NNzdvn513r7BY9++2l3hvmam474ARuK+WRbkvruc5L6Z2OO+zLbkvkfP474K0Oa+
2Prnvtvx5r5B9ua+O6znviiL6r71bOu+7STsviGS6r7nseu+1+fsvvrR7b64sO2+3b7vvv6s
776J8+++fGLwvlaR7749D/C+b53xvvIT8b4xXfK+lu7xvtJt875+LfO+EqT1vnXn875/fPS+
VgX0vuw49L7W6vW+5k/yvnBi9L5y6fW+L2X2vrCU977Aufi+qfb4vnIL+L5rE/i+uzP5vlHj
+L6Vx/m+PED5vsMz+r6bSfq+hJn5vudB+74JX/2+UPT6vmJ0/L6NUvy+8gz9vv0+/b4SkP2+
qg78vnlT+75VD/6+4Ov8vsVu/772VgC/IZ7/vhT5/L4DYf++xhYAv+gD/r7aZP++rksAvw4t
AL+V5f++NSABv9alAL/6bwG/+gcBvw==</AssayYData></Step><Step><CommonData><SampleLocation>1</SampleLocation><SampleID>Running Buffer</SampleID><SampleGroup></SampleGroup><SampleInfo></SampleInfo><SampleRow>F</SampleRow><SamplePlate>1</SamplePlate><WellType>BUFFER</WellType><Concentration>-1</Concentration><ConcentrationUnits>µg/ml</ConcentrationUnits><MolarConcentration>-1</MolarConcentration><MolarConcUnits>nM</MolarConcUnits><MolecularWeight>-1</MolecularWeight><Temperature>30</Temperature><StartTime>1097373</StartTime><AssayTime>20</AssayTime></CommonData><FlowRate>1000</FlowRate><StepType>CUSTOM</StepType><StepName>condition</StepName><StepStatus>OK</StepStatus><ActualTime>20</ActualTime><CycleTime>0.2</CycleTime><AssayXData Points="100">TwKMQ+kbjEOCNYxD+06MQ5VojEMugoxD6ZuMQ4K1jEP7zoxDleiMQy4CjUPIG41DYTWNQ/tO
jUO1aI1DT4KNQ8ibjUNhtY1D+86NQ5XojUMuAo5DyBuOQ2E1jkMcT45DlWiOQy6CjkPIm45D
YbWOQxzPjkPW6I5DLgKPQ+kbj0NhNY9DHE+PQ5Voj0Mugo9D6ZuPQ2G1j0Mcz49DteiPQ08C
kEPpG5BDgjWQQxxPkEObaZBDT4KQQ+mbkEOCtZBDHM+QQ7XokENPApFD6RuRQ6M1kUMcT5FD
tWiRQ0+CkUPpm5FDgrWRQxzPkUO16JFDTwKSQ+kbkkOCNZJDHE+SQ7VokkNPgpJDrZySQ4K1
kkMcz5JDteiSQ08Ck0PpG5NDYTWTQxxPk0O1aJNDT4KTQ+mbk0OCtZND+86TQ7Xok0NPApRD
yBuUQ4I1lEP7TpRDlWiUQ0+ClEPpm5RDo7WUQxzPlEO16JRDTwKVQ+kblUNhNZVDHE+VQ5Vo
lUNPgpVDyJuVQ2G1lUMcz5VDteiVQw==</AssayXData><AssayYData Points="100">bOtPvPYIxb0amhC+sTElvvTcLr44dDW+qAQwvgDtL76W9DC+Mu4xvkXXL76GVDC+p/osvlu3
Lr4dzCu+RBMqvtUrKr74WCe+25ErvkuzI74sDSe+wPQmvr2GJr7f/iO+v9UhvsICI77L9CO+
assgvhkbIb4k+SC+W3Qhvja1Hr64QR6+cbMfvqcXIL52JB6+wdgivtvMHb75qR++JF8avvMG
Ib5abhq+IUIbvhm9Hr5d0hy+nEYavkPgHr4+2Re+d4savqasGr4Vwhq+JzkcvsIiG74Ajxy+
Mbkavj3sF75UwRq+QcMavnyvGL4ntRq+0TgZvp8NGL6Q4hq+TpUXvsFYFr5ZOhq+xsccvgEP
Fr4sPhm+s3AbvqgLGb44ohW+EqcVvtHfFL5X6RK+ylwYvsMXGb5LMhi+c1UWvgb3Er5HORe+
6hQWvvAXFb74BBe+6LcVvjOQF75Zfhi+XIUWvr1JFr4KJBS+fI4YvjkZGb6hyRO+pOIWvmih
Fr7dJBa+vdgVvs0/Er7wsxe+aAQWvg==</AssayYData></Step><Step><CommonData><SampleLocation>3</SampleLocation><SampleID>Running Buffer</SampleID><SampleGroup></SampleGroup><SampleInfo></SampleInfo><SampleRow>F</SampleRow><SamplePlate>1</SamplePlate><WellType>BUFFER</WellType><Concentration>-1</Concentration><ConcentrationUnits>µg/ml</ConcentrationUnits><MolarConcentration>-1</MolarConcentration><MolarConcUnits>nM</MolarConcUnits><MolecularWeight>-1</MolecularWeight><Temperature>30</Temperature><StartTime>1123544</StartTime><AssayTime>120</AssayTime></CommonData><FlowRate>1000</FlowRate><StepType>BASELINE</StepType><StepName>Baseline 120</StepName><StepStatus>OK</StepStatus><ActualTime>120</ActualTime><CycleTime>0.2</CycleTime><AssayXData Points="600">TwKWQ8gblkNhNZZD4E+WQ5VolkMugpZDyJuWQ2G1lkP7zpZDleiWQy4Cl0PIG5dDYTWXQxxP
l0OVaJdDLoKXQ+mbl0OCtZdDHM+XQ5Xol0MuAphD6RuYQ4I1mEP7TphDlWiYQ0+CmEPpm5hD
grWYQxzPmEO16JhDTwKZQ+kbmUOCNZlDHE+ZQ7VomUNPgplD6ZuZQ4K1mUMcz5lDteiZQ08C
mkPpG5pDgjWaQxxPmkOVaJpDT4KaQ8ibmkOCtZpDHM+aQ7XomkNPAptDyBubQ2E1m0P7TptD
tWibQ5GCm0Ppm5tDgrWbQxzPm0O16JtDTwKcQ+kbnEOCNZxDHE+cQ7VonENPgpxD6ZucQ4K1
nEMcz5xDleicQy4CnUPIG51DgjWdQxxPnUO1aJ1DT4KdQ+mbnUOCtZ1DHM+dQ7XonUNPAp5D
SxyeQ2E1nkMcT55DlWieQy6CnkNsnJ5DYbWeQ/vOnkOV6J5DcAKfQ8gbn0OCNZ9D+06fQ5Vo
n0NPgp9D6ZufQ2G1n0P7zp9DleifQy4CoEPIG6BDgjWgQ8BPoEOVaKBDLoKgQ+mboEOCtaBD
+86gQ5XooENPAqFDyBuhQ6M1oUP7TqFDlWihQ3CCoUPIm6FDgrWhQ/vOoUOV6KFDLgKiQ8gb
okNhNaJD+06iQ7VookNVg6JDyJuiQ4K1okMcz6JDleiiQy4Co0PIG6NDgjWjQ/tOo0OVaKND
T4KjQ8ibo0OCtaNDHM+jQ5Xoo0MuAqRDyBukQ2E1pEP7TqRDlWikQy6CpEPIm6RD5LWkQ/vO
pEOV6KRDLgKlQ+kbpUNhNaVD+06lQ5VopUMugqVDyJulQ2G1pUP7zqVDleilQy4CpkPpG6ZD
gjWmQ/tOpkP3aKZDT4KmQ+mbpkOCtaZDHM+mQ7XopkNPAqdD6RunQ4I1p0McT6dDtWinQ0+C
p0Ppm6dDgrWnQxzPp0O16KdDTwKoQwkcqEOCNahDHE+oQ7VoqEOQgqhD6ZuoQ4K1qEMcz6hD
teioQ08CqUPpG6lDgjWpQxxPqUO1aKlDT4KpQ+mbqUOCtalDwM+pQ7XoqUNPAqpDCRyqQ4I1
qkPgT6pDlWiqQ0+CqkPpm6pDgrWqQxzPqkO16KpDTwKrQ+kbq0OCNatDHE+rQ7Voq0MugqtD
6ZurQ2G1q0Mcz6tDteirQ/MCrEPpG6xDgjWsQxxPrEPWaKxDT4KsQ8ibrENhtaxDHM+sQ7Xo
rENPAq1DyButQ2E1rUMcT61DlWitQ0+CrUPpm61DR7atQ/vOrUO16K1DLgKuQ+kbrkNhNa5D
+06uQ7VorkNPgq5D6ZuuQ4K1rkP7zq5DteiuQy4Cr0PpG69DYTWvQxxPr0O1aK9DLoKvQ8ib
r0Nhta9D+86vQ5Xor0MuArBD6RuwQ2E1sEP7TrBDlWiwQy6CsEPpm7BDYbWwQxzPsEOV6LBD
LgKxQ8gbsUOCNbFD+06xQ5VosUMugrFDyJuxQ2G1sUMcz7FDleixQy4CskNsHLJDYTWyQ/tO
skO1aLJDLoKyQ8ibskNhtbJD+86yQ5XoskMuArND6RuzQ2E1s0P7TrNDlWizQy6Cs0Ppm7ND
YbWzQ/vOs0O16LNDcAK0Q+kbtENhNbRDwE+0Q7VotEMugrRD6Zu0Q4K1tEMcz7RDtei0Q08C
tUPpG7VDgjW1QxxPtUO1aLVDNIO1Q+mbtUOCtbVDHM+1Q7XotUNPArZD6Bu2Q4I1tkMcT7ZD
lWi2Q0+CtkPom7ZDgrW2QzzPtkO26LZDTwK3Q+gbt0OCNbdD+063Q7Zot0MugrdD6Ju3Qya2
t0Mcz7dDtui3Q08CuEPoG7hD5DW4Q/tOuEO2aLhDLoK4Q+ibuEOCtbhDHM+4Q7bouENPArlD
6Bu5Q4I1uUP7TrlDm2m5Q9iDuUPom7lDgrW5Q/vOuUO26LlDTwK6Q8gbukNiNbpD+066Q5Vo
ukNPgrpD6Ju6Q4K1ukMcz7pDlei6Qy4Cu0PoG7tDYjW7QxxPu0OVaLtDLoK7Q+ibu0OCtbtD
+867Q7bou0NwArxDSxy8Q4I1vEP7TrxDtmi8Q0+CvEPom7xDgrW8Q/vOvEOV6LxDLgK9Q8gb
vUNiNb1DHE+9Q7ZovUNPgr1DyJu9Q4K1vUP7zr1Dlei9Q08CvkPoG75D5DW+Q/tOvkOVaL5D
LoK+Q8ibvkOCtb5DHM++Q7bovkMuAr9DyBu/Q2I1v0McT79DlWi/Q/mDv0PIm79DYrW/QxzP
v0OV6L9DlwPAQ8gbwENiNcBDHE/AQ7ZowEMugsBDyJvAQ2K1wEMcz8BDlejAQy4CwUPIG8FD
gjXBQ/tOwUO2aMFDLoLBQ8ibwUNitcFDHM/BQ5XowUNwAsJDyBvCQ2I1wkP7TsJDtmjCQ0+C
wkPIm8JDYrXCQxzPwkOV6MJDTwLDQ+gbw0OCNcNDHE/DQ7Zow0NPgsND6JvDQ4K1w0Mcz8ND
OOnDQ08CxEPoG8RDgjXEQxxPxEO2aMRDT4LEQ+ibxEOCtcRDHM/EQ7boxENPAsVDyBvFQ4I1
xUMcT8VDtmjFQ0+CxUPom8VDgrXFQxzPxUO26MVDTwLGQ+gbxkOCNcZDHE/GQ5VoxkMugsZD
6JvGQ4K1xkMcz8ZDtujGQ08Cx0PoG8dDgjXHQxxPx0O2aMdDT4LHQ8ibx0OCtcdDHM/HQ7bo
x0NPAshD6BvIQ4I1yEMcT8hDlWjIQy6CyEPIm8hDYrXIQ/vOyEO26MhDTwLJQ+gbyUOCNclD
+07JQ7ZoyUNPgslDyJvJQ4K1yUP7zslDtujJQy4CykPoG8pDgjXKQxxPykOVaMpDLoLKQ+ib
ykOCtcpDkNLKQ5XoykMuAstD6BvLQ4I1y0P7TstDlWjLQy6Cy0PIm8tDgrXLQ/vOy0O26MtD
LgLMQ+gbzENiNcxD+07MQ5VozENPgsxD6JvMQ2K1zEP7zsxDtujMQ08CzUPIG81DYjXNQ/tO
zUOVaM1DLoLNQ8ibzUNitc1D+87NQ7bozUMuAs5D6BvOQ4I1zkP7Ts5DlWjOQy6CzkPom85D
grXOQxzPzkOV6M5DLgLPQ8gbz0NiNc9DXU/PQ5Voz0NPgs9D6JvPQ2K1z0P7zs9DlejPQy4C
0EPIG9BDYjXQQ/tO0EOVaNBDLoLQQ+ib0EOjtdBD+87QQ5Xo0ENPAtFD6BvRQ6M10UPgT9FD
tmjRQ0+C0UPom9FDBbbRQxzP0UO26NFD</AssayXData><AssayYData Points="600">xMgjvuplH77jqRq+W/YZvgoBG76Ydh2+tOcYvk5YHb5T+Bm+L8AavmgZGr7r2hq+0gQZvsSk
F778ZBi+ndIcvvt/F74XvxW+jzUZvo/GGb4SORe+AqcUvgofGb77FRe+274WvsHRF76Y1Rm+
vacWvjbeGr45QRi+s2QUvgSYF772SRa+GeYWvkwHGL75lhe+PmUXvrNFFr7q0BW+730WvuCS
Fr6VWhi+g+oTvr2zFr7HixS+WKwVvqqdFr6NtBS+6GYUvoHHE74xkhe+MKEXvnOhF76ZJBS+
8LUWvhxeGL54lhO+P68TvriKFL53axW+rBQWvu8dGb67cBK+MAwUvplsFr5zXRW+42sSvpUv
Fb7njBO+zwkWvsVwF75x2xW+4hAWvgRdFb6nVRO+0Y8Wvv3nFL6dFxO+D6kVvqx4Er5jJBO+
MxsVvnq2E76KixS+pe8VvkkoGL74/xS+NCYUvt0FF74BuRO+NL0UvnDLFL4j8BW+a7IWvj6q
E77FQxO+UAISvv/dFb7VgBO+MbcSvm/gE76GUxa+L7kTvt71E74XjRK+3F4WviwXFb6qqhO+
3zAUvtoIEr7m2BO+Ge4RvlP/Er7HExK+BDUUvgGlF74HCxa+4ykUvoz/Eb6aHBC+zGESvtKd
Fb4owhe+x+kQvkHhEr45EA2+tgUPvukyEr42mxK+c1kUvlNFFb5IWRW+y3IPvmS2Er5YyxC+
38AVvroyFb4xhRK+YXITvn6IEb79mxC+ciAQvhBHEr752xO+rnkRvvMBFL4+oxG+jYITvtKU
E75CShO+dC0SvqwJD77o/g6+wm0RvrZZE75/xxG+TA4UvueJEb53JhC+SnIXvjHDE74pjRS+
KLwRvqdpEr7gUxC+pfwQvur+Dr7EcxG+UvETvrnlEb4ZXRG+q/QQvt+cEL7G9BG+dPMTvmNi
FL7bjBO+7zYVviiJD76P2A6+nO0Qvjn1EL5LJxG+3KwPvuPuEL79fQq+lmARvpz3D76Rjg6+
g4USvuUFEr77lBG+120PvkVEDr70MxG+7AcNvkGID76HyxK+S18TvmFVFL4+3hC+UPQOvldE
Er53Pg6+ow4PvuXFEr74/Q6+TEINvlCaE77ROA++/lcPviC2Eb5KYxK+GuEPvhfDEr4XAhK+
aw4Qvt08EL5/2xO+7foQviOmD77/tRG+4igPvtknFL7uAQ6+TdgRvkTOFL7j3hK+COEOvlNg
Er5VQBG+MUgRvl/5D77hdA6+1E0QvlyTDr6Y7xG+M5sLvlpuEb6i2w6+FXYOvgX5Db4MUBK+
0cANvpeIEr5vdhC+dKQQvl8qEb7zYhO+4q8OvkEmDr5LHBC+eEoQviARD76Cfg6+S5IQvm5b
Db49fQ6+Ni0Pvg7yDr4uphG+0csOvucWEb5GPA6+MEASvqCmDr5jARC+AVkTvpmZEb4rHw++
sVESvmJeDb5BahG+ZuMPvhiDEb5iPw++Bl4OvqueEL7J+g6+y1MRvqfXDr5UMg6+NoQPvvPi
FL6+JhG+sY8QvmIxEb4ylQ2+3RYLvs5ZD77/ehC+k1cSvhdrEb6Zxg2+SBwTvl+qDr7PHBC+
iTQPvsR1FL5S4g6+/G4Nvtd4Db4rwg++5fwPvvukD74x7Qu++tcPvouKDr7vzQu+AUINvuf7
D76uWw++qYINvpKpDr7kIw++Y+UPvvH5Dr46eA++vcUNvoFHEL7S4g++558OvpH0D77WQxK+
M+8LvoDQD77lCw+++8QOvtFnDr7i9w6+XOgRvjsmD74c1Qu+RFYMvgEPEL7MYg6+2vcLvq2r
DL7YeQy+nGIPvkvUDL4M4A2+xu4NvhJmDb7QEg2+1n4Ovi3sDb79dxC+Ow4TvuxWDb4PnQy+
7A0Ovs34Db5WlQy+EikMvp6TC75YSQ6+Mh8LvgVfEL5saQu+lFYQvn8hEL5oGQ2+GMwOvtwA
Db5GGg2+afoPvmnuEb66rA6+Y64QvmPVD74+KhK+AgMNvi7CDb70yAq+PnEPvlwCDr7UHw2+
JSEMviFyD7417g6+fOgMvieVD77MBQ6+Jr0MvrCjDb5/RhO+esMQvsOlDb5RjAy+pMUNvjxj
Db4jfRG+ojAPvvs0D76PAw2+d2cOvv2qDb6Q2Qy+OSkMvoYGEL7mwQ6+KsUNvkCMDL4+4hC+
XNUMvk3ODL6wPw2+nCINvqI/Dr62Lg++Dp0PvuznDb5ujg2+wP4Kvk4IDL7A3A6+GgASvvhv
DL6mDA2+XHcMvi3QDL7+YQ2+bHMLvqB7Cr4/YRG+zUMOvkdtDb5hdhG+p14Mvu7ZC74TEA2+
pWYLvhzHDr54vg6+b5UOvobOC77esA6+1cIPviVqDL6fpRC+foQPvkbADL6YDQ2+dHwOvmxG
DL6Y5Au+pUUNvtA0Cr6AtQ2+PC4Ovo5gC75hXQy+v2MOvt3KD76gdg6+vNURvh08Dr7hyg2+
/WoOvpWlCL7Ckwq+ThwPvgvODr5nvgu+thkMvsNZD75j4Aq+RKUQvi6vDb7ZyQy+3P8KvmSg
Db40eQ++IOwJvj/vDb6jHA2+q1wOvttlC763Ng2+N1EMvvlMDb5zwQ++rpsNvtQKEb6fnQy+
EjsNvlXXDL5Hnwu+vuAPviaADL6oWgu+qlcRvuJzDL4veA2+QQsLviDYDL5dEg++bm4MvpCz
Cr5BQQ6+TF4KvlUmCr5q0wy+Zo0KvgizEL7gFwy+BQ8RvqkPDb5SKwy+VNsMvqs5Cr5f8w6+
fh0Lvg0JDr6D6wy+mxUNvtyrC76x8wq++G0LvuiyCr4vrAq+ukoMvjqDDL74awq+NB4Pvt4G
Dr4/CBG+4CcKvoBpC756AA2+ecwNvuZaDb57PhC+DZ4RvuGYDL5+Kg2+RM4MvidVC777bA6+
OQYPvszhC77/gQ6+GEMOvkWQCr694gu+n/8MvhzID74v7gu+Gv0Ovm2DD76S1Qu+HTkMviNE
Db6byg2+pLwNvlDSCr732Qu+HSENvuidDL5XFQe+OjkJvkvnDL5WKA++lEgMvtSYDb4trQu+
zxgNvvVJC75DYgy+JWELvhA0Db55dwu+4k4LvunoCr7pCAu+ANUMvrNZDr4u7A2+1+MMvnVX
Cr5lAgq+rqMKvviAEL5rdAu+qHIMvq5MDr50wg++q1wPvg2tDb4mrQ6+R8ILvq72Cb423Qu+
5TMNvvJuDr5+VQy+epoIvrQmDL5n6gu+</AssayYData></Step><Step><CommonData><SampleLocation>8</SampleLocation><SampleID></SampleID><SampleGroup></SampleGroup><SampleInfo></SampleInfo><SampleRow>F</SampleRow><SamplePlate>1</SamplePlate><WellType>KLOAD</WellType><Concentration>-1</Concentration><ConcentrationUnits>µg/ml</ConcentrationUnits><MolarConcentration>-1</MolarConcentration><MolarConcUnits>nM</MolarConcUnits><MolecularWeight>-1</MolecularWeight><Temperature>30</Temperature><StartTime>1252077</StartTime><AssayTime>20</AssayTime></CommonData><FlowRate>1000</FlowRate><StepType>LOADING</StepType><StepName>Loading</StepName><StepStatus>OK</StepStatus><ActualTime>20</ActualTime><CycleTime>0.2</CycleTime><AssayXData Points="100">UALSQ8kb0kODNdJDHU/SQ5Zo0kM1g9JD6pvSQ4O10kP8ztJDlujSQ1AC00PqG9NDpDXTQx1P
00O2aNNDUILTQ+qb00ODtdNDHc/TQ7bo00NQAtRD6hvUQ4M11EMIUdRDtmjUQ1CC1EPqm9RD
g7XUQx3P1EO26NRDUALVQ+ob1UODNdVDHU/VQ7Zo1UNQgtVD6pvVQ4O11UP8ztVDtujVQ1AC
1kPqG9ZDgzXWQx1P1kOWaNZDUILWQ+qb1kODtdZDHc/WQznp1kNQAtdD6hvXQ4M110M+T9dD
tmjXQ1CC10Pqm9dDg7XXQx3P10OW6NdDUALYQ8kb2EODNdhDHU/YQ7Zo2ENQgthDyZvYQ2K1
2EP8zthDtujYQ1AC2UPJG9lDgzXZQ/xO2UPXaNlD04LZQ+qb2UODtdlD/M7ZQ5bo2UNQAtpD
6hvaQ2I12kP8TtpDtmjaQy+C2kPqm9pDYrXaQ8HP2kOW6NpDLwLbQ8kb20NiNdtDHU/bQ5Zo
20MvgttD6pvbQ2K120Mdz9tDtujbQw==</AssayXData><AssayYData Points="100">qywPvgW3DL7VewO+Qeb0vVQj6L07qdS9RV/HvYW4wb2h1q69F1WgvR5mj72nDoK9RCJsvfNO
Vb0tyjW90EETvZ/SCr1eWcm8vNWYvOKFT7ycJb+7BRWjOiwMADzUxmY8Eei0PANV0jyud+Q8
XiEjPVbbPz1vLk89J5dvPXZ6eT0eS5Y9klWcPQ1lrz3ZhLI9wKrCPeAR0j2qSuI95SPsPX1R
+j18VAQ+wT0JPkiDDD5DchY+cn0cPj1MIz7lYCs+j9QuPqKYNj7RTDo+TpA/PjxvST7BElA+
sJFWPorsWj49hWM+1OJqPp8sbz5ziHQ++Hd4Pq4PgT4Jw4M+7s6GPv/5iD576Iw+IA+QPuP6
kz58S5Y+OvOZPj1NnD6B3Z8+flqjPr9Ypz6YTqo+e5CsPrhQrj4jSLE+hSe2Pu2euD4G/Lk+
fqm+PlsYwT4dvsQ+5MXGPrgCyz7Rycw+QwzPPhy21D4chNc+uifZPuSv3T4Ii+E+hXDjPmEj
5T46l+g+P8LrPry27j5wWe8+5kPyPg==</AssayYData></Step><Step><CommonData><SampleLocation>9</SampleLocation><SampleID></SampleID><SampleGroup></SampleGroup><SampleInfo></SampleInfo><SampleRow>F</SampleRow><SamplePlate>1</SamplePlate><WellType>BUFFER</WellType><Concentration>-1</Concentration><ConcentrationUnits>µg/ml</ConcentrationUnits><MolarConcentration>-1</MolarConcentration><MolarConcUnits>nM</MolarConcUnits><MolecularWeight>-1</MolecularWeight><Temperature>30</Temperature><StartTime>1281686</StartTime><AssayTime>60</AssayTime></CommonData><FlowRate>1000</FlowRate><StepType>BASELINE</StepType><StepName>Baseline 60</StepName><StepStatus>OK</StepStatus><ActualTime>60</ActualTime><CycleTime>0.2</CycleTime><AssayXData Points="300">UALcQ8kb3ENiNdxDHU/cQ7Zo3EMvgtxD6pvcQ4O13EMdz9xDlujcQ1AC3UPJG91DiTbdQx1P
3UOWaN1DUILdQ8mb3UNitd1D/M7dQ5bo3UNQAt5D6hveQ2I13kP8Tt5DlmjeQy+C3kPJm95D
YrXeQ/zO3kOW6N5DLwLfQ8kb30NiNd9D/E7fQ7Zo30Mvgt9DyZvfQ4O130P8zt9DlujfQ1AC
4EPqG+BDgzXgQx1P4EOWaOBDUILgQ+qb4EODteBD/M7gQ7bo4EMvAuFDyRvhQ2I14UP8TuFD
tmjhQy+C4UPJm+FDYrXhQ/zO4UOW6OFDLwLiQ8kb4kNiNeJD/E7iQ/ho4kMvguJDyZviQ4O1
4kMdz+JDtujiQ1AC40PqG+NDgzXjQx1P40O2aONDUILjQ+qb40ODteNDHc/jQ7bo40NQAuRD
6hvkQ4M15EP8TuRDtmjkQ1CC5EPqm+RDg7XkQx3P5EO26ORDUALlQ+ob5UODNeVDHU/lQ5Zo
5UNQguVDyZvlQ4O15UMdz+VDtujlQ1AC5kPqG+ZDgzXmQx1P5kO2aOZDUILmQ+qb5kNiteZD
/M7mQ7bo5kNQAudD6hvnQ2I150MdT+dDtmjnQ1CC50Pqm+dDg7XnQx3P50OW6OdDUALoQ+ob
6EODNehDHU/oQ7Zo6ENQguhD6pvoQ4O16EP8zuhDtujoQy8C6UPqG+lDYjXpQx1P6UO2aOlD
UILpQ+qb6UNitelDHc/pQ5bo6UNQAupDyRvqQ4M16kMdT+pDtmjqQy+C6kPJm+pDg7XqQ/zO
6kO26OpDLwLrQ+ob60ODNetD/E7rQ5Zo60MvgutD6pvrQ2K160Mdz+tDlujrQ1AC7EPqG+xD
YjXsQ/xO7EOWaOxDL4LsQ8mb7ENitexD/M7sQ7bo7EM1A+1DyRvtQ2I17UP8Tu1DtmjtQy+C
7UPqm+1DYrXtQ/zO7UOW6O1DLwLuQ8kb7kNiNe5D/E7uQ5Zo7kNQgu5DyZvuQ2K17kP8zu5D
lujuQ1AC70PJG+9DgzXvQ/xO70OWaO9DUILvQ8mb70ODte9D/M7vQ5bo70MvAvBDyRvwQ4M1
8EMdT/BDtmjwQy+C8EPqm/BDg7XwQ/zO8EO26PBDUALxQ+ob8UODNfFDHU/xQ7Zo8UNQgvFD
6pvxQ4O18UMdz/FDtujxQ1AC8kPqG/JDgzXyQx1P8kO2aPJDUILyQ+qb8kODtfJDHc/yQ7bo
8kNQAvND6hvzQ4M180MdT/NDtmjzQ1CC80Pqm/NDg7XzQx3P80O26PNDUAL0Q+ob9EODNfRD
HU/0Q7Zo9EMvgvRDyZv0Q2K19EP8zvRDtuj0Q1AC9UPqG/VDgzX1Qx1P9UO2aPVDUIL1Q+qb
9UODtfVD/M71Q5bo9UNQAvZDEB32Q4M19kMdT/ZDtmj2Qy+C9kPqm/ZDYrX2Qx3P9kO26PZD
LwL3Q8kb90NiNfdD/E73Q7Zo90NQgvdDyZv3Q2K190P8zvdDtuj3Qy8C+EPJG/hDYjX4Qx1P
+EOWaPhDL4L4Q+qb+ENitfhDHc/4Q7bo+EMvAvlDyRv5Q4M1+UMdT/lD+Gj5Q1CC+UPJm/lD
g7X5Qx3P+UO26PlD</AssayXData><AssayYData Points="300">5GpNP44kRz+MUUA/tSo6P2RzND9Otyw/2E8oP/FSIj82ph4/YbcZP8CyFT8eCRE/VeQMPy4Q
Cj8LCAc/ei4DP2gDAT8Mrf0+S0L2PjIP8j5che0+ojDqPuLN4z6BjN8+MfHZPkZ71z7eMtU+
uaTRPsnpzD6Az8o+a2bIPm9YxT40pcI+vFrAPm6ivj7hcbs+1qa4Piz6tj4h6rQ+0SSyPjDm
rz46pK8+bkusPvlsqz7igKc+tjGnPtUWqT63VaY+ez6kPiwDpT5d36A+UuGePpCBnj6Ae54+
uhidPoz1mj5K3Zk+MSmXPgA3mD75EJY+URGXPgATlz6WYpM+GRuTPs/Jkj5aKJI+yo+RPqO2
kT69BI8+4YmPPkDijj66f44+A0GMPsINjT7RxY0+JSyMPiQbij40N4s+dHKKPog2iT7Cp4g+
/v2IPtSnhz65cYc+CR2GPvA4hj7NR4Y+oPKEPmiQhj6vIIY+My6DPtX9gz4Qq4Q+rzCCPpcE
hD7NsYI+TqyBPr0Hgj65roE+J52BPqb0fz5HIYE+YL6BPqUEfT7uVX8+CL2APg1QgD6SaoA+
HsaAPnD3ej5sBX0+tcR8ProUgD6oXH8+DAt6PjzXez5/ons+9mF5Pmu7eD4lxX0+tSx8PlxG
ej5d5nY+1KV4PsxHdz6y/3g+K/d1PvzWdT6Tsns+7Cx2Pu+wcz5Rzng+/rt3PpNTdD7uLnU+
0Yt2PoOmdD6ywHQ+qYB0PgJwdD5kbHM+tb90PvIBdz5wC3U+CkB0Pntncz552XI+DdByPnOt
dT4YZXM+aaxxPkRxcD5MNXI+/VlwPkRHcD6VFXQ++rhuPmbXbT5EjXA+K0pzPsGqbD6D2XI+
JTpxPoWxbj5EmnA+PmduPtv7bT4J9HE+E2ZvPqpucD7gUW4+Aj5uPmnBcT7CkW4+6K5sPryC
bT4w4Ws+J1ZrPgHtaj5wTW0+Y8puPgfBbT4PBHA+wadrPgAhbT4Wym0+7e1pPjO7aT6lrG4+
DbJpPn0oaz6jdW4+IL5uPuTPbD6o2mw+P01qPp0UbT6NfWs+rGNsPvhSaj7jHm0+0T9pPvqs
bD61FWk+U/5qPtbkaD6mgW4+ui1pPiPBaD4E82w+iJFoPh5Rbj4g4Gk+4ZxrPiV4aD43B24+
G7hrPvLvaz4Ti2g+Ix5qPihibD5YgGo+MotmPvgzaj5aVmk+OxVlPprMaz5Sm2U+UWJmPj3B
ZT5J3WM+tn5nPjSvZz6C+Gs+pZZqPvMFaT5PVGc+hxdpPq2LZT7LiGQ+O4RmPkvbaj6ezWQ+
OmRoPgzsZT4MtWk+mLtkPtlaYz5w0GQ+X0llPpiWaT5FUWQ+0uRoPuGeZT6372M+f31qPpDX
ZT4JFGc++R9lPq6sZD5TEGQ+xY5mPtdWaD7hZmo+OFdlPtBLZD5CWWU+wIJlPuvQZT4ySmM+
tZpkPiPPZj4eM2Q+vTpgPiaXZj6s9Gc+mH1mPqQrZT704WI+/PZmPkRJZT5Z5F8+QkRkPghB
Yz7IkmU+gIhkPrUBYz7GvmA+lStmPtu4Yz6Qf2I+D49ePk6fXj5CsWI+Y8tgPrdHZD5jT2M+
mZthPjoVZD7cdWM+</AssayYData></Step><Step><CommonData><SampleLocation>10</SampleLocation><SampleID></SampleID><SampleGroup></SampleGroup><SampleInfo></SampleInfo><SampleRow>F</SampleRow><SamplePlate>1</SamplePlate><WellType>BUFFER</WellType><Concentration>-1</Concentration><ConcentrationUnits>µg/ml</ConcentrationUnits><MolarConcentration>-1</MolarConcentration><MolarConcUnits>nM</MolarConcUnits><MolecularWeight>-1</MolecularWeight><Temperature>30</Temperature><StartTime>1352075</StartTime><AssayTime>20</AssayTime></CommonData><FlowRate>1000</FlowRate><StepType>BASELINE</StepType><StepName>Baseline 20</StepName><StepStatus>OK</StepStatus><ActualTime>20</ActualTime><CycleTime>0.2</CycleTime><AssayXData Points="100">UAL6Q8kb+kODNfpD/E76Q5Zo+kNQgvpDyZv6Q2K1+kP8zvpDluj6Qy8C+0PJG/tDgzX7Q/xO
+0O2aPtDL4L7Qyuc+0NitftDHc/7Q5bo+0MvAvxDyRv8Q4M1/EMdT/xDtmj8Qy+C/EPJm/xD
YrX8Q/zO/EOW6PxDUAL9Q+ob/UODNf1DHU/9Q3tp/UMvgv1D6pv9Q2K1/UM+z/1Dluj9Q1AC
/kPJG/5DYjX+Q/xO/kOWaP5DL4L+Q8mb/kNitf5D/M7+Q5bo/kNQAv9D6hv/Q2I1/0MdT/9D
tmj/Qy+C/0Pqm/9Dg7X/Qx3P/0O26P9DLgIAROQNAETCGgBEjicARFs0AEQoQQBEFk4ARMJa
AESOZwBEW3QARCiBAET1jQBEwpoARPGnAERbtABEKMEARPXNAETC2gBEjucARFv0AEQoAQFE
9Q0BRMIaAUSOJwFEWzQBRChBAURXTgFEwloBRI5nAURbdAFEOIEBRPWNAUSxmgFEjqcBRFu0
AUQowQFE9c0BRMLaAUSO5wFEW/QBRA==</AssayXData><AssayYData Points="100">s2/jvG7Sv727FwO+GtQRvlOeFr59Jxy+MkcZvhxoGr5A2xm+Orgcvs2FFr7j0BW+WgQZvukm
GL5e1xO+RikSvu+UFb4X2xO+7mMOvli+Fb651hG+ioAPvnb0D77bcBG+tngPvp1MDL79vBC+
PlENvjbZE74QBxK+tY0PvroMD75xsA6+xBUNvszfCr4WNQu+vOMNvqvLDb4J/w2+oggLvoPs
DL62BAy+avYLvsunDr7leQq+N30MvudDDL5VCQy+HwIJvke7DL40DQ2+M8QMvvOMCr5xCQq+
zC0KvicFCb5TkQu+8I8JvlWBC75dgwi+BikIvubuC77dlQq++twKvj/kCr6pRAm+l8YJvo8T
Cr5OGgy+T2AIvvioCL7gxAu+QCwLvp7ZC74DbQu+Fq8JvvUHCr7JdAu+g/UIvlpjCb6YpAe+
VwILvkk1CL51Ygm+BM8Hvqv0B77ajgq+UkQMvqnMCr6ahwi+ALMJvsQPCL4wJAm+DNIIvuud
DL5jDAa+F74Ivic9C75sugi+Lv4Kvg==</AssayYData></Step><Step><CommonData><SampleLocation>11</SampleLocation><SampleID></SampleID><SampleGroup></SampleGroup><SampleInfo></SampleInfo><SampleRow>F</SampleRow><SamplePlate>1</SamplePlate><WellType>KSAMPLE</WellType><Concentration>-1</Concentration><ConcentrationUnits>µg/ml</ConcentrationUnits><MolarConcentration>-1</MolarConcentration><MolarConcUnits>nM</MolarConcUnits><MolecularWeight>-1</MolecularWeight><Temperature>30</Temperature><StartTime>1382735</StartTime><AssayTime>120</AssayTime></CommonData><FlowRate>1000</FlowRate><StepType>ASSOC</StepType><StepName>Association</StepName><StepStatus>OK</StepStatus><ActualTime>119.999</ActualTime><CycleTime>0.2</CycleTime><AssayXData Points="600">KAECROQNAkSxGgJEficCRFs0AkQYQQJE9U0CRMJaAkTAZwJEW3QCRCiBAkTkjQJEwpoCRH6n
AkRbtAJEKMECRPXNAkTC2gJEjucCREv0AkR6AQNE5A0DRMIaA0SOJwNEWzQDRBhBA0TkTQNE
wloDRH5nA0RLdANEGIEDROSNA0SxmgNEfqcDREu0A0QYwQNE5M0DRMLaA0R+5wNES/QDRBgB
BETkDQREwhoERH4nBERLNAREGEEERORNBETCWgREjmcERFt0BEQYgQREV44ERLGaBESOpwRE
W7QERBjBBETkzQREwtoERI7nBERb9AREKAEFRPUNBUTCGgVEjicFRK00BUQoQQVE9U0FRMJa
BURjaAVEW3QFRCiBBUT1jQVEwpoFRI6nBURbtAVEKMEFRPXNBUTC2gVEjucFRFv0BUSKAQZE
9Q0GRMIaBkSOJwZEWzQGRChBBkS5TgZEwloGRH5nBkRbdAZEKIEGROSNBkTCmgZEjqcGREu0
BkQowQZE9c0GRMLaBkSO5wZEW/QGRCgBB0T1DQdEwhoHRPEnB0RbNAdEGEEHRORNB0SxWgdE
jmcHRFt0B0QYgQdE9Y0HRMKaB0R+pwdEW7QHRCjBB0TkzQdEsdoHRH7nB0Rb9AdEKAEIROQN
CETCGghEjicIRFs0CEQYQQhE9U0IRMJaCER+ZwhES3QIRCiBCET1jQhEsZoIRH6nCERbtAhE
GMEIRPXNCERl2whEjucIREv0CEQYAQlE9Q0JRBQbCUR+JwlEWzQJRChBCUT1TQlEwloJRI5n
CURbdAlEKIEJRPWNCUSxmglEfqcJREu0CUQYwQlE9c0JRMLaCUR+5wlES/QJRBgBCkTkDQpE
sRoKRH4nCkRLNApEGEEKRPVNCkSxWgpEfmcKRFt0CkQYgQpE5I0KRMKaCkR+pwpEbLQKRCjB
CkT1zQpEwtoKRH7nCkRb9ApEGAELRDYOC0TCGgtEjicLRFs0C0QoQQtENk4LRLFaC0R+ZwtE
S3QLRBiBC0TkjQtEsZoLRH6nC0RstAtEGMELRPXNC0TC2gtEfucLRFv0C0QoAQxE9Q0MRMIa
DESOJwxEWzQMRChBDET1TQxEt1sMRI5nDERbdAxEKIEMRPWNDETCmgxEjqcMRFu0DEQowQxE
9c0MRLHaDESO5wxEW/QMRHoBDUT1DQ1EwhoNRI4nDURbNA1EPkINRPVNDUTCWg1EjmcNRFt0
DUQogQ1E9Y0NRMKaDUSOpw1EW7QNRBjBDUT1zQ1EwtoNRH7nDURb9A1EKAEORPUNDkTCGg5E
jicOREs0DkQoQQ5E9U0ORMJaDkR+Zw5EW3QORLuBDkT1jQ5EsZoORI6nDkRLtA5EKMEOROTN
DkTC2g5EjucOREv0DkQoAQ9E9Q0PRLEaD0SOJw9EWzQPRBhBD0T1TQ9EsVoPRH5nD0RLdA9E
KIEPROSND0Sxmg9EfqcPRFu0D0QowQ9E9c0PRLHaD0SO5w9EW/QPRBgBEETkDRBEsRoQRH4n
EERbNBBEekEQRPVNEESxWhBEfmcQREt0EEQYgRBE5I0QRLGaEER0qBBES7QQRBjBEETkzRBE
wtoQRI7nEERL9BBEGAERROQNEUTCGhFEficRREs0EUQYQRFEBU4RRPNaEUR+ZxFES3QRRCiB
EUQmjhFEsZoRRH6nEURbtBFEGMERROTNEUSx2hFEfucRRFv0EUQYARJE5A0SRLEaEkR+JxJE
SzQSRBhBEkTkTRJEsVoSRH5nEkRLdBJEGIESROSNEkSxmhJEfqcSREu0EkQowRJE5M0SRPPa
EkSO5xJEW/QSRCgBE0T1DRNE8xoTRI4nE0RbNBNEKEETRPVNE0TCWhNEjmcTRFt0E0QogRNE
9Y0TRMKaE0SOpxNEW7QTRCjBE0T1zRNEwtoTRH7nE0R89BNEKAEURPUNFETCGhREjicURFs0
FEQoQRRE9U0URMJaFESOZxREW3QURCiBFET1jRREwpoURI6nFERbtBREKMEUROTNFETC2hRE
jucURFv0FEQoARVE6g4VRMIaFUSOJxVEWzQVRChBFUT1TRVEsVoVRI5nFURsdBVEKIEVRPWN
FUTCmhVEjqcVREu0FUQowRVE9c0VRMLaFUSO5xVES/QVRCgBFkTkDRZEwhoWRI4nFkRLNBZE
KEEWRPVNFkSxWhZEfmcWRFt0FkQogRZE9Y0WRLGaFkR+pxZES7QWRGrBFkT1zRZEwtoWRI7n
FkRb9BZEKAEXROQNF0SxGhdEjicXREs0F0QoQRdE9U0XRLFaF0R+ZxdES3QXRBiBF0TkjRdE
wpoXRH6nF0RbtBdEGMEXROTNF0Q02xdEjucXREv0F0QYARhE5A0YRMIaGER+JxhESzQYRChB
GETkTRhEwloYRH5nGERbdBhEGIEYROSNGESxmhhEfqcYREu0GEQowRhE5M0YRLHaGESO5xhE
W/QYRCgBGUT1DRlEsRoZRH4nGURLNBlEGEEZRORNGUSxWhlEfmcZREt0GUQYgRlE5I0ZRNKa
GUSOpxlEW7QZRBjBGUTkzRlEwtoZRH7nGURb9BlEGAEaROQNGkTCGhpEjicaRFs0GkQoQRpE
9U0aRMJaGkSOZxpEnXQaRCiBGkT1jRpEwpoaROCnGkRLtBpEKMEaRPXNGkTC2hpEn+caRFv0
GkQoARtE9Q0bRLEaG0SOJxtEWzQbRChBG0T1TRtEwlobRH5nG0RbdBtEGIEbROSNG0TCmhtE
fqcbRFu0G0QYwRtE9c0bRMLaG0SO5xtES/QbRCgBHET1DRxEwhocRI4nHERLNBxEKEEcRPVN
HETCWhxE0GccREt0HEQogRxE9Y0cRMKaHER+pxxEW7QcRBjBHET1zRxEwtocRH7nHERb9BxE
GAEdRPUNHUSxGh1EjicdREs0HUQYQR1E9U0dRMJaHUR+Zx1EvnQdRJuBHUTkjR1EwpodRH6n
HUR8tB1EGMEdRPXNHUTC2h1EfucdREv0HUQoAR5E5A0eRMIaHkR+Jx5ESzQeRBhBHkT1TR5E
wloeRI5nHkRLdB5EKIEeROSNHkTCmh5EfqceRFu0HkRJwR5E5M0eRLHaHkSO5x5ES/QeRBgB
H0TkDR9EsRofRI4nH0RbNB9EGEEfRORNH0SxWh9EfmcfRM50H0QYgR9E5I0fRLGaH0Svpx9E
S7QfRBjBH0T1zR9EsdofRH7nH0RL9B9E</AssayXData><AssayYData Points="600">EEfCPRyVAT7UsA8+bJoZPjB4Gz5L4iE+gZUhPkmVIT6wJSE+P7cfPuFTHj754Bs+ATAbPvGD
Hz7E/R0+35wbPiStGj6I9Bk+FqcbPqimGT6/iBk+QYsVPkufGT75+Bc+rSYWPpn8FT6KJhY+
PLkVPhMQFT5+6hU+5woUPmspED6BgBM+SLITPmD/Ej6S7xY+o2cUPiOUEj7ePBM+D4oTPvVH
ED5dtBA+mCgPPgqeEj52YRE+H3wRPovcDz6OLxQ+fKAQPrssEj5LuRA+UtANPgWWET7PThI+
c4cLPj+PED6D7w8+QzsRPsdzDT7oNg0+YBYPPkN+DT57wQw+2ccMPneJDj7uOA0+EP0LPqEk
DT7shQw+DfMOPmchDj6+Fws+f/gJPveyDD46gQo+YNEKPsxHCj5gSQ4+4UwNPkZaCz61cws+
ppYKPrctCT7p1Qo+aMMKPmi/CD7SCQs++08KPsLDDT6XIAc+MewKPpaeCj7JTwY+MBsGPtYn
CD7IlwY+pgsMPtAiBz43dgg+IMEIPlPaBT4P+Qg+vxoGPlBlCT7Zlg4+s6wJPrPkCT5Q3Qc+
FvIHPiQfCD7lmQY+bUUHPpSHCD6gZAg+aqUIPlSLBD60Zgw+0w8GPouDBz4D4Ak+LBMGPgrN
Bz4pNAM+feUIPojtBD6fOgU+aRsEPiWSBD5pMAM+VKcHPpL+Bz61ngM+qhIGPp/dAj6aDgU+
7IsGPsFYAj7oeQY+mvcAPsNmBj5+WQM+b7wFPlD0BT41UQQ+B8IFPtDtAT66uQc+dqgDPnAf
AD7xZQQ+4esCPjCjCD535P09h4UEPt0tAj4zPgI+VPYDPh+8Aj7ALAE+L2kAPjXtAD6AT/49
YSUBPglyAz7rmgQ+spwBPgsFAj4IMAI+PBQCPmwqAT7H0vw9/GD8PaAQAD6D+wA+o6AAPi6u
AT6B5/w9eqoCPhi//j1phQI+07wAPsPq/j3REAI+9PgCPi/S/D3FS/s9nsH7PeUdAT7CogE+
62/9Pe67AD5dJAA+sj39PY6T/T0sh/090x8BPuzt/D3fQQE+SJYBPuu0/z3QYPg9AdP7PZBO
AD75GgA+zlgAPukD/z3W7/89/cP6Pata/D3jK/k9zssAPmXa+T3fDf890Hj+PWlz+T0Xt/k9
hWD9PTLU/D351/s9rrb1PSrO+j281f09IXwAPgsn+T3FS/s9gDX/Pc4X/j3Lcfo9Q4f8PcwS
9j1qc/w9c9z3PXq8+D1Gg/s9r2P4PbXk9z3HN/k9VB70PXOE+j3S+Po9VMP9PQA38z3bZ/w9
0kH2PcJW8z0t/vY9LPH5Pci09j1nNf49sqT3PdlZ+D2EuPA9u5nuPbxf+j1bO/g9axLzPYf1
7D3N5fM9JOD4PZ+B8j0Myfg9/hf1PXNL9z1mguw9TdH2PTex7T3toPc9B0jwPXWO8T1KAPI9
dkvzPSo78T1mnfE95qX9PWcX8D0t2vE97tvyPeFP9D0Q0Pg96H/6PTTY7z3xR/I9VcjxPT+L
7j0oau49UMjuPd2i6j2FL/M9NDP2Pa9B8T1exOs9TUH0PTyb8D2dvOo91HXxPbdz8D0A5e49
7ZnxPSKx9D0TvO49pWHuPZBL5z1ka/E9sU7zPWFF8j3cnu89c9XxPWMz7z3fw+w9pF7zPX10
6j2htO09fsvrPV+y7z1Wdug9NbPrPTmd7j3zrOk971zoPWFG6j1meeg9JmrtPRxl6j1YoOk9
24rpPWVc7D1H+u095RHwPRo44j0jqec9kQTwPQBQ7D3J0e09hqTsPbfb4j3Eruw97LfuPeAs
9D3bjus9TDDnPc8N5j05IOU95QbnPdXt6j32zec9SCLvPceh5T1T/+k9hJfiPTvi7D1IQOg9
pZ7pPZhF5D13Aek9DzXrPSUa6z27ruU9TDzhPYBx6z0IEeU9g8vkPQSJ5j0BeeA9MAHnPf7L
5D1OpOY9bvztPU1X5j2kR+c9743mPcOZ6D2bROU9ZtXoPVPN4D1uW+I9loHgPV8b4T1L5eM9
uybiPeaY4z1nx9k9DNfbPUGF4D1lDuo9XrXkPQrq3T1CiOI9EpLfPTcN5T0KcuI9zJboPc+M
5T1oFuY9hBfmPQIV5D0o5OU9BHjmPQ6D5T3NS94924rhPfHd5D1P9uE9dZ/gPVaR3z2OK+g9
cvvhPRaa5z19xuA94EfZPc5h2z32juQ92/HdPYVo4T3Z1989/8DcPa4n3z3JveI9x77dPWp4
4z2CO+I9NondPeir4D1kzts9e4viPf1c2T2syd09UmvdPVbB1z0N+eA973LaPVi81z3JNt49
mF3dPTqr3z3wyds9hxnhPTCg2z2jfdo9qFPgPdxK3T0QduE9x7HfPT9W3D0yedw9xKTYPYj4
3z3rI9g9ayfcPcSF2j2Do9s9547fPX7B3T1pcNg9ZA7cPQv62T2QvdU9URzbPUeV3D0X/9E9
FkLZPWgX1z1J/tc9fAvcPeaP1T2n7dY9H17fPRvD2D1qa9k99JLePQSS3D1OKdo9IobcPRo5
2D10Ado9uBLWPRiY1j2IfdE9nDvaPd0q1z0AqtU9RnbWPZnD2T3cd9o944DaPdM32D1899U9
h3HUPT1Y2j0JdNY9K8zZPdml1z0vaNQ9+qDXPa461z1JaNk9vy3WPesC1D28YNw9PzbTPfB+
1T3q1NU9WGnVPcrg2D0x1dw9skLZPXwe1z1A1dA9emHUPS7T1j3SGdk9UFTUPRbj1T3CddU9
wS7ZPSC41T1F5dA9EM7WPZ6Q0T1zydo9O0jaPWNe2T2hgt49OTzWPVPAzz2hMtY9XSLTPQmv
1j0trtc9tsDTPU420D3NoNY95FHRPUX62T158tU9EsLQPRz91z3SmM89zj7YPciBzz2JHtY9
eQ7OPeP30T2bKc09pvbUPcd30T0M0M89y5jSPR460z188dM9aQ3ZPczX0z3Ou849EDjLPS7e
1D3XD9Q9cibWPXjo0D1CxdE9I+fOPZrk1D3lq9E9Zv3GPZ3bzz0Ifs89wHHOPVBE1D0c5dI9
3vvVPZj0zj1cPc49WPPSPdZ6zj3klNA9Hu3NPQn6zz0jac49KnnRPbSiyz10zMk9mhnJPVEC
0D2zT9E91r3PPUTdzj25g889VcnJPQ91zT1Qrs49r1LPPZ/00D2EXs89oPPLPVL20z38ItM9
0snKPbCx0T0XctA9f8XQPVMyzT27DdE9</AssayYData></Step></KineticsData></ExperimentResults>
