<?xml version="1.0" encoding="UTF-8" standalone="yes"?>
<ExperimentResults><ExperimentInfo Name="20250917 PE P5216 - 5377 plate 2 kappa 50 ugl"><ExpDescription>AHC example method - full characterization&#13;
Analyte titration series with reference channel</ExpDescription><RTDVersion>2.0</RTDVersion><RunID>D3453E7F-D910-462D-B051-2D13E2863725</RunID><ExperimentType>KINETICS</ExperimentType><ExperimentSubType>KBASIC</ExperimentSubType><StartDateTime>2025-09-17T15:27:33</StartDateTime><MachineName>BN7KX12</MachineName><UserName>octet</UserName><LotNumber></LotNumber><PlateName>250917</PlateName><PlateName2></PlateName2><SensorName>A1</SensorName><SensorPlate>1</SensorPlate><SensorType>AHC (Anti-hIgG Fc Capture)</SensorType><SensorRole>LIGAND</SensorRole><SensorInfo></SensorInfo><WritingSW>DataAcquisition.exe 11.0.2.1</WritingSW><InstrumentType>OctetRED96</InstrumentType><InstrumentSerial>FB-50284</InstrumentSerial><InstrumentFW></InstrumentFW><IntegrationTime>2.5</IntegrationTime><DSPType>CPF</DSPType><DSPStitching>1</DSPStitching><HasManifest>1</HasManifest><InfoHash>404921046</InfoHash></ExperimentInfo><AssayParamsInfo/><KineticsData><Step><CommonData><SampleLocation>1</SampleLocation><SampleID>Running Buffer</SampleID><SampleGroup></SampleGroup><SampleInfo></SampleInfo><SampleRow>A</SampleRow><SamplePlate>1</SamplePlate><WellType>BUFFER</WellType><Concentration>-1</Concentration><ConcentrationUnits>µg/ml</ConcentrationUnits><MolarConcentration>-1</MolarConcentration><MolarConcUnits>nM</MolarConcUnits><MolecularWeight>-1</MolecularWeight><Temperature>29.7</Temperature><StartTime>0</StartTime><AssayTime>180</AssayTime></CommonData><FlowRate>1000</FlowRate><StepType>BASELINE</StepType><StepName>Baseline 1</StepName><StepStatus>OK</StepStatus><ActualTime>180</ActualTime><CycleTime>0.2</CycleTime><AssayXData Points="900">AAAAAKjGSz4EVs4+mpkZP83MTD8AAIA/1XiZPzMzsz8IrMw/okXmPzvf/z/NzAxAmpkZQGZm
JkDRIjNAnu8/QM3MTECamVlABFZmQNEic0AAAIBANV6GQJzEjEACK5NA/KmZQM/3n0A1XqZA
nMSsQDMzs0CamblAAADAQDVexkCcxMxAAivTQGiR2UDP999AZmbmQM3M7EACK/NAaJH5QM/3
/0B9PwNBZmYGQYGVCUG0yAxB5/sPQRsvE0FOYhZBgZUZQbTIHEHn+x9BGy8jQU5iJkGBlSlB
zcwsQQAAMEEbLzNBTmI2QYGVOUG0yDxBGQRAQRsvQ0FOYkZBgZVJQc3MTEEAAFBBMzNTQWZm
VkGBlVlBtMhcQef7X0EbL2NBZmZmQYGVaUHNzGxBAABwQTMzc0FmZnZBmpl5Qc3MfEE9CoBB
mpmBQTMzg0HNzIRBZmaGQQAAiEGamYlBMzOLQc3MjEFaZI5BAACQQZqZkUEzM5NBzcyUQWZm
lkEAAJhBmpmZQTMzm0HNzJxBWmSeQQAAoEGamaFBokWjQc3MpEFmZqZB9P2nQZqZqUEzM6tB
wcqsQWZmrkEAALBBmpmxQScxs0HNzLRBZma2QQAAuEGamblBMzO7Qc3MvEFmZr5BAADAQZqZ
wUEzM8NBzczEQWZmxkEAAMhBjZfJQScxy0HBysxBWmTOQQAA0EGNl9FBMzPTQc3M1EFmZtZB
AADYQZqZ2UEnMdtBzczcQWZm3kEAAOBBmpnhQTMz40HNzORBZmbmQfT950GNl+lBMzPrQcHK
7EFmZu5BAADwQZqZ8UEnMfNBzcz0QWZm9kEAAPhBjZf5QScx+0HByvxBWmT+QQAAAELNzABC
mpkBQmBlAkItMgNC+v4DQs3MBEKTmAVCYGUGQjMzB0IAAAhCx8sIQpOYCUJmZgpCLTILQhkE
DELHywxCk5gNQmZmDkItMg9CEgMQQs3MEEKTmBFCYGUSQi0yE0L6/hNCx8sUQpOYFUJgZRZC
LTIXQvr+F0LHyxhCk5gZQmBlGkItMhtC+v4bQsfLHEKTmB1CYGUeQi0yH0IAACBCx8sgQg6t
IUJgZSJCMzMjQvr+I0IX2SRCk5glQmBlJkItMidC+v4nQsfLKEKTmClCZmYqQi0yK0IAACxC
zcwsQpqZLUJmZi5CMzMvQgAAMELNzDBCmpkxQmZmMkIzMzNCAAA0Qs3MNEKamTVCZmY2QjMz
N0IAADhCzcw4QpqZOUJmZjpCMzM7QgAAPEIQ2DxCmpk9QmZmPkIzMz9CAABAQs3MQEKamUFC
ZmZCQi0yQ0IAAERCzcxEQpOYRUJmZkZCRjZHQgAASELNzEhCk5hJQmZmSkIzM0tCAABMQs3M
TEKTmE1CZmZOQi0yT0IAAFBCzcxQQpqZUUJmZlJCMzNTQgAAVELNzFRCmplVQmZmVkItMldC
+v5XQsfLWEKTmFlCYGVaQjMzW0ISA1xCzcxcQpOYXUJmZl5CWDlfQgAAYELNzGBCmplhQmZm
YkItMmNC+v5jQsfLZEKamWVCYGVmQjMzZ0L6/mdCx8toQpqZaUJgZWpCMzNrQgAAbELNzGxC
k5htQmBlbkIzM29CAABwQsfLcEKTmHFCZmZyQjMzc0L6/nNCx8t0QpOYdUJgZXZCMzN3Qvr+
d0Ls0XhCmpl5QmBlekIzM3tC+v57QsfLfEKTmH1CYGV+Qi0yf0IAAIBCZmaAQs3MgEIzM4FC
F5mBQn3/gULjZYJCSsyCQrAyg0IXmYNCff+DQuNlhEJKzIRCsDKFQheZhUJ9/4VC42WGQkrM
hkKwModCF5mHQgAAiELjZYhCSsyIQjMziUIXmYlCAACKQulmikJKzIpCsDKLQheZi0IAAIxC
ZmaMQs3MjEKwMo1CF5mNQgAAjkJmZo5CYtCOQj81j0KamY9CAACQQmZmkELTzZBCMzORQpqZ
kUIAAJJCZmaSQs3MkkIzM5NCmpmTQgAAlEJmZpRCzcyUQjMzlUKamZVCqAaWQmZmlkLNzJZC
MzOXQpqZl0IAAJhCZmaYQs3MmEIzM5lCF5mZQn3/mUJmZppCzcyaQkY2m0KamZtCAACcQuNl
nELNzJxCMzOdQpqZnUJ9/51CZmaeQs3MnkIzM59CmpmfQgAAoEL2aKBCzcygQrAyoUKamaFC
ff+hQuNlokJKzKJCsDKjQpqZo0IAAKRCZmakQkrMpEIzM6VCF5mlQgAApkJmZqZCzcymQjMz
p0IXmadCff+nQmZmqELNzKhCMzOpQpqZqUJ9/6lCZmaqQkrMqkKwMqtCF5mrQgAArEJtZ6xC
SsysQrAyrUIXma1Cff+tQuNlrkJKzK5CMzOvQheZr0J9/69CZmawQkrMsEKwMrFCL52xQgAA
skLjZbJCzcyyQrw0s0KsnLNCff+zQuNltELNzLRCtjO1QheZtUJ9/7VC42W2Qs3MtkKwMrdC
F5m3QgAAuELjZbhCSsy4QrAyuUKamblCff+5QuNlukJKzLpCMzO7QheZu0KJAbxC42W8QkrM
vEKwMr1CF5m9Qn3/vULjZb5CSsy+QrAyv0IXmb9CAADAQuNlwEJKzMBCsDLBQheZwUJ9/8FC
42XCQkrMwkKwMsNCF5nDQuwRxELjZcRCSszEQjMzxUIXmcVCAADGQuNlxkLTzcZCMzPHQpqZ
x0J9/8dCIXDIQs3MyEIzM8lCmpnJQgAAykJmZspCzczKQjMzy0KamctCAADMQmZmzELNzMxC
MzPNQpqZzUKJAc5CZmbOQs3MzkIzM89CmpnPQn3/z0JmZtBCzczQQrAy0UKamdFCAADSQmZm
0kJo0dJCMzPTQpqZ00IAANRCmG7UQs3M1EIzM9VCmpnVQgAA1kLjZdZCzczWQrYz10KamddC
AADYQmZm2ELNzNhCMzPZQpqZ2UJ9/9lCZmbaQs3M2kIzM9tCmpnbQgAA3EJmZtxCSszcQjMz
3UKamd1CAADeQuNl3kJ71N5CsDLfQheZ30J9/99CeWngQs3M4ELJNuFCmpnhQn3/4UJmZuJC
SsziQrAy40KameNCff/jQuNl5EJKzORCsDLlQheZ5UJ9/+VCZmbmQs3M5kKwMudCmpnnQn3/
50LjZehCzczoQrAy6UKamelCBgHqQuNl6kJKzOpCsDLrQheZ60IAAOxC42XsQs3M7EKwMu1C
F5ntQgAA7kLjZe5CzczuQrAy70IXme9Cff/vQmZm8EJKzPBCsDLxQheZ8UIAAPJC42XyQkrM
8kIzM/NCF5nzQgAA9EJmZvRCSsz0QrAy9UKamfVCff/1QmZm9kLs0fZCMzP3QheZ90IAAPhC
42X4QkrM+EIzM/lCmpn5QgAA+kLpZvpCSsz6QrAy+0KamftCff/7QmZm/ELNzPxCsDL9QheZ
/UJ9//1C42X+QkrM/kIzM/9CF5n/QkIAAEMzMwBDZmYAQ5qZAENWzgBDAAABQzMzAUNmZgFD
mpkBQ83MAUMAAAJDMzMCQ2ZmAkOamQJDzcwCQwAAA0MzMwNDZmYDQ5qZA0PNzANDAAAEQ7w0
BENmZgRDmpkEQ83MBEMAAAVD8jIFQyVmBUOamQVDzcwFQwAABkPyMgZDZmYGQ5qZBkPNzAZD
AAAHQ/IyB0MlZgdDmpkHQ4vMB0MAAAhDMzMIQ2ZmCEOamQhDzcwIQwAACUMzMwlDJWYJQ5qZ
CUPNzAlDAAAKQzMzCkNmZgpDWJkKQ4vMCkMAAAtD8jILQ2ZmC0OamQtDi8wLQ77/C0PyMgxD
JWYMQ5qZDENQzQxDvv8MQzMzDUNmZg1DWJkNQ4vMDUO+/w1DMzMOQ2ZmDkOamQ5DzcwOQwAA
D0MzMw9DJWYPQ5qZD0PNzA9Dvv8PQzMzEEOuZxBDmpkQQ83MEEMAABFD8jIRQyVmEUOamRFD
zcwRQ77/EUN7NBJDJWYSQ1iZEkOLzBJDvv8SQ/IyE0MlZhNDWJkTQ4vME0O+/xND8jIUQ2Zm
FENYmRRDzcwUQ77/FEMzMxVDJWYVQ6abFUOLzBVDAAAWQzMzFkMlZhZDWJkWQ4vMFkMAABdD
/jQXQyVmF0NYmRdDi8wXQ77/F0M5NBhDJWYYQ5qZGEOLzBhDvv8YQ/IyGUMlZhlDWJkZQ83M
GUO+/xlDMzMaQ2ZmGkNYmRpDi8waQwAAG0PyMhtDJWYbQ1iZG0PNzBtDAAAcQ3UzHEOoZhxD
mpkcQ83MHEMAAB1DMzMdQzdpHUOamR1DzcwdQwAAHkMzMx5DZmYeQ5qZHkPNzB5DAAAfQzMz
H0NmZh9DmpkfQ83MH0NIASBDMzMgQ2ZmIEOamSBDzcwgQwAAIUMzMyFDZmYhQ1iZIUPNzCFD
AAAiQzMzIkNmZiJDmpkiQ83MIkMAACNDMzMjQzFoI0OamSNDzcwjQwAAJEMzMyRDwWokQ5qZ
JEPNzCRDAAAlQzMzJUNmZiVDmpklQ83MJUMAACZDzzcmQ7RoJkOamSZDi8wmQwAAJ0PyMidD
JWYnQ9uZJ0NWzidDAAAoQ/IyKENmZihDWJkoQ4vMKEO+/yhDMzMpQ2ZmKUNYmSlDzcwpQ77/
KUMzMypDZmYqQ1iZKkOLzCpDAAArQzMzK0MlZitDWJkrQ4vMK0O+/ytD8jIsQ2ZmLEOamSxD
i8wsQ77/LEMzMy1DZmYtQ5qZLUOLzC1Dvv8tQ/IyLkNmZi5DmpkuQ4vMLkMAAC9DMzMvQ2Zm
L0Phmi9DzcwvQ77/L0PyMjBDK2cwQ1iZMEPNzDBDvv8wQ/IyMUMlZjFDmpkxQ4vMMUMAADJD
MzMyQyVmMkOamTJDzcwyQ2AFM0PyMjNDJWYzQ1iZM0PNzDND</AssayXData><AssayYData Points="900">AAAAAEarNjmMbVM7MVJEO8uPaDuwgOE7amDXO5huJzu53Aw8+4LBO/LxlztgCNw7O+pzO0Ui
XTtzt5g7E/ZJO/uxzTugnjg7odK3O7LlsDup3vo78vATPCXgxzsjUII7Nhm1O4PUBzyf+SI7
wqPbO+dGBTuMUT86J6qUO/sQTDtrWf05DnbGOzldmTsnkyA7SZp9OyjNYTtwp/07FqBGO44z
hTuB3xM7Uq5fO2DSXjvf64g7wvObOh7ogTuaGC87QWV5O2TVnjv2klM79hCRO0/PIjvkRWw7
EAy4OnIjvjv6n3Q7mAyUO5uQMjsAtKo6qLwkugLnMjvKCRM8JTWcO1g7qTuTJJE7O3q/O8yH
AzviJ2k7jFFQO/DnXjtnUSk71jakO8jAWzupLsS5QCl2O/lk4DqXHtg66EUFO4d3jjvhurw6
uQWKO6gbmjs3vwo7iov6O0Jb8zqkoZS5fLp/OxhHXTsitUE7ybh4upujDDt7m9w6ENHPOo1p
WzuodYY7OU6COZ3hcju/MDY7BdtnOtiz4joSeFs7yFk/OkmE0Tjey0A7JnSYO9OilDqKA447
Xxh+uh7F8zqxQfE64HgQO0nCpzvBkhw7NRh2OgAuSjlK/yQ6nsQqO0Z6AjuUs/U5d2LuOlga
SzuwCJk7+V+uOmG0CboBJhM7cGW4uvxPLjv6tTi6a1WfuuV98jp2H+y6le6IOQ6FJTtfxWA7
k9OMOvrn4LpIAmc4JGNkO+CngzrejXI7YcB/u3gAejsQuZA7jw0uO+VEETl8sLY5v/Epu7EU
u7irNiW6geijuoGonbsEFiE6At/quve1fruSWeK5iFCxupVhmjq51ty5pfkpu8i9DTsVAhm7
XfW+OV+MqTosLZY7Ya/1OpGZNbqCdFM6hG+3OllWOzu6Id467DHEudwyiDvE8Q+7EJMrO1Xv
Mjn+G5A6oDfdOTnmnzoPkEe73YgpO13ffDo9A146rkKnOIblcLuPOPw6wFZ1uwG8qTquvYS6
vsCqufgVrrgk2jO7ZmjvOmZJtLp3jgc6zYePuWB8ITvqOBS7BqLauaMYUrnOhlY6/uABO3LG
27qvUxQ6Gp+Uu2f0izoOKJe7MOWpujn+TrtKKG+7+odXuF4bk7uxC4u7ZJOZu48dbrljMQw7
+FgjO65uVzk/wy66lxiaurAB47uxigG7+kbguWMWyLoPLDe7dUPYujKVkbpA90+7gqFvuirr
F7t1mW27Pm0/u5dljrvm+B21jwNWu81G3bp2WeC7degxu8KYfbpodju7solmu3zxy7u6NPW6
5DeQOkJpBrty+/C6Nn40upH1O7tm1Cu7OPd5u3vqubu8V/i6xeMUO5bFdrt4vNo66U+euuar
nbsNKem7ip8LuoiquLvkKJS7M2EguhlTX7tDgaq6wi+YueAZlroSasi7kpGlu/45PLvPkWi7
fcE1usVgtrmClWi744h3u4Tsh7vDc9A4NCvyujJyWbtqBUq7u8RBuxDb2Lpyuq+7p5U9u4xg
K7sAuJS7eJLCu3rsTrsbJou7vHNmu4Gc/ro+baO7nEoxuxhz3bouhfC7uh2Bu3dkErvUn0y7
YPicu/SHsboV8k+7Qpl4u7gCYrvramu7fNaUu5s0DLvU5ea7/WUEvNeRmLv0waC7rCg1u8Ed
t7sgyEK7ynlxuxCH/bt8fAa8ZuAsu+fCpbuBnLy74ae8u2S4MbvKlAO70M0eu2/Z6LvX8fy7
1KuMu0f5Mrt/NfC7cLc3u/Bu+buWuq+733C8u4faw7ttZSi7/o7Hu2M5Qrtqh+K7rzTgu4bg
57u5qKe7p0//uxCwubuf4b27pokLvJ8TBbz9VDa8icriuyIA9rvwuZO7zJZIuip10rurYq67
NY/Hu8I1mLutjAu8AbUmu+V9obuPbOC720P4u4Iyiru2QOu7dPQKvEtyL7z79Gq7TQuru3WI
D7zdIJW65jItuxZinbvRari7NLySuzOOEry4KwK8sq6ruwhvhbvRCPa7ruYUvKGvoLuQa+e7
E/QCvDX537vay/q7OJUpvMb7y7s9i7S7kIUbvL4AhLt9qyC80M2ou21ODrzsHRm8crEZvMeI
2Ls0aW675qMovMo/3rtq2xa72k6lu5QRBbzrURS87gwKvAaXD7xUide7dK4IvO3FCbyzlSy8
UJHku56+DbxOsAO8rMUQvLr2qruo/hO8hfC2u69cArzowQy8tB/wu35AK7zmna67DgzBu6EN
JrwLt8K7UpM1vAbbDrxoDiO89KTNu9tsFbx5BgK8taUivHEt4rs/8gy889fJu5hEnbumI0y8
2E7LuzaPGrw5cDG8eqK8u+mBB7wKjfO7ALrruzXCRLwFX6G7LYYIvC/D1rsS7hy8G2kavBfr
37uHHgK8FlG8u0/2HLzloCC8dyfFuy+1KbxHyQ68cQovvIPKGLzSfd+7I0BNvNSPCLwT2SO8
KoMIvN8E57tN1S684IE7vF7kF7wrr/q7grYcvNZqOLw/5ja8Z0EfvAcRx7t8sTq8o8oovKel
IbwP0PO7Z64dvD4fJLzS3gi8TUUQvF6ZAbwqqCu8oQ0UvIiAE7wm3yC8cwVBvGrLB7xU3wy8
EuEMvMbmMry2BS+8KXjtuymEDbwVkCy8WvUbvKlfMLxn6AS8beE7vKf2Kbzk+Ua8zFQmvOZH
RLwhke27TVs0vI3KHLzb/vW7i0M9vHxoKrx5z+q79fkWvH73KbzN8BS87A1EvP3wFbxHciO8
bWc4vBCvJ7ydO/O7smtAvCuBGryQxRa8BPA3vGwgX7wtplW8ygQxvF3aI7wyfju85kcAvBHn
Kbzni1u83vXhu9OZLrzLuAu84/tHvEx5B7zFWSm8waJFvFJFyruTmDG8D1f0u21gdryWrSm8
KotKvAOFZbyzIga8dbEwvOSfCbzXOR28nTwRvOaDKbxD5D+8tnY7vIRUSLxjfR28fKEWvPl0
W7zyrXe8tGo9vEYCAbxjfFm8+hI9vOSmArzoCSy8Aq9tvGm2TLx9XUy8XHU1vEH1NrzJDjC8
ukApvCfaPrzQ6iq8e3hSvDvxJbxtOLe7aG4xvIcat7sqBDO8J9xHvDfyXbx6Jjy8DsAsvMuh
cLyltym8TdNmvBTPFrwo3T68CfMbvF86ILxaDki8z5hovAZ6Y7zLR0m8c6kSvICuTbx0wk+8
MgYkvHWsPbwWjFG863EivFxWTrxoS0e8Wv07vE3iKLydPE+87RZ6vFUdg7yENu67ngl7vLZU
IrwMoT28PAJLvLRTgry0ZOK7uSN0vDaEFrxGdDm8aZxRvOW1ELxBoVu8DrxqvBTthry2ria8
06dKvLhvQLyeqFe8uDVTvJmMOLwv8zC8GUpRvDGVarwUkzC8/0l1vLjoYbznsX68xEx6vOOK
bbzmGRi8+CxRvP7OJrzD0Uy81QcvvOQ7S7xyz4a8vEQuvKJFTrxKDRC8G5dbvF1CQryh/iu8
yuQQvOaTG7xrRES8AMBevJMberzfhTS84zlpvBQrhbwdIj28BzxkvOwYFbzLPnS8N09rvIGA
E7yzzx+8Dhg9vBlHV7zK7U68WYc9vBPKS7y6rjO8ajgnvIjqQby692a8HYUyvJB1SLxM+n28
RzuJvFMIgrxpHl+8nNd3vEN/gryoYXG8jkR1vIlpQLyhRTa8wCRWvBzzP7yR/Eq8e/ccvHAR
i7wmnTW89dIDvHclcrxmyVi88sVvvCHpeLzn0li8ZEt+vKQ/TLzEDji8HRVYvPv+b7zBoUC8
/X2QvP1fdbwAfXO8uqd7vKnciLzadYe8/dJovN1xIbwXfI68WidQvKtKhLymJ1u8qjh4vC1l
X7xW1ny8WcSCvBoob7y4QTS8a6yDvOK8b7xtGiq8zSODvC1QRryeR4i8wk02vK0qgrxiSFy8
JFx3vBTjg7zwd3S8Mi86vDhKarx5B3m8TouDvD8oVbzdS268ORFTvCmXX7wqIUm8Z31jvDHb
h7xiUHC8bFdGvJIugLw+cZi8fcJ2vEZkc7woNVW8U6+CvEeRm7zdK2y8nIOIvHIjVbxyo2y8
j8qbvMRbhbzwpGW8i3KWvDfbbbyPaHO8VwWNvIQOkLzTaYK8q8iNvFD0YrxhH1m8jz2EvKmo
h7y7fYG80hGGvLAhmLxttoO8ZSxbvLofkLzoEYG8xWdLvAxVYryiP2q8fmOZvBPKiLx4DVe8
Kk40vIIfR7ypdoi8R6WTvJq2gbxT7G68d+VovGn0hLze6Iy8OYh3vBLTmLwkV0e8LuWGvABq
iryJvXK8MMZPvDBnmLz4jFS80WhovIpUkLz+m4a8CwZMvLwraby/raO8vhRcvIN4U7yL9l28
RBF8vOE3jrzC7G684QSSvHX4d7y/J4y8XypvvJvFobwMLXS8u+iEvMMLmbwc0KS87mmZvErY
MLz/uay8QPSYvN2hibzkQIi8otNvvOGfbrwBBk284feEvIJjgLy+/pS8/DKIvOqkjbyEhIS8
MUWevEWOdLyOyYu88BeVvFMGqLxdeo68beCOvLTBhLzfO4C8FcOovLeod7x2VJa8tqqDvCgZ
lLzoVnq8UU+DvDNxibyz3qW8A/2evKSPcbz8vHS80g1pvPVxhbwm1pi8GjyrvGMQfLyZEYK8
ZI5uvKr5n7wEnWS8FbR+vG9Pgbz2bY+8rSGbvMwIhLyIooG8Z5GRvP/Kg7ybUIa8INhuvHoA
mbybhmK8Rm6IvJ3vl7wNw4O8G3ydvMRwiryOf268DFyZvGUUiLwuWpa85GKMvPIgg7zzYny8
3sSIvPT5YbwOn4C85Pt/vFRid7w8ini8mW11vEm3b7zT1Xy8</AssayYData></Step><Step><CommonData><SampleLocation>2</SampleLocation><SampleID>10mM Glycine pH1.7</SampleID><SampleGroup></SampleGroup><SampleInfo>or other Regeneration solution</SampleInfo><SampleRow>A</SampleRow><SamplePlate>1</SamplePlate><WellType>REGENERATION</WellType><Concentration>-1</Concentration><ConcentrationUnits>µg/ml</ConcentrationUnits><MolarConcentration>-1</MolarConcentration><MolarConcUnits>nM</MolarConcUnits><MolecularWeight>-1</MolecularWeight><Temperature>30.1</Temperature><StartTime>207922</StartTime><AssayTime>20</AssayTime></CommonData><FlowRate>1000</FlowRate><StepType>CUSTOM</StepType><StepName>condition</StepName><StepStatus>OK</StepStatus><ActualTime>20</ActualTime><CycleTime>0.2</CycleTime><AssayXData Points="100">AAA0Q/IyNEMlZjRDAKA0Q4vMNEMAADVD8jI1QyVmNUOamTVDi8w1Q77/NUMzMzZDqGY2Q1iZ
NkOLzDZDvv82Q/IyN0MlZjdDWJk3Q4vMN0O+/zdD8jI4QyVmOENYmThDi8w4QwAAOUPyMjlD
JWY5Q1iZOUPNzDlDAAA6QzMzOkNmZjpDmpk6Q83MOkMAADtDMzM7Q2ZmO0OamTtDzcw7QwAA
PEPyMjxDZmY8Q5qZPEPNzDxDAAA9Q/IyPUNmZj1Dmpk9Q83MPUMAAD5DMzM+Q2ZmPkNYmT5D
zcw+Q77/PkMzMz9DZmY/Q5qZP0PNzD9DAABAQzMzQENmZkBDmplAQ83MQEMAAEFDMzNBQ2Zm
QUNYmUFDzcxBQwAAQkMzM0JDZmZCQ5qZQkPNzEJDAABDQzMzQ0NmZkNDWJlDQ4vMQ0MAAERD
MzNEQyVmREOamURDzcxEQwAARUMzM0VDJWZFQ5qZRUPNzEVDvv9FQ/IyRkNmZkZDWJlGQ83M
RkO+/0ZD8jJHQyVmR0OamUdDzcxHQw==</AssayXData><AssayYData Points="100">VnWBvrnDa75p+FO+JpZGvkMaPb5Eazi+sBs5vkXCOr4TtDu+Svg6vu6yQL6jLUi+kn5Kvh9W
S75OlU++jKxVvmFQV776rVy+8QFcvpOYYb79dGS+cJpjvmdlab6b92S+4ptsvoQWbr6SGXG+
schzvjf/eb5OKHq+unl6vvJRgL5Op32+3TqCvorEgr5PZYG+zFCEviwfg74cvYS+sjGGvnyU
h757Xoi+ZRSKvtu0ib7/O4q+QaCJvuvpir5sdIq+o+yNvhbrjL62uYu+c1CNvqHykL7vfZG+
ulqQvgGykL4zZZK+K/CTvvgek77+H5O+Lj6VvsXolL7PXpa+gVyVvodHmL5wQZi+EtqYvibE
mb6nppm+7oebvi/pmb7pV5u+N1Gcvpnam75NJp++21GevmdInr7n9Z++21KfvgFuoL6f9J6+
+zCevo1aob7CiqG+FTigvkbnob6zOqG+Ktyjvn6Fo74cpaS+fVmkvoI1pL4p9qS+REuoviRX
pb7M86W+Yg+pvkf/pr4BS6e+MOaovg==</AssayYData></Step><Step><CommonData><SampleLocation>1</SampleLocation><SampleID>Running Buffer</SampleID><SampleGroup></SampleGroup><SampleInfo></SampleInfo><SampleRow>A</SampleRow><SamplePlate>1</SamplePlate><WellType>BUFFER</WellType><Concentration>-1</Concentration><ConcentrationUnits>µg/ml</ConcentrationUnits><MolarConcentration>-1</MolarConcentration><MolarConcUnits>nM</MolarConcUnits><MolecularWeight>-1</MolecularWeight><Temperature>30</Temperature><StartTime>233716</StartTime><AssayTime>20</AssayTime></CommonData><FlowRate>1000</FlowRate><StepType>CUSTOM</StepType><StepName>condition</StepName><StepStatus>OK</StepStatus><ActualTime>19.999</ActualTime><CycleTime>0.2</CycleTime><AssayXData Points="100">AABIQ/IySEMlZkhDI5tIQ4vMSEMAAElDMzNJQyVmSUOamUlDi8xJQwAASkPyMkpDJWZKQ1iZ
SkOLzEpDAABLQ/IyS0NmZktDWJlLQ83MS0O+/0tDMzNMQ6hmTEOamUxDzcxMQwAATUMzM01D
ZmZNQ5qZTUPNzE1DAABOQzMzTkNmZk5DmplOQ83MTkMAAE9DMzNPQ2ZmT0OamU9DzcxPQwAA
UEMzM1BDZmZQQ5qZUEPNzFBDAABRQzMzUUMrZ1FDmplRQ4vMUUMAAFJD+DNSQ2ZmUkOamVJD
zcxSQwAAU0MzM1NDZmZTQ1iZU0PNzFNDvv9TQ/IyVEOoZlRDmplUQ83MVEMAAFVDMzNVQ2Zm
VUOamVVDzcxVQ77/VUMzM1ZDZmZWQ5qZVkOB1VZDywFXQzMzV0MlZldDmplXQ83MV0MAAFhD
MzNYQ2ZmWENYmVhDi8xYQ77/WEM5NFlDJWZZQ5qZWUPNzFlDvv9ZQzMzWkNmZlpDmplaQ83M
WkO+/1pD8jJbQyVmW0NYmVtDi8xbQw==</AssayXData><AssayYData Points="100">5H6lvRBi5b3gawS+2QMJvj5sEb5i5g6+PqcNvnt/C76EWwq+ItICvksiCr7OXgS+o9sDvq0F
A76GwwK+qicAvoDZ/b2EwAG+6Sf6vQd5/r3o1wG+rkX9vVTf9L3divC997DwvUPO8b03ofK9
P6j2vQa68L243fW9xSTwvXxM673Se+u9zkbtva/S5b2e6+a99anlvbhg470fHOW9aLvjvTKh
5r0cgeW9nwPmvWSn4b0I6+K9U33cvf582r3sF+K9fILhvXTF3r3D0tq90sTgvTfb4L3Gcd69
VALgvV2E471xCt29bkXfvUuK4L0+fNO9gybjvbpo4L0yX9i9ilLVvdAx4b2oh9q9ikHZvb41
2706T+G9tifWvR42170B09a9ayDYvTVm2r1DjNa9h6/avegC1b1+Pdu9iAfVvYpN1L1Jlte9
qn/WvT2l2b02xNq9fj3Qvah12r08gtu9UvDbvUst270h9929pgTOvQ0q3b1FBtK9eb/PvYtq
z73eL8u9MY/SvceG0b1wvcy9hajSvQ==</AssayYData></Step><Step><CommonData><SampleLocation>2</SampleLocation><SampleID>10mM Glycine pH1.7</SampleID><SampleGroup></SampleGroup><SampleInfo>or other Regeneration solution</SampleInfo><SampleRow>A</SampleRow><SamplePlate>1</SamplePlate><WellType>REGENERATION</WellType><Concentration>-1</Concentration><ConcentrationUnits>µg/ml</ConcentrationUnits><MolarConcentration>-1</MolarConcentration><MolarConcUnits>nM</MolarConcUnits><MolecularWeight>-1</MolecularWeight><Temperature>30</Temperature><StartTime>259400</StartTime><AssayTime>20</AssayTime></CommonData><FlowRate>1000</FlowRate><StepType>CUSTOM</StepType><StepName>condition</StepName><StepStatus>OK</StepStatus><ActualTime>19.999</ActualTime><CycleTime>0.2</CycleTime><AssayXData Points="100">AABcQ7AyXEPjZVxDWJlcQ0nMXEO+/1xDsDJdQ+NlXUNYmV1Di8xdQ3z/XUOwMl5DJGZeQ1iZ
XkOLzF5Dvv9eQ3o0X0MkZl9DWJlfQ4vMX0O+/19D8TJgQyRmYENYmWBDi8xgQ77/YEPxMmFD
JGZhQ1iZYUOLzGFDvv9hQ/EyYkMkZmJDIptiQ4vMYkO+/2JD8TJjQyRmY0NYmWNDi8xjQ77/
Y0PxMmRD6WZkQ1iZZEOLzGRDvv9kQ7AyZUMkZmVDWJllQ0nMZUMGAWZDsDJmQ+NlZkNYmWZD
i8xmQ3z/ZkPxMmdD42VnQ1iZZ0NJzGdDvv9nQ/EyaEMkZmhDFploQ0nMaEO+/2hD8TJpQ2Zm
aUMWmWlDi8xpQ77/aUPxMmpD9WhqQ1iZakNJzGpDvv9qQzMza0MkZmtDWJlrQ4vMa0N8/2tD
UjhsQyRmbENYmWxDi8xsQ3z/bEOwMm1DJGZtQ1iZbUOLzG1DfP9tQ/EybkPjZW5DmZluQ1bO
bkN8/25D8TJvQ+Nlb0MonG9Di8xvQw==</AssayXData><AssayYData Points="100">uYLRvtKNvL6EDa2+JwufvqUmmr4qlpS+pKeQvr0Skb5P85C+4yWQvkIakr7g/pG+X6+TvmC9
k75ddZa+CTGWvu43mr77QJe+Mg6bvvWqmb7dJJ++i1mdvggOnr4IGZ6+Gdmfvp7anr5jDKC+
lUmhvmHToL7Bd6G+houjvmILo758EKS+9pekvgnMpr5otKe+rQGovr6Npr5OQKi+z2apvs81
qb44AKm+qnGrvhi+qr5Ucq2+9xCtvpgor76Hy6y+eaasvp7zrb6njK6+aAuwvq4ksr5AErG+
3yGxvuuvsL4R77G+xMWwvjWes74++7G+Q5S0vqznsb5jJbS+Xsm0vsMYtb4yxLS+64O0vqrE
tr6ioLW+P/e1vsrCtr6Zsra+pT64vhMmub5VFbi+32u5vgebt77Zkrm+RH+5vkq5ub7+n7u+
X0S8vl6wu75Aebq+NaK8vg5qvL73dru+WFO+vsBCvL5IGry+d3C+vvl4v74FBL++Z1PAvmdj
v76XW7++KZy+viZdv77AvMC+YITAvg==</AssayYData></Step><Step><CommonData><SampleLocation>1</SampleLocation><SampleID>Running Buffer</SampleID><SampleGroup></SampleGroup><SampleInfo></SampleInfo><SampleRow>A</SampleRow><SamplePlate>1</SamplePlate><WellType>BUFFER</WellType><Concentration>-1</Concentration><ConcentrationUnits>µg/ml</ConcentrationUnits><MolarConcentration>-1</MolarConcentration><MolarConcUnits>nM</MolarConcUnits><MolecularWeight>-1</MolecularWeight><Temperature>30</Temperature><StartTime>285059</StartTime><AssayTime>20</AssayTime></CommonData><FlowRate>1000</FlowRate><StepType>CUSTOM</StepType><StepName>condition</StepName><StepStatus>OK</StepStatus><ActualTime>20</ActualTime><CycleTime>0.2</CycleTime><AssayXData Points="100">vv9vQ/EycEPjZXBDFplwQ4vMcEOJAXFD8TJxQyRmcUMWmXFDi8xxQ3z/cUPxMnJDJGZyQxaZ
ckOLzHJDfP9yQ7Ayc0MkZnNDFplzQ4vMc0O+/3NDsDJ0QyRmdENYmXRDScx0Q77/dEPxMnVD
JGZ1QxaZdUOLzHVDfP91Q/EydkPjZXZDWJl2Q4vMdkN8/3ZDsDJ3Q+Nld0NYmXdDi8x3Q3z/
d0OwMnhD42V4QxaZeENJzHhDfP94Q7AyeUPjZXlDWJl5Q0nMeUO+/3lDsDJ6Q+NlekMWmXpD
Scx6Q3z/ekOwMntD42V7QxaZe0NJzHtDvv97Q/EyfEPjZXxDFpl8Q4vMfEN8/3xDsDJ9Q+Nl
fUMWmX1DScx9Q3z/fUOwMn5DJGZ+QxaZfkNJzH5DfP9+Q/Eyf0PjZX9DFpl/Q0nMf0O+/39D
WBmAQxIzgEOLTIBDRWaAQ99/gEOZmYBD8bKAQ6zMgENF5oBD3/+AQ3kZgUNUM4FDrEyBQ0Vm
gUPff4FDeZmBQxKzgUOszIFDReaBQw==</AssayXData><AssayYData Points="100">8j7QvYt0Cr5u9Ru+yoMgvo02Jr6ftya+ptMjvmRJJ76IvyG+JAEhvsi7HL7b+B2+x80fvtp/
HL4B8RW+CHgcvu6DGb46sBe+gNUWvsnXFr7slBi+oBgXvqFCGb7sHxa+7ZYPvl0cE75Jow6+
CEQOvl5UEL4r8RK+V+wSvr3PE76HRhG+DzoPvlm/EL4SCxC+tYoPvhkTEr57JBC+Y2sPvpmz
Eb4gWw++NFYOvvMPC75cIA2+xYoMvk08Cr55Awq+jroLvi1nDb5+nwq+NCgLvs80C750lgu+
7+cIvj10DL4uEQ6+GwYIvhtQBr77TAa+bWcJvtjuCL4nGAm+0kMKvhkSCr4WPwu+rwkJvoRl
Cb6vbQq+tfAHviBuCb6bqAm+KooGvhCvBr6DPQm+eq4GvrG4Cb5Mmge+JPAIvk5qBL6+twa+
IiAJvjAoBL4UpAO+lxoJvvftBr5rVQi+vOgEvufiBr557wK+cTgEvlXfA757pgq+nzoJvtXf
CL4rzwS+Pi8IvhdwAr4y2wO+7BMGvg==</AssayYData></Step><Step><CommonData><SampleLocation>2</SampleLocation><SampleID>10mM Glycine pH1.7</SampleID><SampleGroup></SampleGroup><SampleInfo>or other Regeneration solution</SampleInfo><SampleRow>A</SampleRow><SamplePlate>1</SamplePlate><WellType>REGENERATION</WellType><Concentration>-1</Concentration><ConcentrationUnits>µg/ml</ConcentrationUnits><MolarConcentration>-1</MolarConcentration><MolarConcUnits>nM</MolarConcUnits><MolecularWeight>-1</MolecularWeight><Temperature>30</Temperature><StartTime>310866</StartTime><AssayTime>20</AssayTime></CommonData><FlowRate>1000</FlowRate><StepType>CUSTOM</StepType><StepName>condition</StepName><StepStatus>OK</StepStatus><ActualTime>20</ActualTime><CycleTime>0.2</CycleTime><AssayXData Points="100">3/+BQ3kZgkMSM4JDrEyCQ0VmgkPff4JDeZmCQxKzgkOszIJDReaCQ9//gkN5GYNDEjODQ6xM
g0NFZoND33+DQ3mZg0MSs4NDrMyDQ0Xmg0O+/4NDeRmEQ/EyhEOsTIRDRWaEQ99/hEN5mYRD
ErOEQ6zMhENF5oRD3/+EQ3kZhUMSM4VDrEyFQ0VmhUO+f4VDeZmFQxKzhUOszIVDJeaFQ9//
hUN5GYZDEjOGQ6xMhkNmZoZD33+GQ3mZhkMSs4ZDrMyGQ0XmhkPf/4ZDeRmHQ/Eyh0OLTIdD
JWaHQ75/h0NYmYdDErOHQ6zMh0Pp5odD3/+HQ3kZiEMSM4hDrEyIQyVmiEPff4hDeZmIQxKz
iEOLzIhDJeaIQ9//iENYGYlD8TKJQ4tMiUNFZolDvn+JQ1iZiUPxsolDrMyJQ0XmiUPf/4lD
WBmKQ/EyikOsTIpDRWaKQ75/ikNYmYpDErOKQ4vMikNF5opDvv+KQ1gZi0PxMotDi0yLQyVm
i0O+f4tDWJmLQ/Gyi0OszItDReaLQw==</AssayXData><AssayYData Points="100">xrLqvrRc2L4Lo8e+ac24vqgXsr4c3qu+iienvi+sp767a6e+9Y+pvsfeqL4xmqi+FhqrvqH6
qb6f6au+gyOvvnnHrb62iK++w/WxvsUCsL7n1rK+3iqyvpI8s746b7S+b0m1vmxEt761F7e+
zqi2vqaeuL7lora+U7G4vo7jub6iuLm++nu5vonuu75ZP7y+nq+8vvN7ur7cYr6+mpW9vv89
vr5W3b6+IKi8vuh4vr679L6+f1fCvjkUwb7ukMG+DgfCvv7Ywb6oj8O+yF7CvgtXxb5Ra8S+
2gvEvpkTxL5cu8S+uLvCvpNLxb6MLcW+tC/Gvnssxr6apcS+6//Hvvzkxr4S3Ma+5NTIvsCi
yb5eSsm+Mh3KvqpMyb5sksq+/1LKvgKZyr7oNMq+2u/LvlKEzL78GMy+PJfKvjKpzL6PpM6+
aY/Lvi0ozL6qx86+qjHMvsbDz75KAc++pBTPviZ60L6hOM6+CQ/PvkWaz77mLNK+mZzRvn0H
0b7+kNG+7c3Qvt/J0L6d4NG+xK3Rvg==</AssayYData></Step><Step><CommonData><SampleLocation>1</SampleLocation><SampleID>Running Buffer</SampleID><SampleGroup></SampleGroup><SampleInfo></SampleInfo><SampleRow>A</SampleRow><SamplePlate>1</SamplePlate><WellType>BUFFER</WellType><Concentration>-1</Concentration><ConcentrationUnits>µg/ml</ConcentrationUnits><MolarConcentration>-1</MolarConcentration><MolarConcUnits>nM</MolarConcUnits><MolecularWeight>-1</MolecularWeight><Temperature>30</Temperature><StartTime>336683</StartTime><AssayTime>20</AssayTime></CommonData><FlowRate>1000</FlowRate><StepType>CUSTOM</StepType><StepName>condition</StepName><StepStatus>OK</StepStatus><ActualTime>19.999</ActualTime><CycleTime>0.2</CycleTime><AssayXData Points="100">3/+LQ1gZjEPxMoxDi0yMQyVmjEO+f4xDWJmMQ/GyjEOLzIxDReaMQ9//jENYGY1D8TKNQ6xM
jUNFZo1D33+NQ1iZjUMSs41DrMyNQ0XmjUPf/41DmRmOQxIzjkOsTI5DRWaOQ99/jkN5mY5D
ErOOQ6zMjkNF5o5D3/+OQ1gZj0MSM49DrEyPQ2Zmj0Pff49DeZmPQxKzj0ORzY9DCuePQ9//
j0N5GZBDEjOQQ6xMkEMlZpBD33+QQ1iZkEMSs5BDrMyQQ0XmkEPf/5BDWBmRQxIzkUOLTJFD
RWaRQ99/kUNYmZFDErORQ6zMkUNF5pFDQQCSQ1gZkkPxMpJDrEySQ0VmkkPff5JDeZmSQxKz
kkOLzJJDReaSQ77/kkN5GZNDEjOTQ6xMk0NFZpND33+TQ3mZk0MSs5NDi8yTQ0Xmk0O+/5ND
mRmUQ/EylEOsTJRDJWaUQ99/lEN5mZRDErOUQ6zMlEMl5pRD3/+UQ1gZlUPxMpVDi0yVQ0Vm
lUODgJVDWJmVQ/GylUOszJVDJeaVQw==</AssayXData><AssayYData Points="100">K+0AvjffH76Loi2+B+M1vl+lOL48oDa+SZo3vti+Ob43ni2+Siw0vkjGMr4r4y6+NbswvnZi
Lb4zkSa+f0Utvk14Lb5Noyy+agslviRLKb4cIyi+yNUnvkrGJL7L2yO+LPgmvj/LJL5IWyO+
cd8hvuMRI75KdSS+n9whvlXhIr7rEiS+No0gviYgIb4W7CG+cwMjvr9GH74nsh6+OdEcvv9w
H77/FSC+LMcfvoK9Ib49qx2+VJUhvgh5Hr6GKRq+0FggvkdcHL6qdCC+KEIevh9kHr5WdR2+
E9AfvnNGHb6f+Rq+0OQcvoInGr5EPRy+1QgevjSmHL5JwBe+M3cbvs8nHL6W/Ra+2XAWvrAx
G77hCR2++JgdvpTdHb6O0xq+JeUXvkDAGr5NuBq+9H0avqh4E77UwBa++WwavlJuGL4Z+xm+
NpwYvlf8Gb72+Bi+SoUYvnc2Fb5lKBa+VbMavldiF748qRm+KC0YvhTvFb6Uoxq+WOYcvvl6
F76hKhm+qMgYvvRQFr5xVxm+IsAZvg==</AssayYData></Step><Step><CommonData><SampleLocation>3</SampleLocation><SampleID>Running Buffer</SampleID><SampleGroup></SampleGroup><SampleInfo></SampleInfo><SampleRow>A</SampleRow><SamplePlate>1</SamplePlate><WellType>BUFFER</WellType><Concentration>-1</Concentration><ConcentrationUnits>µg/ml</ConcentrationUnits><MolarConcentration>-1</MolarConcentration><MolarConcUnits>nM</MolarConcUnits><MolecularWeight>-1</MolecularWeight><Temperature>30</Temperature><StartTime>362671</StartTime><AssayTime>120</AssayTime></CommonData><FlowRate>1000</FlowRate><StepType>BASELINE</StepType><StepName>Baseline 120</StepName><StepStatus>OK</StepStatus><ActualTime>120</ActualTime><CycleTime>0.2</CycleTime><AssayXData Points="600">v/+VQ1kZlkPyMpZDjEyWQyVmlkOef5ZDOJmWQ9GylkNrzJZDBeaWQ57/lkNZGZdD0TKXQ2tM
l0MFZpdDnn+XQziZl0O3s5dDa8yXQyXml0O//5dDOBmYQ/IymENrTJhDBWaYQ55/mEM4mZhD
8rKYQ2vMmEMl5phDv/+YQ1kZmUPRMplDa0yZQwVmmUOef5lDOJmZQ/KymUNxzZlDJeaZQ57/
mUM4GZpD0TKaQ2tMmkMFZppDv3+aQziZmkPysppDa8yaQwXmmkOe/5pDWRmbQ9Eym0NrTJtD
JWabQ55/m0M4mZtD0bKbQ2vMm0MF5ptDnv+bQzgZnEPRMpxDjEycQwVmnEO/f5xDWZmcQ9Gy
nENrzJxDBeacQ7//nENZGZ1D0TKdQ2tMnUMlZp1Dnn+dQziZnUPRsp1DjMydQwXmnUO//51D
OBmeQ9EynkOMTJ5DJWaeQ55/nkNZmZ5D8rKeQ2vMnkMF5p5Dnv+eQ1kZn0PyMp9DjEyfQyVm
n0O/f59DWZmfQ/Kyn0OMzJ9DZ+afQ7//n0NZGaBD8jKgQ4xMoEMlZqBDv3+gQ1mZoEPysqBD
jMygQ0bmoEO//6BDWRmhQ/IyoUOMTKFDJWahQ79/oUNZmaFDE7OhQ2vMoUMl5qFDv/+hQ1kZ
okPyMqJDjEyiQyVmokO/f6JDWZmiQ/KyokOMzKJDZ+aiQ7//okM4GaND8jKjQ2tMo0PqZqND
v3+jQ1mZo0PysqNDjMyjQyXmo0Oe/6NDWRmkQ/IypEOMTKRDJWakQ55/pEM4maRD8rKkQ2vM
pEMl5qRDv/+kQzgZpUPRMqVDa0ylQwVmpUMhgKVDOJmlQ9GypUNrzKVDBealQwAApkNZGaZD
8jKmQ4xMpkMFZqZDnn+mQziZpkPRsqZDjMymQwXmpkOe/6ZDOBmnQ9Eyp0OMTKdDJWanQ55/
p0M4madD0bKnQ2vMp0MF5qdDv/+nQ1kZqEPyMqhDa0yoQwVmqEO/f6hDWZmoQ9GyqEOMzKhD
BeaoQyEAqUM4GalD0TKpQ4xMqUOIZqlDnn+pQziZqUPRsqlDa8ypQ2fmqUO//6lDOBmqQ/Iy
qkNrTKpDBWaqQ55/qkM4mapD8rKqQ2vMqkMF5qpDnv+qQzgZq0O3M6tDjEyrQwVmq0Oef6tD
OJmrQ9Gyq0NrzKtDBearQwAArEM4GaxD0TKsQ2tMrEMFZqxDnn+sQ1mZrEPysqxDa8ysQyXm
rEPg/6xDWRmtQ/IyrUOMTK1DJWatQ79/rUNZma1D8rKtQ83MrUMl5q1Dv/+tQ1kZrkPyMq5D
jEyuQ0ZmrkO/f65DPpquQ/KyrkOMzK5DJeauQ7//rkNZGa9D8jKvQ4xMr0MlZq9Dv3+vQ1mZ
r0Pysq9DjMyvQyXmr0O//69DWRmwQ/IysENrTLBDJWawQ79/sENZmbBD0bKwQ4zMsEMF5rBD
v/+wQzgZsUPyMrFDjEyxQyVmsUO/f7FDOJmxQ9GysUNrzLFDJeaxQ57/sUM4GbJD8jKyQ2tM
skMlZrJDnn+yQ1mZskPysrJDjMyyQyXmskOe/7JDWRmzQ9Eys0OMTLNDRmazQ79/s0NZmbND
0bKzQ2vMs0Ml5rNDnv+zQzgZtEPRMrRDa0y0QyVmtEO/f7RDWZm0Q9GytENrzLRDBea0Q57/
tEM4GbVD0TK1Q2tMtUMlZrVDnn+1Q/yZtUPysrVDjMy1QwXmtUOe/7VDOBm2Q/IytkOMTLZD
BWa2Q55/tkNYmbZD0rK2Q4zMtkMF5rZDnv+2Q1gZt0PSMrdD7ky3Q2dmt0Oef7dDWJm3Q9Ky
t0NrzLdDBea3Q7//t0M4GbhD8jK4Q2tMuEMmZrhDv3+4QziZuEPSsrhDa8y4QwXmuEOe/7hD
OBm5Q9IyuUNrTLlDBWa5Q+B/uUM4mblD0rK5Q2vMuUPJ5rlDv/+5QzgZukPSMrpDa0y6QwVm
ukO/f7pDeZm6Q9KyukNrzLpDJua6Q7//ukNYGbtD2DO7Q4xMu0MmZrtDv3+7Q1iZu0MZtLtD
jMy7Qybmu0O//7tDWBm8Q/IyvEOMTLxDJma8Q79/vENYmbxD8rK8Q4zMvENn5rxDQgC9Q1gZ
vUPyMr1DjEy9QyZmvUO/f71DWJm9Q9KyvUOMzL1DJua9Q7//vUNYGb5D8jK+Q4xMvkMmZr5D
v3++Q3mZvkPysr5DjMy+QybmvkO//75D3Bm/Q/Iyv0NrTL9DJma/Q55/v0NYmb9D8rK/Q4zM
v0MF5r9Dv/+/Q1gZwEPyMsBDjEzAQyZmwEO/f8BDWJnAQ/KywENrzMBDJubAQ57/wENYGcFD
8jLBQ4xMwUMmZsFDv3/BQziZwUPSssFDjMzBQwXmwUOe/8FDWBnCQ/IywkNrTMJDBWbCQ79/
wkNYmcJD8rLCQ2vMwkMm5sJDv//CQ1gZw0PSMsNDa0zDQyZmw0Oef8NDOJnDQ9Kyw0NrzMND
BebDQ7//w0NYGcRD0jLEQw9NxEMmZsRDv3/EQziZxEPyssRDmM7EQwXmxEOe/8RDWBnFQ/Iy
xUOMTMVDBWbFQ55/xUN5mcVD0rLFQ2vMxUMF5sVDhADGQ1gZxkPyMsZDa0zGQwVmxkOef8ZD
OJnGQ9KyxkOMzMZDBebGQ57/xkM4GcdD0jLHQ2tMx0MFZsdDv3/HQziZx0PyssdDjMzHQwXm
x0Oe/8dDOBnIQ9IyyEOMTMhDBWbIQ79/yEM4mchD0rLIQ4zMyENG5shDnv/IQzgZyUPSMslD
jEzJQwVmyUOef8lDWJnJQ/KyyUOMzMlDJubJQ7//yUNYGcpD8jLKQ4xMykPqZspDv3/KQ1iZ
ykPysspDjMzKQybmykMHActDWBnLQ/Iyy0NrTMtDBWbLQ79/y0NYmctD8rLLQ4zMy0Mm5stD
nv/LQ1gZzEPSMsxDa0zMQyZmzEO/f8xDWJnMQ/KyzEOMzMxDJubMQ7//zENYGc1D8jLNQ4xM
zUMmZs1Dv3/NQ1iZzUPyss1DjMzNQybmzUO//81DWBnOQ9IyzkNrTM5DJmbOQ79/zkM4mc5D
8rLOQ2vMzkMF5s5Dv//OQzgZz0PyMs9DjEzPQyZmz0O/f89DOJnPQ9Kyz0OMzM9DJubPQ57/
z0M4GdBD0jLQQ4xM0ENGZtBDv3/QQziZ0EPSstBDa8zQQwXm0EO//9BDOBnRQ/Iy0UNrTNFD
BWbRQ79/0UNYmdFD8rLRQ2vM0UMm5tFD</AssayXData><AssayYData Points="600">r2covtxKJL5tOSW+a9shvrj9Jb7kBSK+5DUfvpkvJL5uGiC+ZKwjviU4IL7u7x++7f0hvm9g
Ir6BOCC+fRohvoynIb6yYiC+zoMgvshIH763QCG+lmsevplTIr4PdiC+dWchvhbnH75iGx2+
jhsivjkOIr6c6xy+xYogvhxeH76FQiG+QpEdvgngHr6cWyC+nCMavoTRHb5ucR++xLIgvufQ
Ib5LCyC+/Q8dvry0H74NMh++M+MfvmwIHb7r1Bu+WPgbvt7FHr6Pshu+E/YaviLQG756aR2+
crkavt5CGb6+5h++NWIcvmNqGr7R8h2+AFUcvht5Hb5k+hq+jfQcvgG0Hr5o7hq+tswbvnGU
Hr5cmx6+0HEcvmN9Hb6Qpxq+61QcvsftIb5l6R2+6SUdviv9HL6L4hq+TSgbvt78G74bGhy+
fcwbvu1rHL6pZxu+Gk4cvm4PGr5Q8Ra+mXIZvvzFGr4hMiC+jEYavoYOHL4Chhq+qu0cvl/a
H76QHRq+V/ccvlS4G769/Bm+JXUfvoTwG76cfhy+FwwZvilmHr6PJhi+q5wevmO5Hb79Ph2+
Xbkdvt8FGr4rXRy+ER4dvm0NHb5cIxy+gP4Wvo+wHb5M8xm+4oQYvo8QGr63OR2+KqQcvuUJ
Gb66YBq+L8Ecvp9MF76UtBy+eNcaviZ3G75Tjhi+SVgbviPeF74otxi+bSwevnAFHr4z/hq+
U2sbvpvFGb7Bsxy+YWUXvuA8Gr7VURi+hfsYvo21F75Afx2+pRscvqVbGr6xChq+dDgWvqcB
F77/iBi+tecZviiBF77jCxq+raQevm+/Gb7aBxi+jLIYvlc3Hb44SRe+ekoavi4CGL6wcRy+
7j8cvmLiGL7uDRq+toAUvrYvG75g9Re+HBEavjkvHL5lqxi+Rz8YvnjHGr74Vha+ANQWvi/v
Hb6Xihu+3FsavkUbF74UNxm+FDMWvirbF742jBi+E1YXvnObGr7ONxu+LfUaviGuF75QQhe+
1UQXvvSyGr5vaRu+vtoavgCJF775mhS+OPMavsHTFL65kBW+Z2EYvnO/Fr5TEBm+19QZviMW
Fr52nhu+gEoavuMSF74tSBi+oQAYviI8Gb5E7Rm+4ggaviS9Gr7Lihe+fcQbvkvKGb5SQRe+
1M4avi3VFb57Qxi+xw8bvssqGr4WgBm+APUXvkWiF76BlxS+7sYZvtHkFr6keBW+ipwavhVK
F763qhm+FGYXvg5FF74B2he+FjoZvsusGb7slBa+hL0ZvjF5Gb4lXhW+uzIdvv/zGb7A5Ba+
yEIZvlmOF76RRxO+p1wZvkolF75c+Ri+cmgXvvKCF75sRRa+dlQWviECFr7MZRm+XwAVvpB/
Fr6WHxe+VrYWvvJuFL6r7xW+te4UvvozFb55QRu+1W8XvttJGL4MWRS+S3QVviaWF7409Rm+
z2gTvtD6Fb4IjhW+3dMXvsUqGL6MzBe+S9MYviEmGr4rSxW+kd4Wvn0qFr5YjRW+8KYZvvcQ
Fr4UIBe+taMYvrIwFL5MLxe+iM4WvmT1Fb7HcRm+mi0TvnUHFb7qJRW+c6QUvlzTFb4CHRm+
C6AZvsTYGb62fxm+lC8VvhJaFb52ARi+Yl0Rvs/jFr51HRi+7IMUvixeEb73lxa+RLMXvl0r
F74jYxO+9xoXvkhiFb5tvxi+/8YXvisJFr5bAxW+hogbvsPAFb6BfRG+6zoUvtmFFr4EdxO+
4vQUvrbbGL7ALBe+kqgWvuRcGb4JoRa+7fMYviquFL5mmRm+WlITviTGFL5sAhW+UyEavntE
Fr4QQhq+32gVvjEaE76fBha+cOsVvpoHFr6Rbxi+A2UUvhI/F77i2he+NIgUvtN7GL5QpBS+
VKAZvnpQFL6lABq+OfMUvqU2Gb4wHRa+YBITvg6vFr5x8Ba+OJEUviU1F74V0RS+LyAVvs5j
E75IuBO+pCgVvrh9Fb754hi+eC8Vvh1UEb71UhK+jXMSviURFL4p9RW+tIMWvmsNFr7qwhW+
xHYVvpbkF777rha+V6gTvqhvFr4Q6xO+VLoWvhOcFb58zRe+q9wPvgDqFr6i9he+gFUbvmNm
E76twBO+HocUvtSVEr7/vBG+W7kTvg1XGL7G0RS+tEYXvntQFL5XzBO+fQUZvpSjFb6NlhO+
tnkVvp3AF75F/xa++MoYvtFKEr4q8xW+EnUTvi8wFL5ypRS+X90Qvms4Fb7soRS+ZnMTvobc
FL6hMxS+3P4UvoYmFr79ZRa+1wYVvvQPEr6AjhW+nyINvnIuFb4v8xC+fcMYvp63Fb7a7Ri+
k5UWvhb+FL7SVxa+M0YWvumkEL75HBO+wlEVvg7/F750TBS+h54Yvvr3FL6dZBW+PYkSvjeP
F74OMBW+SUkOvnR1Fr7J7he+os0SvpXwE753UhK+T3wVvk6wEL6OLhS+UrQWvsvmGL40VRW+
5PoTvmlVE740LxK+qXEVvnPDFL4PtBa+S9kUvuq4Fb6NaxG+c4UUvhOEFr5lnhK+VNEVvoqo
GL4IiRW+cZoSvnOIFL4TuhO+ehUPvkrgE75XxhW+xosTvgCBE75umBO+M1kVvj1cFr5W5xS+
ToQXvpZiFL7lnhS+YbgTvr6mE76NkRa+6J4Tvh/NFL4AOxa+8LUSvuZLF74dJxe+6MAXvlcF
FL6IARS+PuMUvtAxFL6Smxa+C6QTvkniE74gORa+4F4TvnPLFL5rsRS+5gMWvhDdFb4EVBC+
dSsUvsN2Er58HxG+ze4Tvk0WFL5KbBK+ZpkTvu0hFr7TLRO+3AQVvjz+E77KJxO+aTQSvi/p
FL5ieRC+YvQSvtsKEr4J6RS+vUMXvuF+Er7KJBe+WEgRvvh3FL7ZgBG+6o8SvuTXEb5Cixe+
VUsTvqaOFb5EuRK+qkcQvqiREL4blRK+mxQTvsydEb58qhS+8kgVvrVsF74I1g++VugUvmkU
E74KGxW+LmwRvt0bFb5nExa+HeMTvuHpE74Bjxa+kcMUvjLFD77xBxK+LV0UvjJsD77reRW+
p3AQvp1hFL7LnRO+LeAXvgjxFL6e9RO+ptwVvrUNE774xA++j2oUvoLJFL7ztRO+uEUWvjE4
Fb4fcRG+mToUvuskFb6lwhG+AYcTvguBE77FNRS+nXIRviOjFb4RgBe+1H8UvjIiEr78qBC+
xScSvnxUFL7knBC+HlEUvtyPFL5jzRG+</AssayYData></Step><Step><CommonData><SampleLocation>4</SampleLocation><SampleID>AB</SampleID><SampleGroup></SampleGroup><SampleInfo>in Running Buffer</SampleInfo><SampleRow>A</SampleRow><SamplePlate>1</SamplePlate><WellType>KLOAD</WellType><Concentration>0</Concentration><ConcentrationUnits>µg/ml</ConcentrationUnits><MolarConcentration>0</MolarConcentration><MolarConcUnits>nM</MolarConcUnits><MolecularWeight>-1</MolecularWeight><Temperature>30</Temperature><StartTime>489441</StartTime><AssayTime>20</AssayTime></CommonData><FlowRate>1000</FlowRate><StepType>LOADING</StepType><StepName>Loading</StepName><StepStatus>OK</StepStatus><ActualTime>19.999</ActualTime><CycleTime>0.2</CycleTime><AssayXData Points="100">wP/RQzkZ0kPSMtJDbEzSQwZm0kPAf9JDWpnSQ9Ky0kONzNJDJubSQ8D/0kNaGdND0jLTQ2xM
00MmZtNDwH/TQ1qZ00PSstNDjczTQybm00PA/9NDORnUQ9Iy1ENsTNRDqWbUQ8B/1ENamdRD
0rLUQ2zM1EMm5tRDn//UQ1oZ1UPSMtVDjUzVQyZm1UPAf9VDOZnVQ/Oy1UONzNVDJubVQ8D/
1UM/GtZD8zLWQ41M1kMGZtZDwH/WQ1qZ1kPzstZDjczWQwbm1kPA/9ZDWhnXQ/My10ONTNdD
BmbXQ59/10M5mddD87LXQ2zM10MG5tdDwP/XQ1oZ2EPzMthDbEzYQwZm2EOff9hDWpnYQ9Ky
2EONzNhDJubYQ5//2EM5GdlD8zLZQ65M2UMGZtlDn3/ZQzmZ2UPzstlDbMzZQwbm2UNDANpD
ORnaQ9Iy2kNsTNpDBmbaQ8B/2kNamdpD0rLaQ43M2kMG5tpDwP/aQzkZ20PSMttDbEzbQwZm
20Off9tDWpnbQ76020NszNtDBubbQw==</AssayXData><AssayYData Points="100">7PcGvvMh972va9u9gMrTvR1Jx71ksbW9l26nvU1wlr2vGoq9/31/vabdXr18Tz69eHkivX5t
Eb1LXPm8QjjsvIFSe7zJfla8uMDou4GSBjuJZc47CygvPGh4nTxoM+A81oP0PIaXHj2IJzc9
LE9BPdcEYT1evns9F0eKPSyPmz3yQak9JgCxPdxvwz2utsg9wGvPPXYZ5T3XQfA9rXH7Pbbm
AT4/bww+/ugNPtANEz7+ByE+CoEcPhc3KD6p4i8+yoI1PnopPD7lf0I+n+FHPofEST6emFU+
U99aPngoYD4nf2Y+VoBsPuA8cT4ue3U+kdl9Pq+8gj55V4M+hyCJPmwFjD7ro48+mC6SPot7
lj7tlpc+RNSZPmsNnj5vIqA+DCKkPvOWpz5oiak+WYSuPiRHsD7fULQ+pzy1PkujuD7T+rk+
54W+PpBHwz6yIMU+RnrIPq6zyj6zNc4+beHRPmya1D70Htg+WnbaPic+2z4Tt+A+N3bkPp1v
5j4ZqOg+5qLqPlJK8D4rUfM+3BL0Pg==</AssayYData></Step><Step><CommonData><SampleLocation>5</SampleLocation><SampleID>AA</SampleID><SampleGroup></SampleGroup><SampleInfo></SampleInfo><SampleRow>A</SampleRow><SamplePlate>1</SamplePlate><WellType>BUFFER</WellType><Concentration>10</Concentration><ConcentrationUnits>µg/ml</ConcentrationUnits><MolarConcentration>10000</MolarConcentration><MolarConcUnits>nM</MolarConcUnits><MolecularWeight>-1</MolecularWeight><Temperature>30</Temperature><StartTime>516901</StartTime><AssayTime>60</AssayTime></CommonData><FlowRate>1000</FlowRate><StepType>BASELINE</StepType><StepName>Baseline 60</StepName><StepStatus>OK</StepStatus><ActualTime>59.999</ActualTime><CycleTime>0.2</CycleTime><AssayXData Points="300">oP/bQzoZ3EPTMtxDTEzcQwZm3EOgf9xDOpncQ9Oy3ENMzNxD5uXcQ3//3EMZGd1DsjLdQ21M
3UMGZt1DoH/dQzqZ3UOyst1DTMzdQ+bl3UN//91DOhneQ7Iy3kNMTN5DBmbeQ39/3kMZmd5D
srLeQ23M3kMG5t5Df//eQzoZ30PTMt9DTEzfQwZm30Ogf99DGZnfQ9Oy30NMzN9D5uXfQ3//
30MZGeBDsjLgQ0xM4EMGZuBDoH/gQxmZ4EOysuBDTMzgQwbm4EOg/+BDOhnhQ7Iy4UNtTOFD
5mXhQ39/4UMZmeFD07LhQ0zM4UOW6OFDf//hQxkZ4kOyMuJDTEziQ+Zl4kN/f+JDGZniQ7Ky
4kNMzOJD5uXiQ3//4kMZGeNDsjLjQ0xM40PmZeNDoH/jQxmZ40OysuNDTMzjQwbm40N//+ND
GRnkQ7Iy5ENMTORDBmbkQ6B/5EMZmeRDsrLkQ23M5EMG5uRDf//kQxkZ5UOyMuVDbUzlQ+Zl
5UOgf+VDOpnlQ9Oy5UNtzOVDBublQ6D/5UM6GeZD0zLmQ21M5kMGZuZDf3/mQzqZ5kPTsuZD
bczmQwbm5kOg/+ZDOhnnQ9My50NtTOdD5mXnQ6B/50M6medD07LnQ23M50MG5udDoP/nQzoZ
6EPTMuhDbUzoQwZm6EN/f+hDOpnoQ7Ky6ENMzOhD5uXoQ6D/6EM6GelD0zLpQ21M6UMGZulD
f3/pQzqZ6UPTsulDTMzpQ+bl6UN//+lDGRnqQ9My6kNtTOpD5mXqQ6B/6kM6mepDsrLqQ23M
6kMG5upDoP/qQzoZ60PTMutDbUzrQwZm60N/f+tDOpnrQ7Ky60NMzOtDQOrrQ3//60MZGexD
sjLsQ0xM7EMGZuxDoH/sQ/6Z7EPTsuxDtM3sQ+bl7EN//+xDOhntQ9My7UNtTO1DBmbtQ39/
7UM6me1DsrLtQ23M7UMG5u1DoP/tQzoZ7kPTMu5DbUzuQ+Zl7kOgf+5DOpnuQ7Ky7kNMzO5D
BubuQ6D/7kMZGe9DsjLvQ0xM70MGZu9Df3/vQxmZ70Oysu9DTMzvQ+bl70N//+9DGRnwQ7Iy
8ENMTPBD5mXwQ39/8EMZmfBD07LwQ0zM8ENI5vBDoP/wQxkZ8UOyMvFDbUzxQ+Zl8UN/f/FD
GZnxQ7Ky8UNMzPFD5uXxQ3//8UMZGfJDsjLyQ0xM8kPmZfJDf3/yQxmZ8kOysvJDTMzyQ+bl
8kN///JDGRnzQ7Iy80NtTPND5mXzQ39/80M6mfND07LzQ23M80MG5vNDoP/zQzoZ9EPTMvRD
bUz0Q+xm9EOgf/RDOpn0Q9Oy9ENtzPRDBub0Q6D/9EM6GfVD0zL1Q21M9UPmZfVDoH/1QzqZ
9UPTsvVDbcz1Qwbm9UOg//VDOhn2Q9My9kNtTPZDBmb2Q6B/9kM6mfZD07L2Q0zM9kMG5vZD
oP/2QzoZ90PTMvdDTEz3Q+Zl90Ogf/dDGZn3Q9Oy90NtzPdDBub3Q3//90NaGfhD0zL4Q0xM
+EMGZvhDoH/4QzqZ+EPTsvhDTMz4Q+bl+EOg//hDOhn5Q9My+UNtTPlDBmb5Q6B/+UM6mflD
srL5Q0zM+UPm5flD</AssayXData><AssayYData Points="300">Z0VeP15jYD88/GE/jH9hP643YD9sY2E/Vb9fP0c2Xz8bz14/FOpePynbXT8twF0/L3NdP4jH
Wz9Rp1s/Et5aP2TMWj/+rlo/ad5aPwbOWj8jQ1o/jVlZPxhQWD/cbVg/PkJYP1c5WD/Vnlc/
lIpXP2OBVz+sw1Y/b9FWP7QNVT+UblU/9ttUP+qFVD8ITlU//aRVP+fEVD8gylM/WMdTP62H
Uz8N8FI/9CdTP04AUz+ZaFI/rRhSP0apUj8t41E/q5dRPwCUUT9PgFE/JpJQP41BUT9n2U8/
ML5QP8ApUT9PelA/J8pOP/cSTz9dlk8/wVRPPyWeTj8+wE4/xdFNP8BqTj/De04/B2dNP5t6
TT8n+E0/8OFMPzycTD8N4kw/c0NMP+NVTD+TAU0/bC9MPza2TD/7AEw/JANMP+xdSz+MFUs/
MD5KP+uBSj+GKko/uiZLP0H3ST++EUo/OBBJP6IiSj/nGUo/nnJJP+6eRz+EREg/GLpJP+H/
SD/yFUg/fydJP5ekST+DDEg/i1RIP3BQRz/f00c/NPtGPypBRj+rVUY/p3ZHP96+Rj+pR0Y/
9b9GPxxIRj+hzkU/uq9GP9sHRj8+TkU/g89FP7bfRT9t5EQ/6rFFP1yZRT+MHkQ/mzBEPzek
RD+lMEQ/KNpEP1LJRD96yUM/cYhEP3FLQz9w9EM/szpDPwX9Qj+qB0M/V5hDP6UNQz8N80I/
LBdCP1onQz8d00E/wFBCP4ybQT9Sz0E/F9hBP0jcQT+8kEE/3uVAP4wmQT9dPEE/YW5AP93E
QD/ftkA/xvFAPzfEQD+rlUA/V05BPz2GQD9esUA/emFAPzTsPz/Ba0A/XY8/P6pyPz+ErD8/
7rE/P5k/Pz9Uoz4/nv0+Px0bPz9CBj8/d8o+P+JMPj81wz4/u94+Pw5LPj9riT4/t449P+D9
PT8CSz4/N/Q9P82fPT8+lj0/3h09P3V7PT9J7jw/jvE9PwtNPT/Q2Dw/tbc8P1LHPD/fYjw/
P0o9P7V2Oz+0aTw/SdI8P6oBPD9yjTs/03w8P8Z2Oz/iejw/uL07P3TCOj+Orjs/fPk7P8RP
PD9gzjo/4TY6P26LPD/6azs/Dh87PxWQOj8CyTk/+Vk6P5fSOj9FJTo/o5o5P9NQOj8CBjo/
0Ew6P/VpOj8O4Dk/Z2c5P1A4OT/yKzo/U904P5aFOT+hCDo/RH44PzuDOT/N4Tg/bMQ4P3zz
OD8PHjg/SMk5P23bNz/qYjg/1pI5Pw22OT+1mzg/uZM4P5J2Nz+CDDg/osY3P4t/Nz9Nwzg/
8iI4P9FxOD/W/zc/ZXI3P1CMNz+IQzc/ZuM3P2u5Nz8ZpjY/++41P6j3Nj8VwDc/2pU3PyHh
Nj+CKTY/uhY3P+aHNj85GDc/ZZE2P5HwNT+kdzY/62U2P+WsNT/5ijY/cEw2P+B+NT8pRTU/
SAk2PxwjNj+9ujQ/Grg1P/kWNT99STU/QO80Py+mNT9NXDY/zc80PwxZNT+43TQ/HbM0P5qv
Nj+M0jM/gNE0P1hIND/G/TQ/YPM1P06OND/0ETQ/hnA0P9enND/DJzQ/kFI0P7E2ND+rxjM/
CnM0PzxDND9JWzQ/</AssayYData></Step><Step><CommonData><SampleLocation>6</SampleLocation><SampleID>Running Buffer</SampleID><SampleGroup></SampleGroup><SampleInfo>in Running Buffer</SampleInfo><SampleRow>A</SampleRow><SamplePlate>1</SamplePlate><WellType>BUFFER</WellType><Concentration>-1</Concentration><ConcentrationUnits>µg/ml</ConcentrationUnits><MolarConcentration>-1</MolarConcentration><MolarConcUnits>nM</MolarConcUnits><MolecularWeight>-1</MolecularWeight><Temperature>30</Temperature><StartTime>584704</StartTime><AssayTime>20</AssayTime></CommonData><FlowRate>1000</FlowRate><StepType>BASELINE</StepType><StepName>Baseline 20</StepName><StepStatus>OK</StepStatus><ActualTime>20</ActualTime><CycleTime>0.2</CycleTime><AssayXData Points="100">gP/5Q/kY+kOzMvpDTUz6Q+Zl+kOAf/pD+Zj6Q7Oy+kNNzPpDxuX6Q4D/+kMaGftDszL7Q01M
+0PmZftDgH/7QxqZ+0OSsvtDTcz7Q+bl+0OA//tDGhn8Q7My/ENNTPxDxmX8Q4B//EMamfxD
s7L8QyzM/EPm5fxDX//8QxoZ/UP1Mv1DTUz9Q+Zl/UOAf/1D+Zj9Q7Oy/UNNzP1DxuX9Q1//
/UP5GP5DszL+QyxM/kPmZf5DX3/+QxqZ/kOSsv5DLMz+Q+bl/kOA//5DGhn/Q5Iy/0NNTP9D
5mX/Q4B//0P5mP9Ds7L/Q03M/0PG5f9DgP//Q3wMAERJGQBEFiYAROMyAETGQABEjUwARFpZ
AEQmZgBE43IARLB/AESNjABESZkARBamAETjsgBEwL8ARHzMAERJ2QBEFuYARPPyAETA/wBE
fAwBRFoZAUQWJgFE4zIBRMA/AUSNTAFEelkBRBZmAUTjcgFEsH8BRHyMAURJmQFEJqYBROOy
AUSwvwFEfMwBREnZAUQW5gFE8/IBRA==</AssayXData><AssayYData Points="100">yq7fPillyT4AJsA+k3a8PrYGuz6E+rg+1na5PhsLuz5LDro+to+9PvlQvj65Vbw+ZvC8PvPN
vj6pAL4+CSK/PjGgvz4QwL0+NNa+PiqLwD7uOcA+X1PAPlVpvz6/WsA+9FrAPuFjwD7gHMA+
MjrBPu8zvz4qc8I+U2/BPk16wj6z38E+q8PCPtYYwz48/cQ+zvbBPlVawj4QVcM+bYTCPqAr
wz40XcQ+TULDPrEkwj5e6ME+QfTCPvomwz7uIMI+MRLCPsIEwT7RIcI+EeHDPvQzwz5mlsI+
cGvDPn3sxD6ersE+sOrCPguuxD6NOcM+imvFPkpsxD5wRcM+i3vEPvClwz6tOsQ+4JPEPqSz
xD6dhMM+OHTFPhMYwz45z8M+64HEPuO5wT4P98Q+2sfDPpZ6xD4/58M+DdPFPkeyxD6nE8U+
r4DEPm63xT45QMc+ah7EPrMdxT7dp8M+QNfDPjqMwj6UHcQ+7b3BPo4YxD7E9cQ+N/3EPsKH
xD4+G8M+sNnDPssQxT6yxMQ++R3FPg==</AssayYData></Step><Step><CommonData><SampleLocation>7</SampleLocation><SampleID>aKappa 50ug/ml</SampleID><SampleGroup></SampleGroup><SampleInfo></SampleInfo><SampleRow>A</SampleRow><SamplePlate>1</SamplePlate><WellType>KSAMPLE</WellType><Concentration>-1</Concentration><ConcentrationUnits>µg/ml</ConcentrationUnits><MolarConcentration>-1</MolarConcentration><MolarConcUnits>nM</MolarConcUnits><MolecularWeight>-1</MolecularWeight><Temperature>30</Temperature><StartTime>612978</StartTime><AssayTime>120</AssayTime></CommonData><FlowRate>1000</FlowRate><StepType>ASSOC</StepType><StepName>Association</StepName><StepStatus>OK</StepStatus><ActualTime>120</ActualTime><CycleTime>0.2</CycleTime><AssayXData Points="600">wP8BRI0MAkRaGQJEFiYCROMyAkSwPwJEfEwCRFpZAkRoZgJE43ICRFOAAkR8jAJEYJoCRBam
AkTjsgJEsL8CRHzMAkRa2QJEJuYCROPyAkSw/wJEfAwDREkZA0QWJgNE4zIDRLA/A0SNTANE
WlkDRBZmA0TjcgNEsH8DRI2MA0RJmQNEJqYDROOyA0TAvwNEjcwDREnZA0TK5gNE4/IDRMD/
A0R8DARESRkERBYmBETzMgREsD8ERHxMBERJWQREJmYERONyBESwfwREjYwERFqZBEQmpgRE
87IERMC/BESNzAREWtkERCbmBETz8gREwP8ERI0MBURaGQVENyYFREUzBUTAPwVEjUwFRFpZ
BUQmZgVE83IFRLB/BUSNjAVEepkFRCamBUTzsgVEwL8FRI3MBURa2QVEJuYFRPPyBUTx/wVE
jQwGRFoZBkQmJgZE8zIGRMA/BkR8TAZEWlkGRCZmBkTzcgZExoAGRI2MBkRamQZEJqYGRPOy
BkTAvwZEjcwGRFrZBkQm5gZE4/IGRMD/BkR8DAdESRkHRHgmB0TjMgdEwD8HRHxMB0RJWQdE
JmYHRPNyB0TAfwdEfIwHRFqZB0QmpgdE87IHRMC/B0R8zAdESdkHRCbmB0Tj8gdEsP8HRI0M
CERJGQhEFiYIRPMyCESwPwhEjUwIRFpZCEQWZghE83IIRMB/CESNjAhEWpkIRBamCETjsghE
sL8IRHzMCERa2QhEFuYIRPPyCESw/whEfAwJRJsZCUQWJglE8zIJRLA/CUSNTAlESVkJRBZm
CUTjcglEsH8JRHyMCURJmQlEFqYJROOyCUTAvwlEjcwJRFrZCUQW5glE4/IJRLD/CUR8DApE
WhkKRBYmCkTzMgpEsD8KRHxMCkRJWQpEFmYKRONyCkSwfwpEfIwKREmZCkQWpgpE47IKRMC/
CkR8zApESdkKRCbmCkRm8wpEsP8KRHwMC0RaGQtEFiYLROMyC0TAPwtEfEwLRElZC0QWZgtE
83ILRMB/C0SNjAtEWpkLRBamC0TzsgtEwL8LRI3MC0Ra2QtEJuYLRPPyC0TA/wtEjQwMRFoZ
DEQmJgxE8zIMRMA/DETfTAxEWlkMRCZmDETjcgxEwH8MRI2MDERamQxEJqYMRPOyDETAvwxE
g80MRFrZDEQW5gxE8/IMRMD/DESdDA1EWhkNRCYmDUTzMg1EwD8NRI1MDUTtWQ1EFmYNRI10
DUTAfw1EfIwNREmZDUQmpg1E87INRMC/DUR8zA1Em9kNRCbmDUTj8g1EwP8NRI0MDkRaGQ5E
JiYORPMyDkTAPw5EIE0ORFpZDkQmZg5E83IORLB/DkSNjA5EWpkORBamDkTzsg5EsL8ORHzM
DkRa2Q5EFuYORPPyDkSw/w5EfAwPRFoZD0QWJg9E4zIPRLA/D0SNTA9EWlkPRCZmD0Tzcg9E
sH8PRI2MD0RJmQ9EFqYPRKezD0TAvw9EfMwPRFrZD0QW5g9EO/QPRLD/D0TvDBBESRkQRBYm
EETjMhBEsD8QRHxMEERJWRBEFmYQRONyEESwfxBEfIwQRFqZEEQWphBE47IQRLC/EER8zBBE
SdkQRBbmEETz8hBEsP8QRHwMEURJGRFEJiYRROMyEUSwPxFEfEwRRElZEUQWZhFE43IRRLB/
EUR8jBFESZkRRBamEUTjshFE8b8RRHzMEURJ2RFEFuYRROPyEUSw/xFEfAwSRGoZEkQWJhJE
4zISRLA/EkR8TBJESVkSRHhmEkTjchJEwH8SRI2MEkRJmRJEN6YSRPOyEkTAvxJEjcwSRFrZ
EkQm5hJE8/ISRLwBE0SNDBNEWhkTRCYmE0TzMhNEwD8TRI1ME0RaWRNEJmYTRPNyE0TAfxNE
jYwTRFqZE0QmphNE87ITRMC/E0R8zBNEWtkTRCbmE0Tz8hNEsP8TRI0MFERJGRREJiYURPMy
FESwPxREjUwURFpZFEQWZhRE83IURMB/FESNjBRET5oURCamFEQUsxREwL8URI3MFERa2RRE
JuYURAr0FEQYARVEjQwVRFoZFUQmJhVE8zIVROE/FUR8TBVEWlkVRCZmFUTjchVEwH8VRI2M
FURamRVEJqYVROOyFUTAvxVEjcwVRHrZFUTK5hVE4/IVROH/FUR8DBZESRkWRCYmFkTzMhZE
sD8WRHxMFkRaWRZEFmYWRPNyFkTAfxZEjYwWRFqZFkQWphZE47IWRLC/FkSNzBZESdkWRBbm
FkTj8hZEsP8WRHwMF0RJGRdEJiYXRPMyF0SwPxdEfEwXRElZF0Q3ZhdE83IXRMB/F0R8jBdE
WpkXRBamF0TjshdEsL8XRHzMF0Ra2RdEFuYXROPyF0Sw/xdEvgwYREkZGEQWJhhE4zIYRMA/
GER8TBhESVkYRBZmGETzchhEwH8YRHyMGERamRhEJqYYRPOyGESwvxhEfMwYRFrZGERH5hhE
uPMYRLD/GESNDBlESRkZRBYmGUTjMhlEwD8ZRHxMGURJWRlEN2YZRONyGUTAfxlEMY0ZREmZ
GUQmphlE87IZRMC/GUS0zRlEWtkZRCbmGUTz8hlE0P8ZRI0MGkRaGRpEJiYaRPMyGkTAPxpE
jUwaRFpZGkQmZhpECnQaRMB/GkSNjBpEWpkaRCamGkTzshpEwL8aRI3MGkRa2RpEJuYaRPPy
GkTA/xpEjQwbREkZG0QWJhtE4zIbRMA/G0TvTBtESVkbRCZmG0TzchtEQ4AbRI2MG0RJmRtE
FqYbROOyG0RDwBtEjcwbREnZG0Qm5htEbPQbRMD/G0SNDBxESRkcRCYmHETzMhxEsD8cRI1M
HERaWRxEJmYcRPNyHETAfxxEfIwcRFqZHEQmphxE87IcRMC/HER8zBxErNkcRBbmHETz8hxE
sP8cRI0MHURJGR1EJiYdRPMyHUSwPx1EfEwdRElZHUQmZh1E43IdRMB/HUR8jB1ESZkdRBam
HUTjsh1EwL8dRHzMHURa2R1EJuYdRPPyHUSw/x1EfAweRJsZHkQWJh5E4zIeRLA/HkR8TB5E
SVkeRCZmHkTjch5EsH8eRO+MHkRJmR5EeKYeRPOyHkTAvx5E38weREnZHkQW5h5E4/IeRLD/
HkR8DB9ESRkfRBYmH0TzMh9EsD8fRHxMH0RJWR9EJmYfRONyH0Swfx9EfIwfREmZH0SZph9E
47IfRLC/H0R8zB9ESdkfRCbmH0Tz8h9E</AssayXData><AssayYData Points="600">Z4UaP1U6IT+64CU/mKcoPwDwKT+pcyk/4jIqPwycKT9c7Ck/AP4pP5/YKT/vLyo/ncsqP7cu
Kj+6eSk/8DMqP1f1KT8Ofig/vVApP5VwKT8NhSk/FzYpPyOBKD8Fmig/I8snP6vsKD+JXSk/
dA0pP7rYJz/z8Cc/2AopP93FKD8++yc/p00oPwyDKD/MLyc/w9knPw41KD/rgic/ncQoP5VL
KT/Tsig/H2YoPyJCKD8n0Cg/Go8pP2snKD85Qyc/qeAnPwFLKD99eic/fEUoP9aJKT8lVyk/
K9UnP2f+Jz8zayg/1igoP3HpKD8SHik/joMoP1JUKD8BJSg/oaAoP6ffKD9syyc/iLQoP0vO
Jz/hTSg/WvYnP9Z7KD97Nyg/+/EoP1knKD/l8Sc/JWMnP3qaKD+tlik/mJIoP+3FKD9ZjCg/
8JkoP8J2KD8WICg/5ygoPyJ2KD9wMyk/EAopPyvdKT8WuSg/DSsoP+auKD+oyCc/sVgoP37X
Jz/1vyg/PhQoP/x6KT97fyg/oyIpP8VzKD/qkik/JQYoP+OjKD+X8Sg/NPkpP2vbKD+KISk/
+/EoP0EXKT9a/Cc/p+QoP/xZKT8i1Sg/7ZEpP3e8KT8YXSk/AT0pPwa6KT/B/Cg/brApP+fw
KT8eVik/DLEpP8uZKD+I4Cg/ixIqP5b+KT/rOSo/a9woPwybKT8unyk/fqcpP4T4KT80syk/
q/gpP0xwKT9JiSk/CBcpP0p/KT/1Nyk/dnopPyowKj9t6Sk/kq8pP/k3Kj8mZyk/VMgqP5+g
KT9wcik/6mQqP/6FKT8B6Ck/aekpP5A8KT9PzCo/qNYpPy6XKT/lvyo/MVcqP20PKj/f/io/
8HYqPw+iKj+94Co/MP4pP7tIKj9ZQyo/8MwqP5WRKj/EXSo/+AsqPz7RKj95Hyo/+ckqP2BW
Kj8CfCs/9NkqP27/Kj/gWSs/WiErPypKKz83Qio//9YpP8YMLD+omCo/Oo8rPw0FKz/MfSo/
pzYrP2zEKj8E9is/juoqPxfnKz98BCs/oVorP2uVKz9ovys/DsIqPyQjLD/7Jys/RXkrP91X
Kz+COSs/SqwrPzVXLD8/Ryw/X20rP5C7Kj/3KCs/wNsrP2hwKz+pMys/LPYrP2CTKz+w2is/
RP8rPxIcLD9qYSw/rGYrPwUgLD9j3Ss/rQQsP5rLKj8tNSw/doUsP0QELT8L+is/rNsrPySv
Kz9/Vys/7HIrP0r9Kz8Miis/rpQrPyP1Kz9trCw/OlEsP5edLD+Z3Cw/Kw4tPzhZLD9vxSw/
1OwsPyjFKz++9Sw/Dk8sP0SVLT/a9ys/vQ0tP0dsLD/GYi0/A44sPzw7LT88xSw/v/AsP/Ez
LD+lFi0/VHksPwFXLD/ehyw/Gg0sP116LD9a5is/VystP+woLT/Dkyw/naYsP4uDLT/9Zy0/
Ae8tP6b8LD9Gci0/E58tP13pLT/zRi0/VRAuP4wgLT+5YCw/XgAtP89/LT/f+S0/5ysuP6cX
LT/M6iw//zgtP+9LLj81GC0/o0wtP++yLD8fbS0/tMgtP5VsLT8/ai0/TbwtP1hBLj/0NC0/
7GMtP8X2LD8qaS4/F8suP0uBLj/0KS4/xj4uP+tSLj/RAC4/e+wsP8aPLj/DqS4/7nouP6cI
Lj9M/y0/6BcuP1GnLT8GZi8/FOMuP9uYLT/klC4/WQIuP0stLT9G5y4/Hx0vP5LMLj/LTy8/
A4MuP5ZDLz/gWC8/w18uPwesLj+tEC8/4c0uP3siLz9evy4/GpEuP76gLj/8GS8/2RIuP9Iu
Lz8MdS8/gV8uPz0/Lz/7Yi8/FlIuP+skLz9iuC8/nP4vPxH6Lj/86C8/mp0vPx9KLj9nSS8/
UqUuP+o8Lj/qUS8/GdMvP99wLz+yFy8/r68vP1msLz8ddS8/QpovPwiFLz/ITS8/EsEvP2om
Lz/+1i8/FkwwP4g9Lz/jPy8/9/0uP+01MD97+y8/qD4vP9LPLz9ZczA/fUgwP1KXLz/JpS8/
5mwvPwdGMD/ICTA/RU4wP0H0Lz+4pzA/C2AwP2l+Lz/hMy8/slQwPxWvLz+81y8/aHgwP/+g
Lz+AkzA/+yMwP+XjLz8HXzA/wREwP0e5MD8nujA/BJMwP46GMT/ZIzA/RuwvP4i+MD8dHDE/
eXcwPzWaMD/Dyy8/SiAxP7m/Lz+56DE/WNkwPxliMD8YITE/MpMvPxB9MD/kQTE/ZJswP/Mr
MT9PMzE/yvQwPycCMT/3pzE/C18wPxuCMT/eyDE/7RwxPzd4MT91rjE/SOwxP14sMT8VxjA/
imowPyOxMT+WjTE/41kxPwbxMD8jMDE/gpkxP9UAMj+jfDE/2KkwP8k0MT8hnTE/1b8xPze4
MT96jjI/N84xP6JtMT/xVzE/4LcwP5e1MT8xsjA/AzQzP1CvMj+pMDE/yXMxP+3aMT/XzDE/
ktQxP2yKMj9zJjI/2OExP2OvMj9A4jE/sOgwP7YZMj+AITE/eHsyP1iiMj9+PzI/dl0yPyQk
MT9RLzI/nYgyP/eOMj8O2zI/fjQyP1DQMj/8BDI/rJgyP9e9Mj98tjE/aPkyP/9EMz/4iDI/
oXgyP5dqMj/GrTI/KqwzP80FMz9qBjM/c2syP/wtMz8KUjM/TiUzPzIYMj/khTI/lV8zP8yI
Mj8LaTM//vMyP5w/Mj+MVjI/0A0zP8yKMj9BeTM/auYzPz/TMz+3oDM/xC4zP+9dMz+WnjM/
yBszP/hFMz/EQTM/b2czP3/XMz8gCDM/ME8zPxTnMz9u1zM/BawzP7l0Mz+ImTM//k40P4Cx
Mj9hYzM/KBozP/EbND+JLTM/C8wzPzhzND+QhTM/Fxg0P/heND9XmDQ/V0w0PzB5ND+a+DM/
9vQ0P4fJMz+IvjQ/go4zP3v9Mj+32DM/uRE0P/f1Mz8hqzQ/R90zP9mhND9/pTQ/fHE0Pz1c
NT8yUDQ/4i40P1MhND9XFjQ/gzU0P1h3NT8pJDQ/2DE0P6w2ND/PSTQ/8kg0P0YaND8jtzQ/
5wY2P2KFND8lRTQ/AZc0P4oaNT+nDTU/mOA0P+huNT/A7jQ/8Tw0P1+cND+vGjU/EjY1P9TD
NT9n3jU/dxs1P3WxNT/d1TQ/KOg0P58gNT/upzY/RhY0P8JqND/xlzU/vqM1P6Y6NT+AAjQ/
efs0P1Q9ND+GMjU/B981P/fmNT8A4jU/</AssayYData></Step></KineticsData></ExperimentResults>
