<?xml version="1.0" encoding="UTF-8" standalone="yes"?>
<ExperimentResults><ExperimentInfo Name="20250917 PE P5216 - 5377 plate 2 kappa 50 ugl"><ExpDescription>AHC example method - full characterization&#13;
Analyte titration series with reference channel</ExpDescription><RTDVersion>2.0</RTDVersion><RunID>D3453E7F-D910-462D-B051-2D13E2863725</RunID><ExperimentType>KINETICS</ExperimentType><ExperimentSubType>KBASIC</ExperimentSubType><StartDateTime>2025-09-17T15:27:33</StartDateTime><MachineName>BN7KX12</MachineName><UserName>octet</UserName><LotNumber></LotNumber><PlateName>250917</PlateName><PlateName2></PlateName2><SensorName>G1</SensorName><SensorPlate>1</SensorPlate><SensorType>AHC (Anti-hIgG Fc Capture)</SensorType><SensorRole>LIGAND</SensorRole><SensorInfo></SensorInfo><WritingSW>DataAcquisition.exe 11.0.2.1</WritingSW><InstrumentType>OctetRED96</InstrumentType><InstrumentSerial>FB-50284</InstrumentSerial><InstrumentFW></InstrumentFW><IntegrationTime>2.3</IntegrationTime><DSPType>CPF</DSPType><DSPStitching>1</DSPStitching><HasManifest>1</HasManifest><InfoHash>404921046</InfoHash></ExperimentInfo><AssayParamsInfo/><KineticsData><Step><CommonData><SampleLocation>1</SampleLocation><SampleID>Running Buffer</SampleID><SampleGroup></SampleGroup><SampleInfo></SampleInfo><SampleRow>G</SampleRow><SamplePlate>1</SamplePlate><WellType>BUFFER</WellType><Concentration>-1</Concentration><ConcentrationUnits>µg/ml</ConcentrationUnits><MolarConcentration>-1</MolarConcentration><MolarConcUnits>nM</MolarConcUnits><MolecularWeight>-1</MolecularWeight><Temperature>29.7</Temperature><StartTime>0</StartTime><AssayTime>180</AssayTime></CommonData><FlowRate>1000</FlowRate><StepType>BASELINE</StepType><StepName>Baseline 1</StepName><StepStatus>OK</StepStatus><ActualTime>180</ActualTime><CycleTime>0.2</CycleTime><AssayXData Points="900">AAAAAKjGSz4EVs4+mpkZP83MTD8AAIA/1XiZPzMzsz8IrMw/okXmPzvf/z/NzAxAmpkZQGZm
JkDRIjNAnu8/QM3MTECamVlABFZmQNEic0AAAIBANV6GQJzEjEACK5NA/KmZQM/3n0A1XqZA
nMSsQDMzs0CamblAAADAQDVexkCcxMxAAivTQGiR2UDP999AZmbmQM3M7EACK/NAaJH5QM/3
/0B9PwNBZmYGQYGVCUG0yAxB5/sPQRsvE0FOYhZBgZUZQbTIHEHn+x9BGy8jQU5iJkGBlSlB
zcwsQQAAMEEbLzNBTmI2QYGVOUG0yDxBGQRAQRsvQ0FOYkZBgZVJQc3MTEEAAFBBMzNTQWZm
VkGBlVlBtMhcQef7X0EbL2NBZmZmQYGVaUHNzGxBAABwQTMzc0FmZnZBmpl5Qc3MfEE9CoBB
mpmBQTMzg0HNzIRBZmaGQQAAiEGamYlBMzOLQc3MjEFaZI5BAACQQZqZkUEzM5NBzcyUQWZm
lkEAAJhBmpmZQTMzm0HNzJxBWmSeQQAAoEGamaFBokWjQc3MpEFmZqZB9P2nQZqZqUEzM6tB
wcqsQWZmrkEAALBBmpmxQScxs0HNzLRBZma2QQAAuEGamblBMzO7Qc3MvEFmZr5BAADAQZqZ
wUEzM8NBzczEQWZmxkEAAMhBjZfJQScxy0HBysxBWmTOQQAA0EGNl9FBMzPTQc3M1EFmZtZB
AADYQZqZ2UEnMdtBzczcQWZm3kEAAOBBmpnhQTMz40HNzORBZmbmQfT950GNl+lBMzPrQcHK
7EFmZu5BAADwQZqZ8UEnMfNBzcz0QWZm9kEAAPhBjZf5QScx+0HByvxBWmT+QQAAAELNzABC
mpkBQmBlAkItMgNC+v4DQs3MBEKTmAVCYGUGQjMzB0IAAAhCx8sIQpOYCUJmZgpCLTILQhkE
DELHywxCk5gNQmZmDkItMg9CEgMQQs3MEEKTmBFCYGUSQi0yE0L6/hNCx8sUQpOYFUJgZRZC
LTIXQvr+F0LHyxhCk5gZQmBlGkItMhtC+v4bQsfLHEKTmB1CYGUeQi0yH0IAACBCx8sgQg6t
IUJgZSJCMzMjQvr+I0IX2SRCk5glQmBlJkItMidC+v4nQsfLKEKTmClCZmYqQi0yK0IAACxC
zcwsQpqZLUJmZi5CMzMvQgAAMELNzDBCmpkxQmZmMkIzMzNCAAA0Qs3MNEKamTVCZmY2QjMz
N0IAADhCzcw4QpqZOUJmZjpCMzM7QgAAPEIQ2DxCmpk9QmZmPkIzMz9CAABAQs3MQEKamUFC
ZmZCQi0yQ0IAAERCzcxEQpOYRUJmZkZCRjZHQgAASELNzEhCk5hJQmZmSkIzM0tCAABMQs3M
TEKTmE1CZmZOQi0yT0IAAFBCzcxQQpqZUUJmZlJCMzNTQgAAVELNzFRCmplVQmZmVkItMldC
+v5XQsfLWEKTmFlCYGVaQjMzW0ISA1xCzcxcQpOYXUJmZl5CWDlfQgAAYELNzGBCmplhQmZm
YkItMmNC+v5jQsfLZEKamWVCYGVmQjMzZ0L6/mdCx8toQpqZaUJgZWpCMzNrQgAAbELNzGxC
k5htQmBlbkIzM29CAABwQsfLcEKTmHFCZmZyQjMzc0L6/nNCx8t0QpOYdUJgZXZCMzN3Qvr+
d0Ls0XhCmpl5QmBlekIzM3tC+v57QsfLfEKTmH1CYGV+Qi0yf0IAAIBCZmaAQs3MgEIzM4FC
F5mBQn3/gULjZYJCSsyCQrAyg0IXmYNCff+DQuNlhEJKzIRCsDKFQheZhUJ9/4VC42WGQkrM
hkKwModCF5mHQgAAiELjZYhCSsyIQjMziUIXmYlCAACKQulmikJKzIpCsDKLQheZi0IAAIxC
ZmaMQs3MjEKwMo1CF5mNQgAAjkJmZo5CYtCOQj81j0KamY9CAACQQmZmkELTzZBCMzORQpqZ
kUIAAJJCZmaSQs3MkkIzM5NCmpmTQgAAlEJmZpRCzcyUQjMzlUKamZVCqAaWQmZmlkLNzJZC
MzOXQpqZl0IAAJhCZmaYQs3MmEIzM5lCF5mZQn3/mUJmZppCzcyaQkY2m0KamZtCAACcQuNl
nELNzJxCMzOdQpqZnUJ9/51CZmaeQs3MnkIzM59CmpmfQgAAoEL2aKBCzcygQrAyoUKamaFC
ff+hQuNlokJKzKJCsDKjQpqZo0IAAKRCZmakQkrMpEIzM6VCF5mlQgAApkJmZqZCzcymQjMz
p0IXmadCff+nQmZmqELNzKhCMzOpQpqZqUJ9/6lCZmaqQkrMqkKwMqtCF5mrQgAArEJtZ6xC
SsysQrAyrUIXma1Cff+tQuNlrkJKzK5CMzOvQheZr0J9/69CZmawQkrMsEKwMrFCL52xQgAA
skLjZbJCzcyyQrw0s0KsnLNCff+zQuNltELNzLRCtjO1QheZtUJ9/7VC42W2Qs3MtkKwMrdC
F5m3QgAAuELjZbhCSsy4QrAyuUKamblCff+5QuNlukJKzLpCMzO7QheZu0KJAbxC42W8QkrM
vEKwMr1CF5m9Qn3/vULjZb5CSsy+QrAyv0IXmb9CAADAQuNlwEJKzMBCsDLBQheZwUJ9/8FC
42XCQkrMwkKwMsNCF5nDQuwRxELjZcRCSszEQjMzxUIXmcVCAADGQuNlxkLTzcZCMzPHQpqZ
x0J9/8dCIXDIQs3MyEIzM8lCmpnJQgAAykJmZspCzczKQjMzy0KamctCAADMQmZmzELNzMxC
MzPNQpqZzUKJAc5CZmbOQs3MzkIzM89CmpnPQn3/z0JmZtBCzczQQrAy0UKamdFCAADSQmZm
0kJo0dJCMzPTQpqZ00IAANRCmG7UQs3M1EIzM9VCmpnVQgAA1kLjZdZCzczWQrYz10KamddC
AADYQmZm2ELNzNhCMzPZQpqZ2UJ9/9lCZmbaQs3M2kIzM9tCmpnbQgAA3EJmZtxCSszcQjMz
3UKamd1CAADeQuNl3kJ71N5CsDLfQheZ30J9/99CeWngQs3M4ELJNuFCmpnhQn3/4UJmZuJC
SsziQrAy40KameNCff/jQuNl5EJKzORCsDLlQheZ5UJ9/+VCZmbmQs3M5kKwMudCmpnnQn3/
50LjZehCzczoQrAy6UKamelCBgHqQuNl6kJKzOpCsDLrQheZ60IAAOxC42XsQs3M7EKwMu1C
F5ntQgAA7kLjZe5CzczuQrAy70IXme9Cff/vQmZm8EJKzPBCsDLxQheZ8UIAAPJC42XyQkrM
8kIzM/NCF5nzQgAA9EJmZvRCSsz0QrAy9UKamfVCff/1QmZm9kLs0fZCMzP3QheZ90IAAPhC
42X4QkrM+EIzM/lCmpn5QgAA+kLpZvpCSsz6QrAy+0KamftCff/7QmZm/ELNzPxCsDL9QheZ
/UJ9//1C42X+QkrM/kIzM/9CF5n/QkIAAEMzMwBDZmYAQ5qZAENWzgBDAAABQzMzAUNmZgFD
mpkBQ83MAUMAAAJDMzMCQ2ZmAkOamQJDzcwCQwAAA0MzMwNDZmYDQ5qZA0PNzANDAAAEQ7w0
BENmZgRDmpkEQ83MBEMAAAVD8jIFQyVmBUOamQVDzcwFQwAABkPyMgZDZmYGQ5qZBkPNzAZD
AAAHQ/IyB0MlZgdDmpkHQ4vMB0MAAAhDMzMIQ2ZmCEOamQhDzcwIQwAACUMzMwlDJWYJQ5qZ
CUPNzAlDAAAKQzMzCkNmZgpDWJkKQ4vMCkMAAAtD8jILQ2ZmC0OamQtDi8wLQ77/C0PyMgxD
JWYMQ5qZDENQzQxDvv8MQzMzDUNmZg1DWJkNQ4vMDUO+/w1DMzMOQ2ZmDkOamQ5DzcwOQwAA
D0MzMw9DJWYPQ5qZD0PNzA9Dvv8PQzMzEEOuZxBDmpkQQ83MEEMAABFD8jIRQyVmEUOamRFD
zcwRQ77/EUN7NBJDJWYSQ1iZEkOLzBJDvv8SQ/IyE0MlZhNDWJkTQ4vME0O+/xND8jIUQ2Zm
FENYmRRDzcwUQ77/FEMzMxVDJWYVQ6abFUOLzBVDAAAWQzMzFkMlZhZDWJkWQ4vMFkMAABdD
/jQXQyVmF0NYmRdDi8wXQ77/F0M5NBhDJWYYQ5qZGEOLzBhDvv8YQ/IyGUMlZhlDWJkZQ83M
GUO+/xlDMzMaQ2ZmGkNYmRpDi8waQwAAG0PyMhtDJWYbQ1iZG0PNzBtDAAAcQ3UzHEOoZhxD
mpkcQ83MHEMAAB1DMzMdQzdpHUOamR1DzcwdQwAAHkMzMx5DZmYeQ5qZHkPNzB5DAAAfQzMz
H0NmZh9DmpkfQ83MH0NIASBDMzMgQ2ZmIEOamSBDzcwgQwAAIUMzMyFDZmYhQ1iZIUPNzCFD
AAAiQzMzIkNmZiJDmpkiQ83MIkMAACNDMzMjQzFoI0OamSNDzcwjQwAAJEMzMyRDwWokQ5qZ
JEPNzCRDAAAlQzMzJUNmZiVDmpklQ83MJUMAACZDzzcmQ7RoJkOamSZDi8wmQwAAJ0PyMidD
JWYnQ9uZJ0NWzidDAAAoQ/IyKENmZihDWJkoQ4vMKEO+/yhDMzMpQ2ZmKUNYmSlDzcwpQ77/
KUMzMypDZmYqQ1iZKkOLzCpDAAArQzMzK0MlZitDWJkrQ4vMK0O+/ytD8jIsQ2ZmLEOamSxD
i8wsQ77/LEMzMy1DZmYtQ5qZLUOLzC1Dvv8tQ/IyLkNmZi5DmpkuQ4vMLkMAAC9DMzMvQ2Zm
L0Phmi9DzcwvQ77/L0PyMjBDK2cwQ1iZMEPNzDBDvv8wQ/IyMUMlZjFDmpkxQ4vMMUMAADJD
MzMyQyVmMkOamTJDzcwyQ2AFM0PyMjNDJWYzQ1iZM0PNzDND</AssayXData><AssayYData Points="900">AAAAANSV+ztoDxY63nknO+4cgjvLu5U7v8gDPKHtPbmDVFQ7AGilOwQYuzusWYM7ih7VO1TW
vjvzPKA6UIakO/iMzjvnOMA7Nf3pO+5dJzxFlqo7vl1eOztE6Dv8kMA7XKOrOffWhDvBKAk8
eFPuO6TpqTvXNkA7UGzFO/TrGzwlZLc7tRa9O5lukjtSGU87aEsFPG+WwDu7CpE7wUsAPD+y
gjvn9s873GmgO9WovDubsqs7x2L+O2rfhzo4TV073dSIO4bZlzvA1sg7vsLSO2Fn+Dp2JII7
7dZfO+b3mTsSNZ47kqXkOwMU1ztDm4M5L8T1O+2Hmjv+FXE7TvvxOzgGwDuYNao7XmCOO0/c
FTyCU487jXmpOv/PujtMsE07ihGtO8Gv9jvvSbM7to1NO+iu2Ds4/2E7bquPOxJsrDvGPvA7
m/1uO538sTshCg882z5+O5VHSTud3Qg8/5QpPHDkpztMBFE7L2yMOwGpBTx1W8c7n0a3O/2z
uzvfggI8Sk8DPOCTjzuVfhk8/milO5eN0zsCWXs7FmaSO5wl2zuV9yE8fIQXPGmPFTxeZw88
Zx2eO9b8sTt8IxA8eRWROzjB2Dtqvd071pAsPAgwjjvHlNo7LUEGPP3gBTvObBA818HKO50/
hTv8JYY72QZIO5jZvDsHxu87FgSVO9WuojvgJ3M68R9/O830wTuhurM7IkqPOxasrjuaUqA7
ISMJPGqG1TsVO4g7iuNLO/nu4DulgMA7UWRjO8tCsDsloac7udbUO9prnTt7zpE7ujo1O24L
uTrSak47QK26O6BkATwZHxE76xKtOzj6RjtviL87BekCPHSDuTvGO8k7hw9LO6C9FTzVji07
CSPBO3tVBTzdl+U7MtqWO+Q/ozuJD6U7nFx3O1lA2Ds+TL87Rgo7O3qT+Dvxg2s7IxRyutll
TjtEtd07ABRcOxDDgzvew9w7/N3UO0pivTt6VCg8MtKRO2miAjwMde86Xk+1O9K8yzoMp7s7
PDPnO3hn+jpJWJs7n7ugOt4ZtTvAaKg74E2tO3k4czvgecQ7X1uoOw1omTvjDsA7Fr+rO35M
pjuaG3s78UyLO5uYIjv0P7k7Ri+5O+PwkztoUUo7ectMO627tzv/nCE8KN8DO1I3VTsjt5Q7
VL2NO+rCIztMT3E7e7y5O3FVrzu/QBw7oG2OO3cwtju6sps7JrCcO5yx4Du/b4U7kzEGO6dv
jztHPWs7kPwrOxGP3Tt7Hb47rE3yOyU5jjtUt3U7tzZYO+s4qTk2T8I72UPZO9x8ADtE04U7
/AyhO9ZtCjv2r9M7oLGwO62e8TvM/JQ6miTqOYE7wjveC7o6kOFhO5YOZztk/bI7LlNZO177
aTuCT8o755kNO7ItsjvYVOE7upy8O2WgVzuOrJQ7iDoouWX72TuQvj873fi1O1Dc4To/HeA7
XnyvO2ZVATskxrU7JyhpO+2/jTsgABo6BSqtO1v4eTttypo7eXPwOzuTKDvrnaY6XVTjO9R5
Bzw6S/U6UBBOOxVq0jtwz607SEipOxq1JzuddYc7KV9QOxI4TTuT6Q07WzRNucx6Zjub+3M7
EWsXOxyJyjtIxoA7UzD0OlS5wTuewWo6k0uaO0e2uDvY+uE6JlFzOwfvGjttdxo6VM/bO3m+
NTsonTQ7InkqOy8mTjvukgo7wiBLO70yyzvpg9M63WFaO76ujTstFYM7K+G2OX4DlDuZsME5
0VCuO9f0vjvMQOc7ThC7Om/+ODuXIa46EWSoOpQMsDsxm926BsWzO/3ZRjoA60A7UF8yO01p
jjugfYE7HqGUOxLr4jtTUO06GETWOirS87kPJIY70zWjOtxdezoCQPE743KtOZCenztU38o7
/k0IuUJDHTsq6c47O61mOwiotDuMwSw7h6yLOVenYDsi6tc7D8KaO4K3LzsaPr87Qb0oOscy
ObrfmNw6xUTuOh/yizsnmM25ZD+xOg0OCTueNHw7xTijO71Sczu1NZo7tVebO6tsLzspJLU7
MOajOj2JezsG2MA4aQ0fO2xxGzvRIEQ5+fdNO5lYkzt9lqE7DPeXO+SBiLoksWE7o85COzV3
NjtJpCs6+/opO+FwZzvI6qo507cXO30sEjvxLBM7xIueO6Nmnzk0zus6hIEmOzpZFTmNmZ47
VvhVOnKXWzu8WRI6IqxYO7eQJDs7P3s7/FYbOrjBTzsTaNE7v4MjO/gYezvG6nY71jNvO16t
fjoIM7+6oTWQOsL3EzkK5yw7iABROyXQG7s8Zaw7rdS5Ovg9lzfsh9m5hqjhuneeRzsQ9PY6
SGzYuktWhjvQI7Q7kKaQu7FOUDsQV107dWooOzeEJTs94kE7/0auO9dlcTqdzcK6gzmdO12B
GDvns447NiIEOvisFzuclE47GEeaO8WEmbpND9k4sjMSOiuiJTu9Mqo6QMRDu7sQXbskgjK7
uIKCO3B9grk/sB07QGX4OqkGEbcopAe7TaDIOz+KfLkSfps72I6CO048ubrKJo0616flOfEr
PrsWb3e694rXOP2ZATtuVeg6j7vTO6JcWbs3r446tuNXN0Q/ujsGCZw64bQIO3XXPrpGRLQ6
DmgCO9E51jrjQtA532ghOlsRujt/+6y6JrNxO7jDmDmoi0A6+4WEO3MHHjlHuEg66KnXurjf
bTtyMjM7da0xuRc5NLsEgDc7T80Ouslv3DqDR4W51mSWOrABXDvtr7w6bxcZOnEhprp3XWU7
9bK6OxLepDoGF9o6mC3IOgsqFrs76NQ7C66eujpc67l3hoS6UGQLOz2DNDvPUXk732lSO10+
Tzu2c007++pLOUxKWztCh4c6DXQMO2hjrzqqHGa7hCBPugitcTlTRhs7AMc/O73FCTvaj7g5
dh9RO5JEaTvQBOM52VE4O+Mra7svMeW6vr/eOsaq2DpwZD63UmCXu5/eRru1aAU75aQLO6IE
FrvGXdK6k32Nu9S9xTmCx0s5u98FOgQBFrvtRj65pmyTOiEPaLrx04G6N/YpOgBRuTrQ8Pi5
9F06O2TxwDrn3hw2ay0fup76xTpq/qs45FODOxeKkrmYamu6mHETO5HBlDQ87JA7n4hYuD77
CDu1ceq6jX4mO3u9H7tqnoO7Y44IOobv87qq2DM6BKUiO3WBUzsGPKo76FRiuKDeoju+v8O5
bJMqOn3Ejbhv6tI46auJOrsXNjpah3q5xVIhO0csXDtR+Ja5WVjauk5xzjpAbRu7kVFLO43L
mzu/ykG7eR9Zu9uaAruhC0I784RvOzdIh7ooIjO7JoIxO1wviDuwPw27zY36OoNzCzuFESY7
hPOhutA+srqa3+w6ljhfu4J9CLro3O46XSSyubOpJDvUdaG6hw5bO3ENGDtao2K6EU6wuwRp
6DoXMjg7Qn45ulqQIzuqFqo6AuJpOKRYXzo6cM46yTIfuzrXozbRwie7UCA3O/EijrvWuas6
FS0BueMUELvpxAg6oHlfO9NB0rrGtmI6xjmcOsjexLqibBi74PfcOrZqF7p3IKU6duvvOtcB
ZbpNZ166Jjz3OkEm2jpRSoe7nu8qO6zkkDukimW4eN44u2uoOjiwoNe6fIgfunLSQru6nyK7
WPGHu+fQpbvdS9860igpO+yxuLtnjzk75NcJOzTwirqAHqS6Stgeu3exmrtu+7i6swJDOhLz
2TlaV6S5QNjzOnNvJztYDSM7/8XOuqNwabm/JlA60fSvu6G/VLs2Vla7DJJ5Otz8TruH/F67
A2PRuUEkQru1DXO72UhvurGf/brZlvC5P1ncuer74rlAHhE4Z9Nbu0PNKTtvRxg5GJneusIs
2DfTjcW6uLbeOifEE7rLLLs5lGb4OKvuGTuDrsW7qExnucIoYrr9bHo7FKYDu48HITtJkdG6
k/wHO54jvrvuF9I35pOxupubjbrhjM+6qDNJuw6vITtanWY6Hg9vOg0/HzuX4L+7OP4Zu3vO
/zrMrbC7neTKO4VlArq2zCY6jPHhOdGoBLuNN4c6M5HqunrVF7r9zSS6Wne3u4eIHrswp4a7
gz6Lux0XR7vepiS7dbp/ulH8O7vtUA27D1OGu8DW2bqenme5+byZOlBVh7ugGx27YRWAuxBp
0jq3PQe7/5o3u/HtXDjQCp05ctSFu8wARLvPjgy5tJFcu1YjtbocmIq6DwDIu4ickLuoLFO7
jLcEutI2R7tw3OG7f3e+uiR927pSypS7TPj9uNi6CblycgC7Ne0pu2O6kLsfuXq70P+tuxfJ
I7tfUy67YuG1uo0OHjpSjPC6OW0su1uoKbuCG3S7oBZXuz0Vx7oaj7K6lLQiu8N66LktkLo6
4c7Kuzp/a7u9Jh27OY9duntIPjuZxrG7+CSNumH7Q7sIVxa4Bt3Eu0ZS6rdxlry6fdiPu5qY
Obu0lvi6bUhPumvMqrp5TDW6nZ8Gu9VwuruY++C7s7k8uprEk7sq3J+6Qxiqu61UrrsW0zu7
Gqi8u4Z0irnOQJ2628hAO7XdtrqWsdy7Gm80u6teE7xptDK7iLFxu8ywNLscPou7GI2euwY6
bbsWTZO6S/H4uh3ENrvZfZS5eTE5u3M5vbv3moO7PG5vOMW1fbsl3W+6b7RTu5usabsMz2O7
q1OeOi+EyrrrTxO6uZcBurkvVbukSmM6ufgyu2L4gbtj2L85Bz+gu1HsLTvYTpQ5pQVAuwhD
e7qi05i7H0WHu5NnG7sc2IG6KqqPusTZk7u/dZe7oUzXuyh1uDnPWj+71qrquNQq4buWsY+7
e/IRu5/reLvM6IE5ZnvDupopj7tAJpu7+eqXu6zbyTpd3pi7</AssayYData></Step><Step><CommonData><SampleLocation>2</SampleLocation><SampleID>10mM Glycine pH1.7</SampleID><SampleGroup></SampleGroup><SampleInfo>or other Regeneration solution</SampleInfo><SampleRow>G</SampleRow><SamplePlate>1</SamplePlate><WellType>REGENERATION</WellType><Concentration>-1</Concentration><ConcentrationUnits>µg/ml</ConcentrationUnits><MolarConcentration>-1</MolarConcentration><MolarConcUnits>nM</MolarConcUnits><MolecularWeight>-1</MolecularWeight><Temperature>30.1</Temperature><StartTime>207922</StartTime><AssayTime>20</AssayTime></CommonData><FlowRate>1000</FlowRate><StepType>CUSTOM</StepType><StepName>condition</StepName><StepStatus>OK</StepStatus><ActualTime>20</ActualTime><CycleTime>0.2</CycleTime><AssayXData Points="100">AAA0Q/IyNEMlZjRDAKA0Q4vMNEMAADVD8jI1QyVmNUOamTVDi8w1Q77/NUMzMzZDqGY2Q1iZ
NkOLzDZDvv82Q/IyN0MlZjdDWJk3Q4vMN0O+/zdD8jI4QyVmOENYmThDi8w4QwAAOUPyMjlD
JWY5Q1iZOUPNzDlDAAA6QzMzOkNmZjpDmpk6Q83MOkMAADtDMzM7Q2ZmO0OamTtDzcw7QwAA
PEPyMjxDZmY8Q5qZPEPNzDxDAAA9Q/IyPUNmZj1Dmpk9Q83MPUMAAD5DMzM+Q2ZmPkNYmT5D
zcw+Q77/PkMzMz9DZmY/Q5qZP0PNzD9DAABAQzMzQENmZkBDmplAQ83MQEMAAEFDMzNBQ2Zm
QUNYmUFDzcxBQwAAQkMzM0JDZmZCQ5qZQkPNzEJDAABDQzMzQ0NmZkNDWJlDQ4vMQ0MAAERD
MzNEQyVmREOamURDzcxEQwAARUMzM0VDJWZFQ5qZRUPNzEVDvv9FQ/IyRkNmZkZDWJlGQ83M
RkO+/0ZD8jJHQyVmR0OamUdDzcxHQw==</AssayXData><AssayYData Points="100">aWNSvjrCKL61ahO+A1EDvpX/Ab4xXgO+EnkDvuj+A74mjgu+ceUKvl/SEb7XPRW+MggZvr8a
H75ahSC+31YovmnpKL5yxCe+3NIuvhZ8L76ETzO+Qn05vghUO77FhUC+5HQ8vtXSQL4v0Ea+
yFtIvitsR74yQEq+WsJMvo3cTL6qjU2+v1JQvtJfUr7191a+l6NUvivSW77GDVm+LYNTvuIz
XL5zSWC+lZthvoJhX756u2S+3OphvuvUY77TAmq+yHZnvhM7bL6oc2++lHZqvt52cL5dl2u+
x3V1vrphdb4/VnW+XWxwvpS0db7X+He+piB4vsISeb56e3i+uvt8vknPfL6y+nm+pcZ+vlIk
fr7CXX6+t82AvnU1gL5FYoG+6iKBvpBQgr5TSIK+AamEvgG2hL5H/IW+2siFvsL3hb493oa+
CZiHvrRnh75dZ4i+vsOIvqd3iL7vkom+uFiIvsfhir5T3Ym+k9KLvqLlir64bI2+5XOLvkic
j775A46+dNKNvrchjr4yd46+Sb+Ovg==</AssayYData></Step><Step><CommonData><SampleLocation>1</SampleLocation><SampleID>Running Buffer</SampleID><SampleGroup></SampleGroup><SampleInfo></SampleInfo><SampleRow>G</SampleRow><SamplePlate>1</SamplePlate><WellType>BUFFER</WellType><Concentration>-1</Concentration><ConcentrationUnits>µg/ml</ConcentrationUnits><MolarConcentration>-1</MolarConcentration><MolarConcUnits>nM</MolarConcUnits><MolecularWeight>-1</MolecularWeight><Temperature>30</Temperature><StartTime>233716</StartTime><AssayTime>20</AssayTime></CommonData><FlowRate>1000</FlowRate><StepType>CUSTOM</StepType><StepName>condition</StepName><StepStatus>OK</StepStatus><ActualTime>19.999</ActualTime><CycleTime>0.2</CycleTime><AssayXData Points="100">AABIQ/IySEMlZkhDI5tIQ4vMSEMAAElDMzNJQyVmSUOamUlDi8xJQwAASkPyMkpDJWZKQ1iZ
SkOLzEpDAABLQ/IyS0NmZktDWJlLQ83MS0O+/0tDMzNMQ6hmTEOamUxDzcxMQwAATUMzM01D
ZmZNQ5qZTUPNzE1DAABOQzMzTkNmZk5DmplOQ83MTkMAAE9DMzNPQ2ZmT0OamU9DzcxPQwAA
UEMzM1BDZmZQQ5qZUEPNzFBDAABRQzMzUUMrZ1FDmplRQ4vMUUMAAFJD+DNSQ2ZmUkOamVJD
zcxSQwAAU0MzM1NDZmZTQ1iZU0PNzFNDvv9TQ/IyVEOoZlRDmplUQ83MVEMAAFVDMzNVQ2Zm
VUOamVVDzcxVQ77/VUMzM1ZDZmZWQ5qZVkOB1VZDywFXQzMzV0MlZldDmplXQ83MV0MAAFhD
MzNYQ2ZmWENYmVhDi8xYQ77/WEM5NFlDJWZZQ5qZWUPNzFlDvv9ZQzMzWkNmZlpDmplaQ83M
WkO+/1pD8jJbQyVmW0NYmVtDi8xbQw==</AssayXData><AssayYData Points="100">p998vaiOwb2jSeW92fHvvQFY773phfG9naTyvecp8L3ZO+69Y030vfwv5b2Srtu93APkvTjP
3b33FNW9ltLUvelj2b1SBdm9oCfIvUolyr3Nmcq90pDHveMxy72Sbcq9LU7FvfD/xr1/2cO9
zjK9vacdvb2zibu9RHu+vcL0vb1bYbu9n1GzvaUjrb1i57i98hq5vSm8tL2Tx7e9NFqtvb//
tL05ALO96SOtvfqPtb31U7G9xPmtvbqYs73lWa+9Bpivvb2xq722Naq9pAiqvQMFp73tUqi9
TKqrvaSnqb3mF629jFGnvbA+pb3Hb56986CovcKOrL3zk529Zpeqvcy0o71S26e9t7mlveS3
o73ktqG95HSivfYwpL1LD6O9LhaivX6Kob10XaO9i8+hvehZoL2opKO9MveivQfbrr3yUaG9
ozKfvfmonr3k7aC9mTOivRIwnb0QCKO94xWeve5tor3JYp69Z8KnvVC8m70KrpO9xx+Zvb2x
nr2D5pi9FYaWvaj4kb3+f5y9kpKZvQ==</AssayYData></Step><Step><CommonData><SampleLocation>2</SampleLocation><SampleID>10mM Glycine pH1.7</SampleID><SampleGroup></SampleGroup><SampleInfo>or other Regeneration solution</SampleInfo><SampleRow>G</SampleRow><SamplePlate>1</SamplePlate><WellType>REGENERATION</WellType><Concentration>-1</Concentration><ConcentrationUnits>µg/ml</ConcentrationUnits><MolarConcentration>-1</MolarConcentration><MolarConcUnits>nM</MolarConcUnits><MolecularWeight>-1</MolecularWeight><Temperature>30</Temperature><StartTime>259400</StartTime><AssayTime>20</AssayTime></CommonData><FlowRate>1000</FlowRate><StepType>CUSTOM</StepType><StepName>condition</StepName><StepStatus>OK</StepStatus><ActualTime>19.999</ActualTime><CycleTime>0.2</CycleTime><AssayXData Points="100">AABcQ7AyXEPjZVxDWJlcQ0nMXEO+/1xDsDJdQ+NlXUNYmV1Di8xdQ3z/XUOwMl5DJGZeQ1iZ
XkOLzF5Dvv9eQ3o0X0MkZl9DWJlfQ4vMX0O+/19D8TJgQyRmYENYmWBDi8xgQ77/YEPxMmFD
JGZhQ1iZYUOLzGFDvv9hQ/EyYkMkZmJDIptiQ4vMYkO+/2JD8TJjQyRmY0NYmWNDi8xjQ77/
Y0PxMmRD6WZkQ1iZZEOLzGRDvv9kQ7AyZUMkZmVDWJllQ0nMZUMGAWZDsDJmQ+NlZkNYmWZD
i8xmQ3z/ZkPxMmdD42VnQ1iZZ0NJzGdDvv9nQ/EyaEMkZmhDFploQ0nMaEO+/2hD8TJpQ2Zm
aUMWmWlDi8xpQ77/aUPxMmpD9WhqQ1iZakNJzGpDvv9qQzMza0MkZmtDWJlrQ4vMa0N8/2tD
UjhsQyRmbENYmWxDi8xsQ3z/bEOwMm1DJGZtQ1iZbUOLzG1DfP9tQ/EybkPjZW5DmZluQ1bO
bkN8/25D8TJvQ+Nlb0MonG9Di8xvQw==</AssayXData><AssayYData Points="100">RKasvmQ7mL7rfYW+dyFxvjhtZr53A2K+QFJfvqQZX77qxGK+2K5ivqdmZr761Ga+zA9rvhlm
bb6W5nG+/8hzvrQPdL7Wfna+9zt7vrAnfr7Z93++MqZ9vnONgL5SRYC+HQWCvo5Gg77pQYO+
pNmCvlimhb5yCYa+LI6IvgRkhb4iQoW+Ja2IvuJrhr6khIm+HEaLvpf1ir5jD4q+zrCLvmFM
i75eKoy+RnSMvr7/jr5HyI2+GW6OvrZXjr4/f46+QkyQvroPkr4FEJO+agSQvi9Ekb4BYpO+
A0GTvug7k77zNJO+AU6VvtcMlb7f3JS+pHmWvoaklb4eRpe+mISXvjbilr5fNZe+ZH+ZvkfH
l756mJi+a+aZvoGEmr6N45m+dF6YvnRFnb5mypu+o8iavvtNmb7sz5y+dtacvu6xnb5HLp6+
h/edviRanb5EoJ6+Jnedvq4Gob53iZ++f+afvi2qob5bjKC+iVqhvhgMob5IXqK+fKahvvU1
ob5iuKC+qICjviL/ob4dOKO+hueivg==</AssayYData></Step><Step><CommonData><SampleLocation>1</SampleLocation><SampleID>Running Buffer</SampleID><SampleGroup></SampleGroup><SampleInfo></SampleInfo><SampleRow>G</SampleRow><SamplePlate>1</SamplePlate><WellType>BUFFER</WellType><Concentration>-1</Concentration><ConcentrationUnits>µg/ml</ConcentrationUnits><MolarConcentration>-1</MolarConcentration><MolarConcUnits>nM</MolarConcUnits><MolecularWeight>-1</MolecularWeight><Temperature>30</Temperature><StartTime>285059</StartTime><AssayTime>20</AssayTime></CommonData><FlowRate>1000</FlowRate><StepType>CUSTOM</StepType><StepName>condition</StepName><StepStatus>OK</StepStatus><ActualTime>20</ActualTime><CycleTime>0.2</CycleTime><AssayXData Points="100">vv9vQ/EycEPjZXBDFplwQ4vMcEOJAXFD8TJxQyRmcUMWmXFDi8xxQ3z/cUPxMnJDJGZyQxaZ
ckOLzHJDfP9yQ7Ayc0MkZnNDFplzQ4vMc0O+/3NDsDJ0QyRmdENYmXRDScx0Q77/dEPxMnVD
JGZ1QxaZdUOLzHVDfP91Q/EydkPjZXZDWJl2Q4vMdkN8/3ZDsDJ3Q+Nld0NYmXdDi8x3Q3z/
d0OwMnhD42V4QxaZeENJzHhDfP94Q7AyeUPjZXlDWJl5Q0nMeUO+/3lDsDJ6Q+NlekMWmXpD
Scx6Q3z/ekOwMntD42V7QxaZe0NJzHtDvv97Q/EyfEPjZXxDFpl8Q4vMfEN8/3xDsDJ9Q+Nl
fUMWmX1DScx9Q3z/fUOwMn5DJGZ+QxaZfkNJzH5DfP9+Q/Eyf0PjZX9DFpl/Q0nMf0O+/39D
WBmAQxIzgEOLTIBDRWaAQ99/gEOZmYBD8bKAQ6zMgENF5oBD3/+AQ3kZgUNUM4FDrEyBQ0Vm
gUPff4FDeZmBQxKzgUOszIFDReaBQw==</AssayXData><AssayYData Points="100">oVWavTlo3r2XDAC+mGIGvki+C75n8Qm+nfoLvsAmBr66AgO+AGEDvif3BL733v69eeD+vcxc
/b3BYva9CJ8AvqQy9L38Afy91ETyvVaB9L3HCey99zXxvfAI670hkO+9G7Xqveym6r2N5e69
ibztvTsH7r0TyOW9rNXlvQ3O6L3kv+i9wv/mve+63b0hBOO9BKPmvaUZ3L1lg9y99M7dvQ35
4b14pNa9jE3fvYrD172S5969qvrmvbjC171mPtq90dHXvU+f1r0bxOK95aDNvbj41r0ErtO9
w5TRvcwZzr27QdO92U7UvShGz71GG9K9tl3YvU1x2r1iANa9PdDOvfc7zr3BXc69+Z7Lvfv1
z70+Zcq90ijFvZph0b3jas+9ekDQvXyxxb3HU8a91P7UvQOs0r1XbNC9r1DOvSbWyr1zV8q9
BDbKvctYyb1idse91pPDvYR/xr1pNMW9ubbJvTEgxL2A5sW9kT/IvYLR0L2cqc29Wt3LvUsL
yb1q/tC9CX3MvbDPxr0MgsC9NnvKvQ==</AssayYData></Step><Step><CommonData><SampleLocation>2</SampleLocation><SampleID>10mM Glycine pH1.7</SampleID><SampleGroup></SampleGroup><SampleInfo>or other Regeneration solution</SampleInfo><SampleRow>G</SampleRow><SamplePlate>1</SamplePlate><WellType>REGENERATION</WellType><Concentration>-1</Concentration><ConcentrationUnits>µg/ml</ConcentrationUnits><MolarConcentration>-1</MolarConcentration><MolarConcUnits>nM</MolarConcUnits><MolecularWeight>-1</MolecularWeight><Temperature>30</Temperature><StartTime>310866</StartTime><AssayTime>20</AssayTime></CommonData><FlowRate>1000</FlowRate><StepType>CUSTOM</StepType><StepName>condition</StepName><StepStatus>OK</StepStatus><ActualTime>20</ActualTime><CycleTime>0.2</CycleTime><AssayXData Points="100">3/+BQ3kZgkMSM4JDrEyCQ0VmgkPff4JDeZmCQxKzgkOszIJDReaCQ9//gkN5GYNDEjODQ6xM
g0NFZoND33+DQ3mZg0MSs4NDrMyDQ0Xmg0O+/4NDeRmEQ/EyhEOsTIRDRWaEQ99/hEN5mYRD
ErOEQ6zMhENF5oRD3/+EQ3kZhUMSM4VDrEyFQ0VmhUO+f4VDeZmFQxKzhUOszIVDJeaFQ9//
hUN5GYZDEjOGQ6xMhkNmZoZD33+GQ3mZhkMSs4ZDrMyGQ0XmhkPf/4ZDeRmHQ/Eyh0OLTIdD
JWaHQ75/h0NYmYdDErOHQ6zMh0Pp5odD3/+HQ3kZiEMSM4hDrEyIQyVmiEPff4hDeZmIQxKz
iEOLzIhDJeaIQ9//iENYGYlD8TKJQ4tMiUNFZolDvn+JQ1iZiUPxsolDrMyJQ0XmiUPf/4lD
WBmKQ/EyikOsTIpDRWaKQ75/ikNYmYpDErOKQ4vMikNF5opDvv+KQ1gZi0PxMotDi0yLQyVm
i0O+f4tDWJmLQ/Gyi0OszItDReaLQw==</AssayXData><AssayYData Points="100">vaHGvh0+rb4Oa5y+Y7uRvh+Jib5s3IW+TMaFvhYUhr4ez4i+5bKHvkuLib70kIu+rhmMviNU
i77Roo2+dV6OvvzDkL4muZG+YUuQvv6skL7mZ5S+EY6VvnEflL7ys5W+fpKWvlTilb4gvpa+
/6KWvrz5l76ZAZm+ykqavvRgmr5XF5m+I1advoYZnr6rI56+8/WavuvRnr7HoZ2+x1Sevv0V
oL5x/KC+uwyhvudwob5T7aK+wi+hviArpL4kiqO+Ok2jvhsSpL6YDKS+5xKjvg0No77Q3aW+
3c2lvsiOpr6Jkae+84CkviXapr6hNaW+FNyovnyKp76LEqa+7/movthFqL7cWKe+VQmpvqob
qL4f7qm+Xgiqvk8iq76fG6q+3T2rvh2Bqr5omqq+Eq+tvpfaq747sKy+d9msvikZqr4dua2+
R22uvoPmq75+966+opetvoIFsL4ttK++rLmuvk0asL5jn7C+8PWxvs7gsL701rG+bsmwvmPv
sL5Pg7C+y+GxvsC+sL5POLK+dqmxvg==</AssayYData></Step><Step><CommonData><SampleLocation>1</SampleLocation><SampleID>Running Buffer</SampleID><SampleGroup></SampleGroup><SampleInfo></SampleInfo><SampleRow>G</SampleRow><SamplePlate>1</SamplePlate><WellType>BUFFER</WellType><Concentration>-1</Concentration><ConcentrationUnits>µg/ml</ConcentrationUnits><MolarConcentration>-1</MolarConcentration><MolarConcUnits>nM</MolarConcUnits><MolecularWeight>-1</MolecularWeight><Temperature>30</Temperature><StartTime>336683</StartTime><AssayTime>20</AssayTime></CommonData><FlowRate>1000</FlowRate><StepType>CUSTOM</StepType><StepName>condition</StepName><StepStatus>OK</StepStatus><ActualTime>19.999</ActualTime><CycleTime>0.2</CycleTime><AssayXData Points="100">3/+LQ1gZjEPxMoxDi0yMQyVmjEO+f4xDWJmMQ/GyjEOLzIxDReaMQ9//jENYGY1D8TKNQ6xM
jUNFZo1D33+NQ1iZjUMSs41DrMyNQ0XmjUPf/41DmRmOQxIzjkOsTI5DRWaOQ99/jkN5mY5D
ErOOQ6zMjkNF5o5D3/+OQ1gZj0MSM49DrEyPQ2Zmj0Pff49DeZmPQxKzj0ORzY9DCuePQ9//
j0N5GZBDEjOQQ6xMkEMlZpBD33+QQ1iZkEMSs5BDrMyQQ0XmkEPf/5BDWBmRQxIzkUOLTJFD
RWaRQ99/kUNYmZFDErORQ6zMkUNF5pFDQQCSQ1gZkkPxMpJDrEySQ0VmkkPff5JDeZmSQxKz
kkOLzJJDReaSQ77/kkN5GZNDEjOTQ6xMk0NFZpND33+TQ3mZk0MSs5NDi8yTQ0Xmk0O+/5ND
mRmUQ/EylEOsTJRDJWaUQ99/lEN5mZRDErOUQ6zMlEMl5pRD3/+UQ1gZlUPxMpVDi0yVQ0Vm
lUODgJVDWJmVQ/GylUOszJVDJeaVQw==</AssayXData><AssayYData Points="100">ODe1vVI/9r3P0BG+rPIZvtb5Gr5yrxu+cOQVvkeDFr4RWhq+V2EXvoenE76E7w++5hwSvhi/
Dr4x4gu+Q20NvpSXCr4KqQu+N5EHvkEACb4GoAW+IwAHvn6kCL7UXwS+ww8FvvczCb4zJgi+
uhcGvqLMBb4Z9gG+Drn7vRLlA75juf+9HpYCvnZ/Ab4Z4f69LdgBviYXA77mLwC+1432vbVE
/L0OlgW+Fxv3val+AL63EgK+Btz0vfJn+b2qQPe93gHuvZEG9b0RUfe9RZT/vRn69L3VRe29
CrP6vXC19r3nRvK9JG3zvT2R7b34F/i9aiHuvRgO+b3qJ+e9ZhPzvbLr7b0g6vi9TJfvvZQC
8b3Gp+u9eW70vaPX6r2Y4fG9QV3qveXT6r0pae69+yTuvSrb7712BPC9XevpvQQo5L1uq+e9
kE/mvZ0y6r0u2/W90QbnvTTN5L2EMPG9Dc3hvX0a471j7ey9Edzpvc0a7L1daeG9+DTpvWxt
272Dtdq9bvjcvc2o7L2soOu9nLrnvQ==</AssayYData></Step><Step><CommonData><SampleLocation>3</SampleLocation><SampleID>Running Buffer</SampleID><SampleGroup></SampleGroup><SampleInfo></SampleInfo><SampleRow>G</SampleRow><SamplePlate>1</SamplePlate><WellType>BUFFER</WellType><Concentration>-1</Concentration><ConcentrationUnits>µg/ml</ConcentrationUnits><MolarConcentration>-1</MolarConcentration><MolarConcUnits>nM</MolarConcUnits><MolecularWeight>-1</MolecularWeight><Temperature>30</Temperature><StartTime>362671</StartTime><AssayTime>120</AssayTime></CommonData><FlowRate>1000</FlowRate><StepType>BASELINE</StepType><StepName>Baseline 120</StepName><StepStatus>OK</StepStatus><ActualTime>120</ActualTime><CycleTime>0.2</CycleTime><AssayXData Points="600">v/+VQ1kZlkPyMpZDjEyWQyVmlkOef5ZDOJmWQ9GylkNrzJZDBeaWQ57/lkNZGZdD0TKXQ2tM
l0MFZpdDnn+XQziZl0O3s5dDa8yXQyXml0O//5dDOBmYQ/IymENrTJhDBWaYQ55/mEM4mZhD
8rKYQ2vMmEMl5phDv/+YQ1kZmUPRMplDa0yZQwVmmUOef5lDOJmZQ/KymUNxzZlDJeaZQ57/
mUM4GZpD0TKaQ2tMmkMFZppDv3+aQziZmkPysppDa8yaQwXmmkOe/5pDWRmbQ9Eym0NrTJtD
JWabQ55/m0M4mZtD0bKbQ2vMm0MF5ptDnv+bQzgZnEPRMpxDjEycQwVmnEO/f5xDWZmcQ9Gy
nENrzJxDBeacQ7//nENZGZ1D0TKdQ2tMnUMlZp1Dnn+dQziZnUPRsp1DjMydQwXmnUO//51D
OBmeQ9EynkOMTJ5DJWaeQ55/nkNZmZ5D8rKeQ2vMnkMF5p5Dnv+eQ1kZn0PyMp9DjEyfQyVm
n0O/f59DWZmfQ/Kyn0OMzJ9DZ+afQ7//n0NZGaBD8jKgQ4xMoEMlZqBDv3+gQ1mZoEPysqBD
jMygQ0bmoEO//6BDWRmhQ/IyoUOMTKFDJWahQ79/oUNZmaFDE7OhQ2vMoUMl5qFDv/+hQ1kZ
okPyMqJDjEyiQyVmokO/f6JDWZmiQ/KyokOMzKJDZ+aiQ7//okM4GaND8jKjQ2tMo0PqZqND
v3+jQ1mZo0PysqNDjMyjQyXmo0Oe/6NDWRmkQ/IypEOMTKRDJWakQ55/pEM4maRD8rKkQ2vM
pEMl5qRDv/+kQzgZpUPRMqVDa0ylQwVmpUMhgKVDOJmlQ9GypUNrzKVDBealQwAApkNZGaZD
8jKmQ4xMpkMFZqZDnn+mQziZpkPRsqZDjMymQwXmpkOe/6ZDOBmnQ9Eyp0OMTKdDJWanQ55/
p0M4madD0bKnQ2vMp0MF5qdDv/+nQ1kZqEPyMqhDa0yoQwVmqEO/f6hDWZmoQ9GyqEOMzKhD
BeaoQyEAqUM4GalD0TKpQ4xMqUOIZqlDnn+pQziZqUPRsqlDa8ypQ2fmqUO//6lDOBmqQ/Iy
qkNrTKpDBWaqQ55/qkM4mapD8rKqQ2vMqkMF5qpDnv+qQzgZq0O3M6tDjEyrQwVmq0Oef6tD
OJmrQ9Gyq0NrzKtDBearQwAArEM4GaxD0TKsQ2tMrEMFZqxDnn+sQ1mZrEPysqxDa8ysQyXm
rEPg/6xDWRmtQ/IyrUOMTK1DJWatQ79/rUNZma1D8rKtQ83MrUMl5q1Dv/+tQ1kZrkPyMq5D
jEyuQ0ZmrkO/f65DPpquQ/KyrkOMzK5DJeauQ7//rkNZGa9D8jKvQ4xMr0MlZq9Dv3+vQ1mZ
r0Pysq9DjMyvQyXmr0O//69DWRmwQ/IysENrTLBDJWawQ79/sENZmbBD0bKwQ4zMsEMF5rBD
v/+wQzgZsUPyMrFDjEyxQyVmsUO/f7FDOJmxQ9GysUNrzLFDJeaxQ57/sUM4GbJD8jKyQ2tM
skMlZrJDnn+yQ1mZskPysrJDjMyyQyXmskOe/7JDWRmzQ9Eys0OMTLNDRmazQ79/s0NZmbND
0bKzQ2vMs0Ml5rNDnv+zQzgZtEPRMrRDa0y0QyVmtEO/f7RDWZm0Q9GytENrzLRDBea0Q57/
tEM4GbVD0TK1Q2tMtUMlZrVDnn+1Q/yZtUPysrVDjMy1QwXmtUOe/7VDOBm2Q/IytkOMTLZD
BWa2Q55/tkNYmbZD0rK2Q4zMtkMF5rZDnv+2Q1gZt0PSMrdD7ky3Q2dmt0Oef7dDWJm3Q9Ky
t0NrzLdDBea3Q7//t0M4GbhD8jK4Q2tMuEMmZrhDv3+4QziZuEPSsrhDa8y4QwXmuEOe/7hD
OBm5Q9IyuUNrTLlDBWa5Q+B/uUM4mblD0rK5Q2vMuUPJ5rlDv/+5QzgZukPSMrpDa0y6QwVm
ukO/f7pDeZm6Q9KyukNrzLpDJua6Q7//ukNYGbtD2DO7Q4xMu0MmZrtDv3+7Q1iZu0MZtLtD
jMy7Qybmu0O//7tDWBm8Q/IyvEOMTLxDJma8Q79/vENYmbxD8rK8Q4zMvENn5rxDQgC9Q1gZ
vUPyMr1DjEy9QyZmvUO/f71DWJm9Q9KyvUOMzL1DJua9Q7//vUNYGb5D8jK+Q4xMvkMmZr5D
v3++Q3mZvkPysr5DjMy+QybmvkO//75D3Bm/Q/Iyv0NrTL9DJma/Q55/v0NYmb9D8rK/Q4zM
v0MF5r9Dv/+/Q1gZwEPyMsBDjEzAQyZmwEO/f8BDWJnAQ/KywENrzMBDJubAQ57/wENYGcFD
8jLBQ4xMwUMmZsFDv3/BQziZwUPSssFDjMzBQwXmwUOe/8FDWBnCQ/IywkNrTMJDBWbCQ79/
wkNYmcJD8rLCQ2vMwkMm5sJDv//CQ1gZw0PSMsNDa0zDQyZmw0Oef8NDOJnDQ9Kyw0NrzMND
BebDQ7//w0NYGcRD0jLEQw9NxEMmZsRDv3/EQziZxEPyssRDmM7EQwXmxEOe/8RDWBnFQ/Iy
xUOMTMVDBWbFQ55/xUN5mcVD0rLFQ2vMxUMF5sVDhADGQ1gZxkPyMsZDa0zGQwVmxkOef8ZD
OJnGQ9KyxkOMzMZDBebGQ57/xkM4GcdD0jLHQ2tMx0MFZsdDv3/HQziZx0PyssdDjMzHQwXm
x0Oe/8dDOBnIQ9IyyEOMTMhDBWbIQ79/yEM4mchD0rLIQ4zMyENG5shDnv/IQzgZyUPSMslD
jEzJQwVmyUOef8lDWJnJQ/KyyUOMzMlDJubJQ7//yUNYGcpD8jLKQ4xMykPqZspDv3/KQ1iZ
ykPysspDjMzKQybmykMHActDWBnLQ/Iyy0NrTMtDBWbLQ79/y0NYmctD8rLLQ4zMy0Mm5stD
nv/LQ1gZzEPSMsxDa0zMQyZmzEO/f8xDWJnMQ/KyzEOMzMxDJubMQ7//zENYGc1D8jLNQ4xM
zUMmZs1Dv3/NQ1iZzUPyss1DjMzNQybmzUO//81DWBnOQ9IyzkNrTM5DJmbOQ79/zkM4mc5D
8rLOQ2vMzkMF5s5Dv//OQzgZz0PyMs9DjEzPQyZmz0O/f89DOJnPQ9Kyz0OMzM9DJubPQ57/
z0M4GdBD0jLQQ4xM0ENGZtBDv3/QQziZ0EPSstBDa8zQQwXm0EO//9BDOBnRQ/Iy0UNrTNFD
BWbRQ79/0UNYmdFD8rLRQ2vM0UMm5tFD</AssayXData><AssayYData Points="600">J1jlvYTf6L32zeS9pJTlvQQ62r0zxuK9ScDZvX815L2fEdq9t0XYveMe3L0569y9GT/gvbLp
173lTt69cNzWvQmf370vI9q9p/fcvTa61b0X0tu9KIHevXzm2L1mGde9j7XbvamqzL0pFta9
0t3XvYLH2b1JO9W9Flvdven12b2Ro9e9eYTbvXvI2r2jINy97Z3VvXvi2L10/tm9hWXcvVb7
0r3Xo9K926DYvQZl371Fwcq9/tzSvYPb0b090Na9+vXSvWZg1b0K29e9+ADVvaA52L3hXs29
NSXUvTPy1L2N+Ma9D03YvbAdzb0LXdO9oBbYveze071XENa99nXLvd6xz73H1M29DxjTvbcU
z73+3Mu9weLVvd1Lzb17FNK9kwbPvQ4S0r1irc29wOvPveP1y73tWMq98ODOvYvT0r1Ekci9
dCDPvYi6yr0hTMy9cMLMveC8zr0Zksy930TMvfOL0L38eM29NSfNvQQjyr3D9cy93sjJvZZN
zb2Dbcy9CcnRvaCOzr39LMi9E5PNvdnWyL3Mis+91bvUvSuBwr2SRtW9UaXEvZ6Hyr3ZAce9
TeLMvYqBz717xs29EhbOvXBY0r0/nsm9LwfKvRtrzr2+KsW99rbLvYSwy72G/sa9muTBvcuw
zb0X+MW9N5DHvY2rx70fQMu9hSLNvYPaxb2Qvcm9z9bMvQOPxL0EJ8W95nTHvRnlyb3s9NC9
vP/HvR2aw70KAdG9iWTLvUMtzb1wEca9yeHBvSf6x705bcy95qvJvYgCxL3j5M29xnjMvbxS
vb3L9sW9U2XJvXSGxr2eSLq90m/GvStpxb14CcK9rjnJvTSiw70scMy9GZXEvbl1xL1eFMu9
Toy5vQ66w70E+8O9c/LGvSYyyb3ZB8S9vGPLvWTjwL2Ohcy9bNzCvd2Zyb1uAcO9qynIvcv2
x72udMa95kO+vVlCw73Ipce9UorAvag/zL22QcC9GqzAvXuZwL3sE8G9XznLvZ4ly73AQ769
BrLCvfZAwr0tnbm9kHu9vYhluL05dbq9rFfHvZ6Qwr1Ah8e93p3CveVNw71M9ce9Axm4vSAi
y738a8S954jFvb+hw70/4ce9+9O8vcUwwL2FSrq9J7jKvTVWwb35esC9RuS+vTpbxL10i8S9
asu8vaGrwr2Uj8i9Esq+vR7VvL1I5MO9B0TAvZIyxb20q8a9WBnCvd0yvr0tv8K9YV3Gve2H
xr0YY8S9sIS9vaAzv70FwsK9sxjBvfTFvL3MMbu9WB/EvSuSwL1cgMG9JwK+vduvwb0+fr+9
R3a4vWCTvL0ircC9o9e+vbKgu72Sh8G9KGDEvWovu70xMb29iOu8vXJnv71BJL69C7fDvW80
vr0GR8a925vDvfDkvr3Fm8a9BEW7vTWUwL2oUri91ry6vVevtL0/pcS9LrPAvV7aub0eMrq9
A9nCvanTv70NXsC97EK9vd5YwL1357u9/dC2vVhvxL3EObW9UCPDvc3dwb3meby9/nW6vcOq
xr3nuMW9WFm+vcI6uL1KELq9Z2O4vVeHvb1Ueb29W7a8vQzOur1cesC9TtG5vcTpuL1ZDbi9
SoS6vSX9wb27xrm9Hey0vZIEv71ybr69meG8vSkMv70mULq9s+y4vWbXur3wab+9y+7Hvf+H
u72fEL29CaKzvSDBvL1g2sC96zm7vfj4tb1AxsC9RhXCvcU8ur2V3769uky+vYb6v72q3LW9
cn64vXCYvL33iLC92CK5vQ6mur3T2ba9Ixi4vXDYu73IOre95OS2vYmfvL3pR7e9z3e4vWnk
vb0TG7a97ye4vQOutr1oobq979K0vTH5t73WIrO96Cu7vZe4vb03Abi9eqS4vQJ1ur22Iry9
mWGpvYaZv70y8La9pca3vazTur037Le9tBC0veeTuL2/Dby9g525vSrLtb0+Z7S96xS8vePX
tb2hz6y9PeK4vT5Wwb0DsbS9ECC2vfZ/t71a3bK9/Ei7vcmfur3xW7S9XCayvWBNtr3FgLm9
YE24vYK4ub1VVrW9Q3K/vcyDt71HlLi9FlKyvakYur2yTsG97niwvTm0tL0bMrm9rO+3vfok
vr3NR7y9cL60vY/ct70dTq69vBaxvQGat719YrG9yUe/vepbtr2Czre9PC+1vR+qsr2DAbi9
PBSwvadds73WKLa9pkS8vZJEtb1AFL69u0u2veP/t70OQLG9Qta+vR6Jtb0XyLK9XOuuvS6j
sL1wFa297lG1vTNTvr32g6691064vTPPvL1HhLS9vXO4vW2ssr3HVba9oJizva1ltr0wYLu9
VFa5vYEBwL0Yzba9X1W6vX71tL0RBLq946uyvXvUub0uxLu9MiatvciNtr35Wba9ANO3vaN/
sb1qSLq97mTBvSF4tb0Rm7a9lFmyvbutrr0SY7W9iGa6vfJWqL3pRbe9Gc21vdNlr70AbrK9
B16xvU8wrb3c5rS9WaiuvQaZuL35YbO9fcesvZ59s72Twbi9egq5vQ7Qsr3XF7e9Yr+3vaPA
s72qH7m9QV+pvdifub11eby9t8quvbhtsb3Li7O9jk63vYUwr72c+ra9asO2vULZsr04sLS9
3HaovTIyrL02+6i9nnm6vdD5sb1UbbK9K1qrvQU2uL1tKa69UPapvQfjrb1QKKy9szWzvWoV
sb3VaLq9hj+0vR8GtL1GT6e95m2yvbLJtL3eqau9PpWwvVOJr73w7q+9Wsq1vUiVsr2cCrW9
5ymzvZ+dqL3Mmbq9lKe2vYNVsb2W4K+93HmxvR/qrL1OMq299gu0vf77sb1iuKq9pdKuvQ5j
t70lN669fby0vTsFtL1pJa+9d9CvvXPBrr1ZNLG90vSovbR6qr3v8bG99M6nvb9Tsb1+ObK9
/d+4vbFjr70waq+9j/qvvXgLt70Lc7K9/SqxvWOlrr3HSKa9WzqyvQT+tr2bErW9J3SsvRkQ
tr1fXa694Y6tvURYsr0dlrW9n0+wvf0qqr38eKu9lQe0vSmps73TKra94YSxvfsetL1x0ri9
FxO1vSVirL2tTae9OxOyvb5lqL34UKy93PKhvcFvpr0KDbG9dKasvUSmqb2PI7O9Z7urvWvR
s708lbK9ML2svTU6rL3B0q29NmKyvcqPrr25zaW939muvaFisL0fAa29yRyzvQ+Jrr2d0LO9
skWrvRDUqL0KJLW9wqapvXEJq73nHKm9</AssayYData></Step><Step><CommonData><SampleLocation>4</SampleLocation><SampleID>AB</SampleID><SampleGroup></SampleGroup><SampleInfo>in Running Buffer</SampleInfo><SampleRow>G</SampleRow><SamplePlate>1</SamplePlate><WellType>KLOAD</WellType><Concentration>0.307</Concentration><ConcentrationUnits>µg/ml</ConcentrationUnits><MolarConcentration>307</MolarConcentration><MolarConcUnits>nM</MolarConcUnits><MolecularWeight>-1</MolecularWeight><Temperature>30</Temperature><StartTime>489441</StartTime><AssayTime>20</AssayTime></CommonData><FlowRate>1000</FlowRate><StepType>LOADING</StepType><StepName>Loading</StepName><StepStatus>OK</StepStatus><ActualTime>19.999</ActualTime><CycleTime>0.2</CycleTime><AssayXData Points="100">wP/RQzkZ0kPSMtJDbEzSQwZm0kPAf9JDWpnSQ9Ky0kONzNJDJubSQ8D/0kNaGdND0jLTQ2xM
00MmZtNDwH/TQ1qZ00PSstNDjczTQybm00PA/9NDORnUQ9Iy1ENsTNRDqWbUQ8B/1ENamdRD
0rLUQ2zM1EMm5tRDn//UQ1oZ1UPSMtVDjUzVQyZm1UPAf9VDOZnVQ/Oy1UONzNVDJubVQ8D/
1UM/GtZD8zLWQ41M1kMGZtZDwH/WQ1qZ1kPzstZDjczWQwbm1kPA/9ZDWhnXQ/My10ONTNdD
BmbXQ59/10M5mddD87LXQ2zM10MG5tdDwP/XQ1oZ2EPzMthDbEzYQwZm2EOff9hDWpnYQ9Ky
2EONzNhDJubYQ5//2EM5GdlD8zLZQ65M2UMGZtlDn3/ZQzmZ2UPzstlDbMzZQwbm2UNDANpD
ORnaQ9Iy2kNsTNpDBmbaQ8B/2kNamdpD0rLaQ43M2kMG5tpDwP/aQzkZ20PSMttDbEzbQwZm
20Off9tDWpnbQ76020NszNtDBubbQw==</AssayXData><AssayYData Points="100">qIekvTUxgb1zqmq9fYtCvYQeHr2iOu68Vse7vKT1cbyF2ee7RttOugEARzuOPTo8ojK3PH/W
3zwioBE9sv8vPX93Yj3jbms9IDKAPRNajj39vKE9q36vPaovwT0sNM497NTfPQfd7z132gE+
RX8GPp0ODT73GBU+Lj0aPncHJj4fVi8+Vw8zPmeROj6HnkE+VrVKPov7VD7x2Vs+siVePtrK
YT7rZGs+SsR3PqAkfj5l7IE+CpKEPmzFiT4BSY0+St6SPiLUlT5laZs+sB6dPkpnnz4mMKY+
/1+oPv8jrD6gjbE+8cW0PrvruD6gxrw+NXy/PrGhxD5A6sY+FK/LPmHF0D7MrtI+kJHXPiOc
2T4ICt8+qE7jPnUI5T4ekOg+IcruPvEa8j6DxvI+5wz4PlDu+j6d/AA/iMwBP5PYBD/bHwY/
NQAIP0+6Cj+v/wo/8+oNP1KwED/TbRI/P8sSP1iOFT+5axc/ohQZP+A8Gz++nR0/F7seP+ru
ID88lyI/UvIjP/pUJj9HMCg/46wpPw==</AssayYData></Step><Step><CommonData><SampleLocation>5</SampleLocation><SampleID>BB</SampleID><SampleGroup></SampleGroup><SampleInfo></SampleInfo><SampleRow>G</SampleRow><SamplePlate>1</SamplePlate><WellType>BUFFER</WellType><Concentration>2.5</Concentration><ConcentrationUnits>µg/ml</ConcentrationUnits><MolarConcentration>2500</MolarConcentration><MolarConcUnits>nM</MolarConcUnits><MolecularWeight>-1</MolecularWeight><Temperature>30</Temperature><StartTime>516901</StartTime><AssayTime>60</AssayTime></CommonData><FlowRate>1000</FlowRate><StepType>BASELINE</StepType><StepName>Baseline 60</StepName><StepStatus>OK</StepStatus><ActualTime>59.999</ActualTime><CycleTime>0.2</CycleTime><AssayXData Points="300">oP/bQzoZ3EPTMtxDTEzcQwZm3EOgf9xDOpncQ9Oy3ENMzNxD5uXcQ3//3EMZGd1DsjLdQ21M
3UMGZt1DoH/dQzqZ3UOyst1DTMzdQ+bl3UN//91DOhneQ7Iy3kNMTN5DBmbeQ39/3kMZmd5D
srLeQ23M3kMG5t5Df//eQzoZ30PTMt9DTEzfQwZm30Ogf99DGZnfQ9Oy30NMzN9D5uXfQ3//
30MZGeBDsjLgQ0xM4EMGZuBDoH/gQxmZ4EOysuBDTMzgQwbm4EOg/+BDOhnhQ7Iy4UNtTOFD
5mXhQ39/4UMZmeFD07LhQ0zM4UOW6OFDf//hQxkZ4kOyMuJDTEziQ+Zl4kN/f+JDGZniQ7Ky
4kNMzOJD5uXiQ3//4kMZGeNDsjLjQ0xM40PmZeNDoH/jQxmZ40OysuNDTMzjQwbm40N//+ND
GRnkQ7Iy5ENMTORDBmbkQ6B/5EMZmeRDsrLkQ23M5EMG5uRDf//kQxkZ5UOyMuVDbUzlQ+Zl
5UOgf+VDOpnlQ9Oy5UNtzOVDBublQ6D/5UM6GeZD0zLmQ21M5kMGZuZDf3/mQzqZ5kPTsuZD
bczmQwbm5kOg/+ZDOhnnQ9My50NtTOdD5mXnQ6B/50M6medD07LnQ23M50MG5udDoP/nQzoZ
6EPTMuhDbUzoQwZm6EN/f+hDOpnoQ7Ky6ENMzOhD5uXoQ6D/6EM6GelD0zLpQ21M6UMGZulD
f3/pQzqZ6UPTsulDTMzpQ+bl6UN//+lDGRnqQ9My6kNtTOpD5mXqQ6B/6kM6mepDsrLqQ23M
6kMG5upDoP/qQzoZ60PTMutDbUzrQwZm60N/f+tDOpnrQ7Ky60NMzOtDQOrrQ3//60MZGexD
sjLsQ0xM7EMGZuxDoH/sQ/6Z7EPTsuxDtM3sQ+bl7EN//+xDOhntQ9My7UNtTO1DBmbtQ39/
7UM6me1DsrLtQ23M7UMG5u1DoP/tQzoZ7kPTMu5DbUzuQ+Zl7kOgf+5DOpnuQ7Ky7kNMzO5D
BubuQ6D/7kMZGe9DsjLvQ0xM70MGZu9Df3/vQxmZ70Oysu9DTMzvQ+bl70N//+9DGRnwQ7Iy
8ENMTPBD5mXwQ39/8EMZmfBD07LwQ0zM8ENI5vBDoP/wQxkZ8UOyMvFDbUzxQ+Zl8UN/f/FD
GZnxQ7Ky8UNMzPFD5uXxQ3//8UMZGfJDsjLyQ0xM8kPmZfJDf3/yQxmZ8kOysvJDTMzyQ+bl
8kN///JDGRnzQ7Iy80NtTPND5mXzQ39/80M6mfND07LzQ23M80MG5vNDoP/zQzoZ9EPTMvRD
bUz0Q+xm9EOgf/RDOpn0Q9Oy9ENtzPRDBub0Q6D/9EM6GfVD0zL1Q21M9UPmZfVDoH/1QzqZ
9UPTsvVDbcz1Qwbm9UOg//VDOhn2Q9My9kNtTPZDBmb2Q6B/9kM6mfZD07L2Q0zM9kMG5vZD
oP/2QzoZ90PTMvdDTEz3Q+Zl90Ogf/dDGZn3Q9Oy90NtzPdDBub3Q3//90NaGfhD0zL4Q0xM
+EMGZvhDoH/4QzqZ+EPTsvhDTMz4Q+bl+EOg//hDOhn5Q9My+UNtTPlDBmb5Q6B/+UM6mflD
srL5Q0zM+UPm5flD</AssayXData><AssayYData Points="300">ILaDP3MbhT/Vj4U/ak+GP0jbhT8XvoU/QPyFP80Yhj/jUIU/+4GFPwq/hT/kfIU/kFSGP2Bw
hT8Mf4U/hsaEP5XIhD/vqYQ/89iEPyMdhT88z4Q/0buEP0W2hD9Ag4Q/O5eEPxv7gz+FnoQ/
/G6EPzTHhD+IfYQ/x7aEP5+FhD9IXYQ/IACEP2+ghD/u5oM/JWuEPzNZhD/eZ4M/NvWDP2fM
gz8GHIQ/mKCDP43Ogz+3coM/0gyEP6iigz8NgoM/BHiDPz2vgz/jsoM/nFSDP6U1gz8t94M/
+B6DP9Vkgz/RpYM/qMqDP32pgj9IAIM/NFyDP/lbgz98H4M/BiiDPyxcgj9hf4I/ny2DP/V4
gj+b5oI/3s+CP1dpgj80ooI/XIyCP9uOgj9PfYI/djuCP4+Jgj+QUoI/ZpSCPx9Rgj9gXoI/
AO2BP8PCgT/1KYI/YduBPybcgT8Y5oE/eJCBP715gT8CZYI/6giCP56XgT/hoIE/ONyBP3v1
gT9nzIE/8y2BP3gKgT9Ej4E/LviBP7pQgT9UeYE/Q0WBP650gT/Gn4E/oZCBP9HYgD8rGYE/
o3WBPyP9gD99TIE/XsaAP5AagT/qIYE/gZiAP58mgT+KT4E/0bKAPxuxgD+DXoA/S6SAP8Nw
gD/jXoA/pUKAPxTogD+AaoA/6a2AP/kwgD+p2X8/hdV/P3c8gD9/VoA/nGKAP00RgD/ga4A/
hiaAPxjVfz9AVoA/rb2AP/0ggD/1V38/QjB/P5Xtfz/Q0n4/PQJ/P4Gufz/dBX8/iz9/P9ME
fz8Qxn8/Nvp9P8xKfj+9HX8/HJJ+P2/SfT878X4/ceB+Pw/MfT8hf38/Vnd+P/vMfT/krX0/
zPN8PxLefj+f930/IJF8Pwdefj/GgHw/CMN8P6gBfT8343w/Kml9Pw09fT8uUX0/6/R8Pz4Y
fj+Mmnw/nht9P6Tdez/CqXw/+jJ8P2HKez9pXXw/5D99P2AqfT9dfXs/b/V8PzIZfD9sznw/
GZp6PzIKfD/rNns/fH98P/yLez9Sm3s/pQJ8P9f1ez89UHo/naF6P2a7ej9/mHs/iMF6P8on
ez9AaXs/kgh6P5z/eT90JXs/73N6P4i0eT916nk/jsF5P67AeT++lXk/p7h5P8AVez/wfnk/
8Pp5Pypsej8TtHk/rbl5P+TseT/Cjnk/3qF5P4pXeT9YDng/2B15PxRLej8iwHg/7eF4P8dN
eT/3v3k/TLl3PxJveD/1N3k/WkZ5P5ACeT8v3Hc/0R94P2waeD/zz3g/Yxl5PxAxeD8Y3Xc/
UDR4P+RveD8kWXg/IfV4P0gteD8woHc/x3B3P1rSdz94X3g/hr13P85+dz8mg3c/RLd2P2QZ
dz89X3c/MDJ3P1yldj/nknc/fTp2P48Rdz91xXY/WlF2Pw2+dj/9C3c/WrN2P6NIdz/ufXY/
QGp3P/HZdj8Wm3Y/KaV1P7EMdj/85XY/Vq92P6r2dT/VO3Y/bu90P8WFdT/hnnU/j3l1P7tL
dT/HEHY/V+11P1ZidT8ZFnQ/0pR1P4i4dD+yn3U/pnR1P6iOdD+4HnQ/bfR1P2ZBdT8VLXU/
b4p0PzMQdT+dyXQ/</AssayYData></Step><Step><CommonData><SampleLocation>6</SampleLocation><SampleID>Running Buffer</SampleID><SampleGroup></SampleGroup><SampleInfo>in Running Buffer</SampleInfo><SampleRow>G</SampleRow><SamplePlate>1</SamplePlate><WellType>BUFFER</WellType><Concentration>-1</Concentration><ConcentrationUnits>µg/ml</ConcentrationUnits><MolarConcentration>-1</MolarConcentration><MolarConcUnits>nM</MolarConcUnits><MolecularWeight>-1</MolecularWeight><Temperature>30</Temperature><StartTime>584704</StartTime><AssayTime>20</AssayTime></CommonData><FlowRate>1000</FlowRate><StepType>BASELINE</StepType><StepName>Baseline 20</StepName><StepStatus>OK</StepStatus><ActualTime>20</ActualTime><CycleTime>0.2</CycleTime><AssayXData Points="100">gP/5Q/kY+kOzMvpDTUz6Q+Zl+kOAf/pD+Zj6Q7Oy+kNNzPpDxuX6Q4D/+kMaGftDszL7Q01M
+0PmZftDgH/7QxqZ+0OSsvtDTcz7Q+bl+0OA//tDGhn8Q7My/ENNTPxDxmX8Q4B//EMamfxD
s7L8QyzM/EPm5fxDX//8QxoZ/UP1Mv1DTUz9Q+Zl/UOAf/1D+Zj9Q7Oy/UNNzP1DxuX9Q1//
/UP5GP5DszL+QyxM/kPmZf5DX3/+QxqZ/kOSsv5DLMz+Q+bl/kOA//5DGhn/Q5Iy/0NNTP9D
5mX/Q4B//0P5mP9Ds7L/Q03M/0PG5f9DgP//Q3wMAERJGQBEFiYAROMyAETGQABEjUwARFpZ
AEQmZgBE43IARLB/AESNjABESZkARBamAETjsgBEwL8ARHzMAERJ2QBEFuYARPPyAETA/wBE
fAwBRFoZAUQWJgFE4zIBRMA/AUSNTAFEelkBRBZmAUTjcgFEsH8BRHyMAURJmQFEJqYBROOy
AUSwvwFEfMwBREnZAUQW5gFE8/IBRA==</AssayXData><AssayYData Points="100">NjtBPzZuNT/i4S4/CPosP6ugKz/FcSo/i6YqP51QKj/Guis/2o8rP3k8Kz+hACw/ZqgtP4x7
LT8Pqiw/D1YsP0qzLD+nKSw/RdAsP1ktLj/KTS0/frgtP5iXLT/KAC0/3/wtP5moLT+AJy4/
aB8uP9s+Lj91my4/An4uP1NSLz+GGy8/VQovP8WeLj+koC4/15IuP30yLz/3Fi8/9bctP/qB
Lz9jPi8/1csvP+G2Lj+KQS4/NQQwP7p9Lz8hsi4/qSwuP76bLz8OGDA/nJEvP1sNLz9rSTA/
k2AvP6HTLz/1vS8/hO8uPzp+Lz+1nTA/bu0vP26ILz/n+S8/33IwP5jqLz/Dxi8/VgExPxGI
Lz/L0y8/4MgvPys8MD+d6S8/Nu8vPyTkMD8rODA/ICkwP6O/MD/MozA/xgswPynZMD842zA/
JAowPynYLz/gJDE/e2QwP8arMD9YVDA/IqowP0raMD9r8y8/rnsxP5T0MD/w3zA/e4gwP7FO
MD/GgTE/oCEwP/qxMD9/EDE/6C0xPw==</AssayYData></Step><Step><CommonData><SampleLocation>7</SampleLocation><SampleID>aKappa 50ug/ml</SampleID><SampleGroup></SampleGroup><SampleInfo></SampleInfo><SampleRow>G</SampleRow><SamplePlate>1</SamplePlate><WellType>KSAMPLE</WellType><Concentration>-1</Concentration><ConcentrationUnits>µg/ml</ConcentrationUnits><MolarConcentration>-1</MolarConcentration><MolarConcUnits>nM</MolarConcUnits><MolecularWeight>-1</MolecularWeight><Temperature>30</Temperature><StartTime>612978</StartTime><AssayTime>120</AssayTime></CommonData><FlowRate>1000</FlowRate><StepType>ASSOC</StepType><StepName>Association</StepName><StepStatus>OK</StepStatus><ActualTime>120</ActualTime><CycleTime>0.2</CycleTime><AssayXData Points="600">wP8BRI0MAkRaGQJEFiYCROMyAkSwPwJEfEwCRFpZAkRoZgJE43ICRFOAAkR8jAJEYJoCRBam
AkTjsgJEsL8CRHzMAkRa2QJEJuYCROPyAkSw/wJEfAwDREkZA0QWJgNE4zIDRLA/A0SNTANE
WlkDRBZmA0TjcgNEsH8DRI2MA0RJmQNEJqYDROOyA0TAvwNEjcwDREnZA0TK5gNE4/IDRMD/
A0R8DARESRkERBYmBETzMgREsD8ERHxMBERJWQREJmYERONyBESwfwREjYwERFqZBEQmpgRE
87IERMC/BESNzAREWtkERCbmBETz8gREwP8ERI0MBURaGQVENyYFREUzBUTAPwVEjUwFRFpZ
BUQmZgVE83IFRLB/BUSNjAVEepkFRCamBUTzsgVEwL8FRI3MBURa2QVEJuYFRPPyBUTx/wVE
jQwGRFoZBkQmJgZE8zIGRMA/BkR8TAZEWlkGRCZmBkTzcgZExoAGRI2MBkRamQZEJqYGRPOy
BkTAvwZEjcwGRFrZBkQm5gZE4/IGRMD/BkR8DAdESRkHRHgmB0TjMgdEwD8HRHxMB0RJWQdE
JmYHRPNyB0TAfwdEfIwHRFqZB0QmpgdE87IHRMC/B0R8zAdESdkHRCbmB0Tj8gdEsP8HRI0M
CERJGQhEFiYIRPMyCESwPwhEjUwIRFpZCEQWZghE83IIRMB/CESNjAhEWpkIRBamCETjsghE
sL8IRHzMCERa2QhEFuYIRPPyCESw/whEfAwJRJsZCUQWJglE8zIJRLA/CUSNTAlESVkJRBZm
CUTjcglEsH8JRHyMCURJmQlEFqYJROOyCUTAvwlEjcwJRFrZCUQW5glE4/IJRLD/CUR8DApE
WhkKRBYmCkTzMgpEsD8KRHxMCkRJWQpEFmYKRONyCkSwfwpEfIwKREmZCkQWpgpE47IKRMC/
CkR8zApESdkKRCbmCkRm8wpEsP8KRHwMC0RaGQtEFiYLROMyC0TAPwtEfEwLRElZC0QWZgtE
83ILRMB/C0SNjAtEWpkLRBamC0TzsgtEwL8LRI3MC0Ra2QtEJuYLRPPyC0TA/wtEjQwMRFoZ
DEQmJgxE8zIMRMA/DETfTAxEWlkMRCZmDETjcgxEwH8MRI2MDERamQxEJqYMRPOyDETAvwxE
g80MRFrZDEQW5gxE8/IMRMD/DESdDA1EWhkNRCYmDUTzMg1EwD8NRI1MDUTtWQ1EFmYNRI10
DUTAfw1EfIwNREmZDUQmpg1E87INRMC/DUR8zA1Em9kNRCbmDUTj8g1EwP8NRI0MDkRaGQ5E
JiYORPMyDkTAPw5EIE0ORFpZDkQmZg5E83IORLB/DkSNjA5EWpkORBamDkTzsg5EsL8ORHzM
DkRa2Q5EFuYORPPyDkSw/w5EfAwPRFoZD0QWJg9E4zIPRLA/D0SNTA9EWlkPRCZmD0Tzcg9E
sH8PRI2MD0RJmQ9EFqYPRKezD0TAvw9EfMwPRFrZD0QW5g9EO/QPRLD/D0TvDBBESRkQRBYm
EETjMhBEsD8QRHxMEERJWRBEFmYQRONyEESwfxBEfIwQRFqZEEQWphBE47IQRLC/EER8zBBE
SdkQRBbmEETz8hBEsP8QRHwMEURJGRFEJiYRROMyEUSwPxFEfEwRRElZEUQWZhFE43IRRLB/
EUR8jBFESZkRRBamEUTjshFE8b8RRHzMEURJ2RFEFuYRROPyEUSw/xFEfAwSRGoZEkQWJhJE
4zISRLA/EkR8TBJESVkSRHhmEkTjchJEwH8SRI2MEkRJmRJEN6YSRPOyEkTAvxJEjcwSRFrZ
EkQm5hJE8/ISRLwBE0SNDBNEWhkTRCYmE0TzMhNEwD8TRI1ME0RaWRNEJmYTRPNyE0TAfxNE
jYwTRFqZE0QmphNE87ITRMC/E0R8zBNEWtkTRCbmE0Tz8hNEsP8TRI0MFERJGRREJiYURPMy
FESwPxREjUwURFpZFEQWZhRE83IURMB/FESNjBRET5oURCamFEQUsxREwL8URI3MFERa2RRE
JuYURAr0FEQYARVEjQwVRFoZFUQmJhVE8zIVROE/FUR8TBVEWlkVRCZmFUTjchVEwH8VRI2M
FURamRVEJqYVROOyFUTAvxVEjcwVRHrZFUTK5hVE4/IVROH/FUR8DBZESRkWRCYmFkTzMhZE
sD8WRHxMFkRaWRZEFmYWRPNyFkTAfxZEjYwWRFqZFkQWphZE47IWRLC/FkSNzBZESdkWRBbm
FkTj8hZEsP8WRHwMF0RJGRdEJiYXRPMyF0SwPxdEfEwXRElZF0Q3ZhdE83IXRMB/F0R8jBdE
WpkXRBamF0TjshdEsL8XRHzMF0Ra2RdEFuYXROPyF0Sw/xdEvgwYREkZGEQWJhhE4zIYRMA/
GER8TBhESVkYRBZmGETzchhEwH8YRHyMGERamRhEJqYYRPOyGESwvxhEfMwYRFrZGERH5hhE
uPMYRLD/GESNDBlESRkZRBYmGUTjMhlEwD8ZRHxMGURJWRlEN2YZRONyGUTAfxlEMY0ZREmZ
GUQmphlE87IZRMC/GUS0zRlEWtkZRCbmGUTz8hlE0P8ZRI0MGkRaGRpEJiYaRPMyGkTAPxpE
jUwaRFpZGkQmZhpECnQaRMB/GkSNjBpEWpkaRCamGkTzshpEwL8aRI3MGkRa2RpEJuYaRPPy
GkTA/xpEjQwbREkZG0QWJhtE4zIbRMA/G0TvTBtESVkbRCZmG0TzchtEQ4AbRI2MG0RJmRtE
FqYbROOyG0RDwBtEjcwbREnZG0Qm5htEbPQbRMD/G0SNDBxESRkcRCYmHETzMhxEsD8cRI1M
HERaWRxEJmYcRPNyHETAfxxEfIwcRFqZHEQmphxE87IcRMC/HER8zBxErNkcRBbmHETz8hxE
sP8cRI0MHURJGR1EJiYdRPMyHUSwPx1EfEwdRElZHUQmZh1E43IdRMB/HUR8jB1ESZkdRBam
HUTjsh1EwL8dRHzMHURa2R1EJuYdRPPyHUSw/x1EfAweRJsZHkQWJh5E4zIeRLA/HkR8TB5E
SVkeRCZmHkTjch5EsH8eRO+MHkRJmR5EeKYeRPOyHkTAvx5E38weREnZHkQW5h5E4/IeRLD/
HkR8DB9ESRkfRBYmH0TzMh9EsD8fRHxMH0RJWR9EJmYfRONyH0Swfx9EfIwfREmZH0SZph9E
47IfRLC/H0R8zB9ESdkfRCbmH0Tz8h9E</AssayXData><AssayYData Points="600">fs1cP608aD8bD2w/Zn9uP8pnbz9hh3E/xrNxP0UGcT/zXnA/9QlwPzkqcT9tlXA/411wP9j0
bz9hy3A/avZvP8kCcD/g9XA/9O1vP+IhcD/Qy24/FDhwP8b2bz973G8/8CNvP9JZbz8QWm8/
JNVvP1/sbz9Sr24/03ZvP/3Vbz+m0W8/8GFwP64TcD9E/G4/KlRvPxozbz+3zG8/HyBvP8UY
cD+uGm8/J/1wP82fbz/Ujm8/KetuP1etbz+EZG8/J6xvP0j4bj/gA3A/EOdvP2RHcD/YZW8/
qgxvP/jQbj/Sl28/QP1vP4KPbz8AiG8/v/9uP3nxbz9epXA/7GtwP9LmcD/9FHA/T2JwP/8D
cD/7QW8/c6ZvP/uzbz+7bXA/9DNwPy77bz8+tnA/JXZwP1EPcD/EunA/ApJvP68IcD94g28/
4wBwPwticT/HF3A/35lwP24McT+ieXE/ZAdxPwE1cD/N7HA/+jxwP7W1cD9chXE/k9JwP2l3
cT8rSnE/ba9wP2BEcT+2LnE/E6hxP8A2cT8zLnE/nOtxPxkOcj9AqHA/bO9wP2lccT+jt3E/
BBBxPyhkcT+x5XI/KdByP0cFcT8KSHE/GqhxPzvLcj9BFnI/PJhyPxdRcj/rSHI/eFlyP1Hs
cT/H7HE/N7FxP7tecj9tjXE/lItyP5e7cj9jD3M/RgVzP2qOcj/4pnI/Tn9yP+wOcz9EoHI/
hypzPwY1cz/tfHI/IV1zP9c8cz+HdnI/xOxyP7EJcz+ponM/nYZyPxSZcz9CjXQ/aDpzPyIc
cz9YM3Q/rBVzP77Ocj8xwHI/wCd0PyasdD+uPHM/0cpyPw8bdD/5tXI/qgx0P4Lfcj8/23Q/
6jRzP9l7cz/EwnI/xo50P7Kwcz+9JnM/j8BzP57EdD9MvnM/+Vd1P/CwdD+II3Q/Nph0PwRY
dD/GmXQ/spR0P/C1dD+v/3Q/zihzP4B9dD+KxHQ/WiJ0PymTdT+VxXQ/xiN1P/MidT9RmnQ/
82V1PxlJdT/bAXU/vIF2Px2tdD9FMXU/cwJ2P664dT8hinQ/+kp2P7vQdT92gXU/+pF1P5PX
cz+wYnY/Opd1PztudT+Va3Y/l+h1P7budT8CmHQ/PCt2P2FFdT/FfnY/eDN2P85mdT/LgXY/
v0Z2P8sHdj96Inc/KxB2P7SFdj9jUHU/2WN2P/rEdT+6UXY/31x3P4Zddj8AdXc/JWh2P4TR
dj+elXY/UWp2P2AWdz+ESHc/4cN3P+isdz+5WXc/yU92P4Fcdz+zq3c/W2J3P4/fdz9GL3g/
zjp3P7APeD+H1nc/MPd2P5jRdj+xmXc/NRV4PwJ0eD93TXg/3gR4P91QeD+AC3k/XT93P74E
eD9dung/2eJ3P0Q0eD9BjXc/bNt4P0rLeD8JDXc/vox4P4ISeD99ang/LY14P36beD8oOXk/
z853P8h/eD8cpHg/aix4PxuseD+rW3k/1Lp5P4Xwdz9FPXk/mqV5P5tgeD+AO3k/uDR5P4ZZ
eD9wvng/fV95P7MTeT+VgHk/Bbx5P8QneT9fSHk/qvV5P7iNeT9Cl3g/EFJ5P+XceD9Ipno/
NZl5PxVBeT/nZ3k/KrB5P9K4ej9Yq3k/lix6P3+QeT+w3Xk/6ip5PwyWeT+ySHo/2KZ5P4xN
eT9FaHs/5Rd7PxdveT/p+Xo/qUJ5P7RdeT9alnk/yPJ6P5t3ej9pDns/VYx6PxW/ez9DZ3o/
AP95P8SxeT+iyHk/ucd6PwUZfD+dz3o/4+N5P8TGez89g3s/siV7P7ieez/7wXo/TDJ8Pywj
ez+ASns/EF57P0dbez/kXHs/puR6P0IvfD+UbHw/YVZ7P045ez9h/ns/tU57P6qDez96fnw/
Kip7P4Cvez/DKHs/PF19P39mfD9DBHw/OEl8P3hKfD8EKH0/FDx8PwtffD9U5nw/qsV7Pwtg
fD8PMn0//BB+P1dpfD/b5Xw/ckt9P7OyfD8Rmnw/iF17Pzq7fT8X+Hw/EFl8P1hdfD81SX0/
d4h8P5dyfT+irHw/Zp99P1eOfT/bV30/GIp9Pw6gfD/J+nw/HQN+P8dVfT9/RX0/WAh9Px7w
fT+bQ30/1Id9P5owfj/lpHw/SDh9P1JVfj9mJX4/JPp9P9rUfT9zrn0/NPJ8P+tcfT8K034/
34N+Pxxyfj95Rn0/Y+V9P2TXfT/jT34/RWt+P9JGfz9Xs34/+sp8P5ccfj8vD34/uqZ9P/2n
fj89SH4/TaB+P5Dkfj+41H4/BSh/P1MBfj8FjH4/Qgd+P8q2fj8/KX4/DwuAPzc5fj/RIX4/
Ev9/Py9Pfj+1GX8/mNt+P+58fj/37X8/fOF+P77xfj+vm38/OPt/P32ffz9vWYA/5PF/P9x5
fz81/H8/eil/P4Nifz+9kH8/BPJ/P9pUfz/ZJIA/f9h/P5MOgD+kGoA/L2WAP3Yofz8In4A/
t6B/P6wpfz+hsn8/Jg6AP6IYgD/KNoA/PTyAP4ahgD/GI38/D9F/P/crgD97aIA/+XGAP4cV
gD9TgIA/NJGAP0D8fz9ADIA/UJaAPwregD+7zoA/v+iAPx00gD/3FIA/EfmAP3B2gD8gvYA/
Z32AP4zogD9mj4A/MmuAP8QogT8hjYA/DLWAP2TZgD8az4A/ySiBP2q5gD/5yoA/zueAPzCu
gD/36oA/BkuBP6YjgT9qwoA/rfCAPzEdgT8V4YA/dueAP2cmgT8L6YA/zwmBP2RggT/hxoA/
sfWAP36XgT/EeYE/vOmAPzhagT99YYE/V2WBP+8OgT+xpYE/X9uBPzJDgT9+R4E/KNiAP3uB
gT/vNoE/9nGBP9k8gT936YE/Mh2BP0O4gT9nC4I/WRCBP14Vgj8mmIE/bRaBP9YJgT+tZYE/
ysOBPxnjgT8kOYE/WJKBPxeWgT+GCII/JQuCP7O1gT8ysYE/a/CBP20Ugj+jn4E/NhuCP7R/
gT/xP4I/FuGBP60Tgj9+o4E/G56CP7wBgj+mVYE/VcSBPybHgT86CoI/d9yBP5v2gT+PLoI/
z+mBP2s6gj8kPII/W0eCPwoUgj/AS4I/lhCCP+49gj9UGII/iyOCP/qTgj+rYII/+L2BP8wY
gj+Rb4I/dY2CP4dfgj/YFYI/KzyCP6fdgj/pdYI/daGCP7Mxgj/acYI/RnGCP6Imgj8UvoI/
vzeCP8rSgj/aZoI/+KqCP6t2gj9mSoI/</AssayYData></Step></KineticsData></ExperimentResults>
