<?xml version="1.0" encoding="UTF-8" standalone="yes"?>
<ExperimentResults><ExperimentInfo Name="20250917 PE P5216 - 5377 plate 2 kappa 50 ugl"><ExpDescription>AHC example method - full characterization&#13;
Analyte titration series with reference channel</ExpDescription><RTDVersion>2.0</RTDVersion><RunID>D3453E7F-D910-462D-B051-2D13E2863725</RunID><ExperimentType>KINETICS</ExperimentType><ExperimentSubType>KBASIC</ExperimentSubType><StartDateTime>2025-09-17T15:27:33</StartDateTime><MachineName>BN7KX12</MachineName><UserName>octet</UserName><LotNumber></LotNumber><PlateName>250917</PlateName><PlateName2></PlateName2><SensorName>B1</SensorName><SensorPlate>1</SensorPlate><SensorType>AHC (Anti-hIgG Fc Capture)</SensorType><SensorRole>LIGAND</SensorRole><SensorInfo></SensorInfo><WritingSW>DataAcquisition.exe 11.0.2.1</WritingSW><InstrumentType>OctetRED96</InstrumentType><InstrumentSerial>FB-50284</InstrumentSerial><InstrumentFW></InstrumentFW><IntegrationTime>2.8</IntegrationTime><DSPType>CPF</DSPType><DSPStitching>1</DSPStitching><HasManifest>1</HasManifest><InfoHash>404921046</InfoHash></ExperimentInfo><AssayParamsInfo/><KineticsData><Step><CommonData><SampleLocation>1</SampleLocation><SampleID>Running Buffer</SampleID><SampleGroup></SampleGroup><SampleInfo></SampleInfo><SampleRow>B</SampleRow><SamplePlate>1</SamplePlate><WellType>BUFFER</WellType><Concentration>-1</Concentration><ConcentrationUnits>µg/ml</ConcentrationUnits><MolarConcentration>-1</MolarConcentration><MolarConcUnits>nM</MolarConcUnits><MolecularWeight>-1</MolecularWeight><Temperature>29.7</Temperature><StartTime>0</StartTime><AssayTime>180</AssayTime></CommonData><FlowRate>1000</FlowRate><StepType>BASELINE</StepType><StepName>Baseline 1</StepName><StepStatus>OK</StepStatus><ActualTime>180</ActualTime><CycleTime>0.2</CycleTime><AssayXData Points="900">AAAAAKjGSz4EVs4+mpkZP83MTD8AAIA/1XiZPzMzsz8IrMw/okXmPzvf/z/NzAxAmpkZQGZm
JkDRIjNAnu8/QM3MTECamVlABFZmQNEic0AAAIBANV6GQJzEjEACK5NA/KmZQM/3n0A1XqZA
nMSsQDMzs0CamblAAADAQDVexkCcxMxAAivTQGiR2UDP999AZmbmQM3M7EACK/NAaJH5QM/3
/0B9PwNBZmYGQYGVCUG0yAxB5/sPQRsvE0FOYhZBgZUZQbTIHEHn+x9BGy8jQU5iJkGBlSlB
zcwsQQAAMEEbLzNBTmI2QYGVOUG0yDxBGQRAQRsvQ0FOYkZBgZVJQc3MTEEAAFBBMzNTQWZm
VkGBlVlBtMhcQef7X0EbL2NBZmZmQYGVaUHNzGxBAABwQTMzc0FmZnZBmpl5Qc3MfEE9CoBB
mpmBQTMzg0HNzIRBZmaGQQAAiEGamYlBMzOLQc3MjEFaZI5BAACQQZqZkUEzM5NBzcyUQWZm
lkEAAJhBmpmZQTMzm0HNzJxBWmSeQQAAoEGamaFBokWjQc3MpEFmZqZB9P2nQZqZqUEzM6tB
wcqsQWZmrkEAALBBmpmxQScxs0HNzLRBZma2QQAAuEGamblBMzO7Qc3MvEFmZr5BAADAQZqZ
wUEzM8NBzczEQWZmxkEAAMhBjZfJQScxy0HBysxBWmTOQQAA0EGNl9FBMzPTQc3M1EFmZtZB
AADYQZqZ2UEnMdtBzczcQWZm3kEAAOBBmpnhQTMz40HNzORBZmbmQfT950GNl+lBMzPrQcHK
7EFmZu5BAADwQZqZ8UEnMfNBzcz0QWZm9kEAAPhBjZf5QScx+0HByvxBWmT+QQAAAELNzABC
mpkBQmBlAkItMgNC+v4DQs3MBEKTmAVCYGUGQjMzB0IAAAhCx8sIQpOYCUJmZgpCLTILQhkE
DELHywxCk5gNQmZmDkItMg9CEgMQQs3MEEKTmBFCYGUSQi0yE0L6/hNCx8sUQpOYFUJgZRZC
LTIXQvr+F0LHyxhCk5gZQmBlGkItMhtC+v4bQsfLHEKTmB1CYGUeQi0yH0IAACBCx8sgQg6t
IUJgZSJCMzMjQvr+I0IX2SRCk5glQmBlJkItMidC+v4nQsfLKEKTmClCZmYqQi0yK0IAACxC
zcwsQpqZLUJmZi5CMzMvQgAAMELNzDBCmpkxQmZmMkIzMzNCAAA0Qs3MNEKamTVCZmY2QjMz
N0IAADhCzcw4QpqZOUJmZjpCMzM7QgAAPEIQ2DxCmpk9QmZmPkIzMz9CAABAQs3MQEKamUFC
ZmZCQi0yQ0IAAERCzcxEQpOYRUJmZkZCRjZHQgAASELNzEhCk5hJQmZmSkIzM0tCAABMQs3M
TEKTmE1CZmZOQi0yT0IAAFBCzcxQQpqZUUJmZlJCMzNTQgAAVELNzFRCmplVQmZmVkItMldC
+v5XQsfLWEKTmFlCYGVaQjMzW0ISA1xCzcxcQpOYXUJmZl5CWDlfQgAAYELNzGBCmplhQmZm
YkItMmNC+v5jQsfLZEKamWVCYGVmQjMzZ0L6/mdCx8toQpqZaUJgZWpCMzNrQgAAbELNzGxC
k5htQmBlbkIzM29CAABwQsfLcEKTmHFCZmZyQjMzc0L6/nNCx8t0QpOYdUJgZXZCMzN3Qvr+
d0Ls0XhCmpl5QmBlekIzM3tC+v57QsfLfEKTmH1CYGV+Qi0yf0IAAIBCZmaAQs3MgEIzM4FC
F5mBQn3/gULjZYJCSsyCQrAyg0IXmYNCff+DQuNlhEJKzIRCsDKFQheZhUJ9/4VC42WGQkrM
hkKwModCF5mHQgAAiELjZYhCSsyIQjMziUIXmYlCAACKQulmikJKzIpCsDKLQheZi0IAAIxC
ZmaMQs3MjEKwMo1CF5mNQgAAjkJmZo5CYtCOQj81j0KamY9CAACQQmZmkELTzZBCMzORQpqZ
kUIAAJJCZmaSQs3MkkIzM5NCmpmTQgAAlEJmZpRCzcyUQjMzlUKamZVCqAaWQmZmlkLNzJZC
MzOXQpqZl0IAAJhCZmaYQs3MmEIzM5lCF5mZQn3/mUJmZppCzcyaQkY2m0KamZtCAACcQuNl
nELNzJxCMzOdQpqZnUJ9/51CZmaeQs3MnkIzM59CmpmfQgAAoEL2aKBCzcygQrAyoUKamaFC
ff+hQuNlokJKzKJCsDKjQpqZo0IAAKRCZmakQkrMpEIzM6VCF5mlQgAApkJmZqZCzcymQjMz
p0IXmadCff+nQmZmqELNzKhCMzOpQpqZqUJ9/6lCZmaqQkrMqkKwMqtCF5mrQgAArEJtZ6xC
SsysQrAyrUIXma1Cff+tQuNlrkJKzK5CMzOvQheZr0J9/69CZmawQkrMsEKwMrFCL52xQgAA
skLjZbJCzcyyQrw0s0KsnLNCff+zQuNltELNzLRCtjO1QheZtUJ9/7VC42W2Qs3MtkKwMrdC
F5m3QgAAuELjZbhCSsy4QrAyuUKamblCff+5QuNlukJKzLpCMzO7QheZu0KJAbxC42W8QkrM
vEKwMr1CF5m9Qn3/vULjZb5CSsy+QrAyv0IXmb9CAADAQuNlwEJKzMBCsDLBQheZwUJ9/8FC
42XCQkrMwkKwMsNCF5nDQuwRxELjZcRCSszEQjMzxUIXmcVCAADGQuNlxkLTzcZCMzPHQpqZ
x0J9/8dCIXDIQs3MyEIzM8lCmpnJQgAAykJmZspCzczKQjMzy0KamctCAADMQmZmzELNzMxC
MzPNQpqZzUKJAc5CZmbOQs3MzkIzM89CmpnPQn3/z0JmZtBCzczQQrAy0UKamdFCAADSQmZm
0kJo0dJCMzPTQpqZ00IAANRCmG7UQs3M1EIzM9VCmpnVQgAA1kLjZdZCzczWQrYz10KamddC
AADYQmZm2ELNzNhCMzPZQpqZ2UJ9/9lCZmbaQs3M2kIzM9tCmpnbQgAA3EJmZtxCSszcQjMz
3UKamd1CAADeQuNl3kJ71N5CsDLfQheZ30J9/99CeWngQs3M4ELJNuFCmpnhQn3/4UJmZuJC
SsziQrAy40KameNCff/jQuNl5EJKzORCsDLlQheZ5UJ9/+VCZmbmQs3M5kKwMudCmpnnQn3/
50LjZehCzczoQrAy6UKamelCBgHqQuNl6kJKzOpCsDLrQheZ60IAAOxC42XsQs3M7EKwMu1C
F5ntQgAA7kLjZe5CzczuQrAy70IXme9Cff/vQmZm8EJKzPBCsDLxQheZ8UIAAPJC42XyQkrM
8kIzM/NCF5nzQgAA9EJmZvRCSsz0QrAy9UKamfVCff/1QmZm9kLs0fZCMzP3QheZ90IAAPhC
42X4QkrM+EIzM/lCmpn5QgAA+kLpZvpCSsz6QrAy+0KamftCff/7QmZm/ELNzPxCsDL9QheZ
/UJ9//1C42X+QkrM/kIzM/9CF5n/QkIAAEMzMwBDZmYAQ5qZAENWzgBDAAABQzMzAUNmZgFD
mpkBQ83MAUMAAAJDMzMCQ2ZmAkOamQJDzcwCQwAAA0MzMwNDZmYDQ5qZA0PNzANDAAAEQ7w0
BENmZgRDmpkEQ83MBEMAAAVD8jIFQyVmBUOamQVDzcwFQwAABkPyMgZDZmYGQ5qZBkPNzAZD
AAAHQ/IyB0MlZgdDmpkHQ4vMB0MAAAhDMzMIQ2ZmCEOamQhDzcwIQwAACUMzMwlDJWYJQ5qZ
CUPNzAlDAAAKQzMzCkNmZgpDWJkKQ4vMCkMAAAtD8jILQ2ZmC0OamQtDi8wLQ77/C0PyMgxD
JWYMQ5qZDENQzQxDvv8MQzMzDUNmZg1DWJkNQ4vMDUO+/w1DMzMOQ2ZmDkOamQ5DzcwOQwAA
D0MzMw9DJWYPQ5qZD0PNzA9Dvv8PQzMzEEOuZxBDmpkQQ83MEEMAABFD8jIRQyVmEUOamRFD
zcwRQ77/EUN7NBJDJWYSQ1iZEkOLzBJDvv8SQ/IyE0MlZhNDWJkTQ4vME0O+/xND8jIUQ2Zm
FENYmRRDzcwUQ77/FEMzMxVDJWYVQ6abFUOLzBVDAAAWQzMzFkMlZhZDWJkWQ4vMFkMAABdD
/jQXQyVmF0NYmRdDi8wXQ77/F0M5NBhDJWYYQ5qZGEOLzBhDvv8YQ/IyGUMlZhlDWJkZQ83M
GUO+/xlDMzMaQ2ZmGkNYmRpDi8waQwAAG0PyMhtDJWYbQ1iZG0PNzBtDAAAcQ3UzHEOoZhxD
mpkcQ83MHEMAAB1DMzMdQzdpHUOamR1DzcwdQwAAHkMzMx5DZmYeQ5qZHkPNzB5DAAAfQzMz
H0NmZh9DmpkfQ83MH0NIASBDMzMgQ2ZmIEOamSBDzcwgQwAAIUMzMyFDZmYhQ1iZIUPNzCFD
AAAiQzMzIkNmZiJDmpkiQ83MIkMAACNDMzMjQzFoI0OamSNDzcwjQwAAJEMzMyRDwWokQ5qZ
JEPNzCRDAAAlQzMzJUNmZiVDmpklQ83MJUMAACZDzzcmQ7RoJkOamSZDi8wmQwAAJ0PyMidD
JWYnQ9uZJ0NWzidDAAAoQ/IyKENmZihDWJkoQ4vMKEO+/yhDMzMpQ2ZmKUNYmSlDzcwpQ77/
KUMzMypDZmYqQ1iZKkOLzCpDAAArQzMzK0MlZitDWJkrQ4vMK0O+/ytD8jIsQ2ZmLEOamSxD
i8wsQ77/LEMzMy1DZmYtQ5qZLUOLzC1Dvv8tQ/IyLkNmZi5DmpkuQ4vMLkMAAC9DMzMvQ2Zm
L0Phmi9DzcwvQ77/L0PyMjBDK2cwQ1iZMEPNzDBDvv8wQ/IyMUMlZjFDmpkxQ4vMMUMAADJD
MzMyQyVmMkOamTJDzcwyQ2AFM0PyMjNDJWYzQ1iZM0PNzDND</AssayXData><AssayYData Points="900">AAAAAEAOlDsnHFE71u2QOxNMrjup0P87hgPHO96WrzsGSQw8ZrrwOnKfiTv/H/A7xR4GPK7w
qzt6JwE8lQW4OzguqzpuCOM7ZHj6O92Gmjv48h48R2o8PIiEqTsAjOE7KSTlO9Zm1TuRWMg7
sqfhO5ChWDv+1UM7IYyvOiDCBDxQy5s70xbGO4KdKzuJmoI79/cOO3mYrTt0dZ07dcXiO34n
ojvEgOA76XiiOgg5BDwjWBK7dQ2TOwJ3WDuK4lI7DoBjOo/4sjsae1k7MNa/Oze10zs5/8A7
p126OZxSGTt6JoE70+0sO7PwCjvIOq47ljWMO837djt0Lgo7CmO2O4NO3LqTEWw7aph9O42/
aTumrrK47W4sOg4AuLqL00g7OkH+Oo4YJztDnCs7VcOxOoidornd8yc72Qr2utHlLzv/rsM6
ZgyiOzd/TDoT/CG6RlvjOqfTDDuyCM+4YYveOU29MzjT2Yo6AYMWO5WEqzsMTUg5Dz25OkWh
HzsWcd648PQLO/THkLqXaXY5DNTrOkshkrrX+pw7df+JOmv+Sbtkv0y7pTXnOoW0RrvQroC6
vduMOoUOljpoKoa6DyJAuYcdk7oWHxg6T6tkOmZZDDqpQIy7hUEHu8sxZ7slqOy6/fstu0Ry
bbsQTU+6NxgJuxH/D7tLxye73A+7uk+N+zrMPsW6pRIEOUSVIbsc6lu6v1C3OZ+QsbsPDFu7
+Gfqul4koru4EVe6oz4WOu2Sgrn6Af25T3zCORQseLukmFi60k4wu0tDA7uVNT6708GmOREQ
i7s2vIC7wbEduzunHLvKhTa7+/x3u1pSCbuw77a7rtmYu2d9Ors9Eza7Q43GuxWJMLpCNJe7
6l+uu1Fvqrur77+7lZq2u0M1yroZd8u7bbWDu7pvRbusooe7dBSPu+eirLtdk6S7BIywuyUe
j7sBE9i7P4fPu5yh/bsUXp67x2aPuyNGhbtu3hu7UzWPu1Adt7uPRZi7fyO7u0h3Lrvnv8a7
/Tl4u8B8DLw7mUe7cDgeu/ZMjLpZ8Oy7gSmfu+5KkbtD7mK7EYffu+arvLuWFrm6pTW6uxaF
Q7vk7Ee704Usu8Ycl7sXdP+7GE8Zu7lRDryW8ba7LaSLOqNGBbz0yJK7UzXsu7Um8bvRDIu7
mPDKuwBrYLvYVwS8aWoCvK7HwbtgCMS7idofvLxWCbwdvqO7U/MUvNnhurt4Fq+7inK3uzDM
FrwXydK7Ykb/uzO6bLuzNSe8rSrru8b+yLvFfqu7Pj7+u1dJ47u42wC8yW7Hu/IV9Lv/7Q28
7ujau6ALArzDcNC7BnDOuy6Z8LskLsi7iprdu5CkFLyE3Oi7S9oIvPHQz7vtAy68OEYqvMVU
7rtcKBW8aJUwvMlsI7yKny+8O+85vBRILLzQS1i7ydA5vFjyA7wUzuW7rvSru/GMErzGvZ+7
1QgSvLmiI7yOz0G8Pz4WvJw317u1z/K7oT4DvMxOprv9Dd27Pj63u6ltOrzEyjG8JfUhvFYt
IrwW3AO8D81BvEbcMLzHYwq8WOspvHM1qbtSQ0m8/NUxvLieF7wFwx28Z/QbvCHIRbyAfBe8
DB/+u7XLALyzuwu8W4cZvANPP7zlSTq87P4nvJliO7wIgVq8HQ9nvAmwMbxZmgu82/j/uz1M
Hbxz5hm8DnDtux0I+Luw/zK8gmczvJcjP7wcZii8QrtTvAZNRbybtku8qgQ1vEM2Lby5viu8
kFsEvD2aDLxXmzi8BtM6vMnrPLw+7VW8vwdPvLBdf7zcMUm8vcMkvAu4C7x0JD68zWAavAfr
Kbzy/j+8kaUpvKbRObybzQi8v8ItvE1kPLxkgUC8Ma8YvP3yc7xwmh68T5EfvAD6ErzFFSq8
hvw+vFPz7LtFBGa8K3BOvHx+GrwjJW68MDtMvOw9T7wxvSO8rxZMvM0bZrw/0yC8F1RxvJjd
Y7zP6H28v69uvEHnX7xIzGO8jRstvNGHMrzF8168ytVmvDHJQbwJ5YO8+a9lvCJRarzZWYK8
51JDvEcuKLzNtoO81X9NvEmLBrwMtT68gfprvJdbLrw/Q1e8zHVnvF0IV7wZ9xK8kG46vHdC
Y7yl53u8gcwhvMIAULy4l2C8iRJCvHeCS7wZqiO8t5ZYvASvUbzloIW8a1QUvODSULybXzq8
iIJDvHs4WLxHmDG8Z4NSvIVMILx9Bjm8dyA8vF6wcLxk+X+8SdtHvGHUULw0MG+8RoNOvAra
arwEvCK8hdswvPK6kLyHFzy8+g9YvA3Wj7wKhjS84jpIvE6IS7y/LmC8VxNsvFmTS7w4O3+8
cIk/vGodiLyubUu8n5BYvCZBg7xM/Fm8gKZsvBk5XLzZDia81Q9kvPMxWLyHTlG8P15VvGZ8
irzVJG+80lNkvL4GgbwizIu8f9CHvOi3hLyox4e8KJpavJX/hrzTM0W8Q79ovKPVLLxFmUq8
dO+OvMkNT7y+UXq8r9V1vMsuVry/3my8bp5RvALxjLwrNFe80sF2vP7lkrzme4m81e+EvCkS
irzZ/nS8Y9iSvJR2V7zfC168mYF7vD0uf7zdfV288RB7vI9Ogbxlnma8bIdyvFGAc7xIxGO8
pjGmvGMgZbz60IS845uGvDLCVbzl81K8H4tkvJdUbLywRY+8aOiIvH8GXrwVTou82fWYvLVR
lLz7AH+8gjmavCUsZrwxIFS8romPvOQRfbzEL3W8xfBYvCHbkLzpQoa8aYSDvMqkYLz5IYK8
4d+SvFL7fbw3eYC8Ug+EvLu6n7xEwo68OyKcvH9EbbzuOIC82vOEvLGsfrwCFHG8SaSNvMNR
orzN9qa8ndKsvIzoqbyISJ68O2aQvN5hhbz8FI285R14vPYAkLyf5nC8uDGMvBPzlLyUS5O8
mwaGvEf3krzmUnK8caSLvM66hry5YZe89l2gvCMGhLxkiXq8NFmYvBBuZ7yG65+8/eKkvPjw
jrzBUJu8lWSEvLBjVrxYu4m85ZR6vL1ClrzEsHG8JnWHvChWm7wsrIi8njaNvE+ljLwVJIy8
+QqnvLopXryFzXq8x9SJvCQZhbzjxJa8ugqOvPj+k7wSAbW8bkiLvMGdiLwSmKK8INKVvN4z
hLxIOIK88w6HvNCWuLzwA3K8JxKrvJVYlbwUVY+8PeyNvD5IoLyIOZe8EXCVvPB2jrx/eIS8
SfqBvKX/vbxMTqC8NMCXvEJpnbwobpi8cSebvLxplryuHa28qW+WvDtwjby7TIW8KRaUvHiz
krx17aG8RmuEvATHoLxGiJO8m4KuvNlsZLwed6q8hVW1vH/rn7z8UKG80iehvHkFlbxESLe8
NeqCvMNkh7wE6o+85VWLvIzqprzcWIS8Y21+vO3xnryLkqa80bievHq+oLzlcKe8xrmVvM6J
wLzsHLC8NBqcvHpenbxkoay86DOVvBAKr7wZMKW8Ql6yvC5kw7yXlqq8NQWvvM63s7x+Kqa8
Sfy3vFLlo7zJOa28fc+kvDh+srw07au8cASWvK3ukbwLuYm8OL2gvLhqtrzmHKe8s2ivvP5w
sLy465+8Ry+uvGk3orzcW5q8fJ6ivHgbjbx9UaC8+gGevIwcp7wZ+428PJu9vOVBnrxM9au8
H4B9vM3ai7xgJ5C8acuwvJXbobyrvJ28baS7vJD3przNUam8x4mgvGTMqrwBnKK87km4vMMa
o7zmP5i84bK3vO7Jr7ykjL689cqZvEFApbw91qq8FE6svPVYnbyrvKu8ZBWivLSlp7zA4rK8
LhyzvNcGw7xOL7W8Zq3IvJXVorx3fJO8OTCtvLYunLwRQLe8HIanvEikj7xK1qO8jEapvNvW
tbyeTaa8nXrNvADNxrzv+aG8CrnCvPTxvLwEnrK8LfHYvE2cwryLI6+8xGayvI0gn7xN4Ki8
nGG8vL8Pw7x+R6e8z9+0vAsvlrxqLJa84oWhvHcstrwUzpm8BLatvCqexbzoM628zDSsvBA8
ubwCKaO8jmTDvHl/vbwEHr68smOovC4nrrwIZai8ovfFvBFBpLyfMKm8LxynvF7nvrwPnbS8
QFidvGzsl7zAIca8iYm0vLArpLzemq+8t2elvHacubx8orq8OMqcvD8Nl7zpE768dWC3vKh6
tLy/eqW8GfCmvNUHubw61K68TVrHvJr+ubwuVrm8iRi3vI88uryeUrq8xpusvGfLy7wMwce8
aky9vEhZt7wNUKG8EQ3LvDUPprxeqbi8LJG2vILhvbzHO6O8fsOxvJiAzbz+IdG8YgG/vJJM
s7ySkqe8ZOXAvP3qvrzUasa8MPKWvGeTpLzk29C8KN28vK8Wq7wKzb68IXDWvNU/w7zC5ra8
U7/AvKCa37z50p+85CCrvB7ds7xlkqy878SMvFrp0rzcgKy8ENfEvNA3xrzmEMC8M5bfvNtL
rbzxc5y8/rCsvOGk0LwYDrK88wrRvKOGuLxM9d28IVewvGa2rbxD47e8Z8GivDkyw7yHQaO8
TYTCvGkS2bwG8da86t25vCfiwrzq26O8XjfVvMQMvrwQ89e8g7fSvD0HybwLeti8fHHBvDxW
ybyb0LO8GEPRvAG7zbzLWJ+8rSPavPYhw7y3lba8rc/CvAzmwLx7U+O8rfG0vHgZ1bzm+MW8
B3jFvExzmrzVGNO8nT7AvDmA3rw4kdG8AoPnvA7Psry5J7+8k1rHvMIB07weZrG8Wh2vvDGu
ybxD87y8QJe+vCr8vrzFOua8knervDmXyLwMYrm8DaG+vGr7sLy3F7S8N8jMvIXkqbxvd8G8
wm6kvIub1Lw0jda8iNr2vABBybwgkqG830i2vJPS07ygPbS8</AssayYData></Step><Step><CommonData><SampleLocation>2</SampleLocation><SampleID>10mM Glycine pH1.7</SampleID><SampleGroup></SampleGroup><SampleInfo>or other Regeneration solution</SampleInfo><SampleRow>B</SampleRow><SamplePlate>1</SamplePlate><WellType>REGENERATION</WellType><Concentration>-1</Concentration><ConcentrationUnits>µg/ml</ConcentrationUnits><MolarConcentration>-1</MolarConcentration><MolarConcUnits>nM</MolarConcUnits><MolecularWeight>-1</MolecularWeight><Temperature>30.1</Temperature><StartTime>207922</StartTime><AssayTime>20</AssayTime></CommonData><FlowRate>1000</FlowRate><StepType>CUSTOM</StepType><StepName>condition</StepName><StepStatus>OK</StepStatus><ActualTime>20</ActualTime><CycleTime>0.2</CycleTime><AssayXData Points="100">AAA0Q/IyNEMlZjRDAKA0Q4vMNEMAADVD8jI1QyVmNUOamTVDi8w1Q77/NUMzMzZDqGY2Q1iZ
NkOLzDZDvv82Q/IyN0MlZjdDWJk3Q4vMN0O+/zdD8jI4QyVmOENYmThDi8w4QwAAOUPyMjlD
JWY5Q1iZOUPNzDlDAAA6QzMzOkNmZjpDmpk6Q83MOkMAADtDMzM7Q2ZmO0OamTtDzcw7QwAA
PEPyMjxDZmY8Q5qZPEPNzDxDAAA9Q/IyPUNmZj1Dmpk9Q83MPUMAAD5DMzM+Q2ZmPkNYmT5D
zcw+Q77/PkMzMz9DZmY/Q5qZP0PNzD9DAABAQzMzQENmZkBDmplAQ83MQEMAAEFDMzNBQ2Zm
QUNYmUFDzcxBQwAAQkMzM0JDZmZCQ5qZQkPNzEJDAABDQzMzQ0NmZkNDWJlDQ4vMQ0MAAERD
MzNEQyVmREOamURDzcxEQwAARUMzM0VDJWZFQ5qZRUPNzEVDvv9FQ/IyRkNmZkZDWJlGQ83M
RkO+/0ZD8jJHQyVmR0OamUdDzcxHQw==</AssayXData><AssayYData Points="100">jlh6vtLpW76aTEi+OSo7vrjJNb7ReTC+N8kvvtlEL7516zO+J7w0vmuGN75h7zu+h9VCvo6r
R76So0e+lXdPvqB2Tb5VIVW+iF5YvvfyV75BGFy+Gj9hvh8wYb4O6WK+vd1gvhXNZL7yT2i+
1flsvsOSbb4G8HG+sft1vkHrdL5qGXO+7754voI4dr5X3n2+pI98vl9sgL7EwIG+v5WAvnwk
gr4XP4S+uCKFvsi1hL56noO+MMiFvsz1hb4APIm+JumHvkbRib4R7Im+FOyIvut/jb7tYo2+
6LOKvhI6jb5lYY2+aCyQvjg/kL6k1Y++6LqRvvrwkL49WpG+2pCSvqZnk76JBJO+kKuSvr6a
lL61SZS+aZGXvs6glb5LNJa+fi+ZvmIYl75+9pa+HM2Xvp5jmb7tN5q+KouavjArmr4hwJu+
5QydvvEanr5r5Jq+h/6cvqQuoL6lhJ6+e6efvtyxnr4yG6G+8peevtMXor4Oz6C+VcqhvsrG
n77foqK+3lGjviKeor6kNqW+232jvg==</AssayYData></Step><Step><CommonData><SampleLocation>1</SampleLocation><SampleID>Running Buffer</SampleID><SampleGroup></SampleGroup><SampleInfo></SampleInfo><SampleRow>B</SampleRow><SamplePlate>1</SamplePlate><WellType>BUFFER</WellType><Concentration>-1</Concentration><ConcentrationUnits>µg/ml</ConcentrationUnits><MolarConcentration>-1</MolarConcentration><MolarConcUnits>nM</MolarConcUnits><MolecularWeight>-1</MolecularWeight><Temperature>30</Temperature><StartTime>233716</StartTime><AssayTime>20</AssayTime></CommonData><FlowRate>1000</FlowRate><StepType>CUSTOM</StepType><StepName>condition</StepName><StepStatus>OK</StepStatus><ActualTime>19.999</ActualTime><CycleTime>0.2</CycleTime><AssayXData Points="100">AABIQ/IySEMlZkhDI5tIQ4vMSEMAAElDMzNJQyVmSUOamUlDi8xJQwAASkPyMkpDJWZKQ1iZ
SkOLzEpDAABLQ/IyS0NmZktDWJlLQ83MS0O+/0tDMzNMQ6hmTEOamUxDzcxMQwAATUMzM01D
ZmZNQ5qZTUPNzE1DAABOQzMzTkNmZk5DmplOQ83MTkMAAE9DMzNPQ2ZmT0OamU9DzcxPQwAA
UEMzM1BDZmZQQ5qZUEPNzFBDAABRQzMzUUMrZ1FDmplRQ4vMUUMAAFJD+DNSQ2ZmUkOamVJD
zcxSQwAAU0MzM1NDZmZTQ1iZU0PNzFNDvv9TQ/IyVEOoZlRDmplUQ83MVEMAAFVDMzNVQ2Zm
VUOamVVDzcxVQ77/VUMzM1ZDZmZWQ5qZVkOB1VZDywFXQzMzV0MlZldDmplXQ83MV0MAAFhD
MzNYQ2ZmWENYmVhDi8xYQ77/WEM5NFlDJWZZQ5qZWUPNzFlDvv9ZQzMzWkNmZlpDmplaQ83M
WkO+/1pD8jJbQyVmW0NYmVtDi8xbQw==</AssayXData><AssayYData Points="100">te2nveNW+b1VqQ++ObgOvv5pE74Z6xG+GIsRvkrpEr6MCxC+iRcNvk0PC74imgu+EiIGvo0F
CL5Cowe+jOQFvk5RAL4XCAG+xHgBvi4DAr4xZAC+x8/4vdW+/b38U/q91fL3vS1z/L3VY/a9
osv3vcmD970+pve9mW3zvXt5770/6vG9jAj4vUKF8r0KjvG9LrXsvTn/6b3Nqey9dEfovYN+
670KUPG9RG7tvaZu6b3CiOC9BSPvvWGG7L3mFeS9hX3vvQ3L470GNuy9vGfqvRZc3729Y9q9
P+TgvUU47r1Yfty9FLngvXi4471En+W93kbqvWef4b2JXNu9JjTgvRnE4L0sAeC9msTfvaEZ
4r0pndq9tqviveAq4r2eG929d3XovaXt2b0G2Ny9rfjcvV42471aFNu9qR3evVZn2b3kldy9
4yvVvbYh1r1AgNK9oqLdvXUn3L2qmNe9ScjWvXiYzr3o39e9QZvXveT22b0GB9i9xXjavcKT
0L1829W9mkTbvWY31L1u/tm92ojUvQ==</AssayYData></Step><Step><CommonData><SampleLocation>2</SampleLocation><SampleID>10mM Glycine pH1.7</SampleID><SampleGroup></SampleGroup><SampleInfo>or other Regeneration solution</SampleInfo><SampleRow>B</SampleRow><SamplePlate>1</SamplePlate><WellType>REGENERATION</WellType><Concentration>-1</Concentration><ConcentrationUnits>µg/ml</ConcentrationUnits><MolarConcentration>-1</MolarConcentration><MolarConcUnits>nM</MolarConcUnits><MolecularWeight>-1</MolecularWeight><Temperature>30</Temperature><StartTime>259400</StartTime><AssayTime>20</AssayTime></CommonData><FlowRate>1000</FlowRate><StepType>CUSTOM</StepType><StepName>condition</StepName><StepStatus>OK</StepStatus><ActualTime>19.999</ActualTime><CycleTime>0.2</CycleTime><AssayXData Points="100">AABcQ7AyXEPjZVxDWJlcQ0nMXEO+/1xDsDJdQ+NlXUNYmV1Di8xdQ3z/XUOwMl5DJGZeQ1iZ
XkOLzF5Dvv9eQ3o0X0MkZl9DWJlfQ4vMX0O+/19D8TJgQyRmYENYmWBDi8xgQ77/YEPxMmFD
JGZhQ1iZYUOLzGFDvv9hQ/EyYkMkZmJDIptiQ4vMYkO+/2JD8TJjQyRmY0NYmWNDi8xjQ77/
Y0PxMmRD6WZkQ1iZZEOLzGRDvv9kQ7AyZUMkZmVDWJllQ0nMZUMGAWZDsDJmQ+NlZkNYmWZD
i8xmQ3z/ZkPxMmdD42VnQ1iZZ0NJzGdDvv9nQ/EyaEMkZmhDFploQ0nMaEO+/2hD8TJpQ2Zm
aUMWmWlDi8xpQ77/aUPxMmpD9WhqQ1iZakNJzGpDvv9qQzMza0MkZmtDWJlrQ4vMa0N8/2tD
UjhsQyRmbENYmWxDi8xsQ3z/bEOwMm1DJGZtQ1iZbUOLzG1DfP9tQ/EybkPjZW5DmZluQ1bO
bkN8/25D8TJvQ+Nlb0MonG9Di8xvQw==</AssayXData><AssayYData Points="100">SdvJvqZTuL4YTqe+1lmZvsxWkr5hEou++LiJvpaihb6/KYq+ZE6HvrsUib6bU4m+WGSLvuQD
i77JfIu+TG2Ovm4Gj75IY5G+N+GRviaykL4M3JO+EkWTvh4Zk75uPZa+GW+Wvihtl77Q95a+
5hCZvjz6mr547Zq+oL+ZvmAEm762TZy+JseevlISoL77b56+o6SevoR9n774np++QtihvqQl
or5TuKC+XUGjvoqEor7JSaK+WyqkvgZjo77LG6W+5PqlvtDFpb5Iv6S+yCuovrwip76iuaa+
OCKnviyRqb6K7qm+Km+qvksKqb6ljam+cX2pvtYtqr47MKy+iI2qvgyKrL6zYKy+zb2qvpkf
rr7FPa6+Wniuvm+mrr4Vcq6+WRuxvl7Crr45hrC+aHiwvkGLr77jUbG+CuyxvkWUsr5jHrC+
svizvlqms75eALO+8BC0vkCcs77/9rS+I+izvvDGtL5rpLS+3RO1vvIetb42oLa+c820vhiT
tr5uGba+yxm4vm3Ptr74kLi+1zq4vg==</AssayYData></Step><Step><CommonData><SampleLocation>1</SampleLocation><SampleID>Running Buffer</SampleID><SampleGroup></SampleGroup><SampleInfo></SampleInfo><SampleRow>B</SampleRow><SamplePlate>1</SamplePlate><WellType>BUFFER</WellType><Concentration>-1</Concentration><ConcentrationUnits>µg/ml</ConcentrationUnits><MolarConcentration>-1</MolarConcentration><MolarConcUnits>nM</MolarConcUnits><MolecularWeight>-1</MolecularWeight><Temperature>30</Temperature><StartTime>285059</StartTime><AssayTime>20</AssayTime></CommonData><FlowRate>1000</FlowRate><StepType>CUSTOM</StepType><StepName>condition</StepName><StepStatus>OK</StepStatus><ActualTime>20</ActualTime><CycleTime>0.2</CycleTime><AssayXData Points="100">vv9vQ/EycEPjZXBDFplwQ4vMcEOJAXFD8TJxQyRmcUMWmXFDi8xxQ3z/cUPxMnJDJGZyQxaZ
ckOLzHJDfP9yQ7Ayc0MkZnNDFplzQ4vMc0O+/3NDsDJ0QyRmdENYmXRDScx0Q77/dEPxMnVD
JGZ1QxaZdUOLzHVDfP91Q/EydkPjZXZDWJl2Q4vMdkN8/3ZDsDJ3Q+Nld0NYmXdDi8x3Q3z/
d0OwMnhD42V4QxaZeENJzHhDfP94Q7AyeUPjZXlDWJl5Q0nMeUO+/3lDsDJ6Q+NlekMWmXpD
Scx6Q3z/ekOwMntD42V7QxaZe0NJzHtDvv97Q/EyfEPjZXxDFpl8Q4vMfEN8/3xDsDJ9Q+Nl
fUMWmX1DScx9Q3z/fUOwMn5DJGZ+QxaZfkNJzH5DfP9+Q/Eyf0PjZX9DFpl/Q0nMf0O+/39D
WBmAQxIzgEOLTIBDRWaAQ99/gEOZmYBD8bKAQ6zMgENF5oBD3/+AQ3kZgUNUM4FDrEyBQ0Vm
gUPff4FDeZmBQxKzgUOszIFDReaBQw==</AssayXData><AssayYData Points="100">uE7NvZDHDr7zYx6+xOwnvj+vKL7BSCa+Y4Mnvha4Jr7XlSS+KNUlvtN8IL5dXx6+a/IcvnWp
Hr6kjBy+dWMZvhjeF75bYRm+a1AZvrkFFr4ZvRa+yh0VviRkFr5z6xG+3swWvoFBEb4n7RK+
awcSvmdWEL500hK+kqYPvq2kD76x/hK+MOcKvnTRDr7iRA6+Iu8NvqfaDb4eaw++ursLvh7f
C74+LA6+c6wKvtb+Db5iDw2+8+AOvmqgDr59HA2+UsgLviJ9Cr5SPwi+nlUKvksCDb7xHw2+
nx8LvlR+Cr55sQq+ZjoJvsi8Cb5oYwi+51EIvg4RBr5tKA2+QeMIvgmKCb7zdwe+lLoJvnYy
Cb6msAu+f5EIvn08Cr6O0gW+YZwGvtJmCr5zzQq+YmoGvjpxB77WFAm+HzwIvuILBr50dQa+
OvUIvkXqBL7SPAa+0aALvgSRBr4YgAe+t4ADvr7pBb61Awm+9bAEvtKvBr5KPAS+lR4Fvs3H
Bb4zFQa+gJgBvjI0CL6m4gS+PhMHvg==</AssayYData></Step><Step><CommonData><SampleLocation>2</SampleLocation><SampleID>10mM Glycine pH1.7</SampleID><SampleGroup></SampleGroup><SampleInfo>or other Regeneration solution</SampleInfo><SampleRow>B</SampleRow><SamplePlate>1</SamplePlate><WellType>REGENERATION</WellType><Concentration>-1</Concentration><ConcentrationUnits>µg/ml</ConcentrationUnits><MolarConcentration>-1</MolarConcentration><MolarConcUnits>nM</MolarConcUnits><MolecularWeight>-1</MolecularWeight><Temperature>30</Temperature><StartTime>310866</StartTime><AssayTime>20</AssayTime></CommonData><FlowRate>1000</FlowRate><StepType>CUSTOM</StepType><StepName>condition</StepName><StepStatus>OK</StepStatus><ActualTime>20</ActualTime><CycleTime>0.2</CycleTime><AssayXData Points="100">3/+BQ3kZgkMSM4JDrEyCQ0VmgkPff4JDeZmCQxKzgkOszIJDReaCQ9//gkN5GYNDEjODQ6xM
g0NFZoND33+DQ3mZg0MSs4NDrMyDQ0Xmg0O+/4NDeRmEQ/EyhEOsTIRDRWaEQ99/hEN5mYRD
ErOEQ6zMhENF5oRD3/+EQ3kZhUMSM4VDrEyFQ0VmhUO+f4VDeZmFQxKzhUOszIVDJeaFQ9//
hUN5GYZDEjOGQ6xMhkNmZoZD33+GQ3mZhkMSs4ZDrMyGQ0XmhkPf/4ZDeRmHQ/Eyh0OLTIdD
JWaHQ75/h0NYmYdDErOHQ6zMh0Pp5odD3/+HQ3kZiEMSM4hDrEyIQyVmiEPff4hDeZmIQxKz
iEOLzIhDJeaIQ9//iENYGYlD8TKJQ4tMiUNFZolDvn+JQ1iZiUPxsolDrMyJQ0XmiUPf/4lD
WBmKQ/EyikOsTIpDRWaKQ75/ikNYmYpDErOKQ4vMikNF5opDvv+KQ1gZi0PxMotDi0yLQyVm
i0O+f4tDWJmLQ/Gyi0OszItDReaLQw==</AssayXData><AssayYData Points="100">UFLivo1Y0L4UQsC+nUeuvlUjp77TbaG+vyKevtDdm74oQp2+4MqevhHknr6thqG+PFGivimK
or4oDqO+KLikvp9zpr7cNqa+JI6mvqLQp74M2ae+LlGrvqydqb6A4au+G52rvs8Zrb4Vr6y+
HuSsvm00rr6S1q++jkSwvnjlrr7r86++60uwvgYos74iVrK+4uyxvuKis741WbS+y9i0viCK
tb5RnrW+qvO1vhtatL65yba+zzy3vlQHt74CVbm+cLC4vnoVub7xG7q+1Pa4vmY/ur73qLu+
5S68vpWrur5vTby+vbO7vnsZvL7vILy+/3W8vtIBvb5D6r2+RgW9vnimvb4DWr6+Cbu9vtXx
vb5lV7++jbW/vvOhv76X2L6+qRTBvrn4wL5+1b++ervAvjlcwL4PJcG+PQjDvvwxw74ZbcO+
cK3Fvmplwb7/BsK+SITDvsnWw77imcS+h2bFvrw5xb4fLce+8FvFvpnGxL6jPsa+pBLGvqgp
xr4Ieca+F3/GvjzKx741l8e+KbPGvg==</AssayYData></Step><Step><CommonData><SampleLocation>1</SampleLocation><SampleID>Running Buffer</SampleID><SampleGroup></SampleGroup><SampleInfo></SampleInfo><SampleRow>B</SampleRow><SamplePlate>1</SamplePlate><WellType>BUFFER</WellType><Concentration>-1</Concentration><ConcentrationUnits>µg/ml</ConcentrationUnits><MolarConcentration>-1</MolarConcentration><MolarConcUnits>nM</MolarConcUnits><MolecularWeight>-1</MolecularWeight><Temperature>30</Temperature><StartTime>336683</StartTime><AssayTime>20</AssayTime></CommonData><FlowRate>1000</FlowRate><StepType>CUSTOM</StepType><StepName>condition</StepName><StepStatus>OK</StepStatus><ActualTime>19.999</ActualTime><CycleTime>0.2</CycleTime><AssayXData Points="100">3/+LQ1gZjEPxMoxDi0yMQyVmjEO+f4xDWJmMQ/GyjEOLzIxDReaMQ9//jENYGY1D8TKNQ6xM
jUNFZo1D33+NQ1iZjUMSs41DrMyNQ0XmjUPf/41DmRmOQxIzjkOsTI5DRWaOQ99/jkN5mY5D
ErOOQ6zMjkNF5o5D3/+OQ1gZj0MSM49DrEyPQ2Zmj0Pff49DeZmPQxKzj0ORzY9DCuePQ9//
j0N5GZBDEjOQQ6xMkEMlZpBD33+QQ1iZkEMSs5BDrMyQQ0XmkEPf/5BDWBmRQxIzkUOLTJFD
RWaRQ99/kUNYmZFDErORQ6zMkUNF5pFDQQCSQ1gZkkPxMpJDrEySQ0VmkkPff5JDeZmSQxKz
kkOLzJJDReaSQ77/kkN5GZNDEjOTQ6xMk0NFZpND33+TQ3mZk0MSs5NDi8yTQ0Xmk0O+/5ND
mRmUQ/EylEOsTJRDJWaUQ99/lEN5mZRDErOUQ6zMlEMl5pRD3/+UQ1gZlUPxMpVDi0yVQ0Vm
lUODgJVDWJmVQ/GylUOszJVDJeaVQw==</AssayXData><AssayYData Points="100">tnfvvUzpHr4ggy6+6nM1vsXWNb6mpzm+RjUzvko0Nr62lDO+52QyvisvNr40ZTC+154yvgPY
KL6J+i6+JbMtvrutLb6iSSm+uZspvkoRKL4qcSi+z7ApvrKFIr4EmCa+OG4lvryIKL7T/Ca+
uo4kvuoMJr75Bia+FBQgvuoUJb4ExyO+xPgkvlZPIb5ECCS+MzclvqOfIb4X8x2+Op4gvi5i
IL4B8B6+nXMcvkMnG77beh++p6IdvpzyI77OlBy+438dvm0ZH76ppSC+9PsZvn9bHr6XCRy+
j+0evpRRHb42JB++aWgevr+dHb4VCxq+W2wcvv5dGL6gCxy+fgYYvvP/GL67yBq+GtkYvlc4
Gb7Sphu+O+kavkY6F76NfRq+qX8Xvo57GL6xxBi+e+Qavpt2Gb5I+hi+d24bvquwGr6HfBu+
gMcavlCfGb5N0Bm+Kx0ZvoYXGL4PYRm+nvkYvjLoFb46zxe+GoMZvn9gF761cRa+tlgYvgDd
Fb6WyBa+vEoVvik7Er7Hsxq+DvQXvg==</AssayYData></Step><Step><CommonData><SampleLocation>3</SampleLocation><SampleID>Running Buffer</SampleID><SampleGroup></SampleGroup><SampleInfo></SampleInfo><SampleRow>B</SampleRow><SamplePlate>1</SamplePlate><WellType>BUFFER</WellType><Concentration>-1</Concentration><ConcentrationUnits>µg/ml</ConcentrationUnits><MolarConcentration>-1</MolarConcentration><MolarConcUnits>nM</MolarConcUnits><MolecularWeight>-1</MolecularWeight><Temperature>30</Temperature><StartTime>362671</StartTime><AssayTime>120</AssayTime></CommonData><FlowRate>1000</FlowRate><StepType>BASELINE</StepType><StepName>Baseline 120</StepName><StepStatus>OK</StepStatus><ActualTime>120</ActualTime><CycleTime>0.2</CycleTime><AssayXData Points="600">v/+VQ1kZlkPyMpZDjEyWQyVmlkOef5ZDOJmWQ9GylkNrzJZDBeaWQ57/lkNZGZdD0TKXQ2tM
l0MFZpdDnn+XQziZl0O3s5dDa8yXQyXml0O//5dDOBmYQ/IymENrTJhDBWaYQ55/mEM4mZhD
8rKYQ2vMmEMl5phDv/+YQ1kZmUPRMplDa0yZQwVmmUOef5lDOJmZQ/KymUNxzZlDJeaZQ57/
mUM4GZpD0TKaQ2tMmkMFZppDv3+aQziZmkPysppDa8yaQwXmmkOe/5pDWRmbQ9Eym0NrTJtD
JWabQ55/m0M4mZtD0bKbQ2vMm0MF5ptDnv+bQzgZnEPRMpxDjEycQwVmnEO/f5xDWZmcQ9Gy
nENrzJxDBeacQ7//nENZGZ1D0TKdQ2tMnUMlZp1Dnn+dQziZnUPRsp1DjMydQwXmnUO//51D
OBmeQ9EynkOMTJ5DJWaeQ55/nkNZmZ5D8rKeQ2vMnkMF5p5Dnv+eQ1kZn0PyMp9DjEyfQyVm
n0O/f59DWZmfQ/Kyn0OMzJ9DZ+afQ7//n0NZGaBD8jKgQ4xMoEMlZqBDv3+gQ1mZoEPysqBD
jMygQ0bmoEO//6BDWRmhQ/IyoUOMTKFDJWahQ79/oUNZmaFDE7OhQ2vMoUMl5qFDv/+hQ1kZ
okPyMqJDjEyiQyVmokO/f6JDWZmiQ/KyokOMzKJDZ+aiQ7//okM4GaND8jKjQ2tMo0PqZqND
v3+jQ1mZo0PysqNDjMyjQyXmo0Oe/6NDWRmkQ/IypEOMTKRDJWakQ55/pEM4maRD8rKkQ2vM
pEMl5qRDv/+kQzgZpUPRMqVDa0ylQwVmpUMhgKVDOJmlQ9GypUNrzKVDBealQwAApkNZGaZD
8jKmQ4xMpkMFZqZDnn+mQziZpkPRsqZDjMymQwXmpkOe/6ZDOBmnQ9Eyp0OMTKdDJWanQ55/
p0M4madD0bKnQ2vMp0MF5qdDv/+nQ1kZqEPyMqhDa0yoQwVmqEO/f6hDWZmoQ9GyqEOMzKhD
BeaoQyEAqUM4GalD0TKpQ4xMqUOIZqlDnn+pQziZqUPRsqlDa8ypQ2fmqUO//6lDOBmqQ/Iy
qkNrTKpDBWaqQ55/qkM4mapD8rKqQ2vMqkMF5qpDnv+qQzgZq0O3M6tDjEyrQwVmq0Oef6tD
OJmrQ9Gyq0NrzKtDBearQwAArEM4GaxD0TKsQ2tMrEMFZqxDnn+sQ1mZrEPysqxDa8ysQyXm
rEPg/6xDWRmtQ/IyrUOMTK1DJWatQ79/rUNZma1D8rKtQ83MrUMl5q1Dv/+tQ1kZrkPyMq5D
jEyuQ0ZmrkO/f65DPpquQ/KyrkOMzK5DJeauQ7//rkNZGa9D8jKvQ4xMr0MlZq9Dv3+vQ1mZ
r0Pysq9DjMyvQyXmr0O//69DWRmwQ/IysENrTLBDJWawQ79/sENZmbBD0bKwQ4zMsEMF5rBD
v/+wQzgZsUPyMrFDjEyxQyVmsUO/f7FDOJmxQ9GysUNrzLFDJeaxQ57/sUM4GbJD8jKyQ2tM
skMlZrJDnn+yQ1mZskPysrJDjMyyQyXmskOe/7JDWRmzQ9Eys0OMTLNDRmazQ79/s0NZmbND
0bKzQ2vMs0Ml5rNDnv+zQzgZtEPRMrRDa0y0QyVmtEO/f7RDWZm0Q9GytENrzLRDBea0Q57/
tEM4GbVD0TK1Q2tMtUMlZrVDnn+1Q/yZtUPysrVDjMy1QwXmtUOe/7VDOBm2Q/IytkOMTLZD
BWa2Q55/tkNYmbZD0rK2Q4zMtkMF5rZDnv+2Q1gZt0PSMrdD7ky3Q2dmt0Oef7dDWJm3Q9Ky
t0NrzLdDBea3Q7//t0M4GbhD8jK4Q2tMuEMmZrhDv3+4QziZuEPSsrhDa8y4QwXmuEOe/7hD
OBm5Q9IyuUNrTLlDBWa5Q+B/uUM4mblD0rK5Q2vMuUPJ5rlDv/+5QzgZukPSMrpDa0y6QwVm
ukO/f7pDeZm6Q9KyukNrzLpDJua6Q7//ukNYGbtD2DO7Q4xMu0MmZrtDv3+7Q1iZu0MZtLtD
jMy7Qybmu0O//7tDWBm8Q/IyvEOMTLxDJma8Q79/vENYmbxD8rK8Q4zMvENn5rxDQgC9Q1gZ
vUPyMr1DjEy9QyZmvUO/f71DWJm9Q9KyvUOMzL1DJua9Q7//vUNYGb5D8jK+Q4xMvkMmZr5D
v3++Q3mZvkPysr5DjMy+QybmvkO//75D3Bm/Q/Iyv0NrTL9DJma/Q55/v0NYmb9D8rK/Q4zM
v0MF5r9Dv/+/Q1gZwEPyMsBDjEzAQyZmwEO/f8BDWJnAQ/KywENrzMBDJubAQ57/wENYGcFD
8jLBQ4xMwUMmZsFDv3/BQziZwUPSssFDjMzBQwXmwUOe/8FDWBnCQ/IywkNrTMJDBWbCQ79/
wkNYmcJD8rLCQ2vMwkMm5sJDv//CQ1gZw0PSMsNDa0zDQyZmw0Oef8NDOJnDQ9Kyw0NrzMND
BebDQ7//w0NYGcRD0jLEQw9NxEMmZsRDv3/EQziZxEPyssRDmM7EQwXmxEOe/8RDWBnFQ/Iy
xUOMTMVDBWbFQ55/xUN5mcVD0rLFQ2vMxUMF5sVDhADGQ1gZxkPyMsZDa0zGQwVmxkOef8ZD
OJnGQ9KyxkOMzMZDBebGQ57/xkM4GcdD0jLHQ2tMx0MFZsdDv3/HQziZx0PyssdDjMzHQwXm
x0Oe/8dDOBnIQ9IyyEOMTMhDBWbIQ79/yEM4mchD0rLIQ4zMyENG5shDnv/IQzgZyUPSMslD
jEzJQwVmyUOef8lDWJnJQ/KyyUOMzMlDJubJQ7//yUNYGcpD8jLKQ4xMykPqZspDv3/KQ1iZ
ykPysspDjMzKQybmykMHActDWBnLQ/Iyy0NrTMtDBWbLQ79/y0NYmctD8rLLQ4zMy0Mm5stD
nv/LQ1gZzEPSMsxDa0zMQyZmzEO/f8xDWJnMQ/KyzEOMzMxDJubMQ7//zENYGc1D8jLNQ4xM
zUMmZs1Dv3/NQ1iZzUPyss1DjMzNQybmzUO//81DWBnOQ9IyzkNrTM5DJmbOQ79/zkM4mc5D
8rLOQ2vMzkMF5s5Dv//OQzgZz0PyMs9DjEzPQyZmz0O/f89DOJnPQ9Kyz0OMzM9DJubPQ57/
z0M4GdBD0jLQQ4xM0ENGZtBDv3/QQziZ0EPSstBDa8zQQwXm0EO//9BDOBnRQ/Iy0UNrTNFD
BWbRQ79/0UNYmdFD8rLRQ2vM0UMm5tFD</AssayXData><AssayYData Points="600">NFwlvlTXJL4yNCe+eAonvmGwJ74yJyW+7OQkvqd5IL7YOyK+YRghvjNkIL4ZIiC+7vwgvibB
Ir5DNyC+GQghvqiaG760/iG+pq0hvjtVHr7BWB2+DjwgvkrNIb4WHx6+0A0fvpmuH760Vx2+
/e8dvj9RHr5OIB6+QUcevmPbIL44CiC+hy4evtZqH77Lxhu+1MoevroeHL7IWR2+1vsdvu6N
HL56/CK+kb4cvtyuIb5yDh2+I4MdvlVqHb5Czhy+RKsdvnEYHr7l7B2+XlkgvoMOH74t8Ri+
zkEdvrJsHb7AExy+UAsfvixFGr5szR2+nckcvvxSGb4Ggxu+G6Qbvl3gHL6rlh2++VkZvoZw
Gb6bghy+aXQevu46G76xSh6+1wAcvqVtHb4E9Rm+nGcYvlN+Hr5VZR2+xyoavmjtHb4JmRa+
au0bvn4NHr4EQx2+CKIdvtj1GL44Yx6+In4evrLPGb7eshq++oMXvkTaGL4J0xm+D7YZvski
GL5ZiRy+ABIavphgHb497hm+RGscvui8Gb4nVBq+nmMavgshG74C1Bu+HWMYvtaPG75H4hm+
MaIcvuGcF75Rkhi+IvcbvvyhGr4gmhu+bR0XvhsbG75lUx2+H2scvtGVGr6yXRu+ItUVvrx9
Gb6QSxq+LNMYvswFGb6ymRm+w+gbvrqAG74PKxq+YGQbvvHCF76X4Re+1tEYvrs5GL6LdRe+
V1UWvtraGr5SIBi+PdQYvhPXGL6XRRi+p0EcvmETG74GSxe+ytUbvqmVGr5oZxq+GnYXvjQ7
F74toxi+ByEcvsmGGr7hJBm+z1kcvtjOFL48yxa+WtYXvs9aGL5vpxm+qWkWvitNE76Okxm+
q2QYvomNGb4DeBa+HEEWvkSpFr4w8xa+KNwXvtgcGb7v2ha+9fMXvhQTG77fcxm+VFQZvurO
Gr5tURa+plsYvi5tFL6qNxi+BTQbvr5lGL6JqRa+VHkZvur+GL5gexi+XYAavpUXGL4Fsxe+
GZUXvhEqGL54zBq+nvwXvox9Fb6rkBi+ANEXvnGJF76qABi+lscVvpXcE75UURe+6S0Zvtc3
Fr4HyBe+h7wYvlnCGr45DRe+jWkYvuzDF76hCRi+Kp0SvidQF762qRS+DUAVvnhpF74OYBq+
M8YUvoi5F74p2RW+FPIVviJjFb5Lkxu+1UAZvjBeGL6LTRW+bRgXvrdPFb5kNxq+8MIXvlZy
FL7pAhe+GLsVvtn+Fb42Mxe+uRsWvkZZGb5ALhS+KiMWvqV3Gr6hNxa+CP8WvlLPFb7YKxm+
cmoUvt3WFb6f7xO+PuYXvsMbEr5APxe+WRMVvixbE77BEBS+RnEUviJiFb58kRe+BjQZvv1k
Gr5/UxW+cLoXvroHF77KixW+fVQVvhQXFb5JSxO+3hEVvl9HF76d4hK+LhwYvp8qGb6gPxe+
g4YTvlhkEb5s7BO+om8UvuF3E74oZxK+hMsSvu9uGL5kABa+7hoTvqtiEr7pQBe+E2MTvkTX
Er7AjhW+884WvjzHF75mLxa+YskVvndEFr4hBhS+D8AXvrkTE75zrhS+xHkVvkl8FL7OIha+
rc8UvoPxFb5pvxa+cYAWvjbnFL4CbxK+DkYTvnZjFb4EfBS+IKMUvp56Er5TiBS+X8AWvnv5
Fb6rRRO+dIgTvg9zEL5o1RS+g6cYvsWnF77kLRS+Rj0VvoFdFr5rJRG+Ak8TvqmcFb7fSBe+
53UVvuveE752jha+zlIUvkPmFr5wEhW+yTYUvrjzEb7bLBa+H3QUvgLLF759/BS+hHoUvq5Y
Fb6D3BW+XScSvo7kF76AeBa+PlkTvikpEr56rRO+NOYRvqN4Er4xJxO++A0XvhbwFr7sSRS+
UXsVviBtFb52UBO+XoYRvghjEr6GvRC+gF0TvpLhFb6zhRS+XM0Xvt/+FL5YhhK+OwMVvi2C
FL6dGxK+Bk0RvpGAE750/BS+nMQTvs/MFb6OcBS+QLsSvkDyFb4IoBC+lfYSvv8PD76HVBO+
fPYVvhY4FL6qPhC+30wTvr5hFr7+qBa+kNoSvo70FL6g+Bi+EPMSvlqvFr7WwxS+nS0Tvopt
Fb6Xvxa+tZoVvq8TFL48XBS+jtwTvtLgE761YBS+u4ASvjPnFb6gRhO+JMcQvhBYFL4OJRO+
8sYRvtjcEr6arRa+8jMWvt9nEr6OvxC+MwwVvig3Fr4EtRK+/toQvjG4E76g2BO+gKASvojJ
FL6iqxK+nA4UvgmKE77SjBO+/KkSvkuHEL6O5Ba+AZgVvmvwD77KkRO+D6kUvtv9EL6yExC+
bX0SvpURE76BgBO+2ZIOvpJ6E74GSRS+jNoSvr+CFr5jLBa+0b8RvtAKEb7AvBS+fwkPvuw9
Er5VTBS+l1IVvsHcFL64QRW+ZSAYviMYFb7Nhxe+e+wUvmlYFb64ZBO+IowSvpOBE77F6BC+
XSwVvghIE76XvRG+rq8Vvk40E76qNRa+12oQvtHrEr7LFBO+bxwQvsp4Eb54gxe+ZOsRvhfT
Eb6aNRO+dz4TvtplEb67KxW+4m0VvntNE756rhS+NYIQvgvBEr4OqBS+XAUTvgrGFL7WwRC+
pG8SvnHPFL7MvxG+LEgRvmDvFb7KxxK+Sk0SvuycEr6CuhK+KawQvnJ7E74I8RC+M9oTvpr/
EL7IyRS+4NkSvv+hD74wVxC+/R8RvgWwE77qYw2+UnEUvmPdEb5LBBO+6a4SvvabEb4C+BK+
wRQTvg6XEL7XWRS+u50Qvm+ZEr4MvRG+eFUTvtcSFL5VyBK+cdcSvpoQEr5G4xK+3vkOvhg1
E77E/RG+NlcVvqpcD774dBC+ezMUvvcoE74+bBS+kRAQvgStEr4W6BS+cZwUvlSkEr7NkhS+
9tQRvoGKE74zXBS+bfIPvt6gFL5DDhS+gZ0Mvk4xEL4tpA++c28Tvs1QDb5hQA++GvcQvqGh
E75P6RO+yGYSvtS+Fb7IjRS+21gPvrd1Eb5jTxS+9sITvqdnE77SOhO+U7IQvuGVEb41RBG+
BPMQvuDdEb5FUhO+IDsQvvAvEL6X9Bi+e/AOvojUD75hLBW+e8QPvkz8EL7yHRC+rWUQvoAa
Fb7Qmg++m+ITvlvvEr7eghK+tfARvk6aEr5QYhO+8zsSvvQuEL5OnBO+3l8SvjHUFL4xbBC+
epQVvsh/EL6gbBG+1O8TvrIWEb4/1xO+</AssayYData></Step><Step><CommonData><SampleLocation>4</SampleLocation><SampleID>AB</SampleID><SampleGroup></SampleGroup><SampleInfo>in Running Buffer</SampleInfo><SampleRow>B</SampleRow><SamplePlate>1</SamplePlate><WellType>KLOAD</WellType><Concentration>10</Concentration><ConcentrationUnits>µg/ml</ConcentrationUnits><MolarConcentration>10000</MolarConcentration><MolarConcUnits>nM</MolarConcUnits><MolecularWeight>-1</MolecularWeight><Temperature>30</Temperature><StartTime>489441</StartTime><AssayTime>20</AssayTime></CommonData><FlowRate>1000</FlowRate><StepType>LOADING</StepType><StepName>Loading</StepName><StepStatus>OK</StepStatus><ActualTime>19.999</ActualTime><CycleTime>0.2</CycleTime><AssayXData Points="100">wP/RQzkZ0kPSMtJDbEzSQwZm0kPAf9JDWpnSQ9Ky0kONzNJDJubSQ8D/0kNaGdND0jLTQ2xM
00MmZtNDwH/TQ1qZ00PSstNDjczTQybm00PA/9NDORnUQ9Iy1ENsTNRDqWbUQ8B/1ENamdRD
0rLUQ2zM1EMm5tRDn//UQ1oZ1UPSMtVDjUzVQyZm1UPAf9VDOZnVQ/Oy1UONzNVDJubVQ8D/
1UM/GtZD8zLWQ41M1kMGZtZDwH/WQ1qZ1kPzstZDjczWQwbm1kPA/9ZDWhnXQ/My10ONTNdD
BmbXQ59/10M5mddD87LXQ2zM10MG5tdDwP/XQ1oZ2EPzMthDbEzYQwZm2EOff9hDWpnYQ9Ky
2EONzNhDJubYQ5//2EM5GdlD8zLZQ65M2UMGZtlDn3/ZQzmZ2UPzstlDbMzZQwbm2UNDANpD
ORnaQ9Iy2kNsTNpDBmbaQ8B/2kNamdpD0rLaQ43M2kMG5tpDwP/aQzkZ20PSMttDbEzbQwZm
20Off9tDWpnbQ76020NszNtDBubbQw==</AssayXData><AssayYData Points="100">bqkFvg449L0/7Oq956XXve6Uyb1I6ru99SWwvSrinr2jrJO9l9aKvaCaeb0D1Gy90fA8val4
Nr1Elxm96Kz4vIi8qbzlUqG8O1FgvP+EyLtOoMa66Wt/OwuJYzyIWF08vDi/PPPH5Tx9aA49
z+E0PezJQT19U1c9yXxuPbZYgj0ti5c9+tqdPev3rD2tX7s95cK/PUJ7yz0ou989LzDjPUOo
9z235/09+D8FPrKJDD5aug0+4AMVPrydID7YAyU+vOYoPhudLj6RnjM+rsk3PuunQj4KC0g+
DdBLPjMyVj56v1Y+zQxhPnkSZT48zG0+7r1uPqGceT6cHn4+V+yDPrTahD5xwYo+EPuKPhPT
jT5bYI8+MLWSPh2elz7qwJc+7RCcPiL5nz7N3KE+GmikPvPcpz6tc60+pxWvPnmcsT58/rM+
2pS3Pr9WvD4Nerw+syjAPkYswj4gvMQ+XevKPj3vzD7HNM4+FdHSPlgn1j7Jddc+/yDaPg3l
3D5dLOI+px3lPllM5z5GrOk+MbDqPg==</AssayYData></Step><Step><CommonData><SampleLocation>5</SampleLocation><SampleID>AA</SampleID><SampleGroup></SampleGroup><SampleInfo></SampleInfo><SampleRow>B</SampleRow><SamplePlate>1</SamplePlate><WellType>BUFFER</WellType><Concentration>5</Concentration><ConcentrationUnits>µg/ml</ConcentrationUnits><MolarConcentration>5000</MolarConcentration><MolarConcUnits>nM</MolarConcUnits><MolecularWeight>-1</MolecularWeight><Temperature>30</Temperature><StartTime>516901</StartTime><AssayTime>60</AssayTime></CommonData><FlowRate>1000</FlowRate><StepType>BASELINE</StepType><StepName>Baseline 60</StepName><StepStatus>OK</StepStatus><ActualTime>59.999</ActualTime><CycleTime>0.2</CycleTime><AssayXData Points="300">oP/bQzoZ3EPTMtxDTEzcQwZm3EOgf9xDOpncQ9Oy3ENMzNxD5uXcQ3//3EMZGd1DsjLdQ21M
3UMGZt1DoH/dQzqZ3UOyst1DTMzdQ+bl3UN//91DOhneQ7Iy3kNMTN5DBmbeQ39/3kMZmd5D
srLeQ23M3kMG5t5Df//eQzoZ30PTMt9DTEzfQwZm30Ogf99DGZnfQ9Oy30NMzN9D5uXfQ3//
30MZGeBDsjLgQ0xM4EMGZuBDoH/gQxmZ4EOysuBDTMzgQwbm4EOg/+BDOhnhQ7Iy4UNtTOFD
5mXhQ39/4UMZmeFD07LhQ0zM4UOW6OFDf//hQxkZ4kOyMuJDTEziQ+Zl4kN/f+JDGZniQ7Ky
4kNMzOJD5uXiQ3//4kMZGeNDsjLjQ0xM40PmZeNDoH/jQxmZ40OysuNDTMzjQwbm40N//+ND
GRnkQ7Iy5ENMTORDBmbkQ6B/5EMZmeRDsrLkQ23M5EMG5uRDf//kQxkZ5UOyMuVDbUzlQ+Zl
5UOgf+VDOpnlQ9Oy5UNtzOVDBublQ6D/5UM6GeZD0zLmQ21M5kMGZuZDf3/mQzqZ5kPTsuZD
bczmQwbm5kOg/+ZDOhnnQ9My50NtTOdD5mXnQ6B/50M6medD07LnQ23M50MG5udDoP/nQzoZ
6EPTMuhDbUzoQwZm6EN/f+hDOpnoQ7Ky6ENMzOhD5uXoQ6D/6EM6GelD0zLpQ21M6UMGZulD
f3/pQzqZ6UPTsulDTMzpQ+bl6UN//+lDGRnqQ9My6kNtTOpD5mXqQ6B/6kM6mepDsrLqQ23M
6kMG5upDoP/qQzoZ60PTMutDbUzrQwZm60N/f+tDOpnrQ7Ky60NMzOtDQOrrQ3//60MZGexD
sjLsQ0xM7EMGZuxDoH/sQ/6Z7EPTsuxDtM3sQ+bl7EN//+xDOhntQ9My7UNtTO1DBmbtQ39/
7UM6me1DsrLtQ23M7UMG5u1DoP/tQzoZ7kPTMu5DbUzuQ+Zl7kOgf+5DOpnuQ7Ky7kNMzO5D
BubuQ6D/7kMZGe9DsjLvQ0xM70MGZu9Df3/vQxmZ70Oysu9DTMzvQ+bl70N//+9DGRnwQ7Iy
8ENMTPBD5mXwQ39/8EMZmfBD07LwQ0zM8ENI5vBDoP/wQxkZ8UOyMvFDbUzxQ+Zl8UN/f/FD
GZnxQ7Ky8UNMzPFD5uXxQ3//8UMZGfJDsjLyQ0xM8kPmZfJDf3/yQxmZ8kOysvJDTMzyQ+bl
8kN///JDGRnzQ7Iy80NtTPND5mXzQ39/80M6mfND07LzQ23M80MG5vNDoP/zQzoZ9EPTMvRD
bUz0Q+xm9EOgf/RDOpn0Q9Oy9ENtzPRDBub0Q6D/9EM6GfVD0zL1Q21M9UPmZfVDoH/1QzqZ
9UPTsvVDbcz1Qwbm9UOg//VDOhn2Q9My9kNtTPZDBmb2Q6B/9kM6mfZD07L2Q0zM9kMG5vZD
oP/2QzoZ90PTMvdDTEz3Q+Zl90Ogf/dDGZn3Q9Oy90NtzPdDBub3Q3//90NaGfhD0zL4Q0xM
+EMGZvhDoH/4QzqZ+EPTsvhDTMz4Q+bl+EOg//hDOhn5Q9My+UNtTPlDBmb5Q6B/+UM6mflD
srL5Q0zM+UPm5flD</AssayXData><AssayYData Points="300">rhBWP14/Vz8gNlc/oQ5WP8BmVD+rX1M/LJpRP5xdUD9DLU8/jZtNP979Sz+AtUo/xi5KP9EJ
ST9S8EY/01VFP4QZRT+mJ0Q//xhCP+NJQT9H+T8/jjs/P2K/PT9Whzw/4uM7PzpaOz/LCzk/
Xn45P06jNz908DY/DDU1P4l+ND80aDQ/GPwyP1O0MT8JfDE/EKQwP8iSLz/UpS4/vAouP7Dc
LD88GCw/Gp8rPyP+Kj9O0ig/1acnPziOJz8D/ic/XSsmPyMDJj+8qSQ/tQckP8oMIz9RAiI/
MdggP+i8Hz+LHh8/4OweP9cbHj8zpB0/JO4cP7t0HD+RKBs/dzYaP3UkGz8MzRg/RLMXP8QZ
GD/mKxc/nwsWPxCFFT+kkBQ/8r8TPy/mEz8y0hI/ecgSP7JvET/6/BA/pF8PP0sZED+P/g4/
6KYOP3rxDD9xcg0/kaYMP8ZlCj/QFws/ulwKP8iPCT8UZQk/7FkIP2IDCD+ffAc/zgcGP1Ut
Bj9pDAU/4KYFP8hKAz/CzwM/fHcDP0yAAT/m2gE/cUcCP+s1AT979f4+jDP/Pt7H/j5Aif4+
1+D5PoDl+z4HPPk+c2v3PpOK9j4pgvk+Jfz1PitF9T5HzfM+ywDyPn5n8j44K/A+4CLuPgxi
7j5ZkO0+uCjtPgGa6j6XRuk+WgXpPuDH6T7Lw+Y+rGTnPqyY5T7BFeU+aYriPq9K4z77LuI+
yTHiPiYs4T5/Zd4+GrXePlfL3D4XGt0+jaXbPgbE2j776Ns+Cx/ZPo3y2D6O39c+zlXXPpLT
1T6iG9Q+CQzVPlaR0j4mD9I+vuPPPlgK0j6Zo88+vS7PPhf/zD5yNM0+hSzNPmpXyz7nE8s+
BMXKPr7Myj6Tpsk+wZXHPjbzxj4t8MY+XGbHPqsmxj7tecQ+1HrDPgMFxT6AO8M+UlPCPuz7
vT4FG8A+Fny+Po/FvT7U1r4+pyq9Pk++vD4gTLw+daS8Porauj6Elrs+i7i4Pk0quD6jHrk+
FP21Pu03uD5abrc+QAC2PmoItT4Fs7Q+9xGzPkUnsT7RPLI+TdGxPuDVrz6eDbA+hwuvPukm
rz4sRq4+36isPv8Xrj7Zias+xoCsPpFwrD4YU6o+LuqqPg0Lqj5CF6k+ZDaqPjCQqD4lcqk+
ZjepPncXpz4HGqY+8YWmPo9zpT4fN6Y+DyGkPsCroz6l16M+t5yiPgSmpD4jAKE+hKOhPhyh
nz5xPKA+7rafPpwhnj6WnJ4+yQCePljYnj6Ai50+6z+cPs4xnD4zpps+T3qaPqA4mj57xZw+
hbWZPpIvmj6hV5g+0h+ZPmKBlz4jOZg+pBOXPitplT4hj5Y+Ld2VPgc4lz64Z5Q+v9mUPoAY
lD5ATJQ+z4CTPjY/kj4j7ZI+Go6SPgQlkj4rhpI+49KRPmdwjz7i2o4+ra2PPjI1jz4dH48+
8AqOPkB5jT5KLY4+S9SNPu3gjT6RPo8+hz+NPvJuiz6Dw4s+LdKKPoufiz7JuIo+97yLPg0i
iT515Ic+wOWHPnfRiD5lz4g+T+iGPt/+hT4MrYg+fiuHPmPGhz6Iq4U+vw6FPvSwhD4mW4Q+
lY2FPvfJhT7G64Q+</AssayYData></Step><Step><CommonData><SampleLocation>6</SampleLocation><SampleID>Running Buffer</SampleID><SampleGroup></SampleGroup><SampleInfo>in Running Buffer</SampleInfo><SampleRow>B</SampleRow><SamplePlate>1</SamplePlate><WellType>BUFFER</WellType><Concentration>-1</Concentration><ConcentrationUnits>µg/ml</ConcentrationUnits><MolarConcentration>-1</MolarConcentration><MolarConcUnits>nM</MolarConcUnits><MolecularWeight>-1</MolecularWeight><Temperature>30</Temperature><StartTime>584704</StartTime><AssayTime>20</AssayTime></CommonData><FlowRate>1000</FlowRate><StepType>BASELINE</StepType><StepName>Baseline 20</StepName><StepStatus>OK</StepStatus><ActualTime>20</ActualTime><CycleTime>0.2</CycleTime><AssayXData Points="100">gP/5Q/kY+kOzMvpDTUz6Q+Zl+kOAf/pD+Zj6Q7Oy+kNNzPpDxuX6Q4D/+kMaGftDszL7Q01M
+0PmZftDgH/7QxqZ+0OSsvtDTcz7Q+bl+0OA//tDGhn8Q7My/ENNTPxDxmX8Q4B//EMamfxD
s7L8QyzM/EPm5fxDX//8QxoZ/UP1Mv1DTUz9Q+Zl/UOAf/1D+Zj9Q7Oy/UNNzP1DxuX9Q1//
/UP5GP5DszL+QyxM/kPmZf5DX3/+QxqZ/kOSsv5DLMz+Q+bl/kOA//5DGhn/Q5Iy/0NNTP9D
5mX/Q4B//0P5mP9Ds7L/Q03M/0PG5f9DgP//Q3wMAERJGQBEFiYAROMyAETGQABEjUwARFpZ
AEQmZgBE43IARLB/AESNjABESZkARBamAETjsgBEwL8ARHzMAERJ2QBEFuYARPPyAETA/wBE
fAwBRFoZAUQWJgFE4zIBRMA/AUSNTAFEelkBRBZmAUTjcgFEsH8BRHyMAURJmQFEJqYBROOy
AUSwvwFEfMwBREnZAUQW5gFE8/IBRA==</AssayXData><AssayYData Points="100">PPoiPdUZk7zNEkm93m9zvfTVgL29WIW9pKOJvWmzf70Ywne9gtOCvbe7dr0nRWu9QK5tvWzW
b70CzHS9AElpvTXNYr1501q9waZevYTxY71iBmK9latSvQQRS70sg1m9TbhMvftaXr07S029
tb5VvTjdYL1cyle9Gjs+vScORb19iT69iixJvYPcML1QYky96n9OvQRkP73k5z+9hlZAvfRs
QL2ykEO93wlJve0BMb0O3Ta9eXtCvR2MQb1lW0W9jaBEvf24Pr0qQUO9DpM8va85Pb2rqDa9
WP8yvdR3Lr166DG9HFUkvZgdPb2mDzm9+BE0vRB5Mr1N2C29flQpvdV3Lr10UjO9RNZDvW3E
ML2zCze9PWkqvVd2Jr2kUy69CCgovYQRJr2zMy69bvctvfg/Pb0RhSa9jFkyvVElNb1xry29
kgUxvWggKr2IbS29ytUwvb2CNb0gWS29D3oovURHJL0IviS9GFgkvcEbKL1QpCK9tZ0rvXOt
LL1xkj29wkojvWyzHb26Zx29LIkbvQ==</AssayYData></Step><Step><CommonData><SampleLocation>7</SampleLocation><SampleID>aKappa 50ug/ml</SampleID><SampleGroup></SampleGroup><SampleInfo></SampleInfo><SampleRow>B</SampleRow><SamplePlate>1</SamplePlate><WellType>KSAMPLE</WellType><Concentration>-1</Concentration><ConcentrationUnits>µg/ml</ConcentrationUnits><MolarConcentration>-1</MolarConcentration><MolarConcUnits>nM</MolarConcUnits><MolecularWeight>-1</MolecularWeight><Temperature>30</Temperature><StartTime>612978</StartTime><AssayTime>120</AssayTime></CommonData><FlowRate>1000</FlowRate><StepType>ASSOC</StepType><StepName>Association</StepName><StepStatus>OK</StepStatus><ActualTime>120</ActualTime><CycleTime>0.2</CycleTime><AssayXData Points="600">wP8BRI0MAkRaGQJEFiYCROMyAkSwPwJEfEwCRFpZAkRoZgJE43ICRFOAAkR8jAJEYJoCRBam
AkTjsgJEsL8CRHzMAkRa2QJEJuYCROPyAkSw/wJEfAwDREkZA0QWJgNE4zIDRLA/A0SNTANE
WlkDRBZmA0TjcgNEsH8DRI2MA0RJmQNEJqYDROOyA0TAvwNEjcwDREnZA0TK5gNE4/IDRMD/
A0R8DARESRkERBYmBETzMgREsD8ERHxMBERJWQREJmYERONyBESwfwREjYwERFqZBEQmpgRE
87IERMC/BESNzAREWtkERCbmBETz8gREwP8ERI0MBURaGQVENyYFREUzBUTAPwVEjUwFRFpZ
BUQmZgVE83IFRLB/BUSNjAVEepkFRCamBUTzsgVEwL8FRI3MBURa2QVEJuYFRPPyBUTx/wVE
jQwGRFoZBkQmJgZE8zIGRMA/BkR8TAZEWlkGRCZmBkTzcgZExoAGRI2MBkRamQZEJqYGRPOy
BkTAvwZEjcwGRFrZBkQm5gZE4/IGRMD/BkR8DAdESRkHRHgmB0TjMgdEwD8HRHxMB0RJWQdE
JmYHRPNyB0TAfwdEfIwHRFqZB0QmpgdE87IHRMC/B0R8zAdESdkHRCbmB0Tj8gdEsP8HRI0M
CERJGQhEFiYIRPMyCESwPwhEjUwIRFpZCEQWZghE83IIRMB/CESNjAhEWpkIRBamCETjsghE
sL8IRHzMCERa2QhEFuYIRPPyCESw/whEfAwJRJsZCUQWJglE8zIJRLA/CUSNTAlESVkJRBZm
CUTjcglEsH8JRHyMCURJmQlEFqYJROOyCUTAvwlEjcwJRFrZCUQW5glE4/IJRLD/CUR8DApE
WhkKRBYmCkTzMgpEsD8KRHxMCkRJWQpEFmYKRONyCkSwfwpEfIwKREmZCkQWpgpE47IKRMC/
CkR8zApESdkKRCbmCkRm8wpEsP8KRHwMC0RaGQtEFiYLROMyC0TAPwtEfEwLRElZC0QWZgtE
83ILRMB/C0SNjAtEWpkLRBamC0TzsgtEwL8LRI3MC0Ra2QtEJuYLRPPyC0TA/wtEjQwMRFoZ
DEQmJgxE8zIMRMA/DETfTAxEWlkMRCZmDETjcgxEwH8MRI2MDERamQxEJqYMRPOyDETAvwxE
g80MRFrZDEQW5gxE8/IMRMD/DESdDA1EWhkNRCYmDUTzMg1EwD8NRI1MDUTtWQ1EFmYNRI10
DUTAfw1EfIwNREmZDUQmpg1E87INRMC/DUR8zA1Em9kNRCbmDUTj8g1EwP8NRI0MDkRaGQ5E
JiYORPMyDkTAPw5EIE0ORFpZDkQmZg5E83IORLB/DkSNjA5EWpkORBamDkTzsg5EsL8ORHzM
DkRa2Q5EFuYORPPyDkSw/w5EfAwPRFoZD0QWJg9E4zIPRLA/D0SNTA9EWlkPRCZmD0Tzcg9E
sH8PRI2MD0RJmQ9EFqYPRKezD0TAvw9EfMwPRFrZD0QW5g9EO/QPRLD/D0TvDBBESRkQRBYm
EETjMhBEsD8QRHxMEERJWRBEFmYQRONyEESwfxBEfIwQRFqZEEQWphBE47IQRLC/EER8zBBE
SdkQRBbmEETz8hBEsP8QRHwMEURJGRFEJiYRROMyEUSwPxFEfEwRRElZEUQWZhFE43IRRLB/
EUR8jBFESZkRRBamEUTjshFE8b8RRHzMEURJ2RFEFuYRROPyEUSw/xFEfAwSRGoZEkQWJhJE
4zISRLA/EkR8TBJESVkSRHhmEkTjchJEwH8SRI2MEkRJmRJEN6YSRPOyEkTAvxJEjcwSRFrZ
EkQm5hJE8/ISRLwBE0SNDBNEWhkTRCYmE0TzMhNEwD8TRI1ME0RaWRNEJmYTRPNyE0TAfxNE
jYwTRFqZE0QmphNE87ITRMC/E0R8zBNEWtkTRCbmE0Tz8hNEsP8TRI0MFERJGRREJiYURPMy
FESwPxREjUwURFpZFEQWZhRE83IURMB/FESNjBRET5oURCamFEQUsxREwL8URI3MFERa2RRE
JuYURAr0FEQYARVEjQwVRFoZFUQmJhVE8zIVROE/FUR8TBVEWlkVRCZmFUTjchVEwH8VRI2M
FURamRVEJqYVROOyFUTAvxVEjcwVRHrZFUTK5hVE4/IVROH/FUR8DBZESRkWRCYmFkTzMhZE
sD8WRHxMFkRaWRZEFmYWRPNyFkTAfxZEjYwWRFqZFkQWphZE47IWRLC/FkSNzBZESdkWRBbm
FkTj8hZEsP8WRHwMF0RJGRdEJiYXRPMyF0SwPxdEfEwXRElZF0Q3ZhdE83IXRMB/F0R8jBdE
WpkXRBamF0TjshdEsL8XRHzMF0Ra2RdEFuYXROPyF0Sw/xdEvgwYREkZGEQWJhhE4zIYRMA/
GER8TBhESVkYRBZmGETzchhEwH8YRHyMGERamRhEJqYYRPOyGESwvxhEfMwYRFrZGERH5hhE
uPMYRLD/GESNDBlESRkZRBYmGUTjMhlEwD8ZRHxMGURJWRlEN2YZRONyGUTAfxlEMY0ZREmZ
GUQmphlE87IZRMC/GUS0zRlEWtkZRCbmGUTz8hlE0P8ZRI0MGkRaGRpEJiYaRPMyGkTAPxpE
jUwaRFpZGkQmZhpECnQaRMB/GkSNjBpEWpkaRCamGkTzshpEwL8aRI3MGkRa2RpEJuYaRPPy
GkTA/xpEjQwbREkZG0QWJhtE4zIbRMA/G0TvTBtESVkbRCZmG0TzchtEQ4AbRI2MG0RJmRtE
FqYbROOyG0RDwBtEjcwbREnZG0Qm5htEbPQbRMD/G0SNDBxESRkcRCYmHETzMhxEsD8cRI1M
HERaWRxEJmYcRPNyHETAfxxEfIwcRFqZHEQmphxE87IcRMC/HER8zBxErNkcRBbmHETz8hxE
sP8cRI0MHURJGR1EJiYdRPMyHUSwPx1EfEwdRElZHUQmZh1E43IdRMB/HUR8jB1ESZkdRBam
HUTjsh1EwL8dRHzMHURa2R1EJuYdRPPyHUSw/x1EfAweRJsZHkQWJh5E4zIeRLA/HkR8TB5E
SVkeRCZmHkTjch5EsH8eRO+MHkRJmR5EeKYeRPOyHkTAvx5E38weREnZHkQW5h5E4/IeRLD/
HkR8DB9ESRkfRBYmH0TzMh9EsD8fRHxMH0RJWR9EJmYfRONyH0Swfx9EfIwfREmZH0SZph9E
47IfRLC/H0R8zB9ESdkfRCbmH0Tz8h9E</AssayXData><AssayYData Points="600">KbcVPq+FOD7Dx1A+fXJcPjx4aD6FRWY+IiVwPjZabT4TgG8+GDVxPp8VdD4cOHU+sC13Puwy
eD4UwHU++A95PqEkez72H3w+GPF5PhTAfD5PGHw+5ql+PiQwgD5b5n8+xyB/PsGIfT4KjYI+
WDWBPoQ6gj6WboM+SWqDPj7thD72QoY+UoWFPnQKhj7fcYU+QU6HPreUhz5ec4U+Vz6HPi7Y
hT6I44g+WM6HPrqvhj5l6oY+m46JPmliiT5Y2oo+aRyKPs3RiT6dBYs+VsGKPlecjD6r8o0+
U1CMPpSLjD5nmo0+r4yNPh1yjT76uY0+7TaOPvOzjj5Q040+oWSPPuLTjj6yRpE+XziQPvqe
jz5rGZE+zzqSPoNekz5aG5I+FQyRPlHWkT5KkJA+NWmTPmxXkj4pMpQ+9kaTPoSzlD6YmZQ+
4JiUPsoxkj7rT5Q+ncOUPpz5lD7SuZQ+aS6WPk3nlT6fG5U+X3GWPsGAlj7x4JM+r92VPk2K
lz7iQJc+1xqZPrrglz5Zwpc+Mk6YPjsdmD61j5Y+SwyYPiwplz4Ir5c+6J6aPoJtlz7VLZo+
EiuZPrBkmD4pYZg+9eqXPl91mj71hJo+eBCcPnOUmD6yipg+RHOaPpiumj78dZo+SbOaPtHf
nD5Xs5s+Q1CcPmzsmz4M0Zw+CLibPnBhnD5PdJs+b/GaPj7onT7z650++PubPofUmz49mJw+
A1WdPrEbnT7wT50+06adPsrNnD5m7J4+ii2dPq6enT6eF54+tN+ePhLrnj4qx5w+zTShPuXx
nT6DlJ8+YBifPkSInz73P58+cUagPiQgoD4uVJ8+GE2gPulInz7HzJ8+zNuhPqU8oD4BGqE+
1KOiPrOAnz7P06A+Nw+hPlVynz4QLaA+MwKhPpbsnz4HcaE+dRChPiemoj7sgJ8+jSaiPpRm
oj67bKI+zo2hPuukoD4v/KI+HjSiPhRSoT5kQ6E+BuCiPmZsoT6+qKI+VMOhPo9FoT7PwaE+
fsmiPrWioj4T+aU+KYSjPhh4oj7m26E+5tCjPibuoz7Qu6I+y5+jPm1ypD79g6Q+TcmiPkZD
pT5iJKM+0xKlPqH7oz754qE+rhmjPrZAoz42baQ+t8ylPkE1pT46nqQ+3LejPhHFpD5fGqU+
QpCkPgkgpT77b6U+p4+jPpbDpD6T6aU+pL6kPtqooz5xVqY+jTelPmfEpD7rQKQ+TiynPvCW
pT62sKU+E5mlPu5spT5wy6Y+n5emPr34pj6NGKc+w8umPsDEpz4QDKg+cgSlPsOTpj4wxqU+
vGilPgOvpT7clqY+9ESlPvsupj5l+Kc+a4mnPkmxpT408Kc+uhGoPg+4pT77uaY+xAmnPs51
qD4JCac+eVSoPtXlpz7hM6c+6z+pPtVtpz782qg+lGCoPp/upj4kwqY+V2KnPh+6qD5E3qc+
OsGnPqGLqD7fDak+xwuoPr/Npj6YDKk+XNuoPrkZpz5S4Kc+UbKlPkIBqj6WGao+e1aoPk7J
qD6B8Kc+8T6oPvIPqD5M2ac+pcGoPmSFpz4u36c+itamPgL1qD69iak+irKoPmxnqj5xaKk+
uTCnPrOZqj5tqac+bLipPgF5pj7e6ac+He2pPhYMqT5tTag+JoioPhUgqj4v0Ks+acenPlbS
qT6OLas+32GqPm1+qT7nT6k+SYiqPnmKqT5ehKk+yUGqPqBmqj7kH6k+q+ioPhLuqT4hzak+
vx2qPlYUpz5piKo+sv2oPr9xqT7lb6o+gwSqPvMNqj5otKg+tIGqPnUDqj4ZVak+sOSpPvaW
qj59Yaw+wFCoPgknqz6ky6o+bGGqPi7tqj607qo+R3aqPqLhqT77X6o+iOOoPrxGrD6SDqs+
n56rPnwJqz4cqKo+9r2qPtE4rD6CNak+fSupPhZXqz5Gfak+ybWsPsZkqz484aw+ExmqPu+p
qz6Laqs+EbOqPkwcrD4m7Kk+YDusPtd0qT7YzKs+VMeqPpZjqj732Kw+KfirPioRrD4kM6o+
olKrPpJzqz5vcqs+muypPrADrD6Vkqw+G3iqPnSuqz6CTqo+iUirPoW/rT6C8qo+Om+sPnQg
rD6eQKs+mUurPhQ+qj7Xdqs+Xm6sPpoJrD61bKs+K+6qPoFOrT4Oaas+VYasPgj8qz5Vq6w+
I4CrPnJoqj7t/Ks+xjOrPlR2qz75Ca0+kR6tPnH7qz4IKqw+sRatPiZcrD7S96o+bBirPu7y
rT6lwa0+Wq2rPleGqz6SOKs+2TuuPmxSrT6XGa0+TJSrPoMWrD5fnak+9DmsPimmrT5JbKw+
vhSuPkjOrT7GFq0+wPCrPluXqz50nq4+jhutPk5vrD5x1aw+Ta+tPtsZrT6CUKs+zjGsPoez
rT5fMKw+QUquPmDkrD6l6aw+m3KsPlq2qz5KOqw+sKytPjilrD7DEqw+aRGuPq8FrD5EdK0+
s32tPoZSrD4JGa0+796tPnebrD52n6w+rjCvPhrerD4jSaw+40asPhh8rD5bxKw+hqitPjr3
rT4amq0+LTusPptorD4Gs60+ij+uPs44rz4Kxq0+i3asPkzNrT47la8+As+vPu6wrT4aCa4+
GL+sPgHbqz4XCbA+BketPh8yrj4Jja4+gGGvPh/6rT6tda8+R5uvPqpZrz7Rl64+flKuPuBP
rT5vdK0+hrCtPmqlrD7Gva0+JYyuPsAcrT79k64+iMitPiVwrj6WL64+v1mvPuaQrj6lva4+
8RSuPiZQrT5iL60+QtmvPvGMrz6Qfq8+i7euPnWQrz6DTq0+LEyuPjXarj77J68+mMawPuE9
sD4ax60+G7+vPrRSsD7NwrA+ipmvPqsssD6IbbA+Ap6uPsrorj7mYa4+3AmuPhVyrj5m4q0+
VpuuPiAarz6abLA+4EyuPhvqrj7BTq4+7p+tPglDrj7AQK8+AQivPqairj46ka4++gWuPkVM
rj59Oa4+Y1euPq4Orz6uxa4+Z2avPu8brT6q4a8+jP2uPvyfsD4h668+7y+vPtMcrz56wrA+
E/evPsPArT41Yq0+fImuPs7krj7r1K0+Gz6uPttmrz45n64+AQmuPvIdsD6VUa4+B5muPktn
rT6jDLA+BrywPoukrj6w9q8+FI6wPqqHrz4db68+78SuPlpgrz5zA68+guasPsZ0rz4uuq8+
lZ+uPm8Yrz4psq4+teSvPv8hsD6U360+</AssayYData></Step></KineticsData></ExperimentResults>
