<?xml version="1.0" encoding="UTF-8" standalone="yes"?>
<ExperimentResults><ExperimentInfo Name="20250917 PE P5216 - 5377 plate 2 kappa 50 ugl"><ExpDescription>AHC example method - full characterization&#13;
Analyte titration series with reference channel</ExpDescription><RTDVersion>2.0</RTDVersion><RunID>D3453E7F-D910-462D-B051-2D13E2863725</RunID><ExperimentType>KINETICS</ExperimentType><ExperimentSubType>KBASIC</ExperimentSubType><StartDateTime>2025-09-17T15:40:23</StartDateTime><MachineName>BN7KX12</MachineName><UserName>octet</UserName><LotNumber></LotNumber><PlateName>250917</PlateName><PlateName2></PlateName2><SensorName>H2</SensorName><SensorPlate>1</SensorPlate><SensorType>AHC (Anti-hIgG Fc Capture)</SensorType><SensorRole>LIGAND</SensorRole><SensorInfo></SensorInfo><WritingSW>DataAcquisition.exe 11.0.2.1</WritingSW><InstrumentType>OctetRED96</InstrumentType><InstrumentSerial>FB-50284</InstrumentSerial><InstrumentFW></InstrumentFW><IntegrationTime>2.1</IntegrationTime><DSPType>CPF</DSPType><DSPStitching>1</DSPStitching><HasManifest>1</HasManifest><InfoHash>884671051</InfoHash></ExperimentInfo><AssayParamsInfo/><KineticsData><Step><CommonData><SampleLocation>1</SampleLocation><SampleID>Running Buffer</SampleID><SampleGroup></SampleGroup><SampleInfo></SampleInfo><SampleRow>H</SampleRow><SamplePlate>1</SamplePlate><WellType>BUFFER</WellType><Concentration>-1</Concentration><ConcentrationUnits>µg/ml</ConcentrationUnits><MolarConcentration>-1</MolarConcentration><MolarConcUnits>nM</MolarConcUnits><MolecularWeight>-1</MolecularWeight><Temperature>30</Temperature><StartTime>612978</StartTime><AssayTime>180</AssayTime></CommonData><FlowRate>1000</FlowRate><StepType>BASELINE</StepType><StepName>Baseline 1</StepName><StepStatus>OK</StepStatus><ActualTime>179.998</ActualTime><CycleTime>0.2</CycleTime><AssayXData Points="900">bxKDOqjGSz66Scw+EFgZP83MTD8AAIA/cT2aP28Ssz8IrMw/okXmP2IQAEBqvAxAmpkZQARW
JkAzMzNAAABAQM3MTECamVlABFZmQNEic0AAAIBAZmaGQJzEjEAzM5NAaJGZQM/3n0C0yKZA
nMSsQDMzs0BokblAYhDAQDVexkDNzMxAMzPTQGiR2UDP999ANV7mQJzE7EACK/NAaJH5QM/3
/0AzMwNBTmIGQYGVCUG0yAxBkxgQQRsvE0FOYhZBgZUZQbTIHEHn+x9BMzMjQWZmJkGBlSlB
zcwsQef7L0EbLzNBTmI2QYGVOUHNzDxB5/s/QRsvQ0EIrEZBmplJQbTITEEAAFBBGy9TQeF6
VkGamVlBzcxcQQAAYEEzM2NBZmZmQZqZaUHNzGxBAABwQTMzc0FmZnZBmpl5Qc3MfEEAAIBB
mpmBQTMzg0HNzIRBZmaGQQAAiEGamYlBMzOLQc3MjEFmZo5BAACQQY2XkUEzM5NBzcyUQWZm
lkEAAJhBmpmZQWQ7m0HNzJxBZmaeQQAAoEGNl6FBMzOjQc3MpEFmZqZBAACoQZqZqUEzM6tB
zcysQWZmrkEMArBBmpmxQTMzs0HNzLRBZma2QQAAuEGamblBMzO7Qc3MvEFaZL5BAADAQZqZ
wUEnMcNBwcrEQWZmxkEAAMhBCKzJQTMzy0HBysxBZmbOQfT9z0GamdFBJzHTQc3M1EFmZtZB
9P3XQY2X2UEzM9tBwcrcQWZm3kH0/d9BjZfhQScx40HNzORBWmTmQfT950GNl+lBJzHrQc3M
7EFaZO5BAADwQZqZ8UEnMfNBwcr0QWZm9kEAAPhBmpn5QScx+0HNzPxBZmb+QQAAAELNzABC
k5gBQmBlAkIzMwNC+v4DQtPNBEKTmAVCYGUGQi0yB0L6/gdCbecIQpOYCUJgZQpCLTILQvr+
C0LHywxCk5gNQmBlDkItMg9C+v4PQsfLEEKamRFCYGUSQi0yE0L6/hNCx8sUQpOYFUJgZRZC
LTIXQvr+F0LHyxhCk5gZQmBlGkIzMxtC+v4bQvLSHEKamR1CYGUeQjMzH0L6/h9Cx8sgQpqZ
IUJmZiJCLTIjQgAAJELNzCRCk5glQmZmJkIzMydCAAAoQs3MKEKamSlCZmYqQjMzK0IAACxC
zcwsQpqZLUJmZi5CMzMvQgAAMELNzDBCrJwxQmZmMkIzMzNCDAI0QlrkNEKamTVCbWc2QjMz
N0IAADhCzcw4QpqZOUJgZTpCMzM7QgAAPELNzDxCk5g9QmBlPkItMj9CAABAQs3MQEKTmEFC
ZmZCQlI4Q0IAAERCzcxEQpqZRUJmZkZCMzNHQvr+R0LHy0hCk5hJQmZmSkIzM0tCAABMQs3M
TEKamU1CZmZOQi0yT0L6/k9CzcxQQrKdUUJgZVJCMzNTQvr+U0LNzFRCmplVQmBlVkItMldC
+v5XQsfLWEKTmFlCZmZaQjMzW0IAAFxC081cQpqZXUJmZl5CZDtfQvr+X0LTzWBCmplhQmBl
YkItMmNCAABkQs3MZEKamWVCZmZmQi0yZ0L6/mdCzcxoQr6faUJgZWpCLTJrQgAAbELNzGxC
k5htQmBlbkItMm9CBgFwQs3McEKTmHFCYGVyQi0yc0IAAHRCzcx0QpOYdUJmZnZCMzN3QgAA
eELHy3hCmpl5QmBlekItMntC+v57Qs3MfEKamX1CYGV+Qi0yf0L6/n9C42WAQs3MgEKwMoFC
F5mBQn3/gULjZYJCzcyCQrAyg0IXmYNCff+DQuNlhEJKzIRCsDKFQheZhUJ9/4VC42WGQkrM
hkKwModCF5mHQn3/h0LjZYhCSsyIQrAyiUKynYlCAACKQuNlikLNzIpCsDKLQpqZi0IAAIxC
ZmaMQs3MjEIzM41CmpmNQgAAjkJmZo5CzcyOQjMzj0KamY9CAACQQmZmkELNzJBCMzORQpqZ
kUIAAJJCZmaSQs3MkkIzM5NCmpmTQgAAlEJmZpRCzcyUQjMzlUKamZVCAACWQuNllkLNzJZC
MzOXQpqZl0IAAJhCZmaYQs3MmEIzM5lCmpmZQgAAmkJmZppCzcyaQjMzm0KamZtCAACcQmZm
nELNzJxCsDKdQpqZnUIAAJ5CZmaeQkrMnkIzM59CmpmfQgAAoEJmZqBCzcygQjMzoUKamaFC
AACiQmZmokLNzKJCsDKjQpqZo0IAAKRCZmakQs3MpELDNaVCmpmlQn3/pUJmZqZCSsymQrAy
p0KamadCff+nQuNlqEJcz6hCsDKpQheZqUIAAKpCZmaqQkrMqkIzM6tCF5mrQgAArEJmZqxC
zcysQjMzrUKama1CAACuQuNlrkLNzK5CMzOvQpqZr0J9/69C42WwQkrMsEIzM7FCF5mxQn3/
sULjZbJCSsyyQrAys0KambNCff+zQmZmtEJKzLRCsDK1QheZtUIAALZC42W2QkrMtkKwMrdC
F5m3QgAAuELjZbhCSsy4QrAyuUIXmblCff+5QmZmukJKzLpCsDK7QpqZu0IAALxCZma8Qs3M
vEKwMr1CF5m9Qn3/vULjZb5Czcy+QjMzv0IXmb9CAADAQmZmwEJKzMBCMzPBQheZwUIAAMJC
42XCQkrMwkIzM8NCmpnDQgAAxELjZcRCzczEQjMzxUKamcVCiQHGQvxpxkLNzMZCMzPHQpqZ
x0IAAMhCZmbIQs3MyEIzM8lCmpnJQgAAykJmZspCzczKQjMzy0KamctCAADMQmZmzELNzMxC
MzPNQpqZzUIAAM5CZmbOQs3MzkIzM89CmpnPQn3/z0JmZtBCe9TQQrAy0UKamdFCff/RQmZm
0kLNzNJCMzPTQpqZ00IAANRCZmbUQkrM1EIzM9VCmpnVQgAA1kJmZtZCzczWQjMz10IXmddC
AADYQmZm2ELNzNhCMzPZQpqZ2UIAANpCZmbaQs3M2kKwMttCmpnbQn3/20JmZtxCSszcQjMz
3UKamd1CAADeQuNl3kLZzt5CMzPfQpqZ30IAAOBC42XgQs3M4EIzM+FCmpnhQgAA4kLjZeJC
SsziQrAy40IXmeNCff/jQmZm5ELNzORCsDLlQqab5UIAAOZCZmbmQs3M5kIzM+dCF5nnQn3/
50LjZehCXM/oQjMz6UIXmelCff/pQuNl6kJKzOpCsDLrQpqZ60IAAOxCZmbsQkrM7EKwMu1C
F5ntQn3/7ULjZe5CzczuQrAy70IXme9Cff/vQmZm8ELNzPBCMzPxQheZ8UJ9//FC42XyQs3M
8kI/NfNCmpnzQn3/80JmZvRCzcz0QrAy9UKamfVCff/1QmZm9kJKzPZCsDL3QheZ90J9//dC
42X4QkrM+EKwMvlCmpn5Qn3/+ULjZfpCzcz6QjMz+0IXmftCPQr8QuNl/EJKzPxCMzP9QpqZ
/UIAAP5CZmb+Qs3M/kIzM/9Cmpn/QgAAAEMzMwBDZmYAQ5qZAEPNzABDAAABQzMzAUNmZgFD
mpkBQ83MAUMAAAJDMzMCQ2ZmAkOamQJDzcwCQwAAA0PyMgNDZmYDQ5qZA0PNzANDAAAEQzMz
BENmZgRDmpkEQ83MBEPXAwVDMzMFQ2ZmBUOamQVDkc0FQwAABkMzMwZDZmYGQ5qZBkOLzAZD
AAAHQzMzB0NmZgdDmpkHQ83MB0MAAAhDMzMIQ2ZmCENYmQhDi8wIQwAACUPyMglDi2wJQ1iZ
CUPNzAlDAAAKQ/gzCkNmZgpDWJkKQ83MCkMAAAtDMzMLQyVmC0NemgtDi8wLQ77/C0MzMwxD
JWYMQ5qZDEOLzAxDvv8MQ/IyDUMlZg1DWJkNQ4vMDUMAAA5D8jIOQyVmDkM1ng5Di8wOQwAA
D0PyMg9DJWYPQ1iZD0OLzA9Dvv8PQzk0EENmZhBDmpkQQ83MEEO+/xBD8jIRQ2ZmEUNYmRFD
i8wRQ77/EUPyMhJDqGYSQ1iZEkOLzBJDvv8SQzMzE0NmZhNDWJkTQ4vME0O+/xND8jIUQyVm
FENYmRRDzcwUQ77/FEMzMxVDrmcVQ1iZFUOLzBVDvv8VQ/IyFkOoZhZD25kWQ4vMFkMAABdD
8jIXQyVmF0NYmRdDi8wXQ77/F0MzMxhDZmYYQ1iZGEOLzBhDAAAZQ3UzGUNmZhlDWJkZQ+zR
GUMAABpD8jIaQyVmGkNYmRpDzcwaQwAAG0MzMxtDZmYbQ5qZG0PNzBtDAAAcQzMzHENmZhxD
mpkcQ83MHEMAAB1DMzMdQ2ZmHUOamR1DzcwdQwAAHkMzMx5DZmYeQ1iZHkOLzB5DAAAfQzMz
H0NmZh9DmpkfQ83MH0MAACBDMzMgQ2ZmIEOamSBDi8wgQ77/IEMzMyFDmG4hQ5qZIUPNzCFD
AAAiQzMzIkNmZiJDmpkiQ83MIkMAACNDMzMjQ2ZmI0OamSNDzcwjQwAAJEMzMyRDZmYkQ5qZ
JEPNzCRDBgElQzMzJUMlZiVDWJklQ83MJUMAACZD8jImQ2ZmJkOamSZDzcwmQwAAJ0MzMydD
qGYnQ5qZJ0PNzCdDvv8nQzMzKENmZihDmpkoQ4vMKEMAAClD8jIpQ2ZmKUNYmSlDzcwpQwAA
KkMzMypDZmYqQ1iZKkPNzCpDAAArQzMzK0MlZitDmpkrQ4vMK0NOAixD8jIsQyVmLEOamSxD
i8wsQwAALUPyMi1DJWYtQ5qZLUOLzC1Dvv8tQzMzLkNmZi5DmpkuQ83MLkO+/y5D8jIvQyVm
L0NYmS9Di8wvQ77/L0P4MzBD8GcwQ5qZMEOLzDBDvv8wQ/IyMUNmZjFDWJkxQ83MMUMAADJD
8jIyQyVmMkOamTJDi8wyQ77/MkPyMjNDqGYzQ5qZM0OLzDND</AssayXData><AssayYData Points="900">AAAAAKkVvjtptsc4VCylO5rN1DtHdyA7tvPLO01/Nzu7Mko7Fg3WO0Ns2jt++Qk8sVlPO6G1
IDx5f507dwepOwgHBjsVSXI75jwoPL0d4zsOzRg8nqTSO6XMyzs6nCY8J+jKO5QkszsFNn87
8jTwO6pujzsvNQY8HtGrOwZxATyf/QM8bLsSPJLO4jsqKVw7VKwkPI1i6zu76A88zrfeO2fn
GTw89gI8AWT1OxtrATw9eRE8GGYjPNdb3DuZvJc7zhrjO9jZ7jsdjtw7B/OLOwk2BDzM8vU6
Cd4lPATQ3DvWZSU8JToLPGk0FzzjrQA823KTOx0wKTwQgWU71DMzPLxbrTvYBAE8OPu9O82s
NTwI/qE7khIrPDoguDsqV8M7jyscPF6C5jugPcI76rusO0zxJjzoIrA7t8YhPCo1FDxOrow7
C3g3POWX+TshtO47z7bdOqMYxjshPJM7iHAQPGE22jsu1+g7UqzkO2hOyTsmf/47ZLXOO9TO
Ezw5azw8HucZPJj9DjxuAhw8mOc+PNoFHTydpCs8v1syPB1pMzz9ldc7BFYAPLUkDDxsIck7
pHkSPJxyoDvuIxo8Sz0fPEGcLDx65hc8uVNUPLJ1CTzLyjQ8QgocPOYnyjuqGKk73OkUPPDi
MzzeDBo88sQWPHysXzwu7iw8mR/+OwMN/DudxDw8LQcGPAyLLDwEhHE84MrDO2LECDxvUBo8
rIsYPOt9NzzOP/c7qhHRO2ucxztmZjE8iRn0O0sJ4Ds/qDk8wSAePMr92zspESw8fgwNPG56
3TuDDf47W6nPO83VvztE5Ao8AIgSPAbbXDwfcjM8g436O+f4+zsIX+Y7dUkXPNx2YzwL5DU8
0zQqPHOtVzw+wgc8CbrmO6ZhQzwvpzU8HpFBPOmtDTwsna07PXtoPDlNLTzgABY8hgsXPBwp
cDy6sgI8H58cPO86kjs6TSI8YHsQPCd2Tjw9OEQ8Kw8lPFYqFzyXA+U7Yms4PD7nCDyW0AU8
jeZ9PDHTFTx1Jko8Q1shPEfZRTxNnCQ8upEHPKn7NjyMTx88UQRkPDYA1zv5MSY8CZxZPE0k
JDxthTE8qnwAPKb8DzzZeCY8Ad0EPON+STzFexw8Di47PPLUTTyqvis8vguAPNK7XjxolFA8
L6EGPA0wQzy2QlI8i5w6PGpZPzwUmRo8jmMXPEIxGTzTR1U86bQNPPNeRzx0RzY81YQTPNQQ
HjxMV2A8+34fPP8wJDxDnSc8b0q7O0BVMzwRMG48qW8fPLMETDwuRmM8cT9WPE2FCjyB1yA8
HB8hPCwj8TukIhw8m7dFPOBJVTyyb048+uUkPF0eHjwXKR88bJc7PPjVPjy/9As8q0QcPAKX
YjyFYCU8juHROxSYEjyAlRw83RtRPOEZODzSqSI8YQUIPGs3/jtxOik8KlkFPFhERjz2Ih88
TYlyPNtFWDyBInQ8vofbOx+xQjyDeUE8HjQJPJLqQDwm4VQ8yfk7PErh+TuQ9js8p/H2O8RV
Kjznj0M82ycMPL9ZIzy3Pks8gOlJPBIRDDzvRhM8ye5+O64Qqzt1i5g7g64XPGEodjw+Yxs8
ZXYVPAmTFjzaPSc821csPB+QKDwuL1E8hFDsO/4OWDzkDw88/P4dPFkxQjz+8Vw8ZBgXPJcN
IzzL+Cc8TdsUPLEGbTw5xF08Q/hlPNbsIDycVUE8G1VUPJ8ZPjxyK0E8Tp4lPASXSzzryIE8
VOAmPHhCYTx7RD48rt4JPHXCSjwSD2c80aBGPDJpTzwnJ1I8t8snPIW3RzzdG3M8G9oQPNO/
Vzx3QGw8Et5MPAtxbzw8+1g8xJY8PHNkajzLkjY8J307PGmmLzweEk484YxyPAMpNDxGwVY8
ieJbPBThPjyzGDk8BCfuO0XSNjxxS0w87UohPPaZgjwoBPw7MQtaPKJoIjyrtG88LjJLPJPB
Ozx5unI8/homPEvAJTxFz3Q8cl4+PB5dLzzwijY8PHAXPOBnUDxOHko8+fFiPCOxLDzN2kY8
TUhbPFfzgTwZXRI84vMcPBoJejxebkI8DP8yPAhfVjyxM108Xy9SPCNHajwB/zg8jO0xPHAl
QzyVXDw84rk4PNRdSDwDGCs8Av8vPNJHSTyvTFE8T/1LPCCVejylyGA8wmc1PGsbfDzwMyM8
kQ1sPLz+DzzQeDw8s0lnPNqJJzy+I1U8GetEPMmvPjzlPTU8ZQg2PNzgQzzS3Vg85ZdRPN95
ZzwZ+VU8vilePGoRcDy620M8FX4/PGm0UTxDI1w8CMk3PNeGHzzP9Wk8oK0xPLkqHzzyM0c8
cSNyPKuqMDxDKXM85T0uPDpbaTyCrzU8vIyOPJ/tMjxcp0I8UWBiPPvdOjyqOUc8VSk1PHZ9
cjxRPkQ8xLAOPEFTSzxbklU802B6PIBCijy9a4U8B9xCPGLXXDxsh288OE1WPAfxfzwyXhw8
aIbmO5b/SjweTSA8Y/sVPM8gcTz1GnE8RA1JPH2TeDwSvXY8JfN4PBQMYDwjzDk86W1VPKA1
EzxB3hU8IIgVPLRzZTwj9TU8WB+RPMWFgzxHDC88QK44PFAEgDwuQ1U8UvBGPEOSMjwvT3E8
eZVUPH6fdDxHbxw8h+hCPA3kSTxMXFg83pRaPIY6MTw5ox48f4tWPOpQezxUrlw8YX1vPIQP
RjwMzw48v3RWPP9+ZTz7iGs8QIb0O7aRIzx/u1A8bn41PEphWTzih2w89TGhPItWczzKJjQ8
VyRkPH6VgDxP+Wo8We5RPBrXSjxHk0M8jm1yPPgvMzx/4Fk8MihwPF10GDxt2TI8xAt/PJiF
UTyhIVM8AbFXPAMqTTwJCk88ludlPB48gTzsyHk8iP4yPBP1PDwokUM8S55RPFibaTx+MUI8
D4MhPJcnYzyXaGA87/00PIHHPjyh3m48d84qPLleKTxc4z082Z45PIvGbTzOaWY8NeJkPKk9
LDxxnyA8bPtpPPiWgjzebCo8kZpqPKoxdDzbomg8S0ZjPAfARzy3mXg8MANjPN2mEzxdYVo8
PT5cPEz5GTxttnk8WmtgPH4hODy5CDw8/IxGPIdjVTyGg4o8NkN1PIoMYjy/hRo888pEPIyU
TDwlqGw8QAtZPBFERDyCIEU8xGYdPBo1HzxmAEE8Zm97PB59MDz6D4I8W/ZaPCaSZjyOcVE8
v4Z1PGowPzzc1YU8QhNXPJz0UDyRcUM8BaxRPMj4PzySQx08Wf5BPHbfTzxwFg48XZ98PPso
hzzZVUM8lHlnPBWrZjyDyjg8kQgyPFmNRDweBFk8J+lUPDltRTwouDY8iR9nPAfERzyPqDM8
cIImPIVMajyfXaQ8oGWJPPibEjzCL2w8QG9xPNXMRjwH9x88oTNdPKPQXzyDM2Q85kNDPLUs
ZDyqo2I8wvxrPLEtWTyBnl08aqGIPKkLPjwXzYk8Z0k3PJBccDy7V0I81kAaPAMeNzzL+lQ8
apmDPMk8Vzw9O1Y8EudUPBhBLzw35UE8POJ4PMHRfzx1J1c80TlMPJjXSDwW2D48+O84POVD
Mzzg4yE8D+07PBWLXjxXJHM8fJuCPFMSZDxOKzc8OapDPFaySzz/YHA8NC5RPLSJZjyklTM8
uikOPGmdLzxLaVQ8KuAoPABPUjye+HQ8VDVKPE6/QjxkXiY8TRVtPKwnNjydUlw8Plc2POLf
bTxUx1M8AyZcPCVWXDyYJp48kUlTPMAjgjyw+Tg8FLBRPMxJgTwwNkA87+eJPP/qRzyzWV88
O41HPBMjeTzaZ1U8KFQqPNJNKzxe5m08/MxwPP+NRzwn7UU8IXxcPAOgVzxpRo88L1pyPM6T
UTx5JC08+QpgPFrmFDzQIXY8JYeKPJ9iTDx6Dk88h5xcPObuWDxHMFQ8FBNoPAECQjz24Xg8
8ExUPAB8FjzajXw8XmkuPC++HjwJOIE81zKAPK/kbTzI1Ic8mxphPP2LijzUg348kdUsPBns
TTySum88SExnPNEzbjzm4WQ85dhqPDPtSjxxQF086pCBPFLedTyso2s8b4duPPYrazzo6oc8
A7hNPD4zhDxLPFk8//FKPOVwMTzo8Ho8YtYfPLtWQjylKm48P6yLPHaBbjwSa1k8o1OTPNK4
Kzy5So48LdoUPDvTdjx4cWw8NxpYPHDrXTzpFW88g/N2PFlWczyAfnU8ebpPPPd4cDzBGIQ8
e7NGPIUhMDwX2iQ8OFVfPNVvmzy/JCQ8MS+HPP8QgTxQ4FY8JDtSPOUOlzyGNlo8bF9SPFDg
RDzhj2o8FYpkPI3doTxc5YQ8NvdQPFK3YjwiIGQ8MgqgPL7uUDwAd1E8SH1vPJJZLzy1NHk8
w/iKPMqlkjxTIIM8zvRpPMIikjxFIHs8SFhrPAmpejzOe2Y8Vg+dPN9yGjyieIk8z6igPBs+
YTzcaVI8ToNrPIJjUzzA7m08cX1QPFToUDy+M0s8QLBePO+gbTx+tkg8PjFSPPk7gTyenpQ8
+++CPKXQijwT0Yg84DVnPE1shDzdfF48QLl3PA+oVzzWsBI8q5NxPFMLejwQvEk8BL6TPNJK
gjxIiFE8jb4yPDDYQzwvNHA8dT1ZPHkshTziiU88nsE8PIXCUzzBinE89zBPPAk4aDx3XF08
FuuBPDetajxC+lI8fe9+PFiHbDx/oIY825cgPCrVZjzdumM8DpqMPCjITjwLI0g80FhhPOno
eTwr6lo8bkdEPLDaSzxDtEA8XF1cPN8wVDwbf1w8MCItPBxKVDzUnIo8y1GKPOTlXjxiAT88
p+mLPNGybDzGFzY8lrlWPI/hjjzyAXg8URo9POB+cDyGql08</AssayYData></Step><Step><CommonData><SampleLocation>2</SampleLocation><SampleID>10mM Glycine pH1.7</SampleID><SampleGroup></SampleGroup><SampleInfo>or other Regeneration solution</SampleInfo><SampleRow>H</SampleRow><SamplePlate>1</SamplePlate><WellType>REGENERATION</WellType><Concentration>-1</Concentration><ConcentrationUnits>µg/ml</ConcentrationUnits><MolarConcentration>-1</MolarConcentration><MolarConcUnits>nM</MolarConcUnits><MolecularWeight>-1</MolecularWeight><Temperature>30</Temperature><StartTime>969224</StartTime><AssayTime>20</AssayTime></CommonData><FlowRate>1000</FlowRate><StepType>CUSTOM</StepType><StepName>condition</StepName><StepStatus>OK</StepStatus><ActualTime>20</ActualTime><CycleTime>0.2</CycleTime><AssayXData Points="100">vv8zQ/EyNEPjZTRDFpk0Q0nMNEN8/zRDsDI1QyRmNUMWmTVDScw1Q3z/NUOwMjZDJGY2QxaZ
NkNJzDZDAAA3Q7AyN0PjZTdDFpk3Q0nMN0O+/zdD8TI4QyRmOENYmThDi8w4Q77/OEPxMjlD
JGY5Q1iZOUOLzDlDvv85Q/EyOkMkZjpDWJk6Q4vMOkO+/zpD8TI7QyRmO0MWmTtDScw7Q77/
O0PxMjxDJGY8Q1iZPEOLzDxDvv88Q/EyPUPjZT1DWJk9Q0nMPUO+/z1D8TI+QyRmPkNYmT5D
i8w+Q77/PkPxMj9DJGY/Q1iZP0OLzD9Dvv8/Q/EyQEMkZkBDWJlAQ4vMQEO+/0BD8TJBQyRm
QUNYmUFDi8xBQ77/QUPxMkJDJGZCQ1iZQkOLzEJDvv9CQ/EyQ0MkZkNDWJlDQ4vMQ0O+/0ND
sDJEQyRmRENYmURDi8xEQ3z/REPxMkVD42VFQxaZRUPMzEVDvv9FQ7AyRkMkZkZDWJlGQ0nM
RkN8/0ZD8TJHQ+NlR0MWmUdDi8xHQw==</AssayXData><AssayYData Points="100">t/Flvug3Mr6JzRq+S+YSvuniCr60QAy+r8ENvlywD76C+RW+w+QdvtKhH742Lie+ycElvr3s
Lb7Y8C++wXw5vtCJNb7eWTy+tgo+vpwxQb4uAka+WxdKvgHfSL5OBUq+u8FMvq99Ur6a0lC+
BndXvs4KXL72C1y+n+pcvnRKYr5na2G+TDRhvlo/Zr71m2y+B7hpvhMjbb76mG2+oS51vkOJ
cr5Shm++qfxwvge0eb6aRHy+bi97vtzMdr7Z8Hi+qWqAvlxQgL7SoYG+N7aAvgAagb5wGIK+
wUmCvi5kgr7KMoO+MsGGvosxhr6DHoe+E9OFvuLJib7nMIm+wbyJvihnir5jEIq+OX+Lvl0Y
jL7HkYu+G4KNvnRCi75erY2+0GCPvhNzj75Dko6+pIaQvtYqj75l2pC+LUyQvgw6kr6DzJO+
qLqRvgqNkr58cJO+e1KUvuhBlb60Kpa+AemVvk6qlr7+sZa+JW6WvnOel75Ip5i+NWGYvpdn
lb6dSJu+n1GZvkVbmb5MLZq+Acucvg==</AssayYData></Step><Step><CommonData><SampleLocation>1</SampleLocation><SampleID>Running Buffer</SampleID><SampleGroup></SampleGroup><SampleInfo></SampleInfo><SampleRow>H</SampleRow><SamplePlate>1</SamplePlate><WellType>BUFFER</WellType><Concentration>-1</Concentration><ConcentrationUnits>µg/ml</ConcentrationUnits><MolarConcentration>-1</MolarConcentration><MolarConcUnits>nM</MolarConcUnits><MolecularWeight>-1</MolecularWeight><Temperature>30</Temperature><StartTime>994887</StartTime><AssayTime>20</AssayTime></CommonData><FlowRate>1000</FlowRate><StepType>CUSTOM</StepType><StepName>condition</StepName><StepStatus>OK</StepStatus><ActualTime>20.02</ActualTime><CycleTime>0.2</CycleTime><AssayXData Points="100">vv9HQ7AySEPjZUhDFplIQ0nMSEN8/0hDsDJJQ+NlSUOfmklDi8xJQ3z/SUOwMkpDJGZKQ1iZ
SkNJzEpDfP9KQ7AyS0PjZUtDFplLQ0nMS0N8/0tDsDJMQ+NlTEMWmUxDScxMQ3z/TEOwMk1D
42VNQxaZTUNJzE1DfP9NQ7AyTkMkZk5DFplOQ0nMTkO+/05D8TJPQyRmT0OZmU9DScxPQ77/
T0PxMlBDJGZQQ1iZUEOLzFBDvv9QQ/EyUUMkZlFDWJlRQ4vMUUO+/1FD8TJSQyRmUkNYmVJD
i8xSQ77/UkP3M1NDJGZTQ1iZU0OLzFNDQQBUQ/EyVEMkZlRDWJlUQ8zMVEO+/1RD8TJVQyRm
VUNYmVVDi8xVQ3z/VUPxMlZDJGZWQ1iZVkOLzFZDvv9WQ/EyV0OoZldDXppXQ4vMV0N8/1dD
sDJYQyRmWEMWmVhDi8xYQ77/WEOwMllD42VZQ1iZWUOLzFlDvv9ZQ/EyWkPjZVpDWJlaQ0/N
WkO+/1pD8TJbQ+NlW0MWmVtDqtFbQw==</AssayXData><AssayYData Points="100">Oh9evYifpb38fdG9ElLgvclL473P7uG9m13bvRT/3L2s2ty9bs3XvU6H0L06LdG9p0fCvdRM
yL07msS9/LnGvYp4vb2Dt7m9xmi8vf2ivr3G6ri9bUS7vRBHtr3sj629EoixvdvGq71Nx6i9
GQ2zvTQMqb1Jk6y9q7GnvWBDoL0b0aS9g7SgvTqhn72m3J+9GfugvYTZpb00waC9zJWdvRbD
or2K/p+9AsCRvZkzl71ptpm9NweYvVSSk71EDp29GaGavd31mb2puJW99VaXvWkql7107pm9
ziaWvb/BmL0sU5y9qZGZvZ0bkb2ZJpK9RRKavQl2k71DuJq9QvGXvV30kb1Vz5S9s+uSvaAS
lb188Y29gJqTvdvLi72DWZC9kY6MvZfahb2Q0Yu9h1qZvWrthb2urIu9HaGLvZ3Cjr21QYi9
YcCGvWnxjL04soq9uWaRvRGxir3IEou9IJ+DvRW6hr1Ifoi9zMCMvTNUh73LuI29kgyIvUJr
gr2r2YK9WFiKvX9pdr0nDYi94QmCvQ==</AssayYData></Step><Step><CommonData><SampleLocation>2</SampleLocation><SampleID>10mM Glycine pH1.7</SampleID><SampleGroup></SampleGroup><SampleInfo>or other Regeneration solution</SampleInfo><SampleRow>H</SampleRow><SamplePlate>1</SamplePlate><WellType>REGENERATION</WellType><Concentration>-1</Concentration><ConcentrationUnits>µg/ml</ConcentrationUnits><MolarConcentration>-1</MolarConcentration><MolarConcUnits>nM</MolarConcUnits><MolecularWeight>-1</MolecularWeight><Temperature>30</Temperature><StartTime>1020670</StartTime><AssayTime>20</AssayTime></CommonData><FlowRate>1000</FlowRate><StepType>CUSTOM</StepType><StepName>condition</StepName><StepStatus>OK</StepStatus><ActualTime>20</ActualTime><CycleTime>0.2</CycleTime><AssayXData Points="100">3QRcQ883XEMCa1xDNZ5cQ2jRXEObBF1DEDhdQwJrXUN3nl1DaNFdQ5sEXkPPN15DQ2teQ3ee
XkOq0V5DmwRfQ883X0MCa19DNZ5fQ2jRX0ObBGBDEDhgQwJrYEM1nmBDaNFgQ5sEYUPVOGFD
AmthQ3eeYUPr0WFDmwRiQxA4YkNDa2JDd55iQ6rRYkPpBmNDEDhjQ0NrY0N3nmNDqtFjQ90E
ZEMQOGRDQ2tkQ3eeZEOq0WRD3QRlQxA4ZUNDa2VDd55lQ6rRZUPdBGZDEDhmQ0NrZkN3nmZD
qtFmQ90EZ0PPN2dDQ2tnQ3eeZ0Oq0WdD3QRoQ1I4aENDa2hDd55oQ6rRaEMlBmlDEDhpQ0Nr
aUN3nmlDqtFpQ90EakPPN2pDQ2tqQzWeakOq0WpD3QRrQxA4a0PTbWtDd55rQ6rRa0PdBGxD
EDhsQ0NrbEN3nmxDqtFsQ90EbUMQOG1DAmttQ3eebUNo0W1D3QRuQ883bkMCa25DNZ5uQ2jR
bkPdBG9DzzdvQ0Nrb0M1nm9DqtFvQw==</AssayXData><AssayYData Points="100">UKexvmRylr7zd4W+C4h6vrMAdb6fAHW+wFZ2vp2ddr7qg3a+MAt7vrOzgL5nzYC+vCOCvhEZ
hL5SoYS+e+WEvq9Yh74xM4e+SAWJvmUpir4byYu+g1iNvl7rjb5L/I6+x3yQvlnUj77J65C+
ZayPvq6gk75HuJK+EeOSvoE9kr4M8ZK+XTmVvpCplr7+apa+dZSYvsk6lr5CyJm+x4WWvmuN
mL6t4Jm+NsWavnHhmr5LUpu+ny2avub3mr7LF56+yjGevtgAnb7f1J++WYmdvsSyn74HYaG+
Kc+fvl8OoL7NbZ++YEGgvmWeoL5NYqO+tTahvphRor7W2qK+Ce6jvmL9o77VJKO+FvCivnDi
or6Zd6a+0kOlvgi2pL4IRae+B9amvu3ppr4yaai+OUunvhatqb4jO6i+kwaovpdxqr5RpKm+
jM+rvuHpqb5Ehqu+btiqvhjzq75vF6u+HBCqvkQkrr4jEau+YEKtvuHaq74Gtq2+hTSwvqQ0
sL5QC6++xGetvlGrrr5Ftqy+cBKwvg==</AssayYData></Step><Step><CommonData><SampleLocation>1</SampleLocation><SampleID>Running Buffer</SampleID><SampleGroup></SampleGroup><SampleInfo></SampleInfo><SampleRow>H</SampleRow><SamplePlate>1</SamplePlate><WellType>BUFFER</WellType><Concentration>-1</Concentration><ConcentrationUnits>µg/ml</ConcentrationUnits><MolarConcentration>-1</MolarConcentration><MolarConcUnits>nM</MolarConcUnits><MolecularWeight>-1</MolecularWeight><Temperature>30</Temperature><StartTime>1046339</StartTime><AssayTime>20</AssayTime></CommonData><FlowRate>1000</FlowRate><StepType>CUSTOM</StepType><StepName>condition</StepName><StepStatus>OK</StepStatus><ActualTime>20</ActualTime><CycleTime>0.2</CycleTime><AssayXData Points="100">3QRwQ883cENDa3BDNZ5wQ2jRcEPdBHFDEDhxQwJrcUM1nnFDqtFxQ90EckPPN3JDAmtyQ3ee
ckOq0XJDmwRzQ883c0NDa3NDd55zQ6rRc0ObBHRDzzd0QwJrdEN3nnRDqtF0Q90EdUMQOHVD
Q2t1QzWedUNu0nVD3QR2QxA4dkNDa3ZDNZ52Q7bTdkObBHdDzzd3QwJrd0N3nndDaNF3Q90E
eEPPN3hDAmt4QzWeeENo0XhDmwR5Q883eUMCa3lDNZ55Q6rReUObBHpDzzd6QwJrekM1nnpD
qtF6Q90Ee0NSOHtDAmt7QzWee0No0XtDJQZ8Q883fEMCa3xDNZ58Q2jRfEObBH1DEDh9QwJr
fUM1nn1DaNF9Q90EfkPPN35DAmt+QzWefkOq0X5DmwR/Q883f0MCa39DNZ5/Q6rRf0NOAoBD
5xuAQ6I1gEM7T4BD1WiAQ26CgEMInIBDorWAQzvPgEPV6IBDbgKBQwgcgUOiNYFDO0+BQ9Vo
gUNugoFDCJyBQ6K1gUM7z4FD1eiBQw==</AssayXData><AssayYData Points="100">i7yCvZd50L3Na+69Pl8AvmS6A758KwW+GdwEvhMK/73TLf29advwvT5b/72/yfi9ByzvvZAn
771o9O69ox7nvT+V7L2+Ae69d6DjvW+k473equC9NG/mvcDP2b1aa+K9E1fevdYx1r27ANm9
TQnXvdmL2L0B3dG9p7bMva9F0r0HLta9OSnQvWm40b2Kxcu9ArDRvaKVzr3TLsa9GKDPvZqA
x71UZMq9TCzJvdGTx737cse9sOrFvane0L3ds8S9+CvMvZXywr2UZ8W9163CvdCLxb3+RMe9
THnBvSTZur184rm9hEzCvdkXv72dpL69Mw/FvVTewb27Xri9XL/Gveg4w71Vd7690Aq+vQM5
yb3Byr2933a+vfNUxL0Nib+9G/G8vUTwvb2Te7S9U3u5vSZNv73Ttr69QYG4vcBmuL3COrm9
zze9vc7wvL3y9bK9/ZO0vaQnt72+Ubu93wC8vQ/cu72SsbS9W2O5vZFut71R6La9xYuwvUos
tL2sNrm9lEO2vdYqu70ctLe9fu61vQ==</AssayYData></Step><Step><CommonData><SampleLocation>2</SampleLocation><SampleID>10mM Glycine pH1.7</SampleID><SampleGroup></SampleGroup><SampleInfo>or other Regeneration solution</SampleInfo><SampleRow>H</SampleRow><SamplePlate>1</SamplePlate><WellType>REGENERATION</WellType><Concentration>-1</Concentration><ConcentrationUnits>µg/ml</ConcentrationUnits><MolarConcentration>-1</MolarConcentration><MolarConcUnits>nM</MolarConcUnits><MolecularWeight>-1</MolecularWeight><Temperature>30</Temperature><StartTime>1071861</StartTime><AssayTime>20</AssayTime></CommonData><FlowRate>1000</FlowRate><StepType>CUSTOM</StepType><StepName>condition</StepName><StepStatus>OK</StepStatus><ActualTime>19.999</ActualTime><CycleTime>0.2</CycleTime><AssayXData Points="100">bwKCQ+gbgkOiNYJDPE+CQ7VogkNvgoJDCZyCQ6K1gkM8z4JD1eiCQ28Cg0PoG4NDojWDQxtP
g0PVaINDToKDQwmcg0OitYNDPM+DQ7Xog0NOAoRDCRyEQ6I1hEM8T4RDtWiEQ2+ChEMJnIRD
orWEQzzPhEPV6IRDbwKFQ+gbhUOiNYVDPE+FQ9VohUNvgoVD6JuFQ6K1hUMbz4VD1eiFQ28C
hkMJHIZDojWGQxtPhkO1aIZDb4KGQ+ibhkOitYZDG8+GQ7XohkNvAodD6BuHQ6I1h0MbT4dD
tWiHQ06Ch0Pom4dDorWHQzzPh0O16IdDTgKIQ+gbiEOBNYhDG0+IQ9VoiENOgohDCZyIQ4G1
iEMbz4hDteiIQ04CiUMJHIlDgTWJQxtPiUO1aIlDToKJQwmciUOitYlD4M+JQ9XoiUNOAopD
6BuKQ4E1ikMbT4pDtWiKQ06CikM2nopDgbWKQxvPikO16IpDTgKLQ+gbi0OiNYtDPE+LQ9Vo
i0NOgotDCZyLQ4G1i0M8z4tDteiLQw==</AssayXData><AssayYData Points="100">5UrCvhquqb7hTZu+tl2UviEMkb6BTZC+HkGOvuehlL6HQZO+QbSVvoRNlL5a/5e+e7SYvjQH
m777aZq+iniZvsrfnb70AJ++KAOfvh6Sn74BZaC+p1efvvYJpL7j3qG+G/mjvtNko76sVaK+
/36lvtwJpb6UrKW+Zs2ovp/Ypr5jYqe+Mqaovozvqb5T7Ki+BgeqvulYrL4OD62+9oCpviyg
rL7i56y+WQqtvvjSrL6znq++7E6tvvqVrr7YbrG+pRSvvi/hsL49sa6+/oGxvjaesr5Cx7C+
9+OvvqXHsr6GurG+pQ+0vl5Cs74rgbO+NYezvsE9s76hE7a+59S2vhdzs74B3LS+duy1vnFq
tr4DY7a+YnG2vjN8ub64mbe+clW5vuqOt76k1Li+3lW5vhZoub7wXLm+k527vkA8ur7oWby+
U7a8vvgou76Osbm+S5u5vr64vb6Hsby+5f69vl7ju76T17u+VEm9vt0Pvr69mby+bvi9vuSp
vb6xIb++nSm/vnYAwL4ywb6+NVe9vg==</AssayYData></Step><Step><CommonData><SampleLocation>1</SampleLocation><SampleID>Running Buffer</SampleID><SampleGroup></SampleGroup><SampleInfo></SampleInfo><SampleRow>H</SampleRow><SamplePlate>1</SamplePlate><WellType>BUFFER</WellType><Concentration>-1</Concentration><ConcentrationUnits>µg/ml</ConcentrationUnits><MolarConcentration>-1</MolarConcentration><MolarConcUnits>nM</MolarConcUnits><MolecularWeight>-1</MolecularWeight><Temperature>30</Temperature><StartTime>1097373</StartTime><AssayTime>20</AssayTime></CommonData><FlowRate>1000</FlowRate><StepType>CUSTOM</StepType><StepName>condition</StepName><StepStatus>OK</StepStatus><ActualTime>20</ActualTime><CycleTime>0.2</CycleTime><AssayXData Points="100">TwKMQ+kbjEOCNYxD+06MQ5VojEMugoxD6ZuMQ4K1jEP7zoxDleiMQy4CjUPIG41DYTWNQ/tO
jUO1aI1DT4KNQ8ibjUNhtY1D+86NQ5XojUMuAo5DyBuOQ2E1jkMcT45DlWiOQy6CjkPIm45D
YbWOQxzPjkPW6I5DLgKPQ+kbj0NhNY9DHE+PQ5Voj0Mugo9D6ZuPQ2G1j0Mcz49DteiPQ08C
kEPpG5BDgjWQQxxPkEObaZBDT4KQQ+mbkEOCtZBDHM+QQ7XokENPApFD6RuRQ6M1kUMcT5FD
tWiRQ0+CkUPpm5FDgrWRQxzPkUO16JFDTwKSQ+kbkkOCNZJDHE+SQ7VokkNPgpJDrZySQ4K1
kkMcz5JDteiSQ08Ck0PpG5NDYTWTQxxPk0O1aJNDT4KTQ+mbk0OCtZND+86TQ7Xok0NPApRD
yBuUQ4I1lEP7TpRDlWiUQ0+ClEPpm5RDo7WUQxzPlEO16JRDTwKVQ+kblUNhNZVDHE+VQ5Vo
lUNPgpVDyJuVQ2G1lUMcz5VDteiVQw==</AssayXData><AssayYData Points="100">igk4vXTo1L3CwQS+gxMMvljeE748wRS+jtwSvu6FEr4mPA++10wLvhIoDr55pwu+7UQLvg4z
Cr4/2Qm+CgsJvkUTB75yQwO+dpQAvmAvBb4lMQS+Dc4Cvqoc/72W6fu9QFP+vbB2+72X6e+9
Lcv9vdBpAL4envu902jzvXVDAL4Wu+y9doT2vQ4W7b0FCeq9RfPzvddR7L3cR+W97LjxvY7p
6b3A6vK9dk/svQx/6r2htuq9YdHyvUCX7L3lOey9nQThvWwR5r0tuvC9SFjpvQ0N6r3LJeW9
Pj/evfXP5L3RReS9u8DfvdGJ571JDuK9bvzdvYcN5r3pUOS9QWrlvWE04r1bkNy9v6Dgvf29
4L3Xety9ZafdvVeC4L1OP9+9Lo3bvd0H373Ubtq9H8PlvUen3r09Dtu9y/bTvQVr2L0tGNq9
hY7evVDS1L0oMdW9KEDVvWxp2L3rbti9fPDavetz2L20ANm9pkPavVxy2L2mrti9wJ3WvSvw
2L3JLNa9ynTXvbFj3r2tite923navQ==</AssayYData></Step><Step><CommonData><SampleLocation>3</SampleLocation><SampleID>Running Buffer</SampleID><SampleGroup></SampleGroup><SampleInfo></SampleInfo><SampleRow>H</SampleRow><SamplePlate>1</SamplePlate><WellType>BUFFER</WellType><Concentration>-1</Concentration><ConcentrationUnits>µg/ml</ConcentrationUnits><MolarConcentration>-1</MolarConcentration><MolarConcUnits>nM</MolarConcUnits><MolecularWeight>-1</MolecularWeight><Temperature>30</Temperature><StartTime>1123544</StartTime><AssayTime>120</AssayTime></CommonData><FlowRate>1000</FlowRate><StepType>BASELINE</StepType><StepName>Baseline 120</StepName><StepStatus>OK</StepStatus><ActualTime>120</ActualTime><CycleTime>0.2</CycleTime><AssayXData Points="600">TwKWQ8gblkNhNZZD4E+WQ5VolkMugpZDyJuWQ2G1lkP7zpZDleiWQy4Cl0PIG5dDYTWXQxxP
l0OVaJdDLoKXQ+mbl0OCtZdDHM+XQ5Xol0MuAphD6RuYQ4I1mEP7TphDlWiYQ0+CmEPpm5hD
grWYQxzPmEO16JhDTwKZQ+kbmUOCNZlDHE+ZQ7VomUNPgplD6ZuZQ4K1mUMcz5lDteiZQ08C
mkPpG5pDgjWaQxxPmkOVaJpDT4KaQ8ibmkOCtZpDHM+aQ7XomkNPAptDyBubQ2E1m0P7TptD
tWibQ5GCm0Ppm5tDgrWbQxzPm0O16JtDTwKcQ+kbnEOCNZxDHE+cQ7VonENPgpxD6ZucQ4K1
nEMcz5xDleicQy4CnUPIG51DgjWdQxxPnUO1aJ1DT4KdQ+mbnUOCtZ1DHM+dQ7XonUNPAp5D
SxyeQ2E1nkMcT55DlWieQy6CnkNsnJ5DYbWeQ/vOnkOV6J5DcAKfQ8gbn0OCNZ9D+06fQ5Vo
n0NPgp9D6ZufQ2G1n0P7zp9DleifQy4CoEPIG6BDgjWgQ8BPoEOVaKBDLoKgQ+mboEOCtaBD
+86gQ5XooENPAqFDyBuhQ6M1oUP7TqFDlWihQ3CCoUPIm6FDgrWhQ/vOoUOV6KFDLgKiQ8gb
okNhNaJD+06iQ7VookNVg6JDyJuiQ4K1okMcz6JDleiiQy4Co0PIG6NDgjWjQ/tOo0OVaKND
T4KjQ8ibo0OCtaNDHM+jQ5Xoo0MuAqRDyBukQ2E1pEP7TqRDlWikQy6CpEPIm6RD5LWkQ/vO
pEOV6KRDLgKlQ+kbpUNhNaVD+06lQ5VopUMugqVDyJulQ2G1pUP7zqVDleilQy4CpkPpG6ZD
gjWmQ/tOpkP3aKZDT4KmQ+mbpkOCtaZDHM+mQ7XopkNPAqdD6RunQ4I1p0McT6dDtWinQ0+C
p0Ppm6dDgrWnQxzPp0O16KdDTwKoQwkcqEOCNahDHE+oQ7VoqEOQgqhD6ZuoQ4K1qEMcz6hD
teioQ08CqUPpG6lDgjWpQxxPqUO1aKlDT4KpQ+mbqUOCtalDwM+pQ7XoqUNPAqpDCRyqQ4I1
qkPgT6pDlWiqQ0+CqkPpm6pDgrWqQxzPqkO16KpDTwKrQ+kbq0OCNatDHE+rQ7Voq0MugqtD
6ZurQ2G1q0Mcz6tDteirQ/MCrEPpG6xDgjWsQxxPrEPWaKxDT4KsQ8ibrENhtaxDHM+sQ7Xo
rENPAq1DyButQ2E1rUMcT61DlWitQ0+CrUPpm61DR7atQ/vOrUO16K1DLgKuQ+kbrkNhNa5D
+06uQ7VorkNPgq5D6ZuuQ4K1rkP7zq5DteiuQy4Cr0PpG69DYTWvQxxPr0O1aK9DLoKvQ8ib
r0Nhta9D+86vQ5Xor0MuArBD6RuwQ2E1sEP7TrBDlWiwQy6CsEPpm7BDYbWwQxzPsEOV6LBD
LgKxQ8gbsUOCNbFD+06xQ5VosUMugrFDyJuxQ2G1sUMcz7FDleixQy4CskNsHLJDYTWyQ/tO
skO1aLJDLoKyQ8ibskNhtbJD+86yQ5XoskMuArND6RuzQ2E1s0P7TrNDlWizQy6Cs0Ppm7ND
YbWzQ/vOs0O16LNDcAK0Q+kbtENhNbRDwE+0Q7VotEMugrRD6Zu0Q4K1tEMcz7RDtei0Q08C
tUPpG7VDgjW1QxxPtUO1aLVDNIO1Q+mbtUOCtbVDHM+1Q7XotUNPArZD6Bu2Q4I1tkMcT7ZD
lWi2Q0+CtkPom7ZDgrW2QzzPtkO26LZDTwK3Q+gbt0OCNbdD+063Q7Zot0MugrdD6Ju3Qya2
t0Mcz7dDtui3Q08CuEPoG7hD5DW4Q/tOuEO2aLhDLoK4Q+ibuEOCtbhDHM+4Q7bouENPArlD
6Bu5Q4I1uUP7TrlDm2m5Q9iDuUPom7lDgrW5Q/vOuUO26LlDTwK6Q8gbukNiNbpD+066Q5Vo
ukNPgrpD6Ju6Q4K1ukMcz7pDlei6Qy4Cu0PoG7tDYjW7QxxPu0OVaLtDLoK7Q+ibu0OCtbtD
+867Q7bou0NwArxDSxy8Q4I1vEP7TrxDtmi8Q0+CvEPom7xDgrW8Q/vOvEOV6LxDLgK9Q8gb
vUNiNb1DHE+9Q7ZovUNPgr1DyJu9Q4K1vUP7zr1Dlei9Q08CvkPoG75D5DW+Q/tOvkOVaL5D
LoK+Q8ibvkOCtb5DHM++Q7bovkMuAr9DyBu/Q2I1v0McT79DlWi/Q/mDv0PIm79DYrW/QxzP
v0OV6L9DlwPAQ8gbwENiNcBDHE/AQ7ZowEMugsBDyJvAQ2K1wEMcz8BDlejAQy4CwUPIG8FD
gjXBQ/tOwUO2aMFDLoLBQ8ibwUNitcFDHM/BQ5XowUNwAsJDyBvCQ2I1wkP7TsJDtmjCQ0+C
wkPIm8JDYrXCQxzPwkOV6MJDTwLDQ+gbw0OCNcNDHE/DQ7Zow0NPgsND6JvDQ4K1w0Mcz8ND
OOnDQ08CxEPoG8RDgjXEQxxPxEO2aMRDT4LEQ+ibxEOCtcRDHM/EQ7boxENPAsVDyBvFQ4I1
xUMcT8VDtmjFQ0+CxUPom8VDgrXFQxzPxUO26MVDTwLGQ+gbxkOCNcZDHE/GQ5VoxkMugsZD
6JvGQ4K1xkMcz8ZDtujGQ08Cx0PoG8dDgjXHQxxPx0O2aMdDT4LHQ8ibx0OCtcdDHM/HQ7bo
x0NPAshD6BvIQ4I1yEMcT8hDlWjIQy6CyEPIm8hDYrXIQ/vOyEO26MhDTwLJQ+gbyUOCNclD
+07JQ7ZoyUNPgslDyJvJQ4K1yUP7zslDtujJQy4CykPoG8pDgjXKQxxPykOVaMpDLoLKQ+ib
ykOCtcpDkNLKQ5XoykMuAstD6BvLQ4I1y0P7TstDlWjLQy6Cy0PIm8tDgrXLQ/vOy0O26MtD
LgLMQ+gbzENiNcxD+07MQ5VozENPgsxD6JvMQ2K1zEP7zsxDtujMQ08CzUPIG81DYjXNQ/tO
zUOVaM1DLoLNQ8ibzUNitc1D+87NQ7bozUMuAs5D6BvOQ4I1zkP7Ts5DlWjOQy6CzkPom85D
grXOQxzPzkOV6M5DLgLPQ8gbz0NiNc9DXU/PQ5Voz0NPgs9D6JvPQ2K1z0P7zs9DlejPQy4C
0EPIG9BDYjXQQ/tO0EOVaNBDLoLQQ+ib0EOjtdBD+87QQ5Xo0ENPAtFD6BvRQ6M10UPgT9FD
tmjRQ0+C0UPom9FDBbbRQxzP0UO26NFD</AssayXData><AssayYData Points="600">LzrrvYK+2L3DYta9P/HbvTvY1r1s8de9DHrcvZF/072NUte9mm3TvWHt0L2yXs29U9PVvUpt
0r3/Ws+9MtLLvQ+Zyb2O68+9zv7KvZ6Hy72pB829x/LKvaLcyr0adcy9z5rRvWVDzL0B7dG9
d7PJvcmKw71UQMq92F3UvSX5zr1Vb9K9hEHOvWdVxL0MFMu98eTOveJkyL166Mm9tknHvbEv
yb38fs69GhXXvUbAw73KsMa9NDTFveK4xb0GV8u93bnFvcw2xL2/78i909W/vZ8pzb1vj8e9
v0TKvZ4gyL2kDsa9eSq/vejO0b0E/Mu9V0jCvS1twL38B8e93GLNvVeoyr0uiMm9wWHKvRiN
uL2e6cS9Hzq/vdcDxb1t6MW97dXJvZQrxr0JVMm9t5TLvWBSxr2j2MK9htnIvemEy717xcq9
uQC+vVccyL3bRL2956W9vXk5w72y2MS9mezDvaSEyb3UKsO9KErDvTcZvL2I08q9jTPDvc1G
ub1JLMa9jqDHvbSyxr3278S94HW+vUjovb0Kz8O9/BC8vQg5y708zMu9jjzAvY8Pxr3Yc8e9
FA7EvfI6wr0//7u9nV+/vUfnxb33O729JOTHvZoGwr1M/MS9sBrAvZ5ov73X/cC9MwTFvfUP
wb3zvL69FLXHvSYpvb18Tru9NnjBvZVswL3zCL69twTEvZ0xub27eMC9Iie/vb6hv72QoL69
xMi+vXd1uL3Nrr69k9m+vRPxuL0c/by9aa+5vaPlv7373769tQS9vWJ7w70BZLe9CVq1vbtB
xb2pF7m9dWnBvdVqw73Ep7+9io+/vaO8ur3sXrq9a0S/vXr4xL23mre93/i9vb6EuL00HLu9
Jr2+vVwNur0Efr+9hmvBvbrit71bl7694JvEveyNvL2r/sC90AK9vQk3tr3FjL69Gj62vSx0
wL0wHrW9lN6/vZjZwL05jrO9EJq8vWnTvL0qg7y9jI7BvYzAwL07PL+9/265vQODtL0kWLW9
8xi3vQWwv70UqsK94HS0vfr6v72HqLu9hFG5vXtlvb019by9RVS5vfYCuL2cpba95va9vfB6
vL1P+7S9N+S6vUSyuL0v9LO9q1C5vRSTu73T4rS9di2/vVTaub2qH8G9Vc61vfjwsL1xPLa9
o6++vT6Brr3nRLC9f0qvvRllsb0bpbu9yF2zvQYPtb0b1bi94quzvXPzub2arbe9zgO3vdmh
sr20JbG9alm+vQ+etL1QSbC9pR+yvQ8+tL21Xba9NQS0vW66tb3DWLW99bOyvVkMsb3Q5bq9
q8muvQvVtr2JLb69RO2wvd2Nvr0HqbG9kGG6ve9Xsr0w4re9+LS5vZ+dur2jvbW9J2i0vZh6
uL0YELe9sCGuvTfIsb019re9qpKuvdQvsr0Bn7O9Caq2vaABtL3Vcba9Gua0vcIqtb1tQLW9
kNa0vUF0tL2jbry9lQ+zvUQctb0Y+q69iUG6va6Lrb3U+bi9M5CxvVXls725pbO9vjC0vUZG
sb3eurW9Rp+zvfhjrr2IBrW9sKqvveoCr71OZ7K9Iqq1vSG8sr0Ht7G9esauvXjFvL0R5bC9
WJSzvXLqsr0APrK9uTuyvZ3zt71wtay92vu4vU8Ktr2B5a29Rjm6vYrnsL23q7G9fDWxvZDm
sL1SdbC9CfuxvXV/rr3d7LG9zYmuvW+Ws73xCLi9XwizvbK5tb2IrKe9BuyxvRZltb1IobK9
IIqyve13rr3TNLS9ZLe1vX02rb35E7K9PWyvve7+sr30WKy9u+6yvdf4pr13fLC99PervSsW
q73EwLK9c9KwvUAAs70mNqq9Iv2vvaFSqr0ZXa292D+uvYWIrr1vIbi9U06zvawvsL1Knq+9
/66zvXDjsr1cqbK9bxqyverbs71BEba9tRmzvesKs72Yg629aQizvWvEsr1QwrW9Txeuvf+0
tb0NoKi95gezvaXGrr3GQ6m94Wu0vWbDtr0XOK299WiwvXIJt704qbe9+72zvd3Dob2t96+9
LgyvvbNhpb0dg669Wg2uvZ6Hs72Bg7G9ujWqvTDwsL1KFLK9kKewvcK5tb099bW90PatvYLK
sb10n669NFezvR2Gub1vWKy98GS1vTYrrb1M/q29SJazvYR3tL1F4qy9K8imvXH6t70yQLO9
lzizvVsStL2Q0bG94xayvdSZrL1lPK+9gQ+3vS4ls71V1Ky9F7itvaassb2pILC9dbyxvUl4
rb3EFbC9Rm2uvUyxrL1mILG9O4+rvdf/q709U6e9yRSqvdIArr3jLaq96rajvSyBq70HYKi9
fU2nvRZgpb0SoLW9s32uvUptqL2XJKy9N2OyvYaWrb2verS9I7K2vQXjrb3uQq+9iLaxvbL8
rL0klbC9Tn6yvcNNq72Xrqu9GKOtvTFdsb24XK+97y21vU4lsL1Rsqy9URWsvfHLs72Zta29
XXGlvXWVsb2YWKy9w22pvR0Pqb0LMaq9NrinvftLsb0UyaG92f2rvatPrr1mkKy93AWvvU0g
qb35PqW9MJ+tvc8SsL0LVaq9jHqrvf7Br730GKy92qCrvb+Jsr3oV6W9jbSjvS+usb3hM629
oHm0vZtDqb0FL6u9pgOvvcmkrL2ESqe9jgSsvTICrL3tLq29PYSovZE3qb2l1qK9FE2rvZ5p
q71UKK69VKCmvep2sr1Ioa29ghWwvVsorr1+bq29RoStvSb+sb2YkqG9jLipvbnSrb1566i9
Sxyivbu2rb11UKa9pAqtvQAxpr1ZyKy9pa+pvdy6qL0q8qu9duurvW1lqL33Fam9Z3SxvTkb
pr0DwK2921SsvYChq72SNqm9UtmqvWwprb2S66i9pJeuvYRfrb1K0ay9mgisvcfNpr3GHam9
ptOyvRjYrr0cCa+9coGsve1xrb3OI6K9kjKvvf3Qrr0mlq+9Zr6lvVHdqr2VlaO9+UirvevH
or2uEKa9kCimvVHCqb0vlKu9nS2ivdekor3VIK29Yc2svcAZrb3LRam9o96lvWAApr0Er6u9
sqyovT3yqb2XnKq9PgirvXOYrb14z6e95G2uvb6Kq71DbK69vIOwva8Xp73LzKO9FUmpvZB2
qb1Yn6y908egvfr7qL2Oo6i9EKS0vSoXo718A6m9WKisvQJAqb1olqa9sB2nvVv3p716UrG9
6yevvdfbp720KK+9NTGlvfBnqL0wkKi9</AssayYData></Step><Step><CommonData><SampleLocation>8</SampleLocation><SampleID></SampleID><SampleGroup></SampleGroup><SampleInfo></SampleInfo><SampleRow>H</SampleRow><SamplePlate>1</SamplePlate><WellType>KLOAD</WellType><Concentration>-1</Concentration><ConcentrationUnits>µg/ml</ConcentrationUnits><MolarConcentration>-1</MolarConcentration><MolarConcUnits>nM</MolarConcUnits><MolecularWeight>-1</MolecularWeight><Temperature>30</Temperature><StartTime>1252077</StartTime><AssayTime>20</AssayTime></CommonData><FlowRate>1000</FlowRate><StepType>LOADING</StepType><StepName>Loading</StepName><StepStatus>OK</StepStatus><ActualTime>20</ActualTime><CycleTime>0.2</CycleTime><AssayXData Points="100">UALSQ8kb0kODNdJDHU/SQ5Zo0kM1g9JD6pvSQ4O10kP8ztJDlujSQ1AC00PqG9NDpDXTQx1P
00O2aNNDUILTQ+qb00ODtdNDHc/TQ7bo00NQAtRD6hvUQ4M11EMIUdRDtmjUQ1CC1EPqm9RD
g7XUQx3P1EO26NRDUALVQ+ob1UODNdVDHU/VQ7Zo1UNQgtVD6pvVQ4O11UP8ztVDtujVQ1AC
1kPqG9ZDgzXWQx1P1kOWaNZDUILWQ+qb1kODtdZDHc/WQznp1kNQAtdD6hvXQ4M110M+T9dD
tmjXQ1CC10Pqm9dDg7XXQx3P10OW6NdDUALYQ8kb2EODNdhDHU/YQ7Zo2ENQgthDyZvYQ2K1
2EP8zthDtujYQ1AC2UPJG9lDgzXZQ/xO2UPXaNlD04LZQ+qb2UODtdlD/M7ZQ5bo2UNQAtpD
6hvaQ2I12kP8TtpDtmjaQy+C2kPqm9pDYrXaQ8HP2kOW6NpDLwLbQ8kb20NiNdtDHU/bQ5Zo
20MvgttD6pvbQ2K120Mdz9tDtujbQw==</AssayXData><AssayYData Points="100">/tHBvfvUv704Fri9j/SzvTe9rr2iTaq9VwyxvfQdsL1cxqi9onOtvcBzrL3HwKq9mROwvWrF
rb1Mhay9ZXylvZTorr1RkqS9C7CivW+ItL0Khai9U3WmvdgWp71iUpy9kGurvS9Kq70ep6e9
H6WqvTlCqb1j1J+9/5Gqva2mpb33Dau96pSivS7aqb080KW9raylvQu1qb0S8ai9kUumvZ/7
pL3ZJKC9KYKlvUZCo72236u98nukvTSVnr0z0qW9AVahvb8PoL3mg6a9RqarvewZpL2k3Km9
786lvWusqL2/mKS910CivdGgpL3HLa69viysvcESob3nrqO9iRijvfw5n71pEqW9FLGgvfBX
o71SJp+9v8+nvXKlor04GKO9rZGevW0tp70S8KG9voqnvc+aor0x/aG9sy+lvUYmnr32gae9
rqKmvQUwpL1a8Zi9SGCbvZH0o70Qv6y95U6hvd/mpr0Bt6e9l2WnvcYZnb26q569X1OevROu
ob1hjKq9q7+kvWVtnb0CXKa9L9+lvQ==</AssayYData></Step><Step><CommonData><SampleLocation>9</SampleLocation><SampleID></SampleID><SampleGroup></SampleGroup><SampleInfo></SampleInfo><SampleRow>H</SampleRow><SamplePlate>1</SamplePlate><WellType>BUFFER</WellType><Concentration>-1</Concentration><ConcentrationUnits>µg/ml</ConcentrationUnits><MolarConcentration>-1</MolarConcentration><MolarConcUnits>nM</MolarConcUnits><MolecularWeight>-1</MolecularWeight><Temperature>30</Temperature><StartTime>1281686</StartTime><AssayTime>60</AssayTime></CommonData><FlowRate>1000</FlowRate><StepType>BASELINE</StepType><StepName>Baseline 60</StepName><StepStatus>OK</StepStatus><ActualTime>60</ActualTime><CycleTime>0.2</CycleTime><AssayXData Points="300">UALcQ8kb3ENiNdxDHU/cQ7Zo3EMvgtxD6pvcQ4O13EMdz9xDlujcQ1AC3UPJG91DiTbdQx1P
3UOWaN1DUILdQ8mb3UNitd1D/M7dQ5bo3UNQAt5D6hveQ2I13kP8Tt5DlmjeQy+C3kPJm95D
YrXeQ/zO3kOW6N5DLwLfQ8kb30NiNd9D/E7fQ7Zo30Mvgt9DyZvfQ4O130P8zt9DlujfQ1AC
4EPqG+BDgzXgQx1P4EOWaOBDUILgQ+qb4EODteBD/M7gQ7bo4EMvAuFDyRvhQ2I14UP8TuFD
tmjhQy+C4UPJm+FDYrXhQ/zO4UOW6OFDLwLiQ8kb4kNiNeJD/E7iQ/ho4kMvguJDyZviQ4O1
4kMdz+JDtujiQ1AC40PqG+NDgzXjQx1P40O2aONDUILjQ+qb40ODteNDHc/jQ7bo40NQAuRD
6hvkQ4M15EP8TuRDtmjkQ1CC5EPqm+RDg7XkQx3P5EO26ORDUALlQ+ob5UODNeVDHU/lQ5Zo
5UNQguVDyZvlQ4O15UMdz+VDtujlQ1AC5kPqG+ZDgzXmQx1P5kO2aOZDUILmQ+qb5kNiteZD
/M7mQ7bo5kNQAudD6hvnQ2I150MdT+dDtmjnQ1CC50Pqm+dDg7XnQx3P50OW6OdDUALoQ+ob
6EODNehDHU/oQ7Zo6ENQguhD6pvoQ4O16EP8zuhDtujoQy8C6UPqG+lDYjXpQx1P6UO2aOlD
UILpQ+qb6UNitelDHc/pQ5bo6UNQAupDyRvqQ4M16kMdT+pDtmjqQy+C6kPJm+pDg7XqQ/zO
6kO26OpDLwLrQ+ob60ODNetD/E7rQ5Zo60MvgutD6pvrQ2K160Mdz+tDlujrQ1AC7EPqG+xD
YjXsQ/xO7EOWaOxDL4LsQ8mb7ENitexD/M7sQ7bo7EM1A+1DyRvtQ2I17UP8Tu1DtmjtQy+C
7UPqm+1DYrXtQ/zO7UOW6O1DLwLuQ8kb7kNiNe5D/E7uQ5Zo7kNQgu5DyZvuQ2K17kP8zu5D
lujuQ1AC70PJG+9DgzXvQ/xO70OWaO9DUILvQ8mb70ODte9D/M7vQ5bo70MvAvBDyRvwQ4M1
8EMdT/BDtmjwQy+C8EPqm/BDg7XwQ/zO8EO26PBDUALxQ+ob8UODNfFDHU/xQ7Zo8UNQgvFD
6pvxQ4O18UMdz/FDtujxQ1AC8kPqG/JDgzXyQx1P8kO2aPJDUILyQ+qb8kODtfJDHc/yQ7bo
8kNQAvND6hvzQ4M180MdT/NDtmjzQ1CC80Pqm/NDg7XzQx3P80O26PNDUAL0Q+ob9EODNfRD
HU/0Q7Zo9EMvgvRDyZv0Q2K19EP8zvRDtuj0Q1AC9UPqG/VDgzX1Qx1P9UO2aPVDUIL1Q+qb
9UODtfVD/M71Q5bo9UNQAvZDEB32Q4M19kMdT/ZDtmj2Qy+C9kPqm/ZDYrX2Qx3P9kO26PZD
LwL3Q8kb90NiNfdD/E73Q7Zo90NQgvdDyZv3Q2K190P8zvdDtuj3Qy8C+EPJG/hDYjX4Qx1P
+EOWaPhDL4L4Q+qb+ENitfhDHc/4Q7bo+EMvAvlDyRv5Q4M1+UMdT/lD+Gj5Q1CC+UPJm/lD
g7X5Qx3P+UO26PlD</AssayXData><AssayYData Points="300">GZJKPpt9Vj4z/ls+AdRfPiVmXj5nC1w+329dPi+7Xj7nul0+UBFcPoEaXj6Lq10+WCdYPnYb
Xj4u9Vw+ZVpbPkJrWz5kR1k+rARePjGBWz7wk1w+OP9fPkXwVz4LOVw+16pWPnm9WT6BcFY+
D+taPjwYWD5lOV0+UyhbPhmyXD5ptVk+BdVYPil7XD5R41k+uIldPmZUWz7A4Vs+efBbPl/q
Wz5G/Vk+zINbPsAYXD6gGl4+tFdfPppbWT7bdVw+X6lZPvH8WT7caVg+uBpZPubrWT7qfVs+
+IhYPslwXD7U8Fg+6xRaPvqrWj7GUlU+XbFYPuu+WT73GFo+jkVaPo6HWT7UXVs+sBdYPlkO
WT7A41o+6otcPvQpWz5RI1s+u0JZPs8rWD62KVk+M+FXPpvIWj5L0V0+HpxWPsV2XD5OYVk+
k4xWPkoLWj4ZtVk+XGtZPnMGVT6Qnlk+BdBSPvmKWD7RcVg+Es9WPmh6Wj4q9ls+jzpXPk2+
VT7WJFU+32ZVPuWaVz7sTFY+Zd1ZPljnVz6wd1g+nk9VPiARVz7muFY+xc5TPspLWD7bUlY+
/U1ZPk6VVT7wRlU+jzlWPlmNXD5rClc+chdVPpuUWD7XvFc+wDlTPtydVD4HPFc+KHFRPkSv
Uz69WlU+AX5TPp4HUz4e81Q+J5ZVPppGUj4culI+9X5PPugRVD71A1I+O9ZSPvL7Uj6gGVQ+
DXhSPgZFUz4qMVc+XIpRPvZ9Uz58SE8+o4RSPnpmVD4I2lM+77lSPm3cUj5Uk1A+nw5VPgUs
Uz7hlFI+X2dQPqIPUz68QE0+RVFRPnlCUD7nJ1E+R2FRPpgUUz4yNFE+p1JRPgx+Tz4w9FM+
qKtSPnSVUD6KUVI+HdlPPuDdTz5sa08+BZZNPjraTD44gFI+/UtNPqVpTT5Ifk4+1BpSPlQf
Uz5nNVE+RDhPPljwTD7hqVA+RCJKPvEdTz49dVM+H+FMPkcMTD7v400+tGZPPrZVSj5LB00+
TNxQPggfSz6IIEw+gixKPh1KTD6ubEs+m/9KPpGXUD7Hk0k+JO9KPpV5TT6/v0g+igxPPgIJ
UT5hW0o+W+ZMPnXBSj6zf0w+AMVIPjB4Sz4xr0s+pkhIPrZ3Sz5ur0s+0WpMPmWHSj4PG0k+
rLpOPvuGTD4mRUw+z0ZOPuklSj7V+Uc+DGlFPqolSj5YWEw+rAhJPvp3TD4dGkk+dEdNPvMP
TD7RH0s+DDNNPlHtSz5aVEg+/oRLPtPPSj6mREk+AIFKPiutTj7+Ekw+RBRLPpfiRz7gOUg+
GL9JPolWSD4EvEk+DA9KPpXwRz7Njks+j4xLPvWKST6gCEY+aOVKPiFRSz4UREs+d+JLPr+a
ST5HvUo+BPZKPvT0Rz7M6kQ+4LBFPorORT5wrkQ+pTZIPvL8RD5Z4UM+MvdFPnJORz6ecEg+
3l5HPkN3RT6gJ0U+/jJJPvoSRz7zgEU+YstEPlsTRz7YTkY+bjpGPnsnSD7tSkU+XVtDPjyK
Rj5cbUk+3VJHPvOlRT7tq0U+yKBEPjTzRD6Ad0M+5WtGPmM7Qz7qaEI+ojxGPo6SSD5drEM+
yaxFPqGvQj7iO0I+</AssayYData></Step><Step><CommonData><SampleLocation>10</SampleLocation><SampleID></SampleID><SampleGroup></SampleGroup><SampleInfo></SampleInfo><SampleRow>H</SampleRow><SamplePlate>1</SamplePlate><WellType>BUFFER</WellType><Concentration>-1</Concentration><ConcentrationUnits>µg/ml</ConcentrationUnits><MolarConcentration>-1</MolarConcentration><MolarConcUnits>nM</MolarConcUnits><MolecularWeight>-1</MolecularWeight><Temperature>30</Temperature><StartTime>1352075</StartTime><AssayTime>20</AssayTime></CommonData><FlowRate>1000</FlowRate><StepType>BASELINE</StepType><StepName>Baseline 20</StepName><StepStatus>OK</StepStatus><ActualTime>20</ActualTime><CycleTime>0.2</CycleTime><AssayXData Points="100">UAL6Q8kb+kODNfpD/E76Q5Zo+kNQgvpDyZv6Q2K1+kP8zvpDluj6Qy8C+0PJG/tDgzX7Q/xO
+0O2aPtDL4L7Qyuc+0NitftDHc/7Q5bo+0MvAvxDyRv8Q4M1/EMdT/xDtmj8Qy+C/EPJm/xD
YrX8Q/zO/EOW6PxDUAL9Q+ob/UODNf1DHU/9Q3tp/UMvgv1D6pv9Q2K1/UM+z/1Dluj9Q1AC
/kPJG/5DYjX+Q/xO/kOWaP5DL4L+Q8mb/kNitf5D/M7+Q5bo/kNQAv9D6hv/Q2I1/0MdT/9D
tmj/Qy+C/0Pqm/9Dg7X/Qx3P/0O26P9DLgIAROQNAETCGgBEjicARFs0AEQoQQBEFk4ARMJa
AESOZwBEW3QARCiBAET1jQBEwpoARPGnAERbtABEKMEARPXNAETC2gBEjucARFv0AEQoAQFE
9Q0BRMIaAUSOJwFEWzQBRChBAURXTgFEwloBRI5nAURbdAFEOIEBRPWNAUSxmgFEjqcBRFu0
AUQowQFE9c0BRMLaAUSO5wFEW/QBRA==</AssayXData><AssayYData Points="100">4YCGvFH/nb0wcNi9j7zmvUqa8L2KcuK9YHDqvRFu5L0AiOS9iF3jvY5N3L00VNu9JUvZvRoA
3L1nKNO9mLbWvTMe170An9S9MvzMvVdP073pGc69di7UvSeGz72wO8+9OGLLvbTrzL1XXNC9
oAfTvWMExr0dbMy9TT/HvelS0b3KAcq9suPEvRzRzL0exsy9wqTCvUXFw71TdMe9v5zCvcNj
v73L0cW9HcLAvUq3w737D8S9yDjJvZbQwr02Zru97pDBvXgVwr1qxrW9Ih6/vRRrub1/T8a9
gf3AvaV1wL0ZZcG92Ae/vQnXwb26qsK90dm6vbrau73syMG9NS29vcWev70yy8K9tr3AvZqv
wL2yE769qyS/vfhnt70ddbq9y0q7vY0FvL2QuMG9yXC5vadhub2P1cG9tQS7vXLTtb1nv7u9
AG26vaTrub3VWLi9ZVq7vcB0t7287La9lrG6vZ+Es73snbu9I723vfx+vL3LF7u9ULC7vU1B
vL2pPrO9iJm3vbDkt71k3ru9AxG8vQ==</AssayYData></Step><Step><CommonData><SampleLocation>11</SampleLocation><SampleID></SampleID><SampleGroup></SampleGroup><SampleInfo></SampleInfo><SampleRow>H</SampleRow><SamplePlate>1</SamplePlate><WellType>KSAMPLE</WellType><Concentration>-1</Concentration><ConcentrationUnits>µg/ml</ConcentrationUnits><MolarConcentration>-1</MolarConcentration><MolarConcUnits>nM</MolarConcUnits><MolecularWeight>-1</MolecularWeight><Temperature>30</Temperature><StartTime>1382735</StartTime><AssayTime>120</AssayTime></CommonData><FlowRate>1000</FlowRate><StepType>ASSOC</StepType><StepName>Association</StepName><StepStatus>OK</StepStatus><ActualTime>119.999</ActualTime><CycleTime>0.2</CycleTime><AssayXData Points="600">KAECROQNAkSxGgJEficCRFs0AkQYQQJE9U0CRMJaAkTAZwJEW3QCRCiBAkTkjQJEwpoCRH6n
AkRbtAJEKMECRPXNAkTC2gJEjucCREv0AkR6AQNE5A0DRMIaA0SOJwNEWzQDRBhBA0TkTQNE
wloDRH5nA0RLdANEGIEDROSNA0SxmgNEfqcDREu0A0QYwQNE5M0DRMLaA0R+5wNES/QDRBgB
BETkDQREwhoERH4nBERLNAREGEEERORNBETCWgREjmcERFt0BEQYgQREV44ERLGaBESOpwRE
W7QERBjBBETkzQREwtoERI7nBERb9AREKAEFRPUNBUTCGgVEjicFRK00BUQoQQVE9U0FRMJa
BURjaAVEW3QFRCiBBUT1jQVEwpoFRI6nBURbtAVEKMEFRPXNBUTC2gVEjucFRFv0BUSKAQZE
9Q0GRMIaBkSOJwZEWzQGRChBBkS5TgZEwloGRH5nBkRbdAZEKIEGROSNBkTCmgZEjqcGREu0
BkQowQZE9c0GRMLaBkSO5wZEW/QGRCgBB0T1DQdEwhoHRPEnB0RbNAdEGEEHRORNB0SxWgdE
jmcHRFt0B0QYgQdE9Y0HRMKaB0R+pwdEW7QHRCjBB0TkzQdEsdoHRH7nB0Rb9AdEKAEIROQN
CETCGghEjicIRFs0CEQYQQhE9U0IRMJaCER+ZwhES3QIRCiBCET1jQhEsZoIRH6nCERbtAhE
GMEIRPXNCERl2whEjucIREv0CEQYAQlE9Q0JRBQbCUR+JwlEWzQJRChBCUT1TQlEwloJRI5n
CURbdAlEKIEJRPWNCUSxmglEfqcJREu0CUQYwQlE9c0JRMLaCUR+5wlES/QJRBgBCkTkDQpE
sRoKRH4nCkRLNApEGEEKRPVNCkSxWgpEfmcKRFt0CkQYgQpE5I0KRMKaCkR+pwpEbLQKRCjB
CkT1zQpEwtoKRH7nCkRb9ApEGAELRDYOC0TCGgtEjicLRFs0C0QoQQtENk4LRLFaC0R+ZwtE
S3QLRBiBC0TkjQtEsZoLRH6nC0RstAtEGMELRPXNC0TC2gtEfucLRFv0C0QoAQxE9Q0MRMIa
DESOJwxEWzQMRChBDET1TQxEt1sMRI5nDERbdAxEKIEMRPWNDETCmgxEjqcMRFu0DEQowQxE
9c0MRLHaDESO5wxEW/QMRHoBDUT1DQ1EwhoNRI4nDURbNA1EPkINRPVNDUTCWg1EjmcNRFt0
DUQogQ1E9Y0NRMKaDUSOpw1EW7QNRBjBDUT1zQ1EwtoNRH7nDURb9A1EKAEORPUNDkTCGg5E
jicOREs0DkQoQQ5E9U0ORMJaDkR+Zw5EW3QORLuBDkT1jQ5EsZoORI6nDkRLtA5EKMEOROTN
DkTC2g5EjucOREv0DkQoAQ9E9Q0PRLEaD0SOJw9EWzQPRBhBD0T1TQ9EsVoPRH5nD0RLdA9E
KIEPROSND0Sxmg9EfqcPRFu0D0QowQ9E9c0PRLHaD0SO5w9EW/QPRBgBEETkDRBEsRoQRH4n
EERbNBBEekEQRPVNEESxWhBEfmcQREt0EEQYgRBE5I0QRLGaEER0qBBES7QQRBjBEETkzRBE
wtoQRI7nEERL9BBEGAERROQNEUTCGhFEficRREs0EUQYQRFEBU4RRPNaEUR+ZxFES3QRRCiB
EUQmjhFEsZoRRH6nEURbtBFEGMERROTNEUSx2hFEfucRRFv0EUQYARJE5A0SRLEaEkR+JxJE
SzQSRBhBEkTkTRJEsVoSRH5nEkRLdBJEGIESROSNEkSxmhJEfqcSREu0EkQowRJE5M0SRPPa
EkSO5xJEW/QSRCgBE0T1DRNE8xoTRI4nE0RbNBNEKEETRPVNE0TCWhNEjmcTRFt0E0QogRNE
9Y0TRMKaE0SOpxNEW7QTRCjBE0T1zRNEwtoTRH7nE0R89BNEKAEURPUNFETCGhREjicURFs0
FEQoQRRE9U0URMJaFESOZxREW3QURCiBFET1jRREwpoURI6nFERbtBREKMEUROTNFETC2hRE
jucURFv0FEQoARVE6g4VRMIaFUSOJxVEWzQVRChBFUT1TRVEsVoVRI5nFURsdBVEKIEVRPWN
FUTCmhVEjqcVREu0FUQowRVE9c0VRMLaFUSO5xVES/QVRCgBFkTkDRZEwhoWRI4nFkRLNBZE
KEEWRPVNFkSxWhZEfmcWRFt0FkQogRZE9Y0WRLGaFkR+pxZES7QWRGrBFkT1zRZEwtoWRI7n
FkRb9BZEKAEXROQNF0SxGhdEjicXREs0F0QoQRdE9U0XRLFaF0R+ZxdES3QXRBiBF0TkjRdE
wpoXRH6nF0RbtBdEGMEXROTNF0Q02xdEjucXREv0F0QYARhE5A0YRMIaGER+JxhESzQYRChB
GETkTRhEwloYRH5nGERbdBhEGIEYROSNGESxmhhEfqcYREu0GEQowRhE5M0YRLHaGESO5xhE
W/QYRCgBGUT1DRlEsRoZRH4nGURLNBlEGEEZRORNGUSxWhlEfmcZREt0GUQYgRlE5I0ZRNKa
GUSOpxlEW7QZRBjBGUTkzRlEwtoZRH7nGURb9BlEGAEaROQNGkTCGhpEjicaRFs0GkQoQRpE
9U0aRMJaGkSOZxpEnXQaRCiBGkT1jRpEwpoaROCnGkRLtBpEKMEaRPXNGkTC2hpEn+caRFv0
GkQoARtE9Q0bRLEaG0SOJxtEWzQbRChBG0T1TRtEwlobRH5nG0RbdBtEGIEbROSNG0TCmhtE
fqcbRFu0G0QYwRtE9c0bRMLaG0SO5xtES/QbRCgBHET1DRxEwhocRI4nHERLNBxEKEEcRPVN
HETCWhxE0GccREt0HEQogRxE9Y0cRMKaHER+pxxEW7QcRBjBHET1zRxEwtocRH7nHERb9BxE
GAEdRPUNHUSxGh1EjicdREs0HUQYQR1E9U0dRMJaHUR+Zx1EvnQdRJuBHUTkjR1EwpodRH6n
HUR8tB1EGMEdRPXNHUTC2h1EfucdREv0HUQoAR5E5A0eRMIaHkR+Jx5ESzQeRBhBHkT1TR5E
wloeRI5nHkRLdB5EKIEeROSNHkTCmh5EfqceRFu0HkRJwR5E5M0eRLHaHkSO5x5ES/QeRBgB
H0TkDR9EsRofRI4nH0RbNB9EGEEfRORNH0SxWh9EfmcfRM50H0QYgR9E5I0fRLGaH0Svpx9E
S7QfRBjBH0T1zR9EsdofRH7nH0RL9B9E</AssayXData><AssayYData Points="600">d4jZPUe3Cz4PZxo+PW8jPl/xJD4CSSY+/pkoPl1XKj5ZgCM+fQIiPlamJj5QsB8+PtkcPr4q
ID5hyyE+sAkcPqlmGz59FBg+g10XPh4PHT7ldBs+uzoZPuTPGT4Byhg+SpUVPrmUFT6RFxQ+
v+MSPhJ6Ez7EihQ+gXMRPgYsEj7gHA8+BO0PPiPrET72cBQ+xf8OPvU2DT5vXQ0+ofAPPiwW
Dz4LiAg+4n0KPp1VCz6J6A0+dKoIPuZZCj6PPww+yVoKPnLvCz7hOAg+kT4EPjM8Bz5O0wc+
r3EKPvqaAz7QowY+SCkJPnVLBj7EAAg+l5gFPo7RAj5puAQ+qDMIPlOxBj4JzQQ+CHkHPt7K
BT4JYgE+v1wIPi+sAj4wLfc9nrYAPpCEAj6tzv89TT0DPlod/T3LZvo99/gAPt1DAT4sBgM+
nNn+PaHrAT4tvvg9sHj7PekJ+j0k6wA+sLACPoeX/D0LoP09pD3yPQOO/T0er/09jhz7Pevu
8j3gJPc9F6/4PcVI+T35L/A9f4z2PVQf9T3In/Y9ne/zPdX+8j0Z6/A9/IrvPVmx9z2RwvA9
N+vtPbe58T3Usu89Y4LvPe/57T2buOw94eLzPWCy9T17SPY9a8TvPTWl9T2vKOs9OdPqPcef
5z14Zuw9CqLuPXb/6z2Wdeo9rLTpPegy5D25buc9mFrtPQ5m6j1sheg9HM3iPW8q5D3PeOs9
Rj7qPcpy4z3N6Ok9KPbfPYI24T1jauA9r9DlPcFe3D2HOeA9f83oPYVe3j0YN+c9Uj7kPWZY
5z2JYOM9QNXePaqi3D1NPtw9QNnePWep4z2Zduo9+e/ePRPA4T2N4d89Zw3nPQ8h3j0g5989
o/HgPWke3T3/6+M9/SvcPfHs1j1W5dg9rpThPX6X0z0m+N09z83ZPR4d1D1T/tg9hBnVPQkb
2z1Jcts9Cl3UPSVp1T0r6dI93PvVPQi/zj1+Usw9wijcPWg6zD2Jtto9Dv3OPYwp0D1lGtE9
qRLXPRPEyT0sxdU9QXrUPS7k0T2lE8g9On3TPbyiyj1qztc9T5HDPYNOxj2TL8s9SU7VPTFm
yD3zqso97ZDNPUe+zD05DtA9MFfHPYhzyD2PbMo9XNHFPdzYxj2QGsk9lZjMPZfWyT0Tcc49
fpvLPcP+yz18y8o9rjHLPfZSwT1sbsQ9+w3MPc7AwT2TacM9SQ3CPYIkyj03zsM9Cj3EPZW4
xD1ovMM9lQvFPR05xz00E789xV/DPb7Bvz023sQ9Hxa7Pc/Svz16BMM93zK8Pcefwz32/sM9
HCvCPSMiyD0kl8Q9GFzEPRz6wj31Vrw9T3fEPWlRuT2YwL89lvjGPd69vz3doME9IGHGPZiP
vT32fs09CqfBPZcmtT0Quro9ZMm/Pa4otz2Kx7c9A+/FPVmwuj30d7Y9hfu7PYoJtz1z1bI9
si+4PZJjuz08b7g9pabAPe6jtz0yGrk9J2q3PTE2sj1Bcrs9yqK1PZkSuj14Urc9L0K3PZcm
uz1FHrc943W8PbRXrD0zIrE9wau2PYistT2WNbQ9qg20PfIBtj2ORbc9wduuPQvQrz2tjrM9
9HutPazbsT15ZrY9wQSwPTCCrz0qFrA9YCqqPfZ+tT3I9bE9rNmqPRJNsz15zas9TcyzPfhv
rj2Z4LM9XzS5PcQysT26Hbg9Z0+uPcHgsj1d7aY9CgC0PXnJpT1Epqc9SD+wPUHusD3bvK09
YgSuPXI1qz1Z9bI9z/OtPaOxqj1CNa09pOWuPYLKqz1k76M9yxmtPQDmqj3JxLE9S0ipPT0p
qD2L46U96zOvPY2Rrj3QO6k9XzKjPWCcsz2WgbU9sWqvPSNUsj1Ry689LYyuPVZUrz3F1Ko9
70GvPfaTqD2Auas9Xp2nPUZNpj3g0aQ9saitPZ5srj3CZaM9NDSnPZ5woT3cjaY96SCqPS+G
rD13Uqo9raeuPQKaoj1Clqc9a52fPSCwpj2CxKU96f+lPcibnD2luaI9q2ekPSrxoD2TWKY9
raKoPeQioT10CKA9HPahPeFeoD1T+J4935qhPaY7oz1/8KE9P2SnPV7enD3S4p49hYWiPZ6B
nz3EfaU9SCmfPa4Dpz0ZuZs9jUaiPS/emT24e5s9/emePdOEoz0Khqg9Oo2WPYzImT3iU6M9
rb2aPVIZoD1v7KI9RyebPdVWnT1QKKM9/3icPbuJmz2yDps9UhSfPbJulT0v1ZY9+HGVPVj9
lD3xVp8951eiPaZFmD1IwJY9dU2UPT/Ilj1i2aU9TTWcPQQDkj06LZQ9bs6aPcMunD2/Y5M9
/++VPU5gmz2n85Y9HwWTPfGylz0rJZY9zhmbPdd0nD0T9ZQ9S76ePbt4nT1FM509cq+TPTwf
kT17z5g94tWUPUtdkT2Xw5s9MCWWPccQmj1pDJI90FqSPbdblz3OGZA9Ze+RPXJalz0FTJo9
ivyPPY8hkj37u5U9dDqQPZxvjT3SMI89cWOSPb6rlj27Y5E9WROSPRnzjD2TaJI9dx+QPfR/
lD3KM5U9loaVPS64jj1FS4s9oO+VPTk4mj2CwY49t6CRPUxLkD1SfI0949qRPQ1TjT2cNI89
qL+NPSiPkD0oipg9nO+MPTankj19aYc96amMPXL0kj3S2JA9YqOLPQ6Zhj3xUpA9ZqKQPQk5
jj05E449nYSUPe7Viz0uMY49seqIPUDwlD3CIZM9ssiKPbPIjT2gw4w9VOqVPRX7jj1f3Ys9
bjiUPRhmlD0HoY89OXmNPYQZjj1zS4k9An6UPW6tkT0U7IY9tGKRPSstkD0chow9joiJPRXw
jD3iSZQ9DtqLPcJsiz0Z0Io9dBaMPcThgT02mYI9tQyMPagViD2/dIk9QKWFPVNahj3Gb4E9
pnuGPWDugj0aiX8909GOPRIZgT0x+Yc9Y+CJPSbMfz3E3YI9QT+CPcD0hT2iPYc93r6EPQvu
hz0axIk9DPKAPTwWdj3IK4Q9MFWIPbCWiD3YFI49+8OCPdzihj3j9YM9GJuAPXFAhT3iG3Y9
9WJ3PePAhD2bh4U9muOHPRfDij27EIc9tYGAPWDAjT3ekYQ9Wxp6PZ+6iT0PGoM9iAeIPYju
gj0PeYE9Qx14PRmzez1alII9LDJ6PTzVgD0Gv4E9gAeAPeMhfz2p6oI91ed+PSHIhz339YI9
QIhyPRKIgj3zLHA9V1x0PY5Gej0JF3g9</AssayYData></Step></KineticsData></ExperimentResults>
