<?xml version="1.0" encoding="UTF-8" standalone="yes"?>
<ExperimentResults><ExperimentInfo Name="20250917 PE P5216 - 5377 plate 2 kappa 50 ugl"><ExpDescription>AHC example method - full characterization&#13;
Analyte titration series with reference channel</ExpDescription><RTDVersion>2.0</RTDVersion><RunID>D3453E7F-D910-462D-B051-2D13E2863725</RunID><ExperimentType>KINETICS</ExperimentType><ExperimentSubType>KBASIC</ExperimentSubType><StartDateTime>2025-09-17T15:40:23</StartDateTime><MachineName>BN7KX12</MachineName><UserName>octet</UserName><LotNumber></LotNumber><PlateName>250917</PlateName><PlateName2></PlateName2><SensorName>A2</SensorName><SensorPlate>1</SensorPlate><SensorType>AHC (Anti-hIgG Fc Capture)</SensorType><SensorRole>LIGAND</SensorRole><SensorInfo></SensorInfo><WritingSW>DataAcquisition.exe 11.0.2.1</WritingSW><InstrumentType>OctetRED96</InstrumentType><InstrumentSerial>FB-50284</InstrumentSerial><InstrumentFW></InstrumentFW><IntegrationTime>2.6</IntegrationTime><DSPType>CPF</DSPType><DSPStitching>1</DSPStitching><HasManifest>1</HasManifest><InfoHash>884671051</InfoHash></ExperimentInfo><AssayParamsInfo/><KineticsData><Step><CommonData><SampleLocation>1</SampleLocation><SampleID>Running Buffer</SampleID><SampleGroup></SampleGroup><SampleInfo></SampleInfo><SampleRow>A</SampleRow><SamplePlate>1</SamplePlate><WellType>BUFFER</WellType><Concentration>-1</Concentration><ConcentrationUnits>µg/ml</ConcentrationUnits><MolarConcentration>-1</MolarConcentration><MolarConcUnits>nM</MolarConcUnits><MolecularWeight>-1</MolecularWeight><Temperature>30</Temperature><StartTime>612978</StartTime><AssayTime>180</AssayTime></CommonData><FlowRate>1000</FlowRate><StepType>BASELINE</StepType><StepName>Baseline 1</StepName><StepStatus>OK</StepStatus><ActualTime>179.998</ActualTime><CycleTime>0.2</CycleTime><AssayXData Points="900">bxKDOqjGSz66Scw+EFgZP83MTD8AAIA/cT2aP28Ssz8IrMw/okXmP2IQAEBqvAxAmpkZQARW
JkAzMzNAAABAQM3MTECamVlABFZmQNEic0AAAIBAZmaGQJzEjEAzM5NAaJGZQM/3n0C0yKZA
nMSsQDMzs0BokblAYhDAQDVexkDNzMxAMzPTQGiR2UDP999ANV7mQJzE7EACK/NAaJH5QM/3
/0AzMwNBTmIGQYGVCUG0yAxBkxgQQRsvE0FOYhZBgZUZQbTIHEHn+x9BMzMjQWZmJkGBlSlB
zcwsQef7L0EbLzNBTmI2QYGVOUHNzDxB5/s/QRsvQ0EIrEZBmplJQbTITEEAAFBBGy9TQeF6
VkGamVlBzcxcQQAAYEEzM2NBZmZmQZqZaUHNzGxBAABwQTMzc0FmZnZBmpl5Qc3MfEEAAIBB
mpmBQTMzg0HNzIRBZmaGQQAAiEGamYlBMzOLQc3MjEFmZo5BAACQQY2XkUEzM5NBzcyUQWZm
lkEAAJhBmpmZQWQ7m0HNzJxBZmaeQQAAoEGNl6FBMzOjQc3MpEFmZqZBAACoQZqZqUEzM6tB
zcysQWZmrkEMArBBmpmxQTMzs0HNzLRBZma2QQAAuEGamblBMzO7Qc3MvEFaZL5BAADAQZqZ
wUEnMcNBwcrEQWZmxkEAAMhBCKzJQTMzy0HBysxBZmbOQfT9z0GamdFBJzHTQc3M1EFmZtZB
9P3XQY2X2UEzM9tBwcrcQWZm3kH0/d9BjZfhQScx40HNzORBWmTmQfT950GNl+lBJzHrQc3M
7EFaZO5BAADwQZqZ8UEnMfNBwcr0QWZm9kEAAPhBmpn5QScx+0HNzPxBZmb+QQAAAELNzABC
k5gBQmBlAkIzMwNC+v4DQtPNBEKTmAVCYGUGQi0yB0L6/gdCbecIQpOYCUJgZQpCLTILQvr+
C0LHywxCk5gNQmBlDkItMg9C+v4PQsfLEEKamRFCYGUSQi0yE0L6/hNCx8sUQpOYFUJgZRZC
LTIXQvr+F0LHyxhCk5gZQmBlGkIzMxtC+v4bQvLSHEKamR1CYGUeQjMzH0L6/h9Cx8sgQpqZ
IUJmZiJCLTIjQgAAJELNzCRCk5glQmZmJkIzMydCAAAoQs3MKEKamSlCZmYqQjMzK0IAACxC
zcwsQpqZLUJmZi5CMzMvQgAAMELNzDBCrJwxQmZmMkIzMzNCDAI0QlrkNEKamTVCbWc2QjMz
N0IAADhCzcw4QpqZOUJgZTpCMzM7QgAAPELNzDxCk5g9QmBlPkItMj9CAABAQs3MQEKTmEFC
ZmZCQlI4Q0IAAERCzcxEQpqZRUJmZkZCMzNHQvr+R0LHy0hCk5hJQmZmSkIzM0tCAABMQs3M
TEKamU1CZmZOQi0yT0L6/k9CzcxQQrKdUUJgZVJCMzNTQvr+U0LNzFRCmplVQmBlVkItMldC
+v5XQsfLWEKTmFlCZmZaQjMzW0IAAFxC081cQpqZXUJmZl5CZDtfQvr+X0LTzWBCmplhQmBl
YkItMmNCAABkQs3MZEKamWVCZmZmQi0yZ0L6/mdCzcxoQr6faUJgZWpCLTJrQgAAbELNzGxC
k5htQmBlbkItMm9CBgFwQs3McEKTmHFCYGVyQi0yc0IAAHRCzcx0QpOYdUJmZnZCMzN3QgAA
eELHy3hCmpl5QmBlekItMntC+v57Qs3MfEKamX1CYGV+Qi0yf0L6/n9C42WAQs3MgEKwMoFC
F5mBQn3/gULjZYJCzcyCQrAyg0IXmYNCff+DQuNlhEJKzIRCsDKFQheZhUJ9/4VC42WGQkrM
hkKwModCF5mHQn3/h0LjZYhCSsyIQrAyiUKynYlCAACKQuNlikLNzIpCsDKLQpqZi0IAAIxC
ZmaMQs3MjEIzM41CmpmNQgAAjkJmZo5CzcyOQjMzj0KamY9CAACQQmZmkELNzJBCMzORQpqZ
kUIAAJJCZmaSQs3MkkIzM5NCmpmTQgAAlEJmZpRCzcyUQjMzlUKamZVCAACWQuNllkLNzJZC
MzOXQpqZl0IAAJhCZmaYQs3MmEIzM5lCmpmZQgAAmkJmZppCzcyaQjMzm0KamZtCAACcQmZm
nELNzJxCsDKdQpqZnUIAAJ5CZmaeQkrMnkIzM59CmpmfQgAAoEJmZqBCzcygQjMzoUKamaFC
AACiQmZmokLNzKJCsDKjQpqZo0IAAKRCZmakQs3MpELDNaVCmpmlQn3/pUJmZqZCSsymQrAy
p0KamadCff+nQuNlqEJcz6hCsDKpQheZqUIAAKpCZmaqQkrMqkIzM6tCF5mrQgAArEJmZqxC
zcysQjMzrUKama1CAACuQuNlrkLNzK5CMzOvQpqZr0J9/69C42WwQkrMsEIzM7FCF5mxQn3/
sULjZbJCSsyyQrAys0KambNCff+zQmZmtEJKzLRCsDK1QheZtUIAALZC42W2QkrMtkKwMrdC
F5m3QgAAuELjZbhCSsy4QrAyuUIXmblCff+5QmZmukJKzLpCsDK7QpqZu0IAALxCZma8Qs3M
vEKwMr1CF5m9Qn3/vULjZb5Czcy+QjMzv0IXmb9CAADAQmZmwEJKzMBCMzPBQheZwUIAAMJC
42XCQkrMwkIzM8NCmpnDQgAAxELjZcRCzczEQjMzxUKamcVCiQHGQvxpxkLNzMZCMzPHQpqZ
x0IAAMhCZmbIQs3MyEIzM8lCmpnJQgAAykJmZspCzczKQjMzy0KamctCAADMQmZmzELNzMxC
MzPNQpqZzUIAAM5CZmbOQs3MzkIzM89CmpnPQn3/z0JmZtBCe9TQQrAy0UKamdFCff/RQmZm
0kLNzNJCMzPTQpqZ00IAANRCZmbUQkrM1EIzM9VCmpnVQgAA1kJmZtZCzczWQjMz10IXmddC
AADYQmZm2ELNzNhCMzPZQpqZ2UIAANpCZmbaQs3M2kKwMttCmpnbQn3/20JmZtxCSszcQjMz
3UKamd1CAADeQuNl3kLZzt5CMzPfQpqZ30IAAOBC42XgQs3M4EIzM+FCmpnhQgAA4kLjZeJC
SsziQrAy40IXmeNCff/jQmZm5ELNzORCsDLlQqab5UIAAOZCZmbmQs3M5kIzM+dCF5nnQn3/
50LjZehCXM/oQjMz6UIXmelCff/pQuNl6kJKzOpCsDLrQpqZ60IAAOxCZmbsQkrM7EKwMu1C
F5ntQn3/7ULjZe5CzczuQrAy70IXme9Cff/vQmZm8ELNzPBCMzPxQheZ8UJ9//FC42XyQs3M
8kI/NfNCmpnzQn3/80JmZvRCzcz0QrAy9UKamfVCff/1QmZm9kJKzPZCsDL3QheZ90J9//dC
42X4QkrM+EKwMvlCmpn5Qn3/+ULjZfpCzcz6QjMz+0IXmftCPQr8QuNl/EJKzPxCMzP9QpqZ
/UIAAP5CZmb+Qs3M/kIzM/9Cmpn/QgAAAEMzMwBDZmYAQ5qZAEPNzABDAAABQzMzAUNmZgFD
mpkBQ83MAUMAAAJDMzMCQ2ZmAkOamQJDzcwCQwAAA0PyMgNDZmYDQ5qZA0PNzANDAAAEQzMz
BENmZgRDmpkEQ83MBEPXAwVDMzMFQ2ZmBUOamQVDkc0FQwAABkMzMwZDZmYGQ5qZBkOLzAZD
AAAHQzMzB0NmZgdDmpkHQ83MB0MAAAhDMzMIQ2ZmCENYmQhDi8wIQwAACUPyMglDi2wJQ1iZ
CUPNzAlDAAAKQ/gzCkNmZgpDWJkKQ83MCkMAAAtDMzMLQyVmC0NemgtDi8wLQ77/C0MzMwxD
JWYMQ5qZDEOLzAxDvv8MQ/IyDUMlZg1DWJkNQ4vMDUMAAA5D8jIOQyVmDkM1ng5Di8wOQwAA
D0PyMg9DJWYPQ1iZD0OLzA9Dvv8PQzk0EENmZhBDmpkQQ83MEEO+/xBD8jIRQ2ZmEUNYmRFD
i8wRQ77/EUPyMhJDqGYSQ1iZEkOLzBJDvv8SQzMzE0NmZhNDWJkTQ4vME0O+/xND8jIUQyVm
FENYmRRDzcwUQ77/FEMzMxVDrmcVQ1iZFUOLzBVDvv8VQ/IyFkOoZhZD25kWQ4vMFkMAABdD
8jIXQyVmF0NYmRdDi8wXQ77/F0MzMxhDZmYYQ1iZGEOLzBhDAAAZQ3UzGUNmZhlDWJkZQ+zR
GUMAABpD8jIaQyVmGkNYmRpDzcwaQwAAG0MzMxtDZmYbQ5qZG0PNzBtDAAAcQzMzHENmZhxD
mpkcQ83MHEMAAB1DMzMdQ2ZmHUOamR1DzcwdQwAAHkMzMx5DZmYeQ1iZHkOLzB5DAAAfQzMz
H0NmZh9DmpkfQ83MH0MAACBDMzMgQ2ZmIEOamSBDi8wgQ77/IEMzMyFDmG4hQ5qZIUPNzCFD
AAAiQzMzIkNmZiJDmpkiQ83MIkMAACNDMzMjQ2ZmI0OamSNDzcwjQwAAJEMzMyRDZmYkQ5qZ
JEPNzCRDBgElQzMzJUMlZiVDWJklQ83MJUMAACZD8jImQ2ZmJkOamSZDzcwmQwAAJ0MzMydD
qGYnQ5qZJ0PNzCdDvv8nQzMzKENmZihDmpkoQ4vMKEMAAClD8jIpQ2ZmKUNYmSlDzcwpQwAA
KkMzMypDZmYqQ1iZKkPNzCpDAAArQzMzK0MlZitDmpkrQ4vMK0NOAixD8jIsQyVmLEOamSxD
i8wsQwAALUPyMi1DJWYtQ5qZLUOLzC1Dvv8tQzMzLkNmZi5DmpkuQ83MLkO+/y5D8jIvQyVm
L0NYmS9Di8wvQ77/L0P4MzBD8GcwQ5qZMEOLzDBDvv8wQ/IyMUNmZjFDWJkxQ83MMUMAADJD
8jIyQyVmMkOamTJDi8wyQ77/MkPyMjNDqGYzQ5qZM0OLzDND</AssayXData><AssayYData Points="900">AAAAAH7ygjpZ7+86mwikOrZ8LTvWO8s7emqlO3mFojsEdtM7kp/aOiJe4jvE/u87tyorPBEY
GzuXb8I7TM7xOFj7qzsOS7o7R5/lO+A9eDvVjmY73JOfO0Cu7zsxKM47+OGnO1Owwzv8ku47
LhYYPM8kijvvfg88rv/bOiKaujsLIpg7UDn9O3LnMTts36879q2nO6H+pjs7dAk7mrJzO9Ly
TzsxQAE89NKRO/mclDrUrpY7QPsEPDA/mDsSSLc7Urr/O/s+vTs7GFK6/IVdO/pe2ztkceM7
jdejO6gjVjsvhns7SBxKO9btVztRtHk7r6jGOyelSDs4U7E6IyWaOz8z6zvcULg6VFTFO49G
ZzuuXK87PbqtO3+m9ToDU7E7iG7SOoPKQTsBc5k7pV2WO939gTtnaZs708muO5Ibizp/+JI7
f+L1OrEjNztIxJM7GF0bOIJQpztwjoI7X3RQO4YGczuEzqS6O2WBuuWvdrokrJY7o+TiOiRU
WzvSqMk7+cHuOp3/2zrUpsw6D8P9OnuvfroBoyM7MetLO7g3wTuqSD47xdFNOzQp6zrlFzw7
0TUYOrHcAroy1j07hpiOO9UvC7u7ohk6pcDLOslatDg1HEw7XopqOl6dNjrws085OKMiO3IF
YLmxo0M6eru4OgWqoDv1gqQ6HR8HO5lrFTuVT4w5cqoEO7fD2jpF7aU5jc+KO/9kwDqPaTE7
EZkcO3IZjTgf2ZU6DwEzO73HOTu8DTi7KdAXObNh0znRGNM5onIiO1po+LoVgwA7IaDcOt4F
SLmvU9O4NJpBO1z3iTtDtYg7imzOOq4+ozrth446+o8Cu/NhsDlCVIw6rdTZOhdTNjt4VxU7
MDSyuCcuqztVuiM7/Bt2O5DhsDrHNxo7dsACO4/WjDqXiJq6FzcQuB9vqbmVWR+7gZ5ZusqW
FDuLZPa6wcmQOzNC7TiYzZ869fc5O425aDrn0pI7QKBROpCZoDoM2LY6PrjzOvZGWTryXh05
FNskOzEx1Drsj2A7DQR2O0lq07o03ki6Y9CBN1roJjtSMZY7nc+HufBpeTv6vsA6KYhJukcZ
FToHRJQ7STZMOzENrDiMVZc7+npvN+XREDsgjmu6AouxOjckaro6vxQ6qg5pur8W3DrllRe7
w5E5OtzOhrv90jw6M6IqO0uxLDtTOhe6xiFHOeq3DrtpbXA3HKfzuWYZOrsEKnq6j+YxO9df
SDogogM7mty5O4oBFjuEHJo7nky3uVNk1jq2mFA7AoIBO5wzFjvp1kS7VzJ6u8Mzgjo6mSy6
8TNTOOt13zrCXBY6BDNZOw3rpDqrXUq7/90CO2kjubkEN3U6AyoGO7/SXDqti6I70hjgOjd5
ITomlC87yyBaOZUfYruu0d853Dvquvoz1LriiQo6L/QwOoLK1jqb0TO6z/mTOpWU/bqqWl87
A582OyCltLqauh87rcIyOqIrHruXE2K7X+h6O2PJyjqNIsY64pVaOhWCJjt4bDE7A4UwurNF
wzojt107FCUIu0jU8bpSh7O6aJGcOqlrizroFMs6VAcbulG2eToXi6C6tckLO0CMcbuo2RO7
JTSRucTFoTg1aaC4lbe+NrQPHbvlBAo7JKVnO/Ivi7vAn2Y754FUu28iqboLYjI580NCOlJZ
yblRScu67Re0OlNWjjrv+i27RWtIuzeG4bpHWWG7gFs4u9vICTt6lFU6TlUsuqmaSLrELtQ6
D7i2ukTsbrsYNX87duJFO8hR8bn9H/25Su6DOmPul7cBw4U7OMXKObbp7zqubw27SOd9usYn
tTbpE/a4XeOJOZjn2jl1zvk6VCsyuodXdDt1YE26X8CaOBhloLrN0ja5xDpKuweHbLpOFb46
kcjUOr9FUzswgS441E8eOyniyLuVSmc5NvZ/O+Z9Ers6fxm7DgMqOzjty7ktsmQ6/BHxOuz6
rjroucq6hVibuUFrorvsuYG63ffNuusZlLjhxrQ6L/IdOuy1HDp3Q3G6FrZzO92xmzkA0MY6
mC6EOcvLC7udozE5t3HTu2e0obu6cuC6zfG9ucYhErvHf4U6mXDkujKc8Lp3WHc6wc1xugtS
jrvbi8O6i3DkOfDysrqb9Y44RkyBuB3rhbtx6DC4I6g6OgmYIDtE5RA6G+xPOpbcLrsbFEc6
PKEwu/zck7rpG6O7bMHlOj+8q7rM1l+7gdiJuwr1nbqz/PE6UF0RuoxzXbptxQW6kd0tuvq+
Dju+Ntg6i1aIOuEtfDuptaI5Ke36OSNhybq6s5g5Iwwcu9iDC7q/DZq7jLhUuxF4VzpA9yy7
vPQiuvdKI7vE5HE5QKeFu+1Uorp6P6K66cFvu800OrvoW0G6F6qquPQaXrs/dlW7X1rZuv3A
P7tjxRu5ZVfuuq55IbuxkZ06zn4Lu3Xu4Loom7C71m5qujUSHbuCsQe7zNKTOmBhXruddwC7
VEIduwz4O7uXHSm6IBxcOerXiLo8CRy6jad6u376VTrxC1Y6AWhju7fvW7v62xi66dCNu9d8
QrvIfFu7+3T4ulA+xru1Z7+6ITkaOmQpmLrnis27Se09u78eY7v+p9O7ypzbuhYczLuEm967
QW3Jus3GArsfeiW7nKETOugrkjnNAq26vcjROTO7VbtBAJe74OgSu1VRI7tKi5i7u7Lcuacq
VLvmAIW7qb4JuymkL7vuiOi6WVBAu3zFQLvNG4e7ZQqqu9ExRbtQ8Xm7LzaXuowvk7uB/yu7
sp74uvAATLsP6a27pmabu8LOW7ubZGq7U8n6unbgT7vqxoq5q1Hpuy5qabuOxTc5BuSEurs1
MrsEo/k5euSru3fyo7ug87G7dVAWu+8xEbuV5j+7lBKFu2KTS7tb14G77hovu1H8srsnjau7
xTUeuwEV3LqB94i7J32zumO2B7uX/sq7+kRRu88KuzlrQUa70d9Uu+ofx7v0fAm81va0uwES
drvu1QA7y4YSu4jVgLs6rri6vblLuwILxLuVg6+7yzPoujrmo7oSmD27uiBxu9ijBLyFUmK7
PeZVuer3VrsHkkS78Tx2u4hPSruh2u27Ciyiu6tUQruxhIu7VgwgOsgOFLurmdu607GXu+Vc
SbpQ7W26/y9muzAnCLtySkq70AYQOp9XWbujpAy7ujuDu3qXibv/Q8G7lxqNuwTvZrt/PLO7
5vyYuvCm3LqroQO8p2ciu/GSkLuLrWm7ORZeu4VX17rqMSK76xZbuxpa4bq2Clq7xVTMu1e6
kLqiY8O6Docmu4Juo7tiPpq6/M+iu8rjj7t4MKK7ddG0uwlnl7tDMri7lMDCu4sz4LulDHy7
GOvcu375tznELqy7IzzVuxjhQLvDpKi7+Pv6urecjbsGoX679VLTurR/jbv3QY66tSMHuTtD
KLsZrLm6uQgGvJXuUbsDIRq6PBWSu9su4rqQbJy7zwfJuo7CrLsYM5u7W41fu806Jru7NkC7
HVUBugfwyrqO34O7mSrCu8qSLbs4kly7AeDoui9sfruFHd67A/SGu4MFn7vzFOu7UJNeu0io
tjpHdM67+Ph6uwD8tbu7u167EGevu5daaLtbJEa7FxjCuyfeprvE1fK7+Lifu9ZIjbuyrGi6
gqqHOUXxhLvK0J675YWXu3cHtrvUh3O70D+ku8D1hrtQiT27mUfuu3hNurvUUiq7vWiyu7Va
lLtwREu7VU7Gu3Omg7vFxqi7WYj+u2oMqrubIkG7m66yu74BlDrK44C7l33Iu027prt7jVy7
c9I8u/EmwLvfJgS8VQ2POrwAKLt+Q2m7QQGSu3p5dLtO07G7BHNdusUy87vLmKO7wi7Su5Fo
lrvz2bC7P0aZu0QmJrvwO7C74mQJuzMYrLuyYqq6FiQ4u4gllLs5vwi8AKGvu9dLzLsz13G7
Q6Pnu5L2+rsWXHK7lMNWuzxxDbwFu4S7DKs2uwwtkLsJVzc5/BF4uyIXTbt8F6a7Rl+su8hL
pLuqkRy7hpPDu1aboLtCcce7p6iLu21BwLt/z++7e6Qcu/RwtbsORZ27FMT3uzf7mbueEqi7
gGuNu1pDGbtxUby7JTKRuyAFrrtg5wK8rqezu6OeYrsB7BW8ymuLu4MU5LtwwL677JjGu3GO
Dry3sZC7VFRYu1RAlrtIAT+7AwTUu+UD6bvcPLG7KZqyu2iMybrrgT67sUGuu+kkjLvPtKC7
Kwazu+Myx7vu3tS7r+iGuw7Fs7u0OEO7vZNXuwUOjLsbW9i6p0YMu3brn7uI0/S688yNu7zs
q7uhgIq7ubuDu/I7e7ugjLS7PagGvI3PqLtVyI27YoBZu2dMnbsSfe+7RAjquwPgn7va1LK7
p8zAu7S5pbsdjuW7PALGuzWNwbuv/9W7f4pQu92Vvrs2yae7AYrOu+tTv7t5S9S7Wdt5ux5a
bbvXgjW7Ty2Eu8AZ9LvFtuS7lyTTu4trjrtGOum7Ut/qu5OngrsLBFm78SI3u7n5wLv/0Ym7
J1wDvOAfjbvrpjm7tAuNu70Sw7sEvoG7+M9huwfVebtZYpm7ePbluzGg3bvCIHW7DArWu/Jz
RLoJVbm7lgS3u+JQNLuXK1K7hG0LvO/y6bsjC1u7PKKlu+NItrsDILy63VoTu0vMe7tjR7C7
9wqRu8LxMruDFaa7YYzPunNU0ruWuxC8EEkBvFjsjLsLzNW7VSHWu8wMC7v9SGa7UgHNu7fw
trtMFie8+Anau+0757s69tm7T7jqun6r+bsdPpe7tfoBuyq89bokDZS7ndLqu3/kkbuY+SS7
Edu9uxJZ77s8NaC7TSfduypBubsvbRi8s2zWu+tOiburYTO7</AssayYData></Step><Step><CommonData><SampleLocation>2</SampleLocation><SampleID>10mM Glycine pH1.7</SampleID><SampleGroup></SampleGroup><SampleInfo>or other Regeneration solution</SampleInfo><SampleRow>A</SampleRow><SamplePlate>1</SamplePlate><WellType>REGENERATION</WellType><Concentration>-1</Concentration><ConcentrationUnits>µg/ml</ConcentrationUnits><MolarConcentration>-1</MolarConcentration><MolarConcUnits>nM</MolarConcUnits><MolecularWeight>-1</MolecularWeight><Temperature>30</Temperature><StartTime>969224</StartTime><AssayTime>20</AssayTime></CommonData><FlowRate>1000</FlowRate><StepType>CUSTOM</StepType><StepName>condition</StepName><StepStatus>OK</StepStatus><ActualTime>20</ActualTime><CycleTime>0.2</CycleTime><AssayXData Points="100">vv8zQ/EyNEPjZTRDFpk0Q0nMNEN8/zRDsDI1QyRmNUMWmTVDScw1Q3z/NUOwMjZDJGY2QxaZ
NkNJzDZDAAA3Q7AyN0PjZTdDFpk3Q0nMN0O+/zdD8TI4QyRmOENYmThDi8w4Q77/OEPxMjlD
JGY5Q1iZOUOLzDlDvv85Q/EyOkMkZjpDWJk6Q4vMOkO+/zpD8TI7QyRmO0MWmTtDScw7Q77/
O0PxMjxDJGY8Q1iZPEOLzDxDvv88Q/EyPUPjZT1DWJk9Q0nMPUO+/z1D8TI+QyRmPkNYmT5D
i8w+Q77/PkPxMj9DJGY/Q1iZP0OLzD9Dvv8/Q/EyQEMkZkBDWJlAQ4vMQEO+/0BD8TJBQyRm
QUNYmUFDi8xBQ77/QUPxMkJDJGZCQ1iZQkOLzEJDvv9CQ/EyQ0MkZkNDWJlDQ4vMQ0O+/0ND
sDJEQyRmRENYmURDi8xEQ3z/REPxMkVD42VFQxaZRUPMzEVDvv9FQ7AyRkMkZkZDWJlGQ0nM
RkN8/0ZD8TJHQ+NlR0MWmUdDi8xHQw==</AssayXData><AssayYData Points="100">OUeovupomL6Ccoe+3Ad6vspzc74HHmu+MJBrvsC2aL6qyG6+Hql1vqbtdb6W03y+/9p+vsBt
fr6EuYK+sJaEvisPhr67M4m+Px+Lvj3Ojb5vNYy+dx6Pvq81kL6BupC+aLqSvmL6lL40BZW+
mD6Wvoigl76gy5m+9uybvkEUnL5XDZ2+tEKdvkdMn77lj5++6xyivtX2ob67RqO+GbCivk1v
pL4jsqa+Df6jvkMlqL5Dvai+x6aovjhYq74IOqu+HFeqvl5irb7+9q6+RAuvvqRmrr7alrG+
4iWxvmQ/sb4LI7K+QTaxvoULtL4MAbW+VWm1voTDtL6EiLa+fcKzvkI5tr49Sbe+mHm5vkzg
tr4ljLm+HdG7vt7Tub5Sc7y+yrq7vsmbur5a0ry+5La7vhravL6FvL2+nhG9vk1Hvb5vkL2+
zRPAvvq4wL56gcG+64XAvg7qwr7jucK+nhXBvrx0wr4Q28S+nCXEvs2vw74YHce+twTFvk2O
xr4G1cW+W1TGvt/zxr56M8e+DxfJvg==</AssayYData></Step><Step><CommonData><SampleLocation>1</SampleLocation><SampleID>Running Buffer</SampleID><SampleGroup></SampleGroup><SampleInfo></SampleInfo><SampleRow>A</SampleRow><SamplePlate>1</SamplePlate><WellType>BUFFER</WellType><Concentration>-1</Concentration><ConcentrationUnits>µg/ml</ConcentrationUnits><MolarConcentration>-1</MolarConcentration><MolarConcUnits>nM</MolarConcUnits><MolecularWeight>-1</MolecularWeight><Temperature>30</Temperature><StartTime>994887</StartTime><AssayTime>20</AssayTime></CommonData><FlowRate>1000</FlowRate><StepType>CUSTOM</StepType><StepName>condition</StepName><StepStatus>OK</StepStatus><ActualTime>20.02</ActualTime><CycleTime>0.2</CycleTime><AssayXData Points="100">vv9HQ7AySEPjZUhDFplIQ0nMSEN8/0hDsDJJQ+NlSUOfmklDi8xJQ3z/SUOwMkpDJGZKQ1iZ
SkNJzEpDfP9KQ7AyS0PjZUtDFplLQ0nMS0N8/0tDsDJMQ+NlTEMWmUxDScxMQ3z/TEOwMk1D
42VNQxaZTUNJzE1DfP9NQ7AyTkMkZk5DFplOQ0nMTkO+/05D8TJPQyRmT0OZmU9DScxPQ77/
T0PxMlBDJGZQQ1iZUEOLzFBDvv9QQ/EyUUMkZlFDWJlRQ4vMUUO+/1FD8TJSQyRmUkNYmVJD
i8xSQ77/UkP3M1NDJGZTQ1iZU0OLzFNDQQBUQ/EyVEMkZlRDWJlUQ8zMVEO+/1RD8TJVQyRm
VUNYmVVDi8xVQ3z/VUPxMlZDJGZWQ1iZVkOLzFZDvv9WQ/EyV0OoZldDXppXQ4vMV0N8/1dD
sDJYQyRmWEMWmVhDi8xYQ77/WEOwMllD42VZQ1iZWUOLzFlDvv9ZQ/EyWkPjZVpDWJlaQ0/N
WkO+/1pD8TJbQ+NlW0MWmVtDqtFbQw==</AssayXData><AssayYData Points="100">vbSHva1Q1L3EcAG+qe4HvkLQC77bKQa+eiIHvuhsAr7iIAa+1IH9vSiv/L1zhfi9znP/ve3/
9r22Qvm9Q2T7vVBa873zUfS9FNvuvasX7b0T5e29CHPqvQPY6r1bx+29ua/pvWDf5r3PgOK9
p3DmveWe373JXN29GlHpveE95r0CcOa97wvkvQ4c4L1PQ9y9aUzevZcV3r3ztNu9eajjvZeL
373zity9u7bevbip1r1gFty9MFTXvVIwzr00nNi9UNzVvcK42b3gVdq9gczSvXIi3b3IV9i9
3k7RvdHr1r31g9S95xbave511L2NmdK9hd/OvXyz372eQdC9kGvJvRxh1L2GqNe9s1rQveCr
1b0gvsu9IzzJvU9c3b02O9K9w77QvVcY073JJ9K9FN/MvVoRy73ngtC9cFXNvacz1r3RS8y9
xpvOvVfo0728Esa9OaDMvYcc0r3QT9O9d4vQvQz0zb0Ycsm9aBnNvcpE0L1sd8W9lsbRvXBA
0714Jte9iLfLvRMCzL15kce98HbNvQ==</AssayYData></Step><Step><CommonData><SampleLocation>2</SampleLocation><SampleID>10mM Glycine pH1.7</SampleID><SampleGroup></SampleGroup><SampleInfo>or other Regeneration solution</SampleInfo><SampleRow>A</SampleRow><SamplePlate>1</SamplePlate><WellType>REGENERATION</WellType><Concentration>-1</Concentration><ConcentrationUnits>µg/ml</ConcentrationUnits><MolarConcentration>-1</MolarConcentration><MolarConcUnits>nM</MolarConcUnits><MolecularWeight>-1</MolecularWeight><Temperature>30</Temperature><StartTime>1020670</StartTime><AssayTime>20</AssayTime></CommonData><FlowRate>1000</FlowRate><StepType>CUSTOM</StepType><StepName>condition</StepName><StepStatus>OK</StepStatus><ActualTime>20</ActualTime><CycleTime>0.2</CycleTime><AssayXData Points="100">3QRcQ883XEMCa1xDNZ5cQ2jRXEObBF1DEDhdQwJrXUN3nl1DaNFdQ5sEXkPPN15DQ2teQ3ee
XkOq0V5DmwRfQ883X0MCa19DNZ5fQ2jRX0ObBGBDEDhgQwJrYEM1nmBDaNFgQ5sEYUPVOGFD
AmthQ3eeYUPr0WFDmwRiQxA4YkNDa2JDd55iQ6rRYkPpBmNDEDhjQ0NrY0N3nmNDqtFjQ90E
ZEMQOGRDQ2tkQ3eeZEOq0WRD3QRlQxA4ZUNDa2VDd55lQ6rRZUPdBGZDEDhmQ0NrZkN3nmZD
qtFmQ90EZ0PPN2dDQ2tnQ3eeZ0Oq0WdD3QRoQ1I4aENDa2hDd55oQ6rRaEMlBmlDEDhpQ0Nr
aUN3nmlDqtFpQ90EakPPN2pDQ2tqQzWeakOq0WpD3QRrQxA4a0PTbWtDd55rQ6rRa0PdBGxD
EDhsQ0NrbEN3nmxDqtFsQ90EbUMQOG1DAmttQ3eebUNo0W1D3QRuQ883bkMCa25DNZ5uQ2jR
bkPdBG9DzzdvQ0Nrb0M1nm9DqtFvQw==</AssayXData><AssayYData Points="100">LwbxvkZV3L7NIcm+IS68vr+Lt75lIrS+D7+xvpgKsb547LG+rOqyvgV4tL4I+ra+lLG3vvLk
t74mkre+oCS7vkqUu753A7q+WOW8vl5Dv77j5b++nlzAvhcBwL4S3cK+ngnCvszhw74g7sO+
tVDEvuPExb5p3cW+8GrIvr/0yL6t98e+qFLJvtBayL5XHci+v6HKvnXkyr6TAcq+I47OvqIG
zL4CB86+lfXOvlSgzb63ac++9wDQvqIa0L72nM++7IXPvoNf0r78VNK+1GvSvlgz077+l9G+
MODQvqxI077k6NK+wq/Uvtnl077+WNO+NqnUvqAG1r4DS9e+0UTXvl4G1r6EnNa+mvzXvp87
2L4Wwtm+dg/avqUI2r7HsNm+kofbvrw32b66A9q+f/zZvrXE276NAdy+P4DbvvI73L6uAty+
+a/cvq7u3L7us96+GkHdvhhe3b5MyNy+8Kjevk/d4b7gF9++yFLfvgBr3770CeG+vMzevq2k
4L4hMuG+BgTjvmSb4b5wKuO+FR/ivg==</AssayYData></Step><Step><CommonData><SampleLocation>1</SampleLocation><SampleID>Running Buffer</SampleID><SampleGroup></SampleGroup><SampleInfo></SampleInfo><SampleRow>A</SampleRow><SamplePlate>1</SamplePlate><WellType>BUFFER</WellType><Concentration>-1</Concentration><ConcentrationUnits>µg/ml</ConcentrationUnits><MolarConcentration>-1</MolarConcentration><MolarConcUnits>nM</MolarConcUnits><MolecularWeight>-1</MolecularWeight><Temperature>30</Temperature><StartTime>1046339</StartTime><AssayTime>20</AssayTime></CommonData><FlowRate>1000</FlowRate><StepType>CUSTOM</StepType><StepName>condition</StepName><StepStatus>OK</StepStatus><ActualTime>20</ActualTime><CycleTime>0.2</CycleTime><AssayXData Points="100">3QRwQ883cENDa3BDNZ5wQ2jRcEPdBHFDEDhxQwJrcUM1nnFDqtFxQ90EckPPN3JDAmtyQ3ee
ckOq0XJDmwRzQ883c0NDa3NDd55zQ6rRc0ObBHRDzzd0QwJrdEN3nnRDqtF0Q90EdUMQOHVD
Q2t1QzWedUNu0nVD3QR2QxA4dkNDa3ZDNZ52Q7bTdkObBHdDzzd3QwJrd0N3nndDaNF3Q90E
eEPPN3hDAmt4QzWeeENo0XhDmwR5Q883eUMCa3lDNZ55Q6rReUObBHpDzzd6QwJrekM1nnpD
qtF6Q90Ee0NSOHtDAmt7QzWee0No0XtDJQZ8Q883fEMCa3xDNZ58Q2jRfEObBH1DEDh9QwJr
fUM1nn1DaNF9Q90EfkPPN35DAmt+QzWefkOq0X5DmwR/Q883f0MCa39DNZ5/Q6rRf0NOAoBD
5xuAQ6I1gEM7T4BD1WiAQ26CgEMInIBDorWAQzvPgEPV6IBDbgKBQwgcgUOiNYFDO0+BQ9Vo
gUNugoFDCJyBQ6K1gUM7z4FD1eiBQw==</AssayXData><AssayYData Points="100">oRDEvSL5B75FNRi+D+Ufvn3gHr7XXyG+ZrsgvtzHHb4MXSG+LNgdvmX3HL5v6hq+SjkaviSa
FL6Nux2+i2sXvtpbFL6/AhW+uUkUvgsWF75DHhS+E3YVvtt2Er4OMRS+dncQvmyLEr7Caw6+
/JgSvqVAEL6EHg6+kPINvlAOEb6P8Ay+dqwPvlvDDL7QsAu+F2MLvtP1Eb6TSg2+1fsNvmdd
Db6xOAy+3F0Jvr9yBL5hxwu+i+4OvvF/C7794Au+pzMKvouMCb48NAy+RxYKvl9+Cr7qVQa+
D30IvpVxB74mgwu+46AJvizDC74wBAq+ofIEvn+/BL5y5wm+zw8OvqggCL47oQi+n2sJvjSu
CL7fNQe+d9cHvjV+C76FEAa+lwkKvq//Bb6pSAO+ge4Ivh2rB76ImgW+u1sGvofZAr6tWAe+
e4IHvqD0Bb5K8Qa+m8kFvqTZB74obwK+Wq8CvtBACL7l5wK+nz4FvtbVBL6K6gG+XUMJvgdR
BL6HyQO+otMEvpjqBL6l0AO+68ACvg==</AssayYData></Step><Step><CommonData><SampleLocation>2</SampleLocation><SampleID>10mM Glycine pH1.7</SampleID><SampleGroup></SampleGroup><SampleInfo>or other Regeneration solution</SampleInfo><SampleRow>A</SampleRow><SamplePlate>1</SamplePlate><WellType>REGENERATION</WellType><Concentration>-1</Concentration><ConcentrationUnits>µg/ml</ConcentrationUnits><MolarConcentration>-1</MolarConcentration><MolarConcUnits>nM</MolarConcUnits><MolecularWeight>-1</MolecularWeight><Temperature>30</Temperature><StartTime>1071861</StartTime><AssayTime>20</AssayTime></CommonData><FlowRate>1000</FlowRate><StepType>CUSTOM</StepType><StepName>condition</StepName><StepStatus>OK</StepStatus><ActualTime>19.999</ActualTime><CycleTime>0.2</CycleTime><AssayXData Points="100">bwKCQ+gbgkOiNYJDPE+CQ7VogkNvgoJDCZyCQ6K1gkM8z4JD1eiCQ28Cg0PoG4NDojWDQxtP
g0PVaINDToKDQwmcg0OitYNDPM+DQ7Xog0NOAoRDCRyEQ6I1hEM8T4RDtWiEQ2+ChEMJnIRD
orWEQzzPhEPV6IRDbwKFQ+gbhUOiNYVDPE+FQ9VohUNvgoVD6JuFQ6K1hUMbz4VD1eiFQ28C
hkMJHIZDojWGQxtPhkO1aIZDb4KGQ+ibhkOitYZDG8+GQ7XohkNvAodD6BuHQ6I1h0MbT4dD
tWiHQ06Ch0Pom4dDorWHQzzPh0O16IdDTgKIQ+gbiEOBNYhDG0+IQ9VoiENOgohDCZyIQ4G1
iEMbz4hDteiIQ04CiUMJHIlDgTWJQxtPiUO1aIlDToKJQwmciUOitYlD4M+JQ9XoiUNOAopD
6BuKQ4E1ikMbT4pDtWiKQ06CikM2nopDgbWKQxvPikO16IpDTgKLQ+gbi0OiNYtDPE+LQ9Vo
i0NOgotDCZyLQ4G1i0M8z4tDteiLQw==</AssayXData><AssayYData Points="100">0mMEv6IE8b69aOC+GWnVvslQz77Q/su+TUDMvuKZyr7sC8u+9BDMvrb7zb6Xrc6+DYbPvqVn
0b4Lu9C+9zvUvinG0r7QPtS+AU/Vvr0e1762rdW+D0bWvieW2b6U6tm+0Z7Zvqf32r6P5Nq+
P/Xbvq07277Lgdu+u8jevrXf3r6XEd++XkDevqVY4L5ptd++kUDgvkUx4L4iGeG+HXvivsYc
4r5KHuK+VPbkvojg4r4SkOS+gcrkvrtJ5L7BE+W+8fHmvp895L58A+a+3Z7mvhqi5b6nV+a+
5AXlvgRr6L6Kiue+IITovilu577DCOq+TwPrvppl6b77ROm+JRbovpA96r7p+Oq+UqLqvs6O
6r5YPuu+XgrrvjCC7b6QTe6+9svsvldO7L7yX+++lSbtvg3A7r6cbO2+XNfvvhrk7b75mey+
hsvuvqV18L7QCO++mqruvrkW8L4QnfC+U7fvvj/J8b6bX/C+5wbzvqAW8L5YqfG+i9z0vhDt
8r42jfG+H8r1vgiJ8b7Ow/O+3Wzyvg==</AssayYData></Step><Step><CommonData><SampleLocation>1</SampleLocation><SampleID>Running Buffer</SampleID><SampleGroup></SampleGroup><SampleInfo></SampleInfo><SampleRow>A</SampleRow><SamplePlate>1</SamplePlate><WellType>BUFFER</WellType><Concentration>-1</Concentration><ConcentrationUnits>µg/ml</ConcentrationUnits><MolarConcentration>-1</MolarConcentration><MolarConcUnits>nM</MolarConcUnits><MolecularWeight>-1</MolecularWeight><Temperature>30</Temperature><StartTime>1097373</StartTime><AssayTime>20</AssayTime></CommonData><FlowRate>1000</FlowRate><StepType>CUSTOM</StepType><StepName>condition</StepName><StepStatus>OK</StepStatus><ActualTime>20</ActualTime><CycleTime>0.2</CycleTime><AssayXData Points="100">TwKMQ+kbjEOCNYxD+06MQ5VojEMugoxD6ZuMQ4K1jEP7zoxDleiMQy4CjUPIG41DYTWNQ/tO
jUO1aI1DT4KNQ8ibjUNhtY1D+86NQ5XojUMuAo5DyBuOQ2E1jkMcT45DlWiOQy6CjkPIm45D
YbWOQxzPjkPW6I5DLgKPQ+kbj0NhNY9DHE+PQ5Voj0Mugo9D6ZuPQ2G1j0Mcz49DteiPQ08C
kEPpG5BDgjWQQxxPkEObaZBDT4KQQ+mbkEOCtZBDHM+QQ7XokENPApFD6RuRQ6M1kUMcT5FD
tWiRQ0+CkUPpm5FDgrWRQxzPkUO16JFDTwKSQ+kbkkOCNZJDHE+SQ7VokkNPgpJDrZySQ4K1
kkMcz5JDteiSQ08Ck0PpG5NDYTWTQxxPk0O1aJNDT4KTQ+mbk0OCtZND+86TQ7Xok0NPApRD
yBuUQ4I1lEP7TpRDlWiUQ0+ClEPpm5RDo7WUQxzPlEO16JRDTwKVQ+kblUNhNZVDHE+VQ5Vo
lUNPgpVDyJuVQ2G1lUMcz5VDteiVQw==</AssayXData><AssayYData Points="100">XQKCvXDEAL5+ziO+GFgwvsfXNL7lFza+jdQ2vnh8OL5fajO+fqkuvjzCLr4Z9TC+dhorvkMY
K77HvCy+2UQtvnlmK76AmSq+m7covuxcKL7qJym+laAmvok8J76Hgie+HCkqvpEgI77w0CS+
ygYivuTwIL5hdSC+cH0hvpBHJL41mCK+p3ofvpSTI74/+yO++pAivl7QIb5ech++Mf8hvhK2
Hr76jyG+GjMcvrzKHr5qeh2+r5khvqAxIb4j5Ry+8AcevtsfHr5rfBm+P3oavg0sIL7jRx++
F5UbvoKPHL4QTxq+JkEbvurKGr5d7Ru+qNMdvvTbGr7jshy+UpMcvizIHL5Nlhu+zW0avhEF
HL64Vhm+C0kavj0aHr6XFRu+ff0YvotNGL5Mlxq+VccYvh6GG75KJhe+vHUYviuqFr5/Oxm+
47sdvi/WGr7cLBy+0wMbvqkhGb71Hhe+ipEZvmZgGb7uMxi+2UAWvvWGGL62Jhi+pPEZvicH
G77/vhe+g1wbvj0FFr5xGRa+jT0Zvg==</AssayYData></Step><Step><CommonData><SampleLocation>3</SampleLocation><SampleID>Running Buffer</SampleID><SampleGroup></SampleGroup><SampleInfo></SampleInfo><SampleRow>A</SampleRow><SamplePlate>1</SamplePlate><WellType>BUFFER</WellType><Concentration>-1</Concentration><ConcentrationUnits>µg/ml</ConcentrationUnits><MolarConcentration>-1</MolarConcentration><MolarConcUnits>nM</MolarConcUnits><MolecularWeight>-1</MolecularWeight><Temperature>30</Temperature><StartTime>1123544</StartTime><AssayTime>120</AssayTime></CommonData><FlowRate>1000</FlowRate><StepType>BASELINE</StepType><StepName>Baseline 120</StepName><StepStatus>OK</StepStatus><ActualTime>120</ActualTime><CycleTime>0.2</CycleTime><AssayXData Points="600">TwKWQ8gblkNhNZZD4E+WQ5VolkMugpZDyJuWQ2G1lkP7zpZDleiWQy4Cl0PIG5dDYTWXQxxP
l0OVaJdDLoKXQ+mbl0OCtZdDHM+XQ5Xol0MuAphD6RuYQ4I1mEP7TphDlWiYQ0+CmEPpm5hD
grWYQxzPmEO16JhDTwKZQ+kbmUOCNZlDHE+ZQ7VomUNPgplD6ZuZQ4K1mUMcz5lDteiZQ08C
mkPpG5pDgjWaQxxPmkOVaJpDT4KaQ8ibmkOCtZpDHM+aQ7XomkNPAptDyBubQ2E1m0P7TptD
tWibQ5GCm0Ppm5tDgrWbQxzPm0O16JtDTwKcQ+kbnEOCNZxDHE+cQ7VonENPgpxD6ZucQ4K1
nEMcz5xDleicQy4CnUPIG51DgjWdQxxPnUO1aJ1DT4KdQ+mbnUOCtZ1DHM+dQ7XonUNPAp5D
SxyeQ2E1nkMcT55DlWieQy6CnkNsnJ5DYbWeQ/vOnkOV6J5DcAKfQ8gbn0OCNZ9D+06fQ5Vo
n0NPgp9D6ZufQ2G1n0P7zp9DleifQy4CoEPIG6BDgjWgQ8BPoEOVaKBDLoKgQ+mboEOCtaBD
+86gQ5XooENPAqFDyBuhQ6M1oUP7TqFDlWihQ3CCoUPIm6FDgrWhQ/vOoUOV6KFDLgKiQ8gb
okNhNaJD+06iQ7VookNVg6JDyJuiQ4K1okMcz6JDleiiQy4Co0PIG6NDgjWjQ/tOo0OVaKND
T4KjQ8ibo0OCtaNDHM+jQ5Xoo0MuAqRDyBukQ2E1pEP7TqRDlWikQy6CpEPIm6RD5LWkQ/vO
pEOV6KRDLgKlQ+kbpUNhNaVD+06lQ5VopUMugqVDyJulQ2G1pUP7zqVDleilQy4CpkPpG6ZD
gjWmQ/tOpkP3aKZDT4KmQ+mbpkOCtaZDHM+mQ7XopkNPAqdD6RunQ4I1p0McT6dDtWinQ0+C
p0Ppm6dDgrWnQxzPp0O16KdDTwKoQwkcqEOCNahDHE+oQ7VoqEOQgqhD6ZuoQ4K1qEMcz6hD
teioQ08CqUPpG6lDgjWpQxxPqUO1aKlDT4KpQ+mbqUOCtalDwM+pQ7XoqUNPAqpDCRyqQ4I1
qkPgT6pDlWiqQ0+CqkPpm6pDgrWqQxzPqkO16KpDTwKrQ+kbq0OCNatDHE+rQ7Voq0MugqtD
6ZurQ2G1q0Mcz6tDteirQ/MCrEPpG6xDgjWsQxxPrEPWaKxDT4KsQ8ibrENhtaxDHM+sQ7Xo
rENPAq1DyButQ2E1rUMcT61DlWitQ0+CrUPpm61DR7atQ/vOrUO16K1DLgKuQ+kbrkNhNa5D
+06uQ7VorkNPgq5D6ZuuQ4K1rkP7zq5DteiuQy4Cr0PpG69DYTWvQxxPr0O1aK9DLoKvQ8ib
r0Nhta9D+86vQ5Xor0MuArBD6RuwQ2E1sEP7TrBDlWiwQy6CsEPpm7BDYbWwQxzPsEOV6LBD
LgKxQ8gbsUOCNbFD+06xQ5VosUMugrFDyJuxQ2G1sUMcz7FDleixQy4CskNsHLJDYTWyQ/tO
skO1aLJDLoKyQ8ibskNhtbJD+86yQ5XoskMuArND6RuzQ2E1s0P7TrNDlWizQy6Cs0Ppm7ND
YbWzQ/vOs0O16LNDcAK0Q+kbtENhNbRDwE+0Q7VotEMugrRD6Zu0Q4K1tEMcz7RDtei0Q08C
tUPpG7VDgjW1QxxPtUO1aLVDNIO1Q+mbtUOCtbVDHM+1Q7XotUNPArZD6Bu2Q4I1tkMcT7ZD
lWi2Q0+CtkPom7ZDgrW2QzzPtkO26LZDTwK3Q+gbt0OCNbdD+063Q7Zot0MugrdD6Ju3Qya2
t0Mcz7dDtui3Q08CuEPoG7hD5DW4Q/tOuEO2aLhDLoK4Q+ibuEOCtbhDHM+4Q7bouENPArlD
6Bu5Q4I1uUP7TrlDm2m5Q9iDuUPom7lDgrW5Q/vOuUO26LlDTwK6Q8gbukNiNbpD+066Q5Vo
ukNPgrpD6Ju6Q4K1ukMcz7pDlei6Qy4Cu0PoG7tDYjW7QxxPu0OVaLtDLoK7Q+ibu0OCtbtD
+867Q7bou0NwArxDSxy8Q4I1vEP7TrxDtmi8Q0+CvEPom7xDgrW8Q/vOvEOV6LxDLgK9Q8gb
vUNiNb1DHE+9Q7ZovUNPgr1DyJu9Q4K1vUP7zr1Dlei9Q08CvkPoG75D5DW+Q/tOvkOVaL5D
LoK+Q8ibvkOCtb5DHM++Q7bovkMuAr9DyBu/Q2I1v0McT79DlWi/Q/mDv0PIm79DYrW/QxzP
v0OV6L9DlwPAQ8gbwENiNcBDHE/AQ7ZowEMugsBDyJvAQ2K1wEMcz8BDlejAQy4CwUPIG8FD
gjXBQ/tOwUO2aMFDLoLBQ8ibwUNitcFDHM/BQ5XowUNwAsJDyBvCQ2I1wkP7TsJDtmjCQ0+C
wkPIm8JDYrXCQxzPwkOV6MJDTwLDQ+gbw0OCNcNDHE/DQ7Zow0NPgsND6JvDQ4K1w0Mcz8ND
OOnDQ08CxEPoG8RDgjXEQxxPxEO2aMRDT4LEQ+ibxEOCtcRDHM/EQ7boxENPAsVDyBvFQ4I1
xUMcT8VDtmjFQ0+CxUPom8VDgrXFQxzPxUO26MVDTwLGQ+gbxkOCNcZDHE/GQ5VoxkMugsZD
6JvGQ4K1xkMcz8ZDtujGQ08Cx0PoG8dDgjXHQxxPx0O2aMdDT4LHQ8ibx0OCtcdDHM/HQ7bo
x0NPAshD6BvIQ4I1yEMcT8hDlWjIQy6CyEPIm8hDYrXIQ/vOyEO26MhDTwLJQ+gbyUOCNclD
+07JQ7ZoyUNPgslDyJvJQ4K1yUP7zslDtujJQy4CykPoG8pDgjXKQxxPykOVaMpDLoLKQ+ib
ykOCtcpDkNLKQ5XoykMuAstD6BvLQ4I1y0P7TstDlWjLQy6Cy0PIm8tDgrXLQ/vOy0O26MtD
LgLMQ+gbzENiNcxD+07MQ5VozENPgsxD6JvMQ2K1zEP7zsxDtujMQ08CzUPIG81DYjXNQ/tO
zUOVaM1DLoLNQ8ibzUNitc1D+87NQ7bozUMuAs5D6BvOQ4I1zkP7Ts5DlWjOQy6CzkPom85D
grXOQxzPzkOV6M5DLgLPQ8gbz0NiNc9DXU/PQ5Voz0NPgs9D6JvPQ2K1z0P7zs9DlejPQy4C
0EPIG9BDYjXQQ/tO0EOVaNBDLoLQQ+ib0EOjtdBD+87QQ5Xo0ENPAtFD6BvRQ6M10UPgT9FD
tmjRQ0+C0UPom9FDBbbRQxzP0UO26NFD</AssayXData><AssayYData Points="600">+iQsvqMXK74ksCi+yPEnvsBMKL5h2CW+tA8ovp0mI74GryK+rlwkvnJFIb6fPyW+69UlvlsN
J76rpCW+9IgkvnCTJ761ViS+XYMhvrcDIb7O/SS+ntkhvtI9IL7c3SO+XWskvj/kIr4mgyO+
klonviZLIb79siC+RT0lvt0SIb7oeSK+Jw4ivnMHIr68iCW+wlohvhLqI76joSG+PmkhvgMF
I772iSC+29Eivtj1Ib69SiK+K/Ajvus4H76MvCC+oWchvvfvH75XOB++Jx4ivpQ4Ib7IhiG+
qfchvlrvJL4CfR6+o8EdvmPUI76/cx6+1+wgvrHyG75lFhy+yRIivs8rHr6c7iK+tAAkvo0I
IL78/xu+q7EdvoE4Hr6F0CK+zxwgvgkHIL4ldSG+OWYivgSbIb4pMSC+UkwcvoaBIL5nqSC+
2NUcvlqLIb4wlCG+A48evlA3JL5oAx++TosbvoZkHL6F/SG+ONUevkBdHb7O8iK+TNghvqNE
JL5o2iO+DaogvuEYIb50+iK+Y7EdvnSFHb6O5hy+UIMbvqTIHr41kx2+W4Icvi3fI77K5B6+
xR4dvpAZIL6dvhy+Iiokvhq+H77haB2+90Qfvvb9G74LOB++dBgavjg4IL4yPhy+JGohviu+
Ib6+Rx++Y/QfvqGWG76Pmh++6HkevrmzH763yhq+NkMgvpqCGr7VJhq+omAevu9THb5iQCC+
xN4dvgyGH75dkCC+/cUavvF9Hr6x8x6+NyMevmSnHb414iG+IA0evux1H74Dpxu+DaUfvjhu
Hb4fYx++E9IbvvA+HL7n1R2+uMkdvlEnHb6inSC+XKUcvgzJH76mjBy+ipQgvqXzHb6/yB2+
kf4evkWUH76CKx++xEwfvj5DHL7z6h2++GEevnYkIL70Ix2++ukhvvVhGb7ceBy+rGkgvsI2
Ib5mERm+IWAcvqcxHb6GAxq+uQcfvmgwHb6GxBe+ea0cvkuzHb4ukB2+8HYcviwgHr6XPhy+
nZIevm8UG74nNh6+FGgcvtr1Hr7rMxy+79MbvjdBIL6zShy+8DQevo0sGb7Gfhm+JAkevm1d
Ib7OBB6+kWcdvgTsG76Wphu+tfMbvgg6Gr5dCx2+C3MdvqDrHr7Inhu+i30Zvn2RHr4VJRu+
+n8cvhInG75EGhy+8RYcvpmbG746Yh2+FSkhvsjuGb5/Hhu+DtEdvm88Gr4NGhy+YRocvgbf
Gr7pZxy+VIAdvjiwG770URm+LQMdvqERG75bCB6+LBwcvgmNHL6oPh2+vfgZvkqXHL5cSxe+
IgMcvkt0Hb7XMh2+jEkgvmeuHb7nBCC+mCkZvm9VG77Alh2+YaMavgCjG74P5Ry+knkavsMt
HL50Mhm+M6wevs+8HL6iuBm+T/MavmOiGL6YExq+WDUdvgAIHr5S/xy+/HgZvuWtHL6oER2+
GP4avnAqG76fpR6+VKYbvuGDHr42HBy+KGkcvsSUFr7Fwhy+vssXvq6+GL5olh6+99AbviNl
H74F5Bi+50AdvgIfGr73fBu+SN0bvo/4Gr7feR6+4PocvqYVGb6rIhi+c0Ibvgf7Gb7uPB2+
VD0YvvCmHb7qdRi+B7wXvnayG77z4Rq+9j8ZvvL3HL4RoRi+pAsavgRZGb7egBu+0T8avrnY
Gr5xjx2+7E4evgEfHr6/Hhm+sYsZvlgMHL53CR2+MFoYvsiXHL5YkBq+ixgdvs+zGb5FYhq+
XFQeviA5Gb4Phhu+VpsavoK4H75grxm+gKQavgycF76mihm+Ns0cvh36Gb4+Lxy+EX0cvkG9
GL5bvhm+l24YvtmvHL5DzBm+i3kZvtgtGb5wHxm+rfYXvujsGb4eqhi+6fgYvsblHr6ckxm+
rDccvrrxGr7jrxm+4xIcvnsIGL77fRi+39gXvkleGr5woxe+jiIYvrYVGb4vaxe+MWIavoG/
F77+jBm+45gavm2HG75yfxu+WcgavuPLG77R/xm+y/YbvgfmF75ZMhu+idEXvpCBGL59FRu+
MDUcvjThGr7ZjRu+9UoXvl/mGL51khq+SKAavlouH76psBi+gyoZvqRhHb7nhRu+joMZviPl
Gr71LBm+VIMbvs7EGr7exx2+Gn0aviPuFr6mlh2+ibkXvsS7Fb6GShu+SlUavjvgGb4Rxxm+
1XMdvmLaHL5IJhq+WBkavgHsF75Mzhm+w6YZvsXTGb6+nxm+34EcvlIsGr4ktRy+VeAYvkyl
G77tQhy+I2EbvoJ7Gr4jcxq+FBcbvg+wGL7DLBi+nlAcvkEwGb5eCxq+6+IYviAmGL4xzBq+
yigZvofgGb7h3Bu+Pp4cvg97Hb7VBxi+IjodvvK/Gr5+8Rq+fkYavmbFGr7ExRq+fTQavjCS
HL6zsRi+C88dvsN9F77FLBu+Y8QVvou1F74HNha+2eccvjDIHL7pcRm+JDYXvrgvG76q3Rm+
bD8ZvoHFGr4P2By+aqsbvha1Gr4WIRm++VUYvgkfGr7ZTxq+0LQZvv8MGL6+Cxm+3TYbvkK9
Gr6p3Rm+2zsYvoW4Fb5i5BW+iMUVvg08G75mHhm+IwMWvtZFGL44qRm+4xIXvq4GF75FRR2+
VZ8Zvv3qGL7gYBi+Um0avoOJGL7xOhi+rwkXvhGMGr7MoRi+E/wWvnnaF76eRBu+KvEXvupB
HL67mx2+8joavg+UGr7hQxm+BaEYvlhKF74/xxi+plcWvq0DGL7guhi+YkoZvqLhGr7PbRy+
rxgYvo1dGL71xBq+LQcZvq7wGb6ooBq+L8IYvp58F76d7xy+qbkVvkjrGb6eXh6+KvoWvgGl
GL6U+Bi+SJYXvn5eG752uxi+7H8bvlm0G76ELxS+aeIWvobOGL7W7hO+NP0XvpY2GL7yCBu+
ts8Zvj0yHL4u2Rq+WbkWvse/Gb6+TBm+hKsbvsoeHr7h+Rq+s58cvo7lGr5j7xe+6OIYvvWB
HL6j4xe+o28avnHhFb6NaR++qnsXvgGHGb668hW+pHwbvndSGb4FVhW+NTIZvm/fG77opBi+
rlwYvvr8GL7O2xm+ARsWvvCTGb7pFhm+GjQXvt2rFr4R8Ri+xQoZvvBmGb68Gxm++/4avlDO
HL6OTBa+qAMZvjTTFr62ABi+Jakavi5AHr5Obhe+4EAavvZIG75twRm+gQodvpMKF74/Gxq+
/UAYvne5GL5aWha+zBIZvutZF75gdBe+</AssayYData></Step><Step><CommonData><SampleLocation>8</SampleLocation><SampleID></SampleID><SampleGroup></SampleGroup><SampleInfo></SampleInfo><SampleRow>A</SampleRow><SamplePlate>1</SamplePlate><WellType>KLOAD</WellType><Concentration>-1</Concentration><ConcentrationUnits>µg/ml</ConcentrationUnits><MolarConcentration>-1</MolarConcentration><MolarConcUnits>nM</MolarConcUnits><MolecularWeight>-1</MolecularWeight><Temperature>30</Temperature><StartTime>1252077</StartTime><AssayTime>20</AssayTime></CommonData><FlowRate>1000</FlowRate><StepType>LOADING</StepType><StepName>Loading</StepName><StepStatus>OK</StepStatus><ActualTime>20</ActualTime><CycleTime>0.2</CycleTime><AssayXData Points="100">UALSQ8kb0kODNdJDHU/SQ5Zo0kM1g9JD6pvSQ4O10kP8ztJDlujSQ1AC00PqG9NDpDXTQx1P
00O2aNNDUILTQ+qb00ODtdNDHc/TQ7bo00NQAtRD6hvUQ4M11EMIUdRDtmjUQ1CC1EPqm9RD
g7XUQx3P1EO26NRDUALVQ+ob1UODNdVDHU/VQ7Zo1UNQgtVD6pvVQ4O11UP8ztVDtujVQ1AC
1kPqG9ZDgzXWQx1P1kOWaNZDUILWQ+qb1kODtdZDHc/WQznp1kNQAtdD6hvXQ4M110M+T9dD
tmjXQ1CC10Pqm9dDg7XXQx3P10OW6NdDUALYQ8kb2EODNdhDHU/YQ7Zo2ENQgthDyZvYQ2K1
2EP8zthDtujYQ1AC2UPJG9lDgzXZQ/xO2UPXaNlD04LZQ+qb2UODtdlD/M7ZQ5bo2UNQAtpD
6hvaQ2I12kP8TtpDtmjaQy+C2kPqm9pDYrXaQ8HP2kOW6NpDLwLbQ8kb20NiNdtDHU/bQ5Zo
20MvgttD6pvbQ2K120Mdz9tDtujbQw==</AssayXData><AssayYData Points="100">KxACvqGV7b2X2Na9C3nHvdTkxL0VZaW9zkSXva17kb29MYC9UxZkvfyOZb1UP0G9pFgpvSP8
Db3d+du87Y3KvAUKjLz4gBW8nr8Uu2DJPLueehk8MXtxPEuGpDzsstc8YlsIPXHhIj2EHy89
67hRPWyaaD0JuXY96KGGPfrwlj3uNKE9Gs2sPat2wT0v0MI9h8bMPdPE3D13X+U9fbL1PTbf
9j1g0AQ+ZfAOPum3Ej7FzRQ+xhIiPhsZJj5xsSk+nAsuPlGrOD5MCj4++9w7PgGeST4/2E0+
Hi5SPku5WT497F0+0HhkPpyxaj4/d3A+LDF1PnF4fj7gvHs+m6+BPl5Fhz6QCYs+AhONPnyx
kD71X5M+zC2VPoxvmD6nMZw+tY2ePrbmoT4fL6U+TOOnPrJDqj7KS6w+XhywPgxFsj79jbU+
3Hu3Pt+uuz7Zrb4+z/+/PlOhxD4A8Mc+6UnMPtM9zT7JmNI+dbvTPkeO1j4ZSdc+cHPcPsQ0
3T6HUuE+H8flPrC25j6asek+8cDrPg==</AssayYData></Step><Step><CommonData><SampleLocation>9</SampleLocation><SampleID></SampleID><SampleGroup></SampleGroup><SampleInfo></SampleInfo><SampleRow>A</SampleRow><SamplePlate>1</SamplePlate><WellType>BUFFER</WellType><Concentration>-1</Concentration><ConcentrationUnits>µg/ml</ConcentrationUnits><MolarConcentration>-1</MolarConcentration><MolarConcUnits>nM</MolarConcUnits><MolecularWeight>-1</MolecularWeight><Temperature>30</Temperature><StartTime>1281686</StartTime><AssayTime>60</AssayTime></CommonData><FlowRate>1000</FlowRate><StepType>BASELINE</StepType><StepName>Baseline 60</StepName><StepStatus>OK</StepStatus><ActualTime>60</ActualTime><CycleTime>0.2</CycleTime><AssayXData Points="300">UALcQ8kb3ENiNdxDHU/cQ7Zo3EMvgtxD6pvcQ4O13EMdz9xDlujcQ1AC3UPJG91DiTbdQx1P
3UOWaN1DUILdQ8mb3UNitd1D/M7dQ5bo3UNQAt5D6hveQ2I13kP8Tt5DlmjeQy+C3kPJm95D
YrXeQ/zO3kOW6N5DLwLfQ8kb30NiNd9D/E7fQ7Zo30Mvgt9DyZvfQ4O130P8zt9DlujfQ1AC
4EPqG+BDgzXgQx1P4EOWaOBDUILgQ+qb4EODteBD/M7gQ7bo4EMvAuFDyRvhQ2I14UP8TuFD
tmjhQy+C4UPJm+FDYrXhQ/zO4UOW6OFDLwLiQ8kb4kNiNeJD/E7iQ/ho4kMvguJDyZviQ4O1
4kMdz+JDtujiQ1AC40PqG+NDgzXjQx1P40O2aONDUILjQ+qb40ODteNDHc/jQ7bo40NQAuRD
6hvkQ4M15EP8TuRDtmjkQ1CC5EPqm+RDg7XkQx3P5EO26ORDUALlQ+ob5UODNeVDHU/lQ5Zo
5UNQguVDyZvlQ4O15UMdz+VDtujlQ1AC5kPqG+ZDgzXmQx1P5kO2aOZDUILmQ+qb5kNiteZD
/M7mQ7bo5kNQAudD6hvnQ2I150MdT+dDtmjnQ1CC50Pqm+dDg7XnQx3P50OW6OdDUALoQ+ob
6EODNehDHU/oQ7Zo6ENQguhD6pvoQ4O16EP8zuhDtujoQy8C6UPqG+lDYjXpQx1P6UO2aOlD
UILpQ+qb6UNitelDHc/pQ5bo6UNQAupDyRvqQ4M16kMdT+pDtmjqQy+C6kPJm+pDg7XqQ/zO
6kO26OpDLwLrQ+ob60ODNetD/E7rQ5Zo60MvgutD6pvrQ2K160Mdz+tDlujrQ1AC7EPqG+xD
YjXsQ/xO7EOWaOxDL4LsQ8mb7ENitexD/M7sQ7bo7EM1A+1DyRvtQ2I17UP8Tu1DtmjtQy+C
7UPqm+1DYrXtQ/zO7UOW6O1DLwLuQ8kb7kNiNe5D/E7uQ5Zo7kNQgu5DyZvuQ2K17kP8zu5D
lujuQ1AC70PJG+9DgzXvQ/xO70OWaO9DUILvQ8mb70ODte9D/M7vQ5bo70MvAvBDyRvwQ4M1
8EMdT/BDtmjwQy+C8EPqm/BDg7XwQ/zO8EO26PBDUALxQ+ob8UODNfFDHU/xQ7Zo8UNQgvFD
6pvxQ4O18UMdz/FDtujxQ1AC8kPqG/JDgzXyQx1P8kO2aPJDUILyQ+qb8kODtfJDHc/yQ7bo
8kNQAvND6hvzQ4M180MdT/NDtmjzQ1CC80Pqm/NDg7XzQx3P80O26PNDUAL0Q+ob9EODNfRD
HU/0Q7Zo9EMvgvRDyZv0Q2K19EP8zvRDtuj0Q1AC9UPqG/VDgzX1Qx1P9UO2aPVDUIL1Q+qb
9UODtfVD/M71Q5bo9UNQAvZDEB32Q4M19kMdT/ZDtmj2Qy+C9kPqm/ZDYrX2Qx3P9kO26PZD
LwL3Q8kb90NiNfdD/E73Q7Zo90NQgvdDyZv3Q2K190P8zvdDtuj3Qy8C+EPJG/hDYjX4Qx1P
+EOWaPhDL4L4Q+qb+ENitfhDHc/4Q7bo+EMvAvlDyRv5Q4M1+UMdT/lD+Gj5Q1CC+UPJm/lD
g7X5Qx3P+UO26PlD</AssayXData><AssayYData Points="300">yGplPzsgZj/C3Wc/E/lnP/wQaD+HT2c/+KpnP0NAZj8SwGU/O7RkPyLSZD8HLGQ/pktkP/uS
Yz+kV2I/hgJjP3V4YT8WFmE/yAJhP+zcYD/T1l8/TsFeP9l2Xz+6Tl8/+XVeP4oEXj/62F0/
Y6RdP0xyXT91plw/LqRcP+cCXD+jNVw/YqBcP0YxXD+rH1s/80JbP5z4Wj90IFo/IChaPzd0
WT/+iVg/y3dYP8ihWD/tg1c/DjBXP9a2WD8DvlY/G6hWP0JKVj8AJFY/8AtVP7thVT8j71U/
I79UPzDlVD86jFQ/S+hUP2BIVD9JylM/frZSPyqlUj+Lo1I/EA1SP3rxUT8ljlE/XlFRP21B
UT9llVA/kkVQP1Q4UD8wiE8/BH1OP+JaTj+yck8/PdROPz02Tj91qE4/UZhNP2xvTT/VbE0/
j/NMP0MyTD9W1Ew/uExMP11SSj9L1Es/nEFLPyd9Sj9d8Eo/PhtKP1tjSj9UDUo/UaVJP5O9
ST9vvkc/KWdIP9p/SD8vfEc/025HP4yjRj9pZkc/19ZFP1x2Rz/beUY/I/dFP1VVRj+XIEY/
pSVGP/KVRD/ITUQ/vpJDPz1AQz/eP0M/BbVCP0WuQj+HGEM/mZlCP2uZQT/s4kE/NoZBP3Jw
Qj/6fkE/p8RAP43CPz/zzkA/uxpAP2R1Pz9+hz8/7OY/P9F/Pz/eMj4/1BM/P+AtPj9Luz0/
wOc9P4XwPD/4ojw/wqs9PwEzPD9uJzw/cxo8P/AYPD+jcjo/ctQ7P7efOj9hRDs/Zws6PxeM
Oj8WTzs/KTs5P8QROT/UMzk/dDo4PyelOD9RPTg/TwI4P/UeNz/iGjg/tGA3PxnVNz9gszY/
O+c2P0onNj+T6jU/xSU1PwKINT/O0zQ/wLk0P/3TND8UyzQ/mCwzP5REND8cUjM/jhc0P805
ND+DLzQ/IKgzP0mFMj8KbjI/E7oxP+acMj/KqzE/OkYxP4dgMT/qODE/s64wPxtvMD/ECjA/
uPAvP/dYMD+lEC8/TYovP9mJLj8WEy4/8v8uP2vHLj8gEy8/i24uP8cYLj8zzS0/osstP6u4
LD8bAi0/TpAsP4owLD80GSw/CagrP5+pKz+P9ys/rDwsP6ojKz+loCs/vrkqP+qIKj9iMyo/
baApP63MKD87iCk/ISopP3BaKT832Sg/D40oPy8XKD8EcSg/i4MnPwRDKD/VoSc//8AnP9zi
Jj//+iY/XX0mP1FbJj9NlyU/Y3glP6ZYJT8p7SU/EJ4kP4/gJD/qIiU/JnIkP78nJD/F7SM/
NWckP/EpIz9rqCM/ZpUjPy0JIz+cISM/bA0iP1RMIj8+BSI/NzUiPyqtIT9huiE/WqchPwyo
IT/1SSE/KIQgP55OID/4OCA/FR4gP4OIHz9ngyA/4ZofP386Hz9Nsh4/CXseP+1yHj+Sfh4/
JpMePy6YHT8miB4/AN0dP3SbHT9bpB0/IYMdP62bGz9kbxw/VcAcP68bHD/i9Bw/QUccP4sw
HD/jvxs/loobP4gHGz+KKBs/MJIbP9WEGj91jRo/L0MaP3FqGj8GKho/k68ZP+NLGT++Fxk/
qDMYP+z/GD+sxxg/</AssayYData></Step><Step><CommonData><SampleLocation>10</SampleLocation><SampleID></SampleID><SampleGroup></SampleGroup><SampleInfo></SampleInfo><SampleRow>A</SampleRow><SamplePlate>1</SamplePlate><WellType>BUFFER</WellType><Concentration>-1</Concentration><ConcentrationUnits>µg/ml</ConcentrationUnits><MolarConcentration>-1</MolarConcentration><MolarConcUnits>nM</MolarConcUnits><MolecularWeight>-1</MolecularWeight><Temperature>30</Temperature><StartTime>1352075</StartTime><AssayTime>20</AssayTime></CommonData><FlowRate>1000</FlowRate><StepType>BASELINE</StepType><StepName>Baseline 20</StepName><StepStatus>OK</StepStatus><ActualTime>20</ActualTime><CycleTime>0.2</CycleTime><AssayXData Points="100">UAL6Q8kb+kODNfpD/E76Q5Zo+kNQgvpDyZv6Q2K1+kP8zvpDluj6Qy8C+0PJG/tDgzX7Q/xO
+0O2aPtDL4L7Qyuc+0NitftDHc/7Q5bo+0MvAvxDyRv8Q4M1/EMdT/xDtmj8Qy+C/EPJm/xD
YrX8Q/zO/EOW6PxDUAL9Q+ob/UODNf1DHU/9Q3tp/UMvgv1D6pv9Q2K1/UM+z/1Dluj9Q1AC
/kPJG/5DYjX+Q/xO/kOWaP5DL4L+Q8mb/kNitf5D/M7+Q5bo/kNQAv9D6hv/Q2I1/0MdT/9D
tmj/Qy+C/0Pqm/9Dg7X/Qx3P/0O26P9DLgIAROQNAETCGgBEjicARFs0AEQoQQBEFk4ARMJa
AESOZwBEW3QARCiBAET1jQBEwpoARPGnAERbtABEKMEARPXNAETC2gBEjucARFv0AEQoAQFE
9Q0BRMIaAUSOJwFEWzQBRChBAURXTgFEwloBRI5nAURbdAFEOIEBRPWNAUSxmgFEjqcBRFu0
AUQowQFE9c0BRMLaAUSO5wFEW/QBRA==</AssayXData><AssayYData Points="100">6WilPmcAjT7lTH8+cDxzPp+Jaj7QdGg++BhoPrR6YT7Tn2Y+uXhlPpJiZz72FGc+6fpnPjiM
ZT6cB2Y+XrprPgyaaz5qlGk+XKhsPo+PbD6KWW0+Ju9sPpKobj7kgWs+d8NuPnP6aj70rHA+
cK5uPghFbT5S/20+cdtyPuvEcD7o23I+PAByPpfHbj7Hxm4+kCFxPjOFbz5LN20+A8JuPpfy
cD5HGm0+TFtyPqdbcD7+nmw+wxNwPgs5cj5N+28+/qtvPjC3bT5NenU+5JRyPiP1bz64MWw+
d1ZvPurnbj5sbXY+S/JxPnoIdD4YKXM+dgt4PlYDcz7h4HA+iH90PsABbj4b33A+Co9yPrco
bz7iDW8+eDZyPh4wcT7g0nA+7dhtPoIUdD5YNHQ+Ri5zPoDycD6CX3E+w+FvPvwndj53LHI+
eZpxPrQEcj7/8nI++zlzPt4scz5BpHQ+mh9vPhDfcT71S3M+flpyPsmocz7EtW8+uhRvPuAM
cj6ku3I+w2ZuPmKmbj7Pg3A+7BJyPg==</AssayYData></Step><Step><CommonData><SampleLocation>11</SampleLocation><SampleID></SampleID><SampleGroup></SampleGroup><SampleInfo></SampleInfo><SampleRow>A</SampleRow><SamplePlate>1</SamplePlate><WellType>KSAMPLE</WellType><Concentration>-1</Concentration><ConcentrationUnits>µg/ml</ConcentrationUnits><MolarConcentration>-1</MolarConcentration><MolarConcUnits>nM</MolarConcUnits><MolecularWeight>-1</MolecularWeight><Temperature>30</Temperature><StartTime>1382735</StartTime><AssayTime>120</AssayTime></CommonData><FlowRate>1000</FlowRate><StepType>ASSOC</StepType><StepName>Association</StepName><StepStatus>OK</StepStatus><ActualTime>119.999</ActualTime><CycleTime>0.2</CycleTime><AssayXData Points="600">KAECROQNAkSxGgJEficCRFs0AkQYQQJE9U0CRMJaAkTAZwJEW3QCRCiBAkTkjQJEwpoCRH6n
AkRbtAJEKMECRPXNAkTC2gJEjucCREv0AkR6AQNE5A0DRMIaA0SOJwNEWzQDRBhBA0TkTQNE
wloDRH5nA0RLdANEGIEDROSNA0SxmgNEfqcDREu0A0QYwQNE5M0DRMLaA0R+5wNES/QDRBgB
BETkDQREwhoERH4nBERLNAREGEEERORNBETCWgREjmcERFt0BEQYgQREV44ERLGaBESOpwRE
W7QERBjBBETkzQREwtoERI7nBERb9AREKAEFRPUNBUTCGgVEjicFRK00BUQoQQVE9U0FRMJa
BURjaAVEW3QFRCiBBUT1jQVEwpoFRI6nBURbtAVEKMEFRPXNBUTC2gVEjucFRFv0BUSKAQZE
9Q0GRMIaBkSOJwZEWzQGRChBBkS5TgZEwloGRH5nBkRbdAZEKIEGROSNBkTCmgZEjqcGREu0
BkQowQZE9c0GRMLaBkSO5wZEW/QGRCgBB0T1DQdEwhoHRPEnB0RbNAdEGEEHRORNB0SxWgdE
jmcHRFt0B0QYgQdE9Y0HRMKaB0R+pwdEW7QHRCjBB0TkzQdEsdoHRH7nB0Rb9AdEKAEIROQN
CETCGghEjicIRFs0CEQYQQhE9U0IRMJaCER+ZwhES3QIRCiBCET1jQhEsZoIRH6nCERbtAhE
GMEIRPXNCERl2whEjucIREv0CEQYAQlE9Q0JRBQbCUR+JwlEWzQJRChBCUT1TQlEwloJRI5n
CURbdAlEKIEJRPWNCUSxmglEfqcJREu0CUQYwQlE9c0JRMLaCUR+5wlES/QJRBgBCkTkDQpE
sRoKRH4nCkRLNApEGEEKRPVNCkSxWgpEfmcKRFt0CkQYgQpE5I0KRMKaCkR+pwpEbLQKRCjB
CkT1zQpEwtoKRH7nCkRb9ApEGAELRDYOC0TCGgtEjicLRFs0C0QoQQtENk4LRLFaC0R+ZwtE
S3QLRBiBC0TkjQtEsZoLRH6nC0RstAtEGMELRPXNC0TC2gtEfucLRFv0C0QoAQxE9Q0MRMIa
DESOJwxEWzQMRChBDET1TQxEt1sMRI5nDERbdAxEKIEMRPWNDETCmgxEjqcMRFu0DEQowQxE
9c0MRLHaDESO5wxEW/QMRHoBDUT1DQ1EwhoNRI4nDURbNA1EPkINRPVNDUTCWg1EjmcNRFt0
DUQogQ1E9Y0NRMKaDUSOpw1EW7QNRBjBDUT1zQ1EwtoNRH7nDURb9A1EKAEORPUNDkTCGg5E
jicOREs0DkQoQQ5E9U0ORMJaDkR+Zw5EW3QORLuBDkT1jQ5EsZoORI6nDkRLtA5EKMEOROTN
DkTC2g5EjucOREv0DkQoAQ9E9Q0PRLEaD0SOJw9EWzQPRBhBD0T1TQ9EsVoPRH5nD0RLdA9E
KIEPROSND0Sxmg9EfqcPRFu0D0QowQ9E9c0PRLHaD0SO5w9EW/QPRBgBEETkDRBEsRoQRH4n
EERbNBBEekEQRPVNEESxWhBEfmcQREt0EEQYgRBE5I0QRLGaEER0qBBES7QQRBjBEETkzRBE
wtoQRI7nEERL9BBEGAERROQNEUTCGhFEficRREs0EUQYQRFEBU4RRPNaEUR+ZxFES3QRRCiB
EUQmjhFEsZoRRH6nEURbtBFEGMERROTNEUSx2hFEfucRRFv0EUQYARJE5A0SRLEaEkR+JxJE
SzQSRBhBEkTkTRJEsVoSRH5nEkRLdBJEGIESROSNEkSxmhJEfqcSREu0EkQowRJE5M0SRPPa
EkSO5xJEW/QSRCgBE0T1DRNE8xoTRI4nE0RbNBNEKEETRPVNE0TCWhNEjmcTRFt0E0QogRNE
9Y0TRMKaE0SOpxNEW7QTRCjBE0T1zRNEwtoTRH7nE0R89BNEKAEURPUNFETCGhREjicURFs0
FEQoQRRE9U0URMJaFESOZxREW3QURCiBFET1jRREwpoURI6nFERbtBREKMEUROTNFETC2hRE
jucURFv0FEQoARVE6g4VRMIaFUSOJxVEWzQVRChBFUT1TRVEsVoVRI5nFURsdBVEKIEVRPWN
FUTCmhVEjqcVREu0FUQowRVE9c0VRMLaFUSO5xVES/QVRCgBFkTkDRZEwhoWRI4nFkRLNBZE
KEEWRPVNFkSxWhZEfmcWRFt0FkQogRZE9Y0WRLGaFkR+pxZES7QWRGrBFkT1zRZEwtoWRI7n
FkRb9BZEKAEXROQNF0SxGhdEjicXREs0F0QoQRdE9U0XRLFaF0R+ZxdES3QXRBiBF0TkjRdE
wpoXRH6nF0RbtBdEGMEXROTNF0Q02xdEjucXREv0F0QYARhE5A0YRMIaGER+JxhESzQYRChB
GETkTRhEwloYRH5nGERbdBhEGIEYROSNGESxmhhEfqcYREu0GEQowRhE5M0YRLHaGESO5xhE
W/QYRCgBGUT1DRlEsRoZRH4nGURLNBlEGEEZRORNGUSxWhlEfmcZREt0GUQYgRlE5I0ZRNKa
GUSOpxlEW7QZRBjBGUTkzRlEwtoZRH7nGURb9BlEGAEaROQNGkTCGhpEjicaRFs0GkQoQRpE
9U0aRMJaGkSOZxpEnXQaRCiBGkT1jRpEwpoaROCnGkRLtBpEKMEaRPXNGkTC2hpEn+caRFv0
GkQoARtE9Q0bRLEaG0SOJxtEWzQbRChBG0T1TRtEwlobRH5nG0RbdBtEGIEbROSNG0TCmhtE
fqcbRFu0G0QYwRtE9c0bRMLaG0SO5xtES/QbRCgBHET1DRxEwhocRI4nHERLNBxEKEEcRPVN
HETCWhxE0GccREt0HEQogRxE9Y0cRMKaHER+pxxEW7QcRBjBHET1zRxEwtocRH7nHERb9BxE
GAEdRPUNHUSxGh1EjicdREs0HUQYQR1E9U0dRMJaHUR+Zx1EvnQdRJuBHUTkjR1EwpodRH6n
HUR8tB1EGMEdRPXNHUTC2h1EfucdREv0HUQoAR5E5A0eRMIaHkR+Jx5ESzQeRBhBHkT1TR5E
wloeRI5nHkRLdB5EKIEeROSNHkTCmh5EfqceRFu0HkRJwR5E5M0eRLHaHkSO5x5ES/QeRBgB
H0TkDR9EsRofRI4nH0RbNB9EGEEfRORNH0SxWh9EfmcfRM50H0QYgR9E5I0fRLGaH0Svpx9E
S7QfRBjBH0T1zR9EsdofRH7nH0RL9B9E</AssayXData><AssayYData Points="600">/4ziPhq7+D7mqAI/DOsGPzlbCj91nww/ji4OP6siDz8zhBA//4QRP1jJET/ZlBM/UMQUP2yL
FT+XthY/qfEXP++RGD9acxk/65MZPywsGz+2Dhw/oAgdP/hZHT8Hux4/G58fP9kvID+M1SA/
5FAiP9iDIz+NWiI/5TYkP8a5JT8E2iY/5pomPzINJz/SUSg/xM0oP3OvKj/MuSo/B0UpP/to
Kz98Xy0/1s4tP+ujLT/Qgy4/3mcvP4FIMD/+ODA/VUsxP47HMT/xwjI/NuIyP17nND88IjQ/
efs0P1eGNT+ENTY/yIE3P0W2Nz+sIDk/d2Q5P/zJOT/Suzk/J/I5PzCoOz/RRjs/kbs9PyVc
PT9U4D0/w7E9P0UaPj9w4z4/nJ1AP/4vQD8ZaEE/QEZBP/9MQT8ekUE/PedCP3qdQz+cokM/
dZNEPxhDRT9OA0U/FbVGPyKuRj/4hUY/eq9GP8yvSD/WU0c/+QpIPwLTSD/uikk/kDZKP4vS
Sj/7AEw//sVLP+l/TD97hE0/Cu9MP3zfTT9W6k0/g0ZOPyqBTj8ZCU8/AWhPPzZETz/wbU8/
BaFQP8v0UD97P1I/F01SP37oUj9LDVI/ROdTPzG+Uz+Z4lM/JhpUP8GwVD8LiVU/6mpVP2nE
VT8dTFY/51tWP80LVj/P0Fc/mtJXP01WWD+0G1g/YdxYP/MfWj89NVk/m7lZPyHmWT9CiVo/
a9laP3v0Wj9ty1s/a81bPxFhXD/hJFw/PjddP5GHXD9byF4/9phePz0TXj9Fl10/s51fPys4
Xz+3zF8/QwdfP2YbYD+RE2A/xSNhPwaIYD/txWA/uhlhP3hqYT+yQ2I/XLZiP0erYj8vUmI/
e25iP4HrYz/QnWM/lvRjP1hzYz9XrGQ/B5NlPz0QZT/IFWU/nJJlP8PbZD/4QGY/A05mP7BX
Zz9IhGc/+JBnP1iYZz8lSGc/ID1oP840aD8N6Gg/J0RoP2ACaj+FL2k/IcBoP8bNaT/b8Go/
66VpP5kOaj+sqWo/BQ5rP7Btaz/1W2s/c1FsP7iZaj8MYWs/Bh1sP8bGbD/XCW0/QbhuP/Xx
bT8qM2w/BultP8eabT/ZPG8/k31uP+8gbz9WDG4/fz1vP6xAcD8q3W8/GvJvPzpWbz+ZWHA/
pnFvP9oYcD+gdnE/B4twP3AgcD/VkXE/eWxyP/3LcT+2H3E/R5pxP8FLcj/81XE/8x5zP8no
cj+V1HM/Pi50Px3Lcj9K7XI/PSBzP2vvcz+IXnQ/xfJ0P/LJcz/QwHQ/V+t0P0GRdT95/3Q/
YDN1P1MXdj+YcnY/UIh2P4Mrdj+g+3Y/QcV2PxtPdj9krHY/ss13P+q5dj9fo3g/Kzl3Pwo8
eT+E63c/GtZ3PzAueT+G/Hc/pwR5P0BfeT926Xk/PTF5PyzfeD8Ne3o/+X95P8Jcej+LrXo/
E/B5Pxq9ez8yx3o/55t6P6UIez+rTXo/tDR6Pwu2ez9i/ns/bJB7P+HLez9wqns/qXJ8Pw1F
fT8P6nw/MOF8P/68fD/Vunw/1gB+P7v8fD9hh30//Ph8PzS3fT9jLX4/EyN+PxHcfj8wqn4/
/kN+P8N/fj9enH4/Oi1/P+Xsfj8iX4A/Vmh/P7oDfz9veIA/BU+AP5R9gD+gToA/PA+AP329
fz9s/H8/LWyAPw9VgD/VmoA/dnOAPwrBgD/UUIE/12OAP88egT/R4oA/ma6AP6NGgT/8T4E/
W9iBPxSigT/EhoE/1FuBP78BgT9F/YE/QaiBP0uCgT8FD4I/2vSBPxPIgT/UlYE/AmmCPzVW
gj+DmYI/vQeCP97fgT/bMII/LueBP8vUgj+r2II/JPmCP8/cgj+ruoI/wd6CP0zPgj8CuII/
kACDPyCIgz/oaYM/OM2CP3hzgz8KAYM/5s2DP7OEgz+xW4M/oQGEPyEGhD971YM/NMiDPyC5
gz/jRYQ/B3GDP2b9gz8SaYQ/Wj6EPyVLhD+ed4Q/aYKEP7TahD+iaYQ/gWqEP2NthD97XoQ/
4FyEP7yxhD8hCYU/unaEPzQBhT+v74Q/IsWEP+OohD/FxIQ/jquEPxfbhD9MGYU/MGSFP3cX
hT80JIU/VHeFP06uhT/Y3oU/lcyFPwLjhT+0yoU/cfKFP1yWhT+W04U/c2GGP2anhT9M9YU/
uV+GP1xehj9yFIY/oeKFP0Nahj911YY/H5KGP2inhj9SMYY/GoaGP4CDhj8laYY/+3aGP+6e
hj/Gy4Y/KEiHP681hz/+3oY/yvyGP5eGhz81Roc/96qGP50Ohz8wmYc/bXGHP5Y6hz/QNoc/
vLGHPzlyhz/7h4c/tn+HP/bxhz9lBog/6syHP1Tihz+nR4g/qBKIP8oriD+wEYg/F2qHP0VL
iD8iL4g/q0aIPwrdhz/oYIg/PMeIP3gfiD+Dl4g/OriIPzdFiD/PY4g/s12IP/rhiD/nTIg/
SUiIP7gDiT+N4Ig/BxaJP0wliT/waok/9aWIP3iViT/HRIk/ZceIP75HiT/iJ4k/TCKJPz1x
iT9204k/0CiJP8IHij/1gYk/UruJP2qViT+JTok/5u+JP9atiT/zH4o//XeJPy2JiT8rvok/
hOKJPx7ciT/5+Ik/J7WJP3v9iT8kLYo/JE2KPzteij8wRYo/FUiKPxh6ij/xF4o/N2uKP8ck
ij+5rYo/YnKKPx++ij9NeIo/IeOKP5WGij+Z0oo/ZPyKPyDIij/o74o/2cCKP4N5iz/G0Yo/
wYiLP8o0iz+WFYs/WjWLPxcDiz/MZ4s/4viKP2axiz/e+4o/+12LPwtQiz9JE4w/NaSLPzx/
iz+SbYs/bEaLP2PAiz+bu4s/qhiMP9UOjD9BHow/fc+LP1Kbiz9+z4s/yHqLP4rPiz/H6Is/
B2WMP+YYjD+29Ys/zvSLP3ALjD/vFYw/m2iMP2eojD+/PYw/45iMPyYyjD/8Uow/ECqMP5D5
jD+mc4w/5kyMPzqSjD+HVYw/ZK6MPznVjD+2C40/ArOMPzv+jD86sIw/3CSNP2QejT+fyYw/
Z+mMP4DAjT/q8Iw/sh6NP3oxjT8ZCI0/GxCNP9FgjT/hS40/QQ2NP5uJjT9ah40/XGGNPyNu
jT9ypI0/dFKNP7HzjT+df40/VcWNP5mYjT+WhY0/RJeNPxG9jT/h2o0/hQSOP1c+jj/qeo4/
XH2OPxcTjj8NJI4/GsuNP8AQjj/1Wo4/</AssayYData></Step></KineticsData></ExperimentResults>
