<?xml version="1.0" encoding="UTF-8" standalone="yes"?>
<ExperimentResults><ExperimentInfo Name="20250917 PE P5216 - 5377 plate 2 kappa 50 ugl"><ExpDescription>AHC example method - full characterization&#13;
Analyte titration series with reference channel</ExpDescription><RTDVersion>2.0</RTDVersion><RunID>D3453E7F-D910-462D-B051-2D13E2863725</RunID><ExperimentType>KINETICS</ExperimentType><ExperimentSubType>KBASIC</ExperimentSubType><StartDateTime>2025-09-17T15:27:33</StartDateTime><MachineName>BN7KX12</MachineName><UserName>octet</UserName><LotNumber></LotNumber><PlateName>250917</PlateName><PlateName2></PlateName2><SensorName>E1</SensorName><SensorPlate>1</SensorPlate><SensorType>AHC (Anti-hIgG Fc Capture)</SensorType><SensorRole>LIGAND</SensorRole><SensorInfo></SensorInfo><WritingSW>DataAcquisition.exe 11.0.2.1</WritingSW><InstrumentType>OctetRED96</InstrumentType><InstrumentSerial>FB-50284</InstrumentSerial><InstrumentFW></InstrumentFW><IntegrationTime>3.1</IntegrationTime><DSPType>CPF</DSPType><DSPStitching>1</DSPStitching><HasManifest>1</HasManifest><InfoHash>404921046</InfoHash></ExperimentInfo><AssayParamsInfo/><KineticsData><Step><CommonData><SampleLocation>1</SampleLocation><SampleID>Running Buffer</SampleID><SampleGroup></SampleGroup><SampleInfo></SampleInfo><SampleRow>E</SampleRow><SamplePlate>1</SamplePlate><WellType>BUFFER</WellType><Concentration>-1</Concentration><ConcentrationUnits>µg/ml</ConcentrationUnits><MolarConcentration>-1</MolarConcentration><MolarConcUnits>nM</MolarConcUnits><MolecularWeight>-1</MolecularWeight><Temperature>29.7</Temperature><StartTime>0</StartTime><AssayTime>180</AssayTime></CommonData><FlowRate>1000</FlowRate><StepType>BASELINE</StepType><StepName>Baseline 1</StepName><StepStatus>OK</StepStatus><ActualTime>180</ActualTime><CycleTime>0.2</CycleTime><AssayXData Points="900">AAAAAKjGSz4EVs4+mpkZP83MTD8AAIA/1XiZPzMzsz8IrMw/okXmPzvf/z/NzAxAmpkZQGZm
JkDRIjNAnu8/QM3MTECamVlABFZmQNEic0AAAIBANV6GQJzEjEACK5NA/KmZQM/3n0A1XqZA
nMSsQDMzs0CamblAAADAQDVexkCcxMxAAivTQGiR2UDP999AZmbmQM3M7EACK/NAaJH5QM/3
/0B9PwNBZmYGQYGVCUG0yAxB5/sPQRsvE0FOYhZBgZUZQbTIHEHn+x9BGy8jQU5iJkGBlSlB
zcwsQQAAMEEbLzNBTmI2QYGVOUG0yDxBGQRAQRsvQ0FOYkZBgZVJQc3MTEEAAFBBMzNTQWZm
VkGBlVlBtMhcQef7X0EbL2NBZmZmQYGVaUHNzGxBAABwQTMzc0FmZnZBmpl5Qc3MfEE9CoBB
mpmBQTMzg0HNzIRBZmaGQQAAiEGamYlBMzOLQc3MjEFaZI5BAACQQZqZkUEzM5NBzcyUQWZm
lkEAAJhBmpmZQTMzm0HNzJxBWmSeQQAAoEGamaFBokWjQc3MpEFmZqZB9P2nQZqZqUEzM6tB
wcqsQWZmrkEAALBBmpmxQScxs0HNzLRBZma2QQAAuEGamblBMzO7Qc3MvEFmZr5BAADAQZqZ
wUEzM8NBzczEQWZmxkEAAMhBjZfJQScxy0HBysxBWmTOQQAA0EGNl9FBMzPTQc3M1EFmZtZB
AADYQZqZ2UEnMdtBzczcQWZm3kEAAOBBmpnhQTMz40HNzORBZmbmQfT950GNl+lBMzPrQcHK
7EFmZu5BAADwQZqZ8UEnMfNBzcz0QWZm9kEAAPhBjZf5QScx+0HByvxBWmT+QQAAAELNzABC
mpkBQmBlAkItMgNC+v4DQs3MBEKTmAVCYGUGQjMzB0IAAAhCx8sIQpOYCUJmZgpCLTILQhkE
DELHywxCk5gNQmZmDkItMg9CEgMQQs3MEEKTmBFCYGUSQi0yE0L6/hNCx8sUQpOYFUJgZRZC
LTIXQvr+F0LHyxhCk5gZQmBlGkItMhtC+v4bQsfLHEKTmB1CYGUeQi0yH0IAACBCx8sgQg6t
IUJgZSJCMzMjQvr+I0IX2SRCk5glQmBlJkItMidC+v4nQsfLKEKTmClCZmYqQi0yK0IAACxC
zcwsQpqZLUJmZi5CMzMvQgAAMELNzDBCmpkxQmZmMkIzMzNCAAA0Qs3MNEKamTVCZmY2QjMz
N0IAADhCzcw4QpqZOUJmZjpCMzM7QgAAPEIQ2DxCmpk9QmZmPkIzMz9CAABAQs3MQEKamUFC
ZmZCQi0yQ0IAAERCzcxEQpOYRUJmZkZCRjZHQgAASELNzEhCk5hJQmZmSkIzM0tCAABMQs3M
TEKTmE1CZmZOQi0yT0IAAFBCzcxQQpqZUUJmZlJCMzNTQgAAVELNzFRCmplVQmZmVkItMldC
+v5XQsfLWEKTmFlCYGVaQjMzW0ISA1xCzcxcQpOYXUJmZl5CWDlfQgAAYELNzGBCmplhQmZm
YkItMmNC+v5jQsfLZEKamWVCYGVmQjMzZ0L6/mdCx8toQpqZaUJgZWpCMzNrQgAAbELNzGxC
k5htQmBlbkIzM29CAABwQsfLcEKTmHFCZmZyQjMzc0L6/nNCx8t0QpOYdUJgZXZCMzN3Qvr+
d0Ls0XhCmpl5QmBlekIzM3tC+v57QsfLfEKTmH1CYGV+Qi0yf0IAAIBCZmaAQs3MgEIzM4FC
F5mBQn3/gULjZYJCSsyCQrAyg0IXmYNCff+DQuNlhEJKzIRCsDKFQheZhUJ9/4VC42WGQkrM
hkKwModCF5mHQgAAiELjZYhCSsyIQjMziUIXmYlCAACKQulmikJKzIpCsDKLQheZi0IAAIxC
ZmaMQs3MjEKwMo1CF5mNQgAAjkJmZo5CYtCOQj81j0KamY9CAACQQmZmkELTzZBCMzORQpqZ
kUIAAJJCZmaSQs3MkkIzM5NCmpmTQgAAlEJmZpRCzcyUQjMzlUKamZVCqAaWQmZmlkLNzJZC
MzOXQpqZl0IAAJhCZmaYQs3MmEIzM5lCF5mZQn3/mUJmZppCzcyaQkY2m0KamZtCAACcQuNl
nELNzJxCMzOdQpqZnUJ9/51CZmaeQs3MnkIzM59CmpmfQgAAoEL2aKBCzcygQrAyoUKamaFC
ff+hQuNlokJKzKJCsDKjQpqZo0IAAKRCZmakQkrMpEIzM6VCF5mlQgAApkJmZqZCzcymQjMz
p0IXmadCff+nQmZmqELNzKhCMzOpQpqZqUJ9/6lCZmaqQkrMqkKwMqtCF5mrQgAArEJtZ6xC
SsysQrAyrUIXma1Cff+tQuNlrkJKzK5CMzOvQheZr0J9/69CZmawQkrMsEKwMrFCL52xQgAA
skLjZbJCzcyyQrw0s0KsnLNCff+zQuNltELNzLRCtjO1QheZtUJ9/7VC42W2Qs3MtkKwMrdC
F5m3QgAAuELjZbhCSsy4QrAyuUKamblCff+5QuNlukJKzLpCMzO7QheZu0KJAbxC42W8QkrM
vEKwMr1CF5m9Qn3/vULjZb5CSsy+QrAyv0IXmb9CAADAQuNlwEJKzMBCsDLBQheZwUJ9/8FC
42XCQkrMwkKwMsNCF5nDQuwRxELjZcRCSszEQjMzxUIXmcVCAADGQuNlxkLTzcZCMzPHQpqZ
x0J9/8dCIXDIQs3MyEIzM8lCmpnJQgAAykJmZspCzczKQjMzy0KamctCAADMQmZmzELNzMxC
MzPNQpqZzUKJAc5CZmbOQs3MzkIzM89CmpnPQn3/z0JmZtBCzczQQrAy0UKamdFCAADSQmZm
0kJo0dJCMzPTQpqZ00IAANRCmG7UQs3M1EIzM9VCmpnVQgAA1kLjZdZCzczWQrYz10KamddC
AADYQmZm2ELNzNhCMzPZQpqZ2UJ9/9lCZmbaQs3M2kIzM9tCmpnbQgAA3EJmZtxCSszcQjMz
3UKamd1CAADeQuNl3kJ71N5CsDLfQheZ30J9/99CeWngQs3M4ELJNuFCmpnhQn3/4UJmZuJC
SsziQrAy40KameNCff/jQuNl5EJKzORCsDLlQheZ5UJ9/+VCZmbmQs3M5kKwMudCmpnnQn3/
50LjZehCzczoQrAy6UKamelCBgHqQuNl6kJKzOpCsDLrQheZ60IAAOxC42XsQs3M7EKwMu1C
F5ntQgAA7kLjZe5CzczuQrAy70IXme9Cff/vQmZm8EJKzPBCsDLxQheZ8UIAAPJC42XyQkrM
8kIzM/NCF5nzQgAA9EJmZvRCSsz0QrAy9UKamfVCff/1QmZm9kLs0fZCMzP3QheZ90IAAPhC
42X4QkrM+EIzM/lCmpn5QgAA+kLpZvpCSsz6QrAy+0KamftCff/7QmZm/ELNzPxCsDL9QheZ
/UJ9//1C42X+QkrM/kIzM/9CF5n/QkIAAEMzMwBDZmYAQ5qZAENWzgBDAAABQzMzAUNmZgFD
mpkBQ83MAUMAAAJDMzMCQ2ZmAkOamQJDzcwCQwAAA0MzMwNDZmYDQ5qZA0PNzANDAAAEQ7w0
BENmZgRDmpkEQ83MBEMAAAVD8jIFQyVmBUOamQVDzcwFQwAABkPyMgZDZmYGQ5qZBkPNzAZD
AAAHQ/IyB0MlZgdDmpkHQ4vMB0MAAAhDMzMIQ2ZmCEOamQhDzcwIQwAACUMzMwlDJWYJQ5qZ
CUPNzAlDAAAKQzMzCkNmZgpDWJkKQ4vMCkMAAAtD8jILQ2ZmC0OamQtDi8wLQ77/C0PyMgxD
JWYMQ5qZDENQzQxDvv8MQzMzDUNmZg1DWJkNQ4vMDUO+/w1DMzMOQ2ZmDkOamQ5DzcwOQwAA
D0MzMw9DJWYPQ5qZD0PNzA9Dvv8PQzMzEEOuZxBDmpkQQ83MEEMAABFD8jIRQyVmEUOamRFD
zcwRQ77/EUN7NBJDJWYSQ1iZEkOLzBJDvv8SQ/IyE0MlZhNDWJkTQ4vME0O+/xND8jIUQ2Zm
FENYmRRDzcwUQ77/FEMzMxVDJWYVQ6abFUOLzBVDAAAWQzMzFkMlZhZDWJkWQ4vMFkMAABdD
/jQXQyVmF0NYmRdDi8wXQ77/F0M5NBhDJWYYQ5qZGEOLzBhDvv8YQ/IyGUMlZhlDWJkZQ83M
GUO+/xlDMzMaQ2ZmGkNYmRpDi8waQwAAG0PyMhtDJWYbQ1iZG0PNzBtDAAAcQ3UzHEOoZhxD
mpkcQ83MHEMAAB1DMzMdQzdpHUOamR1DzcwdQwAAHkMzMx5DZmYeQ5qZHkPNzB5DAAAfQzMz
H0NmZh9DmpkfQ83MH0NIASBDMzMgQ2ZmIEOamSBDzcwgQwAAIUMzMyFDZmYhQ1iZIUPNzCFD
AAAiQzMzIkNmZiJDmpkiQ83MIkMAACNDMzMjQzFoI0OamSNDzcwjQwAAJEMzMyRDwWokQ5qZ
JEPNzCRDAAAlQzMzJUNmZiVDmpklQ83MJUMAACZDzzcmQ7RoJkOamSZDi8wmQwAAJ0PyMidD
JWYnQ9uZJ0NWzidDAAAoQ/IyKENmZihDWJkoQ4vMKEO+/yhDMzMpQ2ZmKUNYmSlDzcwpQ77/
KUMzMypDZmYqQ1iZKkOLzCpDAAArQzMzK0MlZitDWJkrQ4vMK0O+/ytD8jIsQ2ZmLEOamSxD
i8wsQ77/LEMzMy1DZmYtQ5qZLUOLzC1Dvv8tQ/IyLkNmZi5DmpkuQ4vMLkMAAC9DMzMvQ2Zm
L0Phmi9DzcwvQ77/L0PyMjBDK2cwQ1iZMEPNzDBDvv8wQ/IyMUMlZjFDmpkxQ4vMMUMAADJD
MzMyQyVmMkOamTJDzcwyQ2AFM0PyMjNDJWYzQ1iZM0PNzDND</AssayXData><AssayYData Points="900">AAAAADeorDsClYw6FUwNPO9LKzse6kc7kaIHO3zLbTuczzQ7yxfLO73BdzugZoU6HQevO3jq
yjs8HgI8+gCHOx73wjs4CEw78fa5OxN8RjsRzCc7hGBMOxpRxztvlb07pJLbOndkvjucrbM7
s6XoOqhrATxhxsw6r46HOxZt+zrg8Ng7eNewO2iFujqL9FQ7mqNSO6wjzzuobZk7w+ebO4zZ
lDu9ozE7qihBO53bxDvTOos76ITSOwCYvTtsrVw70EbIO40daDsQUgg8ro7OO4WMMTsgsVw7
DoDpO78VXjsfYbA7rSaCO14OwTtb0qE7a3aoOjoQezs0faY7T1FsO7rJ8DtlNxo7P/P1O0hn
5DtXAfE7/9WbOx9wbzv7bOs7TaDbO5fEFjvz7r87PtqBO3JK1juPuB08vcuKO17q6TudPww7
A9SeOzCooDuuUfE75t5uO+C7kzsN1Dm5om0BPIUm1DvTVo47BmNqO/NrtDvzdds7IZ4mOzVM
+zuYYpM7MEHKO7iTmTuulKQ7VHPYO+ieuTuVgrM7r0DJO82C8TtQVp47KnquOySldzp1Aag7
zmKcO6H27jtHP9Y75R/VO75XkTsEWoM79ziyOx+IvDvNW7Q6t6QQPNS3ZTuO9YI7fA9yO1l1
LjvGuMQ7AnaQO1rOwDvD9vo7aKkAPM3/oTt9rZk7Ek23O8P1hznBoYU7iZ6uOy7r9jp12KA7
WpebO6xj0DthS6s7MObvO+RLJzs9dXk7xnpvOyWQ0TsbfJE7v0OIO8vV0zvEvuA7Y9mzOxhW
0ztpSMU7IdaaOv2MnDtU3j87qWiDO8eDsztqyJ87x0DQO1YL8TvPsWU7D0KZO8h+7ju1JNY7
CIWKO5wd7TvKA7I7moLgOhV6xjtxpcU7Fo3gO8qjvTtNUc87caArO242ajvy0Ik7SRICPGRp
3DkK/rk7wp3NO1Irejv5hyQ7kGG2O6RuTTudLNQ7RZ8aPORWBzxAusA7c8fXOy1mdztSQFQ7
2yXuO4hQeDtqvLg7vHSVO5JpETtkDNk7b2r3O8t2IzvnNGE7DSGfO+nQDTuLze06fZF3O03P
cTu/aeg7XWCeO+iUDzsYM7k6b1jZOwemmDsvYI47DpJAO7+XoDtjGIw7LN5TO6mFWDt0PX86
eYSuO6mABzuLWng7n3aJOyI80zpQNM47wSOHO5EFqTs8VfA65qltO/ycYTuG7Qs7riiFO2G4
wDsa/MM71ilIO82BvDtvoQQ8L0PbO0mEuTsDZro7bU6xOypPtjutBik6sU3PO0K0qjvSTIA7
Q9dYO3uc6zpxc/o7HvmeO7YPozqmIaI7MTqBOwFf7jj8VZM7C3e3O4mfgzsTt9c6FZ2pO509
+zuMOV874YFWO+qOpjtlA4Y71iE9O5DOizuT45E5U7w7O6iZcjvn2c46LlOYOwCepjvhIEw7
jm2YO6IyVjtQwAI7ofchOz84FzuwD7w7dnHwOxNov7k+O247PqC9O9Q2hTsYAWU7WSlSO1by
Rjs619A7eBMMO+mtCzuq9FM71f+RO8xVKjuEUNw6yAeFO+PYuDsNGeI7ZPDUO7zwdDsD/aM7
cPlQO3IABDxcd2o7/7y0O0bmBzv9kEo7GZ+xO5DCVTuoNnM7B+LVOofqbjtxXZE7qjK8O3X3
WzuXw0c7V+zROw6odjt2vnk72J8tOy1WUDsi7Qc7RjQEOz/tLDulPls6nYEfOyTPnjlFqoM7
inwvujMjkDvElK87vUWPO2UpDzsnjn07tFsrO/BcizuR/QA77S2MO3AnsDtKLP86BoGhO/pv
LztDTk87XX1NO8Q//TrpM6U7SpqPOlRlVzvV4Ac7gUezOtOLPDu3MLw5Bg+rO9CZ5DpQy2s7
9h1QOk/XpjvyYIs7W/85OyNwCDswtpM7/BIAOyvZEjvgU4C6pOeNO113BDvrkog7VmLHO6/9
TzoFxw8753NsO9xpXjvgp0k5Mm/4OvUp8Tpqil86meUIOwjKOzu91QM7g9+JOnh1kjuAY3c7
idpNO/JclTscPEw7u0aIOwqWCzscPUa5491uumeYDTvE6kI65HwgOq8EQjkBeBM7Fuj0OjIZ
ozsiqbu64+MQO0BOvjoC5Vo7YDLTOkJARDtvO9C4XF0GO9bTgDv9d+c7MygAOstNiTtVnKI6
WmfgOvVPIrgAeII7IFAWO/DjzTpzZUE7y68lulggkbqAX2M6oX6qOZPtqjoovwk6r5QKuwco
gThvMAE7lvAiuhmlfjtDxVk7/4aqugCBAjvHNJk701tQOyy+Ojv4BEi5ZILcutQte7k+5ms7
DvUVOkxfwztnd4W6+noDOzh2sDtPp3w6ucvqOifaaDvXAis6tF5ju1uyNTrcWam5IHK4OtVS
CTvvzQg5gvEIuz9aLjsstEs76Y24uvn9srosFT86LxtAOwpFTjuv2Wg5nlqEOxDQzrquj8G6
L375Ojyiejt+LuI6pZwiO04svjq31CE72Ed6uquX5TpQzSI7X0SpunH63jrlDfI6vDLEObzV
qDk0I2+6Z5uqOZtAhrq9tRg6OaISO+rTx7oNxem5nbiSOrP6iLoLnwc6SIs3OHI5NzpTFO66
kJAOOi+nqjiu2Co7jtkdOnqggzu9CYQ6DYBLuinJXbvru7S6chtfO/pUHTsl8+s5WfAJukpz
gDnj/ys7iYrkuletVjimGl67kFkUOpe4GLtnHCw7AgijuY2rpbovIUw7giN3u2cPdLvthKW6
FnMdO5AIRzuW01M7IfxQue19XrqxiRM5p6cgOrsKSbuhqiC7cj5wOiNZV7qZfpS5tGEhuwou
nrkeLqg6HL1ROTGtjruQ5YI6EZHQOlRFLbvICAG7osyXOpwNY7pG5nm7F36hutS4EDqKnfM5
zXKBO+w4GDrGT0e7pmLfOSppTrqF/ou7aue2OhXB2LofTJS5eZ9YOhUpB7vFiVs667oZu5QU
xLqcxU67RNUSunl+QrpYh3k6wpsGO+QJF7tQ4C+7LPSBu26hkrnWyHC7DzKWuVcmW7s18S67
UDCwuhyYrrr2IBM5qA9XOf6Birt5Ux27pJoEu6ZUgDo9vbu5QVlztU0ICzqpDvy6q3hMusf7
x7obN4q5nYpou/TFrbsz7yW79n20uli4p7sBjSw7ZFkEutpvsTqIeei7JRurujE5CruI/MS6
SiDSulKBETtlbnW73HJXu7quQLoYbzG6f47MOcUB57qMW7y6NjvNObBgPjin7Rw2qZ6TuaZS
KbvJsWa7DXCeOrtv8bpg+Wy6cb9Hu62strtzKoa7C1TYuq1+67qqqs66tJLIuisMxTm8rRO7
7NSOuZjkNrvfJ3a7t16Ku9kgm7px8qC7Xelwu9CVKLprZiy7SFO6urqcrLsHQnC7DAG7u0R4
Y7tXNqi6Gzk1ux3zBLvxkcS6GP+XuiPqmLpoZDa78i/Eu1eev7qB/MW6qTKou79G1roHpQe7
8Tlru/o8Ubu/jSq72fd5ujVAh7uklZe7Pr+iu6zEr7sZd5K770TWOgLLabuCgIq6mmSiu1Cu
eLsinY+7gMXbuhXIgrvat2q7w8omu/t2bbszxBS6dyfYukms9LqNNw279n/Qu22bwDkq2vC6
CVI7uyVKTruOvQe3mjGWu/ZZqbtWI2i7ztxWu0cu+bq9ao+7u4xru0uPU7tQLde7NUUmuyHI
k7tl72K63+zuuihlcru1sHa7FIWCuwZro7vmP+K7dxIsurCCzbt09jG7LMmduzjK9bt+tIC7
FADjuDo9ablBIAy7/4OSukj56rrC77W7PmVcu3zKhLtrwcW6EiCKuxezp7ugcIS74WKzuyuT
vrvOW7e7sIW1usmxYbuoob+7/seMuhGOkLqVS/i7CyRQu94umruQvMG724DAu6CviLsV25+7
C0yLux8bOLuF0b27JyHOu4OCgLsNLFy7yl18u6h/E7uweai7vgqYuzlX8brlDGO7wuqsugpA
gruin/O7BpO7u4N+iLt+JOK7lBLiuy9/lLtslWW7R3GZuxv+CTtAHPm7jAf4u5/Ed7speim7
EHu0u6KKbLsoOpm7ULATuy2QqrtVL6K759xhu00YgrtdCwy8oHlluzt5f7uW0ZO6u2qnu2/2
4LpkSoe7YJbzu7brjrtzzKy6G7nWu5tToLunq+a67wnlux6NybrwUYO7KFvsulwmjbuzKcG7
fkxmu19xk7tjEYq6BluAu9Ep7bqFNLe77nBvu7dvRLs/lva7vZSnu+2HlLuKXeW7wU73u+pf
m7tRAgC8CbCouyv41Lud7lq7xWlqu+VZ87v6nuW7pN3Fu2+SzbsWEla77IsPuzs+kLvnZ7+7
Te/3u2BRw7v8hjK7rhy1u/Aeo7u1DLy7poLHu/GWrruMPsC7yPzFu5f4ILuj4qm7nPUMvG95
6Lt7dgK8s2uUu6Mk/rvgL4G7qlsdu61K1runk5e7vZ6Mu7W/2LsrIim85lzguzBgJLxSb7C7
Wgm8u+mNjbv1/aq7SMd4u6H9NbxC1XC77Cqsu+n0Cbyqqgu8HtjFu2SHbrsL1ty7yQHgu1wx
97teURO8+5oevNlKmLuO1/q7+nPXu32+1ruAwLi7ryTeu96wsbvTiuW7em7LuxCe9Lu1kru7
c/L+u6mkA7z0igu85IavuweBxbuuIFe87Si4u3e81LvOX627bR4FvFn8+Ltdzri7B9kuux5R
GLweRoK7f6Ldu99Du7vDvDO8KZ4Gu8UmArxCC8q7ZeL/uxZi+LsIg8q7e9+pu2G67rvT4BK8
yfsFvLkPsrtwORi8j1r0u4bJpruk5fa7uwrwuwANr7uuy+K7</AssayYData></Step><Step><CommonData><SampleLocation>2</SampleLocation><SampleID>10mM Glycine pH1.7</SampleID><SampleGroup></SampleGroup><SampleInfo>or other Regeneration solution</SampleInfo><SampleRow>E</SampleRow><SamplePlate>1</SamplePlate><WellType>REGENERATION</WellType><Concentration>-1</Concentration><ConcentrationUnits>µg/ml</ConcentrationUnits><MolarConcentration>-1</MolarConcentration><MolarConcUnits>nM</MolarConcUnits><MolecularWeight>-1</MolecularWeight><Temperature>30.1</Temperature><StartTime>207922</StartTime><AssayTime>20</AssayTime></CommonData><FlowRate>1000</FlowRate><StepType>CUSTOM</StepType><StepName>condition</StepName><StepStatus>OK</StepStatus><ActualTime>20</ActualTime><CycleTime>0.2</CycleTime><AssayXData Points="100">AAA0Q/IyNEMlZjRDAKA0Q4vMNEMAADVD8jI1QyVmNUOamTVDi8w1Q77/NUMzMzZDqGY2Q1iZ
NkOLzDZDvv82Q/IyN0MlZjdDWJk3Q4vMN0O+/zdD8jI4QyVmOENYmThDi8w4QwAAOUPyMjlD
JWY5Q1iZOUPNzDlDAAA6QzMzOkNmZjpDmpk6Q83MOkMAADtDMzM7Q2ZmO0OamTtDzcw7QwAA
PEPyMjxDZmY8Q5qZPEPNzDxDAAA9Q/IyPUNmZj1Dmpk9Q83MPUMAAD5DMzM+Q2ZmPkNYmT5D
zcw+Q77/PkMzMz9DZmY/Q5qZP0PNzD9DAABAQzMzQENmZkBDmplAQ83MQEMAAEFDMzNBQ2Zm
QUNYmUFDzcxBQwAAQkMzM0JDZmZCQ5qZQkPNzEJDAABDQzMzQ0NmZkNDWJlDQ4vMQ0MAAERD
MzNEQyVmREOamURDzcxEQwAARUMzM0VDJWZFQ5qZRUPNzEVDvv9FQ/IyRkNmZkZDWJlGQ83M
RkO+/0ZD8jJHQyVmR0OamUdDzcxHQw==</AssayXData><AssayYData Points="100">BaGZvuAHh75qQHG+30lmvqPXXb75IFu+RuBavgb9Xr4u82O+cSNivs4Oar7pAXC+pT9yvnlH
eb6VEXm+n6J+vr7fgL4xIIO+vYaDvtpYhb6Us4i+xHuHvpkFi77/y4q+RBuNvtr4jr4fbo6+
MlePvqnTkL7ra5O+MACWvtqDlb7Q15W+lDuXvs4JmL6vxZi+rF2avrQUmr4fXZq+oymevjPl
nr4/0Z2+fiqevknpn74xt6C+bnqhvuWZor6Q36O+oQqjvovUpr5XTKe+Ws6kvp1kp76TP6i+
3hOnvvhMqb4yS6u+JHKqvqtfq75XAq++vgytvjJ7rb6zyrC+8z+uvgBZsr4jtLO+MSyxviBE
sb7wjrG+3j2zvv3Ks74itbW+/0yzvo3Gtr6SOLa+zQG4vqG3tr5Mn7e+eJG5vkdAub7CAbu+
Vea4voJXu775Iry+T7W7vlHou77fkbu+VWC8vjSgv76xHb++HaW+vjfUv76PH8C+ORrCvmn4
wL48jcG+gSnDvg4twb5hcMK+iNPBvg==</AssayYData></Step><Step><CommonData><SampleLocation>1</SampleLocation><SampleID>Running Buffer</SampleID><SampleGroup></SampleGroup><SampleInfo></SampleInfo><SampleRow>E</SampleRow><SamplePlate>1</SamplePlate><WellType>BUFFER</WellType><Concentration>-1</Concentration><ConcentrationUnits>µg/ml</ConcentrationUnits><MolarConcentration>-1</MolarConcentration><MolarConcUnits>nM</MolarConcUnits><MolecularWeight>-1</MolecularWeight><Temperature>30</Temperature><StartTime>233716</StartTime><AssayTime>20</AssayTime></CommonData><FlowRate>1000</FlowRate><StepType>CUSTOM</StepType><StepName>condition</StepName><StepStatus>OK</StepStatus><ActualTime>19.999</ActualTime><CycleTime>0.2</CycleTime><AssayXData Points="100">AABIQ/IySEMlZkhDI5tIQ4vMSEMAAElDMzNJQyVmSUOamUlDi8xJQwAASkPyMkpDJWZKQ1iZ
SkOLzEpDAABLQ/IyS0NmZktDWJlLQ83MS0O+/0tDMzNMQ6hmTEOamUxDzcxMQwAATUMzM01D
ZmZNQ5qZTUPNzE1DAABOQzMzTkNmZk5DmplOQ83MTkMAAE9DMzNPQ2ZmT0OamU9DzcxPQwAA
UEMzM1BDZmZQQ5qZUEPNzFBDAABRQzMzUUMrZ1FDmplRQ4vMUUMAAFJD+DNSQ2ZmUkOamVJD
zcxSQwAAU0MzM1NDZmZTQ1iZU0PNzFNDvv9TQ/IyVEOoZlRDmplUQ83MVEMAAFVDMzNVQ2Zm
VUOamVVDzcxVQ77/VUMzM1ZDZmZWQ5qZVkOB1VZDywFXQzMzV0MlZldDmplXQ83MV0MAAFhD
MzNYQ2ZmWENYmVhDi8xYQ77/WEM5NFlDJWZZQ5qZWUPNzFlDvv9ZQzMzWkNmZlpDmplaQ83M
WkO+/1pD8jJbQyVmW0NYmVtDi8xbQw==</AssayXData><AssayYData Points="100">YKhtvbvw0r38bvu9Ii8DvgP0C74jWQu+BswKvpRkDL7u6Qm+CjwDvk9CAL5xQgG+9ksCvh7J
Ab61k/69JE35vUJC+b3ZJfe9NOfyvfi/8b23WPK9iEbnvY3J7b18Nui9Xz3tvXGh7b1ah+q9
RwTvveq45b00feS9ITTrvYzD4L2Bl+O9agDgvUpM4b2iUd69MRrfvd+G3r3TXeC9pCHjve2s
1L2Qf9i9/3DdvWyO372Zfdu9pCjXvUAf2720S8+920TZveDc273fdtK9CFrVvS5m272oCNi9
p1nXvRcazr1vjNa9cH7dvQGu1L3Aed29sRLQvS+W2b1R4dO9eFPPveKx1r2c1829GwzTveRf
z70F4dO9tXbYveZGzr3GSdK9m1fOvbbv0b32JtC9v7/WvbVt0b1UK9K9vJbPvV7OyL2B/s29
qOzQvXS5zb0sw8u98r/JveqtzL2ssc+9dRTJvftEzr3gj869N57PvRlWz70r4dC9uCDMvYwL
xr2P78W9b/jOvR4ky73Y3sy9W3PKvQ==</AssayYData></Step><Step><CommonData><SampleLocation>2</SampleLocation><SampleID>10mM Glycine pH1.7</SampleID><SampleGroup></SampleGroup><SampleInfo>or other Regeneration solution</SampleInfo><SampleRow>E</SampleRow><SamplePlate>1</SamplePlate><WellType>REGENERATION</WellType><Concentration>-1</Concentration><ConcentrationUnits>µg/ml</ConcentrationUnits><MolarConcentration>-1</MolarConcentration><MolarConcUnits>nM</MolarConcUnits><MolecularWeight>-1</MolecularWeight><Temperature>30</Temperature><StartTime>259400</StartTime><AssayTime>20</AssayTime></CommonData><FlowRate>1000</FlowRate><StepType>CUSTOM</StepType><StepName>condition</StepName><StepStatus>OK</StepStatus><ActualTime>19.999</ActualTime><CycleTime>0.2</CycleTime><AssayXData Points="100">AABcQ7AyXEPjZVxDWJlcQ0nMXEO+/1xDsDJdQ+NlXUNYmV1Di8xdQ3z/XUOwMl5DJGZeQ1iZ
XkOLzF5Dvv9eQ3o0X0MkZl9DWJlfQ4vMX0O+/19D8TJgQyRmYENYmWBDi8xgQ77/YEPxMmFD
JGZhQ1iZYUOLzGFDvv9hQ/EyYkMkZmJDIptiQ4vMYkO+/2JD8TJjQyRmY0NYmWNDi8xjQ77/
Y0PxMmRD6WZkQ1iZZEOLzGRDvv9kQ7AyZUMkZmVDWJllQ0nMZUMGAWZDsDJmQ+NlZkNYmWZD
i8xmQ3z/ZkPxMmdD42VnQ1iZZ0NJzGdDvv9nQ/EyaEMkZmhDFploQ0nMaEO+/2hD8TJpQ2Zm
aUMWmWlDi8xpQ77/aUPxMmpD9WhqQ1iZakNJzGpDvv9qQzMza0MkZmtDWJlrQ4vMa0N8/2tD
UjhsQyRmbENYmWxDi8xsQ3z/bEOwMm1DJGZtQ1iZbUOLzG1DfP9tQ/EybkPjZW5DmZluQ1bO
bkN8/25D8TJvQ+Nlb0MonG9Di8xvQw==</AssayXData><AssayYData Points="100">7LnsvsgR2L7hPcW+n1S6vvBHsb7p+6q+b3Sqvrq3qb7fv6q+MIKqvrSMrL6nyK2+6Cquvufd
rr6n7a++vEewvoDksr4N37K+h8a1vsTutb5ULbW+5ju4vodDt756n7m+K3a6vna3ub46Kby+
RCm8vu41u76EFL++uKbAvkEQv74DnsC+mqDAvkE3w741qMG+WE/DvrYgw76Zl8G+d8bGvibE
xr64xMa+HXrHvocYyL59iMi+b7PHvsA6yr6d4cm+dRXLvrNazL5TEcq+E93Mvr6SzL5zbsu+
trbNvpcPz77I9s2+qNvNvogm0L69X86+9ePOvjvKz76CodC+n5HOvutt0r4Hy9G+5pvSvne4
0r7t5NO+2gXUvuJG1b69P9O+cPzVvjEi174RddW+l7/Vvgy0177i5de+gQzYvnwG175AItm+
3ZjYvp5T2b5pote+nT3ZvjpY2b7c/9m+F2nZvj0K2r60Atq+SZzbvixe3b7AC96+sPvcvnmV
3b6zct6+ndPbvlv33L4hLN2+06rdvg==</AssayYData></Step><Step><CommonData><SampleLocation>1</SampleLocation><SampleID>Running Buffer</SampleID><SampleGroup></SampleGroup><SampleInfo></SampleInfo><SampleRow>E</SampleRow><SamplePlate>1</SamplePlate><WellType>BUFFER</WellType><Concentration>-1</Concentration><ConcentrationUnits>µg/ml</ConcentrationUnits><MolarConcentration>-1</MolarConcentration><MolarConcUnits>nM</MolarConcUnits><MolecularWeight>-1</MolecularWeight><Temperature>30</Temperature><StartTime>285059</StartTime><AssayTime>20</AssayTime></CommonData><FlowRate>1000</FlowRate><StepType>CUSTOM</StepType><StepName>condition</StepName><StepStatus>OK</StepStatus><ActualTime>20</ActualTime><CycleTime>0.2</CycleTime><AssayXData Points="100">vv9vQ/EycEPjZXBDFplwQ4vMcEOJAXFD8TJxQyRmcUMWmXFDi8xxQ3z/cUPxMnJDJGZyQxaZ
ckOLzHJDfP9yQ7Ayc0MkZnNDFplzQ4vMc0O+/3NDsDJ0QyRmdENYmXRDScx0Q77/dEPxMnVD
JGZ1QxaZdUOLzHVDfP91Q/EydkPjZXZDWJl2Q4vMdkN8/3ZDsDJ3Q+Nld0NYmXdDi8x3Q3z/
d0OwMnhD42V4QxaZeENJzHhDfP94Q7AyeUPjZXlDWJl5Q0nMeUO+/3lDsDJ6Q+NlekMWmXpD
Scx6Q3z/ekOwMntD42V7QxaZe0NJzHtDvv97Q/EyfEPjZXxDFpl8Q4vMfEN8/3xDsDJ9Q+Nl
fUMWmX1DScx9Q3z/fUOwMn5DJGZ+QxaZfkNJzH5DfP9+Q/Eyf0PjZX9DFpl/Q0nMf0O+/39D
WBmAQxIzgEOLTIBDRWaAQ99/gEOZmYBD8bKAQ6zMgENF5oBD3/+AQ3kZgUNUM4FDrEyBQ0Vm
gUPff4FDeZmBQxKzgUOszIFDReaBQw==</AssayXData><AssayYData Points="100">NTasvb3l+b1RdBG+cpoavoGVH75m5iO+SSkivvJoH77rAiG+uqkdvuJXHb4D4Ru+GIEcvhd8
HL7ECxq+HxAcvuU9G76vCRO+szEVvn6UFb4h3xa+wP4TvlenE77qkA++lZkQvrNCEb5yOBG+
ud8Qvhh3Eb4l/Qy+LoUNvvJ3DL6M3g++jL0OvjVZDb7z7g2+sMwLvoR8Cr589wy+1LQNvh6z
DL4T7wq+ae0JvnYWC77vyAi+Zf8KvhsqC76P5we+Q1QJvnRlBL7ZhAi+sDAKvuDYCL5E0Qe+
Ea0Fvv91Bb4hBAi+tYoFvoPlBb4/DAe+MioFvnH3CL7s0wa+KjcHvsLuBr7G+gG+zbgHvk4+
CL6ZVQW+4ksHvkQ7Br5mcgS+8RgEvpxx/70nrwO+0PIDvj1ECb7EfQK+8dMDvjjeAb7HVQO+
wXIEvvR0Ar5g/wO+YWADvvDaBL5BSgK+PgAEvjxXAL54SgO+ChMDvn6uBL585f+9aaP9ve1h
Ab4NAQK+wPb/vW5tA77WzwK+AMoBvg==</AssayYData></Step><Step><CommonData><SampleLocation>2</SampleLocation><SampleID>10mM Glycine pH1.7</SampleID><SampleGroup></SampleGroup><SampleInfo>or other Regeneration solution</SampleInfo><SampleRow>E</SampleRow><SamplePlate>1</SamplePlate><WellType>REGENERATION</WellType><Concentration>-1</Concentration><ConcentrationUnits>µg/ml</ConcentrationUnits><MolarConcentration>-1</MolarConcentration><MolarConcUnits>nM</MolarConcUnits><MolecularWeight>-1</MolecularWeight><Temperature>30</Temperature><StartTime>310866</StartTime><AssayTime>20</AssayTime></CommonData><FlowRate>1000</FlowRate><StepType>CUSTOM</StepType><StepName>condition</StepName><StepStatus>OK</StepStatus><ActualTime>20</ActualTime><CycleTime>0.2</CycleTime><AssayXData Points="100">3/+BQ3kZgkMSM4JDrEyCQ0VmgkPff4JDeZmCQxKzgkOszIJDReaCQ9//gkN5GYNDEjODQ6xM
g0NFZoND33+DQ3mZg0MSs4NDrMyDQ0Xmg0O+/4NDeRmEQ/EyhEOsTIRDRWaEQ99/hEN5mYRD
ErOEQ6zMhENF5oRD3/+EQ3kZhUMSM4VDrEyFQ0VmhUO+f4VDeZmFQxKzhUOszIVDJeaFQ9//
hUN5GYZDEjOGQ6xMhkNmZoZD33+GQ3mZhkMSs4ZDrMyGQ0XmhkPf/4ZDeRmHQ/Eyh0OLTIdD
JWaHQ75/h0NYmYdDErOHQ6zMh0Pp5odD3/+HQ3kZiEMSM4hDrEyIQyVmiEPff4hDeZmIQxKz
iEOLzIhDJeaIQ9//iENYGYlD8TKJQ4tMiUNFZolDvn+JQ1iZiUPxsolDrMyJQ0XmiUPf/4lD
WBmKQ/EyikOsTIpDRWaKQ75/ikNYmYpDErOKQ4vMikNF5opDvv+KQ1gZi0PxMotDi0yLQyVm
i0O+f4tDWJmLQ/Gyi0OszItDReaLQw==</AssayXData><AssayYData Points="100">jFwDv0sz8b5u3t6+7dPRvhAWyb7qgMa+NDrFvhZExr4UucW+PWDFvscAyL6tzMe+eNbIvrAk
yb74psi+2AzMvnK2zr4tNM++UaTQvn5rzr5w8c6+A8XQvlMI077eC9S+xgPUvmrz075+bdS+
2WnXviBG1L40kNe+xXvYvkz42L409Nq+JUPbvkv32L4CQtq+rpLcvh8J3L6M4du+P+vcvsmB
3b5Zmd++3CXfvgf23r4mbN6+NkvgvouZ4b7+N+C+VwPivmVT4L4YVOK+pcfhvj9L4r4GquK+
Wurkvr3u5L4KR+W+rbXkvhTS5b7FDOW+SpHmvkHJ5b6Kb+i+gF/mvgly576gFOi+oDjovp4z
6L7zYei+zhjnvsPa6b7QKOq+iknovoAd674E6+q+2e3pvuu96r7CBOq+C2Xrvlmi7L5r3O2+
JxvsvpG2677bZe6+RJrqviEU7r5UBuy+Hevtvq8z7r5SWvC+ZRPwvnas7b756vC+jc/tvvtZ
8b49rPC+mx7wvsL18b7XufC+rJXxvg==</AssayYData></Step><Step><CommonData><SampleLocation>1</SampleLocation><SampleID>Running Buffer</SampleID><SampleGroup></SampleGroup><SampleInfo></SampleInfo><SampleRow>E</SampleRow><SamplePlate>1</SamplePlate><WellType>BUFFER</WellType><Concentration>-1</Concentration><ConcentrationUnits>µg/ml</ConcentrationUnits><MolarConcentration>-1</MolarConcentration><MolarConcUnits>nM</MolarConcUnits><MolecularWeight>-1</MolecularWeight><Temperature>30</Temperature><StartTime>336683</StartTime><AssayTime>20</AssayTime></CommonData><FlowRate>1000</FlowRate><StepType>CUSTOM</StepType><StepName>condition</StepName><StepStatus>OK</StepStatus><ActualTime>19.999</ActualTime><CycleTime>0.2</CycleTime><AssayXData Points="100">3/+LQ1gZjEPxMoxDi0yMQyVmjEO+f4xDWJmMQ/GyjEOLzIxDReaMQ9//jENYGY1D8TKNQ6xM
jUNFZo1D33+NQ1iZjUMSs41DrMyNQ0XmjUPf/41DmRmOQxIzjkOsTI5DRWaOQ99/jkN5mY5D
ErOOQ6zMjkNF5o5D3/+OQ1gZj0MSM49DrEyPQ2Zmj0Pff49DeZmPQxKzj0ORzY9DCuePQ9//
j0N5GZBDEjOQQ6xMkEMlZpBD33+QQ1iZkEMSs5BDrMyQQ0XmkEPf/5BDWBmRQxIzkUOLTJFD
RWaRQ99/kUNYmZFDErORQ6zMkUNF5pFDQQCSQ1gZkkPxMpJDrEySQ0VmkkPff5JDeZmSQxKz
kkOLzJJDReaSQ77/kkN5GZNDEjOTQ6xMk0NFZpND33+TQ3mZk0MSs5NDi8yTQ0Xmk0O+/5ND
mRmUQ/EylEOsTJRDJWaUQ99/lEN5mZRDErOUQ6zMlEMl5pRD3/+UQ1gZlUPxMpVDi0yVQ0Vm
lUODgJVDWJmVQ/GylUOszJVDJeaVQw==</AssayXData><AssayYData Points="100">UXjWvUu7Eb7/USa+xmYsvgAEN75c9TO+noE1vlVqNL6GfDa+IBE0vhAeMb5bbzC+YqItvsLv
L74pyi++7horvj1GLb6UNii+tyUqvph4Kr7ngSm+jzgnvkPtJ74ujye+qwIkvkYJJb5HXCO+
osMivhBGJb5oziS+0p8gvlhdIb5NMiG+eSUivhASHr4P0iG+FtYfvhKYH76R+yG+VPYfvmNk
I74xZx6+jSIjvm+gHr6NoSO+4N0gvmPKHr7cPxy+0ekdvsBEG76zqxy+DsEevmvLHb7CwBm+
0IwavoORG76+nBu+fd0avrcYFr6aKx2+KnEcvgR/Gr40Nhu+TeYdvurbGr406Bm+sUUYvmxy
HL6XQhy+EIoZvrrfGb4tOxu+EJcYvr24G77ReRe+H1YavvFDGb4aphi+s2cWvnwWG75S/hy+
vBIYvuNyGb75GBi+QZQXvn/lF77DkRi+dwsWvv3DFr6Y+ha+/CAXvlsJFr7ZWxS+us8WvtDh
Fb66UxW+s1IVvq5xGr40URa+qX0Vvg==</AssayYData></Step><Step><CommonData><SampleLocation>3</SampleLocation><SampleID>Running Buffer</SampleID><SampleGroup></SampleGroup><SampleInfo></SampleInfo><SampleRow>E</SampleRow><SamplePlate>1</SamplePlate><WellType>BUFFER</WellType><Concentration>-1</Concentration><ConcentrationUnits>µg/ml</ConcentrationUnits><MolarConcentration>-1</MolarConcentration><MolarConcUnits>nM</MolarConcUnits><MolecularWeight>-1</MolecularWeight><Temperature>30</Temperature><StartTime>362671</StartTime><AssayTime>120</AssayTime></CommonData><FlowRate>1000</FlowRate><StepType>BASELINE</StepType><StepName>Baseline 120</StepName><StepStatus>OK</StepStatus><ActualTime>120</ActualTime><CycleTime>0.2</CycleTime><AssayXData Points="600">v/+VQ1kZlkPyMpZDjEyWQyVmlkOef5ZDOJmWQ9GylkNrzJZDBeaWQ57/lkNZGZdD0TKXQ2tM
l0MFZpdDnn+XQziZl0O3s5dDa8yXQyXml0O//5dDOBmYQ/IymENrTJhDBWaYQ55/mEM4mZhD
8rKYQ2vMmEMl5phDv/+YQ1kZmUPRMplDa0yZQwVmmUOef5lDOJmZQ/KymUNxzZlDJeaZQ57/
mUM4GZpD0TKaQ2tMmkMFZppDv3+aQziZmkPysppDa8yaQwXmmkOe/5pDWRmbQ9Eym0NrTJtD
JWabQ55/m0M4mZtD0bKbQ2vMm0MF5ptDnv+bQzgZnEPRMpxDjEycQwVmnEO/f5xDWZmcQ9Gy
nENrzJxDBeacQ7//nENZGZ1D0TKdQ2tMnUMlZp1Dnn+dQziZnUPRsp1DjMydQwXmnUO//51D
OBmeQ9EynkOMTJ5DJWaeQ55/nkNZmZ5D8rKeQ2vMnkMF5p5Dnv+eQ1kZn0PyMp9DjEyfQyVm
n0O/f59DWZmfQ/Kyn0OMzJ9DZ+afQ7//n0NZGaBD8jKgQ4xMoEMlZqBDv3+gQ1mZoEPysqBD
jMygQ0bmoEO//6BDWRmhQ/IyoUOMTKFDJWahQ79/oUNZmaFDE7OhQ2vMoUMl5qFDv/+hQ1kZ
okPyMqJDjEyiQyVmokO/f6JDWZmiQ/KyokOMzKJDZ+aiQ7//okM4GaND8jKjQ2tMo0PqZqND
v3+jQ1mZo0PysqNDjMyjQyXmo0Oe/6NDWRmkQ/IypEOMTKRDJWakQ55/pEM4maRD8rKkQ2vM
pEMl5qRDv/+kQzgZpUPRMqVDa0ylQwVmpUMhgKVDOJmlQ9GypUNrzKVDBealQwAApkNZGaZD
8jKmQ4xMpkMFZqZDnn+mQziZpkPRsqZDjMymQwXmpkOe/6ZDOBmnQ9Eyp0OMTKdDJWanQ55/
p0M4madD0bKnQ2vMp0MF5qdDv/+nQ1kZqEPyMqhDa0yoQwVmqEO/f6hDWZmoQ9GyqEOMzKhD
BeaoQyEAqUM4GalD0TKpQ4xMqUOIZqlDnn+pQziZqUPRsqlDa8ypQ2fmqUO//6lDOBmqQ/Iy
qkNrTKpDBWaqQ55/qkM4mapD8rKqQ2vMqkMF5qpDnv+qQzgZq0O3M6tDjEyrQwVmq0Oef6tD
OJmrQ9Gyq0NrzKtDBearQwAArEM4GaxD0TKsQ2tMrEMFZqxDnn+sQ1mZrEPysqxDa8ysQyXm
rEPg/6xDWRmtQ/IyrUOMTK1DJWatQ79/rUNZma1D8rKtQ83MrUMl5q1Dv/+tQ1kZrkPyMq5D
jEyuQ0ZmrkO/f65DPpquQ/KyrkOMzK5DJeauQ7//rkNZGa9D8jKvQ4xMr0MlZq9Dv3+vQ1mZ
r0Pysq9DjMyvQyXmr0O//69DWRmwQ/IysENrTLBDJWawQ79/sENZmbBD0bKwQ4zMsEMF5rBD
v/+wQzgZsUPyMrFDjEyxQyVmsUO/f7FDOJmxQ9GysUNrzLFDJeaxQ57/sUM4GbJD8jKyQ2tM
skMlZrJDnn+yQ1mZskPysrJDjMyyQyXmskOe/7JDWRmzQ9Eys0OMTLNDRmazQ79/s0NZmbND
0bKzQ2vMs0Ml5rNDnv+zQzgZtEPRMrRDa0y0QyVmtEO/f7RDWZm0Q9GytENrzLRDBea0Q57/
tEM4GbVD0TK1Q2tMtUMlZrVDnn+1Q/yZtUPysrVDjMy1QwXmtUOe/7VDOBm2Q/IytkOMTLZD
BWa2Q55/tkNYmbZD0rK2Q4zMtkMF5rZDnv+2Q1gZt0PSMrdD7ky3Q2dmt0Oef7dDWJm3Q9Ky
t0NrzLdDBea3Q7//t0M4GbhD8jK4Q2tMuEMmZrhDv3+4QziZuEPSsrhDa8y4QwXmuEOe/7hD
OBm5Q9IyuUNrTLlDBWa5Q+B/uUM4mblD0rK5Q2vMuUPJ5rlDv/+5QzgZukPSMrpDa0y6QwVm
ukO/f7pDeZm6Q9KyukNrzLpDJua6Q7//ukNYGbtD2DO7Q4xMu0MmZrtDv3+7Q1iZu0MZtLtD
jMy7Qybmu0O//7tDWBm8Q/IyvEOMTLxDJma8Q79/vENYmbxD8rK8Q4zMvENn5rxDQgC9Q1gZ
vUPyMr1DjEy9QyZmvUO/f71DWJm9Q9KyvUOMzL1DJua9Q7//vUNYGb5D8jK+Q4xMvkMmZr5D
v3++Q3mZvkPysr5DjMy+QybmvkO//75D3Bm/Q/Iyv0NrTL9DJma/Q55/v0NYmb9D8rK/Q4zM
v0MF5r9Dv/+/Q1gZwEPyMsBDjEzAQyZmwEO/f8BDWJnAQ/KywENrzMBDJubAQ57/wENYGcFD
8jLBQ4xMwUMmZsFDv3/BQziZwUPSssFDjMzBQwXmwUOe/8FDWBnCQ/IywkNrTMJDBWbCQ79/
wkNYmcJD8rLCQ2vMwkMm5sJDv//CQ1gZw0PSMsNDa0zDQyZmw0Oef8NDOJnDQ9Kyw0NrzMND
BebDQ7//w0NYGcRD0jLEQw9NxEMmZsRDv3/EQziZxEPyssRDmM7EQwXmxEOe/8RDWBnFQ/Iy
xUOMTMVDBWbFQ55/xUN5mcVD0rLFQ2vMxUMF5sVDhADGQ1gZxkPyMsZDa0zGQwVmxkOef8ZD
OJnGQ9KyxkOMzMZDBebGQ57/xkM4GcdD0jLHQ2tMx0MFZsdDv3/HQziZx0PyssdDjMzHQwXm
x0Oe/8dDOBnIQ9IyyEOMTMhDBWbIQ79/yEM4mchD0rLIQ4zMyENG5shDnv/IQzgZyUPSMslD
jEzJQwVmyUOef8lDWJnJQ/KyyUOMzMlDJubJQ7//yUNYGcpD8jLKQ4xMykPqZspDv3/KQ1iZ
ykPysspDjMzKQybmykMHActDWBnLQ/Iyy0NrTMtDBWbLQ79/y0NYmctD8rLLQ4zMy0Mm5stD
nv/LQ1gZzEPSMsxDa0zMQyZmzEO/f8xDWJnMQ/KyzEOMzMxDJubMQ7//zENYGc1D8jLNQ4xM
zUMmZs1Dv3/NQ1iZzUPyss1DjMzNQybmzUO//81DWBnOQ9IyzkNrTM5DJmbOQ79/zkM4mc5D
8rLOQ2vMzkMF5s5Dv//OQzgZz0PyMs9DjEzPQyZmz0O/f89DOJnPQ9Kyz0OMzM9DJubPQ57/
z0M4GdBD0jLQQ4xM0ENGZtBDv3/QQziZ0EPSstBDa8zQQwXm0EO//9BDOBnRQ/Iy0UNrTNFD
BWbRQ79/0UNYmdFD8rLRQ2vM0UMm5tFD</AssayXData><AssayYData Points="600">N/0mvpx/Jb7txCW+JX8mvpoAJb56OyG+hs0kvnG4JL6z4iG+OlMjvmxlIb4FhiK+Trcpvo/n
JL54ZCC+Ggghvua4H76FlCO+VS4jvpEqI74kuR++fH8ivn6wHr4muR6+MnAgvpdyH76HGyC+
DXwhvnhBIb4hdCK+nnsgvu0QIL6KXB++l2shvjy1Hr4s0Ru+oPgfvqODIL4ZRh++QhEdvkl3
Hb6Ydx2+9rMcvmB2HL5+hSG+S3YevmVDIL7XciG+C5ohvkSQHr48Wh++xt8cvs66IL6AWx++
IBkcvmKNGr5B6CC+lokgvl9aH74qJR2+42cgvl/gHr74OiC+B9AcvpouG74M3x2+emQcvkS4
Hb4KaB2+pZwgvg1gHL4UnRq+l6EgvmaMH76UNRq+o34evnoeG74XQhu+SjcdvgteH77XYRy+
BuMdvomIHL5gQR2+uZUbvlO0Hr6lJR6+m0cYvkHsG75W8h2+jRwfvmOVG77LLh2+N4Qavoyx
G74aqB2+YpobvoYBIL6F6xm+iEQaviwVGr6GJxq+QZAZviPcHb7gVx2+iWoZviWMGL7BMxq+
IdcavpP1Gr6CFRy+2ssdvmNSGr5bvRe+0Dscvl5ZGr44zBy+99QdvpyiF76/7B++UM0avnp1
Gr4xSBu+BvAYvlD9Gr4wSRu+vCAavvLiFb6V7xm+kwcavlH8G75Vyhu+p+4avrjDGr5agRm+
N2EZvv5oGr4OuBu+P/Ibvt+hFb7QSB2+ofoYvkzHFb4PVxi+KDoYvvUMHL4Zvhq+19QZvhlv
Gr4/+Bi+fu4XviKAG75V5Ba+FXUavuc4GL77CRi+d5EavrYEF77xQhq+n88ZvscxGL5kohS+
/p8ZvvF8Gb479xa+QVoavke1Gb7Bwhm+MVoYvgukGL5ckRa+L1gZvt/uGL5qThe+SEwXvri8
GL5NbRm+qlAUvmyxFb6geRi+1Z0bvq+FFL6B/hW+ks8VvjdpGr60lRi+Sq0avsiBG759Kxi+
fo0avtefFr40oRa+f4oXvtl7FL6VohW+AAYWvizhFr61Exi+s84XvkbiFr4kvxW+MKkWvsyy
Fr6AAxe+WKsZvpcQGr69lhm+6PEVvhLwF748VBS+lOMYvmT2GL5gYha+e6gXvgB6GL61dBe+
b90SvklhFL5LRxa+p1UUvtbpEr6XARS+f20Xvv+8FL76ixe+ODMXvve3Fb4lohW+8EIUvujm
Fb7+ABm+clETvqStFL5KRRW+pLEWvohqFr6lKBa+bwsXvvOoFb4oFhS+kzsXvoQyFL6b7xW+
cMgUvit1Fr4lgxW+dwYavqWcG75/Ghi+LMAVvpwMFb7N+RW+14YWvt3OGL4q5RC+AJAYvhUD
Fr4fBRi+9sAVvhpgFr4Axxi+P9AXvu7hFL7Hihe+pDoavg4oF76SbBa+NscVvhpgD77U+RS+
0jIUvh5WFb6r0Ri+4NsXvsWAFL44Exe+1SMVvjBCGr7GdBW+sOEUvnR8GL42UxW+v8oWvsq3
FL51tRa+AeASvh2TD76XoxK+N80QvgKaFb6v0hG+boYVvnT4Eb6t5xS+nPMTvh0VFb7pJRO+
nQcZvjScF76+YxW+wsYSvlJlFr6zqBe+h6ITvrbSFr4YORi+0sYXvv8LFL66hxa+E5IVvmof
Fb4WAhS+qo4TvuJjFb6JNhO+ogkVvseOFL7UYRe+IEgWvirMF76udxW+0bMSvt8VF77EcRS+
/KMVvgVSFL6tRRa+x7gQviGpEb6K6RK+LPEZvhswEb76SRK+HpkTvh74Er7pyhG+sCwUvkX/
FL70vRa+7iEUvii4FL6/nxe+V9kRvgTcE77rKRa+FKwQvpuyFL4gHxO+pPsUvueJE769She+
4r4VvgD8FL5wIBO+COkUvg60Er7Q3BS+IF0TviZxFL7mkxK+Q8gRvm5yE762MBG+vTUUvlfF
Er4j0BW+1zQWvuEJFr7OoxS+fbAQvgouFL74WBK+DR8XvsdqF77R6hK+RsUYviL/F77qhRa+
SIYSvkVsE77G/hO+SEkUvgAFFL5ItBW+EJ8Rvvl4FL4/pRK+iXsWvk26FL6lpBC+NNoSvpu/
FL6+rBO+fxMRvi7wD77JKRO+I3cVvveUEb6+3BW+61ESvlabE76/ghS+gN4QvsYtEb66chO+
aBYUvs3JE74TrhK+W30Vvuj9E74W4RW+bRgUvn+tE75LYBS+nrUOvtjUE76HMhS+S+0TvnZg
E777PRa+FdYSvtWGFL5D9BS+yLoSvkziFL6q2BS+XwMSvrmxE75mbBS+SHEUvmwNE746wxO+
aTcTvt4KFb5OhRS+sXIVvlaBEr4lMBW+okUTvi7lEL61ERS+sq8SvhS3EL6iuRK+VA8VvhRG
FL6nGBS+wVYPvskiE75ThhW+hD4WvnMTE74o2RK+f6UUvpRsFL41wxG+nsQRvtP1Er56OBG+
JIcRvmUZE74lIRS+j8kQvlJ9Er7eQRW+jLMOvkt0Fb5ZJxC+6uIQvqWgE74IXxS+LpYRvkBe
D76O0hG+GzcTvqsDFr7Q8hO+hfsSvoJBFb6oxxa+26UXvoXHFL4Bzg++RWkTvnwSFr5/qhG+
YHgTvk1/Eb7VthC+xJcRvgkYE76NiRO+Uj0Rvic/FL62PhK+C8ARvncfE75qBxW+U9EOvhqT
Er6c7xG+xHIQvvZ5Er49JxO+KywUvtJ+Fr7OABO+sgYTvsHzEr46RBS+lFYQvh0hFb5AGBW+
HGURvsJpEL5NiRK+RegQvjlBEr78Kg++33kPvp+IEr5yJhK+q/sTvrTUEL6S+RG+3fwPvm8I
Er5d+BO+iwMVvneBEb6tvhO+ffYSvmSqEb6adQ2+wd0TvsANE76L/Qy+uHkVvlJeEr6dJRO+
oJkOvnJ3E77i0xK+9lEQvktMEb4hJxa+BH0Rvq+/Er678Q++HQ8PvjmFE75fGRK+Qp8QviRy
Er7E3w++iW0UvmcRFb5d7xO+cToVvgLhEr4qhgy+HI8TvkVIFb4yJBW+BioTvmziEb5K8Q6+
YU0UvmEcEb5kfQ++F7YNvkHHE76AIA6+2GEPvlo9E76zbBO+0Z0MvrUUEb58jhC+H/ISvo6h
Er6MURW+VccWvm8zE76qdRK+siwQvlHmDr5fpRC+ei0OvqnADr7Q/RC+/v4OvvSME77q6BC+
LG0Svsw/Dr6e1w++insSvpq9EL48pBG+</AssayYData></Step><Step><CommonData><SampleLocation>4</SampleLocation><SampleID>AB</SampleID><SampleGroup></SampleGroup><SampleInfo>in Running Buffer</SampleInfo><SampleRow>E</SampleRow><SamplePlate>1</SamplePlate><WellType>KLOAD</WellType><Concentration>1.25</Concentration><ConcentrationUnits>µg/ml</ConcentrationUnits><MolarConcentration>1250</MolarConcentration><MolarConcUnits>nM</MolarConcUnits><MolecularWeight>-1</MolecularWeight><Temperature>30</Temperature><StartTime>489441</StartTime><AssayTime>20</AssayTime></CommonData><FlowRate>1000</FlowRate><StepType>LOADING</StepType><StepName>Loading</StepName><StepStatus>OK</StepStatus><ActualTime>19.999</ActualTime><CycleTime>0.2</CycleTime><AssayXData Points="100">wP/RQzkZ0kPSMtJDbEzSQwZm0kPAf9JDWpnSQ9Ky0kONzNJDJubSQ8D/0kNaGdND0jLTQ2xM
00MmZtNDwH/TQ1qZ00PSstNDjczTQybm00PA/9NDORnUQ9Iy1ENsTNRDqWbUQ8B/1ENamdRD
0rLUQ2zM1EMm5tRDn//UQ1oZ1UPSMtVDjUzVQyZm1UPAf9VDOZnVQ/Oy1UONzNVDJubVQ8D/
1UM/GtZD8zLWQ41M1kMGZtZDwH/WQ1qZ1kPzstZDjczWQwbm1kPA/9ZDWhnXQ/My10ONTNdD
BmbXQ59/10M5mddD87LXQ2zM10MG5tdDwP/XQ1oZ2EPzMthDbEzYQwZm2EOff9hDWpnYQ9Ky
2EONzNhDJubYQ5//2EM5GdlD8zLZQ65M2UMGZtlDn3/ZQzmZ2UPzstlDbMzZQwbm2UNDANpD
ORnaQ9Iy2kNsTNpDBmbaQ8B/2kNamdpD0rLaQ43M2kMG5tpDwP/aQzkZ20PSMttDbEzbQwZm
20Off9tDWpnbQ76020NszNtDBubbQw==</AssayXData><AssayYData Points="100">WMgDvlCZ+b1TkN+95B/NvdXBwb2qybe9T76uvfczpL32b5e9PsuJvWFdg72xM3K9tOdVvekB
R70dAye9l6MdvQzf+7wNAMa8G9GXvMpgfLzfGUi8tD2Ru7Vi2bnLUZs7gCkfPO2ljzykj8c8
6kjUPDcOAD2Wohs9pYQiPRvLRz0BqFQ9GzZhPYJjeD3f94s9SG6VPbGnoz0t86k9BSDAPdAX
vz0O4tI9l+PZPWQM3j0qr+09ryLzPYVJ/T3sQAY+3D0KPgHgCz7XahU+yiUZPvxrHT4cPiI+
WUwwPjMrLj6lYjQ+cGY5PnUfPz5OPUQ+J6RKPtW0Tz4rK1g+ZppZPiFxXj5BGmQ+ihRpPpAl
cT6ra3Q+3fB1PgJ2fz5yuIE+48iFPthIhz44w4o+YvuNPur+jj7ZX5I+ml6VPuKilj4W85o+
64CbPjbHnj5MQqI+wlamPjiTqD51h6k+tqStPqQhsT6jI7I+V9G0PtLgtj6ibbo+Qfm7PkYJ
wj5mNsA+CUXDPocAyD4Ae8k+xBHLPg==</AssayYData></Step><Step><CommonData><SampleLocation>5</SampleLocation><SampleID>BB</SampleID><SampleGroup></SampleGroup><SampleInfo></SampleInfo><SampleRow>E</SampleRow><SamplePlate>1</SamplePlate><WellType>BUFFER</WellType><Concentration>10</Concentration><ConcentrationUnits>µg/ml</ConcentrationUnits><MolarConcentration>10000</MolarConcentration><MolarConcUnits>nM</MolarConcUnits><MolecularWeight>-1</MolecularWeight><Temperature>30</Temperature><StartTime>516901</StartTime><AssayTime>60</AssayTime></CommonData><FlowRate>1000</FlowRate><StepType>BASELINE</StepType><StepName>Baseline 60</StepName><StepStatus>OK</StepStatus><ActualTime>59.999</ActualTime><CycleTime>0.2</CycleTime><AssayXData Points="300">oP/bQzoZ3EPTMtxDTEzcQwZm3EOgf9xDOpncQ9Oy3ENMzNxD5uXcQ3//3EMZGd1DsjLdQ21M
3UMGZt1DoH/dQzqZ3UOyst1DTMzdQ+bl3UN//91DOhneQ7Iy3kNMTN5DBmbeQ39/3kMZmd5D
srLeQ23M3kMG5t5Df//eQzoZ30PTMt9DTEzfQwZm30Ogf99DGZnfQ9Oy30NMzN9D5uXfQ3//
30MZGeBDsjLgQ0xM4EMGZuBDoH/gQxmZ4EOysuBDTMzgQwbm4EOg/+BDOhnhQ7Iy4UNtTOFD
5mXhQ39/4UMZmeFD07LhQ0zM4UOW6OFDf//hQxkZ4kOyMuJDTEziQ+Zl4kN/f+JDGZniQ7Ky
4kNMzOJD5uXiQ3//4kMZGeNDsjLjQ0xM40PmZeNDoH/jQxmZ40OysuNDTMzjQwbm40N//+ND
GRnkQ7Iy5ENMTORDBmbkQ6B/5EMZmeRDsrLkQ23M5EMG5uRDf//kQxkZ5UOyMuVDbUzlQ+Zl
5UOgf+VDOpnlQ9Oy5UNtzOVDBublQ6D/5UM6GeZD0zLmQ21M5kMGZuZDf3/mQzqZ5kPTsuZD
bczmQwbm5kOg/+ZDOhnnQ9My50NtTOdD5mXnQ6B/50M6medD07LnQ23M50MG5udDoP/nQzoZ
6EPTMuhDbUzoQwZm6EN/f+hDOpnoQ7Ky6ENMzOhD5uXoQ6D/6EM6GelD0zLpQ21M6UMGZulD
f3/pQzqZ6UPTsulDTMzpQ+bl6UN//+lDGRnqQ9My6kNtTOpD5mXqQ6B/6kM6mepDsrLqQ23M
6kMG5upDoP/qQzoZ60PTMutDbUzrQwZm60N/f+tDOpnrQ7Ky60NMzOtDQOrrQ3//60MZGexD
sjLsQ0xM7EMGZuxDoH/sQ/6Z7EPTsuxDtM3sQ+bl7EN//+xDOhntQ9My7UNtTO1DBmbtQ39/
7UM6me1DsrLtQ23M7UMG5u1DoP/tQzoZ7kPTMu5DbUzuQ+Zl7kOgf+5DOpnuQ7Ky7kNMzO5D
BubuQ6D/7kMZGe9DsjLvQ0xM70MGZu9Df3/vQxmZ70Oysu9DTMzvQ+bl70N//+9DGRnwQ7Iy
8ENMTPBD5mXwQ39/8EMZmfBD07LwQ0zM8ENI5vBDoP/wQxkZ8UOyMvFDbUzxQ+Zl8UN/f/FD
GZnxQ7Ky8UNMzPFD5uXxQ3//8UMZGfJDsjLyQ0xM8kPmZfJDf3/yQxmZ8kOysvJDTMzyQ+bl
8kN///JDGRnzQ7Iy80NtTPND5mXzQ39/80M6mfND07LzQ23M80MG5vNDoP/zQzoZ9EPTMvRD
bUz0Q+xm9EOgf/RDOpn0Q9Oy9ENtzPRDBub0Q6D/9EM6GfVD0zL1Q21M9UPmZfVDoH/1QzqZ
9UPTsvVDbcz1Qwbm9UOg//VDOhn2Q9My9kNtTPZDBmb2Q6B/9kM6mfZD07L2Q0zM9kMG5vZD
oP/2QzoZ90PTMvdDTEz3Q+Zl90Ogf/dDGZn3Q9Oy90NtzPdDBub3Q3//90NaGfhD0zL4Q0xM
+EMGZvhDoH/4QzqZ+EPTsvhDTMz4Q+bl+EOg//hDOhn5Q9My+UNtTPlDBmb5Q6B/+UM6mflD
srL5Q0zM+UPm5flD</AssayXData><AssayYData Points="300">pwhCP7tcPz+XjD4/K/Q7Pwn1Oj82pzg/4Z82Pw6oMz+fwjE/6kIxP6RiLz/WSC4/RkYtP11c
Kz8HWyo/GR0oP9YgJz9CgCY/LCIkP5wzJD9DSSI/yxUiP7QkID90ex8/OBwfP5XeHT8/LB0/
Dv0bP4l0Gz8hkhk/pYgaP5mlGD/nhBY/omAYP/anFj+AUBU/HogUP17eEz/LihQ/HVASP7+C
Ej9nlxA/KwURPwc5Dz9KQg8/MGoOPwBhDT9u4Q0/1GsMP4ifCz/NTAs/b8oJP4xKCT/IBwo/
LB0JP/HRBz/VXQg/epwGP2AtBj90bQY/i1AFP7Y6BT/JigQ/ih8EPzOsAj+8mwI/Yv8BP3gh
AT9lYQA/EiUAP0PT/j5a7f8+xPv9PhNN/T69rPw+rK36Pof3+j7yhPg+ymn3Pl5x9z7SzPY+
73n0PsdH9D7+8vM+G0zyPvPD8T7S3fE+m8jvPmKl7z4spPA+54ztPhAU6z7vXuw+ljnrPlDl
6D5kKek+IAvpPrPt5z76wuc+6X7kPs+q4z5obeQ+6WLkPqrK4z7BLuM+GxDgPgHE3j6oGN8+
wVHfPqlz3j5Ild0+ZaHcPrnW2z604ts+RaHbPr0p2T6v6tg+l4vbPgO+1z4Ep9c+kkLWPrZ2
1z5P8dY+cwLVPos80j4hItQ+FqPSPv6Q0T6RwdA+NtjQPubozz5xx84+9TfPPtuNzj6XC80+
X5HMPleizD7eg8w+meTKPpdkyj6TXMs+wKbJPvl+yT64mck+yaLIPhB1xj6UE8c+91zGPukv
xj7gu8M+Y6jEPtsIwz4nd8U+ylvDPkQWwz5/sME+L2jBPvO9wD5DiMA+rpPAPtTIvz7Sq78+
2MK+PqlXvT5tvL0+W6u8PvufvT6x57w+fAq9Ppdwuz6Q7Ls+a5y5Pjdcuj4PZ7g+cpq6PsVa
uT41W7c+nfm2PjJrtj4XPbc+lpe2PtDCtj5nN7Q+fXC0PjfEtD5zUbU+ncyzPikIsz7hXLU+
qJmwPua/sj4iiLA+HRixPhyRrj752q4+MZqwPhC2rz4fi68+dKOuPtjYrT6SVq0+wlKuPoG9
rD43+K0+ba+tPs82rj4f9K0+ESysPsl6rD4XMqs+/hWqPs2SqT4tIao+QMSmPgDlqT7lqac+
0WSpPilXqD6hfag+e5aoPplMqD5xcqY+2QGoPh7spj7lB6Y+qzymPgL8pD4n8KM+RNGiPjdB
oz73YKM+U5GlPp5BpT6/PqI+m9+kPmbQoT4pm6M+b6aiPjYzoj6/oqA+qbmiPkAdoj5K7qE+
P8OfPsDonj5FsaE+xqufPpesnz6OAKA+++yePvAdnz4SjZ4+8iucPk7Nnz5PjJ0+pZqdPmf0
nj4nXJ4+cmudPvclnT4aE5w+YeabPqRSmz4kVZs+kzuaPvKpnD60Y5s+w2CaPruzmT45dpk+
00SZPvG4mD5AE5k+8u+ZPoEpmT7d9Zg+5dWXPpdLmD5bTpg+aTCYPh+rlj58kZY+vqqWPkqE
lD7My5Y+VJaXPufflj7la5U+/1mWPsPXlT5Y+JQ+f56VPo0vlD5a2JE+32uUPji/kz7ZXpY+
1RiUPk0Ykz7xd5M+</AssayYData></Step><Step><CommonData><SampleLocation>6</SampleLocation><SampleID>Running Buffer</SampleID><SampleGroup></SampleGroup><SampleInfo>in Running Buffer</SampleInfo><SampleRow>E</SampleRow><SamplePlate>1</SamplePlate><WellType>BUFFER</WellType><Concentration>-1</Concentration><ConcentrationUnits>µg/ml</ConcentrationUnits><MolarConcentration>-1</MolarConcentration><MolarConcUnits>nM</MolarConcUnits><MolecularWeight>-1</MolecularWeight><Temperature>30</Temperature><StartTime>584704</StartTime><AssayTime>20</AssayTime></CommonData><FlowRate>1000</FlowRate><StepType>BASELINE</StepType><StepName>Baseline 20</StepName><StepStatus>OK</StepStatus><ActualTime>20</ActualTime><CycleTime>0.2</CycleTime><AssayXData Points="100">gP/5Q/kY+kOzMvpDTUz6Q+Zl+kOAf/pD+Zj6Q7Oy+kNNzPpDxuX6Q4D/+kMaGftDszL7Q01M
+0PmZftDgH/7QxqZ+0OSsvtDTcz7Q+bl+0OA//tDGhn8Q7My/ENNTPxDxmX8Q4B//EMamfxD
s7L8QyzM/EPm5fxDX//8QxoZ/UP1Mv1DTUz9Q+Zl/UOAf/1D+Zj9Q7Oy/UNNzP1DxuX9Q1//
/UP5GP5DszL+QyxM/kPmZf5DX3/+QxqZ/kOSsv5DLMz+Q+bl/kOA//5DGhn/Q5Iy/0NNTP9D
5mX/Q4B//0P5mP9Ds7L/Q03M/0PG5f9DgP//Q3wMAERJGQBEFiYAROMyAETGQABEjUwARFpZ
AEQmZgBE43IARLB/AESNjABESZkARBamAETjsgBEwL8ARHzMAERJ2QBEFuYARPPyAETA/wBE
fAwBRFoZAUQWJgFE4zIBRMA/AUSNTAFEelkBRBZmAUTjcgFEsH8BRHyMAURJmQFEJqYBROOy
AUSwvwFEfMwBREnZAUQW5gFE8/IBRA==</AssayXData><AssayYData Points="100">ru2UPdYTmjuGl+u8dPoxvSJcRr3LyT69KElNvY8HS73Yf1S9w45RvTDYOb2dO0G9RotFvQCH
K73fxzy9zq4uvRqrNL19+B+9L+sfvc3IKb1MIju9d54svUngML2oCyO9z/8rvTmNJ72uEhW9
uvwdvc08Eb3Rhxm9mKAcve+OGL3hfBC9yewTvUIBD718sxa9gt4TvWK7Hb09IAe9iIgRvdeP
C70vqgW9coUSvU7kBr17mA692z0DvUIME73SExG9wvAYvfUREL2zVRK9cVsKvUYS+LzNSAm9
lsMHvU55Db04Nwe9l9cLvaTZDr0dvwO95XUGvY0YAr1KLgS9lp3nvCzKCL2hpwe9iZUIvSow
Br0SbAC9utLnvJt18rxOKwK9HZ0QvWH5Bb2xa/O8m1wDveBGAL2uNAa9q1cEvcU557xIw/68
LKsEvYcn+rxPke68O7UFvWYk9rxRgvO8bErmvO6JBr3pRwG96GwMvTniAL0KJv28pXv7vAoh
9LwvPwS9bDb5vOcuBL1PZuG8hqH8vA==</AssayYData></Step><Step><CommonData><SampleLocation>7</SampleLocation><SampleID>aKappa 50ug/ml</SampleID><SampleGroup></SampleGroup><SampleInfo></SampleInfo><SampleRow>E</SampleRow><SamplePlate>1</SamplePlate><WellType>KSAMPLE</WellType><Concentration>-1</Concentration><ConcentrationUnits>µg/ml</ConcentrationUnits><MolarConcentration>-1</MolarConcentration><MolarConcUnits>nM</MolarConcUnits><MolecularWeight>-1</MolecularWeight><Temperature>30</Temperature><StartTime>612978</StartTime><AssayTime>120</AssayTime></CommonData><FlowRate>1000</FlowRate><StepType>ASSOC</StepType><StepName>Association</StepName><StepStatus>OK</StepStatus><ActualTime>120</ActualTime><CycleTime>0.2</CycleTime><AssayXData Points="600">wP8BRI0MAkRaGQJEFiYCROMyAkSwPwJEfEwCRFpZAkRoZgJE43ICRFOAAkR8jAJEYJoCRBam
AkTjsgJEsL8CRHzMAkRa2QJEJuYCROPyAkSw/wJEfAwDREkZA0QWJgNE4zIDRLA/A0SNTANE
WlkDRBZmA0TjcgNEsH8DRI2MA0RJmQNEJqYDROOyA0TAvwNEjcwDREnZA0TK5gNE4/IDRMD/
A0R8DARESRkERBYmBETzMgREsD8ERHxMBERJWQREJmYERONyBESwfwREjYwERFqZBEQmpgRE
87IERMC/BESNzAREWtkERCbmBETz8gREwP8ERI0MBURaGQVENyYFREUzBUTAPwVEjUwFRFpZ
BUQmZgVE83IFRLB/BUSNjAVEepkFRCamBUTzsgVEwL8FRI3MBURa2QVEJuYFRPPyBUTx/wVE
jQwGRFoZBkQmJgZE8zIGRMA/BkR8TAZEWlkGRCZmBkTzcgZExoAGRI2MBkRamQZEJqYGRPOy
BkTAvwZEjcwGRFrZBkQm5gZE4/IGRMD/BkR8DAdESRkHRHgmB0TjMgdEwD8HRHxMB0RJWQdE
JmYHRPNyB0TAfwdEfIwHRFqZB0QmpgdE87IHRMC/B0R8zAdESdkHRCbmB0Tj8gdEsP8HRI0M
CERJGQhEFiYIRPMyCESwPwhEjUwIRFpZCEQWZghE83IIRMB/CESNjAhEWpkIRBamCETjsghE
sL8IRHzMCERa2QhEFuYIRPPyCESw/whEfAwJRJsZCUQWJglE8zIJRLA/CUSNTAlESVkJRBZm
CUTjcglEsH8JRHyMCURJmQlEFqYJROOyCUTAvwlEjcwJRFrZCUQW5glE4/IJRLD/CUR8DApE
WhkKRBYmCkTzMgpEsD8KRHxMCkRJWQpEFmYKRONyCkSwfwpEfIwKREmZCkQWpgpE47IKRMC/
CkR8zApESdkKRCbmCkRm8wpEsP8KRHwMC0RaGQtEFiYLROMyC0TAPwtEfEwLRElZC0QWZgtE
83ILRMB/C0SNjAtEWpkLRBamC0TzsgtEwL8LRI3MC0Ra2QtEJuYLRPPyC0TA/wtEjQwMRFoZ
DEQmJgxE8zIMRMA/DETfTAxEWlkMRCZmDETjcgxEwH8MRI2MDERamQxEJqYMRPOyDETAvwxE
g80MRFrZDEQW5gxE8/IMRMD/DESdDA1EWhkNRCYmDUTzMg1EwD8NRI1MDUTtWQ1EFmYNRI10
DUTAfw1EfIwNREmZDUQmpg1E87INRMC/DUR8zA1Em9kNRCbmDUTj8g1EwP8NRI0MDkRaGQ5E
JiYORPMyDkTAPw5EIE0ORFpZDkQmZg5E83IORLB/DkSNjA5EWpkORBamDkTzsg5EsL8ORHzM
DkRa2Q5EFuYORPPyDkSw/w5EfAwPRFoZD0QWJg9E4zIPRLA/D0SNTA9EWlkPRCZmD0Tzcg9E
sH8PRI2MD0RJmQ9EFqYPRKezD0TAvw9EfMwPRFrZD0QW5g9EO/QPRLD/D0TvDBBESRkQRBYm
EETjMhBEsD8QRHxMEERJWRBEFmYQRONyEESwfxBEfIwQRFqZEEQWphBE47IQRLC/EER8zBBE
SdkQRBbmEETz8hBEsP8QRHwMEURJGRFEJiYRROMyEUSwPxFEfEwRRElZEUQWZhFE43IRRLB/
EUR8jBFESZkRRBamEUTjshFE8b8RRHzMEURJ2RFEFuYRROPyEUSw/xFEfAwSRGoZEkQWJhJE
4zISRLA/EkR8TBJESVkSRHhmEkTjchJEwH8SRI2MEkRJmRJEN6YSRPOyEkTAvxJEjcwSRFrZ
EkQm5hJE8/ISRLwBE0SNDBNEWhkTRCYmE0TzMhNEwD8TRI1ME0RaWRNEJmYTRPNyE0TAfxNE
jYwTRFqZE0QmphNE87ITRMC/E0R8zBNEWtkTRCbmE0Tz8hNEsP8TRI0MFERJGRREJiYURPMy
FESwPxREjUwURFpZFEQWZhRE83IURMB/FESNjBRET5oURCamFEQUsxREwL8URI3MFERa2RRE
JuYURAr0FEQYARVEjQwVRFoZFUQmJhVE8zIVROE/FUR8TBVEWlkVRCZmFUTjchVEwH8VRI2M
FURamRVEJqYVROOyFUTAvxVEjcwVRHrZFUTK5hVE4/IVROH/FUR8DBZESRkWRCYmFkTzMhZE
sD8WRHxMFkRaWRZEFmYWRPNyFkTAfxZEjYwWRFqZFkQWphZE47IWRLC/FkSNzBZESdkWRBbm
FkTj8hZEsP8WRHwMF0RJGRdEJiYXRPMyF0SwPxdEfEwXRElZF0Q3ZhdE83IXRMB/F0R8jBdE
WpkXRBamF0TjshdEsL8XRHzMF0Ra2RdEFuYXROPyF0Sw/xdEvgwYREkZGEQWJhhE4zIYRMA/
GER8TBhESVkYRBZmGETzchhEwH8YRHyMGERamRhEJqYYRPOyGESwvxhEfMwYRFrZGERH5hhE
uPMYRLD/GESNDBlESRkZRBYmGUTjMhlEwD8ZRHxMGURJWRlEN2YZRONyGUTAfxlEMY0ZREmZ
GUQmphlE87IZRMC/GUS0zRlEWtkZRCbmGUTz8hlE0P8ZRI0MGkRaGRpEJiYaRPMyGkTAPxpE
jUwaRFpZGkQmZhpECnQaRMB/GkSNjBpEWpkaRCamGkTzshpEwL8aRI3MGkRa2RpEJuYaRPPy
GkTA/xpEjQwbREkZG0QWJhtE4zIbRMA/G0TvTBtESVkbRCZmG0TzchtEQ4AbRI2MG0RJmRtE
FqYbROOyG0RDwBtEjcwbREnZG0Qm5htEbPQbRMD/G0SNDBxESRkcRCYmHETzMhxEsD8cRI1M
HERaWRxEJmYcRPNyHETAfxxEfIwcRFqZHEQmphxE87IcRMC/HER8zBxErNkcRBbmHETz8hxE
sP8cRI0MHURJGR1EJiYdRPMyHUSwPx1EfEwdRElZHUQmZh1E43IdRMB/HUR8jB1ESZkdRBam
HUTjsh1EwL8dRHzMHURa2R1EJuYdRPPyHUSw/x1EfAweRJsZHkQWJh5E4zIeRLA/HkR8TB5E
SVkeRCZmHkTjch5EsH8eRO+MHkRJmR5EeKYeRPOyHkTAvx5E38weREnZHkQW5h5E4/IeRLD/
HkR8DB9ESRkfRBYmH0TzMh9EsD8fRHxMH0RJWR9EJmYfRONyH0Swfx9EfIwfREmZH0SZph9E
47IfRLC/H0R8zB9ESdkfRCbmH0Tz8h9E</AssayXData><AssayYData Points="600">j3kTPv+cQj49UWM+RzxzPg8peT5VqoA+aHqCPqHggD5bCoQ+jz6CPgPegj5a24E+useDPgYq
hT68n4Q+0xiEPjDMgz6U/4Q+JK+EPvyZhj7+tIU+nDWHPteohT6WSoc+YUSHPugiiD7SLYc+
43uJPuutiT6s1Yc+COKIPna9iD674ok+sNqIPlWjij41V4o+5HeJPiN3ij5GZYw+21qLPnxe
jD5w+4s+6tiKPi1+ij7btYw++kuNPttYjz7wqo0+8XuPPkChjj74qo4+zKiPPhJZkD6woo4+
lxuPPqULkD51/pA+W/mOPqtKkT40gpA+km+QPvfZkD7TvZA+MVaRPithkj4nwZE+d6uRPvx1
kj7zppM+Ag2SPl6Bkj5I0ZI+zFyVPsfdkT5vXpQ+6yaTPuGTlD6NyJM+2xiUPniNlD7qYJU+
s9qUPiQZlT6FPZQ+Q5+UPt1rlD7XTJQ+6nGXPhLClj5zK5c+2+qVPr7alD7NKJc+802VPhGY
lz74nJY+R52XPqMulj75EJg++6iYPmFzmT5gv5Y+WT6WPqibmD5V25k+znOYPsKtlz4Ndpk+
UK6ZPjFamT7R7Jk+HbGZPmzgmD4Go5k+/GSaPp/jmj4mu5s+64mYPsaHmT75PZs+zAiZPv/B
mj5pZps+G8mZPitKmT5t4Zo+6pibPnCQmz6juJo+clybPhM2nD4GHJs+InmdPq1Vmz4aXZ0+
54yaPi1anD5NgZw+sQybPlmnnD5uDps+u9ubPgzfnT7COJ0+jzyaPq9WnD5KOJ0+WCqdPl3t
nD5bYp4+JZidPjU4nD6aE58++YqdPrsznT6Q3Jw+sI6cPl1Pnj5sypw+riWdPrNunT5qFZ8+
TxGdPvS0nT7Gjp8+KuCePuEhnj4hz54+6zWePufXnz601p0+wGufPuG5nj74vJ4+g7GfPqTd
nj4/4Z8+KVCgPrj3nj5dk58+PbKfPtQ1oD57V6A+JgGgPiEenz7ODqA+ol+gPkIhnz5uS6A+
/yChPjSQnj7uBKE+28KhPnfEnz6cSaA+msGfPuwUoD607qE+fCChPuuFoD5mbaI+VxKgPrh0
nz6QaKA+FkmgPj7bnj5jcaA+JD+fPhbBoT7BTaA+UtqgPj94oj5fwqE+PYKiPhJHoT7T3qE+
yFKiPpaEoj6dYKE+LVyiPo1aoT5xtaE+S+qiPqh0oT4pF6I+3jmhPqGloj5+MqI+7SOiPkXY
oj5FI6E+weehPuGpoj4mcqM+XCKiPuPLoj5GWqE+iGmhPs1yoj53VqM+MWGhPm8zoz7aeaQ+
0cKiPvScoz42hKI+/0+hPiSsoz7vxaM+kzmjPqLjoj4YiKM+/s2hPiqGoz5ExKI+We6jPkNI
oj4iDqM+H4ajPt/loj766qE+5V+jPoH/oj7tk6Q+RQalPlkeoz49YaM+39uiPlu5pT6Qh6Q+
h76lPsPgoz7nXaU+Lb6iPoN5oj6BCKQ+NTelPvn9oz5bLqM+udmjPm9kpT7tSaQ+cu+jPlLU
pT7wDaU+9SOjPgYxpT5wgaQ+M3+kPg5ZpD7PYKM+nFKmPiQ3pT5LvaQ+74mlPneQpD69IKU+
+pWjPp4npj4ByKM+c0KlPvyhpj5SjqQ+Y7+mPkVNoz4BYKQ+iKykPkU8pD6trqQ+Cl+lPgyY
pT7qa6U+n1ajPnZ2pD54j6M+NPqkPu3Poz6LRqY+0ualPt7jpD4tsaY+srWmPrRKpj4SaKQ+
7KSmPtCopT766aU+RFWmPpGDpj7X5qU+/IalPmU1pT5oD6Y+xfilPtQWpj4AVaY+iw2lPp23
pT6toKc+CqmmPrzHpT5DO6U+NzmmPvDtpT7i/6Y+D92kPk7qpj4MzaY+UT+mPiHCpT5qjqc+
d/qlPpSppT7ciKc+szemPqeXpz7uaqc+cvCmPlxApz4KKKc+0gCoPm5opj5VVqY+kAmnPr1L
pz5fcqc+u3KmPqx5pT6D86Q+CyqoPnD5pj74Zqc+OsOnPp6Vpz5mfag+GySpPoP3pj45maY+
f2WpPkBPqD5gN6Y+KuOnPoTRpj4HiKc+hGanPtgbqD5aBKc+hQCnPv7npT5/NKY+dvSmPo6w
pz5AxKU+1zmnPqj4pT5sAqg+7/6nPt3Apj6+h6c+S/aoPiAdqD6yH6g+Rc+oPk6mpz5cEqg+
q62mPsPdpz5Wmqg+wyGnPoIGpz54ZKg+hF6mPtBepj62Mqk+cIyoPnAPpz7GpKg+cs2nPreA
pz4hs6Y+17ynPjD4pz4S4qk+VimoPkNWqT6sw6Y+VGqnPggzqD7lyKg+fT2lPvRspz4kPKc+
IxWoPuejqT4yAKc+jdSoPhryqD72vac+nReoPnixpz4DrKk+GtmoPm2xqD7OlaY+M/6nPgr1
pz760qc+PjaqPmH2pz6y4KY+wVSpPo/TqD4ELqo+onGoPgC4pz4006g+U0WoPq21pT7hYqg+
/5imPniCqD73Mqk+/ImoPlLFpz4SV6k+SiipPiawqD4Gx6U+WeipPikVqT6l+Kg+KVenPse6
qD6/oKg+6xKqPqBcqj6e2qY+M++oPkzNqT7ZXag+FX2pPkxCqT6Zs6c+hj2pPuDLqD4FMqk+
KS6oPl3cpz4qoqo+nHmoPmGWqD4h66c+pReoPo9GqT68m6g+W5KnPvB+qj5+oKo+ycmoPllY
qD6Q6ag+Tb2oPlLaqT41h6k+QiGoPsdeqT6vdqo+r6mpPh1AqD6I/6o+t7WnPi1vqT5Tdak+
yfSpPsgyqT5F/qc+pEOoPjyKqT7yjak+nYWnPmerpz4SG6k+51+qPkfpqD4k2Kk+sS6rPiI2
qD5lqas+yBmpPvAdqj71eao+Cy+rPhF5qT6lxag+y+mpPkU6qT5hbKo+pEGpPqeLqT4smao+
EZSpPvMGqT7agqk+PLGqPiBmqj5vw6k+LdCpPmHKqD5Wtqc+mPSpPnFvqD6566s+TTmqPlao
qj6odag+3lmpPk1Tqj5T9qs+LjyrPlOpqz75Uqo+TViqPuzSqz79B6o+xJyoPmDrqT5PWak+
e/WpPkfqqz7356o+psSpPsVhqj4pP6o+71SpPodSqz4ewqk+IiypPnt4pz7QaKg+Q/KoPhP0
qT5bhqo+a32qPraeqj60Zqo+dW6qPnO2qD4E/ak+CsSpPgxYqz5Bn6k+uh2tPhL8qz4Mdag+
ePOqPhZhqj5IIak+lVipPoqwqj6Xjqk+</AssayYData></Step></KineticsData></ExperimentResults>
