<?xml version="1.0" encoding="UTF-8" standalone="yes"?>
<ExperimentResults><ExperimentInfo Name="20250917 PE P5216 - 5377 plate 2 kappa 50 ugl"><ExpDescription>AHC example method - full characterization&#13;
Analyte titration series with reference channel</ExpDescription><RTDVersion>2.0</RTDVersion><RunID>D3453E7F-D910-462D-B051-2D13E2863725</RunID><ExperimentType>KINETICS</ExperimentType><ExperimentSubType>KBASIC</ExperimentSubType><StartDateTime>2025-09-17T15:27:33</StartDateTime><MachineName>BN7KX12</MachineName><UserName>octet</UserName><LotNumber></LotNumber><PlateName>250917</PlateName><PlateName2></PlateName2><SensorName>H1</SensorName><SensorPlate>1</SensorPlate><SensorType>AHC (Anti-hIgG Fc Capture)</SensorType><SensorRole>LIGAND</SensorRole><SensorInfo></SensorInfo><WritingSW>DataAcquisition.exe 11.0.2.1</WritingSW><InstrumentType>OctetRED96</InstrumentType><InstrumentSerial>FB-50284</InstrumentSerial><InstrumentFW></InstrumentFW><IntegrationTime>2.1</IntegrationTime><DSPType>CPF</DSPType><DSPStitching>1</DSPStitching><HasManifest>1</HasManifest><InfoHash>404921046</InfoHash></ExperimentInfo><AssayParamsInfo/><KineticsData><Step><CommonData><SampleLocation>1</SampleLocation><SampleID>Running Buffer</SampleID><SampleGroup></SampleGroup><SampleInfo></SampleInfo><SampleRow>H</SampleRow><SamplePlate>1</SamplePlate><WellType>BUFFER</WellType><Concentration>-1</Concentration><ConcentrationUnits>µg/ml</ConcentrationUnits><MolarConcentration>-1</MolarConcentration><MolarConcUnits>nM</MolarConcUnits><MolecularWeight>-1</MolecularWeight><Temperature>29.7</Temperature><StartTime>0</StartTime><AssayTime>180</AssayTime></CommonData><FlowRate>1000</FlowRate><StepType>BASELINE</StepType><StepName>Baseline 1</StepName><StepStatus>OK</StepStatus><ActualTime>180</ActualTime><CycleTime>0.2</CycleTime><AssayXData Points="900">AAAAAKjGSz4EVs4+mpkZP83MTD8AAIA/1XiZPzMzsz8IrMw/okXmPzvf/z/NzAxAmpkZQGZm
JkDRIjNAnu8/QM3MTECamVlABFZmQNEic0AAAIBANV6GQJzEjEACK5NA/KmZQM/3n0A1XqZA
nMSsQDMzs0CamblAAADAQDVexkCcxMxAAivTQGiR2UDP999AZmbmQM3M7EACK/NAaJH5QM/3
/0B9PwNBZmYGQYGVCUG0yAxB5/sPQRsvE0FOYhZBgZUZQbTIHEHn+x9BGy8jQU5iJkGBlSlB
zcwsQQAAMEEbLzNBTmI2QYGVOUG0yDxBGQRAQRsvQ0FOYkZBgZVJQc3MTEEAAFBBMzNTQWZm
VkGBlVlBtMhcQef7X0EbL2NBZmZmQYGVaUHNzGxBAABwQTMzc0FmZnZBmpl5Qc3MfEE9CoBB
mpmBQTMzg0HNzIRBZmaGQQAAiEGamYlBMzOLQc3MjEFaZI5BAACQQZqZkUEzM5NBzcyUQWZm
lkEAAJhBmpmZQTMzm0HNzJxBWmSeQQAAoEGamaFBokWjQc3MpEFmZqZB9P2nQZqZqUEzM6tB
wcqsQWZmrkEAALBBmpmxQScxs0HNzLRBZma2QQAAuEGamblBMzO7Qc3MvEFmZr5BAADAQZqZ
wUEzM8NBzczEQWZmxkEAAMhBjZfJQScxy0HBysxBWmTOQQAA0EGNl9FBMzPTQc3M1EFmZtZB
AADYQZqZ2UEnMdtBzczcQWZm3kEAAOBBmpnhQTMz40HNzORBZmbmQfT950GNl+lBMzPrQcHK
7EFmZu5BAADwQZqZ8UEnMfNBzcz0QWZm9kEAAPhBjZf5QScx+0HByvxBWmT+QQAAAELNzABC
mpkBQmBlAkItMgNC+v4DQs3MBEKTmAVCYGUGQjMzB0IAAAhCx8sIQpOYCUJmZgpCLTILQhkE
DELHywxCk5gNQmZmDkItMg9CEgMQQs3MEEKTmBFCYGUSQi0yE0L6/hNCx8sUQpOYFUJgZRZC
LTIXQvr+F0LHyxhCk5gZQmBlGkItMhtC+v4bQsfLHEKTmB1CYGUeQi0yH0IAACBCx8sgQg6t
IUJgZSJCMzMjQvr+I0IX2SRCk5glQmBlJkItMidC+v4nQsfLKEKTmClCZmYqQi0yK0IAACxC
zcwsQpqZLUJmZi5CMzMvQgAAMELNzDBCmpkxQmZmMkIzMzNCAAA0Qs3MNEKamTVCZmY2QjMz
N0IAADhCzcw4QpqZOUJmZjpCMzM7QgAAPEIQ2DxCmpk9QmZmPkIzMz9CAABAQs3MQEKamUFC
ZmZCQi0yQ0IAAERCzcxEQpOYRUJmZkZCRjZHQgAASELNzEhCk5hJQmZmSkIzM0tCAABMQs3M
TEKTmE1CZmZOQi0yT0IAAFBCzcxQQpqZUUJmZlJCMzNTQgAAVELNzFRCmplVQmZmVkItMldC
+v5XQsfLWEKTmFlCYGVaQjMzW0ISA1xCzcxcQpOYXUJmZl5CWDlfQgAAYELNzGBCmplhQmZm
YkItMmNC+v5jQsfLZEKamWVCYGVmQjMzZ0L6/mdCx8toQpqZaUJgZWpCMzNrQgAAbELNzGxC
k5htQmBlbkIzM29CAABwQsfLcEKTmHFCZmZyQjMzc0L6/nNCx8t0QpOYdUJgZXZCMzN3Qvr+
d0Ls0XhCmpl5QmBlekIzM3tC+v57QsfLfEKTmH1CYGV+Qi0yf0IAAIBCZmaAQs3MgEIzM4FC
F5mBQn3/gULjZYJCSsyCQrAyg0IXmYNCff+DQuNlhEJKzIRCsDKFQheZhUJ9/4VC42WGQkrM
hkKwModCF5mHQgAAiELjZYhCSsyIQjMziUIXmYlCAACKQulmikJKzIpCsDKLQheZi0IAAIxC
ZmaMQs3MjEKwMo1CF5mNQgAAjkJmZo5CYtCOQj81j0KamY9CAACQQmZmkELTzZBCMzORQpqZ
kUIAAJJCZmaSQs3MkkIzM5NCmpmTQgAAlEJmZpRCzcyUQjMzlUKamZVCqAaWQmZmlkLNzJZC
MzOXQpqZl0IAAJhCZmaYQs3MmEIzM5lCF5mZQn3/mUJmZppCzcyaQkY2m0KamZtCAACcQuNl
nELNzJxCMzOdQpqZnUJ9/51CZmaeQs3MnkIzM59CmpmfQgAAoEL2aKBCzcygQrAyoUKamaFC
ff+hQuNlokJKzKJCsDKjQpqZo0IAAKRCZmakQkrMpEIzM6VCF5mlQgAApkJmZqZCzcymQjMz
p0IXmadCff+nQmZmqELNzKhCMzOpQpqZqUJ9/6lCZmaqQkrMqkKwMqtCF5mrQgAArEJtZ6xC
SsysQrAyrUIXma1Cff+tQuNlrkJKzK5CMzOvQheZr0J9/69CZmawQkrMsEKwMrFCL52xQgAA
skLjZbJCzcyyQrw0s0KsnLNCff+zQuNltELNzLRCtjO1QheZtUJ9/7VC42W2Qs3MtkKwMrdC
F5m3QgAAuELjZbhCSsy4QrAyuUKamblCff+5QuNlukJKzLpCMzO7QheZu0KJAbxC42W8QkrM
vEKwMr1CF5m9Qn3/vULjZb5CSsy+QrAyv0IXmb9CAADAQuNlwEJKzMBCsDLBQheZwUJ9/8FC
42XCQkrMwkKwMsNCF5nDQuwRxELjZcRCSszEQjMzxUIXmcVCAADGQuNlxkLTzcZCMzPHQpqZ
x0J9/8dCIXDIQs3MyEIzM8lCmpnJQgAAykJmZspCzczKQjMzy0KamctCAADMQmZmzELNzMxC
MzPNQpqZzUKJAc5CZmbOQs3MzkIzM89CmpnPQn3/z0JmZtBCzczQQrAy0UKamdFCAADSQmZm
0kJo0dJCMzPTQpqZ00IAANRCmG7UQs3M1EIzM9VCmpnVQgAA1kLjZdZCzczWQrYz10KamddC
AADYQmZm2ELNzNhCMzPZQpqZ2UJ9/9lCZmbaQs3M2kIzM9tCmpnbQgAA3EJmZtxCSszcQjMz
3UKamd1CAADeQuNl3kJ71N5CsDLfQheZ30J9/99CeWngQs3M4ELJNuFCmpnhQn3/4UJmZuJC
SsziQrAy40KameNCff/jQuNl5EJKzORCsDLlQheZ5UJ9/+VCZmbmQs3M5kKwMudCmpnnQn3/
50LjZehCzczoQrAy6UKamelCBgHqQuNl6kJKzOpCsDLrQheZ60IAAOxC42XsQs3M7EKwMu1C
F5ntQgAA7kLjZe5CzczuQrAy70IXme9Cff/vQmZm8EJKzPBCsDLxQheZ8UIAAPJC42XyQkrM
8kIzM/NCF5nzQgAA9EJmZvRCSsz0QrAy9UKamfVCff/1QmZm9kLs0fZCMzP3QheZ90IAAPhC
42X4QkrM+EIzM/lCmpn5QgAA+kLpZvpCSsz6QrAy+0KamftCff/7QmZm/ELNzPxCsDL9QheZ
/UJ9//1C42X+QkrM/kIzM/9CF5n/QkIAAEMzMwBDZmYAQ5qZAENWzgBDAAABQzMzAUNmZgFD
mpkBQ83MAUMAAAJDMzMCQ2ZmAkOamQJDzcwCQwAAA0MzMwNDZmYDQ5qZA0PNzANDAAAEQ7w0
BENmZgRDmpkEQ83MBEMAAAVD8jIFQyVmBUOamQVDzcwFQwAABkPyMgZDZmYGQ5qZBkPNzAZD
AAAHQ/IyB0MlZgdDmpkHQ4vMB0MAAAhDMzMIQ2ZmCEOamQhDzcwIQwAACUMzMwlDJWYJQ5qZ
CUPNzAlDAAAKQzMzCkNmZgpDWJkKQ4vMCkMAAAtD8jILQ2ZmC0OamQtDi8wLQ77/C0PyMgxD
JWYMQ5qZDENQzQxDvv8MQzMzDUNmZg1DWJkNQ4vMDUO+/w1DMzMOQ2ZmDkOamQ5DzcwOQwAA
D0MzMw9DJWYPQ5qZD0PNzA9Dvv8PQzMzEEOuZxBDmpkQQ83MEEMAABFD8jIRQyVmEUOamRFD
zcwRQ77/EUN7NBJDJWYSQ1iZEkOLzBJDvv8SQ/IyE0MlZhNDWJkTQ4vME0O+/xND8jIUQ2Zm
FENYmRRDzcwUQ77/FEMzMxVDJWYVQ6abFUOLzBVDAAAWQzMzFkMlZhZDWJkWQ4vMFkMAABdD
/jQXQyVmF0NYmRdDi8wXQ77/F0M5NBhDJWYYQ5qZGEOLzBhDvv8YQ/IyGUMlZhlDWJkZQ83M
GUO+/xlDMzMaQ2ZmGkNYmRpDi8waQwAAG0PyMhtDJWYbQ1iZG0PNzBtDAAAcQ3UzHEOoZhxD
mpkcQ83MHEMAAB1DMzMdQzdpHUOamR1DzcwdQwAAHkMzMx5DZmYeQ5qZHkPNzB5DAAAfQzMz
H0NmZh9DmpkfQ83MH0NIASBDMzMgQ2ZmIEOamSBDzcwgQwAAIUMzMyFDZmYhQ1iZIUPNzCFD
AAAiQzMzIkNmZiJDmpkiQ83MIkMAACNDMzMjQzFoI0OamSNDzcwjQwAAJEMzMyRDwWokQ5qZ
JEPNzCRDAAAlQzMzJUNmZiVDmpklQ83MJUMAACZDzzcmQ7RoJkOamSZDi8wmQwAAJ0PyMidD
JWYnQ9uZJ0NWzidDAAAoQ/IyKENmZihDWJkoQ4vMKEO+/yhDMzMpQ2ZmKUNYmSlDzcwpQ77/
KUMzMypDZmYqQ1iZKkOLzCpDAAArQzMzK0MlZitDWJkrQ4vMK0O+/ytD8jIsQ2ZmLEOamSxD
i8wsQ77/LEMzMy1DZmYtQ5qZLUOLzC1Dvv8tQ/IyLkNmZi5DmpkuQ4vMLkMAAC9DMzMvQ2Zm
L0Phmi9DzcwvQ77/L0PyMjBDK2cwQ1iZMEPNzDBDvv8wQ/IyMUMlZjFDmpkxQ4vMMUMAADJD
MzMyQyVmMkOamTJDzcwyQ2AFM0PyMjNDJWYzQ1iZM0PNzDND</AssayXData><AssayYData Points="900">AAAAAOhxGTz1YMM75gEMPD+x0DvCweE79GSPO9Jt+DtgKPo72s6mO2DJ9js0PdA7e9vwO6c7
nzsKFcw74TYlPOYexDuCkgE8d1HYO2MSHDzSKwo8bQIcPJNwujtqFfE79uEzPPYmSTve5SM8
sPjsO932DTxlVmo7pawxPDtcQTy1vOA7PMv0O8d6nTsRSB086eSTO+qXnjseKTg8dikRPJYX
5Tt49hw8wtuuO01YCjzPm9c7zbbvO7EV/DuOhP07hmcHO53SFjwQlhE85ZwjPHb+9jsr9Os7
5x2hOwFt2Tudqzw7Vh4CPLjd8TvVi7I7ZTEfPMcI0Tuy0bs76WJDPOn4lzu34wQ8D5unOzan
uzvmiQU8wA6POzusxzu1+fs7AnnjO3havDt5XFc7zKWLOync6Tu2Y6w7zB/PO3hGDTuvgcE7
CkXLOgjJoTusXpY7Xq/4O3MikDtxf9o7nZ/BO0gc/Tuk0Pk7bH6ZOx0msjthNEQ7Qtd/OyrC
yTuyrVI7MhexO0LQkDtBwp07kni0O2vYRTpO3YE7BrofPCZwSjv66xE8g/nkO/JH8DsoOXg7
VcCMOyZMkDvDVpQ70D2aO6p9mDsibhk8L8e1OzB3fDsDmcI7l+LDO37F8jt+K5M7cGreO05B
oTsbYrU7VAveOhXhrjsruww8IPZ+OxzC/zo+kPQ7wza1O6FBzzs9MUk7a2HfOkA2rDsYFO87
5DuiOjPbCzz5/9A7eyaGO8TFpjtwW/E74ZW8O0c1OTtX2kc7wu/YO+MNKzsv80k7PHilO6zx
iDsMJA062USLOWKRFDu9I6E76MEiOvg4KTt9EN04vNTpOy4/jDsf+7M74uwwOh31zDtEfLM7
I5PfO4ln6Dp2AOI66pCIO3I0oTt278E7a07aO8jYQju46D47nDiIOzs6FLomAoE7AUutO7N2
UzvgWa874EfbO3WG4jqCfeI7RMftOjt9hDsUSUc7ySBkOz+dVrr64SI6QgbRO9xqnTvrqB47
X9jjOzVIuztyVYo7TLOYOhWbXDvbXWE7K6J6O/9Rnzvp7hu7jdQbup9sPDmZdXY7DhGvumP5
hDlQbO470zFSOwtIFjqOF3I7Fx2/ulNWszvgg0c75yRkOyOjjjtps0Q6a9WPO/9FYjt2Xno5
eb1dOx2yNztzw+Y6ITXeuYUuXDohbgk6Y7EFO46qk7lLPBy73NzuOhWWDzuA/8A7WEudumDI
QbhxbA27t3sjO7pP7zqV4Yg7cIq9OhvqMLqi7AU7WZ2wO4pP2jq1o4s7CUCXuiGxCjuOFA85
MwTAOc/9IDlz9K26ZviXO6NKM7udFtg6jhqYuXKFHTsP4yk6kXguO2Rar7oQPh87BVFCOneG
PzsNorY7xHDsuVN7XDpErwe7H4mLO+xtpTv8c6s6aegOOq2A2jq7Qa86D7JeO5MRF7pcoJ87
030qO/KMuDtAk+I6+Uczuul5Vzom3qK61gjqOWPYPzvSJpM7OYTDOioIgjqdMHg4grVZuwCY
pjvuFew55pFFu7GcHbt9BFg7SJYeueDJTDramoS5h6GKO3Kl2LllJyw7sIqHOBKoUDs8PDw7
9zSQO3NxpDpZVZc7t3CiuJQi5rrX/1a6XrAnOrgbxDnQdF46ju2AOvaTAzr10t+5znTROTyo
EzuAQPy4WZkLu/BHWjrJEhc6kXF4Ol97XbvDzRM71FOEOkg2Aro1Oya7dS2/OjcuTjtfdUe7
XOGJOsXYGLtpOrq6VUABup5sFblqwA67+ICTuotGyTrvpnO6oOOxuv2+jroo1xa6mrKhuuWg
CjuHju62xRFju+GPEDrqY146K/quuiPSODnD2oy7TdRiuwAjdLtXM7S6tHqzuo2ciroPDxg7
CDN6O2ir6Lr/vLC67DIUuggjKrnNxpi6qWXuOu5M+DnOJ6q64MjdupD7KDsJNsM5JeJ/um3X
TzlGN4C7NzM5u+NHrToLRM+6VsjnOk4tPrm3DjK7P23zusELjrsNIZc6h0r1uhq3W7nRGZi6
cEgeOloqATuajhC7hDtYu7vKuTqDTmA7PNjJOmqrlrqA3dS7BK2puZZXsbkLw2K5ncrFugb4
HbtSjWW6/OexOisudrsBWiW6cLJFOyl4Nbqv/YC737hiuy2jirsjUQG7xVsduV1uTjtH2+K6
j/wku0hWg7pivf65NSyGO3FQBrswPxQ4ettiuuVnR7uWlCK6lLPNugcaRzs9v3W7a0FUu4xK
yjkVJim7YL2RukESnLtTb3m7cRsTu7m2Mbsh4bq6wm8xOr+Di7on2fi6zyGau+OpJjuyU5Q6
5fUIu44fuLtnoAy7vfZAushgwboOf+u6AAmvu1rT+LrQW2+7uIDJOUibMrulqTi7hnoeu6KO
gLs9vq67gX0nO6DELbru/3U5TsFGu0Z7d7vJPV27ndNbuy5Ljrpol5G7EViLu5+BGrs1K8q7
SM4mu+gi9zo+sAC7JMF9OiqKDLtJ9OK6YWcjuwF3KDqF0qK7FDnTOp8MsLvTrCi7dI7NuvTf
gLsbxrO7l87qugpU27oCMr+75ioHvB7Smjphr+W77ieXu8k+irsCBbS6XS4tu8MWtrt9N2A6
skO8uzS93bsCUoQ6Ubt8u9dSmrl61K272r+Du/pnrrs9SmW72lxEu2zdbruvw0I6FlS0upZ8
PrteMNG6RcqVu0k05buW32U3JKvjunvz1btHnIS7OmqVu3Oxk7sx5wW8lrVUuxFfhbs42hW7
nw2Bu7HJg7uZt0S7Fuf3uklnIrwQ4Ie7olWgu40gE7wDYYw4eEDQuw9xHbuMhDm7K3foOLjv
prtDdbm5jIIhuxxqpbtr0+a73vKQuXqr+Lqk5gq8BfiHuy0XILq8FO26hWVNutKaWruxVsu6
ODaWuyYjtbqf2bK7XAfFuyteibvejQu76T5Zu7ChjrsZboW7TaS7u3xrh7uV3M27niWLuzX3
yruA2wa8nS88uyiTIjl94BK8ADqAuyuDXLtczYG7EVFHuylZH7v8ZEG7zrr3u/z0hLobi7+7
pwyiu+ArJbvTAjc5wcf3uwjXPbuYtua66BN2u5RbfLvPjSy7EcWou1wfkbsa/Na7qBiBuxr2
zbvPRoe74RCBuxjohrs6irO7PA6Ouc7OJrsw0k66r7/Iu5m0brvMfms60f8PvInsqLvAj1m7
afyeu6KBObvMKzK7rKt0u9EbTrsd6La7rKEovL9e+ru2MHe7T+i9uw+3tbviz9W7e8Zjuyjv
3btA2Y2761p7u1NmDLv78p67KleNuxtjEbufuoK7CtHKu5Mnjrsb/Iu74QSOu+xWP7sYVjG7
rJcNvFzvN7vVThO8eWRou6tY6rtq4AO8XiHyu6U88ruAhZu7VzQJvKikNLtSbd66DfLXuzBZ
kbvhStS7AGkMvGlrMbzo4p+7dR7ou6Ii9ru/Fou7/FmNu5aplLtVfZG76e6Fu3WbpLtoL6C7
VDpwu6gMCrtCsC68OBTFuwbrBrwjD7q7+8Lsux1/zrsLNqS70rzgu/rPqrsEkMi7dVlNu/d9
nrt8lxe8PPUWvIng+LtTUTO7ui0GvK949Lu7DOm7x4IevIMqO7yElOm73DixuoespLufyNG7
vb3xujiXKrumR8K7dQ7suzBe2LsqD7+7Qv7qu7Bf2Ls/t/u7ID+5uy178rty2K+7OjOTu2Yi
Obzclee7VmnIu+c257t3UIq71fAwuy+YvrtHnQW8cTfOu2SJoLvTUra7qfLCuyVOuruBaSi8
tHGBu8yP+7vmt6m7o0oOvKwNu7vuA/q7sv7Du+pHZLseutS7FJjSuyzCCryfxyS8aZfcu9/D
DLwMk/y7+EsBvCCfJLy4i+C7+hcLvIMqhrt0thm8pgo0vAIk57vGDea7dtSRu0Axl7tMJ7m7
BB+tu5x3GLwl07i7QHG6u2171bvJdc+70oYFvOYbvrt4td+78LbGuyeDzbvZLum7ndiMuyN6
ibsyZ5C7dQQPvDtW3ruUa7u7WGT+u6xt8ru9PtG74Gnuu3wXt7uXfr279fuHu0m1lrvs4CK8
qP+ru34AxrsfngW8y74NvHVJ57sNd5K7YjS0u3NR37ucGAi8Ar++u6RsC7w3hwy8sNTnu9na
zLtoqOu7bt/vu80X3LsLAby77vLdu/tO5ruTeAe8Nxq3us9ovrsY4O27L98kvKbFB7yaOEm8
6xrVu4i+EbwsiRi8CRO+u43w/LtrFf67LqEKvEdFvbtrXrK7ZFC4u4AmvbvWICa8eJQ6u982
8rtGste73EEMvGY1Erwiaw28uE3au2hDGrxBdQy8Z6nqu5KsGrwoLPC7peOfuxRO8LtXuzC8
u4rdu/VfzbvgRQ682V/uu7S+jruNQgy8xNQpu429Crxf1Mi7bBzju1s4GLwDlPK7uu6Uu+cg
C7wodgS80B0OvAQIDLwBWRG8dRKyu3QI6bvKTOe7aK9FvA2L5Ls/wcW7ZwkivGNqD7wyeRG8
XY9GuwT5M7xLCPS7Yp4OvBShYby7NdG75DBruyfQsbvi1qu7lPn5u7af87tUnrS7IpEXvNMP
vLvK/Vm8xWcEvCzAlbsPH7C7I5cDvJzMhbsp1QG81TjtuyQlNbwDxIu7fZUtvN1is7tRege8
Y6gRvI66vLvUlR28KFYAvCZCI7y0pXa8HGAFvEmpj7s2fWa778Y2vFh75LujaiK8bzrhu/CI
K7x6Fhq8hJfWuzt44bsRSE+8q/IAvDmY3rupNt67tYTeu7RqfbtbZa+7MO0BvLd32Lts4za8
OMQcvLEgkbsqz1m7U1YnvFw3PLwqWbO7Z1X7u6CR17tYbp+7</AssayYData></Step><Step><CommonData><SampleLocation>2</SampleLocation><SampleID>10mM Glycine pH1.7</SampleID><SampleGroup></SampleGroup><SampleInfo>or other Regeneration solution</SampleInfo><SampleRow>H</SampleRow><SamplePlate>1</SamplePlate><WellType>REGENERATION</WellType><Concentration>-1</Concentration><ConcentrationUnits>µg/ml</ConcentrationUnits><MolarConcentration>-1</MolarConcentration><MolarConcUnits>nM</MolarConcUnits><MolecularWeight>-1</MolecularWeight><Temperature>30.1</Temperature><StartTime>207922</StartTime><AssayTime>20</AssayTime></CommonData><FlowRate>1000</FlowRate><StepType>CUSTOM</StepType><StepName>condition</StepName><StepStatus>OK</StepStatus><ActualTime>20</ActualTime><CycleTime>0.2</CycleTime><AssayXData Points="100">AAA0Q/IyNEMlZjRDAKA0Q4vMNEMAADVD8jI1QyVmNUOamTVDi8w1Q77/NUMzMzZDqGY2Q1iZ
NkOLzDZDvv82Q/IyN0MlZjdDWJk3Q4vMN0O+/zdD8jI4QyVmOENYmThDi8w4QwAAOUPyMjlD
JWY5Q1iZOUPNzDlDAAA6QzMzOkNmZjpDmpk6Q83MOkMAADtDMzM7Q2ZmO0OamTtDzcw7QwAA
PEPyMjxDZmY8Q5qZPEPNzDxDAAA9Q/IyPUNmZj1Dmpk9Q83MPUMAAD5DMzM+Q2ZmPkNYmT5D
zcw+Q77/PkMzMz9DZmY/Q5qZP0PNzD9DAABAQzMzQENmZkBDmplAQ83MQEMAAEFDMzNBQ2Zm
QUNYmUFDzcxBQwAAQkMzM0JDZmZCQ5qZQkPNzEJDAABDQzMzQ0NmZkNDWJlDQ4vMQ0MAAERD
MzNEQyVmREOamURDzcxEQwAARUMzM0VDJWZFQ5qZRUPNzEVDvv9FQ/IyRkNmZkZDWJlGQ83M
RkO+/0ZD8jJHQyVmR0OamUdDzcxHQw==</AssayXData><AssayYData Points="100">/dFhvk/vO77rjiu+CNsjvs96Hb7f1x++bLclvuXbKL79+iy+8C4vvrRvNb5v3z2+93U9vtun
Q74XjEG+41JGvrwqSr5+f1C+ShxTvseYVr5a/1i+V2Vfvg3mW77Q7V6+SlZgvvT/Yr5GrWq+
BV9ovlhubL4TDm++MmFxvuDsdr5ZrHK+ptZ4vg/dd75lknq+OHJ9vkFZgL4ZtoG+B25/vjfC
gb6TH4K+OxOFviH6gb51nYO+t9yGvvcvhb4YzIW+15CIvsKCib75c4i+tJyLvqfxir7ysou+
4EGMvru+jL7+Ko6+8BuOvkebjL5bFo++tqeSvk2hj75nn5K+WweSvkEakr7T4pO+4kyWviV7
k77XvZW+y9mUvp7Slr5bXJa+vQyZvgqtmb5xppe+bCSYvtGKmb73mZq+NYCcvu6qmr5BRZy+
g7CbvnWdnb7MUJ6+ZyWevkWxob53DqG+SgKfvrBJn74PRZ6+a1egvg9eoL6cC6G+ntmgvgJb
or6X1KG+dqGjvoiWo76RuqS+Fu+jvg==</AssayYData></Step><Step><CommonData><SampleLocation>1</SampleLocation><SampleID>Running Buffer</SampleID><SampleGroup></SampleGroup><SampleInfo></SampleInfo><SampleRow>H</SampleRow><SamplePlate>1</SamplePlate><WellType>BUFFER</WellType><Concentration>-1</Concentration><ConcentrationUnits>µg/ml</ConcentrationUnits><MolarConcentration>-1</MolarConcentration><MolarConcUnits>nM</MolarConcUnits><MolecularWeight>-1</MolecularWeight><Temperature>30</Temperature><StartTime>233716</StartTime><AssayTime>20</AssayTime></CommonData><FlowRate>1000</FlowRate><StepType>CUSTOM</StepType><StepName>condition</StepName><StepStatus>OK</StepStatus><ActualTime>19.999</ActualTime><CycleTime>0.2</CycleTime><AssayXData Points="100">AABIQ/IySEMlZkhDI5tIQ4vMSEMAAElDMzNJQyVmSUOamUlDi8xJQwAASkPyMkpDJWZKQ1iZ
SkOLzEpDAABLQ/IyS0NmZktDWJlLQ83MS0O+/0tDMzNMQ6hmTEOamUxDzcxMQwAATUMzM01D
ZmZNQ5qZTUPNzE1DAABOQzMzTkNmZk5DmplOQ83MTkMAAE9DMzNPQ2ZmT0OamU9DzcxPQwAA
UEMzM1BDZmZQQ5qZUEPNzFBDAABRQzMzUUMrZ1FDmplRQ4vMUUMAAFJD+DNSQ2ZmUkOamVJD
zcxSQwAAU0MzM1NDZmZTQ1iZU0PNzFNDvv9TQ/IyVEOoZlRDmplUQ83MVEMAAFVDMzNVQ2Zm
VUOamVVDzcxVQ77/VUMzM1ZDZmZWQ5qZVkOB1VZDywFXQzMzV0MlZldDmplXQ83MV0MAAFhD
MzNYQ2ZmWENYmVhDi8xYQ77/WEM5NFlDJWZZQ5qZWUPNzFlDvv9ZQzMzWkNmZlpDmplaQ83M
WkO+/1pD8jJbQyVmW0NYmVtDi8xbQw==</AssayXData><AssayYData Points="100">Exupvdex9L03VgS+aj8HvrwMC76gcAW+EDwGvr9eBL4F0AO+EEsHvlPc/72RtAC+5hX7vWKj
8b28dPq9W8D6va787L11d+m9qELtvcL15b2o2+m96yrivUPD4b1hSuW9RifivUQG6b0Latm9
B7vfvV6p5b3dndu9jDLVvcWM0b3GLte9QijYvZHG2r1rHNC9g2HXvU7q1b2QvNC9HnrRvX8h
zr0N+M+9uKjOvXtgy73HGtK9DuXPva46z73Emsi98QzMvXmuzL1YVM69FQvMvUlTyb1Lh8S9
/EfJveg4zL04i8m9ADDHvSj0xr2c/Ma9IeHEvaZJxr1CXsK9Jo/AvYqcxL3RBsO9BAjCvZK3
vb02K8O9rPXGvTgQwL1PtLO9thm/vVMkwr1uDr29Fpi7vZXsur14Zbu96vS6veCNxb0NC7+9
u3y7vfHXuL3hobq9N6e8vZqatr3Wd7+9gHHBvfaqt72XVLW9S3K9vbKqvr3Mp7296yu+vf1f
tb2QA7q9xIm5vV/pur1ldMO9Ybm3vQ==</AssayYData></Step><Step><CommonData><SampleLocation>2</SampleLocation><SampleID>10mM Glycine pH1.7</SampleID><SampleGroup></SampleGroup><SampleInfo>or other Regeneration solution</SampleInfo><SampleRow>H</SampleRow><SamplePlate>1</SamplePlate><WellType>REGENERATION</WellType><Concentration>-1</Concentration><ConcentrationUnits>µg/ml</ConcentrationUnits><MolarConcentration>-1</MolarConcentration><MolarConcUnits>nM</MolarConcUnits><MolecularWeight>-1</MolecularWeight><Temperature>30</Temperature><StartTime>259400</StartTime><AssayTime>20</AssayTime></CommonData><FlowRate>1000</FlowRate><StepType>CUSTOM</StepType><StepName>condition</StepName><StepStatus>OK</StepStatus><ActualTime>19.999</ActualTime><CycleTime>0.2</CycleTime><AssayXData Points="100">AABcQ7AyXEPjZVxDWJlcQ0nMXEO+/1xDsDJdQ+NlXUNYmV1Di8xdQ3z/XUOwMl5DJGZeQ1iZ
XkOLzF5Dvv9eQ3o0X0MkZl9DWJlfQ4vMX0O+/19D8TJgQyRmYENYmWBDi8xgQ77/YEPxMmFD
JGZhQ1iZYUOLzGFDvv9hQ/EyYkMkZmJDIptiQ4vMYkO+/2JD8TJjQyRmY0NYmWNDi8xjQ77/
Y0PxMmRD6WZkQ1iZZEOLzGRDvv9kQ7AyZUMkZmVDWJllQ0nMZUMGAWZDsDJmQ+NlZkNYmWZD
i8xmQ3z/ZkPxMmdD42VnQ1iZZ0NJzGdDvv9nQ/EyaEMkZmhDFploQ0nMaEO+/2hD8TJpQ2Zm
aUMWmWlDi8xpQ77/aUPxMmpD9WhqQ1iZakNJzGpDvv9qQzMza0MkZmtDWJlrQ4vMa0N8/2tD
UjhsQyRmbENYmWxDi8xsQ3z/bEOwMm1DJGZtQ1iZbUOLzG1DfP9tQ/EybkPjZW5DmZluQ1bO
bkN8/25D8TJvQ+Nlb0MonG9Di8xvQw==</AssayXData><AssayYData Points="100">f/rCvh4bq74hsJm+5cyRviF7ir4EMYi+U2mHvkmUhb4kqIi+xgWJvhquir6ODoq+5hKNvgDf
jr5A/4++H8mPvklGkr4jKJO+KraWvrellb69v5e+OFuWvnRzmL77/pm+qh6bvvm/mr6dFZy+
dEedvrbNnL4BMp6+I0KhviOHn75cz5++KzqfviyDob4nRqG+q9WhvsoQo77F2qG+q2akvrvh
o77NjKa+1OinvvyGpb4ygKi+EkWnvkbKp77HF6e+tAGpvi0jq76VHau+kqqqvikDq76xi6u+
gjyqvgWVrL5eeay+5/KtvshRr74J562+mP+rvuBJrb5Jeq6+EpSwvgQksL75+q6+nASyvu4G
s76hE7S+V0KzvkfRsr6dHrO+o9a0vjfGtL5bgrS+e3qzvthPtL7KjrW+6Ny2vut5tb44i7a+
d4y2vkdIt77Ya7e+wQO3vohJtr7HY7a+Zja4vqAat75oWbq+VrC5vhHwu76VIbq+Syy7vi6H
u77BSbu+au25vll2vL5Vnby+2Ai8vg==</AssayYData></Step><Step><CommonData><SampleLocation>1</SampleLocation><SampleID>Running Buffer</SampleID><SampleGroup></SampleGroup><SampleInfo></SampleInfo><SampleRow>H</SampleRow><SamplePlate>1</SamplePlate><WellType>BUFFER</WellType><Concentration>-1</Concentration><ConcentrationUnits>µg/ml</ConcentrationUnits><MolarConcentration>-1</MolarConcentration><MolarConcUnits>nM</MolarConcUnits><MolecularWeight>-1</MolecularWeight><Temperature>30</Temperature><StartTime>285059</StartTime><AssayTime>20</AssayTime></CommonData><FlowRate>1000</FlowRate><StepType>CUSTOM</StepType><StepName>condition</StepName><StepStatus>OK</StepStatus><ActualTime>20</ActualTime><CycleTime>0.2</CycleTime><AssayXData Points="100">vv9vQ/EycEPjZXBDFplwQ4vMcEOJAXFD8TJxQyRmcUMWmXFDi8xxQ3z/cUPxMnJDJGZyQxaZ
ckOLzHJDfP9yQ7Ayc0MkZnNDFplzQ4vMc0O+/3NDsDJ0QyRmdENYmXRDScx0Q77/dEPxMnVD
JGZ1QxaZdUOLzHVDfP91Q/EydkPjZXZDWJl2Q4vMdkN8/3ZDsDJ3Q+Nld0NYmXdDi8x3Q3z/
d0OwMnhD42V4QxaZeENJzHhDfP94Q7AyeUPjZXlDWJl5Q0nMeUO+/3lDsDJ6Q+NlekMWmXpD
Scx6Q3z/ekOwMntD42V7QxaZe0NJzHtDvv97Q/EyfEPjZXxDFpl8Q4vMfEN8/3xDsDJ9Q+Nl
fUMWmX1DScx9Q3z/fUOwMn5DJGZ+QxaZfkNJzH5DfP9+Q/Eyf0PjZX9DFpl/Q0nMf0O+/39D
WBmAQxIzgEOLTIBDRWaAQ99/gEOZmYBD8bKAQ6zMgENF5oBD3/+AQ3kZgUNUM4FDrEyBQ0Vm
gUPff4FDeZmBQxKzgUOszIFDReaBQw==</AssayXData><AssayYData Points="100">tG/MvXzlCL7NqhO+7x0dvlQuHr67ARu+vowevo16Hr5X0xe+XjcYvtBGFL5cMhS+MBAQvmlW
E75lvg++MIsOvhfpC76zkwq+EXQJvqPrDr7FlQu+iJULvkUYC77edAy+SPgKvoPjB74Ubwm+
nx0Ivpj6CL7bhQS+sqoCvp1/A74H2AW+FP4BvsNQ/r04hAK+QCYBvu+sAr5NjgG+uzX9vWNi
Ab7KfgO+81wDvue1+L3YWfq92RYAvnVD/r1gF/u9Gyb5vZhi/r1M2QC+OND5vRZT+r1dFv+9
VqT1vd04971VPfO9347rvfFP/r2wyP69p8D7veKa+L01Jfa9mlv+vT35+r2Lufu9CEcCvrg2
/L3ryvi95Qr7vZGF/L0vFfi9hVf2vRc/8b0+AvK9LyH4vWoT+r1FfvO9OHTovY9K+L1w6u69
vu3xvYJt770Wpey9YiHqvSIU9L2k1+y96cnuvZFj6r12lva9U6X0vTjs7r1W0Oe9W2fwvUBJ
7b2+IeW9TQLuvXVO772T/+e9arLvvQ==</AssayYData></Step><Step><CommonData><SampleLocation>2</SampleLocation><SampleID>10mM Glycine pH1.7</SampleID><SampleGroup></SampleGroup><SampleInfo>or other Regeneration solution</SampleInfo><SampleRow>H</SampleRow><SamplePlate>1</SamplePlate><WellType>REGENERATION</WellType><Concentration>-1</Concentration><ConcentrationUnits>µg/ml</ConcentrationUnits><MolarConcentration>-1</MolarConcentration><MolarConcUnits>nM</MolarConcUnits><MolecularWeight>-1</MolecularWeight><Temperature>30</Temperature><StartTime>310866</StartTime><AssayTime>20</AssayTime></CommonData><FlowRate>1000</FlowRate><StepType>CUSTOM</StepType><StepName>condition</StepName><StepStatus>OK</StepStatus><ActualTime>20</ActualTime><CycleTime>0.2</CycleTime><AssayXData Points="100">3/+BQ3kZgkMSM4JDrEyCQ0VmgkPff4JDeZmCQxKzgkOszIJDReaCQ9//gkN5GYNDEjODQ6xM
g0NFZoND33+DQ3mZg0MSs4NDrMyDQ0Xmg0O+/4NDeRmEQ/EyhEOsTIRDRWaEQ99/hEN5mYRD
ErOEQ6zMhENF5oRD3/+EQ3kZhUMSM4VDrEyFQ0VmhUO+f4VDeZmFQxKzhUOszIVDJeaFQ9//
hUN5GYZDEjOGQ6xMhkNmZoZD33+GQ3mZhkMSs4ZDrMyGQ0XmhkPf/4ZDeRmHQ/Eyh0OLTIdD
JWaHQ75/h0NYmYdDErOHQ6zMh0Pp5odD3/+HQ3kZiEMSM4hDrEyIQyVmiEPff4hDeZmIQxKz
iEOLzIhDJeaIQ9//iENYGYlD8TKJQ4tMiUNFZolDvn+JQ1iZiUPxsolDrMyJQ0XmiUPf/4lD
WBmKQ/EyikOsTIpDRWaKQ75/ikNYmYpDErOKQ4vMikNF5opDvv+KQ1gZi0PxMotDi0yLQyVm
i0O+f4tDWJmLQ/Gyi0OszItDReaLQw==</AssayXData><AssayYData Points="100">7ZbaviW6wb6+qa++2+qmvsI4or4gsp2+EX+gvl0Jn75qWZ++hRShvuIko74pY6O+W4+lvl+R
qL45bae+Pm2pvh2Mp765nKm+TRisvpQRq75qj6y+HY+tvszIsL7J9bC+eKuxvr3Dsb75ULO+
Z/6yvt7Wtb6QObO+gCayvgxxs75L07W+qka3vppRtb4E7bW+5si3vswQt750zLm+76+5vrq0
ur4cH7q+OGS7vqHHur6Karu+Z7q7vpBfvL61iru+1e+9vj2jvb6zTr2+zMi+vkebvr4MN7++
sGG/vhGbv75kF8G+P7bBvuMmwr4DhMO+qTjDvgKpwb4cDsO+K5HBvrfLwr7jB8S+D3bFvoRG
w756bMS+Wf3GvtvDxr6Va8a+0YrGvsmtxr4Cf8e+Ro3HvtiGx77IEsa+DtLIvhfwx75bMcq+
4vHGvrxjy755Psq+DHHIvhqxyb6q58q+8evKvm0OzL58JMq+MgfLvuDsyr6EE82+NhnNvjM9
y746/su+Cn7Nvgqwzb7nE86+X3fMvg==</AssayYData></Step><Step><CommonData><SampleLocation>1</SampleLocation><SampleID>Running Buffer</SampleID><SampleGroup></SampleGroup><SampleInfo></SampleInfo><SampleRow>H</SampleRow><SamplePlate>1</SamplePlate><WellType>BUFFER</WellType><Concentration>-1</Concentration><ConcentrationUnits>µg/ml</ConcentrationUnits><MolarConcentration>-1</MolarConcentration><MolarConcUnits>nM</MolarConcUnits><MolecularWeight>-1</MolecularWeight><Temperature>30</Temperature><StartTime>336683</StartTime><AssayTime>20</AssayTime></CommonData><FlowRate>1000</FlowRate><StepType>CUSTOM</StepType><StepName>condition</StepName><StepStatus>OK</StepStatus><ActualTime>19.999</ActualTime><CycleTime>0.2</CycleTime><AssayXData Points="100">3/+LQ1gZjEPxMoxDi0yMQyVmjEO+f4xDWJmMQ/GyjEOLzIxDReaMQ9//jENYGY1D8TKNQ6xM
jUNFZo1D33+NQ1iZjUMSs41DrMyNQ0XmjUPf/41DmRmOQxIzjkOsTI5DRWaOQ99/jkN5mY5D
ErOOQ6zMjkNF5o5D3/+OQ1gZj0MSM49DrEyPQ2Zmj0Pff49DeZmPQxKzj0ORzY9DCuePQ9//
j0N5GZBDEjOQQ6xMkEMlZpBD33+QQ1iZkEMSs5BDrMyQQ0XmkEPf/5BDWBmRQxIzkUOLTJFD
RWaRQ99/kUNYmZFDErORQ6zMkUNF5pFDQQCSQ1gZkkPxMpJDrEySQ0VmkkPff5JDeZmSQxKz
kkOLzJJDReaSQ77/kkN5GZNDEjOTQ6xMk0NFZpND33+TQ3mZk0MSs5NDi8yTQ0Xmk0O+/5ND
mRmUQ/EylEOsTJRDJWaUQ99/lEN5mZRDErOUQ6zMlEMl5pRD3/+UQ1gZlUPxMpVDi0yVQ0Vm
lUODgJVDWJmVQ/GylUOszJVDJeaVQw==</AssayXData><AssayYData Points="100">nUD2vaaqG77BnyW+4EMsvhyZLb4s6i2+IHYsvp5nKL7c8Sq+8fknvhI0Jr4m8iS+Nwknvqpa
Jr49ICG+UkogvuXMIb4DZSO+fQsfvsUeHr51hx++h3cbvkELHb4MSxq+S4UZvtBDGb4GFxy+
1JUWvuYAF74/EBa+GAMZvvpMFr5HDRO+yt8WvvZ5Fr5uJxW+mHIWviSEEb7IQRK+IjYUvo/b
Er71QxO+pWEUvsv1Fb59QBS+JYcRvstyD753bhG+2K0NvioZD76HbQ6+flsNvsqsDL586Au+
EGIOvsnMEb4Zww2+7NgNvnn8D74fIw++1DYPvpFLC77sGAi+JzARvgIZEL7JbQu+S28LvtUu
Er6YSA++Nu8MvseyDL5lNQi+61QRvmf2DL6Zkgu+6zcNvoWzCb4TJgq+M8YKvqusCr5uWgq+
Ob4LvmF8C74yjw6+KzEMvh1XDb5esAa+THkJvr9kC76vQQy+q1YHvhywCr7k0Am++UsJvmK4
Cr6YCwi+arALvl7oBr4eiQq+Gc0Fvg==</AssayYData></Step><Step><CommonData><SampleLocation>3</SampleLocation><SampleID>Running Buffer</SampleID><SampleGroup></SampleGroup><SampleInfo></SampleInfo><SampleRow>H</SampleRow><SamplePlate>1</SamplePlate><WellType>BUFFER</WellType><Concentration>-1</Concentration><ConcentrationUnits>µg/ml</ConcentrationUnits><MolarConcentration>-1</MolarConcentration><MolarConcUnits>nM</MolarConcUnits><MolecularWeight>-1</MolecularWeight><Temperature>30</Temperature><StartTime>362671</StartTime><AssayTime>120</AssayTime></CommonData><FlowRate>1000</FlowRate><StepType>BASELINE</StepType><StepName>Baseline 120</StepName><StepStatus>OK</StepStatus><ActualTime>120</ActualTime><CycleTime>0.2</CycleTime><AssayXData Points="600">v/+VQ1kZlkPyMpZDjEyWQyVmlkOef5ZDOJmWQ9GylkNrzJZDBeaWQ57/lkNZGZdD0TKXQ2tM
l0MFZpdDnn+XQziZl0O3s5dDa8yXQyXml0O//5dDOBmYQ/IymENrTJhDBWaYQ55/mEM4mZhD
8rKYQ2vMmEMl5phDv/+YQ1kZmUPRMplDa0yZQwVmmUOef5lDOJmZQ/KymUNxzZlDJeaZQ57/
mUM4GZpD0TKaQ2tMmkMFZppDv3+aQziZmkPysppDa8yaQwXmmkOe/5pDWRmbQ9Eym0NrTJtD
JWabQ55/m0M4mZtD0bKbQ2vMm0MF5ptDnv+bQzgZnEPRMpxDjEycQwVmnEO/f5xDWZmcQ9Gy
nENrzJxDBeacQ7//nENZGZ1D0TKdQ2tMnUMlZp1Dnn+dQziZnUPRsp1DjMydQwXmnUO//51D
OBmeQ9EynkOMTJ5DJWaeQ55/nkNZmZ5D8rKeQ2vMnkMF5p5Dnv+eQ1kZn0PyMp9DjEyfQyVm
n0O/f59DWZmfQ/Kyn0OMzJ9DZ+afQ7//n0NZGaBD8jKgQ4xMoEMlZqBDv3+gQ1mZoEPysqBD
jMygQ0bmoEO//6BDWRmhQ/IyoUOMTKFDJWahQ79/oUNZmaFDE7OhQ2vMoUMl5qFDv/+hQ1kZ
okPyMqJDjEyiQyVmokO/f6JDWZmiQ/KyokOMzKJDZ+aiQ7//okM4GaND8jKjQ2tMo0PqZqND
v3+jQ1mZo0PysqNDjMyjQyXmo0Oe/6NDWRmkQ/IypEOMTKRDJWakQ55/pEM4maRD8rKkQ2vM
pEMl5qRDv/+kQzgZpUPRMqVDa0ylQwVmpUMhgKVDOJmlQ9GypUNrzKVDBealQwAApkNZGaZD
8jKmQ4xMpkMFZqZDnn+mQziZpkPRsqZDjMymQwXmpkOe/6ZDOBmnQ9Eyp0OMTKdDJWanQ55/
p0M4madD0bKnQ2vMp0MF5qdDv/+nQ1kZqEPyMqhDa0yoQwVmqEO/f6hDWZmoQ9GyqEOMzKhD
BeaoQyEAqUM4GalD0TKpQ4xMqUOIZqlDnn+pQziZqUPRsqlDa8ypQ2fmqUO//6lDOBmqQ/Iy
qkNrTKpDBWaqQ55/qkM4mapD8rKqQ2vMqkMF5qpDnv+qQzgZq0O3M6tDjEyrQwVmq0Oef6tD
OJmrQ9Gyq0NrzKtDBearQwAArEM4GaxD0TKsQ2tMrEMFZqxDnn+sQ1mZrEPysqxDa8ysQyXm
rEPg/6xDWRmtQ/IyrUOMTK1DJWatQ79/rUNZma1D8rKtQ83MrUMl5q1Dv/+tQ1kZrkPyMq5D
jEyuQ0ZmrkO/f65DPpquQ/KyrkOMzK5DJeauQ7//rkNZGa9D8jKvQ4xMr0MlZq9Dv3+vQ1mZ
r0Pysq9DjMyvQyXmr0O//69DWRmwQ/IysENrTLBDJWawQ79/sENZmbBD0bKwQ4zMsEMF5rBD
v/+wQzgZsUPyMrFDjEyxQyVmsUO/f7FDOJmxQ9GysUNrzLFDJeaxQ57/sUM4GbJD8jKyQ2tM
skMlZrJDnn+yQ1mZskPysrJDjMyyQyXmskOe/7JDWRmzQ9Eys0OMTLNDRmazQ79/s0NZmbND
0bKzQ2vMs0Ml5rNDnv+zQzgZtEPRMrRDa0y0QyVmtEO/f7RDWZm0Q9GytENrzLRDBea0Q57/
tEM4GbVD0TK1Q2tMtUMlZrVDnn+1Q/yZtUPysrVDjMy1QwXmtUOe/7VDOBm2Q/IytkOMTLZD
BWa2Q55/tkNYmbZD0rK2Q4zMtkMF5rZDnv+2Q1gZt0PSMrdD7ky3Q2dmt0Oef7dDWJm3Q9Ky
t0NrzLdDBea3Q7//t0M4GbhD8jK4Q2tMuEMmZrhDv3+4QziZuEPSsrhDa8y4QwXmuEOe/7hD
OBm5Q9IyuUNrTLlDBWa5Q+B/uUM4mblD0rK5Q2vMuUPJ5rlDv/+5QzgZukPSMrpDa0y6QwVm
ukO/f7pDeZm6Q9KyukNrzLpDJua6Q7//ukNYGbtD2DO7Q4xMu0MmZrtDv3+7Q1iZu0MZtLtD
jMy7Qybmu0O//7tDWBm8Q/IyvEOMTLxDJma8Q79/vENYmbxD8rK8Q4zMvENn5rxDQgC9Q1gZ
vUPyMr1DjEy9QyZmvUO/f71DWJm9Q9KyvUOMzL1DJua9Q7//vUNYGb5D8jK+Q4xMvkMmZr5D
v3++Q3mZvkPysr5DjMy+QybmvkO//75D3Bm/Q/Iyv0NrTL9DJma/Q55/v0NYmb9D8rK/Q4zM
v0MF5r9Dv/+/Q1gZwEPyMsBDjEzAQyZmwEO/f8BDWJnAQ/KywENrzMBDJubAQ57/wENYGcFD
8jLBQ4xMwUMmZsFDv3/BQziZwUPSssFDjMzBQwXmwUOe/8FDWBnCQ/IywkNrTMJDBWbCQ79/
wkNYmcJD8rLCQ2vMwkMm5sJDv//CQ1gZw0PSMsNDa0zDQyZmw0Oef8NDOJnDQ9Kyw0NrzMND
BebDQ7//w0NYGcRD0jLEQw9NxEMmZsRDv3/EQziZxEPyssRDmM7EQwXmxEOe/8RDWBnFQ/Iy
xUOMTMVDBWbFQ55/xUN5mcVD0rLFQ2vMxUMF5sVDhADGQ1gZxkPyMsZDa0zGQwVmxkOef8ZD
OJnGQ9KyxkOMzMZDBebGQ57/xkM4GcdD0jLHQ2tMx0MFZsdDv3/HQziZx0PyssdDjMzHQwXm
x0Oe/8dDOBnIQ9IyyEOMTMhDBWbIQ79/yEM4mchD0rLIQ4zMyENG5shDnv/IQzgZyUPSMslD
jEzJQwVmyUOef8lDWJnJQ/KyyUOMzMlDJubJQ7//yUNYGcpD8jLKQ4xMykPqZspDv3/KQ1iZ
ykPysspDjMzKQybmykMHActDWBnLQ/Iyy0NrTMtDBWbLQ79/y0NYmctD8rLLQ4zMy0Mm5stD
nv/LQ1gZzEPSMsxDa0zMQyZmzEO/f8xDWJnMQ/KyzEOMzMxDJubMQ7//zENYGc1D8jLNQ4xM
zUMmZs1Dv3/NQ1iZzUPyss1DjMzNQybmzUO//81DWBnOQ9IyzkNrTM5DJmbOQ79/zkM4mc5D
8rLOQ2vMzkMF5s5Dv//OQzgZz0PyMs9DjEzPQyZmz0O/f89DOJnPQ9Kyz0OMzM9DJubPQ57/
z0M4GdBD0jLQQ4xM0ENGZtBDv3/QQziZ0EPSstBDa8zQQwXm0EO//9BDOBnRQ/Iy0UNrTNFD
BWbRQ79/0UNYmdFD8rLRQ2vM0UMm5tFD</AssayXData><AssayYData Points="600">i2QLvpZqDL600Qi+LpoMvuvXCr6vsgi+PhIIvuqrA74QBwO+TyUFvts/Br7exgC+WDoHvrz0
B7486ga+nzICvuSRBL6GgQK+GyMCvl8hBb4AZAK+hXQEvt5VBL6xzwO+/pcFvtmCBL5qlPa9
y1ABvnfd/r2ZHAK+xsH8vRlcA75tFQC+iEsEvlkTAr74qQC+RakDvkhZAr7EVAG+iHoCvsiO
Ar6pHwK+nqIAvt33+73LkAG+DsH6vbtyAb4/A/u9uosCvsmBAL6EhgC+UX77vbmZ/L2Msvy9
BBD6vcjt/b0QvAC+3kD7vYeV/b0i+wG+k0L9vVow+73eXAC+WB34vW+G+71cGfi9xsUAvluJ
/L0WYf+9bhL8vVhyAL5MXQG+HCsBvpKh+L0PlwG+Spf8vXeQAb6fIgG+IsL9vbqW+b1MAwC+
bA/+vX0w+b3Wb/y94jkAvqHUAL68G/q98w/+vUJB/L085PS9a3j2vSF8+r3F7Pu9ACb6vXl3
/r2Sj/q9z0oAvgLe+L2xT/e9CtT7vUsQ+r0oKfy9XuT3veG9+L1dx/q9cQD+veDAAr6NXP+9
cW/7vVw1AL5lFPi9H27zvcZa8L025fS9gdv+vevP8r2xsvu95tb4vRs58r06DgK+otTzvclG
873gmQC+U3T7vc3W872bDPu9RFv8vWFG9L1ML/e91ST/vdVy+r3YKPe930z1vdV19r3aR/m9
buP1vXhM+b0xyfO9RuP/vXWO/L3KGf29aLL6vcOy+b2QFfK9PA8AvvsX9r1OtfW9FET/vUkZ
+r2bVfa9VIX5vcBC9r2r7Pu9ZcL1vYIj871YTva9fKz2vTQV+726SfG9t6f5vebc9b1RIfe9
jnf3veoR+72fT+29R3zyvQBp773XZPK9Par1vZjy973GzfG9mZj4vfG+9b3XlO+9SEDwvdTG
970zrve9SZPyvXU89b3I8Pq9se7uvcTo8r2ku/S9gQHuvX2I/L3Tu/a96mXxvQsW9L34PO69
T5n0vabF+L3cWPS9Vp/2vdHD/r23Y/m9PLfzvR/Y/L27tfa9+lDsvfdS8r1LZfa9wF/1vac5
7b35R/m9jTr1vVvn7b0tSvi9O9LtvVJr8b3t/e+9O0z0vSvC671dSO+9fcvzvZ/R8b2+ZvO9
kr3uvWCu971LsvG9gjP1vXn0673exO+9+uDzvdDY9r3Bqva9cojmvSTq8r2gfuy96YfvvaO9
8L24Cu69tCTvvQXn8L0qBeq9iHf1vYc96r0mwO+9BcLxvciq9r2+QPi9WQLqvdyS6b3T1+q9
Adjuvf7a971s3e+9FCzuvW2l7r0hjuu9NDzwvXHn8r2Ni+q957DwvdIj8L28EOq91lzqvdPT
8L1/e/G9iaPuvZVD671a1u+92V/wvdmE871Z7/S96F7vvZNl8L2Weui9OWjxvT8N671vc+m9
EUvuvT+q7b1VlfK9LxXqvZ729L0+cu+90VPsvfer8b33oPK96KzqvSjK8r1MsfG9tn/qvcJD
7L1i3+29lqLjvVhq9L10PvS9J0LtvSyC4b2nB+69R/7svYA+7r0YFuW9LBntvR+X6L18gui9
DDbrvTc16r3ux+u9X9nqvXrf7r2juvO90PHovcjt772NKeO9X+zsvfuH5r15Vum9vavsvRhe
5r3jSuy9JTLuvbJm6r3ahOq9qHbnvZlD8L0Np++9ncHrvW8J7L30F+a9EmDnvWr5571VZum9
/eTtvYzj6L2PS+m9gCvvva6H672OT/K97krkvYyl7708beq9NU7hvd0k7L3WoOS9hX7ovRpb
5b2j6Om92ljvvQ/B673TfO29gAnxvUc+673dD+29lsHqvZHP572Giei99uPqvWpV7r0e4+y9
PLLsvVSW770Il+y9xX3vvZQJ7L0TzOm9jnjnvbwH5b2L7OW9sqTpvWnM4b1fIuO9FcLqvXvJ
6b0f4ey9U9Lsvd2a5r369um9GGrlvRul6r0Adue9KirrvbJJ470mn+W9mQzpvccl571uh+29
FpXnvR7w6L1HxOu9VOTvvdQ+572AJeu98XXovWvx7b2yHOi9HMLivdkt6L3M5+a9GO/rvcoE
772mFOy9X23lvSyf9L2+G++9uY3rvbA06r1+lfO9y63mvfn76L0MWfK9PeTwvUiw772dyee9
T17qvb7F6b2XBeq9YXbnvUPC571V8OW9WizmvXxT6r2ndfK9IrrtvUVW7b1AP+29xL7ivWY6
7r2PieO9fgPqvTPx5L0swua98VvpvaKs471Nyum9xEntvZy55r3iz+e9AgzfvbYp5b1aheu9
oyXkvdgb57056eO9TYbmvVkh5b2FP+K9HdHsvb7o3r2CAOe9lVLnvbd16b0M1ee9UG7nvb70
570wbOm9jv3jvTzq570yw+W9R7TsvapH4732h+W9o6DmvZ835b21cuO9YGblvWwr672Xmuy9
+HPnvfCy471HFuK9+kDjvSKU5r2MuuK9I6LcvVHk673fUeu9O/blvSu23r3pJeK92DDtvXu7
371J7um9KcTmvQ+M5L0MROS9+tfovdC05L3Xaee98XvkvZf74r1f++S945vkvRJ6273+oua9
QsPqveOZ3b06V+W9Ey7evS/D573j+uC9nfTdvV7P4704Kuy98Drvvbin572Ax+q99hXpvVIM
2r0goeO9UILjvYba5L0Lxea94brivQ9X670OwN29IJTdvesx5r2omOW9BTXnvemb570vZt69
jf/hvS9j4b3IzuW9jCXsvRXI1r0Skt+9qAbevRZS4r0LHuK9ymTjvYZo5r2iG++9VUTjvdfv
7r04U+G9ohbuvTHd470xveS9kqvmvZ6M4L2w/uW99zfivVtU5L36k+G9Ayzevfnu371Eq+C9
x5bgvboW3b3mvd698s/dvZLz571M4+O9LunlvXpg5705n+a9NqDnvTFc4b3PP+q9jzTevWky
5L2Jg+S9BUHgvd5d7L26Vd69jNfjvZxJ4b0uEei9kkvnvYfc3b22rNe9OGvjvS1S5L2AkeK9
7cHdvZfl1r0gDui9Yi/nvR394r0dP+G9NEPevS36670Y8ea9o+rmvZxE6L2SuN+98LPbvUJL
570hpue9HTbjvWJk3L2TPuS9gEzkvauV5L2eoNy9E9nqvahs570geuS9IfnavSyl3r10KeW9
enDqvdO66L19vOC9a2XjvZRy371SLuq9</AssayYData></Step><Step><CommonData><SampleLocation>4</SampleLocation><SampleID>AB</SampleID><SampleGroup></SampleGroup><SampleInfo>in Running Buffer</SampleInfo><SampleRow>H</SampleRow><SamplePlate>1</SamplePlate><WellType>KLOAD</WellType><Concentration>0.15</Concentration><ConcentrationUnits>µg/ml</ConcentrationUnits><MolarConcentration>150</MolarConcentration><MolarConcUnits>nM</MolarConcUnits><MolecularWeight>-1</MolecularWeight><Temperature>30</Temperature><StartTime>489441</StartTime><AssayTime>20</AssayTime></CommonData><FlowRate>1000</FlowRate><StepType>LOADING</StepType><StepName>Loading</StepName><StepStatus>OK</StepStatus><ActualTime>19.999</ActualTime><CycleTime>0.2</CycleTime><AssayXData Points="100">wP/RQzkZ0kPSMtJDbEzSQwZm0kPAf9JDWpnSQ9Ky0kONzNJDJubSQ8D/0kNaGdND0jLTQ2xM
00MmZtNDwH/TQ1qZ00PSstNDjczTQybm00PA/9NDORnUQ9Iy1ENsTNRDqWbUQ8B/1ENamdRD
0rLUQ2zM1EMm5tRDn//UQ1oZ1UPSMtVDjUzVQyZm1UPAf9VDOZnVQ/Oy1UONzNVDJubVQ8D/
1UM/GtZD8zLWQ41M1kMGZtZDwH/WQ1qZ1kPzstZDjczWQwbm1kPA/9ZDWhnXQ/My10ONTNdD
BmbXQ59/10M5mddD87LXQ2zM10MG5tdDwP/XQ1oZ2EPzMthDbEzYQwZm2EOff9hDWpnYQ9Ky
2EONzNhDJubYQ5//2EM5GdlD8zLZQ65M2UMGZtlDn3/ZQzmZ2UPzstlDbMzZQwbm2UNDANpD
ORnaQ9Iy2kNsTNpDBmbaQ8B/2kNamdpD0rLaQ43M2kMG5tpDwP/aQzkZ20PSMttDbEzbQwZm
20Off9tDWpnbQ76020NszNtDBubbQw==</AssayXData><AssayYData Points="100">4l/2vUmJ8r0Vs+e9YvLovfeb7r1MXem9KNXnvQgJ7L1cWuS9vZbjvcye7b0Biu69Of7kvXb7
6L39Td+9rbHpvR5F472OeOC9GFbjvchh7L1vWt69uB3jvXP56L29/ey96Tnivfen5r1SN969
igPlvb/z4b2IFuW9iFXhvbdL3L3nRt69jvjgvVaP5711M+W9pkbovV6A5r2niOS9z2XivbVB
5L1ix929FVrnvbK/3b3iBua92sbmvaFW5L1sSN298fzovQd34730WNu9TJnevX823r2Y/OG9
b3TjvQ0V3r1N6+G9ifngvQai3730wea9w17ivcwX4L1juOC9b1ndvR1U4L2cDt+9KJ/pvSIH
3r0Zltm95Pfive422b1Kr929o9TYvTiO3r1KU+C9p1/bvc2l3r37Xd69dannvZcl271eIOC9
w57dvV4C470I1d29j6rZvfmM3b0zqNi9fSvgvXH33L2eqOW9pL7fvWIa1r2letu9IlXdvU/G
272E4t69aSXevZAq4r1iZd69xzrhvQ==</AssayYData></Step><Step><CommonData><SampleLocation>5</SampleLocation><SampleID>BB</SampleID><SampleGroup></SampleGroup><SampleInfo></SampleInfo><SampleRow>H</SampleRow><SamplePlate>1</SamplePlate><WellType>BUFFER</WellType><Concentration>1.25</Concentration><ConcentrationUnits>µg/ml</ConcentrationUnits><MolarConcentration>1250</MolarConcentration><MolarConcUnits>nM</MolarConcUnits><MolecularWeight>-1</MolecularWeight><Temperature>30</Temperature><StartTime>516901</StartTime><AssayTime>60</AssayTime></CommonData><FlowRate>1000</FlowRate><StepType>BASELINE</StepType><StepName>Baseline 60</StepName><StepStatus>OK</StepStatus><ActualTime>59.999</ActualTime><CycleTime>0.2</CycleTime><AssayXData Points="300">oP/bQzoZ3EPTMtxDTEzcQwZm3EOgf9xDOpncQ9Oy3ENMzNxD5uXcQ3//3EMZGd1DsjLdQ21M
3UMGZt1DoH/dQzqZ3UOyst1DTMzdQ+bl3UN//91DOhneQ7Iy3kNMTN5DBmbeQ39/3kMZmd5D
srLeQ23M3kMG5t5Df//eQzoZ30PTMt9DTEzfQwZm30Ogf99DGZnfQ9Oy30NMzN9D5uXfQ3//
30MZGeBDsjLgQ0xM4EMGZuBDoH/gQxmZ4EOysuBDTMzgQwbm4EOg/+BDOhnhQ7Iy4UNtTOFD
5mXhQ39/4UMZmeFD07LhQ0zM4UOW6OFDf//hQxkZ4kOyMuJDTEziQ+Zl4kN/f+JDGZniQ7Ky
4kNMzOJD5uXiQ3//4kMZGeNDsjLjQ0xM40PmZeNDoH/jQxmZ40OysuNDTMzjQwbm40N//+ND
GRnkQ7Iy5ENMTORDBmbkQ6B/5EMZmeRDsrLkQ23M5EMG5uRDf//kQxkZ5UOyMuVDbUzlQ+Zl
5UOgf+VDOpnlQ9Oy5UNtzOVDBublQ6D/5UM6GeZD0zLmQ21M5kMGZuZDf3/mQzqZ5kPTsuZD
bczmQwbm5kOg/+ZDOhnnQ9My50NtTOdD5mXnQ6B/50M6medD07LnQ23M50MG5udDoP/nQzoZ
6EPTMuhDbUzoQwZm6EN/f+hDOpnoQ7Ky6ENMzOhD5uXoQ6D/6EM6GelD0zLpQ21M6UMGZulD
f3/pQzqZ6UPTsulDTMzpQ+bl6UN//+lDGRnqQ9My6kNtTOpD5mXqQ6B/6kM6mepDsrLqQ23M
6kMG5upDoP/qQzoZ60PTMutDbUzrQwZm60N/f+tDOpnrQ7Ky60NMzOtDQOrrQ3//60MZGexD
sjLsQ0xM7EMGZuxDoH/sQ/6Z7EPTsuxDtM3sQ+bl7EN//+xDOhntQ9My7UNtTO1DBmbtQ39/
7UM6me1DsrLtQ23M7UMG5u1DoP/tQzoZ7kPTMu5DbUzuQ+Zl7kOgf+5DOpnuQ7Ky7kNMzO5D
BubuQ6D/7kMZGe9DsjLvQ0xM70MGZu9Df3/vQxmZ70Oysu9DTMzvQ+bl70N//+9DGRnwQ7Iy
8ENMTPBD5mXwQ39/8EMZmfBD07LwQ0zM8ENI5vBDoP/wQxkZ8UOyMvFDbUzxQ+Zl8UN/f/FD
GZnxQ7Ky8UNMzPFD5uXxQ3//8UMZGfJDsjLyQ0xM8kPmZfJDf3/yQxmZ8kOysvJDTMzyQ+bl
8kN///JDGRnzQ7Iy80NtTPND5mXzQ39/80M6mfND07LzQ23M80MG5vNDoP/zQzoZ9EPTMvRD
bUz0Q+xm9EOgf/RDOpn0Q9Oy9ENtzPRDBub0Q6D/9EM6GfVD0zL1Q21M9UPmZfVDoH/1QzqZ
9UPTsvVDbcz1Qwbm9UOg//VDOhn2Q9My9kNtTPZDBmb2Q6B/9kM6mfZD07L2Q0zM9kMG5vZD
oP/2QzoZ90PTMvdDTEz3Q+Zl90Ogf/dDGZn3Q9Oy90NtzPdDBub3Q3//90NaGfhD0zL4Q0xM
+EMGZvhDoH/4QzqZ+EPTsvhDTMz4Q+bl+EOg//hDOhn5Q9My+UNtTPlDBmb5Q6B/+UM6mflD
srL5Q0zM+UPm5flD</AssayXData><AssayYData Points="300">gzoqPpVWNT4xoTs+bVY4Pnj2PT5iDTw+nu4/PnXZOz4lhz0+rAQ4PlgJOj7koTo++3M8PgXo
OT7Q3T8+/oQ6PvSuOT6nwjw+z/U4PpKWOD7SfTk++6c5PiGkOD7MFDk+lJI4PgM5OD4TODk+
1+U7PnodNz5wNjY+JnE7Pg4EOz6jpDk+e645PgtfOj7Shjk+O8k5PnEPOj5Dfjw+2kU5PsTc
Nz7JKzk+CMg4PpM7Nz7fTTM+yc89Ppp1Oj4CCjk+cVI4PhFbOj5+ijk+AZM4PrjcNj6QPTk+
+sM1PrMzOD6hpTg+guw5PnfgNT4hBDs+ulAzPlSQNT4iGzk+DZI0Pv24Nz69iTE+CWA4Pnm4
Mj6b3Dc+GFs0PtWIND6bfzU+Z6IzPogIND57jDc+9mYzPo11NT4UKTc+l8g1PpYiOT5WETU+
3o06PrzkOT7kvTQ+q0o1PmjjMz62kDQ+IAo2PpLbND4r7jY+CEQ2PnbSMz5VUTY+PfwxPsjF
Mz6TSDQ+RGw2Pm9kNj4IDDY+gxY0PvfbMj4m7DI+9/4zPjExNT69RTE+ZVAxPv6mMD7pDDI+
Wq8zPgibND7roDM+JW0yPkWfLj4axjI+sYs2PnpdND5mRDU+5JAzPp8UMT5+hTE+HG41Pubu
MD5zUTE+L/sxPiR0MT4szy8+bzI1Pjw8Mj4JKDA+674wPoiSLD4E9i0+pNkwPqqDLj7CKDA+
RUUxPqatLz4q3y4+4lgxPs8nLT5+hC4+PoMtPl3NMT6iADA+xsMpPgGLLj4SlzE+ry0sPvMV
Lj7nbjA+t/IsPntPKz467So+fDgvPu2xKz70IS8+Mz4tPl7gLz4SGjE+6bMsPpl8LD7FETA+
jWQsPiHyMD5ZNSo+fy0tPnMjLT7egyo+NSYpPgpzKj4e5Ss+LyYoPs9eKj4xxyw+qKkrPo/X
KD5D5Cs+HFYpPs+mKz6LLCo+5JEqPtCQKT6T8Co+erUqPvOEJT7JvC0+84QsPtBqKz5GPys+
6J0oPpx/Kj6T8Sc+19cnPnuHKT6frys+W0grPoDvKD4TxCc+JQQnPne3Kz44nik+b2UqPjTv
KD6jaig+NncsPiM8KD4++iQ+yygoPh2VKj4RwyY+V3wkPtAhJj7pKyY+8CkkPmtjKD47LyM+
9i8mPr6kKD4b2CI+pugkPuRyJT6QdCI+NRopPmyyKD5mcCI+HwgmPhguJj6x2yU+9gAiPnoO
Jj7fRyI+a7QgPuUxJD604iU+BwcmPgs8KD5jpCY+aE4nPimeIz7l+iM+uLInPs3QIj6PMSE+
V8AlPu8qIz7t5CI+u0ElPntQIj48/SI+dvIlPr5cIz6uCyc+ooEhPtUHIz7ykSI+dSYlPj15
Ij62/yM+hTImPuRpIj4rCyE+lkAlPvhCJz7u5iQ+5+AgPm79IT7VRiM+tVIiPuwNHz6zeiI+
TRMhPqhMID6r3x4+HEUePqCEID5LhCE+lxcjPuNCID4f4CA+OL8fPoouIz4qpyA+q3UiPg6c
Hz7N/h0+HFMgPteoHj6P6x0+sCAgPtRlIj4cRCA+BD4cPkWTHz6pYCA+AjchPtdVHD5erB8+
+akhPvzxHD50WB0+</AssayYData></Step><Step><CommonData><SampleLocation>6</SampleLocation><SampleID>Running Buffer</SampleID><SampleGroup></SampleGroup><SampleInfo>in Running Buffer</SampleInfo><SampleRow>H</SampleRow><SamplePlate>1</SamplePlate><WellType>BUFFER</WellType><Concentration>-1</Concentration><ConcentrationUnits>µg/ml</ConcentrationUnits><MolarConcentration>-1</MolarConcentration><MolarConcUnits>nM</MolarConcUnits><MolecularWeight>-1</MolecularWeight><Temperature>30</Temperature><StartTime>584704</StartTime><AssayTime>20</AssayTime></CommonData><FlowRate>1000</FlowRate><StepType>BASELINE</StepType><StepName>Baseline 20</StepName><StepStatus>OK</StepStatus><ActualTime>20</ActualTime><CycleTime>0.2</CycleTime><AssayXData Points="100">gP/5Q/kY+kOzMvpDTUz6Q+Zl+kOAf/pD+Zj6Q7Oy+kNNzPpDxuX6Q4D/+kMaGftDszL7Q01M
+0PmZftDgH/7QxqZ+0OSsvtDTcz7Q+bl+0OA//tDGhn8Q7My/ENNTPxDxmX8Q4B//EMamfxD
s7L8QyzM/EPm5fxDX//8QxoZ/UP1Mv1DTUz9Q+Zl/UOAf/1D+Zj9Q7Oy/UNNzP1DxuX9Q1//
/UP5GP5DszL+QyxM/kPmZf5DX3/+QxqZ/kOSsv5DLMz+Q+bl/kOA//5DGhn/Q5Iy/0NNTP9D
5mX/Q4B//0P5mP9Ds7L/Q03M/0PG5f9DgP//Q3wMAERJGQBEFiYAROMyAETGQABEjUwARFpZ
AEQmZgBE43IARLB/AESNjABESZkARBamAETjsgBEwL8ARHzMAERJ2QBEFuYARPPyAETA/wBE
fAwBRFoZAUQWJgFE4zIBRMA/AUSNTAFEelkBRBZmAUTjcgFEsH8BRHyMAURJmQFEJqYBROOy
AUSwvwFEfMwBREnZAUQW5gFE8/IBRA==</AssayXData><AssayYData Points="100">PMI4vbhQ0L3ei/y9u8wHvqr2Dr4e/BC+mm8RvvHnDr5sLQ2+rAsLvrEZDb7SWxC+9dUKvhe2
DL4Mfgi+MkUIvjbkB76HHwW+8REEvmb1Bb6FEwS+BYEDvlcj/r1/XwG+t9AGvhXrAb5rNwK+
q+4Avvx//L0tBQO+wvf8vYIW/r3+8v69BJz9vXhj/r15cgK+gNL3vcf1/70xYf29bhIBvuza
+L0YMPq9kfsCvrkO/L24lf69xd/8vSIz9r1ZigC+5AD1veZx7r132fy9J+/6vfn0/722Ove9
fPf5vZ6SAb7Ebfe9Yzf1vUWC/r2EafG9eaTzvWuW+b3H0/K9yyz5vZX16r2NT/O9XfD1vYR/
9b3TEvK9H5f2vXeu8r0vfuu911HxvTyx8r2ge/W9oUD1vUiH7L0tBP+9/77wvQfJ8L0TrfG9
LxTzvUuW8b1+y/G9vcX4vdNw8b3Q6Ou9Gu/0vXts8L2GtfW9ZLnvvd35672ICO+9JCLwvchi
+L2LyfC971/3vUlQ870Q7fK9BIjzvQ==</AssayYData></Step><Step><CommonData><SampleLocation>7</SampleLocation><SampleID>aKappa 50ug/ml</SampleID><SampleGroup></SampleGroup><SampleInfo></SampleInfo><SampleRow>H</SampleRow><SamplePlate>1</SamplePlate><WellType>KSAMPLE</WellType><Concentration>-1</Concentration><ConcentrationUnits>µg/ml</ConcentrationUnits><MolarConcentration>-1</MolarConcentration><MolarConcUnits>nM</MolarConcUnits><MolecularWeight>-1</MolecularWeight><Temperature>30</Temperature><StartTime>612978</StartTime><AssayTime>120</AssayTime></CommonData><FlowRate>1000</FlowRate><StepType>ASSOC</StepType><StepName>Association</StepName><StepStatus>OK</StepStatus><ActualTime>120</ActualTime><CycleTime>0.2</CycleTime><AssayXData Points="600">wP8BRI0MAkRaGQJEFiYCROMyAkSwPwJEfEwCRFpZAkRoZgJE43ICRFOAAkR8jAJEYJoCRBam
AkTjsgJEsL8CRHzMAkRa2QJEJuYCROPyAkSw/wJEfAwDREkZA0QWJgNE4zIDRLA/A0SNTANE
WlkDRBZmA0TjcgNEsH8DRI2MA0RJmQNEJqYDROOyA0TAvwNEjcwDREnZA0TK5gNE4/IDRMD/
A0R8DARESRkERBYmBETzMgREsD8ERHxMBERJWQREJmYERONyBESwfwREjYwERFqZBEQmpgRE
87IERMC/BESNzAREWtkERCbmBETz8gREwP8ERI0MBURaGQVENyYFREUzBUTAPwVEjUwFRFpZ
BUQmZgVE83IFRLB/BUSNjAVEepkFRCamBUTzsgVEwL8FRI3MBURa2QVEJuYFRPPyBUTx/wVE
jQwGRFoZBkQmJgZE8zIGRMA/BkR8TAZEWlkGRCZmBkTzcgZExoAGRI2MBkRamQZEJqYGRPOy
BkTAvwZEjcwGRFrZBkQm5gZE4/IGRMD/BkR8DAdESRkHRHgmB0TjMgdEwD8HRHxMB0RJWQdE
JmYHRPNyB0TAfwdEfIwHRFqZB0QmpgdE87IHRMC/B0R8zAdESdkHRCbmB0Tj8gdEsP8HRI0M
CERJGQhEFiYIRPMyCESwPwhEjUwIRFpZCEQWZghE83IIRMB/CESNjAhEWpkIRBamCETjsghE
sL8IRHzMCERa2QhEFuYIRPPyCESw/whEfAwJRJsZCUQWJglE8zIJRLA/CUSNTAlESVkJRBZm
CUTjcglEsH8JRHyMCURJmQlEFqYJROOyCUTAvwlEjcwJRFrZCUQW5glE4/IJRLD/CUR8DApE
WhkKRBYmCkTzMgpEsD8KRHxMCkRJWQpEFmYKRONyCkSwfwpEfIwKREmZCkQWpgpE47IKRMC/
CkR8zApESdkKRCbmCkRm8wpEsP8KRHwMC0RaGQtEFiYLROMyC0TAPwtEfEwLRElZC0QWZgtE
83ILRMB/C0SNjAtEWpkLRBamC0TzsgtEwL8LRI3MC0Ra2QtEJuYLRPPyC0TA/wtEjQwMRFoZ
DEQmJgxE8zIMRMA/DETfTAxEWlkMRCZmDETjcgxEwH8MRI2MDERamQxEJqYMRPOyDETAvwxE
g80MRFrZDEQW5gxE8/IMRMD/DESdDA1EWhkNRCYmDUTzMg1EwD8NRI1MDUTtWQ1EFmYNRI10
DUTAfw1EfIwNREmZDUQmpg1E87INRMC/DUR8zA1Em9kNRCbmDUTj8g1EwP8NRI0MDkRaGQ5E
JiYORPMyDkTAPw5EIE0ORFpZDkQmZg5E83IORLB/DkSNjA5EWpkORBamDkTzsg5EsL8ORHzM
DkRa2Q5EFuYORPPyDkSw/w5EfAwPRFoZD0QWJg9E4zIPRLA/D0SNTA9EWlkPRCZmD0Tzcg9E
sH8PRI2MD0RJmQ9EFqYPRKezD0TAvw9EfMwPRFrZD0QW5g9EO/QPRLD/D0TvDBBESRkQRBYm
EETjMhBEsD8QRHxMEERJWRBEFmYQRONyEESwfxBEfIwQRFqZEEQWphBE47IQRLC/EER8zBBE
SdkQRBbmEETz8hBEsP8QRHwMEURJGRFEJiYRROMyEUSwPxFEfEwRRElZEUQWZhFE43IRRLB/
EUR8jBFESZkRRBamEUTjshFE8b8RRHzMEURJ2RFEFuYRROPyEUSw/xFEfAwSRGoZEkQWJhJE
4zISRLA/EkR8TBJESVkSRHhmEkTjchJEwH8SRI2MEkRJmRJEN6YSRPOyEkTAvxJEjcwSRFrZ
EkQm5hJE8/ISRLwBE0SNDBNEWhkTRCYmE0TzMhNEwD8TRI1ME0RaWRNEJmYTRPNyE0TAfxNE
jYwTRFqZE0QmphNE87ITRMC/E0R8zBNEWtkTRCbmE0Tz8hNEsP8TRI0MFERJGRREJiYURPMy
FESwPxREjUwURFpZFEQWZhRE83IURMB/FESNjBRET5oURCamFEQUsxREwL8URI3MFERa2RRE
JuYURAr0FEQYARVEjQwVRFoZFUQmJhVE8zIVROE/FUR8TBVEWlkVRCZmFUTjchVEwH8VRI2M
FURamRVEJqYVROOyFUTAvxVEjcwVRHrZFUTK5hVE4/IVROH/FUR8DBZESRkWRCYmFkTzMhZE
sD8WRHxMFkRaWRZEFmYWRPNyFkTAfxZEjYwWRFqZFkQWphZE47IWRLC/FkSNzBZESdkWRBbm
FkTj8hZEsP8WRHwMF0RJGRdEJiYXRPMyF0SwPxdEfEwXRElZF0Q3ZhdE83IXRMB/F0R8jBdE
WpkXRBamF0TjshdEsL8XRHzMF0Ra2RdEFuYXROPyF0Sw/xdEvgwYREkZGEQWJhhE4zIYRMA/
GER8TBhESVkYRBZmGETzchhEwH8YRHyMGERamRhEJqYYRPOyGESwvxhEfMwYRFrZGERH5hhE
uPMYRLD/GESNDBlESRkZRBYmGUTjMhlEwD8ZRHxMGURJWRlEN2YZRONyGUTAfxlEMY0ZREmZ
GUQmphlE87IZRMC/GUS0zRlEWtkZRCbmGUTz8hlE0P8ZRI0MGkRaGRpEJiYaRPMyGkTAPxpE
jUwaRFpZGkQmZhpECnQaRMB/GkSNjBpEWpkaRCamGkTzshpEwL8aRI3MGkRa2RpEJuYaRPPy
GkTA/xpEjQwbREkZG0QWJhtE4zIbRMA/G0TvTBtESVkbRCZmG0TzchtEQ4AbRI2MG0RJmRtE
FqYbROOyG0RDwBtEjcwbREnZG0Qm5htEbPQbRMD/G0SNDBxESRkcRCYmHETzMhxEsD8cRI1M
HERaWRxEJmYcRPNyHETAfxxEfIwcRFqZHEQmphxE87IcRMC/HER8zBxErNkcRBbmHETz8hxE
sP8cRI0MHURJGR1EJiYdRPMyHUSwPx1EfEwdRElZHUQmZh1E43IdRMB/HUR8jB1ESZkdRBam
HUTjsh1EwL8dRHzMHURa2R1EJuYdRPPyHUSw/x1EfAweRJsZHkQWJh5E4zIeRLA/HkR8TB5E
SVkeRCZmHkTjch5EsH8eRO+MHkRJmR5EeKYeRPOyHkTAvx5E38weREnZHkQW5h5E4/IeRLD/
HkR8DB9ESRkfRBYmH0TzMh9EsD8fRHxMH0RJWR9EJmYfRONyH0Swfx9EfIwfREmZH0SZph9E
47IfRLC/H0R8zB9ESdkfRCbmH0Tz8h9E</AssayXData><AssayYData Points="600">tGWFPRTz2z0g+Pg98MMGPtYZBj6ckwc+LUEJPlofCD6IXQo+BsoCPioZBz6gSwQ+luoDPhiX
AD5RFgI+5zAAPpcT/T2zev49wjH7Pbw9/D1hfPU9bfz6PTjS9z1FU/c9WNzzPdVS9D0OuvM9
Q4PtPdlm7j0zRuk9MCHuPWcu6D3V8OI9NQ3YPa3S3z3Axeg94P7gPeJE5j3tU9o9j+noPcK6
5D1MaOA9GWTdPYPS3T1gweQ98WHbPZdu1j3zdeA9cd7iPUAC4T3bLdw9gfvXPWY83D0VCNE9
z2nKPdYz1z3+kNI97MzQPeaz2D2/OdA93qjMPcrB2T0mbMc9TSjSPRhgzz3KBcs9oMHOPYt4
xz1wMsc9V+rFPbaTxz2o39E9uGbFPavvyz1P8cw95gnMPdUqxz1KUcM9ldvFPUtRyj2U3Mw9
5ZfGPW4sxT33qMM96vq+Peltxj1LOr092LXEPdrBwz1RSsE9VhC/Pf7zvT1anrk9p32+Pd+A
uT02hrw9covAPTNctz14sMM9M2S3PbzDuz08EL09Fle3PdjIuz04/7w9fVy5Pd9muz1hn7c9
P2m5Pd9Ctj1zF7M9UpC/PUPurT1eSrs9wdO4Pf1atT39e7Y959O0PUKltD0PuLI9SO20PRwl
tD1qirA9XcKwPcfmtD1BjLU9TwmyPfm1rj2keqk9iHW0PRwxpj1jPak9aEqxPUu0pD03Sas9
kiOjPeKppz0dwq49gEKsPSjeqj2GpbA9WUelPTQ7pj0Ms6s9e/SmPboDsD3+caE93jOsPel8
qT3We6Q9jVygPY/TqD0tsKc9AIOjPaFMoD0aOKE9KuimPb0Noz1e+KA9ZmWfPXn9nz1mtJ89
OXuePRYZoz1c4p494h+dPdGwqT3MeJs905OZPbvrmj2vk5k9lyehPeYVnT0kwJg9vqiUPYF5
nD1U8Zw9zz+ZPTqslj2dW5g95V+ePaWVmD1Gwps9Km+XPbHKmz0fcJk9RquXPbytnT2r6Zc9
dKWZPailmD01rpU9NS6aPUdslz3GWZg9YXCgPVT5kD3qC489q7eUPcFXkD0JMpc9okSUPfrw
kT2fXJE9QxCNPXdHjj0DII89rUWUPSqrjD3DB449g/iQPe3ojD20YpQ955OPPcHjiz0NDIk9
7AiPPUfvjT1Jzpc9ld6KPeI4jT35tZA9kdmMPeAvjD1pt349XIGMPX/Rez0+z409++6JPZ7J
kj3/aok9iwaDPV3JiT1D/og9EweIPYL5iT2GhY09eo2JPbUTjD0fEYk9M8GFPSuvcj2MqIc9
WDuKPcsIfz0A2IM9WTaJPaNggz2cOYU9HsWIPQK0iD2LAYI9TqmIPfiFhj2XAoQ95VaBPSZL
iD3kZIU96KKCPXGGhz29w4E9Kt+IPZGzhD0xuYA9K/2CPX6HdD3B73Q9g9eDPbqkhT00HYU9
7MeIPc9zgD2ZoXk9QaR1PRpHgT3xqnc9RBOFPYoEez3uYnk9CLaAPYLrdj3Hvm891oyAPZl1
cT3f/mg9ah18PUf4bz3pEXI9O7N+PWXIbz0r+nc9ItdwPaOHez1FQ3c9nc57PQq/cz3/PXM9
fst4PaxDbT210XA9BudjPfLwdz3XJ3I9GWx7PQndZD2VRnM9l15xPQtOYT1HnG49z3ZrPZ5X
dj04A2M9lPZfPeyCcD3fZ2k9BzBmPZA5cT1Cc189zYhRPRgmYT27IV89KxxePapCbT1ur1o9
NxVjPekLZz3mwHY9/9RVPcPmZj0PNXE9V0RiPYtoXj1v/WM9iVRaPbxdaT0ULWI9ndpbPdOf
XD0OF1w9GAFqPVFTWT3eyF89uctYPVMtUz1r3GI9TyRaPdBDWj0olFs9m7BaPeqHaD0KOlw9
EqdbPbjUTT0xWkw9N2ZTPdpsXD0NoVU9Pj9WPdOcVj0Ce0E9k2ZVPbvUVT2lL1g96VRaPaAj
XD3KXGA9KyFHPTmeVT0cWEs9XDFZPewxSz0orVM97dFNPX3GSD0pTUo91fpNPTzzTz2zZEw9
UW1IPRqoWD3aiVE9LU1PPX9JRz0vD1M9USJDPQTxSD1tczg9j99KPXT8PT2cFU09U3FKPQHz
RT246VA9HpVFPV/oUT3L01k9wuA2PZM8QT1HKDM9Xu1MPV7SUT2cZkQ9Kgk/PVnlRT199z89
j2Y5PbiiUT3YETs9t4A/PQ2+Rz2Dm089XvBCPdkMOz0hnTc9MdZBPR8WMj3EZT89WDsyPUv5
QD30eS49tvBKPTdHST0tAEc9ktMvPTMPTT2+CzI9Qy5DPUdqMD2hxzU9j6s5PdI1Qz3oAzg9
+m84PUsLOD0DPzo90R46PVm6NT3kqzA9q8Q6PZ47MT15sD89KqsyPTK2Oj0phi09jB85PeZn
ND3WFU092uAuPYb+LT2FxzI9zjs0PXvJIT355CU9/tkrPbC/KD1r9Tc99XM8PWq4LT1KsiI9
daUpPcl3Kj3eKTU9ecIwPWknMT0HsSw9sQIpPfuMID2epio9FFAxPYBsND20SCU9hUoNPWZi
Fz0DsiM9B4YoPSouJz0ViDQ9wBssPbNgJz3TQx89Wj8oPTWOHz1M6CM9jVErPfcaGj263Sk9
uNElPS1rIz2hmCE9xmoaPaFPJD0sMx89U0kpPYT3Jj1+JBo9KcUtPf7OKj1M1xY9LjIbPX/7
JD04bR49Yp4lPQ29ET3xFBc9IBEbPX++Ij0opxo9qN0RPbR9Gj1ntiI9P/IcPdejJT1WER49
k3QJPVu1JD3pqBQ9ajQoPfcaGj0jzRU9F0AePaukHz1WSRc9k7ckPY6YHT3KoRc9GYMWPUWn
Fz3Inxk91TEOPbosJT0T3hU9PY0UPc0kDD0uQRY9EY8fPaVvFz1cnRI92IoWPcldHD13Jx89
4RgVPYBgDz3x7A89aawHPbV9ID3FdBA9c/gXPRbOGz1TmhE9X0QBPaE7DD2PKhE9vT0EPdnU
Fj1bkwQ9QL8IPSVBBj1xhAY95mQEPRR1Cj3Fev48LD4NPQwcBD2P0Rk9LKURPS3ZAz0TOxU9
/MgdPc5v/jxMRA49c38DPVxYBD1ltxQ9p7z9PJRWAD1aBAY9UX0YPaekED1tRxE92wX6PGwN
/DwDpAM99M7oPJjL8Tz46wg9Gt8MPVZM6TzLHwI9cT4PPRjg7TzBRA49Ko4IPUmpBz0uBPk8
7aoAPQrjAD1f2v08nSX3PCoH+zwLEf88</AssayYData></Step></KineticsData></ExperimentResults>
