<?xml version="1.0" encoding="UTF-8" standalone="yes"?>
<ExperimentResults><ExperimentInfo Name="20250917 PE P5216 - 5377 plate 2 kappa 50 ugl"><ExpDescription>AHC example method - full characterization&#13;
Analyte titration series with reference channel</ExpDescription><RTDVersion>2.0</RTDVersion><RunID>D3453E7F-D910-462D-B051-2D13E2863725</RunID><ExperimentType>KINETICS</ExperimentType><ExperimentSubType>KBASIC</ExperimentSubType><StartDateTime>2025-09-17T15:40:23</StartDateTime><MachineName>BN7KX12</MachineName><UserName>octet</UserName><LotNumber></LotNumber><PlateName>250917</PlateName><PlateName2></PlateName2><SensorName>G2</SensorName><SensorPlate>1</SensorPlate><SensorType>AHC (Anti-hIgG Fc Capture)</SensorType><SensorRole>LIGAND</SensorRole><SensorInfo></SensorInfo><WritingSW>DataAcquisition.exe 11.0.2.1</WritingSW><InstrumentType>OctetRED96</InstrumentType><InstrumentSerial>FB-50284</InstrumentSerial><InstrumentFW></InstrumentFW><IntegrationTime>2.3</IntegrationTime><DSPType>CPF</DSPType><DSPStitching>1</DSPStitching><HasManifest>1</HasManifest><InfoHash>884671051</InfoHash></ExperimentInfo><AssayParamsInfo/><KineticsData><Step><CommonData><SampleLocation>1</SampleLocation><SampleID>Running Buffer</SampleID><SampleGroup></SampleGroup><SampleInfo></SampleInfo><SampleRow>G</SampleRow><SamplePlate>1</SamplePlate><WellType>BUFFER</WellType><Concentration>-1</Concentration><ConcentrationUnits>µg/ml</ConcentrationUnits><MolarConcentration>-1</MolarConcentration><MolarConcUnits>nM</MolarConcUnits><MolecularWeight>-1</MolecularWeight><Temperature>30</Temperature><StartTime>612978</StartTime><AssayTime>180</AssayTime></CommonData><FlowRate>1000</FlowRate><StepType>BASELINE</StepType><StepName>Baseline 1</StepName><StepStatus>OK</StepStatus><ActualTime>179.998</ActualTime><CycleTime>0.2</CycleTime><AssayXData Points="900">bxKDOqjGSz66Scw+EFgZP83MTD8AAIA/cT2aP28Ssz8IrMw/okXmP2IQAEBqvAxAmpkZQARW
JkAzMzNAAABAQM3MTECamVlABFZmQNEic0AAAIBAZmaGQJzEjEAzM5NAaJGZQM/3n0C0yKZA
nMSsQDMzs0BokblAYhDAQDVexkDNzMxAMzPTQGiR2UDP999ANV7mQJzE7EACK/NAaJH5QM/3
/0AzMwNBTmIGQYGVCUG0yAxBkxgQQRsvE0FOYhZBgZUZQbTIHEHn+x9BMzMjQWZmJkGBlSlB
zcwsQef7L0EbLzNBTmI2QYGVOUHNzDxB5/s/QRsvQ0EIrEZBmplJQbTITEEAAFBBGy9TQeF6
VkGamVlBzcxcQQAAYEEzM2NBZmZmQZqZaUHNzGxBAABwQTMzc0FmZnZBmpl5Qc3MfEEAAIBB
mpmBQTMzg0HNzIRBZmaGQQAAiEGamYlBMzOLQc3MjEFmZo5BAACQQY2XkUEzM5NBzcyUQWZm
lkEAAJhBmpmZQWQ7m0HNzJxBZmaeQQAAoEGNl6FBMzOjQc3MpEFmZqZBAACoQZqZqUEzM6tB
zcysQWZmrkEMArBBmpmxQTMzs0HNzLRBZma2QQAAuEGamblBMzO7Qc3MvEFaZL5BAADAQZqZ
wUEnMcNBwcrEQWZmxkEAAMhBCKzJQTMzy0HBysxBZmbOQfT9z0GamdFBJzHTQc3M1EFmZtZB
9P3XQY2X2UEzM9tBwcrcQWZm3kH0/d9BjZfhQScx40HNzORBWmTmQfT950GNl+lBJzHrQc3M
7EFaZO5BAADwQZqZ8UEnMfNBwcr0QWZm9kEAAPhBmpn5QScx+0HNzPxBZmb+QQAAAELNzABC
k5gBQmBlAkIzMwNC+v4DQtPNBEKTmAVCYGUGQi0yB0L6/gdCbecIQpOYCUJgZQpCLTILQvr+
C0LHywxCk5gNQmBlDkItMg9C+v4PQsfLEEKamRFCYGUSQi0yE0L6/hNCx8sUQpOYFUJgZRZC
LTIXQvr+F0LHyxhCk5gZQmBlGkIzMxtC+v4bQvLSHEKamR1CYGUeQjMzH0L6/h9Cx8sgQpqZ
IUJmZiJCLTIjQgAAJELNzCRCk5glQmZmJkIzMydCAAAoQs3MKEKamSlCZmYqQjMzK0IAACxC
zcwsQpqZLUJmZi5CMzMvQgAAMELNzDBCrJwxQmZmMkIzMzNCDAI0QlrkNEKamTVCbWc2QjMz
N0IAADhCzcw4QpqZOUJgZTpCMzM7QgAAPELNzDxCk5g9QmBlPkItMj9CAABAQs3MQEKTmEFC
ZmZCQlI4Q0IAAERCzcxEQpqZRUJmZkZCMzNHQvr+R0LHy0hCk5hJQmZmSkIzM0tCAABMQs3M
TEKamU1CZmZOQi0yT0L6/k9CzcxQQrKdUUJgZVJCMzNTQvr+U0LNzFRCmplVQmBlVkItMldC
+v5XQsfLWEKTmFlCZmZaQjMzW0IAAFxC081cQpqZXUJmZl5CZDtfQvr+X0LTzWBCmplhQmBl
YkItMmNCAABkQs3MZEKamWVCZmZmQi0yZ0L6/mdCzcxoQr6faUJgZWpCLTJrQgAAbELNzGxC
k5htQmBlbkItMm9CBgFwQs3McEKTmHFCYGVyQi0yc0IAAHRCzcx0QpOYdUJmZnZCMzN3QgAA
eELHy3hCmpl5QmBlekItMntC+v57Qs3MfEKamX1CYGV+Qi0yf0L6/n9C42WAQs3MgEKwMoFC
F5mBQn3/gULjZYJCzcyCQrAyg0IXmYNCff+DQuNlhEJKzIRCsDKFQheZhUJ9/4VC42WGQkrM
hkKwModCF5mHQn3/h0LjZYhCSsyIQrAyiUKynYlCAACKQuNlikLNzIpCsDKLQpqZi0IAAIxC
ZmaMQs3MjEIzM41CmpmNQgAAjkJmZo5CzcyOQjMzj0KamY9CAACQQmZmkELNzJBCMzORQpqZ
kUIAAJJCZmaSQs3MkkIzM5NCmpmTQgAAlEJmZpRCzcyUQjMzlUKamZVCAACWQuNllkLNzJZC
MzOXQpqZl0IAAJhCZmaYQs3MmEIzM5lCmpmZQgAAmkJmZppCzcyaQjMzm0KamZtCAACcQmZm
nELNzJxCsDKdQpqZnUIAAJ5CZmaeQkrMnkIzM59CmpmfQgAAoEJmZqBCzcygQjMzoUKamaFC
AACiQmZmokLNzKJCsDKjQpqZo0IAAKRCZmakQs3MpELDNaVCmpmlQn3/pUJmZqZCSsymQrAy
p0KamadCff+nQuNlqEJcz6hCsDKpQheZqUIAAKpCZmaqQkrMqkIzM6tCF5mrQgAArEJmZqxC
zcysQjMzrUKama1CAACuQuNlrkLNzK5CMzOvQpqZr0J9/69C42WwQkrMsEIzM7FCF5mxQn3/
sULjZbJCSsyyQrAys0KambNCff+zQmZmtEJKzLRCsDK1QheZtUIAALZC42W2QkrMtkKwMrdC
F5m3QgAAuELjZbhCSsy4QrAyuUIXmblCff+5QmZmukJKzLpCsDK7QpqZu0IAALxCZma8Qs3M
vEKwMr1CF5m9Qn3/vULjZb5Czcy+QjMzv0IXmb9CAADAQmZmwEJKzMBCMzPBQheZwUIAAMJC
42XCQkrMwkIzM8NCmpnDQgAAxELjZcRCzczEQjMzxUKamcVCiQHGQvxpxkLNzMZCMzPHQpqZ
x0IAAMhCZmbIQs3MyEIzM8lCmpnJQgAAykJmZspCzczKQjMzy0KamctCAADMQmZmzELNzMxC
MzPNQpqZzUIAAM5CZmbOQs3MzkIzM89CmpnPQn3/z0JmZtBCe9TQQrAy0UKamdFCff/RQmZm
0kLNzNJCMzPTQpqZ00IAANRCZmbUQkrM1EIzM9VCmpnVQgAA1kJmZtZCzczWQjMz10IXmddC
AADYQmZm2ELNzNhCMzPZQpqZ2UIAANpCZmbaQs3M2kKwMttCmpnbQn3/20JmZtxCSszcQjMz
3UKamd1CAADeQuNl3kLZzt5CMzPfQpqZ30IAAOBC42XgQs3M4EIzM+FCmpnhQgAA4kLjZeJC
SsziQrAy40IXmeNCff/jQmZm5ELNzORCsDLlQqab5UIAAOZCZmbmQs3M5kIzM+dCF5nnQn3/
50LjZehCXM/oQjMz6UIXmelCff/pQuNl6kJKzOpCsDLrQpqZ60IAAOxCZmbsQkrM7EKwMu1C
F5ntQn3/7ULjZe5CzczuQrAy70IXme9Cff/vQmZm8ELNzPBCMzPxQheZ8UJ9//FC42XyQs3M
8kI/NfNCmpnzQn3/80JmZvRCzcz0QrAy9UKamfVCff/1QmZm9kJKzPZCsDL3QheZ90J9//dC
42X4QkrM+EKwMvlCmpn5Qn3/+ULjZfpCzcz6QjMz+0IXmftCPQr8QuNl/EJKzPxCMzP9QpqZ
/UIAAP5CZmb+Qs3M/kIzM/9Cmpn/QgAAAEMzMwBDZmYAQ5qZAEPNzABDAAABQzMzAUNmZgFD
mpkBQ83MAUMAAAJDMzMCQ2ZmAkOamQJDzcwCQwAAA0PyMgNDZmYDQ5qZA0PNzANDAAAEQzMz
BENmZgRDmpkEQ83MBEPXAwVDMzMFQ2ZmBUOamQVDkc0FQwAABkMzMwZDZmYGQ5qZBkOLzAZD
AAAHQzMzB0NmZgdDmpkHQ83MB0MAAAhDMzMIQ2ZmCENYmQhDi8wIQwAACUPyMglDi2wJQ1iZ
CUPNzAlDAAAKQ/gzCkNmZgpDWJkKQ83MCkMAAAtDMzMLQyVmC0NemgtDi8wLQ77/C0MzMwxD
JWYMQ5qZDEOLzAxDvv8MQ/IyDUMlZg1DWJkNQ4vMDUMAAA5D8jIOQyVmDkM1ng5Di8wOQwAA
D0PyMg9DJWYPQ1iZD0OLzA9Dvv8PQzk0EENmZhBDmpkQQ83MEEO+/xBD8jIRQ2ZmEUNYmRFD
i8wRQ77/EUPyMhJDqGYSQ1iZEkOLzBJDvv8SQzMzE0NmZhNDWJkTQ4vME0O+/xND8jIUQyVm
FENYmRRDzcwUQ77/FEMzMxVDrmcVQ1iZFUOLzBVDvv8VQ/IyFkOoZhZD25kWQ4vMFkMAABdD
8jIXQyVmF0NYmRdDi8wXQ77/F0MzMxhDZmYYQ1iZGEOLzBhDAAAZQ3UzGUNmZhlDWJkZQ+zR
GUMAABpD8jIaQyVmGkNYmRpDzcwaQwAAG0MzMxtDZmYbQ5qZG0PNzBtDAAAcQzMzHENmZhxD
mpkcQ83MHEMAAB1DMzMdQ2ZmHUOamR1DzcwdQwAAHkMzMx5DZmYeQ1iZHkOLzB5DAAAfQzMz
H0NmZh9DmpkfQ83MH0MAACBDMzMgQ2ZmIEOamSBDi8wgQ77/IEMzMyFDmG4hQ5qZIUPNzCFD
AAAiQzMzIkNmZiJDmpkiQ83MIkMAACNDMzMjQ2ZmI0OamSNDzcwjQwAAJEMzMyRDZmYkQ5qZ
JEPNzCRDBgElQzMzJUMlZiVDWJklQ83MJUMAACZD8jImQ2ZmJkOamSZDzcwmQwAAJ0MzMydD
qGYnQ5qZJ0PNzCdDvv8nQzMzKENmZihDmpkoQ4vMKEMAAClD8jIpQ2ZmKUNYmSlDzcwpQwAA
KkMzMypDZmYqQ1iZKkPNzCpDAAArQzMzK0MlZitDmpkrQ4vMK0NOAixD8jIsQyVmLEOamSxD
i8wsQwAALUPyMi1DJWYtQ5qZLUOLzC1Dvv8tQzMzLkNmZi5DmpkuQ83MLkO+/y5D8jIvQyVm
L0NYmS9Di8wvQ77/L0P4MzBD8GcwQ5qZMEOLzDBDvv8wQ/IyMUNmZjFDWJkxQ83MMUMAADJD
8jIyQyVmMkOamTJDi8wyQ77/MkPyMjNDqGYzQ5qZM0OLzDND</AssayXData><AssayYData Points="900">AAAAABkKDDt3hlc7qt2FO/6MzDqLIYY75DySOv+KpTptOdE68PxvOzXCdzvxwrY7fO2DO3BK
ZTuSus07rJujO4BfxDss+Cw8dTq9O1SXzjtbZLY7Cu2vO6KO5TuAqgQ8H+LeOoflUju+QeE7
jrruOtakTjtebAw7n0D2O9HVFTzsLqs7SGu0OsPWvjsiWyk8bRnIO9L7+zttz6U7EukGPG+8
bTs4OaE7BPkHPBme0zu6M147OimvOxHGVTvVJlo7RQSjO6Qt5jv4qww8UjiYO0DDCDzkALM7
yTX7O7RpGDzaByA8590fPL0tPTwWpzE8nXHNO23qTTwfTYs7ZjUwPHKkDjzq0gk8nR5RO8bV
lDv/MSI83YoSPETBADyHSA08qy0cPPp9CjzbbhI85cyfO6rEAjzqgP072z/XO7QoFjytDhw8
n5AQPCupGTyfvro7/wwdPAkqkDyPdSg8+A/4O9qHLjxBAMg71QMSPGBzKjwqPCw8pko4PNcz
JTw2C7Q74ToiPKD2Czyl2FM8dJxAPCJxrzvu0FI8jg7rO8VeLTy8nFk8e4YqPKdABjx5LzU8
+6TYO3UPQDzGZww8dWxMPJpFOTwW5gQ8qyE4PFbCEDyk6gk8REU3PLd70TuwvXA87XoePKiy
PzwJIXk8DBkvPBKQHTyaJ0A81OVnPK62YTx6Yg888i0sPMkqczzmfxk899hSPDjJVzwOVyg8
nAk7PPcXUjyTclY8dOFTPMiWZTwM+E48VUI3PHvoRzzq5zw8BvE5PEIKQTymIhM8FfkYPPOn
LDz2k0o839ZLPLQ3PDzo5Tc8FN1dPETsTzyEgic8f1lXPJnyJzzSYYg8F2hGPJdsODxkB4U8
N+xAPPeXhDzVXyM8FRt7PDTGgDwIG1M8eTROPJ7NdjxMC4U8ksFNPJ8/FjyEY4Y8Cn8+PLbw
NjypqIk8Q/dsPNeEMDx3zGw8X4d3PFrTYjzSJRk8ttApPLcQnzxjrYs8VPaOPBT4hDwo1X08
CrGVPCxNhTx8VJk8Wr1oPJBGbTw16WI8heA7PFOtQzxWsF4844xbPNStmjwxUKs8FUJvPBYk
jzzVtHw8OmmaPGVffjypV2k852Z0PAywTDyVgXc8yIBxPGy9mzxm7IE8Ma6KPGVSgjzImoM8
z75yPO6NlTwJqZM8tul1PKqOZzzk1W88nAlKPOYMiTyy5IQ8EW6ZPOiGYDyJ1KA8VuR3PGMW
bTyanZk8KcaEPI1EnDyd6po8jyqkPHGEezwLlYE8gOqFPGbXljw/Cpg8PJsyPPb9lTwsiHY8
AvCJPCOObzzS/Jk8wKFwPGUjjzwKboc8h76FPHAmhjyV/Yw8MaSpPF01kDxCiog869eHPKYg
gTwso4M8w6hXPEFinjzGlZM8yIqKPJV3bzyn/Dw8WoWNPKbKlzw6+0U8HXiePHc0njw19Z88
tSSSPPiblzxinpQ8wdx6PIYtlzxqoX08Mu6TPCMwjzxJf448RvFHPH/gmjymTmQ8zH+mPNxd
oTy3YIs8PamWPNxDkTycrZw8lwKnPN+rnTxeVJ08QnW/POBNpTxjIJw8KTGVPJrJnzwnArM8
M0J+PP1ZhTwz9a88cYZyPIG/hzzb57A8w8O8PCuSjTxw6qk8fwmPPEfmpjxhe608MzODPNWl
ezxD+qA8RneXPAKiizwTGoA8XsGhPBmrpjyu4Yo8W5WXPOZXizy5iqA8RAiWPJ+7oTw1HKg8
nS69PCxRkzyXAbU80zWcPJfgmjzXHLA856SxPFBfpzzS5KA8SDSNPJLLhTwQv7w8wzuYPHDa
wDybRcg8aACvPBPHmjzSSK88RwySPNirlTwJeZQ8su55PGxjuDy36o48qdWGPFpirjwA4po8
6bGzPJ1mvDxAdas8NzXBPBJKnTx/cp08ngHBPB1ksTyezpk82j2cPDNCqTyCTKs8bpGpPNzQ
oDyKTqQ8pW+kPB53qTwgWZw8mrvIPGQspjyBors8kEmcPI7NlzzK9qY8ByWkPERypDxbqqE8
3kGbPEPFpjzBQ7c8wMqqPO+BvjxB4rA8p5mmPELQxTwLN5g8swWdPPSRmzxNoLY8HarJPDOQ
szx+47g8KQmoPPwHojxEirY89ZycPIJhsDzEU6s8lIm0PFlgrjzl7Jc80EqpPMDYwzweQdA8
oe64PPvZsTzG3Zc8vneyPMRSqTyk5J886seYPB3f3TwRP6Y8OWewPFRqsjyhm7k8LPSzPIeO
nzyNONE846GzPLH4qjx5gKM8zJOXPEy2izz5X8Q8pHS/PPx1wDxXp6I8Fq6MPAycsTwwibo8
mgq3PFIuuzxY24o8tViEPH1xrDwb/cs8hpDKPKBB3DzPXa88jqC6PCnUvDzAdqA85VeqPEVm
uDz9F7I8TZa2PCyNvDyzoNA8/8vPPPMBzzwQjb08okTIPFXKvjw7A9k8HsalPFP0sjyNUaQ8
78uLPD5QuTzPBb08uxSvPFRDvjyBf608RALDPCNarjzbrLU8sXLIPIFBtjw1iKs8nySQPPY6
mzzOsa8882SxPB0DqjwtKMM8E4LHPBMzpDwhlLM8fMytPOnNsTxVRLA8IUC9PA+5nTwlHqc8
dMWlPFVIvTzhK7Y8qoLLPG0DnDzPw7E8ykitPJnmpTzuY7o83rOsPA6qjjxymrM8m5nfPH7w
zTypgco8TQLVPPjzrzxU8708i4zUPH63yDwA3NI8vxrEPIXhpDzz5LI8JhnSPFATuDwU0sc8
/oOrPIeYwzycnsI8xRysPBJuyTy1/qM8z8CxPK2kpjwDYbA889DKPBXsvDzwW7U8hXyrPPa8
nTw5Qbc8hYzDPFPB3Tyd+8I82ZrcPLlnuDzEsqk8HmzMPFDyqjyBy9Q8deauPMrhszzb16I8
wgS2PMDtzTzLCKE8ab/KPIKNwzwAF9E807i5PE/3wDykG6E89VvdPMnqzTwZbt48k52jPNVk
szxQNtk80zuyPGsnzjynX9I8VSncPHk1szz3OMI8rDfNPAGZxzySpaI82RqvPGirzzyTR6s8
UqLNPEwHtzxq0r88ItHRPHBquTzId6o8fcG2PABRrTyvXcY8/uWZPKs+sDxxZ7E8M7iwPIlv
szyMdZo86pHtPNTfyTwxWrY8L1W6PCVhsjxz8LI8QefSPAWrxTxE0tY8bj3IPEyixTw0L9w8
WYfcPJ7wxTx2uss8yJ/NPMPPzDw7oqo84ETWPHQlvTwXmNo8lN7EPDVZzzygAMA89mvAPIzx
wTynSM889P66PDKLyzxdMqU8uW+rPNegyjxlxrQ88Te7PEGftDyO8Pc85AXBPPPGwzy7buc8
9si9PNduxzy+rqs8CPjKPPAswTwe3cU8w+PHPNJXqzxzM9s84q/sPJOKrjx9orE8OcbFPCLP
xTwIkNI8OgDpPKrDpjzNKco84AO7PJwTszz4yNg8c86+PGzrtTy6r7s8jti0PDO62DwO98o8
e9PpPPP8xzyLfso8OsevPKFaxjwuj648EWbWPIW1rjzYLdk89PqkPNVA2zwOXtw8YPjLPAKO
yTyJZq88atTOPG/vuDxqH8A8laXUPCmY2zzEYNI8PjK5PGgduDz3PaY8LVPqPMe2pTwsmdw8
06bBPNs4zzw3pOY8ByjlPHUutDwMd8E8r1THPCRE4DxJwdY8F3i9PGKEyjwJstU8z9TNPD60
wjzZbbo8UbbZPKMJyjxtFcE87BumPArzvjznlNA8wqbZPEahyjyXx6M8YvzKPL0+sDxXYsE8
o4uvPCVbmTy3zcg8tRWgPHj9rTz8m8k8cWW6PEjxxTxYfss8zebGPBbJ3DyoPu88HKjUPH7J
sDyF+ME8zP7FPOiCvzwKdcA8LTm8PKXxzTyzM8Y8uwDTPJWayDxhrsc8KRDMPJuOxjyTBMc8
Mz3CPAT19Txvs+M8MKHZPEKs3zzWXsQ8ggTUPA3xzDz9R+A8x+XbPA+wuzwF69A8mELIPPvs
zzwqz988YmXFPB584DwBqtI8ParYPEi3xzyYPsI8qEbuPDWUyDxmy9E8Ua3fPMvd0TyWnbs8
T76qPIODvTzzwL08IfjKPB9eyDwUZM08Z6e1PIGRwDzkyuo8VNXuPOalwTxu1LE8gandPKVD
rzwrzbo8iV3CPBDszDyegsM8dCzXPLf01Twfs9w8twDWPBt+xjxnj8E8r+7aPNx08Txta788
WMD8PDA10zzhsso814CvPP5h5zzsJLs8QpC8PIwwzzw3INA8IAW/PH6/AD3nn7g8swHCPIlW
zjw4A8w8lfi2PI7qzzwaB9c8Uiq7PD64yjwB7tE84iDJPLkZyzyWTcw8yZTqPLz33TyWdtU8
ysbaPH0Fzzw5b7c8NoiyPFYl5jz66dQ8vmDVPAUrwTyzBtE8zNzlPKp10jyW28k8E260PPQq
wjy34LM8HIPMPBxT0DzXoto8koToPKFxzDwHxc88Zz7mPAdT7jwSkMw8D3/LPL670zywL+c8
ehPLPAyX6DwhEr08ehjjPAksvTxBAMI8DXy4PPiuyDyKZdg8+vvhPKnbzDzLCAI9A37oPFUH
0jwgPts8GbnrPLrS1DwTo9k84Sr4PKdbzjzN+8Q8gYXcPLfS7jxxZ9Y87InBPH7R2zwa8eQ8
p7nbPNgxvjxsWdw879bfPPt52DyMfcw8euL0PKoK9jxB8+o8ZoDrPG80wDyzWtQ8iAzTPHo6
3jxbRtY8c4LnPJFR1zwgI7Q8lNLlPCYEqDwn5/Y80KfhPPV14jw48eY8K4PKPMfW7jytjeI8
nbbUPD57Az1/pc48gsbfPJP35TwOQOQ8OeDsPIVN0zzYNOo8</AssayYData></Step><Step><CommonData><SampleLocation>2</SampleLocation><SampleID>10mM Glycine pH1.7</SampleID><SampleGroup></SampleGroup><SampleInfo>or other Regeneration solution</SampleInfo><SampleRow>G</SampleRow><SamplePlate>1</SamplePlate><WellType>REGENERATION</WellType><Concentration>-1</Concentration><ConcentrationUnits>µg/ml</ConcentrationUnits><MolarConcentration>-1</MolarConcentration><MolarConcUnits>nM</MolarConcUnits><MolecularWeight>-1</MolecularWeight><Temperature>30</Temperature><StartTime>969224</StartTime><AssayTime>20</AssayTime></CommonData><FlowRate>1000</FlowRate><StepType>CUSTOM</StepType><StepName>condition</StepName><StepStatus>OK</StepStatus><ActualTime>20</ActualTime><CycleTime>0.2</CycleTime><AssayXData Points="100">vv8zQ/EyNEPjZTRDFpk0Q0nMNEN8/zRDsDI1QyRmNUMWmTVDScw1Q3z/NUOwMjZDJGY2QxaZ
NkNJzDZDAAA3Q7AyN0PjZTdDFpk3Q0nMN0O+/zdD8TI4QyRmOENYmThDi8w4Q77/OEPxMjlD
JGY5Q1iZOUOLzDlDvv85Q/EyOkMkZjpDWJk6Q4vMOkO+/zpD8TI7QyRmO0MWmTtDScw7Q77/
O0PxMjxDJGY8Q1iZPEOLzDxDvv88Q/EyPUPjZT1DWJk9Q0nMPUO+/z1D8TI+QyRmPkNYmT5D
i8w+Q77/PkPxMj9DJGY/Q1iZP0OLzD9Dvv8/Q/EyQEMkZkBDWJlAQ4vMQEO+/0BD8TJBQyRm
QUNYmUFDi8xBQ77/QUPxMkJDJGZCQ1iZQkOLzEJDvv9CQ/EyQ0MkZkNDWJlDQ4vMQ0O+/0ND
sDJEQyRmRENYmURDi8xEQ3z/REPxMkVD42VFQxaZRUPMzEVDvv9FQ7AyRkMkZkZDWJlGQ0nM
RkN8/0ZD8TJHQ+NlR0MWmUdDi8xHQw==</AssayXData><AssayYData Points="100">s5JAvssCDr4yxuS9O4vMvURrur3AErm97mu2vfwwv70pocy91ezTvYh22L1wYuS9Ra3lvfbQ
672FcPG9rRH8vdQTBL57mwO+fjcGvq+rDb5cHBC+q/QOvjieE74LLBS+saAXvuMcHL5BkBy+
5IMivvOOIL5x0CK+FYAovgO2Jr7IwSe+U6Aqvnr/Lr7nvS++rYIyvkksMb4OCDG+QzE6vuJk
Ob7WOja+UbQ6viSYPr4hqzq+LW9Bvs2jQL6qSEC+QNlBviPRQr6gcki+/c9FvkFDSL5aWkm+
vxRMvoZDSb65z0y+f1RMvlaSUb57rVK+cQdQvr2KUL6qSFK+8TdUvl6fU76kZla+uiNXvvqn
WL54nlm+VjxavkVJXL5mYGC+AbJevrdsYb4G8V2+ZhRevu+8Xr4ZRWO+06JhviPtYr6jt2O+
Q6NkvlJ5ZL4BEmq+/oppvoJtab71f2u+7wFrvoBibr5w63G+IBNsvlMucr7z73O+uEpsvpbx
cr57oXC+AyB1vqDTcb4EpXe+uux2vg==</AssayYData></Step><Step><CommonData><SampleLocation>1</SampleLocation><SampleID>Running Buffer</SampleID><SampleGroup></SampleGroup><SampleInfo></SampleInfo><SampleRow>G</SampleRow><SamplePlate>1</SamplePlate><WellType>BUFFER</WellType><Concentration>-1</Concentration><ConcentrationUnits>µg/ml</ConcentrationUnits><MolarConcentration>-1</MolarConcentration><MolarConcUnits>nM</MolarConcUnits><MolecularWeight>-1</MolecularWeight><Temperature>30</Temperature><StartTime>994887</StartTime><AssayTime>20</AssayTime></CommonData><FlowRate>1000</FlowRate><StepType>CUSTOM</StepType><StepName>condition</StepName><StepStatus>OK</StepStatus><ActualTime>20.02</ActualTime><CycleTime>0.2</CycleTime><AssayXData Points="100">vv9HQ7AySEPjZUhDFplIQ0nMSEN8/0hDsDJJQ+NlSUOfmklDi8xJQ3z/SUOwMkpDJGZKQ1iZ
SkNJzEpDfP9KQ7AyS0PjZUtDFplLQ0nMS0N8/0tDsDJMQ+NlTEMWmUxDScxMQ3z/TEOwMk1D
42VNQxaZTUNJzE1DfP9NQ7AyTkMkZk5DFplOQ0nMTkO+/05D8TJPQyRmT0OZmU9DScxPQ77/
T0PxMlBDJGZQQ1iZUEOLzFBDvv9QQ/EyUUMkZlFDWJlRQ4vMUUO+/1FD8TJSQyRmUkNYmVJD
i8xSQ77/UkP3M1NDJGZTQ1iZU0OLzFNDQQBUQ/EyVEMkZlRDWJlUQ8zMVEO+/1RD8TJVQyRm
VUNYmVVDi8xVQ3z/VUPxMlZDJGZWQ1iZVkOLzFZDvv9WQ/EyV0OoZldDXppXQ4vMV0N8/1dD
sDJYQyRmWEMWmVhDi8xYQ77/WEOwMllD42VZQ1iZWUOLzFlDvv9ZQ/EyWkPjZVpDWJlaQ0/N
WkO+/1pD8TJbQ+NlW0MWmVtDqtFbQw==</AssayXData><AssayYData Points="100">ilXUvOHpgL22vJ29y2epvX4crL05WK+9Gp+nvWT2qb0VkqK9GSmZvenznL2jVJa9IbKTvRp/
k73AAo69AcyMvRl4kL3uIoO9GaaFvRfcg71jdny9YgV5va6ffr3nv3e9hSSDvQEzY718UmS9
Z39yvUOYaL36jlu9HfpZvf/jYr0lunK9PkNQvfPZWb2M8GK9dUVgvS6gV71n/FG9U1pgvSex
Ub1rM129+CtBvXlPPr17llG9k+tKvWVmO71mmTq9/6JEvVnONr35VTy9jxNBvSlVPb0FM0G9
eVRIvUxiO72jd0i9NwIrvaixPb19hzu9jJ0zvYjOQ73Zuy69dc4xvbRaNL3ZzjC92Dc5vYPl
L72W2SW9DJs7vSuyNb0n4ia9Isg3vXeDK708VSO9WPQqvfhtIb1fWh292SAlvcPsIL0j2iO9
EtExvRp/Kr0Kcye93/0jvS0vKL0i1xe9MOkivey8Hb3avRW916oRvZqLHr1RpBu99r4tvR9g
H72VCSW9lZARvQLgJL3hYyO9UWshvQ==</AssayYData></Step><Step><CommonData><SampleLocation>2</SampleLocation><SampleID>10mM Glycine pH1.7</SampleID><SampleGroup></SampleGroup><SampleInfo>or other Regeneration solution</SampleInfo><SampleRow>G</SampleRow><SamplePlate>1</SamplePlate><WellType>REGENERATION</WellType><Concentration>-1</Concentration><ConcentrationUnits>µg/ml</ConcentrationUnits><MolarConcentration>-1</MolarConcentration><MolarConcUnits>nM</MolarConcUnits><MolecularWeight>-1</MolecularWeight><Temperature>30</Temperature><StartTime>1020670</StartTime><AssayTime>20</AssayTime></CommonData><FlowRate>1000</FlowRate><StepType>CUSTOM</StepType><StepName>condition</StepName><StepStatus>OK</StepStatus><ActualTime>20</ActualTime><CycleTime>0.2</CycleTime><AssayXData Points="100">3QRcQ883XEMCa1xDNZ5cQ2jRXEObBF1DEDhdQwJrXUN3nl1DaNFdQ5sEXkPPN15DQ2teQ3ee
XkOq0V5DmwRfQ883X0MCa19DNZ5fQ2jRX0ObBGBDEDhgQwJrYEM1nmBDaNFgQ5sEYUPVOGFD
AmthQ3eeYUPr0WFDmwRiQxA4YkNDa2JDd55iQ6rRYkPpBmNDEDhjQ0NrY0N3nmNDqtFjQ90E
ZEMQOGRDQ2tkQ3eeZEOq0WRD3QRlQxA4ZUNDa2VDd55lQ6rRZUPdBGZDEDhmQ0NrZkN3nmZD
qtFmQ90EZ0PPN2dDQ2tnQ3eeZ0Oq0WdD3QRoQ1I4aENDa2hDd55oQ6rRaEMlBmlDEDhpQ0Nr
aUN3nmlDqtFpQ90EakPPN2pDQ2tqQzWeakOq0WpD3QRrQxA4a0PTbWtDd55rQ6rRa0PdBGxD
EDhsQ0NrbEN3nmxDqtFsQ90EbUMQOG1DAmttQ3eebUNo0W1D3QRuQ883bkMCa25DNZ5uQ2jR
bkPdBG9DzzdvQ0Nrb0M1nm9DqtFvQw==</AssayXData><AssayYData Points="100">B1eUvhvhb74G0E++nl88vqLMM74y3DG+5jAzvlPjML4ZsDW+8yc2vh1zO76VCj2+F/I/vqYY
Qb6E4kO+flNDvsPWSL5YbEi+sURNvhy7T77hD1O+j3JUvsQsUb58U1i+okxTvjIxV74sKlu+
QAJgvrynXL4Ut12+MRBfvgg0Yr5mSGC+62hhvuATY74fiWK+KLhkvtXCaL5Y+2G+ywBqvojY
aL5jHmy+6Fdrvjxib77YFnC+FTJtvt9Scb5ZW3C+3q51vhxtcr6kjW++dmp5vqqgc74tvHi+
GFJ1vstaeb5ql3i+EwZ8vtF3dr4tfnm+b8Z+vmsBe768Un++z66AvtDBfr71UIK+2nl8vkQG
fr6TIIC+1P2AvmVvfr4A3IC+XXqBvubwgb4h/4S+mOSDvke6gr5z/4G+cT+EvokshL49K4W+
ptuDvsLAhL63JoS+EQmGvvEJhb5/6IW+fgyHvjpehr4ZyoS+EJqHvlmdhr5dPIi+AD+JvoHp
ib7MGYm+4kSFviWDiL7mXYq+88mHvg==</AssayYData></Step><Step><CommonData><SampleLocation>1</SampleLocation><SampleID>Running Buffer</SampleID><SampleGroup></SampleGroup><SampleInfo></SampleInfo><SampleRow>G</SampleRow><SamplePlate>1</SamplePlate><WellType>BUFFER</WellType><Concentration>-1</Concentration><ConcentrationUnits>µg/ml</ConcentrationUnits><MolarConcentration>-1</MolarConcentration><MolarConcUnits>nM</MolarConcUnits><MolecularWeight>-1</MolecularWeight><Temperature>30</Temperature><StartTime>1046339</StartTime><AssayTime>20</AssayTime></CommonData><FlowRate>1000</FlowRate><StepType>CUSTOM</StepType><StepName>condition</StepName><StepStatus>OK</StepStatus><ActualTime>20</ActualTime><CycleTime>0.2</CycleTime><AssayXData Points="100">3QRwQ883cENDa3BDNZ5wQ2jRcEPdBHFDEDhxQwJrcUM1nnFDqtFxQ90EckPPN3JDAmtyQ3ee
ckOq0XJDmwRzQ883c0NDa3NDd55zQ6rRc0ObBHRDzzd0QwJrdEN3nnRDqtF0Q90EdUMQOHVD
Q2t1QzWedUNu0nVD3QR2QxA4dkNDa3ZDNZ52Q7bTdkObBHdDzzd3QwJrd0N3nndDaNF3Q90E
eEPPN3hDAmt4QzWeeENo0XhDmwR5Q883eUMCa3lDNZ55Q6rReUObBHpDzzd6QwJrekM1nnpD
qtF6Q90Ee0NSOHtDAmt7QzWee0No0XtDJQZ8Q883fEMCa3xDNZ58Q2jRfEObBH1DEDh9QwJr
fUM1nn1DaNF9Q90EfkPPN35DAmt+QzWefkOq0X5DmwR/Q883f0MCa39DNZ5/Q6rRf0NOAoBD
5xuAQ6I1gEM7T4BD1WiAQ26CgEMInIBDorWAQzvPgEPV6IBDbgKBQwgcgUOiNYFDO0+BQ9Vo
gUNugoFDCJyBQ6K1gUM7z4FD1eiBQw==</AssayXData><AssayYData Points="100">RwvLvLUhgb3GX629GR7Ave1hwr08mMm9Gq/KvS+7xr05wMO9dqW8vUARub1tMLm9W/O3vcAj
sL1H5rm9Sn6vvRWEqL3snaW9G3egvabFob1uIJ+9d6ajvXeApr0uQ6C95tScvasqor3qEaG9
v5GfvW+RlL3R54+9/wKVvRqMlL0rbJe9eOaQvZ9GoL3rAo+9fTOLvTY6mb1kPZC98I6MvTLN
kr1gZ4a9kLWXvfiKh700lIi9ds+LvS4mib3fqoS99SuOvXdkhb30SYK9YOaDvU5ojL2PKoW9
O4OEve2skr0xjo69DxiBvZuegr3GZ4e9RZKHvfcphb0KxIe9O6FxvUKbgr15Hn697kqAvTgE
fL0gOYG97SCGvX36fb1WF3y98619vWj0db3nIHi9hhR4vcl8eb1PGn+9G1txvcuId70bW3K9
80h8vf6rdL0E9na9saB2vQhder0d3n+9vqFsvW6+cb0XA2m97QZwvTtqXr1p83G9WXN0vWrO
b71js3a9H/SDvU6jZ72DYmq9nKV1vQ==</AssayYData></Step><Step><CommonData><SampleLocation>2</SampleLocation><SampleID>10mM Glycine pH1.7</SampleID><SampleGroup></SampleGroup><SampleInfo>or other Regeneration solution</SampleInfo><SampleRow>G</SampleRow><SamplePlate>1</SamplePlate><WellType>REGENERATION</WellType><Concentration>-1</Concentration><ConcentrationUnits>µg/ml</ConcentrationUnits><MolarConcentration>-1</MolarConcentration><MolarConcUnits>nM</MolarConcUnits><MolecularWeight>-1</MolecularWeight><Temperature>30</Temperature><StartTime>1071861</StartTime><AssayTime>20</AssayTime></CommonData><FlowRate>1000</FlowRate><StepType>CUSTOM</StepType><StepName>condition</StepName><StepStatus>OK</StepStatus><ActualTime>19.999</ActualTime><CycleTime>0.2</CycleTime><AssayXData Points="100">bwKCQ+gbgkOiNYJDPE+CQ7VogkNvgoJDCZyCQ6K1gkM8z4JD1eiCQ28Cg0PoG4NDojWDQxtP
g0PVaINDToKDQwmcg0OitYNDPM+DQ7Xog0NOAoRDCRyEQ6I1hEM8T4RDtWiEQ2+ChEMJnIRD
orWEQzzPhEPV6IRDbwKFQ+gbhUOiNYVDPE+FQ9VohUNvgoVD6JuFQ6K1hUMbz4VD1eiFQ28C
hkMJHIZDojWGQxtPhkO1aIZDb4KGQ+ibhkOitYZDG8+GQ7XohkNvAodD6BuHQ6I1h0MbT4dD
tWiHQ06Ch0Pom4dDorWHQzzPh0O16IdDTgKIQ+gbiEOBNYhDG0+IQ9VoiENOgohDCZyIQ4G1
iEMbz4hDteiIQ04CiUMJHIlDgTWJQxtPiUO1aIlDToKJQwmciUOitYlD4M+JQ9XoiUNOAopD
6BuKQ4E1ikMbT4pDtWiKQ06CikM2nopDgbWKQxvPikO16IpDTgKLQ+gbi0OiNYtDPE+LQ9Vo
i0NOgotDCZyLQ4G1i0M8z4tDteiLQw==</AssayXData><AssayYData Points="100">b1ujvpWyir4jJ3C+LURjvuiKXb6O5Ve+GT9cvnKwWb4WoFm+lKpcvva9Xr4ytmO+5/lqvr0S
aL63K2e+ZulsvsGrbr5P0W2+vu5tvoXkcb4EGHa+XFN1vnTkd76OK3W+gk94vm+ufb5+d3a+
2KZ8vgzdgL5GLX++5wyBvracgL5yan++3p2AviQngb61S4K+Lx+Dvsp2hb6PF4O+SG2FvnOg
hr4d2YW+uWaHvtHThr5BJYa+9EaIvqpehr4Q1oe++MyIvsxYh75OwYu+MrGJvsIwir41FYm+
rPOHvlQCir6rf42+LBaKvpP6jb5iQYu+NWKLvu5njr5fuIy+ICmOvph9jL5F5Yy+EHKPvhDd
jL5qnJC+5ZaPvhP4j768II6+5GiRvr+Tj74hJJC+w6KRvknckb5v3JK+pYSRvhCqkL5fsJG+
hICUvhpPlL5WBpO+F9WSvoO+kr41ypS+cf+SvkSnlb7euZS+AdmTvk39lL715ZW+xWuWvoPF
lL64Lpe+QfOWvnbJl75uZpa+YS6Wvg==</AssayYData></Step><Step><CommonData><SampleLocation>1</SampleLocation><SampleID>Running Buffer</SampleID><SampleGroup></SampleGroup><SampleInfo></SampleInfo><SampleRow>G</SampleRow><SamplePlate>1</SamplePlate><WellType>BUFFER</WellType><Concentration>-1</Concentration><ConcentrationUnits>µg/ml</ConcentrationUnits><MolarConcentration>-1</MolarConcentration><MolarConcUnits>nM</MolarConcUnits><MolecularWeight>-1</MolecularWeight><Temperature>30</Temperature><StartTime>1097373</StartTime><AssayTime>20</AssayTime></CommonData><FlowRate>1000</FlowRate><StepType>CUSTOM</StepType><StepName>condition</StepName><StepStatus>OK</StepStatus><ActualTime>20</ActualTime><CycleTime>0.2</CycleTime><AssayXData Points="100">TwKMQ+kbjEOCNYxD+06MQ5VojEMugoxD6ZuMQ4K1jEP7zoxDleiMQy4CjUPIG41DYTWNQ/tO
jUO1aI1DT4KNQ8ibjUNhtY1D+86NQ5XojUMuAo5DyBuOQ2E1jkMcT45DlWiOQy6CjkPIm45D
YbWOQxzPjkPW6I5DLgKPQ+kbj0NhNY9DHE+PQ5Voj0Mugo9D6ZuPQ2G1j0Mcz49DteiPQ08C
kEPpG5BDgjWQQxxPkEObaZBDT4KQQ+mbkEOCtZBDHM+QQ7XokENPApFD6RuRQ6M1kUMcT5FD
tWiRQ0+CkUPpm5FDgrWRQxzPkUO16JFDTwKSQ+kbkkOCNZJDHE+SQ7VokkNPgpJDrZySQ4K1
kkMcz5JDteiSQ08Ck0PpG5NDYTWTQxxPk0O1aJNDT4KTQ+mbk0OCtZND+86TQ7Xok0NPApRD
yBuUQ4I1lEP7TpRDlWiUQ0+ClEPpm5RDo7WUQxzPlEO16JRDTwKVQ+kblUNhNZVDHE+VQ5Vo
lUNPgpVDyJuVQ2G1lUMcz5VDteiVQw==</AssayXData><AssayYData Points="100">giZuu62fgr2hlbe9X3bNvUfw270osOS9VmHbvZjc0r2YH9W9ErHSvSFI172p7c+9WjbRvevC
xb0s98G9virNvcNjyr1Kk7+9hjTCvb6Awb0ppLi9SxzBvfpXur2NhLa9i4i2vRuUtL3XoK69
2qS5vWGErr1z3q29trOvvf+fsr1s+q29i8CivZXVrr22EbW9x6+kvUUWqb0igK69+CSqvary
p70ryaq9eQmnvewsrr0WgKu9YIqhvSSxnb2wSZ69XaGrvUwSnL0NJ6C9daKevUHWpb0Zy569
AAWivRqYpr16fJu918qkvTY8nL2fq6K9i0OdvTx3ob3q7aK9yzKZvVDRmr0eMZy9tVicvan4
kL0Qwp+90nGPvRYslL3gspy92JmXvSGMmr03xpm96huavWC1lr2h55i9i7eavVaNmL1LFpa9
Cb2UvfeBmb00y5e90leTvVJ2k70ghZm9+NaSvf3Emb3wEo29yZuUvRXFj72Xao+9/y6SvV77
l71japa9+1CPvRLHlb2ZoJC90jWVvQ==</AssayYData></Step><Step><CommonData><SampleLocation>3</SampleLocation><SampleID>Running Buffer</SampleID><SampleGroup></SampleGroup><SampleInfo></SampleInfo><SampleRow>G</SampleRow><SamplePlate>1</SamplePlate><WellType>BUFFER</WellType><Concentration>-1</Concentration><ConcentrationUnits>µg/ml</ConcentrationUnits><MolarConcentration>-1</MolarConcentration><MolarConcUnits>nM</MolarConcUnits><MolecularWeight>-1</MolecularWeight><Temperature>30</Temperature><StartTime>1123544</StartTime><AssayTime>120</AssayTime></CommonData><FlowRate>1000</FlowRate><StepType>BASELINE</StepType><StepName>Baseline 120</StepName><StepStatus>OK</StepStatus><ActualTime>120</ActualTime><CycleTime>0.2</CycleTime><AssayXData Points="600">TwKWQ8gblkNhNZZD4E+WQ5VolkMugpZDyJuWQ2G1lkP7zpZDleiWQy4Cl0PIG5dDYTWXQxxP
l0OVaJdDLoKXQ+mbl0OCtZdDHM+XQ5Xol0MuAphD6RuYQ4I1mEP7TphDlWiYQ0+CmEPpm5hD
grWYQxzPmEO16JhDTwKZQ+kbmUOCNZlDHE+ZQ7VomUNPgplD6ZuZQ4K1mUMcz5lDteiZQ08C
mkPpG5pDgjWaQxxPmkOVaJpDT4KaQ8ibmkOCtZpDHM+aQ7XomkNPAptDyBubQ2E1m0P7TptD
tWibQ5GCm0Ppm5tDgrWbQxzPm0O16JtDTwKcQ+kbnEOCNZxDHE+cQ7VonENPgpxD6ZucQ4K1
nEMcz5xDleicQy4CnUPIG51DgjWdQxxPnUO1aJ1DT4KdQ+mbnUOCtZ1DHM+dQ7XonUNPAp5D
SxyeQ2E1nkMcT55DlWieQy6CnkNsnJ5DYbWeQ/vOnkOV6J5DcAKfQ8gbn0OCNZ9D+06fQ5Vo
n0NPgp9D6ZufQ2G1n0P7zp9DleifQy4CoEPIG6BDgjWgQ8BPoEOVaKBDLoKgQ+mboEOCtaBD
+86gQ5XooENPAqFDyBuhQ6M1oUP7TqFDlWihQ3CCoUPIm6FDgrWhQ/vOoUOV6KFDLgKiQ8gb
okNhNaJD+06iQ7VookNVg6JDyJuiQ4K1okMcz6JDleiiQy4Co0PIG6NDgjWjQ/tOo0OVaKND
T4KjQ8ibo0OCtaNDHM+jQ5Xoo0MuAqRDyBukQ2E1pEP7TqRDlWikQy6CpEPIm6RD5LWkQ/vO
pEOV6KRDLgKlQ+kbpUNhNaVD+06lQ5VopUMugqVDyJulQ2G1pUP7zqVDleilQy4CpkPpG6ZD
gjWmQ/tOpkP3aKZDT4KmQ+mbpkOCtaZDHM+mQ7XopkNPAqdD6RunQ4I1p0McT6dDtWinQ0+C
p0Ppm6dDgrWnQxzPp0O16KdDTwKoQwkcqEOCNahDHE+oQ7VoqEOQgqhD6ZuoQ4K1qEMcz6hD
teioQ08CqUPpG6lDgjWpQxxPqUO1aKlDT4KpQ+mbqUOCtalDwM+pQ7XoqUNPAqpDCRyqQ4I1
qkPgT6pDlWiqQ0+CqkPpm6pDgrWqQxzPqkO16KpDTwKrQ+kbq0OCNatDHE+rQ7Voq0MugqtD
6ZurQ2G1q0Mcz6tDteirQ/MCrEPpG6xDgjWsQxxPrEPWaKxDT4KsQ8ibrENhtaxDHM+sQ7Xo
rENPAq1DyButQ2E1rUMcT61DlWitQ0+CrUPpm61DR7atQ/vOrUO16K1DLgKuQ+kbrkNhNa5D
+06uQ7VorkNPgq5D6ZuuQ4K1rkP7zq5DteiuQy4Cr0PpG69DYTWvQxxPr0O1aK9DLoKvQ8ib
r0Nhta9D+86vQ5Xor0MuArBD6RuwQ2E1sEP7TrBDlWiwQy6CsEPpm7BDYbWwQxzPsEOV6LBD
LgKxQ8gbsUOCNbFD+06xQ5VosUMugrFDyJuxQ2G1sUMcz7FDleixQy4CskNsHLJDYTWyQ/tO
skO1aLJDLoKyQ8ibskNhtbJD+86yQ5XoskMuArND6RuzQ2E1s0P7TrNDlWizQy6Cs0Ppm7ND
YbWzQ/vOs0O16LNDcAK0Q+kbtENhNbRDwE+0Q7VotEMugrRD6Zu0Q4K1tEMcz7RDtei0Q08C
tUPpG7VDgjW1QxxPtUO1aLVDNIO1Q+mbtUOCtbVDHM+1Q7XotUNPArZD6Bu2Q4I1tkMcT7ZD
lWi2Q0+CtkPom7ZDgrW2QzzPtkO26LZDTwK3Q+gbt0OCNbdD+063Q7Zot0MugrdD6Ju3Qya2
t0Mcz7dDtui3Q08CuEPoG7hD5DW4Q/tOuEO2aLhDLoK4Q+ibuEOCtbhDHM+4Q7bouENPArlD
6Bu5Q4I1uUP7TrlDm2m5Q9iDuUPom7lDgrW5Q/vOuUO26LlDTwK6Q8gbukNiNbpD+066Q5Vo
ukNPgrpD6Ju6Q4K1ukMcz7pDlei6Qy4Cu0PoG7tDYjW7QxxPu0OVaLtDLoK7Q+ibu0OCtbtD
+867Q7bou0NwArxDSxy8Q4I1vEP7TrxDtmi8Q0+CvEPom7xDgrW8Q/vOvEOV6LxDLgK9Q8gb
vUNiNb1DHE+9Q7ZovUNPgr1DyJu9Q4K1vUP7zr1Dlei9Q08CvkPoG75D5DW+Q/tOvkOVaL5D
LoK+Q8ibvkOCtb5DHM++Q7bovkMuAr9DyBu/Q2I1v0McT79DlWi/Q/mDv0PIm79DYrW/QxzP
v0OV6L9DlwPAQ8gbwENiNcBDHE/AQ7ZowEMugsBDyJvAQ2K1wEMcz8BDlejAQy4CwUPIG8FD
gjXBQ/tOwUO2aMFDLoLBQ8ibwUNitcFDHM/BQ5XowUNwAsJDyBvCQ2I1wkP7TsJDtmjCQ0+C
wkPIm8JDYrXCQxzPwkOV6MJDTwLDQ+gbw0OCNcNDHE/DQ7Zow0NPgsND6JvDQ4K1w0Mcz8ND
OOnDQ08CxEPoG8RDgjXEQxxPxEO2aMRDT4LEQ+ibxEOCtcRDHM/EQ7boxENPAsVDyBvFQ4I1
xUMcT8VDtmjFQ0+CxUPom8VDgrXFQxzPxUO26MVDTwLGQ+gbxkOCNcZDHE/GQ5VoxkMugsZD
6JvGQ4K1xkMcz8ZDtujGQ08Cx0PoG8dDgjXHQxxPx0O2aMdDT4LHQ8ibx0OCtcdDHM/HQ7bo
x0NPAshD6BvIQ4I1yEMcT8hDlWjIQy6CyEPIm8hDYrXIQ/vOyEO26MhDTwLJQ+gbyUOCNclD
+07JQ7ZoyUNPgslDyJvJQ4K1yUP7zslDtujJQy4CykPoG8pDgjXKQxxPykOVaMpDLoLKQ+ib
ykOCtcpDkNLKQ5XoykMuAstD6BvLQ4I1y0P7TstDlWjLQy6Cy0PIm8tDgrXLQ/vOy0O26MtD
LgLMQ+gbzENiNcxD+07MQ5VozENPgsxD6JvMQ2K1zEP7zsxDtujMQ08CzUPIG81DYjXNQ/tO
zUOVaM1DLoLNQ8ibzUNitc1D+87NQ7bozUMuAs5D6BvOQ4I1zkP7Ts5DlWjOQy6CzkPom85D
grXOQxzPzkOV6M5DLgLPQ8gbz0NiNc9DXU/PQ5Voz0NPgs9D6JvPQ2K1z0P7zs9DlejPQy4C
0EPIG9BDYjXQQ/tO0EOVaNBDLoLQQ+ib0EOjtdBD+87QQ5Xo0ENPAtFD6BvRQ6M10UPgT9FD
tmjRQ0+C0UPom9FDBbbRQxzP0UO26NFD</AssayXData><AssayYData Points="600">ZpWVvTN3lr2T7pe9qyGLvQ4ilr30hY+9DE2RvU3ZhL2cY469cHCMva2iir0f9Yq9yDCOve+G
g72wlY29L2CAvZbGib0KwIm9+nGIvTOPhL3+xIy9x9WEvQD3ir1W4om9j+x+vTBCh73Ftoa9
EUKEvfsOib3fw4G90ZKFvQcPhr14GYK9ZORuvRh7g70NHoG9nLx/vR6Rhb3IoIq9RuSBvVB/
hb35sXu9AReCvQgEfr3a8n69bz6FvSU+gL1ygYC9GJ+Jvfbkfb10+oO99xB8vYDgZr3K8Hq9
SZGAvTwxh71I2n29xMiGvYRuer1nhGO9TL6KvSEvfb39BXe9SJqDvZ28hr0ew4K9ECF/vUFe
f72WV3e9KXh+vVsmfb0Kw2W9snF6vWVkfL34EnS9QFmBvf7ff71EsnW93z2EvStndr3NjWu9
JuuAve63cr2BWXy9YnJ+vQmYdr1tEXi9oZBuvRCcbr1uHW29JLx3vYy/gr0uVm+9EP1vveFb
eb19WW29crp9vV2Ig72wGmy9+/l0vW1NeL2s/V29CI15vXjXdL3Cj3G9tOpwvXwvcr1I/3a9
HO5qvcsLer29N3+9a0VxvcETZb04SHC9+jt5vcAYc71s22W91Ql6vapqX71vTWG9sNJ6vXdP
Zr0RXH+9UENqvezHbr1fRWi9ccB1va1bZr1kc2m9RoFsvZdudL3k73C9kgNwvf1Dbr0w5Ge9
+59ive/Gdb169V29oo5qvRppar3EnXO9e/l2vcAUaL0QI3G90xN1vaR8Y72yhVy90M5rvYh5
Yb1twGa9pNxXveyiZ70RT2a9qUBgvczGar14yGa9frFwvWY1ab3xh3C99nxYvUpOa73kL2q9
HVBovausar1HwGO9YSRavVQocb3eIlu9lvNuvfSYZr04AWy9O9FjvdP+Wr0OeF69w/BOvT9k
Xb2y1169XJ9mvTQhWb2XP2C90gFlvanEW72R7Fy9yX5QvfQ3db1ZE3C9K9dovZA8Zb1y8GK9
FZNjvQmGTr3Hul+9BlNRvR+JXL3qAmy9a0NhvfXDYL0v8mi9atZKvdlPXb2atlq9jE9avZrB
X72Ql2C9CSFhvR2jaL2YIWS9CpNfvas1Rr0dKlq9YcNgvbcWX71DTlq9a4NsvYSsW70Mglq9
x89ZveKlYb3msVe9Yt9rvf9pW73NuFy9kNZkvTaNUL3Ncl69oC1bvRyXWr1OnFO9VOJkvRla
XL12kFe91GthvRdOTL3Hyly9Sr1PvT3TYb1nNmG9oqxQvbQFVL0651q9COlRvSA5Wr3WRVC9
SM5ZvSWcYL2rhF29l0xIvax+YL33zVm9GPJVvZLMXb2oblu97M9ivdUqU73vI0W9jiVZvbyB
Tr2H80+9D5VLvTi0SL2s2E29V6ZevfpZWb2+jlW9CtlLvc3GXL0Ntku9oXBPvWZUTb3WH1C9
MWhPveb6Tr0Asle9A05ZvfHTVr0c/Fm9jelgvfLNTL0hzFW9S+hgvd/CTr0s6Ee9owVLva7d
SL3ahlK9q6BJvaqFTr38XVu9qtRIvWVrWL0MSE29U9BYvQdHYL3F3WG9y41MvTklUb339Fu9
xZtPvYdPZ71rdmC9xM5JvRETUb3u9Um9TphGvRsTVL2aelO99lFdveRYQb2ehFW9LC9SvfeP
ab2acUe9jhFTvYYhW73Tv1a9MCo7vRkST71BSlC9mAVCvUQBSb2eXU69qBlpvd1jQ701F0a9
qP9LvX81Pr2Cf1W9qQlVvVhyPb1qBli9E9JHveL4WL0lklO9u4VUvTohR72ps1m9T6dYvXyH
Wb17Z1W9aRtOvVMBV71ebUW9WURTvQBVSL0IrFC9vD5RvWs/Ub10+U69KQFMvXI7Ub2mNU29
SgxbvfVVW72uYV69HRg/vbcLWL3I60S95oRKvTS+S72C2Ea95Z9Fvf6WYL1NyEy9RkFLvXmG
RL259z69pnhYvV1GVb0+XUu9D0JOvQaHXb0X4UC9FfJIva4MQ73PFU29nCJSvX6HTL3p1Ee9
Yh4+vWP7U734/1K964lTvfy1Ub0841i9AtVPvTT4W733LlG9yXpEvbKjRL2fxES9S9pGvQaj
S70J80O9xLE6vWNVSL3aPU69X7I8vdd7OL1OTkW9GDtLvaA6Qb2AI1e9nMJFvXp/O73G90e9
kScsvbvnSr1UdVC9cppOveauSb0j8U29OV5JvT4kTr3CM0+9xfw+vfcdO70es0W9zV9Dvbg5
Wr101ki9+G5AveA3U73bkUi9FidLvekISL0YjlG9C1ROvbSIOL3JWUK9cB9RvU9zUL0NPEe9
vwdOvfYmUr30Rlu9n6dQvXSsTL2IljW94t9AvZ4VRL2sAlO9Ta9HvWUYVb3UElS9kRI8veYo
Rb3zQUi9ja9JvWSDPr11Vjy9wuo+vfbuTr16QlG98eNLvblsR70IhTm9T05MvTtLP727c0W9
I6BIvRw+Sb1WNEu94oREvZQRPr3kTEO965VFvXXsSL08ske9GAg+vUG9Q72VqEy9yY9HvfFf
S721HDq9zYVMvfvxRL3ReDC9WGZMvYk3RL2Dk1O9GdpGvfFnRL3Z5jy9hPdCvVtOTb2zSki9
XThKvezPSb3ZwE69PnE8vSIkQL16xk69XSFMvXTSN73izjy9F8hJvW2CRb0SM1C95f1DvY/L
N73V9kO93+M4vQCITL0pe0y95x9FvUquV70DhzW9c4lOvWkuOL2Rd0S9lrBGvbJFSL36GDO9
RdA3vcLKNr3Ddje9+ktHveEBSr2h3D297xI2va+MM71krj29Dt5KvVIXML1uukW9iFdBvdeP
Q714PDm9DEJJvX2uMb1l1EK9DCs+vUOHML1U5ze9DA1EveagOr1eByu9WB0nvT2uQb0IdzG9
IbdFvZicR73Ll0O9AapCvQxyOb0Rxj29G+U+vR0DN70cMk+9uwY2vY4yP70JNDa9VSVKvTg1
TL0Ztzq9jBk4vb9/R71/TEa9OsY8vTu7Qr3uCjm9GKg1vQ84Rr0zLi+9Mwc+vX4rNL06aDi9
PH4svQLMPb2XDjq9spg/vexNUr0DSjC9SZ5NvVAhSL2v9D+9osk+vb5YPr0RF0O9VGZHvb5Y
Sb1A1kG9jo0/vZyBNr0zE0q9fQ0/vbtGVL3axj29FGk3vfIINb3CH0O9YNI+vb55Sr0wTkC9
FzM4vQvSMr3eMTe9Zy5CvX4dK703Izm9</AssayYData></Step><Step><CommonData><SampleLocation>8</SampleLocation><SampleID></SampleID><SampleGroup></SampleGroup><SampleInfo></SampleInfo><SampleRow>G</SampleRow><SamplePlate>1</SamplePlate><WellType>KLOAD</WellType><Concentration>-1</Concentration><ConcentrationUnits>µg/ml</ConcentrationUnits><MolarConcentration>-1</MolarConcentration><MolarConcUnits>nM</MolarConcUnits><MolecularWeight>-1</MolecularWeight><Temperature>30</Temperature><StartTime>1252077</StartTime><AssayTime>20</AssayTime></CommonData><FlowRate>1000</FlowRate><StepType>LOADING</StepType><StepName>Loading</StepName><StepStatus>OK</StepStatus><ActualTime>20</ActualTime><CycleTime>0.2</CycleTime><AssayXData Points="100">UALSQ8kb0kODNdJDHU/SQ5Zo0kM1g9JD6pvSQ4O10kP8ztJDlujSQ1AC00PqG9NDpDXTQx1P
00O2aNNDUILTQ+qb00ODtdNDHc/TQ7bo00NQAtRD6hvUQ4M11EMIUdRDtmjUQ1CC1EPqm9RD
g7XUQx3P1EO26NRDUALVQ+ob1UODNdVDHU/VQ7Zo1UNQgtVD6pvVQ4O11UP8ztVDtujVQ1AC
1kPqG9ZDgzXWQx1P1kOWaNZDUILWQ+qb1kODtdZDHc/WQznp1kNQAtdD6hvXQ4M110M+T9dD
tmjXQ1CC10Pqm9dDg7XXQx3P10OW6NdDUALYQ8kb2EODNdhDHU/YQ7Zo2ENQgthDyZvYQ2K1
2EP8zthDtujYQ1AC2UPJG9lDgzXZQ/xO2UPXaNlD04LZQ+qb2UODtdlD/M7ZQ5bo2UNQAtpD
6hvaQ2I12kP8TtpDtmjaQy+C2kPqm9pDYrXaQ8HP2kOW6NpDLwLbQ8kb20NiNdtDHU/bQ5Zo
20MvgttD6pvbQ2K120Mdz9tDtujbQw==</AssayXData><AssayYData Points="100">L8JLve9rMb077iS9H+wGvZohxLx18J28y4IrvAz0AbzorDy7wUp1O4WRCTznbTY8ueuMPAkL
yzwfj+488aQEPapmIj1GpDw9ChdEPfVDXT07EXM91HiMPfqOiz3top49JEekPUZ3sT1ujLo9
1unIPfva0D3b/dw91CviPYe+6j05dfU9M6z8PeOBCD6r6Ak+O3ERPqkBFj6dPhw+GSgiPre6
JT5rsyg+Ydw1PhhTNT4cAzo+87RAPsgkRz6Z3Us+Th9UPv4lUz4N8lw++vxdPlxtaD5kNmw+
IFtvPl0qcj418H8+rbaAPq42gT4f9II+WACHPgNviz7KlIw+N7ySPrxUjz61sJQ+TnGWPqs2
mz4iup0+x9uePph/oj7Sp6I+yIeoPg5ZqT54hqw+B7WvPr2hsz6Lw7Q+KMy2Ps7auD46wrw+
Ire9PlwswD7pd8Q+ssPGPoF4yT41o8o+nKXPPtrq0j6wQ9U+qT/WPjHR1z6b49s+jePcPkFG
4T5mAOM+rN/nPkTG6D7no+w+RirtPg==</AssayYData></Step><Step><CommonData><SampleLocation>9</SampleLocation><SampleID></SampleID><SampleGroup></SampleGroup><SampleInfo></SampleInfo><SampleRow>G</SampleRow><SamplePlate>1</SamplePlate><WellType>BUFFER</WellType><Concentration>-1</Concentration><ConcentrationUnits>µg/ml</ConcentrationUnits><MolarConcentration>-1</MolarConcentration><MolarConcUnits>nM</MolarConcUnits><MolecularWeight>-1</MolecularWeight><Temperature>30</Temperature><StartTime>1281686</StartTime><AssayTime>60</AssayTime></CommonData><FlowRate>1000</FlowRate><StepType>BASELINE</StepType><StepName>Baseline 60</StepName><StepStatus>OK</StepStatus><ActualTime>60</ActualTime><CycleTime>0.2</CycleTime><AssayXData Points="300">UALcQ8kb3ENiNdxDHU/cQ7Zo3EMvgtxD6pvcQ4O13EMdz9xDlujcQ1AC3UPJG91DiTbdQx1P
3UOWaN1DUILdQ8mb3UNitd1D/M7dQ5bo3UNQAt5D6hveQ2I13kP8Tt5DlmjeQy+C3kPJm95D
YrXeQ/zO3kOW6N5DLwLfQ8kb30NiNd9D/E7fQ7Zo30Mvgt9DyZvfQ4O130P8zt9DlujfQ1AC
4EPqG+BDgzXgQx1P4EOWaOBDUILgQ+qb4EODteBD/M7gQ7bo4EMvAuFDyRvhQ2I14UP8TuFD
tmjhQy+C4UPJm+FDYrXhQ/zO4UOW6OFDLwLiQ8kb4kNiNeJD/E7iQ/ho4kMvguJDyZviQ4O1
4kMdz+JDtujiQ1AC40PqG+NDgzXjQx1P40O2aONDUILjQ+qb40ODteNDHc/jQ7bo40NQAuRD
6hvkQ4M15EP8TuRDtmjkQ1CC5EPqm+RDg7XkQx3P5EO26ORDUALlQ+ob5UODNeVDHU/lQ5Zo
5UNQguVDyZvlQ4O15UMdz+VDtujlQ1AC5kPqG+ZDgzXmQx1P5kO2aOZDUILmQ+qb5kNiteZD
/M7mQ7bo5kNQAudD6hvnQ2I150MdT+dDtmjnQ1CC50Pqm+dDg7XnQx3P50OW6OdDUALoQ+ob
6EODNehDHU/oQ7Zo6ENQguhD6pvoQ4O16EP8zuhDtujoQy8C6UPqG+lDYjXpQx1P6UO2aOlD
UILpQ+qb6UNitelDHc/pQ5bo6UNQAupDyRvqQ4M16kMdT+pDtmjqQy+C6kPJm+pDg7XqQ/zO
6kO26OpDLwLrQ+ob60ODNetD/E7rQ5Zo60MvgutD6pvrQ2K160Mdz+tDlujrQ1AC7EPqG+xD
YjXsQ/xO7EOWaOxDL4LsQ8mb7ENitexD/M7sQ7bo7EM1A+1DyRvtQ2I17UP8Tu1DtmjtQy+C
7UPqm+1DYrXtQ/zO7UOW6O1DLwLuQ8kb7kNiNe5D/E7uQ5Zo7kNQgu5DyZvuQ2K17kP8zu5D
lujuQ1AC70PJG+9DgzXvQ/xO70OWaO9DUILvQ8mb70ODte9D/M7vQ5bo70MvAvBDyRvwQ4M1
8EMdT/BDtmjwQy+C8EPqm/BDg7XwQ/zO8EO26PBDUALxQ+ob8UODNfFDHU/xQ7Zo8UNQgvFD
6pvxQ4O18UMdz/FDtujxQ1AC8kPqG/JDgzXyQx1P8kO2aPJDUILyQ+qb8kODtfJDHc/yQ7bo
8kNQAvND6hvzQ4M180MdT/NDtmjzQ1CC80Pqm/NDg7XzQx3P80O26PNDUAL0Q+ob9EODNfRD
HU/0Q7Zo9EMvgvRDyZv0Q2K19EP8zvRDtuj0Q1AC9UPqG/VDgzX1Qx1P9UO2aPVDUIL1Q+qb
9UODtfVD/M71Q5bo9UNQAvZDEB32Q4M19kMdT/ZDtmj2Qy+C9kPqm/ZDYrX2Qx3P9kO26PZD
LwL3Q8kb90NiNfdD/E73Q7Zo90NQgvdDyZv3Q2K190P8zvdDtuj3Qy8C+EPJG/hDYjX4Qx1P
+EOWaPhDL4L4Q+qb+ENitfhDHc/4Q7bo+EMvAvlDyRv5Q4M1+UMdT/lD+Gj5Q1CC+UPJm/lD
g7X5Qx3P+UO26PlD</AssayXData><AssayYData Points="300">yDVCPyJkPz9qGj0/fck5P/uPNz//uDM/FPswPzhjLj+pySw/b54pPyKbJj8MUCU/R3kjPzky
IT+f7h4/n4kePwOBGz+AVBk/CUoYP9BxFz/i+BY/f0gUPx/oEj8SERI/ZdYQP+tEET8Yhw0/
0yEOP2XrDD8Aygs/lgkMP02pCj9kEwo/I/AIP82GCD/2OQg/wN4GP4EjBj9z5QU/GoQFP24S
BT++4wQ//9gDPzUWAz9uUQM/TvUAP63yAT8pCAI/LpoAPyWeAD+DXAA/dPv+PmVo/j7Rnf8+
Sub6PtJe/j4Tyfs+k3v5PpIC/D4SJP0+bCP5PuXu+D5je/g+bEP7Pqjt9z4lOvc+z5H2Psv6
9T5eIvU+YEb2PtNJ9T4ARvU+khH0Pje28z7YN/Y+FRX0PhVo8z7UT/E+Px30PpIq8T7edvI+
fBvxPuGQ8T7VOvE+czzyPiD27z5a9u8+AgfzPpyN7j4II/E+pijuPnvd6z6Gou4+Yb3uPkXI
7j7EHu0+GRrtPgZX8D5G/eo+QpjsPul87T7wau4+Lr3sPrRU6z5A6u0+KALrPnTC6z5Fl+o+
eUXqPhkP7D4Dduo+KdbpPrG56z5mm+o+/YjpPoQi7D78y+k+b9vpPtBP6z4y4Oc+JWzpPvrR
6z76Teo+UwjqPrxP6D4HBuk+BAjpPl656T6GM+k+a9roPocl6D5OI+c+IKvpPj/55z6S/+g+
DTznPt9L6T4/iOk+3KLlPqqn5z65xug+JofmPnpR6D4aiuc+4+TlPq6x5j4DpOc+1A3lPmKC
5D73fuY+zrflPk7V5j7tIeU+X+XlPmAQ6T7YtuY+8JzmPg9I5T6R4OU+aGHlPi4o5j5X5OY+
zbfkPnfk5T5fZ+U+3QTkPhgt5T6h9eM+VD3oPq1N5D4EwuY+qbLkPmVe5T4WquQ+vRXlPq4H
5D4hxeQ+PL/jPkuW4j7r4eM+WR7kPr+h5D5P2eM+/2LiPn1m5j4ZP+M+83HhPlPj4z5zvuE+
QsDjPhFR4j5CAOQ+hojhPr2q4z5CzeE+YGziPhG74j5wqeI+0OvgPjPn4T6v0uI+aKbgPuYG
4z5qiuE+s6PhPlob4j4k5eI+4o/iPmX24D4yXN8+T1bgPhsA4j6GZuA+vTPgPq+K3T5hUOE+
c0/iPjCW4D40nOM+MRLiPgGY4T6v898+JEnhPp8q4D42rOE+R+bfPuLl3j6te+A+KWXgPgFG
4T4gaN8+ZuTgPheg3j53Vt4+OSLfPv0o4D6nkOA+s97fPvYu4D4Sv+A+xWHfPgQh4D7jWN4+
bKPhPqeC3j6Hlt8+2MrePt5X3z5sXt8+fKLfPs0R3z6o9t8+hFXePrKv3z7X3tw+rwrfPjXh
3T6UlN0+b9TePnPJ2z7Jdt8+pJrePujd3j5VSt0+X6XbPpXt3T5i7d0+ISvePovp3D7uNt4+
cSLePm8o3j6wct0+gYPcPhVr2z6/2N8+yQLdPkhK3j4k590+HzLcPl222j6F9ts+pm3bPt9B
2z4Yido+gxnePo4T3z4Cidk+VVnePkKw3D7Ekds+J1bcPgJK3T64bts+aVzdPt0B3T5emNw+
JBTbPiKi2j768Nw+</AssayYData></Step><Step><CommonData><SampleLocation>10</SampleLocation><SampleID></SampleID><SampleGroup></SampleGroup><SampleInfo></SampleInfo><SampleRow>G</SampleRow><SamplePlate>1</SamplePlate><WellType>BUFFER</WellType><Concentration>-1</Concentration><ConcentrationUnits>µg/ml</ConcentrationUnits><MolarConcentration>-1</MolarConcentration><MolarConcUnits>nM</MolarConcUnits><MolecularWeight>-1</MolecularWeight><Temperature>30</Temperature><StartTime>1352075</StartTime><AssayTime>20</AssayTime></CommonData><FlowRate>1000</FlowRate><StepType>BASELINE</StepType><StepName>Baseline 20</StepName><StepStatus>OK</StepStatus><ActualTime>20</ActualTime><CycleTime>0.2</CycleTime><AssayXData Points="100">UAL6Q8kb+kODNfpD/E76Q5Zo+kNQgvpDyZv6Q2K1+kP8zvpDluj6Qy8C+0PJG/tDgzX7Q/xO
+0O2aPtDL4L7Qyuc+0NitftDHc/7Q5bo+0MvAvxDyRv8Q4M1/EMdT/xDtmj8Qy+C/EPJm/xD
YrX8Q/zO/EOW6PxDUAL9Q+ob/UODNf1DHU/9Q3tp/UMvgv1D6pv9Q2K1/UM+z/1Dluj9Q1AC
/kPJG/5DYjX+Q/xO/kOWaP5DL4L+Q8mb/kNitf5D/M7+Q5bo/kNQAv9D6hv/Q2I1/0MdT/9D
tmj/Qy+C/0Pqm/9Dg7X/Qx3P/0O26P9DLgIAROQNAETCGgBEjicARFs0AEQoQQBEFk4ARMJa
AESOZwBEW3QARCiBAET1jQBEwpoARPGnAERbtABEKMEARPXNAETC2gBEjucARFv0AEQoAQFE
9Q0BRMIaAUSOJwFEWzQBRChBAURXTgFEwloBRI5nAURbdAFEOIEBRPWNAUSxmgFEjqcBRFu0
AUQowQFE9c0BRMLaAUSO5wFEW/QBRA==</AssayXData><AssayYData Points="100">PieDPtJsRT4T+ig+l+wXPhPuGD6JKhI+T34aPp2aFz4D3hU+zy8dPv60HT6xkhw+kFoZPrjR
HD7HOyI+QL4hPqr2Gz720h4+jZwiPjYxHz5srSQ+ZVokPjl/Jj7NoiY+YngmPiWyJj5S1iI+
YmwoPkisKT4fFig+LfQnPpYUKD6mLCY+0+UoPtZ4KT6phCo+udAoPqwIJj4GEC4+/7spPrMi
LT4NOic+BtgpPuTpLD60hSo+GK0tPkjrLT6Jnyw+ViUpPjU5Jj7XfS4+rwsuPpH9LT7LPDA+
i1EsPnYwMD5SACw+l20xPjxqKz4mNi0+flMvPu9vLj5gYC0+LBwsPi0sLz58kjE+Jl0tPif3
Mj63bC0+bdEuPjCiLT7fnjM+n+UtPtb4LD5rLS8+pskzPs/QMD6LOi8+jzwxPnJNMz5sfzI+
bG8yPvpHLT78/C8+cDkxPo68Lz4Yoi4+ZhAwPrI9Lj6LlDI+kDkrPoPBMD4yZjI+guMyPmod
MD6sJjU+T4gwPgKuMD6P9zU+fi0xPg==</AssayYData></Step><Step><CommonData><SampleLocation>11</SampleLocation><SampleID></SampleID><SampleGroup></SampleGroup><SampleInfo></SampleInfo><SampleRow>G</SampleRow><SamplePlate>1</SamplePlate><WellType>KSAMPLE</WellType><Concentration>-1</Concentration><ConcentrationUnits>µg/ml</ConcentrationUnits><MolarConcentration>-1</MolarConcentration><MolarConcUnits>nM</MolarConcUnits><MolecularWeight>-1</MolecularWeight><Temperature>30</Temperature><StartTime>1382735</StartTime><AssayTime>120</AssayTime></CommonData><FlowRate>1000</FlowRate><StepType>ASSOC</StepType><StepName>Association</StepName><StepStatus>OK</StepStatus><ActualTime>119.999</ActualTime><CycleTime>0.2</CycleTime><AssayXData Points="600">KAECROQNAkSxGgJEficCRFs0AkQYQQJE9U0CRMJaAkTAZwJEW3QCRCiBAkTkjQJEwpoCRH6n
AkRbtAJEKMECRPXNAkTC2gJEjucCREv0AkR6AQNE5A0DRMIaA0SOJwNEWzQDRBhBA0TkTQNE
wloDRH5nA0RLdANEGIEDROSNA0SxmgNEfqcDREu0A0QYwQNE5M0DRMLaA0R+5wNES/QDRBgB
BETkDQREwhoERH4nBERLNAREGEEERORNBETCWgREjmcERFt0BEQYgQREV44ERLGaBESOpwRE
W7QERBjBBETkzQREwtoERI7nBERb9AREKAEFRPUNBUTCGgVEjicFRK00BUQoQQVE9U0FRMJa
BURjaAVEW3QFRCiBBUT1jQVEwpoFRI6nBURbtAVEKMEFRPXNBUTC2gVEjucFRFv0BUSKAQZE
9Q0GRMIaBkSOJwZEWzQGRChBBkS5TgZEwloGRH5nBkRbdAZEKIEGROSNBkTCmgZEjqcGREu0
BkQowQZE9c0GRMLaBkSO5wZEW/QGRCgBB0T1DQdEwhoHRPEnB0RbNAdEGEEHRORNB0SxWgdE
jmcHRFt0B0QYgQdE9Y0HRMKaB0R+pwdEW7QHRCjBB0TkzQdEsdoHRH7nB0Rb9AdEKAEIROQN
CETCGghEjicIRFs0CEQYQQhE9U0IRMJaCER+ZwhES3QIRCiBCET1jQhEsZoIRH6nCERbtAhE
GMEIRPXNCERl2whEjucIREv0CEQYAQlE9Q0JRBQbCUR+JwlEWzQJRChBCUT1TQlEwloJRI5n
CURbdAlEKIEJRPWNCUSxmglEfqcJREu0CUQYwQlE9c0JRMLaCUR+5wlES/QJRBgBCkTkDQpE
sRoKRH4nCkRLNApEGEEKRPVNCkSxWgpEfmcKRFt0CkQYgQpE5I0KRMKaCkR+pwpEbLQKRCjB
CkT1zQpEwtoKRH7nCkRb9ApEGAELRDYOC0TCGgtEjicLRFs0C0QoQQtENk4LRLFaC0R+ZwtE
S3QLRBiBC0TkjQtEsZoLRH6nC0RstAtEGMELRPXNC0TC2gtEfucLRFv0C0QoAQxE9Q0MRMIa
DESOJwxEWzQMRChBDET1TQxEt1sMRI5nDERbdAxEKIEMRPWNDETCmgxEjqcMRFu0DEQowQxE
9c0MRLHaDESO5wxEW/QMRHoBDUT1DQ1EwhoNRI4nDURbNA1EPkINRPVNDUTCWg1EjmcNRFt0
DUQogQ1E9Y0NRMKaDUSOpw1EW7QNRBjBDUT1zQ1EwtoNRH7nDURb9A1EKAEORPUNDkTCGg5E
jicOREs0DkQoQQ5E9U0ORMJaDkR+Zw5EW3QORLuBDkT1jQ5EsZoORI6nDkRLtA5EKMEOROTN
DkTC2g5EjucOREv0DkQoAQ9E9Q0PRLEaD0SOJw9EWzQPRBhBD0T1TQ9EsVoPRH5nD0RLdA9E
KIEPROSND0Sxmg9EfqcPRFu0D0QowQ9E9c0PRLHaD0SO5w9EW/QPRBgBEETkDRBEsRoQRH4n
EERbNBBEekEQRPVNEESxWhBEfmcQREt0EEQYgRBE5I0QRLGaEER0qBBES7QQRBjBEETkzRBE
wtoQRI7nEERL9BBEGAERROQNEUTCGhFEficRREs0EUQYQRFEBU4RRPNaEUR+ZxFES3QRRCiB
EUQmjhFEsZoRRH6nEURbtBFEGMERROTNEUSx2hFEfucRRFv0EUQYARJE5A0SRLEaEkR+JxJE
SzQSRBhBEkTkTRJEsVoSRH5nEkRLdBJEGIESROSNEkSxmhJEfqcSREu0EkQowRJE5M0SRPPa
EkSO5xJEW/QSRCgBE0T1DRNE8xoTRI4nE0RbNBNEKEETRPVNE0TCWhNEjmcTRFt0E0QogRNE
9Y0TRMKaE0SOpxNEW7QTRCjBE0T1zRNEwtoTRH7nE0R89BNEKAEURPUNFETCGhREjicURFs0
FEQoQRRE9U0URMJaFESOZxREW3QURCiBFET1jRREwpoURI6nFERbtBREKMEUROTNFETC2hRE
jucURFv0FEQoARVE6g4VRMIaFUSOJxVEWzQVRChBFUT1TRVEsVoVRI5nFURsdBVEKIEVRPWN
FUTCmhVEjqcVREu0FUQowRVE9c0VRMLaFUSO5xVES/QVRCgBFkTkDRZEwhoWRI4nFkRLNBZE
KEEWRPVNFkSxWhZEfmcWRFt0FkQogRZE9Y0WRLGaFkR+pxZES7QWRGrBFkT1zRZEwtoWRI7n
FkRb9BZEKAEXROQNF0SxGhdEjicXREs0F0QoQRdE9U0XRLFaF0R+ZxdES3QXRBiBF0TkjRdE
wpoXRH6nF0RbtBdEGMEXROTNF0Q02xdEjucXREv0F0QYARhE5A0YRMIaGER+JxhESzQYRChB
GETkTRhEwloYRH5nGERbdBhEGIEYROSNGESxmhhEfqcYREu0GEQowRhE5M0YRLHaGESO5xhE
W/QYRCgBGUT1DRlEsRoZRH4nGURLNBlEGEEZRORNGUSxWhlEfmcZREt0GUQYgRlE5I0ZRNKa
GUSOpxlEW7QZRBjBGUTkzRlEwtoZRH7nGURb9BlEGAEaROQNGkTCGhpEjicaRFs0GkQoQRpE
9U0aRMJaGkSOZxpEnXQaRCiBGkT1jRpEwpoaROCnGkRLtBpEKMEaRPXNGkTC2hpEn+caRFv0
GkQoARtE9Q0bRLEaG0SOJxtEWzQbRChBG0T1TRtEwlobRH5nG0RbdBtEGIEbROSNG0TCmhtE
fqcbRFu0G0QYwRtE9c0bRMLaG0SO5xtES/QbRCgBHET1DRxEwhocRI4nHERLNBxEKEEcRPVN
HETCWhxE0GccREt0HEQogRxE9Y0cRMKaHER+pxxEW7QcRBjBHET1zRxEwtocRH7nHERb9BxE
GAEdRPUNHUSxGh1EjicdREs0HUQYQR1E9U0dRMJaHUR+Zx1EvnQdRJuBHUTkjR1EwpodRH6n
HUR8tB1EGMEdRPXNHUTC2h1EfucdREv0HUQoAR5E5A0eRMIaHkR+Jx5ESzQeRBhBHkT1TR5E
wloeRI5nHkRLdB5EKIEeROSNHkTCmh5EfqceRFu0HkRJwR5E5M0eRLHaHkSO5x5ES/QeRBgB
H0TkDR9EsRofRI4nH0RbNB9EGEEfRORNH0SxWh9EfmcfRM50H0QYgR9E5I0fRLGaH0Svpx9E
S7QfRBjBH0T1zR9EsdofRH7nH0RL9B9E</AssayXData><AssayYData Points="600">N2KyPpi2wT4LcdE+vbPSPkxT1j5YTNk+TZrcPutc3D7EOd0+c0bePp1N3j7oBN8+DXPhPnIk
4z41A+I+q3DjPjVi4z5iweQ+B53nPhOa5T7v3+c+f2voPirY6T6l+ek+1LrrPt4n7T7ryOw+
b/LtPgv17z7tNe4+oJTwPjfW8D59uvE+DdPxPjJD9D579fQ+1g/2Ptbk9T7XvvQ+ZgX4Pq5m
+T7ZyPk+MQP7PtUP/D7nqP0+F5r9PmHJ+z7moPw+iSoBP/2I/T7cYgE/NRwBP7P1AT9K/AE/
6IEBPwpYAj/IIgI/Uj4DP5nrAz/9MwQ/4U4EP8DtAj8XGgQ/SfUEP+pXBT8GRwY/+CIHP6gH
Bj85swY/+MAHPwYtBz8+aQg/gGUHPzasBz/rdQk/xkEJP4/ZCD//uwk/gyUJPyP2CT/towk/
/P0JP8aMCj+xIww/vCYLP1o6DD8vIww/AVcLPwepCj9WKAw/PL8MP5jXDD8y3Q0/lR8NP6Sw
DT8cYQ0/VsgNPzigDz+h1A4/oDUOP1MVED+BOQ8/khwQP56UDz/YSxA/OiYSP+LlED8SahA/
XA8RPx0vET+iVRE/wYsRPzdIEj9ybBE/vWISPxJREz/myhI/xqoSP+LiEz9OOBQ/ieEUP42s
FD801BM/bPoUPyb8FD+zShU/8rEVPwqiFT8CaRU/KLYVP2RGFz/QjhU/vGUVP+t1Fj/yjhY/
wokWP4ZZFz9eDRg/6HwWP4dmFz8dihc/p1IXP8lQGD9n4hc/Z20YPzVSFz+bERg/YlYZPxPY
GD8IfBc/hSoZP5jqGD9dWRk/8wwaP0TfGT+AzBk/akYbPzuBGj/P+hk/S00bP4dLGj8NVhs/
sOMbP8FdGz+xLBs/nOgbPy9sHD8iFBw/K5gcP7rJGz8LaRw/YIMcP+tFHT8JVx0/P+4cP9Qj
HT80lRw/TRcePw31HT/IOR0/HY0eP7blHT8SqR0/E+MeP9FsHj9GHR4/3yceP45cHz/IcyA/
rqseP6m5Hz8yNR8/S50fP5q0Hz+L+R8/4hggPwf1ID+W2x8/BBUgP3rrID94rB8/0NYgP9Nd
IT91aCA/0VkfP/9qIT8/ViE/UnwhPxsbID8jCSE/R+siPz2SIj9btiE/NhwhPzMVIT+JRiM/
PSYiP6Y/Ij8J6SE/Y+whP1oNIz+B8yI/3bwiPwMcIz/oDyM/0RIjPzafIj/DXyM/6jQjPzKr
Iz+9kCM//NcjPyAGJD9m6iM/3A8kP9WIJD+PlyU/sswkP9E6JT+a6CQ/qUYlP7vGJT8wfiU/
5x8lPyHHJD8paiQ/85AlP1cRJT/ONiU/Kg8mP5BnJT8BXyU/Ka0lP4faJT9n7CY/lOUmP8ey
Jj8T8yY/v7YmP0I5Jz8R4iY/5AImPz+RJj8EhiY/kngmPwU3Jz/iByc/CXAmP8ScJz9nCic/
F3knP05JKD9V9ic/Sm4oPy+0KD+/KSg/am4oP//VKD86Qyg/K2MoPwSBKD+9Sik/ShcpP4KV
KD9tTig/pcEnPxnXKD8YMik/BD4pP53rKD++tyk/4IIpP/dJKT+ZECs/SOspP6RqKj8l7So/
z7cqP4n7KT/hAyo/0R4qPzOMKj+jJCo/5jIqP9NAKz8uZCo/tiQrP0yJKj8f7So/qLUpPygJ
Kz9k9Co/o8kqPwAlLD+sLis/J+8rPxtzKz+n0So/H+wrPwDkKz+Xuys/2+MqP9nrLD/Chiw/
4+ssP4ffLD9jfSs/zoAsPzgxLD9yVyw/oaYsP6OWLT/A/Cs/1HUsP8XCLD/xkSw/5RYtPw45
LD8NnS0/eXotP9nULT+sVy0/SzotPxg0LT+pvyw/YS0uPxqsLj+cpi0/9MstP1yzLT/Q5C0/
XIktP1uCLT/kbC0/ux8uP6TsLT+fUy4/PY4uPy5LLj9G/S0/XxouP6ZoLz/eBi4/iAQuP6Aq
Lj9U6i4/byUuP2a7Lj+/dy4/YtEuP5UBLj8c9S8/x6UvP3/DLj8K2S4/nuovP5yPLz+cDC8/
6LIvPxE8MD9akC8/nCUwPwkwMD+K7y4/cZIvP5l7MD+FOjA/oLAvP3m5MD+aAC8/c9AwP9Hp
Lz+SzTA/828wP5ZNMD8WqjA/47UwP08tMT/w3TA//ZUwP9m2MT9VvzA/E2EwP4vhMD+3yDA/
jvMvP4LRLz8VyjA/fAsxP4jaMT8nLjI/z90xP4chMT+GXjI/WogxP2ABMj/KyTE/NHgxP8sm
MT/4QDE/TxcyPyGoMj+fpjE/DboxPzPSMj+CoDI/0zAyP+NDMj+gwTI/fVwzP5RVMj9JfTI/
6yAzPx6CMj/AeDI/cY8xP/o6Mj9rNzI/T7MxP0zoMj8wDTM/hV0zP1GyMz+ffDQ/O8szP4y5
Mz8juzM/+XQyP40oMz/+aDI/OSA0P3wkMz+kPjM/KIszP8MtND8a4TM/K+AzP0aaMz9OdzM/
V1o0PwoNND8l+zM/I080P3MGND9UPjQ/X20zP46hND8N5jM/QNEzPzp9ND9k4zM/s8A0P6WN
ND9KwjQ/H6M0P89pND/wOTU/ZL00P4jXND9NvTQ/VoY0PyjLND9ZgzU/lgM2P5YkND+qvDQ/
x8M1P48YNj8NqTU/08g0P1GdND/xSDU/TBs1P/NXNT+phDQ/lXU1P9cFND+q7TQ/eus0P73U
NT/0GzY/uS42P9kuNT9TuzU/XKg0P8l4NT+8WDY/oAU2P7c3Nj+GHTY/l8M1P32qNj/efTU/
Ik02P0Z/Nj/m+DU/jwg2P2H0NT9EUTc/s1Q2P6HANj/o3jY/aN43P+CFNj+AYjc/SSs2P7iO
Nj8q9jc/Y2E3P+BLNj9orTc/k1g1PxzgNj9eTDc/eBk3P4EtNj+ZbDc/6I82P0tKNj+z8jc/
jW82P/GLNz9bIzc/2c82Pxb9Nj/jlDc/iaA3PxiWNz+lxTc/9BY4P7doNj/arDY/SRQ3P7Cp
Nz+L9Tc/4+A2PzAkNz9OoDc/rG44P/EuNz8/kzc/THg3PzdBOT8A+Dc/3Us4P7qtNz8QTjg/
DQI3P42+Nz85JTg/yc43P3WeOD+c8Dc/Y2g4P9F3Nz8PLTg/eHI4P6XPOT+ILjk/IF44P0rl
OD9T6zc/SLA5P9NROT8xRDk/J685P8C3OD8S0zg/4mg5PxDmOD9Q8Tg/Kxc5P9mtOD8HuTg/
qUc5P9GCOT+1Ejk/eoQ5P0FiOT/Usjg/</AssayYData></Step></KineticsData></ExperimentResults>
