<?xml version="1.0" encoding="UTF-8" standalone="yes"?>
<ExperimentResults><ExperimentInfo Name="20250917 PE P5216 - 5377 plate 2 kappa 50 ugl"><ExpDescription>AHC example method - full characterization&#13;
Analyte titration series with reference channel</ExpDescription><RTDVersion>2.0</RTDVersion><RunID>D3453E7F-D910-462D-B051-2D13E2863725</RunID><ExperimentType>KINETICS</ExperimentType><ExperimentSubType>KBASIC</ExperimentSubType><StartDateTime>2025-09-17T15:27:33</StartDateTime><MachineName>BN7KX12</MachineName><UserName>octet</UserName><LotNumber></LotNumber><PlateName>250917</PlateName><PlateName2></PlateName2><SensorName>D1</SensorName><SensorPlate>1</SensorPlate><SensorType>AHC (Anti-hIgG Fc Capture)</SensorType><SensorRole>LIGAND</SensorRole><SensorInfo></SensorInfo><WritingSW>DataAcquisition.exe 11.0.2.1</WritingSW><InstrumentType>OctetRED96</InstrumentType><InstrumentSerial>FB-50284</InstrumentSerial><InstrumentFW></InstrumentFW><IntegrationTime>2.4</IntegrationTime><DSPType>CPF</DSPType><DSPStitching>1</DSPStitching><HasManifest>1</HasManifest><InfoHash>404921046</InfoHash></ExperimentInfo><AssayParamsInfo/><KineticsData><Step><CommonData><SampleLocation>1</SampleLocation><SampleID>Running Buffer</SampleID><SampleGroup></SampleGroup><SampleInfo></SampleInfo><SampleRow>D</SampleRow><SamplePlate>1</SamplePlate><WellType>BUFFER</WellType><Concentration>-1</Concentration><ConcentrationUnits>µg/ml</ConcentrationUnits><MolarConcentration>-1</MolarConcentration><MolarConcUnits>nM</MolarConcUnits><MolecularWeight>-1</MolecularWeight><Temperature>29.7</Temperature><StartTime>0</StartTime><AssayTime>180</AssayTime></CommonData><FlowRate>1000</FlowRate><StepType>BASELINE</StepType><StepName>Baseline 1</StepName><StepStatus>OK</StepStatus><ActualTime>180</ActualTime><CycleTime>0.2</CycleTime><AssayXData Points="900">AAAAAKjGSz4EVs4+mpkZP83MTD8AAIA/1XiZPzMzsz8IrMw/okXmPzvf/z/NzAxAmpkZQGZm
JkDRIjNAnu8/QM3MTECamVlABFZmQNEic0AAAIBANV6GQJzEjEACK5NA/KmZQM/3n0A1XqZA
nMSsQDMzs0CamblAAADAQDVexkCcxMxAAivTQGiR2UDP999AZmbmQM3M7EACK/NAaJH5QM/3
/0B9PwNBZmYGQYGVCUG0yAxB5/sPQRsvE0FOYhZBgZUZQbTIHEHn+x9BGy8jQU5iJkGBlSlB
zcwsQQAAMEEbLzNBTmI2QYGVOUG0yDxBGQRAQRsvQ0FOYkZBgZVJQc3MTEEAAFBBMzNTQWZm
VkGBlVlBtMhcQef7X0EbL2NBZmZmQYGVaUHNzGxBAABwQTMzc0FmZnZBmpl5Qc3MfEE9CoBB
mpmBQTMzg0HNzIRBZmaGQQAAiEGamYlBMzOLQc3MjEFaZI5BAACQQZqZkUEzM5NBzcyUQWZm
lkEAAJhBmpmZQTMzm0HNzJxBWmSeQQAAoEGamaFBokWjQc3MpEFmZqZB9P2nQZqZqUEzM6tB
wcqsQWZmrkEAALBBmpmxQScxs0HNzLRBZma2QQAAuEGamblBMzO7Qc3MvEFmZr5BAADAQZqZ
wUEzM8NBzczEQWZmxkEAAMhBjZfJQScxy0HBysxBWmTOQQAA0EGNl9FBMzPTQc3M1EFmZtZB
AADYQZqZ2UEnMdtBzczcQWZm3kEAAOBBmpnhQTMz40HNzORBZmbmQfT950GNl+lBMzPrQcHK
7EFmZu5BAADwQZqZ8UEnMfNBzcz0QWZm9kEAAPhBjZf5QScx+0HByvxBWmT+QQAAAELNzABC
mpkBQmBlAkItMgNC+v4DQs3MBEKTmAVCYGUGQjMzB0IAAAhCx8sIQpOYCUJmZgpCLTILQhkE
DELHywxCk5gNQmZmDkItMg9CEgMQQs3MEEKTmBFCYGUSQi0yE0L6/hNCx8sUQpOYFUJgZRZC
LTIXQvr+F0LHyxhCk5gZQmBlGkItMhtC+v4bQsfLHEKTmB1CYGUeQi0yH0IAACBCx8sgQg6t
IUJgZSJCMzMjQvr+I0IX2SRCk5glQmBlJkItMidC+v4nQsfLKEKTmClCZmYqQi0yK0IAACxC
zcwsQpqZLUJmZi5CMzMvQgAAMELNzDBCmpkxQmZmMkIzMzNCAAA0Qs3MNEKamTVCZmY2QjMz
N0IAADhCzcw4QpqZOUJmZjpCMzM7QgAAPEIQ2DxCmpk9QmZmPkIzMz9CAABAQs3MQEKamUFC
ZmZCQi0yQ0IAAERCzcxEQpOYRUJmZkZCRjZHQgAASELNzEhCk5hJQmZmSkIzM0tCAABMQs3M
TEKTmE1CZmZOQi0yT0IAAFBCzcxQQpqZUUJmZlJCMzNTQgAAVELNzFRCmplVQmZmVkItMldC
+v5XQsfLWEKTmFlCYGVaQjMzW0ISA1xCzcxcQpOYXUJmZl5CWDlfQgAAYELNzGBCmplhQmZm
YkItMmNC+v5jQsfLZEKamWVCYGVmQjMzZ0L6/mdCx8toQpqZaUJgZWpCMzNrQgAAbELNzGxC
k5htQmBlbkIzM29CAABwQsfLcEKTmHFCZmZyQjMzc0L6/nNCx8t0QpOYdUJgZXZCMzN3Qvr+
d0Ls0XhCmpl5QmBlekIzM3tC+v57QsfLfEKTmH1CYGV+Qi0yf0IAAIBCZmaAQs3MgEIzM4FC
F5mBQn3/gULjZYJCSsyCQrAyg0IXmYNCff+DQuNlhEJKzIRCsDKFQheZhUJ9/4VC42WGQkrM
hkKwModCF5mHQgAAiELjZYhCSsyIQjMziUIXmYlCAACKQulmikJKzIpCsDKLQheZi0IAAIxC
ZmaMQs3MjEKwMo1CF5mNQgAAjkJmZo5CYtCOQj81j0KamY9CAACQQmZmkELTzZBCMzORQpqZ
kUIAAJJCZmaSQs3MkkIzM5NCmpmTQgAAlEJmZpRCzcyUQjMzlUKamZVCqAaWQmZmlkLNzJZC
MzOXQpqZl0IAAJhCZmaYQs3MmEIzM5lCF5mZQn3/mUJmZppCzcyaQkY2m0KamZtCAACcQuNl
nELNzJxCMzOdQpqZnUJ9/51CZmaeQs3MnkIzM59CmpmfQgAAoEL2aKBCzcygQrAyoUKamaFC
ff+hQuNlokJKzKJCsDKjQpqZo0IAAKRCZmakQkrMpEIzM6VCF5mlQgAApkJmZqZCzcymQjMz
p0IXmadCff+nQmZmqELNzKhCMzOpQpqZqUJ9/6lCZmaqQkrMqkKwMqtCF5mrQgAArEJtZ6xC
SsysQrAyrUIXma1Cff+tQuNlrkJKzK5CMzOvQheZr0J9/69CZmawQkrMsEKwMrFCL52xQgAA
skLjZbJCzcyyQrw0s0KsnLNCff+zQuNltELNzLRCtjO1QheZtUJ9/7VC42W2Qs3MtkKwMrdC
F5m3QgAAuELjZbhCSsy4QrAyuUKamblCff+5QuNlukJKzLpCMzO7QheZu0KJAbxC42W8QkrM
vEKwMr1CF5m9Qn3/vULjZb5CSsy+QrAyv0IXmb9CAADAQuNlwEJKzMBCsDLBQheZwUJ9/8FC
42XCQkrMwkKwMsNCF5nDQuwRxELjZcRCSszEQjMzxUIXmcVCAADGQuNlxkLTzcZCMzPHQpqZ
x0J9/8dCIXDIQs3MyEIzM8lCmpnJQgAAykJmZspCzczKQjMzy0KamctCAADMQmZmzELNzMxC
MzPNQpqZzUKJAc5CZmbOQs3MzkIzM89CmpnPQn3/z0JmZtBCzczQQrAy0UKamdFCAADSQmZm
0kJo0dJCMzPTQpqZ00IAANRCmG7UQs3M1EIzM9VCmpnVQgAA1kLjZdZCzczWQrYz10KamddC
AADYQmZm2ELNzNhCMzPZQpqZ2UJ9/9lCZmbaQs3M2kIzM9tCmpnbQgAA3EJmZtxCSszcQjMz
3UKamd1CAADeQuNl3kJ71N5CsDLfQheZ30J9/99CeWngQs3M4ELJNuFCmpnhQn3/4UJmZuJC
SsziQrAy40KameNCff/jQuNl5EJKzORCsDLlQheZ5UJ9/+VCZmbmQs3M5kKwMudCmpnnQn3/
50LjZehCzczoQrAy6UKamelCBgHqQuNl6kJKzOpCsDLrQheZ60IAAOxC42XsQs3M7EKwMu1C
F5ntQgAA7kLjZe5CzczuQrAy70IXme9Cff/vQmZm8EJKzPBCsDLxQheZ8UIAAPJC42XyQkrM
8kIzM/NCF5nzQgAA9EJmZvRCSsz0QrAy9UKamfVCff/1QmZm9kLs0fZCMzP3QheZ90IAAPhC
42X4QkrM+EIzM/lCmpn5QgAA+kLpZvpCSsz6QrAy+0KamftCff/7QmZm/ELNzPxCsDL9QheZ
/UJ9//1C42X+QkrM/kIzM/9CF5n/QkIAAEMzMwBDZmYAQ5qZAENWzgBDAAABQzMzAUNmZgFD
mpkBQ83MAUMAAAJDMzMCQ2ZmAkOamQJDzcwCQwAAA0MzMwNDZmYDQ5qZA0PNzANDAAAEQ7w0
BENmZgRDmpkEQ83MBEMAAAVD8jIFQyVmBUOamQVDzcwFQwAABkPyMgZDZmYGQ5qZBkPNzAZD
AAAHQ/IyB0MlZgdDmpkHQ4vMB0MAAAhDMzMIQ2ZmCEOamQhDzcwIQwAACUMzMwlDJWYJQ5qZ
CUPNzAlDAAAKQzMzCkNmZgpDWJkKQ4vMCkMAAAtD8jILQ2ZmC0OamQtDi8wLQ77/C0PyMgxD
JWYMQ5qZDENQzQxDvv8MQzMzDUNmZg1DWJkNQ4vMDUO+/w1DMzMOQ2ZmDkOamQ5DzcwOQwAA
D0MzMw9DJWYPQ5qZD0PNzA9Dvv8PQzMzEEOuZxBDmpkQQ83MEEMAABFD8jIRQyVmEUOamRFD
zcwRQ77/EUN7NBJDJWYSQ1iZEkOLzBJDvv8SQ/IyE0MlZhNDWJkTQ4vME0O+/xND8jIUQ2Zm
FENYmRRDzcwUQ77/FEMzMxVDJWYVQ6abFUOLzBVDAAAWQzMzFkMlZhZDWJkWQ4vMFkMAABdD
/jQXQyVmF0NYmRdDi8wXQ77/F0M5NBhDJWYYQ5qZGEOLzBhDvv8YQ/IyGUMlZhlDWJkZQ83M
GUO+/xlDMzMaQ2ZmGkNYmRpDi8waQwAAG0PyMhtDJWYbQ1iZG0PNzBtDAAAcQ3UzHEOoZhxD
mpkcQ83MHEMAAB1DMzMdQzdpHUOamR1DzcwdQwAAHkMzMx5DZmYeQ5qZHkPNzB5DAAAfQzMz
H0NmZh9DmpkfQ83MH0NIASBDMzMgQ2ZmIEOamSBDzcwgQwAAIUMzMyFDZmYhQ1iZIUPNzCFD
AAAiQzMzIkNmZiJDmpkiQ83MIkMAACNDMzMjQzFoI0OamSNDzcwjQwAAJEMzMyRDwWokQ5qZ
JEPNzCRDAAAlQzMzJUNmZiVDmpklQ83MJUMAACZDzzcmQ7RoJkOamSZDi8wmQwAAJ0PyMidD
JWYnQ9uZJ0NWzidDAAAoQ/IyKENmZihDWJkoQ4vMKEO+/yhDMzMpQ2ZmKUNYmSlDzcwpQ77/
KUMzMypDZmYqQ1iZKkOLzCpDAAArQzMzK0MlZitDWJkrQ4vMK0O+/ytD8jIsQ2ZmLEOamSxD
i8wsQ77/LEMzMy1DZmYtQ5qZLUOLzC1Dvv8tQ/IyLkNmZi5DmpkuQ4vMLkMAAC9DMzMvQ2Zm
L0Phmi9DzcwvQ77/L0PyMjBDK2cwQ1iZMEPNzDBDvv8wQ/IyMUMlZjFDmpkxQ4vMMUMAADJD
MzMyQyVmMkOamTJDzcwyQ2AFM0PyMjNDJWYzQ1iZM0PNzDND</AssayXData><AssayYData Points="900">AAAAAEft0jtxoE87lcA+O+sdvTuSXew7DiT2O0p6FTxE66M7EiivO+QEuDvSag08EtX9O9jY
kzudsAQ8lVfLO8ahlTum/w48p3f3O12jGDw/xLU7LesjPMtNADyxCy88kYQRPMnL6zuffAc8
Kb4GPAvOqju2pxU8rurkO2vkBDxbryU8a8olPFprFjylL/E7cfUJPMHVFzxf/xQ8vSwGPEUq
FDz8bCc8uQ76O4d1ATz/Sgs8Dx0EPPkOPzxBEs07SbQWPBb6HzzNkOE7urgZPCYdDDwbEsQ7
yPQyPBijEzxTtbg7VJYXPFZUKzzywhg898C4O+ssGzyVORc8FjP7Oxa2LTzbNA4893cEPETO
QDz9ziE8v+ekOyMWVDybyCE8Wr0YPAMZGjxbBhQ8nGVVPJRybTwDNdM7tXRCPEJzPzwT71Q8
GbBoPELSOjyXH2o8UW2xO7tnMzzthwE85eneO2W4Nzz19CE8afnNO2NpTTy8RDA8DP5HPP6F
rTuZRB48iOoUPPxoGDzH0iM8JPM4PP6gHDz/LSU85Ij7O8fHKzwdQxo850kvPCAUbDx7ZyM8
V+0EPACCCzw1HIQ7HaYdPMb6SzxfXxM8YiInPNpUGzyWFD88EdfWOwr8HzzBoBs8Zy0APAXB
vjsIiy080uruO66EHTy3Vm47YAQDPBuQ1ztV1yk8tBcRPHuQXjwNcjY8DYPLO0FMIjwTkYM7
n7c3PGhqRjzedgA8FiRzPCFsHDziRBA8FwMIPPsKSTz67sw78/ghPMB5LDx2Ofw7XP7zO7u3
PDyk4cs7lnI5PJVwJjylk9U7pVUoPD3+bzz3gx88rqm8O3SwPzxBlQc8tHtDPHApBzznSDE8
lJ5TPNZ/PTzbOe07kWIgPDIeBzyCack7A7wxPJ4rDjzQTFM8Ck84PINsKTwWYCI8IOoFPEm8
BTy9rsY7FDUbPDsGYTywQwc8h79QPHEKHTzv8e07oCswPKRTIjzmVT48ZNgBPOWRHzyNors7
zD0UPO6/UjwvQRs8P9IOPDTDITxKaDE80RcNPJDSIjyZOPA7JSgpPLTAFjwXqAg8KoIjPOpD
ZDz17SQ8uwgVPCX35Dsx3TE8hRp3PORoHzyLf0883i/xOzPu2jukbbo7r84FPEoZQzyMoBM8
/VG9O0NJRzxmfSY86dkCPJjFbzwAlkA8oW0rPD0bqDt0tgc8G8YOPO5rHTzBo/I7V2iDO4YY
Jzz22xg8WuAjPGUsGDztP/g7AtgYPCOAFTwSYB08K2QjPJ1jBTxOxEI80k/cO7RvFzzh0Bg8
++cUPJjl+ztaL6s7y2bmO5gAEDwj3Fg8MDD7O+wVmjt2dUk8vJgPPEKqNjzLmdg7zFcfPHWo
GDyLzBU8TC0ePNINwjtW8xk8Z0HwOxdZ0Tu2f+U7ZPrnO3/zFDx0/CI8AxcJPIiJ2zsdTB88
53YFPEBSbjtI6x88cXEMPBW7JTwKDRA8olIQPLnEFDzeSs87r90CPL5aLDwwPvA7cmvqO1ti
qzvh8W08PB0GPCAv9zvoMTw8jd3gO3lLVjzkOw885XP+O7UTPTzRRCE8JJlEPJ8gYTwnv8U7
a9RNPOkg+jtumhk8vaitO+8g5jvLZQc8R8r4O9GvBzxOO7s7TcXIO3W+OTyuGUw86M2aO4ms
5zveur07AMx8O/kQYDxu2ws7JIolPHmLEDx2qBc8ffYZPD96HTw4tgU8fJr1OzwLUDt6thA8
72IBPIwhCjzTD4I7X4MrPBHk+jsMF8472nu6O0ZzKDwe2h0869itO9WLBjxcf4s7XmtqO6Nc
FzzAjxI80iQaPHWciTsjPvM7ySHNOxQ1YTtrpvk70mPoO76mDjxeOBw8KWfJOzvUFDz+rPc7
Nr8NPCRFIjzSDx08uFGtO2mRaztD6aM7N52VO2zrLDzYSgg8V2uoOxLfHjyOFBA8cEYZPL/T
UTs+Ug88q6u6Ow+qATx1/OI7Oy8cPO0xRzxmSwE8XH7UO63wszt1of47x0+wO+82ADx2Fxg8
vei6O83mjTtkLB87jl8CPEXO1ju+iqg7Xff4O0jy/jv7I787LfolPJtgIjxiDqo7BoVKPDiG
Pjzmhyk8N0AJPOJC4DtgE6s7mDcpPIU9jTsAZhI7vkUhPDdd/zu2vsw7ZQw7PG2sRDsUZP07
AicvPPidnDs0TVE7kjyqO5VU3TtEeQ88VsLUO5e00TstTBY86cauOJR/DzxsmDM87drxO2Fs
SzvoEcc7yIIYPAh7BjzlGk47Tem+O0r+6Dt0yMY7DF5pOx6hvzvlFd47oI4wPFoW9DtRcBM8
eK1fO8RCGDx/oqQ75jkePDG22jsEBUE70AO1O0PYmzhazfw707sJPPkFujv9BL87Q44yOybJ
ljsYScA71zu0O0W1CjzIExw8xIMCPFhEGTu1y7I7U4wbPPtfkTuixRY8HLOyOxs+tztJqAA8
Jz+GO9RZ3DvfXO07ShC9O5VFzDvDwNE7AtaTOwun5DuA7807W0I/O3DwXjuJWCM6AavUO9a6
/TqWDhA7KP2rO/TuuDubJIw7y2CeO8f+hjunYcA7vFYQO1pXAjzdZ7c7MsHtO4EkqDsIcoU7
H6fdOp+5mTuGUo877bN6Oxw2XzsgvjI8b/CgO6zowDsqsQE8uvl5OxW6czu27fU7cEG4O81u
2jtMvJI7JC2QO2MlpTuz7+o7FKj5OiPsrjs0Roo6dESxO4RPljuLmRo7HPL7Ows/bjs4cKa5
lEcCPKfr3jseqsI7AumROzj+zjpzZ6I7TsJ4O5SBlztIVBc8ZOQ3O8YI7zpRVbU7ARIQuqdL
6zrev5M7dKiWO6QC4DvLyBA8xYqdOyYuXTuDGMo7Wo/JO11nljt717E61cn3OwFk3zvdcpQ7
lcgEPDNcjjrj9JU7jBk4O6+LGjsBCJ04spCYOzqhxTsHhMI7tpaMO68bYDtaaCg7pSGkOyJE
MDrSUv07cT+HO/olMTt9Lm87wbfGOnsqgDv+aBe5QRcQO3wVcjv/A5g7ZzMuut0UljtXMfY7
DzxtO3VbmDn2KKM7Fs6QO8owpzoYw/Y7vJt4uuNwCjuHqGc7KXEtO78YMDsLtZA7t3xat+Yi
tTsAQek68QlWOzRrRzkAIAM7L0IvPH2qhzuwOZY7ydiWO8pQjzvZiI876Xu+O++uNjoa1ik7
BL97O/oNBTv1fuQ7XCwVO52+mzsL0eA66ihJO6ctgjuvhMA7SjGWO1kQaDv7L+k6a/s5Oxuk
ETvTBjk7aGqrO4pfKzsx3Xw7zeRKuGMHVjvFlLU7qoe0OcdSlzofEGs74iI1Ow2Jujst6Hw7
deuIuhmK0TtcFyI77SlyOpBHETrc8vI6x1VYOxoiIDuLxco6l29UO7D+uztuodE5RL6Vujhz
DTsQO6g7xmF4O5VHuDuf+Iw7PgaVOj163zrK2Zm5bnKNOvsjNjrz4lA7ElWrOr9+nbtcHow6
osBCO0KQWztqr/M6gvViOux3UjsBPn67npykOgkjATt1XZM77s84Ovx2GrqSglu6Z3/7t7xu
g7nFSIG4SCakOqMpkjsKEiE7Km1muiuBVzsu9wi6lM6yOr5AcjvMTtc62vn7udGkPjtG1tO5
pVe0On+92jkrixS7Jc4cOQBLYzva/Vc7BkeOO4IZbjt/CC07t6Yju+0slzl91No7ZQtBOjID
qjqrPsE7Ft1Suix61boikV06/Widu48GILgx8+m5QI6GOwS+BTn5eR87qe2zOvGxO7sZxC87
OwuvOWZs4Tr8xmA7ixzuOvE5Qrvnnz07snQENtTlFTpWf5w5hu2puBjBszp3oZQ6adRFuu44
rDp3ROo6ahqbOocsMDsbryy7+pxzu0y+nzuPAJ67PhGcOkkrDjvWs2M6rpDPOnWCoDv+hyO6
e2+wu5LTeToFTQ07RYauOy7CDTnV0CE6gExsu6lX1jlnuBI758DDOg8pWrvOVA275IClOijv
Rbu4FW67eSv+uhYeiDrO2w862c9ouoqMwrmmgfe6YHPBuhUzQLoUPhC7YMyruqaH0LomUga7
MLybuv1BVDvVslu66aKkO+1yLjroj5o7Zr9OO+XqFbsh9sc5whCsOrq8BrriTyK6vG+jObPs
IzrVIiI7gAKvuq08qTnIKiC6faA4u/puzDrTb586NFm6uj9oFzshTEe7ad/9OazXMTsl+ga6
zwInO+6o2rlnNqG6PeMeuu1GIzp89+g5bEiLO7CJ+TkTLYa7fK8eOs0vObuUwCc66ytaOWiE
z7lhekk7Gv4muwwa7jdZxpK6zEzPOqnYAru4Goq79BK4ubjd2rpNfbG37v8muh2B3DitYbk4
YCdAOfgAuLoz+EC6C4U7u/yexjnlCiw78coUuam+UbuEV0I6Vnk+uvG+mrrF4LU6N/0KO7mM
nrvoxY67uxbzOsliTDsGsrc4XKYJOne3BDmsvya769F1O4LB+rpksoW5LyuZujFNhbqmlX67
PN4du0XvtjlOhee6ZnJqutcEm7vQJZO7VZZjOp6qIzsNVYe7cPKHu+030bpTI4i5lEdSuYJt
mLpiIcm7ia/luprkgroPs0y73emouvY7tDhC04O7ypS9ODzGLbrU0iu7EnINu0Z+hLv22vy7
a3c/O3QPcLu6M4k68pxJu5SnkbtIG0k6Ks2yuj+rE7oPJc66dAmkuunbDjvaLdu67zRJuy4e
XLqq9TC6vOWMulMI4bvhAQC6J2Udu6eokbvuwsq6QzwZutnZeztWjco6d95NuzLqJzv1McS6
E+8Cu9p6GrrJo+y6aEziuzKjWLtziAi7f3Rsu7YyRLta0BS7</AssayYData></Step><Step><CommonData><SampleLocation>2</SampleLocation><SampleID>10mM Glycine pH1.7</SampleID><SampleGroup></SampleGroup><SampleInfo>or other Regeneration solution</SampleInfo><SampleRow>D</SampleRow><SamplePlate>1</SamplePlate><WellType>REGENERATION</WellType><Concentration>-1</Concentration><ConcentrationUnits>µg/ml</ConcentrationUnits><MolarConcentration>-1</MolarConcentration><MolarConcUnits>nM</MolarConcUnits><MolecularWeight>-1</MolecularWeight><Temperature>30.1</Temperature><StartTime>207922</StartTime><AssayTime>20</AssayTime></CommonData><FlowRate>1000</FlowRate><StepType>CUSTOM</StepType><StepName>condition</StepName><StepStatus>OK</StepStatus><ActualTime>20</ActualTime><CycleTime>0.2</CycleTime><AssayXData Points="100">AAA0Q/IyNEMlZjRDAKA0Q4vMNEMAADVD8jI1QyVmNUOamTVDi8w1Q77/NUMzMzZDqGY2Q1iZ
NkOLzDZDvv82Q/IyN0MlZjdDWJk3Q4vMN0O+/zdD8jI4QyVmOENYmThDi8w4QwAAOUPyMjlD
JWY5Q1iZOUPNzDlDAAA6QzMzOkNmZjpDmpk6Q83MOkMAADtDMzM7Q2ZmO0OamTtDzcw7QwAA
PEPyMjxDZmY8Q5qZPEPNzDxDAAA9Q/IyPUNmZj1Dmpk9Q83MPUMAAD5DMzM+Q2ZmPkNYmT5D
zcw+Q77/PkMzMz9DZmY/Q5qZP0PNzD9DAABAQzMzQENmZkBDmplAQ83MQEMAAEFDMzNBQ2Zm
QUNYmUFDzcxBQwAAQkMzM0JDZmZCQ5qZQkPNzEJDAABDQzMzQ0NmZkNDWJlDQ4vMQ0MAAERD
MzNEQyVmREOamURDzcxEQwAARUMzM0VDJWZFQ5qZRUPNzEVDvv9FQ/IyRkNmZkZDWJlGQ83M
RkO+/0ZD8jJHQyVmR0OamUdDzcxHQw==</AssayXData><AssayYData Points="100">z/GbvpHyjb7r8Xe++g9lvsgNXL7rJlW+lshWvtPtUb7PfVa+tFxZvuwzXL5ixWK+hDVnvj/M
aL5M6W2+iPZtvji7dr5HBHe+8i1+vubNfb6UVn++TdCAvqNwg75WSIW+TlCIvpmCib6pvoq+
4KyJvsuUjr66xo2+AfSMvomdj74cPI++yueRvi/lkb6itpS+K4WTvqWrlb6qJ5a+XSaZvsxU
mb79Dpi+LgaavqWrm77tYJu+5iufvoLSn767/6C+JUOevtXbn74rbKG+Z5OhvtIXo76PmqC+
ulSjvrpYpr6Cyqa+okCnvrBSqL53lKa+CTKnvnG3qb4CeKm+YbSpvuYBqb4wea2+Idurvof1
rb5Zxay+nFatvg0BsL5RgK++AK+tvrRnsL66BrG+sZS0vg6FsL4ZrLK+ufy0vg3Tsr5AC7O+
Umi0vjcPs77/RLe+NzS3vkrttr7mFrS+gcG3vo40ub6QZ7i+VYq4vgk+uL62H72++ga7vo1A
u74rUry+mdG8vgYnu76pp7q+83W9vg==</AssayYData></Step><Step><CommonData><SampleLocation>1</SampleLocation><SampleID>Running Buffer</SampleID><SampleGroup></SampleGroup><SampleInfo></SampleInfo><SampleRow>D</SampleRow><SamplePlate>1</SamplePlate><WellType>BUFFER</WellType><Concentration>-1</Concentration><ConcentrationUnits>µg/ml</ConcentrationUnits><MolarConcentration>-1</MolarConcentration><MolarConcUnits>nM</MolarConcUnits><MolecularWeight>-1</MolecularWeight><Temperature>30</Temperature><StartTime>233716</StartTime><AssayTime>20</AssayTime></CommonData><FlowRate>1000</FlowRate><StepType>CUSTOM</StepType><StepName>condition</StepName><StepStatus>OK</StepStatus><ActualTime>19.999</ActualTime><CycleTime>0.2</CycleTime><AssayXData Points="100">AABIQ/IySEMlZkhDI5tIQ4vMSEMAAElDMzNJQyVmSUOamUlDi8xJQwAASkPyMkpDJWZKQ1iZ
SkOLzEpDAABLQ/IyS0NmZktDWJlLQ83MS0O+/0tDMzNMQ6hmTEOamUxDzcxMQwAATUMzM01D
ZmZNQ5qZTUPNzE1DAABOQzMzTkNmZk5DmplOQ83MTkMAAE9DMzNPQ2ZmT0OamU9DzcxPQwAA
UEMzM1BDZmZQQ5qZUEPNzFBDAABRQzMzUUMrZ1FDmplRQ4vMUUMAAFJD+DNSQ2ZmUkOamVJD
zcxSQwAAU0MzM1NDZmZTQ1iZU0PNzFNDvv9TQ/IyVEOoZlRDmplUQ83MVEMAAFVDMzNVQ2Zm
VUOamVVDzcxVQ77/VUMzM1ZDZmZWQ5qZVkOB1VZDywFXQzMzV0MlZldDmplXQ83MV0MAAFhD
MzNYQ2ZmWENYmVhDi8xYQ77/WEM5NFlDJWZZQ5qZWUPNzFlDvv9ZQzMzWkNmZlpDmplaQ83M
WkO+/1pD8jJbQyVmW0NYmVtDi8xbQw==</AssayXData><AssayYData Points="100">64+CvSb6070uX/K9Xmn+vaXdA75dCwC++jv9vYIJAb4cnvy9paD6vRt//70zHvu9zUz0vW7a
8701zvS9LZLkvfju670Muei9S7/qvacJ7b015d292RfgvcHA3r0x+Oa9QEHgvb5n272va+K9
Iv3cvc822L3jR9i9Q0vbvYff273qSdO9k4zPvQ7Vzr2B8s29kxnRvapL0b3nvs+9DwjUvVdF
z736s9K9+BnMvUY4y73Dyca9PznTvWRRyr37P8W93efNvTsuxr1vBMq9pZDHvSAxzL15vMm9
EZ7Mvdzbx72B5ce9vxTMvWRsw71Al8m9M8fSvZbhyb1nZMq9Z7nGvcSsyr1OBsy9+YW+vacc
w72X4Mi9YZ/EvaWgxL0g8MK9Ddq+vQqJxb0iHMW9+t3HvQj3xb1Jjb29rErBvWIIs73bjsG9
xAPPvWgpv71qbMW9dOXBvdi5yL0pGbi9hoq+vZGJvb1ZI769vjbJvVkQwL2VRr69DvO8vYSD
tb0sB7S9Oni3vTeCwb2x2by9IFu+vQ==</AssayYData></Step><Step><CommonData><SampleLocation>2</SampleLocation><SampleID>10mM Glycine pH1.7</SampleID><SampleGroup></SampleGroup><SampleInfo>or other Regeneration solution</SampleInfo><SampleRow>D</SampleRow><SamplePlate>1</SamplePlate><WellType>REGENERATION</WellType><Concentration>-1</Concentration><ConcentrationUnits>µg/ml</ConcentrationUnits><MolarConcentration>-1</MolarConcentration><MolarConcUnits>nM</MolarConcUnits><MolecularWeight>-1</MolecularWeight><Temperature>30</Temperature><StartTime>259400</StartTime><AssayTime>20</AssayTime></CommonData><FlowRate>1000</FlowRate><StepType>CUSTOM</StepType><StepName>condition</StepName><StepStatus>OK</StepStatus><ActualTime>19.999</ActualTime><CycleTime>0.2</CycleTime><AssayXData Points="100">AABcQ7AyXEPjZVxDWJlcQ0nMXEO+/1xDsDJdQ+NlXUNYmV1Di8xdQ3z/XUOwMl5DJGZeQ1iZ
XkOLzF5Dvv9eQ3o0X0MkZl9DWJlfQ4vMX0O+/19D8TJgQyRmYENYmWBDi8xgQ77/YEPxMmFD
JGZhQ1iZYUOLzGFDvv9hQ/EyYkMkZmJDIptiQ4vMYkO+/2JD8TJjQyRmY0NYmWNDi8xjQ77/
Y0PxMmRD6WZkQ1iZZEOLzGRDvv9kQ7AyZUMkZmVDWJllQ0nMZUMGAWZDsDJmQ+NlZkNYmWZD
i8xmQ3z/ZkPxMmdD42VnQ1iZZ0NJzGdDvv9nQ/EyaEMkZmhDFploQ0nMaEO+/2hD8TJpQ2Zm
aUMWmWlDi8xpQ77/aUPxMmpD9WhqQ1iZakNJzGpDvv9qQzMza0MkZmtDWJlrQ4vMa0N8/2tD
UjhsQyRmbENYmWxDi8xsQ3z/bEOwMm1DJGZtQ1iZbUOLzG1DfP9tQ/EybkPjZW5DmZluQ1bO
bkN8/25D8TJvQ+Nlb0MonG9Di8xvQw==</AssayXData><AssayYData Points="100">91rovhO81r6oHMK+tOi3viZhr74dWqm+PPSnvivvpb79Rqa+/lGlvqUZpr5R+ae+pf2ovjPU
q76Xsqu+hu2pvvHzrb47Oq++Y06wvlOer77gwrK+VqGyviHvtr4QMLS+nP+0vnQCtr7ft7e+
ylq3vqZTt75kDbm+C5+5vj9Nub7yg7y+MeO7vhI0vb4xpry+AVG9vrufvr61/72+91K/vvLW
v76WuMK+noPBvuX+w74XicO+4jPDvp8Iwr6u6cW+zQ/FvpFqxr6lm8e+uUrGvl7NyL5KbMe+
WqPHvjChyL5sS8m+vefHvl/8yL4K8Mq+7SbLvsp7zb635cq+i5fMvkwazL6Mrs2+JCbNvoLm
zr79Os6+xo7OvkfLz76UJs++PbrQvjCdz74WfM++HYDPvokN0L4SDM++IALRvkdJ0b7a9NC+
kx3Tvva4075LrNS+fr/Svk2a0r4ectW+AQzUvlPx1L5XO9W+E2LWvri9076YWtS+zzLWvl79
2L4LxNa+pvzWvjpZ2L5rfNi+2KXZvg==</AssayYData></Step><Step><CommonData><SampleLocation>1</SampleLocation><SampleID>Running Buffer</SampleID><SampleGroup></SampleGroup><SampleInfo></SampleInfo><SampleRow>D</SampleRow><SamplePlate>1</SamplePlate><WellType>BUFFER</WellType><Concentration>-1</Concentration><ConcentrationUnits>µg/ml</ConcentrationUnits><MolarConcentration>-1</MolarConcentration><MolarConcUnits>nM</MolarConcUnits><MolecularWeight>-1</MolecularWeight><Temperature>30</Temperature><StartTime>285059</StartTime><AssayTime>20</AssayTime></CommonData><FlowRate>1000</FlowRate><StepType>CUSTOM</StepType><StepName>condition</StepName><StepStatus>OK</StepStatus><ActualTime>20</ActualTime><CycleTime>0.2</CycleTime><AssayXData Points="100">vv9vQ/EycEPjZXBDFplwQ4vMcEOJAXFD8TJxQyRmcUMWmXFDi8xxQ3z/cUPxMnJDJGZyQxaZ
ckOLzHJDfP9yQ7Ayc0MkZnNDFplzQ4vMc0O+/3NDsDJ0QyRmdENYmXRDScx0Q77/dEPxMnVD
JGZ1QxaZdUOLzHVDfP91Q/EydkPjZXZDWJl2Q4vMdkN8/3ZDsDJ3Q+Nld0NYmXdDi8x3Q3z/
d0OwMnhD42V4QxaZeENJzHhDfP94Q7AyeUPjZXlDWJl5Q0nMeUO+/3lDsDJ6Q+NlekMWmXpD
Scx6Q3z/ekOwMntD42V7QxaZe0NJzHtDvv97Q/EyfEPjZXxDFpl8Q4vMfEN8/3xDsDJ9Q+Nl
fUMWmX1DScx9Q3z/fUOwMn5DJGZ+QxaZfkNJzH5DfP9+Q/Eyf0PjZX9DFpl/Q0nMf0O+/39D
WBmAQxIzgEOLTIBDRWaAQ99/gEOZmYBD8bKAQ6zMgENF5oBD3/+AQ3kZgUNUM4FDrEyBQ0Vm
gUPff4FDeZmBQxKzgUOszIFDReaBQw==</AssayXData><AssayYData Points="100">H6+Hva/+370dYAe+gawPvmfZFr7NEx2+p/0XvuTRF74F8xa+VpMYvoyRGb5p9BG+kHsWvv1Z
E77l9RC+i1YUvjhiEL6vhwu+Ce4Svr7EEb5HHA2+S1IMvnxGDb4tHg2+oXYHvpfwCb6XUgi+
7IsJvl14BL7ugAe+a4cGvlzyBb7vcAO+o0sHvku1BL6cPgi+LQ0EvvR4A74XNAe+8zYCvu2H
Ar6pYwW+yPr4vTnvAb7DqAK+Qoj+vb4F/r31DwC+8Zr3vRHvBL4epAG++l7+veup/70tgAW+
6NsDvrvh/b2TSwG+5uz/velv/724kAG+xowEvkVi/b0A5vy93PgAvhuuAL67jf69SQv+vWKX
+b3Eb/O9/fzzveJT/71BEPq98q30veV9Ar6kYPO9A334vZrZ9L36Cvm9bPP/vZ5V+b0Lo/29
w0T5vX53/L1Hf/i9w6v2vdma+72fh/u9G4L9vSWC/71Wtv29C1/0vQXE8r0+CvC9KJD0vfx1
+L3JJfq94knrvS4G+b3EYPS9PQr6vQ==</AssayYData></Step><Step><CommonData><SampleLocation>2</SampleLocation><SampleID>10mM Glycine pH1.7</SampleID><SampleGroup></SampleGroup><SampleInfo>or other Regeneration solution</SampleInfo><SampleRow>D</SampleRow><SamplePlate>1</SamplePlate><WellType>REGENERATION</WellType><Concentration>-1</Concentration><ConcentrationUnits>µg/ml</ConcentrationUnits><MolarConcentration>-1</MolarConcentration><MolarConcUnits>nM</MolarConcUnits><MolecularWeight>-1</MolecularWeight><Temperature>30</Temperature><StartTime>310866</StartTime><AssayTime>20</AssayTime></CommonData><FlowRate>1000</FlowRate><StepType>CUSTOM</StepType><StepName>condition</StepName><StepStatus>OK</StepStatus><ActualTime>20</ActualTime><CycleTime>0.2</CycleTime><AssayXData Points="100">3/+BQ3kZgkMSM4JDrEyCQ0VmgkPff4JDeZmCQxKzgkOszIJDReaCQ9//gkN5GYNDEjODQ6xM
g0NFZoND33+DQ3mZg0MSs4NDrMyDQ0Xmg0O+/4NDeRmEQ/EyhEOsTIRDRWaEQ99/hEN5mYRD
ErOEQ6zMhENF5oRD3/+EQ3kZhUMSM4VDrEyFQ0VmhUO+f4VDeZmFQxKzhUOszIVDJeaFQ9//
hUN5GYZDEjOGQ6xMhkNmZoZD33+GQ3mZhkMSs4ZDrMyGQ0XmhkPf/4ZDeRmHQ/Eyh0OLTIdD
JWaHQ75/h0NYmYdDErOHQ6zMh0Pp5odD3/+HQ3kZiEMSM4hDrEyIQyVmiEPff4hDeZmIQxKz
iEOLzIhDJeaIQ9//iENYGYlD8TKJQ4tMiUNFZolDvn+JQ1iZiUPxsolDrMyJQ0XmiUPf/4lD
WBmKQ/EyikOsTIpDRWaKQ75/ikNYmYpDErOKQ4vMikNF5opDvv+KQ1gZi0PxMotDi0yLQyVm
i0O+f4tDWJmLQ/Gyi0OszItDReaLQw==</AssayXData><AssayYData Points="100">I+AAv7F97r4Jltu+d6nOvs8xxb4/lMS+iqbBvnIvwb7xkr++NbzAvtv6wL7RoMO+itfDvsAu
xL6d8sa+uDHIvux+xr6pRMm+sDfIvh0Hy77cLcu+SdTKvp8lzb5nG82+KrDQvpGXzr5KgtC+
JZ7Qvokr0b7vN9K+WcHTvkUy0r7STNK+cz3RvpOV1r5dc9a+ARDWvnhk1r4wf9e+pqHZvsbl
2r58idm+ByvavlUZ2b4Fite+aHfWvrv92b5iO9y+gZTavmLs276q1ty+WWPbvo6T276IFd6+
4o/dvugk3r62KN2+DHvdvvDW377FZOC+Z/ffvlEi375nZeC+CijivkMB4r6mQeC+yqLgvnNU
4764SeK+tUDjvq/+5b6LIuO+dunkvg0Y5b5/B+S+/Eflvtro475D0OS+CR/lvj/25b7hb+a+
1r/lvnSE5b5UDue+3m7ovs8t6L6XUOi+POvnvivt5r7IxOm+PW3nvis86b7DvOm+xvbpvg2S
7L53Zeu+2F/ovg1p6r5dXOq+FBnrvg==</AssayYData></Step><Step><CommonData><SampleLocation>1</SampleLocation><SampleID>Running Buffer</SampleID><SampleGroup></SampleGroup><SampleInfo></SampleInfo><SampleRow>D</SampleRow><SamplePlate>1</SamplePlate><WellType>BUFFER</WellType><Concentration>-1</Concentration><ConcentrationUnits>µg/ml</ConcentrationUnits><MolarConcentration>-1</MolarConcentration><MolarConcUnits>nM</MolarConcUnits><MolecularWeight>-1</MolecularWeight><Temperature>30</Temperature><StartTime>336683</StartTime><AssayTime>20</AssayTime></CommonData><FlowRate>1000</FlowRate><StepType>CUSTOM</StepType><StepName>condition</StepName><StepStatus>OK</StepStatus><ActualTime>19.999</ActualTime><CycleTime>0.2</CycleTime><AssayXData Points="100">3/+LQ1gZjEPxMoxDi0yMQyVmjEO+f4xDWJmMQ/GyjEOLzIxDReaMQ9//jENYGY1D8TKNQ6xM
jUNFZo1D33+NQ1iZjUMSs41DrMyNQ0XmjUPf/41DmRmOQxIzjkOsTI5DRWaOQ99/jkN5mY5D
ErOOQ6zMjkNF5o5D3/+OQ1gZj0MSM49DrEyPQ2Zmj0Pff49DeZmPQxKzj0ORzY9DCuePQ9//
j0N5GZBDEjOQQ6xMkEMlZpBD33+QQ1iZkEMSs5BDrMyQQ0XmkEPf/5BDWBmRQxIzkUOLTJFD
RWaRQ99/kUNYmZFDErORQ6zMkUNF5pFDQQCSQ1gZkkPxMpJDrEySQ0VmkkPff5JDeZmSQxKz
kkOLzJJDReaSQ77/kkN5GZNDEjOTQ6xMk0NFZpND33+TQ3mZk0MSs5NDi8yTQ0Xmk0O+/5ND
mRmUQ/EylEOsTJRDJWaUQ99/lEN5mZRDErOUQ6zMlEMl5pRD3/+UQ1gZlUPxMpVDi0yVQ0Vm
lUODgJVDWJmVQ/GylUOszJVDJeaVQw==</AssayXData><AssayYData Points="100">V2LLvfh2C768cR2+sisovmynKb4uQC6+0o8vvr6XLb62ZSm+1lIsvlZYKr6hOSq+olkqvn6s
Jb4Vdiq+tdslvtYkJL41SCW+izQhvrLAIL7rLR++mx4gvrYxIL6tAh2+XJcgvpV4Hr4AjR++
ZaMcvuD3GL4iWBq+D6EbvsLEGr508hm+ffIcvunvHL6fghi+jL8avvOAF76EaBq+tSgXvmHU
Gb7UzxS+GR8VvhokFb4muxe+W/ISvr/lFb7PERe+/9AYvixzE76jLxi+7yUSvriBFb762hK+
6i8SvtnAEr6/+BK+AucRvmv2Fr6q9BC+w7QSvqTfFL6qahK+wSMUvpcZEr5R6hC+LYQVvuhx
FL6J7hG+eaoTvmplE75TWxG+zMkTvjUyE75RYxO+pEIQvpjnEL78BxK+DFkQvo3jDr4Z2BG+
2TkQvljCD74A8Q2+1y8UvpqwEr6n6g6+3WARvg3UEb5n9xC+h28Tvu3vE755zAy+f5MPvtSE
Dr5dmQ6+2XgOvulvD74kbw6+zdcPvg==</AssayYData></Step><Step><CommonData><SampleLocation>3</SampleLocation><SampleID>Running Buffer</SampleID><SampleGroup></SampleGroup><SampleInfo></SampleInfo><SampleRow>D</SampleRow><SamplePlate>1</SamplePlate><WellType>BUFFER</WellType><Concentration>-1</Concentration><ConcentrationUnits>µg/ml</ConcentrationUnits><MolarConcentration>-1</MolarConcentration><MolarConcUnits>nM</MolarConcUnits><MolecularWeight>-1</MolecularWeight><Temperature>30</Temperature><StartTime>362671</StartTime><AssayTime>120</AssayTime></CommonData><FlowRate>1000</FlowRate><StepType>BASELINE</StepType><StepName>Baseline 120</StepName><StepStatus>OK</StepStatus><ActualTime>120</ActualTime><CycleTime>0.2</CycleTime><AssayXData Points="600">v/+VQ1kZlkPyMpZDjEyWQyVmlkOef5ZDOJmWQ9GylkNrzJZDBeaWQ57/lkNZGZdD0TKXQ2tM
l0MFZpdDnn+XQziZl0O3s5dDa8yXQyXml0O//5dDOBmYQ/IymENrTJhDBWaYQ55/mEM4mZhD
8rKYQ2vMmEMl5phDv/+YQ1kZmUPRMplDa0yZQwVmmUOef5lDOJmZQ/KymUNxzZlDJeaZQ57/
mUM4GZpD0TKaQ2tMmkMFZppDv3+aQziZmkPysppDa8yaQwXmmkOe/5pDWRmbQ9Eym0NrTJtD
JWabQ55/m0M4mZtD0bKbQ2vMm0MF5ptDnv+bQzgZnEPRMpxDjEycQwVmnEO/f5xDWZmcQ9Gy
nENrzJxDBeacQ7//nENZGZ1D0TKdQ2tMnUMlZp1Dnn+dQziZnUPRsp1DjMydQwXmnUO//51D
OBmeQ9EynkOMTJ5DJWaeQ55/nkNZmZ5D8rKeQ2vMnkMF5p5Dnv+eQ1kZn0PyMp9DjEyfQyVm
n0O/f59DWZmfQ/Kyn0OMzJ9DZ+afQ7//n0NZGaBD8jKgQ4xMoEMlZqBDv3+gQ1mZoEPysqBD
jMygQ0bmoEO//6BDWRmhQ/IyoUOMTKFDJWahQ79/oUNZmaFDE7OhQ2vMoUMl5qFDv/+hQ1kZ
okPyMqJDjEyiQyVmokO/f6JDWZmiQ/KyokOMzKJDZ+aiQ7//okM4GaND8jKjQ2tMo0PqZqND
v3+jQ1mZo0PysqNDjMyjQyXmo0Oe/6NDWRmkQ/IypEOMTKRDJWakQ55/pEM4maRD8rKkQ2vM
pEMl5qRDv/+kQzgZpUPRMqVDa0ylQwVmpUMhgKVDOJmlQ9GypUNrzKVDBealQwAApkNZGaZD
8jKmQ4xMpkMFZqZDnn+mQziZpkPRsqZDjMymQwXmpkOe/6ZDOBmnQ9Eyp0OMTKdDJWanQ55/
p0M4madD0bKnQ2vMp0MF5qdDv/+nQ1kZqEPyMqhDa0yoQwVmqEO/f6hDWZmoQ9GyqEOMzKhD
BeaoQyEAqUM4GalD0TKpQ4xMqUOIZqlDnn+pQziZqUPRsqlDa8ypQ2fmqUO//6lDOBmqQ/Iy
qkNrTKpDBWaqQ55/qkM4mapD8rKqQ2vMqkMF5qpDnv+qQzgZq0O3M6tDjEyrQwVmq0Oef6tD
OJmrQ9Gyq0NrzKtDBearQwAArEM4GaxD0TKsQ2tMrEMFZqxDnn+sQ1mZrEPysqxDa8ysQyXm
rEPg/6xDWRmtQ/IyrUOMTK1DJWatQ79/rUNZma1D8rKtQ83MrUMl5q1Dv/+tQ1kZrkPyMq5D
jEyuQ0ZmrkO/f65DPpquQ/KyrkOMzK5DJeauQ7//rkNZGa9D8jKvQ4xMr0MlZq9Dv3+vQ1mZ
r0Pysq9DjMyvQyXmr0O//69DWRmwQ/IysENrTLBDJWawQ79/sENZmbBD0bKwQ4zMsEMF5rBD
v/+wQzgZsUPyMrFDjEyxQyVmsUO/f7FDOJmxQ9GysUNrzLFDJeaxQ57/sUM4GbJD8jKyQ2tM
skMlZrJDnn+yQ1mZskPysrJDjMyyQyXmskOe/7JDWRmzQ9Eys0OMTLNDRmazQ79/s0NZmbND
0bKzQ2vMs0Ml5rNDnv+zQzgZtEPRMrRDa0y0QyVmtEO/f7RDWZm0Q9GytENrzLRDBea0Q57/
tEM4GbVD0TK1Q2tMtUMlZrVDnn+1Q/yZtUPysrVDjMy1QwXmtUOe/7VDOBm2Q/IytkOMTLZD
BWa2Q55/tkNYmbZD0rK2Q4zMtkMF5rZDnv+2Q1gZt0PSMrdD7ky3Q2dmt0Oef7dDWJm3Q9Ky
t0NrzLdDBea3Q7//t0M4GbhD8jK4Q2tMuEMmZrhDv3+4QziZuEPSsrhDa8y4QwXmuEOe/7hD
OBm5Q9IyuUNrTLlDBWa5Q+B/uUM4mblD0rK5Q2vMuUPJ5rlDv/+5QzgZukPSMrpDa0y6QwVm
ukO/f7pDeZm6Q9KyukNrzLpDJua6Q7//ukNYGbtD2DO7Q4xMu0MmZrtDv3+7Q1iZu0MZtLtD
jMy7Qybmu0O//7tDWBm8Q/IyvEOMTLxDJma8Q79/vENYmbxD8rK8Q4zMvENn5rxDQgC9Q1gZ
vUPyMr1DjEy9QyZmvUO/f71DWJm9Q9KyvUOMzL1DJua9Q7//vUNYGb5D8jK+Q4xMvkMmZr5D
v3++Q3mZvkPysr5DjMy+QybmvkO//75D3Bm/Q/Iyv0NrTL9DJma/Q55/v0NYmb9D8rK/Q4zM
v0MF5r9Dv/+/Q1gZwEPyMsBDjEzAQyZmwEO/f8BDWJnAQ/KywENrzMBDJubAQ57/wENYGcFD
8jLBQ4xMwUMmZsFDv3/BQziZwUPSssFDjMzBQwXmwUOe/8FDWBnCQ/IywkNrTMJDBWbCQ79/
wkNYmcJD8rLCQ2vMwkMm5sJDv//CQ1gZw0PSMsNDa0zDQyZmw0Oef8NDOJnDQ9Kyw0NrzMND
BebDQ7//w0NYGcRD0jLEQw9NxEMmZsRDv3/EQziZxEPyssRDmM7EQwXmxEOe/8RDWBnFQ/Iy
xUOMTMVDBWbFQ55/xUN5mcVD0rLFQ2vMxUMF5sVDhADGQ1gZxkPyMsZDa0zGQwVmxkOef8ZD
OJnGQ9KyxkOMzMZDBebGQ57/xkM4GcdD0jLHQ2tMx0MFZsdDv3/HQziZx0PyssdDjMzHQwXm
x0Oe/8dDOBnIQ9IyyEOMTMhDBWbIQ79/yEM4mchD0rLIQ4zMyENG5shDnv/IQzgZyUPSMslD
jEzJQwVmyUOef8lDWJnJQ/KyyUOMzMlDJubJQ7//yUNYGcpD8jLKQ4xMykPqZspDv3/KQ1iZ
ykPysspDjMzKQybmykMHActDWBnLQ/Iyy0NrTMtDBWbLQ79/y0NYmctD8rLLQ4zMy0Mm5stD
nv/LQ1gZzEPSMsxDa0zMQyZmzEO/f8xDWJnMQ/KyzEOMzMxDJubMQ7//zENYGc1D8jLNQ4xM
zUMmZs1Dv3/NQ1iZzUPyss1DjMzNQybmzUO//81DWBnOQ9IyzkNrTM5DJmbOQ79/zkM4mc5D
8rLOQ2vMzkMF5s5Dv//OQzgZz0PyMs9DjEzPQyZmz0O/f89DOJnPQ9Kyz0OMzM9DJubPQ57/
z0M4GdBD0jLQQ4xM0ENGZtBDv3/QQziZ0EPSstBDa8zQQwXm0EO//9BDOBnRQ/Iy0UNrTNFD
BWbRQ79/0UNYmdFD8rLRQ2vM0UMm5tFD</AssayXData><AssayYData Points="600">XywdvuTGH7685CC+jvkdviotH74DxRy++cMTvtN0HL7qihy+zcIbvhghG75A7Bu+D2gZvoQJ
Gb50GRq+RX4VvpkrF74zMBm+fdsZvhhXF76fVRO+8JkWvk1QFL5i8ha+YqQVvtz9G74/7RK+
9lUWvkQlGr7yFhi+lT4TvsaZF757eRS+V1QavnWMGb6NiBa+R74XvmPaFb7CdRe+EQ4WvnKn
F77kVRW+3YQTvlIeE75dfhO+UNASvnf3GL5OUxe+u6oTvpcxG76rthO+bVwYvvoKF74foRW+
2QUXvuXjFb7k9hK+CuoTvnNuFL66NhS+MTgUvhGPEb6GIRS+lVYXvooRE76/nBW+ap8VvmNH
Fb44YhG+CKgUvoRpFb4PxxS+lbkUvkGIEr7ZkhO+BJEUvtNFFr6JeQ6+JTQSvp3vEr5VghS+
IOwRvtXqE77uFxS+kdMRvi0oEr7BHRS+lBESvuSbEL4TZxa+8VcVvoVRD764exK+ZPgOvl+Y
Eb4lGA2+AzAUvp+eD75vphG+dHsTvoqeEL4f+RC+v5YTvgpXFL6eShK+IN0Rvk89FL74iAq+
1kESvv5REr5laA2+VisNvty7Eb7iOxO+sacWvr53D75JFxG+k9MQvmL8Er7gwg++IpITvgJg
C76+yBC+hRASvjKGEL5DfxK+CbAPvhu2Dr7G9BK+1rkQvt1FD75O5w2+Wr0Nvgg2Eb5ovxG+
NuUNvjvoE74+YRW+zNcPvqCrD77aXBC+7QYRvm3NDr5lIQ6+P64IvgSWEL4LvRK+aSIMvou5
Dr6Idw++iWUPvlyGDr5WDxO+Cp0Rvi7VEr7jtQu+zAEQvpenEb7jnBC+a0wNvskhE74NWhO+
Yy4Uvs9+Db6XJwy+y30RvpoLEb6bPQ6+cOoSvuwcEL4UPxC+PpsSvultEr6sARG+ZJ8NvhxW
Dr75ChC+9u4Rvmn1Eb4blwu+njsNvtlVDr5egw6+sEYNvg0cD75VhxC+1n8NvmJRD74ABQ2+
kA0Qvio4Eb6PxRC+MdwNvuH6DL4EFg2+xSoOvkXoD745QRS+aTENvkFpEL52BQy+PtcOvnE5
C75mcBG+EMMQvmLLD77yzQ6+bIUSviyjEr6ndQ2+cngRvmQDD77vDA6+jFUJvnKpBr6trA6+
+CQPvteqEL5a7gy+u1QLvsvzDb5++BC+B90JvnZfD77VNA++rlkNvhbFDL6HDBO+Gj4MvlyO
Dr4zUw6+dtILvvoOEb4heAy+YAkLvhTHDr5pIwq+IdQQvi/pCr7iLwu+pnMJvoBeEL7koQy+
JsQLvredEL5z/Q6+RsgJvveMC750Qw6+Sc4JvkPfCr6LJQ6+7U4Nvv3bDL7izAu+dAoNvokr
D77JCw6+lb0NvrWwC77ykQy+pqsMviJSDL7bgQi+U5YLvoLbDL69fgy+LRIRvuJmDr6nUQq+
G+4LvimVCL5WJg2+EIIMvmr+Cr6obAy+M1YMvlQHCL5tGQ6+QBUPvqpXD76D/Aq+rGMQvlad
EL68Twm+pc8MvpfuDb7w3w6+IAkMvvrKDb5w1w++t78KvkocC75DdQu+U9kNvspiDL4HvQu+
O04JvsOyDb7N6Ay+38QJvuU9Db4d9gi+SRUNvskyDb5APgy+J+4HvuQZDr5cEw++a6wLvl98
Db74sAi+hwsRvg1wCr6HTQy+8JkOvtnpCr6UJg6+kWENvr66Cb5o4Ay+3yMKvtfOCr6rPAm+
nDgNvpn/Cb5sSAq+YMkNvnihDL7zFwy+YekJvi8lC75L4w2+5VwPvtO0Cb7JAwe+NVYLvlEy
DL7tEAu+3cUMvuK4Cr5YCgq+yBcIvhMDDb5wQg++G9oNvoRnC77UQw6+UXQIvvd7Cb5Fnw2+
kNUJvkPZC77cbwu+yRwKvvhxDb7WBxC+v8ILvlSjC74Uggu+jKoKvtbkD74p0wm+ImwNvj75
C74+/Qu+xlQLvg6YDL5WIwq+DloMvse+Cr5l0gq+vSwKvsdkC77JXQq+Cl4PvruhCL47bwe+
l/sJvs6yDb5qLQq++jQNvtHbEL5nyAm+8EMHvm7SDb7gyQm+KYsHvjDZCr613ga+1Q0JvmIl
B76Dwwq+R8AGvoOHB74e/ga+6mEEvlkMCr66nQi+SjYGviqOCr4xzQ6+W7YLvv/GBr4w5Qq+
310KvoU2Cb6spgq+t64IvgiICr7njQi+O5gNvtq+Dr4X6gm+O28JvkWyCr4taQi+4/wHvoxX
Cb6dRAu+YmwPvjjWDr4meQu+2bwFvtUzBr4CAg6+5JYKvpFBEL5pqwa+wzALvmF+B74spQm+
x6sNvhl9Cr6TvQq+2u0LvnICC75Ghgy+UrAOvkiBDL6+igi++ssLvpRXCL5OMAm+z9wHvjWj
Cr7BfgW+buwDviOcC77dvAW+bRQMvpCcCr7wtge+l7gIvvcdCr7KYgy+vxwKvlIpB74WuQu+
jUcOvoSUCr5vugq+6UYLvlUmB75blwi+7mAKvv6DCr4pZAy+q5kKvmUMDr7fDwy+PRwHvprG
C777Egu+BH8HvumPBr5g6gO+SqAKvtgFC75QUgq+CDQLvoTsCr4+FQu+PbYHvgEkCr7msAu+
cF8NvoPoB76L+AS+jUYJvtdLCr5R+Qm+BhMJvkHxC75n0gq+CWcKvgA+Br6X6wy+c9cHvkH9
Cb7QkAi+ZQ0Lvu7OBr7xJg2+0VAIviGjC77SSAq+TlUJvj+CA75yFge+AioJvmBtCr7b8Ai+
2lsIvvimBb5fCQm+JmMLvstkCb4qlAe+6Z4IvpaeB7409Am+C/oJvsKXCL6KYgm+s0IJvoXx
D75BRQW+Mn8GvigJBb798QO+8fMLvmO6Cb4UxQe+miMIviQCDr6Kjwa+sAgIvtMACb6LRAm+
NWcGvjOYCL6dvwm+iREIvrOBBr4rXQm+WJgMvpCvCb5GDgq+rOoGvkFlDr4fJwe+PTEKvlc8
DL7mBwa+ikEFvuHcCr4Gfgq+w4cKviNpBr5qfQm+Mf8GvjzTB77lWga+LlYHvo0PCb5HmAe+
SEQHvlu5Br4lwwm+yxMJvt0HC77UFAi+QTILvm1PCL7r3Aq+HlEIvuh5DL7d/Am+oU4Hvqn4
Bb5TpQe+3wEHvltOBr4ieQq++xAKvvBaCL4A0wa+lpoJvoKzBr7Pzgq+vegFvlMgCb56wge+
q4kHvuS4Cr7N0Ae+ItgHvuxZB77H1AW+</AssayYData></Step><Step><CommonData><SampleLocation>4</SampleLocation><SampleID>AB</SampleID><SampleGroup></SampleGroup><SampleInfo>in Running Buffer</SampleInfo><SampleRow>D</SampleRow><SamplePlate>1</SamplePlate><WellType>KLOAD</WellType><Concentration>2.5</Concentration><ConcentrationUnits>µg/ml</ConcentrationUnits><MolarConcentration>2500</MolarConcentration><MolarConcUnits>nM</MolarConcUnits><MolecularWeight>-1</MolecularWeight><Temperature>30</Temperature><StartTime>489441</StartTime><AssayTime>20</AssayTime></CommonData><FlowRate>1000</FlowRate><StepType>LOADING</StepType><StepName>Loading</StepName><StepStatus>OK</StepStatus><ActualTime>19.999</ActualTime><CycleTime>0.2</CycleTime><AssayXData Points="100">wP/RQzkZ0kPSMtJDbEzSQwZm0kPAf9JDWpnSQ9Ky0kONzNJDJubSQ8D/0kNaGdND0jLTQ2xM
00MmZtNDwH/TQ1qZ00PSstNDjczTQybm00PA/9NDORnUQ9Iy1ENsTNRDqWbUQ8B/1ENamdRD
0rLUQ2zM1EMm5tRDn//UQ1oZ1UPSMtVDjUzVQyZm1UPAf9VDOZnVQ/Oy1UONzNVDJubVQ8D/
1UM/GtZD8zLWQ41M1kMGZtZDwH/WQ1qZ1kPzstZDjczWQwbm1kPA/9ZDWhnXQ/My10ONTNdD
BmbXQ59/10M5mddD87LXQ2zM10MG5tdDwP/XQ1oZ2EPzMthDbEzYQwZm2EOff9hDWpnYQ9Ky
2EONzNhDJubYQ5//2EM5GdlD8zLZQ65M2UMGZtlDn3/ZQzmZ2UPzstlDbMzZQwbm2UNDANpD
ORnaQ9Iy2kNsTNpDBmbaQ8B/2kNamdpD0rLaQ43M2kMG5tpDwP/aQzkZ20PSMttDbEzbQwZm
20Off9tDWpnbQ76020NszNtDBubbQw==</AssayXData><AssayYData Points="100">TVQCvola571pVdu9DyrGvT5+tr0nTai92zanvZoMm73NIpG9DG17vbErZr2S+Dm9Btk1vZ/q
GL0m1Re9ylXmvMQzmryNVpG8gKsVvINnLLuQvqm6IDnhO2YfWTzPBpk8nniYPBff4zwpcRE9
/IIuPedeQT3wal89dLJwPetofD2mdpc92lCdPUpfqj1zj7A9isq9PR9WyD3jBNk9EnTgPaxJ
7z3LCvQ9zW4CPk1YBj7YJA4+MisTPmJfGz4sQBw+hxYnPp7GKz7TjDI+2ZI2PjGAPz7DU0A+
MKpEPjA5UD7a2FA+6KtYPvLIXz7ZV2Y+J3doPk0WcT6VQXk+e0yAPt8EgT7h5YI+WPWJPu7q
ij7Cz44+JbKRPtA3lD4pp5Q+SYeYPqyKnT4y5pw+L9ChPgbSpT6cKqc+wUWqPqa7rT6Ki7A+
tYSyPsSOtD4xzLk+K6O8PmTyvT6jPsE+o/vDPklExz74x8k+Rk3NPjvk0T4a99Q+pn7XPoEc
2j7RaN0+kR/iPmab4T6HKuQ+asLmPg==</AssayYData></Step><Step><CommonData><SampleLocation>5</SampleLocation><SampleID>AA</SampleID><SampleGroup></SampleGroup><SampleInfo></SampleInfo><SampleRow>D</SampleRow><SamplePlate>1</SamplePlate><WellType>BUFFER</WellType><Concentration>1.25</Concentration><ConcentrationUnits>µg/ml</ConcentrationUnits><MolarConcentration>1250</MolarConcentration><MolarConcUnits>nM</MolarConcUnits><MolecularWeight>-1</MolecularWeight><Temperature>30</Temperature><StartTime>516901</StartTime><AssayTime>60</AssayTime></CommonData><FlowRate>1000</FlowRate><StepType>BASELINE</StepType><StepName>Baseline 60</StepName><StepStatus>OK</StepStatus><ActualTime>59.999</ActualTime><CycleTime>0.2</CycleTime><AssayXData Points="300">oP/bQzoZ3EPTMtxDTEzcQwZm3EOgf9xDOpncQ9Oy3ENMzNxD5uXcQ3//3EMZGd1DsjLdQ21M
3UMGZt1DoH/dQzqZ3UOyst1DTMzdQ+bl3UN//91DOhneQ7Iy3kNMTN5DBmbeQ39/3kMZmd5D
srLeQ23M3kMG5t5Df//eQzoZ30PTMt9DTEzfQwZm30Ogf99DGZnfQ9Oy30NMzN9D5uXfQ3//
30MZGeBDsjLgQ0xM4EMGZuBDoH/gQxmZ4EOysuBDTMzgQwbm4EOg/+BDOhnhQ7Iy4UNtTOFD
5mXhQ39/4UMZmeFD07LhQ0zM4UOW6OFDf//hQxkZ4kOyMuJDTEziQ+Zl4kN/f+JDGZniQ7Ky
4kNMzOJD5uXiQ3//4kMZGeNDsjLjQ0xM40PmZeNDoH/jQxmZ40OysuNDTMzjQwbm40N//+ND
GRnkQ7Iy5ENMTORDBmbkQ6B/5EMZmeRDsrLkQ23M5EMG5uRDf//kQxkZ5UOyMuVDbUzlQ+Zl
5UOgf+VDOpnlQ9Oy5UNtzOVDBublQ6D/5UM6GeZD0zLmQ21M5kMGZuZDf3/mQzqZ5kPTsuZD
bczmQwbm5kOg/+ZDOhnnQ9My50NtTOdD5mXnQ6B/50M6medD07LnQ23M50MG5udDoP/nQzoZ
6EPTMuhDbUzoQwZm6EN/f+hDOpnoQ7Ky6ENMzOhD5uXoQ6D/6EM6GelD0zLpQ21M6UMGZulD
f3/pQzqZ6UPTsulDTMzpQ+bl6UN//+lDGRnqQ9My6kNtTOpD5mXqQ6B/6kM6mepDsrLqQ23M
6kMG5upDoP/qQzoZ60PTMutDbUzrQwZm60N/f+tDOpnrQ7Ky60NMzOtDQOrrQ3//60MZGexD
sjLsQ0xM7EMGZuxDoH/sQ/6Z7EPTsuxDtM3sQ+bl7EN//+xDOhntQ9My7UNtTO1DBmbtQ39/
7UM6me1DsrLtQ23M7UMG5u1DoP/tQzoZ7kPTMu5DbUzuQ+Zl7kOgf+5DOpnuQ7Ky7kNMzO5D
BubuQ6D/7kMZGe9DsjLvQ0xM70MGZu9Df3/vQxmZ70Oysu9DTMzvQ+bl70N//+9DGRnwQ7Iy
8ENMTPBD5mXwQ39/8EMZmfBD07LwQ0zM8ENI5vBDoP/wQxkZ8UOyMvFDbUzxQ+Zl8UN/f/FD
GZnxQ7Ky8UNMzPFD5uXxQ3//8UMZGfJDsjLyQ0xM8kPmZfJDf3/yQxmZ8kOysvJDTMzyQ+bl
8kN///JDGRnzQ7Iy80NtTPND5mXzQ39/80M6mfND07LzQ23M80MG5vNDoP/zQzoZ9EPTMvRD
bUz0Q+xm9EOgf/RDOpn0Q9Oy9ENtzPRDBub0Q6D/9EM6GfVD0zL1Q21M9UPmZfVDoH/1QzqZ
9UPTsvVDbcz1Qwbm9UOg//VDOhn2Q9My9kNtTPZDBmb2Q6B/9kM6mfZD07L2Q0zM9kMG5vZD
oP/2QzoZ90PTMvdDTEz3Q+Zl90Ogf/dDGZn3Q9Oy90NtzPdDBub3Q3//90NaGfhD0zL4Q0xM
+EMGZvhDoH/4QzqZ+EPTsvhDTMz4Q+bl+EOg//hDOhn5Q9My+UNtTPlDBmb5Q6B/+UM6mflD
srL5Q0zM+UPm5flD</AssayXData><AssayYData Points="300">zsZYP+yFWT98GFo/Kr5YP4GMWD//LVc/i+hUP4u9VD83DFQ/uXlSP4pIUT8rdFA//KNOP5Wk
Tj8hNU4/YTdNP+ipSz8ygUs/7ulJP0EZSj/slEk/1E1IP+znSD8nv0Y/FShGP7KuRD9mKEY/
Hg9FP+ztRD/VckM/LWtDP7rnQj8j0EE/Qu5BPx4yQT+R4kA/PrBAP3IBQD9JkT8/HxE+Pz/a
PT90WD4/+yo9Py58PD+thj0/CKg8P1v3Oz8t8Ds/vF87P5KjOj8jNDk/AlI6P7l4OT+RVDk/
paY4P6qrNz+B7zY/JTk3P5BdNj/7Ezc/xi42P2u7NT+H6jQ/82g1P/DKND+KzjQ/CGY0PzEt
Mz91kDM/n/0yPzqxMj/xjDE/sEoxP0THMT+GoDA/qqYwPyGHMD9ZYTA/h/EvP0PJMD808C8/
3dctPyBBLz/1aS0/898tPyfJLT9BOi4/YvgsP7w4LD/AjCw/Zf0rPzB+LD9m3ys/xjIrPyBM
Kz+8bCo/7gQqPy4VKT8QAyo/3ncqP0fiKD/Vbyc//CcoP2z0Jj99Wig/mw8oP8IdJz8KYic/
mXMmPyXgJT+ARCY/hHolP7AZJT8I0yU/qX8lP2WtJD+LfyQ/vCMkP+24Iz/ilCM/X8UjP+Xl
Ij/uACM/Z3UjPwnaIj9uxiA/T1QiP6RgIT9m+SA/Df0hP+IgIT9OOSE/w8IfP34jID9N/B8/
EHcfP85BHz85LR4/2uMePywvHj92aR4/ltcdP78FHT9yNhw/5LQcP4LQGz8kVhw/di0cP6J/
HD/R2xo/SeUaPzFKGj/poho/F4caP4EFGj+6gxk/bPUYP/o4GT/CIBg/29kZP/4ZGD8pLhk/
bkgYP1ApGD9eXBg/uEMWPzTJFz8Q+BY/MwEWP2JjFj9L+BU/3HoVP53OFT8hHhU/BM8VPyj9
FD+xZBM/OyAUP76fFD/I5BM/ipMSP/ogFD/c5hI/SLoRP/nfET/wnxE/eLcRP10XEj80OxE/
U8oRPwBRET/UhBA/EYAQP4oEET+VJRA/+kwPPzj4Dz8BPw8/yy4PP5SuDz+0aw8/5zoPP99G
Dj83FA4/t9MNP82vDD923w0/5oINP5P3DD9R9ws/kJYMP6heCz/5uAw/QVIMPwruCz81fQw/
jYsLP32CCz9ZvQo/gQYLP5SdCz8XGwo/wEwKPwYfCj+tqgo/H3oIP9mqCT/Olgk/N7MJPxiS
CD9spgg/hOoIP389CD/ejwg/3kkIP1b5CD8fNAc/MTIHP9L+Bz+jagc/ukQHP/wLBz93MQY/
QoEFP0hRBT+wFAY/iigGP09xBD/zjQU/XDsFP5ZCBT+CGQQ/aUYEPwBABD8qWgQ/O2MEP8G3
Az985gI//woDP6vFAj8gEAM/a0gDP2sXAj8jUQI/e3cCP+/uAT+kAAE/HkABPx9iAT9MIwE/
QQUBP4dcAT8ZAwA/BDwBP3Vf/z675P4+Y4MAPx3J/D7d1v0+Nxr+PjtY/j5NUPw+2qX9PsVG
/j4bWfs+L4j7PmAu/T56n/w+aDr6PrlD/D7rDPs+lOz4PtPX+j45e/k+cHP4PuXS+T5+EPg+
vMn4PnUt9z60IPc+</AssayYData></Step><Step><CommonData><SampleLocation>6</SampleLocation><SampleID>Running Buffer</SampleID><SampleGroup></SampleGroup><SampleInfo>in Running Buffer</SampleInfo><SampleRow>D</SampleRow><SamplePlate>1</SamplePlate><WellType>BUFFER</WellType><Concentration>-1</Concentration><ConcentrationUnits>µg/ml</ConcentrationUnits><MolarConcentration>-1</MolarConcentration><MolarConcUnits>nM</MolarConcUnits><MolecularWeight>-1</MolecularWeight><Temperature>30</Temperature><StartTime>584704</StartTime><AssayTime>20</AssayTime></CommonData><FlowRate>1000</FlowRate><StepType>BASELINE</StepType><StepName>Baseline 20</StepName><StepStatus>OK</StepStatus><ActualTime>20</ActualTime><CycleTime>0.2</CycleTime><AssayXData Points="100">gP/5Q/kY+kOzMvpDTUz6Q+Zl+kOAf/pD+Zj6Q7Oy+kNNzPpDxuX6Q4D/+kMaGftDszL7Q01M
+0PmZftDgH/7QxqZ+0OSsvtDTcz7Q+bl+0OA//tDGhn8Q7My/ENNTPxDxmX8Q4B//EMamfxD
s7L8QyzM/EPm5fxDX//8QxoZ/UP1Mv1DTUz9Q+Zl/UOAf/1D+Zj9Q7Oy/UNNzP1DxuX9Q1//
/UP5GP5DszL+QyxM/kPmZf5DX3/+QxqZ/kOSsv5DLMz+Q+bl/kOA//5DGhn/Q5Iy/0NNTP9D
5mX/Q4B//0P5mP9Ds7L/Q03M/0PG5f9DgP//Q3wMAERJGQBEFiYAROMyAETGQABEjUwARFpZ
AEQmZgBE43IARLB/AESNjABESZkARBamAETjsgBEwL8ARHzMAERJ2QBEFuYARPPyAETA/wBE
fAwBRFoZAUQWJgFE4zIBRMA/AUSNTAFEelkBRBZmAUTjcgFEsH8BRHyMAURJmQFEJqYBROOy
AUSwvwFEfMwBREnZAUQW5gFE8/IBRA==</AssayXData><AssayYData Points="100">bgeKPo6OVD4mRC0+0mwYPvDcGD5/GRs+69gVPllTFT5KQhk+WB4WPqAOGT6pGBU+LEAYPgT7
Gj5tnxo+JZAbPvg4Hz5gGR0+JcYaPnZWJz4ZsyA+HCAjPglKIT6/Ix0+pIYhPik0Hz7MBSA+
kjsnPpmjIj4vLiA+8A0hPm/AIz4+SSM+7HUkPt73JT5iESM+EnAnPieGID6WUiE+9YYmPhA8
Iz6rYSU+GbUlPikVKD6wHiM+bSInPhSXJj4atCM+2nskPuEfJj55okw+FQcmPoI4JT744CI+
uKcjPrE1JT6E+SU+eTwpPlapJj78tig+J8QoPilHLj6fjiQ+CZwlPrJSKT6Fbyo+oCMjPgqt
Kj6CHCo+39wnPoAmJT7l4yc+l+QjPvytKj6J4CY+6DcqPsMnKz6Uiys+Om4rPgWaJj40VSg+
QLgnPk7XKT4gSjY+rHcpPssxJT4tuiU+2YwqPrfsJj5mYis+et8nPtVjKD488Cg+6NAuPipj
Jz4HdCs+BLcqPrj1Kj548Sk+2fsqPg==</AssayYData></Step><Step><CommonData><SampleLocation>7</SampleLocation><SampleID>aKappa 50ug/ml</SampleID><SampleGroup></SampleGroup><SampleInfo></SampleInfo><SampleRow>D</SampleRow><SamplePlate>1</SamplePlate><WellType>KSAMPLE</WellType><Concentration>-1</Concentration><ConcentrationUnits>µg/ml</ConcentrationUnits><MolarConcentration>-1</MolarConcentration><MolarConcUnits>nM</MolarConcUnits><MolecularWeight>-1</MolecularWeight><Temperature>30</Temperature><StartTime>612978</StartTime><AssayTime>120</AssayTime></CommonData><FlowRate>1000</FlowRate><StepType>ASSOC</StepType><StepName>Association</StepName><StepStatus>OK</StepStatus><ActualTime>120</ActualTime><CycleTime>0.2</CycleTime><AssayXData Points="600">wP8BRI0MAkRaGQJEFiYCROMyAkSwPwJEfEwCRFpZAkRoZgJE43ICRFOAAkR8jAJEYJoCRBam
AkTjsgJEsL8CRHzMAkRa2QJEJuYCROPyAkSw/wJEfAwDREkZA0QWJgNE4zIDRLA/A0SNTANE
WlkDRBZmA0TjcgNEsH8DRI2MA0RJmQNEJqYDROOyA0TAvwNEjcwDREnZA0TK5gNE4/IDRMD/
A0R8DARESRkERBYmBETzMgREsD8ERHxMBERJWQREJmYERONyBESwfwREjYwERFqZBEQmpgRE
87IERMC/BESNzAREWtkERCbmBETz8gREwP8ERI0MBURaGQVENyYFREUzBUTAPwVEjUwFRFpZ
BUQmZgVE83IFRLB/BUSNjAVEepkFRCamBUTzsgVEwL8FRI3MBURa2QVEJuYFRPPyBUTx/wVE
jQwGRFoZBkQmJgZE8zIGRMA/BkR8TAZEWlkGRCZmBkTzcgZExoAGRI2MBkRamQZEJqYGRPOy
BkTAvwZEjcwGRFrZBkQm5gZE4/IGRMD/BkR8DAdESRkHRHgmB0TjMgdEwD8HRHxMB0RJWQdE
JmYHRPNyB0TAfwdEfIwHRFqZB0QmpgdE87IHRMC/B0R8zAdESdkHRCbmB0Tj8gdEsP8HRI0M
CERJGQhEFiYIRPMyCESwPwhEjUwIRFpZCEQWZghE83IIRMB/CESNjAhEWpkIRBamCETjsghE
sL8IRHzMCERa2QhEFuYIRPPyCESw/whEfAwJRJsZCUQWJglE8zIJRLA/CUSNTAlESVkJRBZm
CUTjcglEsH8JRHyMCURJmQlEFqYJROOyCUTAvwlEjcwJRFrZCUQW5glE4/IJRLD/CUR8DApE
WhkKRBYmCkTzMgpEsD8KRHxMCkRJWQpEFmYKRONyCkSwfwpEfIwKREmZCkQWpgpE47IKRMC/
CkR8zApESdkKRCbmCkRm8wpEsP8KRHwMC0RaGQtEFiYLROMyC0TAPwtEfEwLRElZC0QWZgtE
83ILRMB/C0SNjAtEWpkLRBamC0TzsgtEwL8LRI3MC0Ra2QtEJuYLRPPyC0TA/wtEjQwMRFoZ
DEQmJgxE8zIMRMA/DETfTAxEWlkMRCZmDETjcgxEwH8MRI2MDERamQxEJqYMRPOyDETAvwxE
g80MRFrZDEQW5gxE8/IMRMD/DESdDA1EWhkNRCYmDUTzMg1EwD8NRI1MDUTtWQ1EFmYNRI10
DUTAfw1EfIwNREmZDUQmpg1E87INRMC/DUR8zA1Em9kNRCbmDUTj8g1EwP8NRI0MDkRaGQ5E
JiYORPMyDkTAPw5EIE0ORFpZDkQmZg5E83IORLB/DkSNjA5EWpkORBamDkTzsg5EsL8ORHzM
DkRa2Q5EFuYORPPyDkSw/w5EfAwPRFoZD0QWJg9E4zIPRLA/D0SNTA9EWlkPRCZmD0Tzcg9E
sH8PRI2MD0RJmQ9EFqYPRKezD0TAvw9EfMwPRFrZD0QW5g9EO/QPRLD/D0TvDBBESRkQRBYm
EETjMhBEsD8QRHxMEERJWRBEFmYQRONyEESwfxBEfIwQRFqZEEQWphBE47IQRLC/EER8zBBE
SdkQRBbmEETz8hBEsP8QRHwMEURJGRFEJiYRROMyEUSwPxFEfEwRRElZEUQWZhFE43IRRLB/
EUR8jBFESZkRRBamEUTjshFE8b8RRHzMEURJ2RFEFuYRROPyEUSw/xFEfAwSRGoZEkQWJhJE
4zISRLA/EkR8TBJESVkSRHhmEkTjchJEwH8SRI2MEkRJmRJEN6YSRPOyEkTAvxJEjcwSRFrZ
EkQm5hJE8/ISRLwBE0SNDBNEWhkTRCYmE0TzMhNEwD8TRI1ME0RaWRNEJmYTRPNyE0TAfxNE
jYwTRFqZE0QmphNE87ITRMC/E0R8zBNEWtkTRCbmE0Tz8hNEsP8TRI0MFERJGRREJiYURPMy
FESwPxREjUwURFpZFEQWZhRE83IURMB/FESNjBRET5oURCamFEQUsxREwL8URI3MFERa2RRE
JuYURAr0FEQYARVEjQwVRFoZFUQmJhVE8zIVROE/FUR8TBVEWlkVRCZmFUTjchVEwH8VRI2M
FURamRVEJqYVROOyFUTAvxVEjcwVRHrZFUTK5hVE4/IVROH/FUR8DBZESRkWRCYmFkTzMhZE
sD8WRHxMFkRaWRZEFmYWRPNyFkTAfxZEjYwWRFqZFkQWphZE47IWRLC/FkSNzBZESdkWRBbm
FkTj8hZEsP8WRHwMF0RJGRdEJiYXRPMyF0SwPxdEfEwXRElZF0Q3ZhdE83IXRMB/F0R8jBdE
WpkXRBamF0TjshdEsL8XRHzMF0Ra2RdEFuYXROPyF0Sw/xdEvgwYREkZGEQWJhhE4zIYRMA/
GER8TBhESVkYRBZmGETzchhEwH8YRHyMGERamRhEJqYYRPOyGESwvxhEfMwYRFrZGERH5hhE
uPMYRLD/GESNDBlESRkZRBYmGUTjMhlEwD8ZRHxMGURJWRlEN2YZRONyGUTAfxlEMY0ZREmZ
GUQmphlE87IZRMC/GUS0zRlEWtkZRCbmGUTz8hlE0P8ZRI0MGkRaGRpEJiYaRPMyGkTAPxpE
jUwaRFpZGkQmZhpECnQaRMB/GkSNjBpEWpkaRCamGkTzshpEwL8aRI3MGkRa2RpEJuYaRPPy
GkTA/xpEjQwbREkZG0QWJhtE4zIbRMA/G0TvTBtESVkbRCZmG0TzchtEQ4AbRI2MG0RJmRtE
FqYbROOyG0RDwBtEjcwbREnZG0Qm5htEbPQbRMD/G0SNDBxESRkcRCYmHETzMhxEsD8cRI1M
HERaWRxEJmYcRPNyHETAfxxEfIwcRFqZHEQmphxE87IcRMC/HER8zBxErNkcRBbmHETz8hxE
sP8cRI0MHURJGR1EJiYdRPMyHUSwPx1EfEwdRElZHUQmZh1E43IdRMB/HUR8jB1ESZkdRBam
HUTjsh1EwL8dRHzMHURa2R1EJuYdRPPyHUSw/x1EfAweRJsZHkQWJh5E4zIeRLA/HkR8TB5E
SVkeRCZmHkTjch5EsH8eRO+MHkRJmR5EeKYeRPOyHkTAvx5E38weREnZHkQW5h5E4/IeRLD/
HkR8DB9ESRkfRBYmH0TzMh9EsD8fRHxMH0RJWR9EJmYfRONyH0Swfx9EfIwfREmZH0SZph9E
47IfRLC/H0R8zB9ESdkfRCbmH0Tz8h9E</AssayXData><AssayYData Points="600">fdCwPksfyT5KjNc+v6TePl5m5T4C7uc+BFDtPo4c7z4t0+8+MGfxPmk98z7bTfQ+yNf1PkmK
9z5XB/o+QGH6PlhE/D4+XPs+6wb/Pm5UAD84rgE/5mkBP/8kAj9rgwI/cQYEP6bHAz/BzgM/
g6oGP1FOBT+nvgY/ipoHPxTlBz8Xigk/WuwIP0mFCj85JAs/aYALP/gADD/dHw0/0a4MP3nX
DT8s4w0/qDIOPy38Dz/ldhA/WDoQPwBnET/+hBE/bv4RP6/pEj+jNhM/84UUPzCPFD/b4xQ/
QmgVP1rKFT9vihY/MdEWP537Fj+v9BY/I2IYPwbBGT8CMho/5KAZP46sGj/0sRo/AI8cP4Gw
Gz8GtBs/mU0cP20dHj8Wchw/t1EeP6RgHj+5rx4/ld4dP+brHz9q7R8/UsofP9SoID+NgCA/
tAsjPx6pIT/pqSI/pMUiP/QGJD+aNyM/wfEjP4qGIz9YOyU/lnolP3R8Jj9GDyY/HUknP7Q2
Jj8q9SY/UJInP2Q6Jz8laCg/LtQoPwtMKD+EQSk/cUoqP+dkKj8/9io/q4IqPwRgKz9APyo/
yeMrP80hKz9zzSs/5CctPyGyLD896Sw/J5wtPy5vLT8+1y4/HuUuP7E+Lj+1/S4/+E0vP7Hm
Lz8BbC4/K7YvP70OMT/VezE/6rgwP7edMT++rzA/qRYyP85jMj9uPDI/NU0yPweKMj/bkzM/
rg80P25nMz/hijM/+6AzP4n2Mz/AIDU/5XA0P1K5ND8dhjU/adE1P/tmNT+3mDQ/Fo82P6f4
ND8KFTY/pDY2P122Nj+/dDc/irI3P+eYNz8ryTc/r4k3P7QLOT+RmDk/lG05P+NhOD+sKTo/
jk06P1IvOT8QVzk/PJ05Pwm/OT9t6jo/hkU7P0mpOj97Ljs/vdk7P2O9Oj/XPzw/6OI8P7up
Oz8eAjw/g9I9P+DtPD+cnTw/enc+P9jVPD9xBT0/bgE+PziUPj8u4z0/qw0+P2tVPj9thj4/
CBc/P/13Pj+fDD8/rxw/PxOgQD+AWUA/EoY/P+cCPz9LqT8/yIRAP4sMQD9kQUA/XwRBP93I
QD/cwUA//2BCP5FuQD+Ni0I/PjNCP9LDQT9Rd0E/SFxBP9kIQz81GEE/rxFCPwPiQj8gR0M/
cK1DP6JaQz/RJUQ/wJ9DPxQxQz9ivUM/MSJEP5avQz9ViUQ/g09EP4VkRD95jUQ/dr9FP112
RT9hqkQ/eeBEP+zURj8BA0U/CPBFP0DERT+/Ikc/cxhFPwDBRT/u+kU/DUtHPytoRj8iMkc/
l0tHP8m8Rz8H5kY/uZ9HPz/sRz9bsUc/Jd9IP/MZSD/v6kc/+RVJP4s/ST9dSkg/qu1IP1NN
SD+JiUg/WFhIPxbbST/bY0o/QG5KP3O9SD/2hUo/2CpJP+Y0Sj8VMEo/lgZKP5U2Sz8aWUs/
N9dLP1p5Sj+Mrko/nFBLP2FpSz+ni0s/EPNLP/hJTD9Fz0s/JmJLP/NeTD/g8Us/W5dMP6oF
TD+0wE0/gRlMPzb9Sz8qx0w/Z8dMPxp/TT+miE0/7iJNPxu9TD91YU0/z/dMPyJpTT9fgk4/
+T1NP3hxTT9vtU4/PWlOP0ZrTj9Csk4/3ZVOPzHOTT9pOU4/5+5OP43STj9ha08/ZehOPxZM
UD/ul04/C/lOP0+QTj9z2U4/71pPP6oqTz8P6VA/8s1QP5xSUT9nyE8/w1hQP0mGUD9zzVA/
OMpPP48fUT/nzFA/BsBQP3OOUD96LFE/y05RPx/nUT+0C1E/SHhSP9epUT/AVVI/Wx5SP008
UT/Zq1E/XndRP2LZUT/YK1E/f79RP3AzUz+sv1I/rVpSP2byUj/bfVI/suhSPygqUz/l61I/
yzxTP3fbUz+2clM/OFxSPz9HUz8vQ1M/iE1UP2XXUz8oTFU/eNtUPyxgUz+M7lM/xihTPySA
Uz8xB1Q/OLxUP+GMVD9kElQ/Tj5UPzfPVD+r8VQ//NNVP/DCVD/yPFU/fKhUPxlbVD+px1U/
vYNVP3tEVj83YVU/BqZWP+DFVT90elU/En1UPybeVT/SSFU/azVVP+nbVj/+0FY/YSZVPwTl
VT80JVU/walXP6ElVz/3z1Y//Q5XP372Vj8Hplc/8GFXP6IGVz+FpFc/6PJWP6JNVz8lFFg/
ZIBXPwKqVj8fKVc/yWNXPxb3Vz/VwFg/QuVXPxHAVz/+E1g/3/xXPygsWD+6PVc/Ry5YPwJ2
WD8qvlg/kzxYP8//Vz8oBVk/n7NYP5bPWT8cs1g/3B5ZP3hJWT95BVo/RPRYPzA3WD8s8Vo/
A69ZPxXEWT9Cnlo/11FZPw0XWT9Q4Vk/gShaP0YJWj9J6Fk/r5ZZP71pWT8hLlk/ZKRaP7WJ
Wj+xyFk/mzFbP8JfWj+5LFs/w8paP26rWj8kyVo/Pj5bP0CKWz99Cls/K9tbP/3PWz+nuVs/
Q1VbP3BPWz8cSls/WFBbPzdLXD8mS1s/XrNbP10HXD9txFs/aSJbP67yXD92LVw/d+9cP84B
XD8UHlw/O1ZcP8nxWz87/Fs/RztcP9N0XD+LxVw//ONcPxZ3XD8SAlw/MWtdP6rZXT8iSV0/
zNdcP9i9XD8c9Fs/ck1dPwIcXj9pdl0/2F1cP+emXD94AV4/dF1dP89WXT93lF0/sFddPwEy
Xz8e4V4/XQteP55vXj9K4V0/G05ePwDUXT+gJl8/5XJcPxI0Xz/DVF4/z2leP85BXj/lMV8/
6WFePyMpXz+Sh18/R0xfP1BLXz9vdF4/O2BfPwamXz+ukl8/+vVeP5A2Xz8cfV8/MNFfP5LM
Xj+6CWA/HdpfPxJ7YD8aQ2A/CfJeP1n/YD8vj2A/lIpgP/bcXz+MS2A/m7JfP1zXYD/e0F8/
CzVfP6QzYD9/U2A/LnVhP7c9YD8/x2A/rxZgP/8rYD+HmGE/NUxgP2ewYT9qUWA/+FtgP6s9
YT+j1mA/LDRhP8BgYT/XrWA/iaVgPzbGXz+BsGA/WQVhP5X+YD/bjmE/4H5iPyBiYT9ej2E/
+tthP8WWYT+6SmI/JGthP74oYj+m7mA/TTFiP5fcYT8/wmE/L5thPwT5YD/liGE/QXZhP0/K
YT959mA/axxiP51NYj/Aw2E/jZNiP3srYj9+l2E/ZKdiP0jxYj+LnGE/3qFiPzk+Yz9Nd2I/
ExtiP7dBYj+pQ2I/uLtiP8QXYj//9WE/</AssayYData></Step></KineticsData></ExperimentResults>
