<?xml version="1.0" encoding="UTF-8" standalone="yes"?>
<ExperimentResults><ExperimentInfo Name="20250917 PE P5216 - 5377 plate 2 kappa 50 ugl"><ExpDescription>AHC example method - full characterization&#13;
Analyte titration series with reference channel</ExpDescription><RTDVersion>2.0</RTDVersion><RunID>D3453E7F-D910-462D-B051-2D13E2863725</RunID><ExperimentType>KINETICS</ExperimentType><ExperimentSubType>KBASIC</ExperimentSubType><StartDateTime>2025-09-17T15:40:23</StartDateTime><MachineName>BN7KX12</MachineName><UserName>octet</UserName><LotNumber></LotNumber><PlateName>250917</PlateName><PlateName2></PlateName2><SensorName>C2</SensorName><SensorPlate>1</SensorPlate><SensorType>AHC (Anti-hIgG Fc Capture)</SensorType><SensorRole>LIGAND</SensorRole><SensorInfo></SensorInfo><WritingSW>DataAcquisition.exe 11.0.2.1</WritingSW><InstrumentType>OctetRED96</InstrumentType><InstrumentSerial>FB-50284</InstrumentSerial><InstrumentFW></InstrumentFW><IntegrationTime>2.1</IntegrationTime><DSPType>CPF</DSPType><DSPStitching>1</DSPStitching><HasManifest>1</HasManifest><InfoHash>884671051</InfoHash></ExperimentInfo><AssayParamsInfo/><KineticsData><Step><CommonData><SampleLocation>1</SampleLocation><SampleID>Running Buffer</SampleID><SampleGroup></SampleGroup><SampleInfo></SampleInfo><SampleRow>C</SampleRow><SamplePlate>1</SamplePlate><WellType>BUFFER</WellType><Concentration>-1</Concentration><ConcentrationUnits>µg/ml</ConcentrationUnits><MolarConcentration>-1</MolarConcentration><MolarConcUnits>nM</MolarConcUnits><MolecularWeight>-1</MolecularWeight><Temperature>30</Temperature><StartTime>612978</StartTime><AssayTime>180</AssayTime></CommonData><FlowRate>1000</FlowRate><StepType>BASELINE</StepType><StepName>Baseline 1</StepName><StepStatus>OK</StepStatus><ActualTime>179.998</ActualTime><CycleTime>0.2</CycleTime><AssayXData Points="900">bxKDOqjGSz66Scw+EFgZP83MTD8AAIA/cT2aP28Ssz8IrMw/okXmP2IQAEBqvAxAmpkZQARW
JkAzMzNAAABAQM3MTECamVlABFZmQNEic0AAAIBAZmaGQJzEjEAzM5NAaJGZQM/3n0C0yKZA
nMSsQDMzs0BokblAYhDAQDVexkDNzMxAMzPTQGiR2UDP999ANV7mQJzE7EACK/NAaJH5QM/3
/0AzMwNBTmIGQYGVCUG0yAxBkxgQQRsvE0FOYhZBgZUZQbTIHEHn+x9BMzMjQWZmJkGBlSlB
zcwsQef7L0EbLzNBTmI2QYGVOUHNzDxB5/s/QRsvQ0EIrEZBmplJQbTITEEAAFBBGy9TQeF6
VkGamVlBzcxcQQAAYEEzM2NBZmZmQZqZaUHNzGxBAABwQTMzc0FmZnZBmpl5Qc3MfEEAAIBB
mpmBQTMzg0HNzIRBZmaGQQAAiEGamYlBMzOLQc3MjEFmZo5BAACQQY2XkUEzM5NBzcyUQWZm
lkEAAJhBmpmZQWQ7m0HNzJxBZmaeQQAAoEGNl6FBMzOjQc3MpEFmZqZBAACoQZqZqUEzM6tB
zcysQWZmrkEMArBBmpmxQTMzs0HNzLRBZma2QQAAuEGamblBMzO7Qc3MvEFaZL5BAADAQZqZ
wUEnMcNBwcrEQWZmxkEAAMhBCKzJQTMzy0HBysxBZmbOQfT9z0GamdFBJzHTQc3M1EFmZtZB
9P3XQY2X2UEzM9tBwcrcQWZm3kH0/d9BjZfhQScx40HNzORBWmTmQfT950GNl+lBJzHrQc3M
7EFaZO5BAADwQZqZ8UEnMfNBwcr0QWZm9kEAAPhBmpn5QScx+0HNzPxBZmb+QQAAAELNzABC
k5gBQmBlAkIzMwNC+v4DQtPNBEKTmAVCYGUGQi0yB0L6/gdCbecIQpOYCUJgZQpCLTILQvr+
C0LHywxCk5gNQmBlDkItMg9C+v4PQsfLEEKamRFCYGUSQi0yE0L6/hNCx8sUQpOYFUJgZRZC
LTIXQvr+F0LHyxhCk5gZQmBlGkIzMxtC+v4bQvLSHEKamR1CYGUeQjMzH0L6/h9Cx8sgQpqZ
IUJmZiJCLTIjQgAAJELNzCRCk5glQmZmJkIzMydCAAAoQs3MKEKamSlCZmYqQjMzK0IAACxC
zcwsQpqZLUJmZi5CMzMvQgAAMELNzDBCrJwxQmZmMkIzMzNCDAI0QlrkNEKamTVCbWc2QjMz
N0IAADhCzcw4QpqZOUJgZTpCMzM7QgAAPELNzDxCk5g9QmBlPkItMj9CAABAQs3MQEKTmEFC
ZmZCQlI4Q0IAAERCzcxEQpqZRUJmZkZCMzNHQvr+R0LHy0hCk5hJQmZmSkIzM0tCAABMQs3M
TEKamU1CZmZOQi0yT0L6/k9CzcxQQrKdUUJgZVJCMzNTQvr+U0LNzFRCmplVQmBlVkItMldC
+v5XQsfLWEKTmFlCZmZaQjMzW0IAAFxC081cQpqZXUJmZl5CZDtfQvr+X0LTzWBCmplhQmBl
YkItMmNCAABkQs3MZEKamWVCZmZmQi0yZ0L6/mdCzcxoQr6faUJgZWpCLTJrQgAAbELNzGxC
k5htQmBlbkItMm9CBgFwQs3McEKTmHFCYGVyQi0yc0IAAHRCzcx0QpOYdUJmZnZCMzN3QgAA
eELHy3hCmpl5QmBlekItMntC+v57Qs3MfEKamX1CYGV+Qi0yf0L6/n9C42WAQs3MgEKwMoFC
F5mBQn3/gULjZYJCzcyCQrAyg0IXmYNCff+DQuNlhEJKzIRCsDKFQheZhUJ9/4VC42WGQkrM
hkKwModCF5mHQn3/h0LjZYhCSsyIQrAyiUKynYlCAACKQuNlikLNzIpCsDKLQpqZi0IAAIxC
ZmaMQs3MjEIzM41CmpmNQgAAjkJmZo5CzcyOQjMzj0KamY9CAACQQmZmkELNzJBCMzORQpqZ
kUIAAJJCZmaSQs3MkkIzM5NCmpmTQgAAlEJmZpRCzcyUQjMzlUKamZVCAACWQuNllkLNzJZC
MzOXQpqZl0IAAJhCZmaYQs3MmEIzM5lCmpmZQgAAmkJmZppCzcyaQjMzm0KamZtCAACcQmZm
nELNzJxCsDKdQpqZnUIAAJ5CZmaeQkrMnkIzM59CmpmfQgAAoEJmZqBCzcygQjMzoUKamaFC
AACiQmZmokLNzKJCsDKjQpqZo0IAAKRCZmakQs3MpELDNaVCmpmlQn3/pUJmZqZCSsymQrAy
p0KamadCff+nQuNlqEJcz6hCsDKpQheZqUIAAKpCZmaqQkrMqkIzM6tCF5mrQgAArEJmZqxC
zcysQjMzrUKama1CAACuQuNlrkLNzK5CMzOvQpqZr0J9/69C42WwQkrMsEIzM7FCF5mxQn3/
sULjZbJCSsyyQrAys0KambNCff+zQmZmtEJKzLRCsDK1QheZtUIAALZC42W2QkrMtkKwMrdC
F5m3QgAAuELjZbhCSsy4QrAyuUIXmblCff+5QmZmukJKzLpCsDK7QpqZu0IAALxCZma8Qs3M
vEKwMr1CF5m9Qn3/vULjZb5Czcy+QjMzv0IXmb9CAADAQmZmwEJKzMBCMzPBQheZwUIAAMJC
42XCQkrMwkIzM8NCmpnDQgAAxELjZcRCzczEQjMzxUKamcVCiQHGQvxpxkLNzMZCMzPHQpqZ
x0IAAMhCZmbIQs3MyEIzM8lCmpnJQgAAykJmZspCzczKQjMzy0KamctCAADMQmZmzELNzMxC
MzPNQpqZzUIAAM5CZmbOQs3MzkIzM89CmpnPQn3/z0JmZtBCe9TQQrAy0UKamdFCff/RQmZm
0kLNzNJCMzPTQpqZ00IAANRCZmbUQkrM1EIzM9VCmpnVQgAA1kJmZtZCzczWQjMz10IXmddC
AADYQmZm2ELNzNhCMzPZQpqZ2UIAANpCZmbaQs3M2kKwMttCmpnbQn3/20JmZtxCSszcQjMz
3UKamd1CAADeQuNl3kLZzt5CMzPfQpqZ30IAAOBC42XgQs3M4EIzM+FCmpnhQgAA4kLjZeJC
SsziQrAy40IXmeNCff/jQmZm5ELNzORCsDLlQqab5UIAAOZCZmbmQs3M5kIzM+dCF5nnQn3/
50LjZehCXM/oQjMz6UIXmelCff/pQuNl6kJKzOpCsDLrQpqZ60IAAOxCZmbsQkrM7EKwMu1C
F5ntQn3/7ULjZe5CzczuQrAy70IXme9Cff/vQmZm8ELNzPBCMzPxQheZ8UJ9//FC42XyQs3M
8kI/NfNCmpnzQn3/80JmZvRCzcz0QrAy9UKamfVCff/1QmZm9kJKzPZCsDL3QheZ90J9//dC
42X4QkrM+EKwMvlCmpn5Qn3/+ULjZfpCzcz6QjMz+0IXmftCPQr8QuNl/EJKzPxCMzP9QpqZ
/UIAAP5CZmb+Qs3M/kIzM/9Cmpn/QgAAAEMzMwBDZmYAQ5qZAEPNzABDAAABQzMzAUNmZgFD
mpkBQ83MAUMAAAJDMzMCQ2ZmAkOamQJDzcwCQwAAA0PyMgNDZmYDQ5qZA0PNzANDAAAEQzMz
BENmZgRDmpkEQ83MBEPXAwVDMzMFQ2ZmBUOamQVDkc0FQwAABkMzMwZDZmYGQ5qZBkOLzAZD
AAAHQzMzB0NmZgdDmpkHQ83MB0MAAAhDMzMIQ2ZmCENYmQhDi8wIQwAACUPyMglDi2wJQ1iZ
CUPNzAlDAAAKQ/gzCkNmZgpDWJkKQ83MCkMAAAtDMzMLQyVmC0NemgtDi8wLQ77/C0MzMwxD
JWYMQ5qZDEOLzAxDvv8MQ/IyDUMlZg1DWJkNQ4vMDUMAAA5D8jIOQyVmDkM1ng5Di8wOQwAA
D0PyMg9DJWYPQ1iZD0OLzA9Dvv8PQzk0EENmZhBDmpkQQ83MEEO+/xBD8jIRQ2ZmEUNYmRFD
i8wRQ77/EUPyMhJDqGYSQ1iZEkOLzBJDvv8SQzMzE0NmZhNDWJkTQ4vME0O+/xND8jIUQyVm
FENYmRRDzcwUQ77/FEMzMxVDrmcVQ1iZFUOLzBVDvv8VQ/IyFkOoZhZD25kWQ4vMFkMAABdD
8jIXQyVmF0NYmRdDi8wXQ77/F0MzMxhDZmYYQ1iZGEOLzBhDAAAZQ3UzGUNmZhlDWJkZQ+zR
GUMAABpD8jIaQyVmGkNYmRpDzcwaQwAAG0MzMxtDZmYbQ5qZG0PNzBtDAAAcQzMzHENmZhxD
mpkcQ83MHEMAAB1DMzMdQ2ZmHUOamR1DzcwdQwAAHkMzMx5DZmYeQ1iZHkOLzB5DAAAfQzMz
H0NmZh9DmpkfQ83MH0MAACBDMzMgQ2ZmIEOamSBDi8wgQ77/IEMzMyFDmG4hQ5qZIUPNzCFD
AAAiQzMzIkNmZiJDmpkiQ83MIkMAACNDMzMjQ2ZmI0OamSNDzcwjQwAAJEMzMyRDZmYkQ5qZ
JEPNzCRDBgElQzMzJUMlZiVDWJklQ83MJUMAACZD8jImQ2ZmJkOamSZDzcwmQwAAJ0MzMydD
qGYnQ5qZJ0PNzCdDvv8nQzMzKENmZihDmpkoQ4vMKEMAAClD8jIpQ2ZmKUNYmSlDzcwpQwAA
KkMzMypDZmYqQ1iZKkPNzCpDAAArQzMzK0MlZitDmpkrQ4vMK0NOAixD8jIsQyVmLEOamSxD
i8wsQwAALUPyMi1DJWYtQ5qZLUOLzC1Dvv8tQzMzLkNmZi5DmpkuQ83MLkO+/y5D8jIvQyVm
L0NYmS9Di8wvQ77/L0P4MzBD8GcwQ5qZMEOLzDBDvv8wQ/IyMUNmZjFDWJkxQ83MMUMAADJD
8jIyQyVmMkOamTJDi8wyQ77/MkPyMjNDqGYzQ5qZM0OLzDND</AssayXData><AssayYData Points="900">AAAAADkKdzpp3wQ7+RoXu+DdITuIbEM7/G/4OVYXiTusMY87dGAmO9/2vDtbDK87EFD+Ozn5
EDzWZIo7F7XWO/jenzqFOss7toy8O8xf0DuzTcs7Hl6YOz5QFjsxTAc8Z5q7O6iqojtq55Q7
kNjMO4p6MrrLzPE7LmIcO+JNjju2IgU7FKpGO6E5NDs/JhA7XlDRO761kDtA1Jk71S3DOqve
YDtV9Kk7csAOO2OtkTu3uMw74njqO1AnkjvV/847ZGsfOxulyzu3BbY6+RWyOxVsOzt8IYc6
86mGO6CYNTu2xQc7UOYMPAznvzv9OR87q5K6OcNbrjuU6GU7mxvMOmvhdzu5jJU7mN+iOxf2
YDtaXYU7YVpSO30RSDsYGKE60wcPOxjGTzsiKec7+5hvO4Xp5jqCcJg7WDs3O4mbDTu3Umo7
TdZzO3nfgDv6EHY7YH7tO45NvDqbjpo7TkaUOpgzhjsIUJ07ADJyO/hMpzuiheI51u2yOicd
GzvIVaw6X1YDO/K+SjsNVmg7RfqkO1EUUDuO0Lk7kHzLO4mkEjtL9NI7m8/oO0atuTuI2Yk7
LYiUO+5ipTssqQ47MAR6O4+3VDvR9Xw7yBuWO98Bujun7SQ7j8jKO2n5pTvzOcw7/K5pOy8t
AzxYxaY7g0GAO7x7RTv/mj86MpNwO4PyjzvMdX47yuN6O9Gb2TuYIpY7Hd2wO2Os5bqaScg7
UqfSO/zrBjxsxy07CH97O61gLjpEupk7itwwO1Lzqzssikw7UMMYO1dHtDsNIrA70LCpOyEM
xTqhRhM5LZINO2ai/jsqZao7iiB/OzKF4zugCKc7a4udO4BlpjvtHm87tiqZO/EbKjsRAow7
2haMO5Ec6Dq2wKs7BVQbOxNicDtEDM86mPhnO3Gf7zuQE3Q7STeTO5A+DzvQt7k7KbI9O3/Z
izsq7L07GbU6Oz8+7jvOffQ7IoFmO1sHiju13kY7uFCHO5pNhjsU5kA7dmKDOvOVoDuqG4E7
wupEO3VBZDu7i3g68jLZO67utzvOock71l2BO8WPpjuKxAA8dQOJOwRE6DrsLoQ7Q03DOtFH
Sjta6gY8Z5ZOO4lFgTs5+r07ju66O3Qx9zt4W+M7VWBiO59ltzu2K6E7yEO1O5jJ9TvLsyM8
Ui5jO0JZiTtOP0g7Fn/COz53njvBd587788rOjvZvju/hp87ppVjOwa2WTtgrqc7SnKeO6l2
lDt8WTi6LRTVOy40izsWx0o7X2+3O9e+rDu9s8M7K1pAO8Qrizs9GRE7/krwOxRPgDv4TiE8
cwJsOxDuiDsrhXQ7UMQHPFbEJDvbg8s7ua2gOwpKjjt0O0w5Jz5DO8B26bkDxKQ7b+MIOvMx
6Tjkzs07QZCJO8taXjv0YpY70wiXO9B/5DtJqTg72K5JO9YNvTt1DoM7oT46O0V6ezuBDts6
ANQ4O4ZvvTt+6ZY7iSKMO5fZTThHzQ87yYn7OwYv1zo8/gg8dUWJO7Vg+josT5Y7vZcHOxIp
3TuY/w87OreZO83WHTyvCtI6ui6rO9HjQjtC+Xo7/qeUO/jdyzt9Lsw74XdSOzl9ADwH6dU7
aJ3AO1/RKTui0OQ77I7HO1plkDrm+oM7PYzMO0OR5TuvtP87DZKrO2rEfjscllc7+1+sO11J
Lzr+pBg80ZShOz9TmzvP65Q7E8euOw07wTvNixY7JujnO5xJgTvcQ4M7quCyO65lFjthc4k7
BIKSOoqFhTsANEk75Uz/OuVDsjsvvcc7E3GMO8xpzDtmIgQ88pI0O5SXtTtryN87rq64O7Md
4TspbZo7UJICPGrRcTs2pOc7x/QxO1xPlDvPs647hDeUO2vKyztg6eM7kg6RO5qJ+DtLMsU6
t+7mO/JRkTumKKA7ncm3uKfL6julXco7eiWeuTZaATukaoI7qqvkO3slZjvWOII7vg3QO02y
yju+AC47L+UWPCMIqjvxkL07LKPSO/p6zzshV9g7BlUuO4M7kjqP6Og7ILWdO7YmhTvSjas7
B+cYOwvnYjuDk0g8pHrGO9EVrTt3fqE7A1P0O4/nuzv3rAo8NP2jO0WyeDtKVGM7n93wO22t
yzv7cbI7BoLBOxK/NDtER007G3TmOrdyuDv7KO87siODOzJwTztMaNQ6ixK0OwUblTsX8FA7
eNICPCQqnzt+Zcs7u0+WO0HCajt3sd47hF/KO7bk3jvG3g08CgyDO4WRrjvP6E077cArO0pR
vztsIqg7renjOyP2/TtOnIQ7CI3aO7dpTTsgjAg7vGUCPGm/Hjsb0h477j2vOqfqjjtm6BE7
4dMXO3H6RTtzTHs70XWwO+miKTvd2WQ7g7bKO1qJ3DvVy6U7HvioOxsMITtodp07R2DXOkpO
ADscK/U7c7amO5pvpjvcNMc7ObaTOwtrlTtdRRk7jyRiO+LR7ju9/a87ea/bO2invzvN6ss7
3l/AO9ArgTu27Qo83OZ4O0vaqzt0S7k7JxfVOtKhfDtHFuA7DgVTO32ZxjvgH987Qf/QOxuT
PzsYPDE7kX/iOpvIvTsnKqk70/doOwrgijt66gc8/rqyO1/UcjuE0uY7QWOsO/FrojsaM446
V6PQOy4j+jvXba07lMJ1O4Vl3Dv3M5c6e/7AOxlCqTpFuLA7ukAKPKjIazuEuhE7zROeO1IA
6zotp4E7ypTJO4TRVTvtQS47N45qO4GCpDs7SNY7o9yWO7wghTs7++E6NZijO9orszsp2sM7
TbtJO9ELKTswa5U7Cp3UO4uJ0jsK07M7wT+rOwn/Wzsjv9A7526bOk4YhTsaj5c7URSMOuZm
Hzk6AzY7NHtlOlF5mzu3lUc7tCsVO8w6uDuKIK07RckmO9I9ezsvwXo58F68O51PuTvN3Dk7
5lKjO1S7MDt6ob87N8q9O4t9UTszytQ61FTyOifK3Dufj547e3i3O1c4bjt6T4Q7rGVFO6hx
bzsCoZE7Pm3NOta8tTv7mAs8k8TNOqIMiTuCW6Q7LejzO4ZehzuDsxg7aSmSO+Yyjjs3bsw7
n4arO8QdnTu2/RI7QsmRO4zahzuWIY47rLjYOwvErTsmxCo7gCXBOiQI1DrHYrU7RSR8O+74
nboIGYY7n3mKO62r4joOPjk6X51auSCpwztLWo8779VyO2jWQTve/WQ7Png/Owv8HDuu4MM6
CiLOO492zjuv70A7p9ufOie3yzpSYlg6ASznO3bYEjt2ixQ8wP2OO9eFEjwUKro7XwrkO/01
4juOPJk5AzS4O8BcJjtO0og7tzkRPJc3XztLoAw70YiLOwKhlzvH9Yo7L2DwOlHG5LrBsPo6
aYKMO4iwCDwSwjE7qIZXO+xtGjkvfb46aJXZO8o9TTv8GIc73i+kOlfFcTv2TZw7QxuCOzT8
7zu9flI7N3sQOiq3yDtEtBg7ln3IOl+2mDs7dDA7/eOKO5rQSDtyCHM70ju+Oql6kjuD4C47
LAbwO1nujjtOlrY7vgmJO7q6+DuNvyo7JI1BO/kYjDv6Cp85eacDO2NrvjswBVI7zfO5OqBM
F7o7ic07P5+UO0rOpTtyPZU7PkX4Oiwt8zuHuaE7weiWO4yIgTsjAGg7iZYSO2cDlDmkd747
sEcbOsriojupIgg85O9AO7ZtQzv1zYg7eF7VO7RYCjxdLkg7VUoGPO7Tjzv9Z6A7SitaO5GW
ojpzS1I7u7jMO/GhGTuUVsk7dP9fO2jyZjmPBc47Cp+QuQKRuTsb8Gg7e40aO1h4rDttk587
1u3+OxxEiztoSpk7NX99O2L0OzqKiak7Ap8bO+jMpTtWuGU7b74FO7jXQjvlBMg6kgt1OQOd
tjpdDXM6Nrf1O8H6njoZXZs73nTaOjtgljpFjV07BF8uO1BfjjtiV946BU8kOzbbrjof6B65
T0ErO0gGuDuw5kU7IHuOO0i9Fztvx5E7y+SNO0leETvhK0Y7E0mzOhJlaztMv607Y8MROc8d
vDoS+Bc6mR8pupghkbobNO86LbZZOqqxhTkcrk26up1DO3ZdrjsELnA7x3dJO2yZijucJ0w6
/kJ6O8K9ljtB1UO7go3GO5t4ijtrN4+3ZRp8OxEjADs9oHM77weVuj3EGztGG0U7erPvOlFR
s7qTfg07OzZ6OwKkRjs0xMc7fxLmOeMDFTto2ZM7mmy4OsB+qjvW6YE6w61AOjhuRzq33vi4
vPkau4hMRblK/jk5Otd7O52LmTvAdvk5kXpPO61UPDtQWTo7tbSPOr9ayjv+f3c70ivxOtQN
IztqBDo7vLSFOsXEvTg+iRk7xN7+Om8RUztq4vI6pLIjudiG9ztLwpw7x1AAPKuN4roo9X05
+LcoO51moTrbyao7G/1xO95plTvEK8g71hEIuvXhTjsiojo6IDebO4cQdTsTC7s79B0zO5KQ
RjvoE8u50CW2O06q/zp1SX8726x6O8vyOzivazU71I+nO0nZWjsAiQI7ZioaPLozzDofF/E6
7uMGPH3Dlzsq1w87ZuhRO0SLlTvNLCY7Qu9hO8XgfjsQc/85MvzIO2sAczvs7pY7SseIOx2u
7Dt0SAk7Aq86OltNuzrTgIc7MG04O/yYljt2m4+6voexOm4pATsuMss7Y8cqO5LRWjsXCao6
og7uO5xVmjv08zQ76qqwOcFyVjtVJqU70c6XOvPagDu1I2o75NbhupmPBjvn/lA7qZjDO9uS
rzv3gsg7OwZcuoozyjsr3g27+o25OvqFkTvH4Z47dk6lO57wgzuiS1U7ICo2OzSqgzsen8c7
uGloujG5ZDqP3z47DsS7O0METzrR6Ng7dZaruiu9Ljrpx6Y7</AssayYData></Step><Step><CommonData><SampleLocation>2</SampleLocation><SampleID>10mM Glycine pH1.7</SampleID><SampleGroup></SampleGroup><SampleInfo>or other Regeneration solution</SampleInfo><SampleRow>C</SampleRow><SamplePlate>1</SamplePlate><WellType>REGENERATION</WellType><Concentration>-1</Concentration><ConcentrationUnits>µg/ml</ConcentrationUnits><MolarConcentration>-1</MolarConcentration><MolarConcUnits>nM</MolarConcUnits><MolecularWeight>-1</MolecularWeight><Temperature>30</Temperature><StartTime>969224</StartTime><AssayTime>20</AssayTime></CommonData><FlowRate>1000</FlowRate><StepType>CUSTOM</StepType><StepName>condition</StepName><StepStatus>OK</StepStatus><ActualTime>20</ActualTime><CycleTime>0.2</CycleTime><AssayXData Points="100">vv8zQ/EyNEPjZTRDFpk0Q0nMNEN8/zRDsDI1QyRmNUMWmTVDScw1Q3z/NUOwMjZDJGY2QxaZ
NkNJzDZDAAA3Q7AyN0PjZTdDFpk3Q0nMN0O+/zdD8TI4QyRmOENYmThDi8w4Q77/OEPxMjlD
JGY5Q1iZOUOLzDlDvv85Q/EyOkMkZjpDWJk6Q4vMOkO+/zpD8TI7QyRmO0MWmTtDScw7Q77/
O0PxMjxDJGY8Q1iZPEOLzDxDvv88Q/EyPUPjZT1DWJk9Q0nMPUO+/z1D8TI+QyRmPkNYmT5D
i8w+Q77/PkPxMj9DJGY/Q1iZP0OLzD9Dvv8/Q/EyQEMkZkBDWJlAQ4vMQEO+/0BD8TJBQyRm
QUNYmUFDi8xBQ77/QUPxMkJDJGZCQ1iZQkOLzEJDvv9CQ/EyQ0MkZkNDWJlDQ4vMQ0O+/0ND
sDJEQyRmRENYmURDi8xEQ3z/REPxMkVD42VFQxaZRUPMzEVDvv9FQ7AyRkMkZkZDWJlGQ0nM
RkN8/0ZD8TJHQ+NlR0MWmUdDi8xHQw==</AssayXData><AssayYData Points="100">F5aXvmlkhr7xZGm+S+NZvn8cTr73dUu+/k5HvlrjSb55+Ey+cJVPviQTUr5tNVy+UgtavuUm
X76iqWG+fR1rvqnWcL7oyW++mHdzvpFadL4ZjHi+ACZ7vgAKgb41X4C+bsN/vnMTgr7xkYS+
cHiFvlPAiL6ZhIe+8xuKvgXeh750f4q+huKNvmUEjb6IDI2+5miPvhBskL7phZK+fOGTvj6H
kr6hppG+1MKTvnbvk77Lf5W+C4OWvpmml76CGpm+mm2YvlNBmL5mypm+IBSavpkFnL6sgJy+
VTabvqmUnL44cZ2+gDOevmpLn77E8J++eEajvoWWor7Ih6K+Nq6jvj9Qo74ow6S+8xSkvq15
pL7toqW+clClvjDHpr7vuKe+wdmnvkUCqb6HNKm+hQOpvorYp76bx6u+FTOqvr7Mqr7OS6u+
JkGqvkEOrb7g4ay+xeOuvoTirb5UYK++VYiuvnKarb5bGLG+5yqxvpHssL7XJLG+1CWzvu2d
sb4mPLO+TwSzvpqrtL5quLO+Ljy1vg==</AssayYData></Step><Step><CommonData><SampleLocation>1</SampleLocation><SampleID>Running Buffer</SampleID><SampleGroup></SampleGroup><SampleInfo></SampleInfo><SampleRow>C</SampleRow><SamplePlate>1</SamplePlate><WellType>BUFFER</WellType><Concentration>-1</Concentration><ConcentrationUnits>µg/ml</ConcentrationUnits><MolarConcentration>-1</MolarConcentration><MolarConcUnits>nM</MolarConcUnits><MolecularWeight>-1</MolecularWeight><Temperature>30</Temperature><StartTime>994887</StartTime><AssayTime>20</AssayTime></CommonData><FlowRate>1000</FlowRate><StepType>CUSTOM</StepType><StepName>condition</StepName><StepStatus>OK</StepStatus><ActualTime>20.02</ActualTime><CycleTime>0.2</CycleTime><AssayXData Points="100">vv9HQ7AySEPjZUhDFplIQ0nMSEN8/0hDsDJJQ+NlSUOfmklDi8xJQ3z/SUOwMkpDJGZKQ1iZ
SkNJzEpDfP9KQ7AyS0PjZUtDFplLQ0nMS0N8/0tDsDJMQ+NlTEMWmUxDScxMQ3z/TEOwMk1D
42VNQxaZTUNJzE1DfP9NQ7AyTkMkZk5DFplOQ0nMTkO+/05D8TJPQyRmT0OZmU9DScxPQ77/
T0PxMlBDJGZQQ1iZUEOLzFBDvv9QQ/EyUUMkZlFDWJlRQ4vMUUO+/1FD8TJSQyRmUkNYmVJD
i8xSQ77/UkP3M1NDJGZTQ1iZU0OLzFNDQQBUQ/EyVEMkZlRDWJlUQ8zMVEO+/1RD8TJVQyRm
VUNYmVVDi8xVQ3z/VUPxMlZDJGZWQ1iZVkOLzFZDvv9WQ/EyV0OoZldDXppXQ4vMV0N8/1dD
sDJYQyRmWEMWmVhDi8xYQ77/WEOwMllD42VZQ1iZWUOLzFlDvv9ZQ/EyWkPjZVpDWJlaQ0/N
WkO+/1pD8TJbQ+NlW0MWmVtDqtFbQw==</AssayXData><AssayYData Points="100">DJ1tvSJjv71xZd+9qmrjvTtw7b3hIvS9Ub7svfXN8L1vpN29ELXfvRBR7b3wKta9r6jkvSM8
1r2ny9i9sUbVva8Syb0I5dC9y5PSvSE2zL2lr8u9FAHOvT06x72slsW9kkvEvZ6xzL3Vt8q9
4GK8vX57wr2U3bu9a2e8vV/Nwb1h4b+9oSfCvYJWur1jhcC9Sl26vdf+ub1o9ra9R6G+vXC4
ur2purm9wly3vfVMs73utbq9ISy2vZ9Cr73zarW9rgi0vSFNuL3npK+9SS29vbS7rL37hbO9
2ea6vTfRs71JgLe9uCewvdgZtL2jCLu9ZYisvcajtL0J17O9mzOtvd0btL2c+629SNGtvUtz
s70LM7G9AYiuvUG7qL3nFKu9MwSuvfN+sL30QKi9sCSpvStzs71l4qm9DWGovUEIr71Q+aS9
zA6uveLFsb3ycaq9rDugvTKzrb01Ea+9qRmkvQSap73cVa+9/QiovXU8q73+YKC9oj2ovWed
oL36bK29ENmmvQlQpb3fT6O9sLqlvQ==</AssayYData></Step><Step><CommonData><SampleLocation>2</SampleLocation><SampleID>10mM Glycine pH1.7</SampleID><SampleGroup></SampleGroup><SampleInfo>or other Regeneration solution</SampleInfo><SampleRow>C</SampleRow><SamplePlate>1</SamplePlate><WellType>REGENERATION</WellType><Concentration>-1</Concentration><ConcentrationUnits>µg/ml</ConcentrationUnits><MolarConcentration>-1</MolarConcentration><MolarConcUnits>nM</MolarConcUnits><MolecularWeight>-1</MolecularWeight><Temperature>30</Temperature><StartTime>1020670</StartTime><AssayTime>20</AssayTime></CommonData><FlowRate>1000</FlowRate><StepType>CUSTOM</StepType><StepName>condition</StepName><StepStatus>OK</StepStatus><ActualTime>20</ActualTime><CycleTime>0.2</CycleTime><AssayXData Points="100">3QRcQ883XEMCa1xDNZ5cQ2jRXEObBF1DEDhdQwJrXUN3nl1DaNFdQ5sEXkPPN15DQ2teQ3ee
XkOq0V5DmwRfQ883X0MCa19DNZ5fQ2jRX0ObBGBDEDhgQwJrYEM1nmBDaNFgQ5sEYUPVOGFD
AmthQ3eeYUPr0WFDmwRiQxA4YkNDa2JDd55iQ6rRYkPpBmNDEDhjQ0NrY0N3nmNDqtFjQ90E
ZEMQOGRDQ2tkQ3eeZEOq0WRD3QRlQxA4ZUNDa2VDd55lQ6rRZUPdBGZDEDhmQ0NrZkN3nmZD
qtFmQ90EZ0PPN2dDQ2tnQ3eeZ0Oq0WdD3QRoQ1I4aENDa2hDd55oQ6rRaEMlBmlDEDhpQ0Nr
aUN3nmlDqtFpQ90EakPPN2pDQ2tqQzWeakOq0WpD3QRrQxA4a0PTbWtDd55rQ6rRa0PdBGxD
EDhsQ0NrbEN3nmxDqtFsQ90EbUMQOG1DAmttQ3eebUNo0W1D3QRuQ883bkMCa25DNZ5uQ2jR
bkPdBG9DzzdvQ0Nrb0M1nm9DqtFvQw==</AssayXData><AssayYData Points="100">CnDZvl1nv77S+7G+sqWlvvxqnr5oW5y+qnucvpaQmL5Ilp2+c8mcvrq+nr7MVp++fMGgvjdf
ob4qb6O+6AalvphLpL56+qS+psGlvgeKp76PS6m+AnCpvub6q75k1au+1SOuvkgCrb7cRK6+
IrOtvvS+rr6uV66+cISwvqF4sr5BGK++5euxvtjMsr60GrO+qqCzvorBs75upLS+7PezvgXp
tb47UrW+4Aa3vlhwuL64mra+sZO3vgmMub5oaLm+d367vrV/vL4UCLi+tSC8vuqwu74xWby+
YTq7vni1vr7sVby+/a+8vi4rvL4wQr2+7D6/vviMv74DgL++F0q/vnCGv77mLcG++2XBvrIx
w74jEcG+YP/BvisCwb6cPsK+S1TBviePwr68k8S+OY7FvtH8wb6rrsW+gvrEvndExr6CWMa+
pavGvqT4w76BXse+hKrHvs5gx75s6Ma+OAfJvkOmxr4emsi+yc3Hvrq+yL6G8ci+d+jIvrlb
yr61k8m+CibLvotwy74WC8q+I0fLvg==</AssayYData></Step><Step><CommonData><SampleLocation>1</SampleLocation><SampleID>Running Buffer</SampleID><SampleGroup></SampleGroup><SampleInfo></SampleInfo><SampleRow>C</SampleRow><SamplePlate>1</SamplePlate><WellType>BUFFER</WellType><Concentration>-1</Concentration><ConcentrationUnits>µg/ml</ConcentrationUnits><MolarConcentration>-1</MolarConcentration><MolarConcUnits>nM</MolarConcUnits><MolecularWeight>-1</MolecularWeight><Temperature>30</Temperature><StartTime>1046339</StartTime><AssayTime>20</AssayTime></CommonData><FlowRate>1000</FlowRate><StepType>CUSTOM</StepType><StepName>condition</StepName><StepStatus>OK</StepStatus><ActualTime>20</ActualTime><CycleTime>0.2</CycleTime><AssayXData Points="100">3QRwQ883cENDa3BDNZ5wQ2jRcEPdBHFDEDhxQwJrcUM1nnFDqtFxQ90EckPPN3JDAmtyQ3ee
ckOq0XJDmwRzQ883c0NDa3NDd55zQ6rRc0ObBHRDzzd0QwJrdEN3nnRDqtF0Q90EdUMQOHVD
Q2t1QzWedUNu0nVD3QR2QxA4dkNDa3ZDNZ52Q7bTdkObBHdDzzd3QwJrd0N3nndDaNF3Q90E
eEPPN3hDAmt4QzWeeENo0XhDmwR5Q883eUMCa3lDNZ55Q6rReUObBHpDzzd6QwJrekM1nnpD
qtF6Q90Ee0NSOHtDAmt7QzWee0No0XtDJQZ8Q883fEMCa3xDNZ58Q2jRfEObBH1DEDh9QwJr
fUM1nn1DaNF9Q90EfkPPN35DAmt+QzWefkOq0X5DmwR/Q883f0MCa39DNZ5/Q6rRf0NOAoBD
5xuAQ6I1gEM7T4BD1WiAQ26CgEMInIBDorWAQzvPgEPV6IBDbgKBQwgcgUOiNYFDO0+BQ9Vo
gUNugoFDCJyBQ6K1gUM7z4FD1eiBQw==</AssayXData><AssayYData Points="100">8yKPvcu83b1ovQO+a5MNvv6gDr7YoQ++xmwQvm2zCr5ZrQy+JCULvjGdCL68rAu+mJEJvlLa
B743zAO+kcgBvp6OBr5IlQC+pV0EvkrI/r3rXP+93Tn6vbUFAb4lffW9x+z5vYNJ+L3Ddfm9
t2/4vb4U970Zl/y9nWb1vfga/73zZ/m99f3wvTuH872GGvC9GK/vvQoN+L0pxvC9lBTyvVJ9
872wwOy9e8Tpvavk771lSPC9PAnyvTna7L09Xey9vrHuvUtO570JPvK93BDovSfo6b0J9em9
oSznvU3y6L0aVeu97i7rvf9o771SSeG9gD3svW9q6L19+OS9XHvhvWth470zS+e9tujrvf1Q
773UkOq97uHhvYDW670HWOa90Yb0vYto6L0mh+i9Yg3qvdz15r1FBOa9vCXivXRp4r3Dkuu9
k9Lpvb3Z5b38kOW9/0PivSae4r3c8eW98aTdvYBS4r2G4uO9H/Tgva9p472bzOC9KsXnve3g
4732V+S9kf3cvV3a5r3HNea9ga/evQ==</AssayYData></Step><Step><CommonData><SampleLocation>2</SampleLocation><SampleID>10mM Glycine pH1.7</SampleID><SampleGroup></SampleGroup><SampleInfo>or other Regeneration solution</SampleInfo><SampleRow>C</SampleRow><SamplePlate>1</SamplePlate><WellType>REGENERATION</WellType><Concentration>-1</Concentration><ConcentrationUnits>µg/ml</ConcentrationUnits><MolarConcentration>-1</MolarConcentration><MolarConcUnits>nM</MolarConcUnits><MolecularWeight>-1</MolecularWeight><Temperature>30</Temperature><StartTime>1071861</StartTime><AssayTime>20</AssayTime></CommonData><FlowRate>1000</FlowRate><StepType>CUSTOM</StepType><StepName>condition</StepName><StepStatus>OK</StepStatus><ActualTime>19.999</ActualTime><CycleTime>0.2</CycleTime><AssayXData Points="100">bwKCQ+gbgkOiNYJDPE+CQ7VogkNvgoJDCZyCQ6K1gkM8z4JD1eiCQ28Cg0PoG4NDojWDQxtP
g0PVaINDToKDQwmcg0OitYNDPM+DQ7Xog0NOAoRDCRyEQ6I1hEM8T4RDtWiEQ2+ChEMJnIRD
orWEQzzPhEPV6IRDbwKFQ+gbhUOiNYVDPE+FQ9VohUNvgoVD6JuFQ6K1hUMbz4VD1eiFQ28C
hkMJHIZDojWGQxtPhkO1aIZDb4KGQ+ibhkOitYZDG8+GQ7XohkNvAodD6BuHQ6I1h0MbT4dD
tWiHQ06Ch0Pom4dDorWHQzzPh0O16IdDTgKIQ+gbiEOBNYhDG0+IQ9VoiENOgohDCZyIQ4G1
iEMbz4hDteiIQ04CiUMJHIlDgTWJQxtPiUO1aIlDToKJQwmciUOitYlD4M+JQ9XoiUNOAopD
6BuKQ4E1ikMbT4pDtWiKQ06CikM2nopDgbWKQxvPikO16IpDTgKLQ+gbi0OiNYtDPE+LQ9Vo
i0NOgotDCZyLQ4G1i0M8z4tDteiLQw==</AssayXData><AssayYData Points="100">4VXuvpxL2L4Z7MW+kOu6vv0etr6cULK+N16yvjaLsr4zxbO+fv60vvjps77cC7e+UJG3vvc1
uL4qAbq+hYO7vuBUu77bAry+js2+vrXAvb7UG7++cye/vuSiv77ni8C+d2vCvgV+wr4VNcO+
/07DvlLLw74h/MO+P9vFvhy5xr48/MS+7s7EvsQjxr5Pfcm+4p7Hvl5Oyb5Gxce+KIXKvkoW
y75+ssq+ayDJvrXQyr7nZcu+zVXNvkZHzL4INc2+8+TOvnaKzb5Vvc2+eHzMvj2izr6bks6+
1zXOvn9Y0L5Y8M6+MmHPvlkt0L74286+defRvsmBz77Ou9C+w7/Pvgb9z74MsNK+InHTvkjE
0b4KBdC+QGjTvkiU1L6Fb9S+ts3Tvr8q1r48G9O+fofWvp9Z1L74c9e+D/bVvtn62L4hYdW+
uCjYvlvY1b4BO9a+36vWvqrA1r6bZ9m++KPXvqjp2b5BVtm+8zDZvhsO2b5OMNq+LCvZvtYU
2b5GYNq+ibDYvkqw27725du+wLnavg==</AssayYData></Step><Step><CommonData><SampleLocation>1</SampleLocation><SampleID>Running Buffer</SampleID><SampleGroup></SampleGroup><SampleInfo></SampleInfo><SampleRow>C</SampleRow><SamplePlate>1</SamplePlate><WellType>BUFFER</WellType><Concentration>-1</Concentration><ConcentrationUnits>µg/ml</ConcentrationUnits><MolarConcentration>-1</MolarConcentration><MolarConcUnits>nM</MolarConcUnits><MolecularWeight>-1</MolecularWeight><Temperature>30</Temperature><StartTime>1097373</StartTime><AssayTime>20</AssayTime></CommonData><FlowRate>1000</FlowRate><StepType>CUSTOM</StepType><StepName>condition</StepName><StepStatus>OK</StepStatus><ActualTime>20</ActualTime><CycleTime>0.2</CycleTime><AssayXData Points="100">TwKMQ+kbjEOCNYxD+06MQ5VojEMugoxD6ZuMQ4K1jEP7zoxDleiMQy4CjUPIG41DYTWNQ/tO
jUO1aI1DT4KNQ8ibjUNhtY1D+86NQ5XojUMuAo5DyBuOQ2E1jkMcT45DlWiOQy6CjkPIm45D
YbWOQxzPjkPW6I5DLgKPQ+kbj0NhNY9DHE+PQ5Voj0Mugo9D6ZuPQ2G1j0Mcz49DteiPQ08C
kEPpG5BDgjWQQxxPkEObaZBDT4KQQ+mbkEOCtZBDHM+QQ7XokENPApFD6RuRQ6M1kUMcT5FD
tWiRQ0+CkUPpm5FDgrWRQxzPkUO16JFDTwKSQ+kbkkOCNZJDHE+SQ7VokkNPgpJDrZySQ4K1
kkMcz5JDteiSQ08Ck0PpG5NDYTWTQxxPk0O1aJNDT4KTQ+mbk0OCtZND+86TQ7Xok0NPApRD
yBuUQ4I1lEP7TpRDlWiUQ0+ClEPpm5RDo7WUQxzPlEO16JRDTwKVQ+kblUNhNZVDHE+VQ5Vo
lUNPgpVDyJuVQ2G1lUMcz5VDteiVQw==</AssayXData><AssayYData Points="100">sb/0vDd4x72Jiwe+FeIZvi8FGb5WMB++vqUgvptIHb433hy+oOwbvlKCH77F8xm+aWkdvvCi
Fr5G9hW+11EYvgp7FL6e0RS+D8oUvmG/D75iEhK+/jwRvsVcEL575Au+HcIOvuCDDL7x5A++
ACUOvgfKDr4Okwy+2TsPvo3dDr4MgAq+XhsPvkw7Cb7tuQ2+aDcMvuz2C745ZAe+R2sKvuIk
EL50Ygq+sTMIvnLzA75SMAe+3z0HvsXICb40Wgm+PdQFvng4BL5uwQi+UWEJvnEXBr79LgW+
HX0DvpyFBr6nsgS+a1YEvkORBr7gVQe+jigFvrgHCb7zOAi+UYkGvnjrBL4lowS+TcwCvj/f
A74Xbga+ejwBvqPeBL5zbga+PccCvg0FAr4gQwi+EbgCvq1sAb5czwW+96EGvpVrB75E+AS+
cIoFvrjYBr61dgG+HXwFvncjBb7cOgK+yfMCvqOZAL5b3ga+xjYBvqj6A766NwK+qUADvl0B
BL5/TwC+RXABvuhbBL6JtAK+FQwCvg==</AssayYData></Step><Step><CommonData><SampleLocation>3</SampleLocation><SampleID>Running Buffer</SampleID><SampleGroup></SampleGroup><SampleInfo></SampleInfo><SampleRow>C</SampleRow><SamplePlate>1</SamplePlate><WellType>BUFFER</WellType><Concentration>-1</Concentration><ConcentrationUnits>µg/ml</ConcentrationUnits><MolarConcentration>-1</MolarConcentration><MolarConcUnits>nM</MolarConcUnits><MolecularWeight>-1</MolecularWeight><Temperature>30</Temperature><StartTime>1123544</StartTime><AssayTime>120</AssayTime></CommonData><FlowRate>1000</FlowRate><StepType>BASELINE</StepType><StepName>Baseline 120</StepName><StepStatus>OK</StepStatus><ActualTime>120</ActualTime><CycleTime>0.2</CycleTime><AssayXData Points="600">TwKWQ8gblkNhNZZD4E+WQ5VolkMugpZDyJuWQ2G1lkP7zpZDleiWQy4Cl0PIG5dDYTWXQxxP
l0OVaJdDLoKXQ+mbl0OCtZdDHM+XQ5Xol0MuAphD6RuYQ4I1mEP7TphDlWiYQ0+CmEPpm5hD
grWYQxzPmEO16JhDTwKZQ+kbmUOCNZlDHE+ZQ7VomUNPgplD6ZuZQ4K1mUMcz5lDteiZQ08C
mkPpG5pDgjWaQxxPmkOVaJpDT4KaQ8ibmkOCtZpDHM+aQ7XomkNPAptDyBubQ2E1m0P7TptD
tWibQ5GCm0Ppm5tDgrWbQxzPm0O16JtDTwKcQ+kbnEOCNZxDHE+cQ7VonENPgpxD6ZucQ4K1
nEMcz5xDleicQy4CnUPIG51DgjWdQxxPnUO1aJ1DT4KdQ+mbnUOCtZ1DHM+dQ7XonUNPAp5D
SxyeQ2E1nkMcT55DlWieQy6CnkNsnJ5DYbWeQ/vOnkOV6J5DcAKfQ8gbn0OCNZ9D+06fQ5Vo
n0NPgp9D6ZufQ2G1n0P7zp9DleifQy4CoEPIG6BDgjWgQ8BPoEOVaKBDLoKgQ+mboEOCtaBD
+86gQ5XooENPAqFDyBuhQ6M1oUP7TqFDlWihQ3CCoUPIm6FDgrWhQ/vOoUOV6KFDLgKiQ8gb
okNhNaJD+06iQ7VookNVg6JDyJuiQ4K1okMcz6JDleiiQy4Co0PIG6NDgjWjQ/tOo0OVaKND
T4KjQ8ibo0OCtaNDHM+jQ5Xoo0MuAqRDyBukQ2E1pEP7TqRDlWikQy6CpEPIm6RD5LWkQ/vO
pEOV6KRDLgKlQ+kbpUNhNaVD+06lQ5VopUMugqVDyJulQ2G1pUP7zqVDleilQy4CpkPpG6ZD
gjWmQ/tOpkP3aKZDT4KmQ+mbpkOCtaZDHM+mQ7XopkNPAqdD6RunQ4I1p0McT6dDtWinQ0+C
p0Ppm6dDgrWnQxzPp0O16KdDTwKoQwkcqEOCNahDHE+oQ7VoqEOQgqhD6ZuoQ4K1qEMcz6hD
teioQ08CqUPpG6lDgjWpQxxPqUO1aKlDT4KpQ+mbqUOCtalDwM+pQ7XoqUNPAqpDCRyqQ4I1
qkPgT6pDlWiqQ0+CqkPpm6pDgrWqQxzPqkO16KpDTwKrQ+kbq0OCNatDHE+rQ7Voq0MugqtD
6ZurQ2G1q0Mcz6tDteirQ/MCrEPpG6xDgjWsQxxPrEPWaKxDT4KsQ8ibrENhtaxDHM+sQ7Xo
rENPAq1DyButQ2E1rUMcT61DlWitQ0+CrUPpm61DR7atQ/vOrUO16K1DLgKuQ+kbrkNhNa5D
+06uQ7VorkNPgq5D6ZuuQ4K1rkP7zq5DteiuQy4Cr0PpG69DYTWvQxxPr0O1aK9DLoKvQ8ib
r0Nhta9D+86vQ5Xor0MuArBD6RuwQ2E1sEP7TrBDlWiwQy6CsEPpm7BDYbWwQxzPsEOV6LBD
LgKxQ8gbsUOCNbFD+06xQ5VosUMugrFDyJuxQ2G1sUMcz7FDleixQy4CskNsHLJDYTWyQ/tO
skO1aLJDLoKyQ8ibskNhtbJD+86yQ5XoskMuArND6RuzQ2E1s0P7TrNDlWizQy6Cs0Ppm7ND
YbWzQ/vOs0O16LNDcAK0Q+kbtENhNbRDwE+0Q7VotEMugrRD6Zu0Q4K1tEMcz7RDtei0Q08C
tUPpG7VDgjW1QxxPtUO1aLVDNIO1Q+mbtUOCtbVDHM+1Q7XotUNPArZD6Bu2Q4I1tkMcT7ZD
lWi2Q0+CtkPom7ZDgrW2QzzPtkO26LZDTwK3Q+gbt0OCNbdD+063Q7Zot0MugrdD6Ju3Qya2
t0Mcz7dDtui3Q08CuEPoG7hD5DW4Q/tOuEO2aLhDLoK4Q+ibuEOCtbhDHM+4Q7bouENPArlD
6Bu5Q4I1uUP7TrlDm2m5Q9iDuUPom7lDgrW5Q/vOuUO26LlDTwK6Q8gbukNiNbpD+066Q5Vo
ukNPgrpD6Ju6Q4K1ukMcz7pDlei6Qy4Cu0PoG7tDYjW7QxxPu0OVaLtDLoK7Q+ibu0OCtbtD
+867Q7bou0NwArxDSxy8Q4I1vEP7TrxDtmi8Q0+CvEPom7xDgrW8Q/vOvEOV6LxDLgK9Q8gb
vUNiNb1DHE+9Q7ZovUNPgr1DyJu9Q4K1vUP7zr1Dlei9Q08CvkPoG75D5DW+Q/tOvkOVaL5D
LoK+Q8ibvkOCtb5DHM++Q7bovkMuAr9DyBu/Q2I1v0McT79DlWi/Q/mDv0PIm79DYrW/QxzP
v0OV6L9DlwPAQ8gbwENiNcBDHE/AQ7ZowEMugsBDyJvAQ2K1wEMcz8BDlejAQy4CwUPIG8FD
gjXBQ/tOwUO2aMFDLoLBQ8ibwUNitcFDHM/BQ5XowUNwAsJDyBvCQ2I1wkP7TsJDtmjCQ0+C
wkPIm8JDYrXCQxzPwkOV6MJDTwLDQ+gbw0OCNcNDHE/DQ7Zow0NPgsND6JvDQ4K1w0Mcz8ND
OOnDQ08CxEPoG8RDgjXEQxxPxEO2aMRDT4LEQ+ibxEOCtcRDHM/EQ7boxENPAsVDyBvFQ4I1
xUMcT8VDtmjFQ0+CxUPom8VDgrXFQxzPxUO26MVDTwLGQ+gbxkOCNcZDHE/GQ5VoxkMugsZD
6JvGQ4K1xkMcz8ZDtujGQ08Cx0PoG8dDgjXHQxxPx0O2aMdDT4LHQ8ibx0OCtcdDHM/HQ7bo
x0NPAshD6BvIQ4I1yEMcT8hDlWjIQy6CyEPIm8hDYrXIQ/vOyEO26MhDTwLJQ+gbyUOCNclD
+07JQ7ZoyUNPgslDyJvJQ4K1yUP7zslDtujJQy4CykPoG8pDgjXKQxxPykOVaMpDLoLKQ+ib
ykOCtcpDkNLKQ5XoykMuAstD6BvLQ4I1y0P7TstDlWjLQy6Cy0PIm8tDgrXLQ/vOy0O26MtD
LgLMQ+gbzENiNcxD+07MQ5VozENPgsxD6JvMQ2K1zEP7zsxDtujMQ08CzUPIG81DYjXNQ/tO
zUOVaM1DLoLNQ8ibzUNitc1D+87NQ7bozUMuAs5D6BvOQ4I1zkP7Ts5DlWjOQy6CzkPom85D
grXOQxzPzkOV6M5DLgLPQ8gbz0NiNc9DXU/PQ5Voz0NPgs9D6JvPQ2K1z0P7zs9DlejPQy4C
0EPIG9BDYjXQQ/tO0EOVaNBDLoLQQ+ib0EOjtdBD+87QQ5Xo0ENPAtFD6BvRQ6M10UPgT9FD
tmjRQ0+C0UPom9FDBbbRQxzP0UO26NFD</AssayXData><AssayYData Points="600">DqcXviJnFL6vfRK+GOEVvsjhE74xGRS+d6QRvoxOFL5rthG+d8YRvsgYD74AeA6+BNERvo36
EL5VjRK+6cQTvpBvEb6oWxG+gyIQvsCkD76utxC+GIATvrNRE76vahC+nXkQvpGeEL7UaRC+
7wcPvjf6DL4pwQy+qikOvnoKCr6sWgq+H3oJvloPDL7SxBC+LS4Ovg9CDL48ag6+EzEOvsjP
EL667A2+0q8MvtxMDL7gew++zAcNvt8UDr73uw++SNcOvnZXDr740Ay+7CgPvgs/D74CRQy+
4OcKvlj6C76I6g++4ggNvkthDb4wbwy+AgkNvr6KCb56AAq+xewOvkPvDL6rhBC+3xoQvjpt
Db7S9g2+Y+IMvjrPDr4L8wy++5gNvjNuCr5iSgu+EBENvtC0Cr5zZAy+bXkLvkUGD74uDwq+
MigPvq24Db7XaAq+XtgIviVGCr5WIQ2+SJsNvkLIDr6eSg++qSYMvgVrDb4g7Q6+XrkPvq2/
Dr6sEQq+834JvjfiCr43iw2+MH0Lvjw0Db403gq+UgQNvouICr44+A2+Z/kFvlKlBr5WUgm+
c5ANvgqxCb6ooQm+OrQJvucKCb4fDA2+KusNvunGCr6htgi+58IHvvU7DL5ojgy+6i4IvjHY
B77Btgu+S1kHvq8jCL76HQi+Z/AJvsCTBb7CmAq+iAgLvgd9C746GAy+l2UJvrwKC75yLwi+
SJwFvoIsDL66nQu+gSMNvh8nA75PpAu+S/oFvkJtBr43/gi+B9MIvrGvCL7JIw2+Nr4Ivp6R
C74WkQS+C50IvpMXCb7EOAi+PwUHvt4SB75NNAq+UtcLvl2pC74yTga+ikoFvqg5Cb5vPgy+
LFAIvvG1CL6+xge+5WUIvvQxCr5biQa++PUJvnr5A744BQe+bDwHvvPoC772+wa+0y8Kvjmp
Cb5MuAa+qDIHvnHWBL7Pzge+CMQIvlOTCb5Ibgy+RT8IvlbYBb4cega+QkMFvhYiCb4gEga+
pc8Ivv1cCr48cgi+pY4Fvil5CL7j5wa+Ut0GvrV/Cb6jCQW+RlMJvi3JB75tNgq+cZQKvjOa
Br4zcwW+PYsJvlEOCL5ilAS+rUIJvpxcB76bLgW+ZAgKvg14BL5JIAK+I8sGvs4QDL6MCQq+
D8T/vZEHDL7mAQi+Gk8GvmK2Br4m6Qa+5QYEvsjmCL59lwy+ngYGvuahBr7OSwS+eY4Hvkk5
Cb4eDAi+a1EFvtNBBr5fxQa+20kGvi+PCL7vOgC+ev0GvuHYB75uBgi+pAwEvhG/Ab7QMQi+
40kHvtvnBL65pAK+KP4NvuwwB7408AS+S+oFvhY1Bb7+QgS+JCIIvs+PBL7v8Aa+CJcIvpSq
CL5TBAS+I3IAvvKbAr4y6QS+ioAGvqgzBr4QzgW+CQwGvsKpCL6Y5QS+VxwGvmv/Br5C1QW+
XZgGvqlmAr7KpAS+3tQCvu70Br7g4QG+nyYDviyaCL6D9f+969MFvlROA75jcAS+5/IHvlQO
Br5KVAW+l4AHvjxuBr7PKQa+A94CvqCiAb5nlwC+fowCvqr2A76VmwW+W7oFvib8Br7MrwS+
QBEKvr6aBL7x9we+zp8Gvl+AA748Mwi+Xf8GvrHG/70AhQa+DD4Hvn9PBb7MmQK+xagCvv02
Br4D+ga+1RsIvj2PAr61dgO+riAGvnzpAr6RHAK+Wl0DvnLbBr6tSwe+kCYDvmnPBb7UigS+
IBYGviSbAb770QW+VFoCvn7qAb73dAK+cGgDvoMIAr6XrwO+iEgDvrmVB76LBQi+FocEvjio
B75wQAW+jw0EvqqVBr7TTAW+IckEvtd1BL4XwAC+lhgEvpMCBL5aQgW+fkgBvpQ5Br6bPAa+
CykCvlqVAr6aYAK+kagEvqGPBL5GQgG+PF4EvqlrAb6ixgW+x8EEvp1VBL7N/wS+95cBvp6c
BL6z5v+9nqcEvr8pAL7q4wW+9ugCvkY6BL7yWwO+WnUCvpGEAb5AkAC+I28EvoVWA75B4gK+
zyoHvjT0Bb5yfwS+kn4EvrcQBr7ISAS+tdACvrsSBL7ZNwW+wrYBvrvZAL7hlQK+hHD+vUAH
A74Z8QK+wKADvgV9A747nvu99AEBvkb0/r02GgK+sdQFvqsUBL5TFQW+8Uv7vbkVBr6VwgS+
YGQGvuQTBb7P7wC+gFEGvsHcAr4nTQS+DKoCvnQtBL7awwS+bSUHvpCPCL6ZkwO+1LIDvmPq
A77M9AC+GJ8CvnVMB747Pv69XuMCvl0nAr5rIAO+KkcFvjjUAr6gawK+mkADvmIUB75L7AW+
qjQFvv3bAr6bAQG++tYHvvXQA76JLAG+vzUGvvLSA77YgwO+H9ADvlxXA75/iwO+lJoDvuSH
Ar4vOgS+2kkCvpBOAr4jIgW+aBwEvpuJBb6vJQK+TtAFvtCtAr4qGwC+6jEDvjRcBb7fYQK+
rlT/vavzAb6ngQG+U5QAvmcJAr4ZAwW+FZH+vYV1Ab7YYwO+Gt//vX7WAr4oQAS+/sgBvliB
A74K4QK+AK4DvjQvBL5lFgK+L3sDvuRdBL7v/wO+09ADvnbmAL7V/wK+aCYCvo6+Ar5R3AO+
GLQEvj6FBr6kKgK+7S4AvpVbAL5X2wO+Mrn/veW1BL6C/gO+pz4EvqtzAr4FngO+SyQFvtzu
Bb4ZcAO+VzgEvkFXAb7R2gG+wFEDvtpwAr5yRQO+WvUDvrgEAL7RPAK+DOADvuqgAL5SwAS+
e4MAvr7/AL71YwO+3VkDvp+3BL4q7gC+Z8EBvjeCAr7JhgC+T/YCvgwIBL4mvQK+ZW0Evr0r
BL6cwgO++jYCvowKBb48jAO+5UcFvsgXA74PywS+ZIIGvrXkB74cHf+9NzgFvj7DAb4PaQK+
BXv+vWveAb6NpAC+loUCvjnEA76Ezwa+LaIDvsdIAL6n7QC+eXkEvj1XBb78VAG++NwHvj46
Br4lqgK+vtECvlKVBL426f699c8GvvYJAr6kHv+9HdgFvpHrAr6pDQG+/+oAvlNe/L0nTQW+
G48FvhY6Ar4TgQC+MKsBvg+AAr4YGAC+dGIAvjXlA77wlwK+yNQCvg1RBL46SwK+PaEHvmWe
+L3VzgO+PzADvihuBL5yyAC+YMoCvpodB75RtAS+BM4BvgTbAr4ZGAO+InQFvg74Ab5fqQa+
paEBvj7UAr77xgK+uLIDvqnTAL5NTwG+</AssayYData></Step><Step><CommonData><SampleLocation>8</SampleLocation><SampleID></SampleID><SampleGroup></SampleGroup><SampleInfo></SampleInfo><SampleRow>C</SampleRow><SamplePlate>1</SamplePlate><WellType>KLOAD</WellType><Concentration>-1</Concentration><ConcentrationUnits>µg/ml</ConcentrationUnits><MolarConcentration>-1</MolarConcentration><MolarConcUnits>nM</MolarConcUnits><MolecularWeight>-1</MolecularWeight><Temperature>30</Temperature><StartTime>1252077</StartTime><AssayTime>20</AssayTime></CommonData><FlowRate>1000</FlowRate><StepType>LOADING</StepType><StepName>Loading</StepName><StepStatus>OK</StepStatus><ActualTime>20</ActualTime><CycleTime>0.2</CycleTime><AssayXData Points="100">UALSQ8kb0kODNdJDHU/SQ5Zo0kM1g9JD6pvSQ4O10kP8ztJDlujSQ1AC00PqG9NDpDXTQx1P
00O2aNNDUILTQ+qb00ODtdNDHc/TQ7bo00NQAtRD6hvUQ4M11EMIUdRDtmjUQ1CC1EPqm9RD
g7XUQx3P1EO26NRDUALVQ+ob1UODNdVDHU/VQ7Zo1UNQgtVD6pvVQ4O11UP8ztVDtujVQ1AC
1kPqG9ZDgzXWQx1P1kOWaNZDUILWQ+qb1kODtdZDHc/WQznp1kNQAtdD6hvXQ4M110M+T9dD
tmjXQ1CC10Pqm9dDg7XXQx3P10OW6NdDUALYQ8kb2EODNdhDHU/YQ7Zo2ENQgthDyZvYQ2K1
2EP8zthDtujYQ1AC2UPJG9lDgzXZQ/xO2UPXaNlD04LZQ+qb2UODtdlD/M7ZQ5bo2UNQAtpD
6hvaQ2I12kP8TtpDtmjaQy+C2kPqm9pDYrXaQ8HP2kOW6NpDLwLbQ8kb20NiNdtDHU/bQ5Zo
20MvgttD6pvbQ2K120Mdz9tDtujbQw==</AssayXData><AssayYData Points="100">FggCvspg+70SqvK9Zx/qvWJC7L2YCOO9cdbbvVNP1b3XXsa9hTPLvZ3oxr2mm7q91eO0vWkY
ur0J4K69/cSzvXXrpL1Ad569VhuZvc67j71SMZi979GHvSrKir2rk4K9Dqh9vaiFer01Z1O9
tndbvf1LV72k30q9GDZAvbRWPL3D4C69zXIfvZLnFr0zgSS9/Sr3vHtj27y9M8q8SBKxvBZ4
xbyYlpS8nl59vLRVb7wrPV68ZkFFvMqYCrwCFxW8TQniu11VWrtwu5q50FHMOrk5aju7z6c7
1nAyPC+6LzyDeJs8sRGSPLQrqjz0zKU8LOzmPGGC5TyaO9Y8FH7jPD0RAj0XyB89E6EVPfen
ND0xiyg9a68lPYDXPT2lQGI9jNNSPfm6UD3yim49XxhxPcmMfz2WxYo9CzuJPYCUjD1UN5k9
EfuTPVJZlD1A4Zs9tWqsPZNjqT1p1q89jburPZ3FtT3P+Ls9NPXEPRvVwT3Iq8g9m1vNPTZk
zz0oaNk9WarbPZvx2z13K+Q9hr7mPQ==</AssayYData></Step><Step><CommonData><SampleLocation>9</SampleLocation><SampleID></SampleID><SampleGroup></SampleGroup><SampleInfo></SampleInfo><SampleRow>C</SampleRow><SamplePlate>1</SamplePlate><WellType>BUFFER</WellType><Concentration>-1</Concentration><ConcentrationUnits>µg/ml</ConcentrationUnits><MolarConcentration>-1</MolarConcentration><MolarConcUnits>nM</MolarConcUnits><MolecularWeight>-1</MolecularWeight><Temperature>30</Temperature><StartTime>1281686</StartTime><AssayTime>60</AssayTime></CommonData><FlowRate>1000</FlowRate><StepType>BASELINE</StepType><StepName>Baseline 60</StepName><StepStatus>OK</StepStatus><ActualTime>60</ActualTime><CycleTime>0.2</CycleTime><AssayXData Points="300">UALcQ8kb3ENiNdxDHU/cQ7Zo3EMvgtxD6pvcQ4O13EMdz9xDlujcQ1AC3UPJG91DiTbdQx1P
3UOWaN1DUILdQ8mb3UNitd1D/M7dQ5bo3UNQAt5D6hveQ2I13kP8Tt5DlmjeQy+C3kPJm95D
YrXeQ/zO3kOW6N5DLwLfQ8kb30NiNd9D/E7fQ7Zo30Mvgt9DyZvfQ4O130P8zt9DlujfQ1AC
4EPqG+BDgzXgQx1P4EOWaOBDUILgQ+qb4EODteBD/M7gQ7bo4EMvAuFDyRvhQ2I14UP8TuFD
tmjhQy+C4UPJm+FDYrXhQ/zO4UOW6OFDLwLiQ8kb4kNiNeJD/E7iQ/ho4kMvguJDyZviQ4O1
4kMdz+JDtujiQ1AC40PqG+NDgzXjQx1P40O2aONDUILjQ+qb40ODteNDHc/jQ7bo40NQAuRD
6hvkQ4M15EP8TuRDtmjkQ1CC5EPqm+RDg7XkQx3P5EO26ORDUALlQ+ob5UODNeVDHU/lQ5Zo
5UNQguVDyZvlQ4O15UMdz+VDtujlQ1AC5kPqG+ZDgzXmQx1P5kO2aOZDUILmQ+qb5kNiteZD
/M7mQ7bo5kNQAudD6hvnQ2I150MdT+dDtmjnQ1CC50Pqm+dDg7XnQx3P50OW6OdDUALoQ+ob
6EODNehDHU/oQ7Zo6ENQguhD6pvoQ4O16EP8zuhDtujoQy8C6UPqG+lDYjXpQx1P6UO2aOlD
UILpQ+qb6UNitelDHc/pQ5bo6UNQAupDyRvqQ4M16kMdT+pDtmjqQy+C6kPJm+pDg7XqQ/zO
6kO26OpDLwLrQ+ob60ODNetD/E7rQ5Zo60MvgutD6pvrQ2K160Mdz+tDlujrQ1AC7EPqG+xD
YjXsQ/xO7EOWaOxDL4LsQ8mb7ENitexD/M7sQ7bo7EM1A+1DyRvtQ2I17UP8Tu1DtmjtQy+C
7UPqm+1DYrXtQ/zO7UOW6O1DLwLuQ8kb7kNiNe5D/E7uQ5Zo7kNQgu5DyZvuQ2K17kP8zu5D
lujuQ1AC70PJG+9DgzXvQ/xO70OWaO9DUILvQ8mb70ODte9D/M7vQ5bo70MvAvBDyRvwQ4M1
8EMdT/BDtmjwQy+C8EPqm/BDg7XwQ/zO8EO26PBDUALxQ+ob8UODNfFDHU/xQ7Zo8UNQgvFD
6pvxQ4O18UMdz/FDtujxQ1AC8kPqG/JDgzXyQx1P8kO2aPJDUILyQ+qb8kODtfJDHc/yQ7bo
8kNQAvND6hvzQ4M180MdT/NDtmjzQ1CC80Pqm/NDg7XzQx3P80O26PNDUAL0Q+ob9EODNfRD
HU/0Q7Zo9EMvgvRDyZv0Q2K19EP8zvRDtuj0Q1AC9UPqG/VDgzX1Qx1P9UO2aPVDUIL1Q+qb
9UODtfVD/M71Q5bo9UNQAvZDEB32Q4M19kMdT/ZDtmj2Qy+C9kPqm/ZDYrX2Qx3P9kO26PZD
LwL3Q8kb90NiNfdD/E73Q7Zo90NQgvdDyZv3Q2K190P8zvdDtuj3Qy8C+EPJG/hDYjX4Qx1P
+EOWaPhDL4L4Q+qb+ENitfhDHc/4Q7bo+EMvAvlDyRv5Q4M1+UMdT/lD+Gj5Q1CC+UPJm/lD
g7X5Qx3P+UO26PlD</AssayXData><AssayYData Points="300">9h/ePuup5z4hlOs+PfvsPi8O7z4zJO8+j0TuPqe27j4cDe4+qLbtPrx27j5YCu0+IR3sPiQk
7T6XU+4+1/HqPi3Z6z4+2us+osLsPo8H7T6V++s+8lbsPgXA7T5ZKe4+ukfsPlkF7j4fsOs+
UC7tPsu06z6nLOo+NZTsPvUq6z5a7eo+rxPqPuoW7D4TRew+z0XqPvFF7D4Xnuo+iv7qPrFU
7D6OFOw+R03qPntC6z5xHes+h7TrPgEV6z6wj+o+SBbrPrDe6j6i2eo+T1XrPvZD7D4F++c+
QNDqPtfr6j5Lx+o+OMrrPhZl6z7F5Oo+GKvrPt0V6z7axeo+y/3sPqG96j40dek+ytLpPuXH
6j5Lxuo+mmvsPuUi6j7juOo+ajboPgjY6D5fyOo+rVzqPp/a6D6Z3eo+BUjpPhsJ6j6GK+o+
bKXqPncb6T5+FOw+17foPsWn6j7tTuo+JOvoPvFd6j7saek+YKHoPoB46T6VBuo+28PoPinB
6D764ug+fsnnPmOd6T67Guc+AkPqPvaG6T5iV+o+p6DoPpzN6T6p4ug+uMPnPqsW6D5+rug+
tR3qPp4i6T4tv+g+w0HoPnDr6T4zzOk+hRLqPkHH6T7RIuc+O6vnPj6v6T53Qeg+l6bnPk3r
6D4uEOo+pwDoPtJI6T65Huk+sLLnPrgL5j6zn+k+uDvoPjd75z6zxug++MrnPtFa5z6feOg+
6h7nPnRA5z542uY+tXznPrs+6D5hhOY+IGTnPk665j7bV+U+SL7oPrJY5z7mm+c+PVrnPhYE
5z43z+c+dPTmPgnY5T4CIuc+BA7nPrS35j5/Mug+0RHkPt8+5j6qHec+ujjmPu8D5z4mvuc+
zMzmPv+B5j7lvOY+NkzmPgcQ5j6QEuU+vUznPobi5T69N+g+oHDmPsSo5j63mec+4XnlPqAs
5T6Bo+Q+KWznPjJp5T7z/OQ+ft7mPhSc5j4BhuY+yu7iPpWv5j7aIuU+vhjkPgAi5T60iOY+
mDLlPqsE5D7YQuY+riflPgeM5D5fueQ+AG3jPvjx4z4y3eQ+ja/kPk1Z5D5oBuU+WWrlPoR3
5T4ANeM+CxvlPqXP4z69ROQ+69biPgzq4j6SiOM+I9bkPpOs4z7SVOU+nKvkPjJz5T7uCuQ+
R8fhPvuF5D4jweM+3XHjPjMX4j6nwOE+ULPkPuMt4j4vkuM+EI3hPrFG4T7VyeI+MpbjPmIN
4z4Df+M+66LiPtnd4T6WNuI+rbjjPkXq5D7T5+E+z5nhPqP54T4/eeI+/JviPsqd4T6KnOM+
BnnhPicl4T6/kuM+H8riPlFo4T6ByuI+qtbfPtkV4z4Wm+E+eXzhPjsf5D6BT+M+7QTgPnCb
4T7kouA+/E7hPjYg4j7Gn+E+qz/hPkQS4z7Q7+E+7NbfPmzi4T4u2OA+DrjhPru84D468+A+
lNThPoC13z7+d+E+BFbgPvEG4T5++d8++KPgPgRC3z6bt98+envgPg+e4D6BueA+iG3gPvbh
3j6JyuE+fsTgPpxm3j4H2+A+tjviPtGG3j5p2t4+4KHfPtey3z7oneA+V4rfPu8J3z61C98+
SRrgPrrK3z6K0N4+</AssayYData></Step><Step><CommonData><SampleLocation>10</SampleLocation><SampleID></SampleID><SampleGroup></SampleGroup><SampleInfo></SampleInfo><SampleRow>C</SampleRow><SamplePlate>1</SamplePlate><WellType>BUFFER</WellType><Concentration>-1</Concentration><ConcentrationUnits>µg/ml</ConcentrationUnits><MolarConcentration>-1</MolarConcentration><MolarConcUnits>nM</MolarConcUnits><MolecularWeight>-1</MolecularWeight><Temperature>30</Temperature><StartTime>1352075</StartTime><AssayTime>20</AssayTime></CommonData><FlowRate>1000</FlowRate><StepType>BASELINE</StepType><StepName>Baseline 20</StepName><StepStatus>OK</StepStatus><ActualTime>20</ActualTime><CycleTime>0.2</CycleTime><AssayXData Points="100">UAL6Q8kb+kODNfpD/E76Q5Zo+kNQgvpDyZv6Q2K1+kP8zvpDluj6Qy8C+0PJG/tDgzX7Q/xO
+0O2aPtDL4L7Qyuc+0NitftDHc/7Q5bo+0MvAvxDyRv8Q4M1/EMdT/xDtmj8Qy+C/EPJm/xD
YrX8Q/zO/EOW6PxDUAL9Q+ob/UODNf1DHU/9Q3tp/UMvgv1D6pv9Q2K1/UM+z/1Dluj9Q1AC
/kPJG/5DYjX+Q/xO/kOWaP5DL4L+Q8mb/kNitf5D/M7+Q5bo/kNQAv9D6hv/Q2I1/0MdT/9D
tmj/Qy+C/0Pqm/9Dg7X/Qx3P/0O26P9DLgIAROQNAETCGgBEjicARFs0AEQoQQBEFk4ARMJa
AESOZwBEW3QARCiBAET1jQBEwpoARPGnAERbtABEKMEARPXNAETC2gBEjucARFv0AEQoAQFE
9Q0BRMIaAUSOJwFEWzQBRChBAURXTgFEwloBRI5nAURbdAFEOIEBRPWNAUSxmgFEjqcBRFu0
AUQowQFE9c0BRMLaAUSO5wFEW/QBRA==</AssayXData><AssayYData Points="100">fUthPi7UIz7isPs9En7mPWiEzz3FDNE9ymrOPV00xD3gzMk9JrzWPU+C1z2x4sw9TF7XPXVW
3z1Ed9U9fe/WPQxH3j0Wxtg9Lq/fPcH73D1qvuQ9oV7hPSaY3j0OP9o9/argPfCU5T2xNOQ9
wADkPdmy4z0TIuU9PkPlPRn95T0/Vd89BxXqPY9D6z1B99w9LGLqPXLZ5j2oX+U9dE/nPblj
7z2KiuQ9QJzuPYUr7T1zBOc9UpPnPdSC5T3nUOc9PlbwPY2e6T2c6Og9uz3pPSXT6j3I3O89
xuHoPa7O6j0oE+o9V3DvPY/35z1kgOg9W/LvPUi07j13d+096eLxPRHu7D3mPfA96wT0PY49
9z06++g9goX1PYUK9j1AAfE98pf5PdBE7j2htvM9oUfwPSU05z1CF/Y9uSzrPfks7T3TZPU9
X8nuPQku9D2CQuM99vbvPUsX7z336vQ9Ld7tPWOX7j0XhfU9jVTzPVgj8z3X5vo9FiHvPZL0
7j0mcu89jrLyPeOy7T1MZfE9G0zvPQ==</AssayYData></Step><Step><CommonData><SampleLocation>11</SampleLocation><SampleID></SampleID><SampleGroup></SampleGroup><SampleInfo></SampleInfo><SampleRow>C</SampleRow><SamplePlate>1</SamplePlate><WellType>KSAMPLE</WellType><Concentration>-1</Concentration><ConcentrationUnits>µg/ml</ConcentrationUnits><MolarConcentration>-1</MolarConcentration><MolarConcUnits>nM</MolarConcUnits><MolecularWeight>-1</MolecularWeight><Temperature>30</Temperature><StartTime>1382735</StartTime><AssayTime>120</AssayTime></CommonData><FlowRate>1000</FlowRate><StepType>ASSOC</StepType><StepName>Association</StepName><StepStatus>OK</StepStatus><ActualTime>119.999</ActualTime><CycleTime>0.2</CycleTime><AssayXData Points="600">KAECROQNAkSxGgJEficCRFs0AkQYQQJE9U0CRMJaAkTAZwJEW3QCRCiBAkTkjQJEwpoCRH6n
AkRbtAJEKMECRPXNAkTC2gJEjucCREv0AkR6AQNE5A0DRMIaA0SOJwNEWzQDRBhBA0TkTQNE
wloDRH5nA0RLdANEGIEDROSNA0SxmgNEfqcDREu0A0QYwQNE5M0DRMLaA0R+5wNES/QDRBgB
BETkDQREwhoERH4nBERLNAREGEEERORNBETCWgREjmcERFt0BEQYgQREV44ERLGaBESOpwRE
W7QERBjBBETkzQREwtoERI7nBERb9AREKAEFRPUNBUTCGgVEjicFRK00BUQoQQVE9U0FRMJa
BURjaAVEW3QFRCiBBUT1jQVEwpoFRI6nBURbtAVEKMEFRPXNBUTC2gVEjucFRFv0BUSKAQZE
9Q0GRMIaBkSOJwZEWzQGRChBBkS5TgZEwloGRH5nBkRbdAZEKIEGROSNBkTCmgZEjqcGREu0
BkQowQZE9c0GRMLaBkSO5wZEW/QGRCgBB0T1DQdEwhoHRPEnB0RbNAdEGEEHRORNB0SxWgdE
jmcHRFt0B0QYgQdE9Y0HRMKaB0R+pwdEW7QHRCjBB0TkzQdEsdoHRH7nB0Rb9AdEKAEIROQN
CETCGghEjicIRFs0CEQYQQhE9U0IRMJaCER+ZwhES3QIRCiBCET1jQhEsZoIRH6nCERbtAhE
GMEIRPXNCERl2whEjucIREv0CEQYAQlE9Q0JRBQbCUR+JwlEWzQJRChBCUT1TQlEwloJRI5n
CURbdAlEKIEJRPWNCUSxmglEfqcJREu0CUQYwQlE9c0JRMLaCUR+5wlES/QJRBgBCkTkDQpE
sRoKRH4nCkRLNApEGEEKRPVNCkSxWgpEfmcKRFt0CkQYgQpE5I0KRMKaCkR+pwpEbLQKRCjB
CkT1zQpEwtoKRH7nCkRb9ApEGAELRDYOC0TCGgtEjicLRFs0C0QoQQtENk4LRLFaC0R+ZwtE
S3QLRBiBC0TkjQtEsZoLRH6nC0RstAtEGMELRPXNC0TC2gtEfucLRFv0C0QoAQxE9Q0MRMIa
DESOJwxEWzQMRChBDET1TQxEt1sMRI5nDERbdAxEKIEMRPWNDETCmgxEjqcMRFu0DEQowQxE
9c0MRLHaDESO5wxEW/QMRHoBDUT1DQ1EwhoNRI4nDURbNA1EPkINRPVNDUTCWg1EjmcNRFt0
DUQogQ1E9Y0NRMKaDUSOpw1EW7QNRBjBDUT1zQ1EwtoNRH7nDURb9A1EKAEORPUNDkTCGg5E
jicOREs0DkQoQQ5E9U0ORMJaDkR+Zw5EW3QORLuBDkT1jQ5EsZoORI6nDkRLtA5EKMEOROTN
DkTC2g5EjucOREv0DkQoAQ9E9Q0PRLEaD0SOJw9EWzQPRBhBD0T1TQ9EsVoPRH5nD0RLdA9E
KIEPROSND0Sxmg9EfqcPRFu0D0QowQ9E9c0PRLHaD0SO5w9EW/QPRBgBEETkDRBEsRoQRH4n
EERbNBBEekEQRPVNEESxWhBEfmcQREt0EEQYgRBE5I0QRLGaEER0qBBES7QQRBjBEETkzRBE
wtoQRI7nEERL9BBEGAERROQNEUTCGhFEficRREs0EUQYQRFEBU4RRPNaEUR+ZxFES3QRRCiB
EUQmjhFEsZoRRH6nEURbtBFEGMERROTNEUSx2hFEfucRRFv0EUQYARJE5A0SRLEaEkR+JxJE
SzQSRBhBEkTkTRJEsVoSRH5nEkRLdBJEGIESROSNEkSxmhJEfqcSREu0EkQowRJE5M0SRPPa
EkSO5xJEW/QSRCgBE0T1DRNE8xoTRI4nE0RbNBNEKEETRPVNE0TCWhNEjmcTRFt0E0QogRNE
9Y0TRMKaE0SOpxNEW7QTRCjBE0T1zRNEwtoTRH7nE0R89BNEKAEURPUNFETCGhREjicURFs0
FEQoQRRE9U0URMJaFESOZxREW3QURCiBFET1jRREwpoURI6nFERbtBREKMEUROTNFETC2hRE
jucURFv0FEQoARVE6g4VRMIaFUSOJxVEWzQVRChBFUT1TRVEsVoVRI5nFURsdBVEKIEVRPWN
FUTCmhVEjqcVREu0FUQowRVE9c0VRMLaFUSO5xVES/QVRCgBFkTkDRZEwhoWRI4nFkRLNBZE
KEEWRPVNFkSxWhZEfmcWRFt0FkQogRZE9Y0WRLGaFkR+pxZES7QWRGrBFkT1zRZEwtoWRI7n
FkRb9BZEKAEXROQNF0SxGhdEjicXREs0F0QoQRdE9U0XRLFaF0R+ZxdES3QXRBiBF0TkjRdE
wpoXRH6nF0RbtBdEGMEXROTNF0Q02xdEjucXREv0F0QYARhE5A0YRMIaGER+JxhESzQYRChB
GETkTRhEwloYRH5nGERbdBhEGIEYROSNGESxmhhEfqcYREu0GEQowRhE5M0YRLHaGESO5xhE
W/QYRCgBGUT1DRlEsRoZRH4nGURLNBlEGEEZRORNGUSxWhlEfmcZREt0GUQYgRlE5I0ZRNKa
GUSOpxlEW7QZRBjBGUTkzRlEwtoZRH7nGURb9BlEGAEaROQNGkTCGhpEjicaRFs0GkQoQRpE
9U0aRMJaGkSOZxpEnXQaRCiBGkT1jRpEwpoaROCnGkRLtBpEKMEaRPXNGkTC2hpEn+caRFv0
GkQoARtE9Q0bRLEaG0SOJxtEWzQbRChBG0T1TRtEwlobRH5nG0RbdBtEGIEbROSNG0TCmhtE
fqcbRFu0G0QYwRtE9c0bRMLaG0SO5xtES/QbRCgBHET1DRxEwhocRI4nHERLNBxEKEEcRPVN
HETCWhxE0GccREt0HEQogRxE9Y0cRMKaHER+pxxEW7QcRBjBHET1zRxEwtocRH7nHERb9BxE
GAEdRPUNHUSxGh1EjicdREs0HUQYQR1E9U0dRMJaHUR+Zx1EvnQdRJuBHUTkjR1EwpodRH6n
HUR8tB1EGMEdRPXNHUTC2h1EfucdREv0HUQoAR5E5A0eRMIaHkR+Jx5ESzQeRBhBHkT1TR5E
wloeRI5nHkRLdB5EKIEeROSNHkTCmh5EfqceRFu0HkRJwR5E5M0eRLHaHkSO5x5ES/QeRBgB
H0TkDR9EsRofRI4nH0RbNB9EGEEfRORNH0SxWh9EfmcfRM50H0QYgR9E5I0fRLGaH0Svpx9E
S7QfRBjBH0T1zR9EsdofRH7nH0RL9B9E</AssayXData><AssayYData Points="600">MOiYPorIqz548ro+v73CPnOqyD6iiMs+y7zMPtMuzj7lBdA+fkrTPsUG0z6wwNU+h4jUPrA2
1z6x/9c+zefZPmKf2j52Edo+AXjbPmJ/3D4rbdw+4uDePjPh3z40wuA+m/XhPkn+4z7wleM+
HijkPjJl5D5EyeY+NzzmPpOq5j6JLeY+K3fqPnP15z7ZrOo+xK7rPp+P6z4NmO0+RurvPr+l
8T7I4fE+RmvzPsum8j55GvQ+rU32Pnle9T54efc+HGb3Pn7T9j7UZPY+JjT5PnYb+j5vNvs+
I9P6Pny8+z7Ol/4+TsL+PtrT/j5l9/4+z2UAPyXVAD9ikgA/HP8APzxzAT/ZLAE/E4wBP0jq
AT9xIgM/U+MCP0ejAz8zJQM/2DQFPzNKAz9ijAU/K70GPzH4BD/TPAY/R3gGP7osBj92TQY/
/S4HP8nDBj9OqQc/rVYHP0QyCT9KKgk/pQ0JP54SCD+wMgk/v9MJP5aFCT/OrQo/sxwLPxA1
DD9QLQw/nVILP3VyCz+pzQo/VvYKP277Cz/kAgw/CtwNP6UkDT818Aw/QJoNP0DIDT/xFw4/
1i0OP1DLDj/3Fg8/7IQPP7cQDz/vLg8/G68QP4HLDz9klg8/JkwQP2wbET9PBxE/g2gRPzlT
ET8yYhI/tI8SP2mmEz+gsBM/QgwSP5bHET+nHhM/o7wTP9GJEz/sHxM/5zgUP24LFT/MhhQ/
RbIUP2VUFT/8MxU/zGEVP/f9FD97AxY/ZNoVPwuGFj/MhxY/bbAVPz4oFz+8Whc/EzEXP8TX
Fj8sHRc/1j8YP2reFz98zBc/vBEZP3LeGD+18Bc/riEYPy91GD/Mfxk/leoZP05/GD+/vxk/
wQUaP24YGj9fCBo/3CgZP5JBGj9wMxs/bTsaP+EGGz+c3Bs/Cc8bP2G9Gz+2sxo/rbQbP6vB
HD+gBBs/4gMdP7XzHD8ZqRw/g50cPzHvGz/Irhw/sBEdPwO+HT/BOxw/+ggeP49iHj+z1h0/
tjgeP2lgHT+L4h8/HIIdP8vEHz/EYR4/0W0eP8n5Hj82Ux8/tVsfP0tYHz+URR8/PIofPwea
Hz9upiA/hgogP66GID9S2B8/GyEhP8TyID/QviA/RG0gP7QWIT9nlyA/NDogPzzsIT+DZCE/
IzMiP+gtIT+57CE/RCwiP/I7Ij+DUyI/q1AjP0Q5Ij9W+CI/+3wjPyqiIj936SI/QeIjP/qf
Iz+6BSM/lnAjP2xTIz/gAiM/YyUlP6J6Iz8ZjSQ/XlQjP7djJD/lbyQ/rYUjP15tJD/MZyU/
YCAkP7PjJT+i7yM/IR8lP8taJT+3cSU/uNklP9ASJj9M6yU/t90kP4KoJj/rySU/NycmP17g
Jj/eGCc/1I0nP6EgJz+1UCc/84cnP2E7Jz9mUCc/XJwmP9ahKD9CyCg/KNUoP1RyJz+oJCg/
sOwoP3tTJz/n9Sg/j7kpP8OlKD8WJCk/uQEpP13cKD96fyk/44EpP8FyKT9XBik/sx4pP64z
KT/PlCk/x/soP/myKT/ehio/WSgpP9vBKT+/cio/iNApP+hgKT8rdSo/nKwpP8qQKj/Z2yo/
YtUqP6sYKz9V+io/ok4qP2GrKz+RICs/gfIrP2OCKj+ViSs/Ki8rPxUYKz/+eys/E/8qP+Nu
LD9QJSs/DzgsP5seKz/M9is/4TEsP0chLD/OaSw/yfErP76uLD+9Liw/53MuPwfOLD+DsCw/
mcYsP3YhLT9pBi4/VS8tP/fRLD9swSw/0mMtP9B5LT9v+yw/zKEtPwOHLj9nFy4/WtMtP+0p
Lj+eNS0/BgguPzL3LT/kXi4/KDEuP8MmLj8buC0/tDQuPxuyLz9ykS0/X5UvP8SBLj9Ihi8/
xKYuP4qQLT8Eni8/CLUuP7SuLj9seS8/3t0vP3yvLz/XHjA/ji0wPyKJLz9tBDA/fEMwPxdR
MD/d/y8/aFMvP/aiLz+7sDA/K8owPyjSMD/N+DA/VwIwP6mtMD90dC8/rI0xPwLbMD+VyC8/
AsUvP52XMD8L3DA/d8wwP4rAMT8uPDE/wJ8xP/A/MT+4FjE/zgAxP+OwMT9ifDE/HE4yPwcW
Mj9TujE/hWYyP1l+Mj+gqjE/1ckxPxQ6MT8jfDE/Tc4xP8ZTMj9IqzE/GHYyP38GMz+7WDI/
MFcxP1WUMT9RKTI/EfoyP0mSMj/cKDI/ih0zP4xIMz8KdDI/xIwzP5QJMz8kpzM/N6MyP0io
Mj+gITM/HYgzPwh5Mz/jDDM/03EzP7/WND/JmTM/upw0P++3Mz9HfjM/Fy00PzK+ND8/7zM/
RPQzP7mlND/BqTM/kGY0P5IAND/IDzU/VuozPxy9ND9SATU/MqY0P/SXNT/IKTU/rLo0P9P9
ND947zM/2EI1P2PANT+zODU/ipg0P/LRND/8TzU/EwM1P++6NT9wKzU/vcM1P4TxND+laTU/
hI41PzJaNj94lTU/Xy42P29SNT+AtzU/hrA1P0D3ND/tGzU/X5w1P3BgNj+afTY/+/Q1P9CJ
Nj/JIDY/TDg3P6rtNj8DEjc/4HM2P7uJNj/tQjc/mdg2P+KUNz9rXzc/bhQ3P4ZaNz9W/jY/
u4E3P8guNz8iBzc/EM03P7iLNz/PijY/A5w4PwlPOD9XbTc/84I3P5N3OD/rmzg/zB04P3Nu
Nz/NnDc/gOw3Pzy/Nz9uWzk/InM3P76nNz+7DDk/HLI4P9loOD9rXjg/Wlo4PxwXOD8eJDg/
qfc4P/7VOD/FQTc/9Z44P65+OT+Vbzg/LIc4P3CBNz/Ibzg/vp84P10VOT+0TDk/70M5PxPt
OD8IDTk/HD05PzI/OT/wdTk/1os5Pw/eOD/QfTo/5e05P/0JOj/bxzk/dAU6P17uOT+JrDk/
G1c5P/eJOj9GWDk/4VU6P5d6OT8qFDs/PoA5P+g+Oj/xADs/oOE5PyEROj949jk/wvU4P5M9
Oj8tMjo/D5I6P+PbOT/67Do/5Og5P66fOz/wzzo/mSw7P84qOj8vzjs/aIs6P8PzOj+hLzs/
e4c7P5OYOz+1Szs/ikI7P6IiOz+okDo/b6c7P+kiOz+rMDs/T4o7PxDLOj+8izs/IRc7P6qj
Oz83Ljw/1sQ7P9LjOj+ORzw/Is87PwcyPD8ZUT0/OwA7P6QCPD88Jjw/BrE7PyWxPD8e6Ts/
IzM8P0wxPT+OYjw/QYo9PxPLPD8PHjw/</AssayYData></Step></KineticsData></ExperimentResults>
