<?xml version="1.0" encoding="UTF-8" standalone="yes"?>
<ExperimentResults><ExperimentInfo Name="20250917 PE P5216 - 5377 plate 2 kappa 50 ugl"><ExpDescription>AHC example method - full characterization&#13;
Analyte titration series with reference channel</ExpDescription><RTDVersion>2.0</RTDVersion><RunID>D3453E7F-D910-462D-B051-2D13E2863725</RunID><ExperimentType>KINETICS</ExperimentType><ExperimentSubType>KBASIC</ExperimentSubType><StartDateTime>2025-09-17T15:40:23</StartDateTime><MachineName>BN7KX12</MachineName><UserName>octet</UserName><LotNumber></LotNumber><PlateName>250917</PlateName><PlateName2></PlateName2><SensorName>D2</SensorName><SensorPlate>1</SensorPlate><SensorType>AHC (Anti-hIgG Fc Capture)</SensorType><SensorRole>LIGAND</SensorRole><SensorInfo></SensorInfo><WritingSW>DataAcquisition.exe 11.0.2.1</WritingSW><InstrumentType>OctetRED96</InstrumentType><InstrumentSerial>FB-50284</InstrumentSerial><InstrumentFW></InstrumentFW><IntegrationTime>2.3</IntegrationTime><DSPType>CPF</DSPType><DSPStitching>1</DSPStitching><HasManifest>1</HasManifest><InfoHash>884671051</InfoHash></ExperimentInfo><AssayParamsInfo/><KineticsData><Step><CommonData><SampleLocation>1</SampleLocation><SampleID>Running Buffer</SampleID><SampleGroup></SampleGroup><SampleInfo></SampleInfo><SampleRow>D</SampleRow><SamplePlate>1</SamplePlate><WellType>BUFFER</WellType><Concentration>-1</Concentration><ConcentrationUnits>µg/ml</ConcentrationUnits><MolarConcentration>-1</MolarConcentration><MolarConcUnits>nM</MolarConcUnits><MolecularWeight>-1</MolecularWeight><Temperature>30</Temperature><StartTime>612978</StartTime><AssayTime>180</AssayTime></CommonData><FlowRate>1000</FlowRate><StepType>BASELINE</StepType><StepName>Baseline 1</StepName><StepStatus>OK</StepStatus><ActualTime>179.998</ActualTime><CycleTime>0.2</CycleTime><AssayXData Points="900">bxKDOqjGSz66Scw+EFgZP83MTD8AAIA/cT2aP28Ssz8IrMw/okXmP2IQAEBqvAxAmpkZQARW
JkAzMzNAAABAQM3MTECamVlABFZmQNEic0AAAIBAZmaGQJzEjEAzM5NAaJGZQM/3n0C0yKZA
nMSsQDMzs0BokblAYhDAQDVexkDNzMxAMzPTQGiR2UDP999ANV7mQJzE7EACK/NAaJH5QM/3
/0AzMwNBTmIGQYGVCUG0yAxBkxgQQRsvE0FOYhZBgZUZQbTIHEHn+x9BMzMjQWZmJkGBlSlB
zcwsQef7L0EbLzNBTmI2QYGVOUHNzDxB5/s/QRsvQ0EIrEZBmplJQbTITEEAAFBBGy9TQeF6
VkGamVlBzcxcQQAAYEEzM2NBZmZmQZqZaUHNzGxBAABwQTMzc0FmZnZBmpl5Qc3MfEEAAIBB
mpmBQTMzg0HNzIRBZmaGQQAAiEGamYlBMzOLQc3MjEFmZo5BAACQQY2XkUEzM5NBzcyUQWZm
lkEAAJhBmpmZQWQ7m0HNzJxBZmaeQQAAoEGNl6FBMzOjQc3MpEFmZqZBAACoQZqZqUEzM6tB
zcysQWZmrkEMArBBmpmxQTMzs0HNzLRBZma2QQAAuEGamblBMzO7Qc3MvEFaZL5BAADAQZqZ
wUEnMcNBwcrEQWZmxkEAAMhBCKzJQTMzy0HBysxBZmbOQfT9z0GamdFBJzHTQc3M1EFmZtZB
9P3XQY2X2UEzM9tBwcrcQWZm3kH0/d9BjZfhQScx40HNzORBWmTmQfT950GNl+lBJzHrQc3M
7EFaZO5BAADwQZqZ8UEnMfNBwcr0QWZm9kEAAPhBmpn5QScx+0HNzPxBZmb+QQAAAELNzABC
k5gBQmBlAkIzMwNC+v4DQtPNBEKTmAVCYGUGQi0yB0L6/gdCbecIQpOYCUJgZQpCLTILQvr+
C0LHywxCk5gNQmBlDkItMg9C+v4PQsfLEEKamRFCYGUSQi0yE0L6/hNCx8sUQpOYFUJgZRZC
LTIXQvr+F0LHyxhCk5gZQmBlGkIzMxtC+v4bQvLSHEKamR1CYGUeQjMzH0L6/h9Cx8sgQpqZ
IUJmZiJCLTIjQgAAJELNzCRCk5glQmZmJkIzMydCAAAoQs3MKEKamSlCZmYqQjMzK0IAACxC
zcwsQpqZLUJmZi5CMzMvQgAAMELNzDBCrJwxQmZmMkIzMzNCDAI0QlrkNEKamTVCbWc2QjMz
N0IAADhCzcw4QpqZOUJgZTpCMzM7QgAAPELNzDxCk5g9QmBlPkItMj9CAABAQs3MQEKTmEFC
ZmZCQlI4Q0IAAERCzcxEQpqZRUJmZkZCMzNHQvr+R0LHy0hCk5hJQmZmSkIzM0tCAABMQs3M
TEKamU1CZmZOQi0yT0L6/k9CzcxQQrKdUUJgZVJCMzNTQvr+U0LNzFRCmplVQmBlVkItMldC
+v5XQsfLWEKTmFlCZmZaQjMzW0IAAFxC081cQpqZXUJmZl5CZDtfQvr+X0LTzWBCmplhQmBl
YkItMmNCAABkQs3MZEKamWVCZmZmQi0yZ0L6/mdCzcxoQr6faUJgZWpCLTJrQgAAbELNzGxC
k5htQmBlbkItMm9CBgFwQs3McEKTmHFCYGVyQi0yc0IAAHRCzcx0QpOYdUJmZnZCMzN3QgAA
eELHy3hCmpl5QmBlekItMntC+v57Qs3MfEKamX1CYGV+Qi0yf0L6/n9C42WAQs3MgEKwMoFC
F5mBQn3/gULjZYJCzcyCQrAyg0IXmYNCff+DQuNlhEJKzIRCsDKFQheZhUJ9/4VC42WGQkrM
hkKwModCF5mHQn3/h0LjZYhCSsyIQrAyiUKynYlCAACKQuNlikLNzIpCsDKLQpqZi0IAAIxC
ZmaMQs3MjEIzM41CmpmNQgAAjkJmZo5CzcyOQjMzj0KamY9CAACQQmZmkELNzJBCMzORQpqZ
kUIAAJJCZmaSQs3MkkIzM5NCmpmTQgAAlEJmZpRCzcyUQjMzlUKamZVCAACWQuNllkLNzJZC
MzOXQpqZl0IAAJhCZmaYQs3MmEIzM5lCmpmZQgAAmkJmZppCzcyaQjMzm0KamZtCAACcQmZm
nELNzJxCsDKdQpqZnUIAAJ5CZmaeQkrMnkIzM59CmpmfQgAAoEJmZqBCzcygQjMzoUKamaFC
AACiQmZmokLNzKJCsDKjQpqZo0IAAKRCZmakQs3MpELDNaVCmpmlQn3/pUJmZqZCSsymQrAy
p0KamadCff+nQuNlqEJcz6hCsDKpQheZqUIAAKpCZmaqQkrMqkIzM6tCF5mrQgAArEJmZqxC
zcysQjMzrUKama1CAACuQuNlrkLNzK5CMzOvQpqZr0J9/69C42WwQkrMsEIzM7FCF5mxQn3/
sULjZbJCSsyyQrAys0KambNCff+zQmZmtEJKzLRCsDK1QheZtUIAALZC42W2QkrMtkKwMrdC
F5m3QgAAuELjZbhCSsy4QrAyuUIXmblCff+5QmZmukJKzLpCsDK7QpqZu0IAALxCZma8Qs3M
vEKwMr1CF5m9Qn3/vULjZb5Czcy+QjMzv0IXmb9CAADAQmZmwEJKzMBCMzPBQheZwUIAAMJC
42XCQkrMwkIzM8NCmpnDQgAAxELjZcRCzczEQjMzxUKamcVCiQHGQvxpxkLNzMZCMzPHQpqZ
x0IAAMhCZmbIQs3MyEIzM8lCmpnJQgAAykJmZspCzczKQjMzy0KamctCAADMQmZmzELNzMxC
MzPNQpqZzUIAAM5CZmbOQs3MzkIzM89CmpnPQn3/z0JmZtBCe9TQQrAy0UKamdFCff/RQmZm
0kLNzNJCMzPTQpqZ00IAANRCZmbUQkrM1EIzM9VCmpnVQgAA1kJmZtZCzczWQjMz10IXmddC
AADYQmZm2ELNzNhCMzPZQpqZ2UIAANpCZmbaQs3M2kKwMttCmpnbQn3/20JmZtxCSszcQjMz
3UKamd1CAADeQuNl3kLZzt5CMzPfQpqZ30IAAOBC42XgQs3M4EIzM+FCmpnhQgAA4kLjZeJC
SsziQrAy40IXmeNCff/jQmZm5ELNzORCsDLlQqab5UIAAOZCZmbmQs3M5kIzM+dCF5nnQn3/
50LjZehCXM/oQjMz6UIXmelCff/pQuNl6kJKzOpCsDLrQpqZ60IAAOxCZmbsQkrM7EKwMu1C
F5ntQn3/7ULjZe5CzczuQrAy70IXme9Cff/vQmZm8ELNzPBCMzPxQheZ8UJ9//FC42XyQs3M
8kI/NfNCmpnzQn3/80JmZvRCzcz0QrAy9UKamfVCff/1QmZm9kJKzPZCsDL3QheZ90J9//dC
42X4QkrM+EKwMvlCmpn5Qn3/+ULjZfpCzcz6QjMz+0IXmftCPQr8QuNl/EJKzPxCMzP9QpqZ
/UIAAP5CZmb+Qs3M/kIzM/9Cmpn/QgAAAEMzMwBDZmYAQ5qZAEPNzABDAAABQzMzAUNmZgFD
mpkBQ83MAUMAAAJDMzMCQ2ZmAkOamQJDzcwCQwAAA0PyMgNDZmYDQ5qZA0PNzANDAAAEQzMz
BENmZgRDmpkEQ83MBEPXAwVDMzMFQ2ZmBUOamQVDkc0FQwAABkMzMwZDZmYGQ5qZBkOLzAZD
AAAHQzMzB0NmZgdDmpkHQ83MB0MAAAhDMzMIQ2ZmCENYmQhDi8wIQwAACUPyMglDi2wJQ1iZ
CUPNzAlDAAAKQ/gzCkNmZgpDWJkKQ83MCkMAAAtDMzMLQyVmC0NemgtDi8wLQ77/C0MzMwxD
JWYMQ5qZDEOLzAxDvv8MQ/IyDUMlZg1DWJkNQ4vMDUMAAA5D8jIOQyVmDkM1ng5Di8wOQwAA
D0PyMg9DJWYPQ1iZD0OLzA9Dvv8PQzk0EENmZhBDmpkQQ83MEEO+/xBD8jIRQ2ZmEUNYmRFD
i8wRQ77/EUPyMhJDqGYSQ1iZEkOLzBJDvv8SQzMzE0NmZhNDWJkTQ4vME0O+/xND8jIUQyVm
FENYmRRDzcwUQ77/FEMzMxVDrmcVQ1iZFUOLzBVDvv8VQ/IyFkOoZhZD25kWQ4vMFkMAABdD
8jIXQyVmF0NYmRdDi8wXQ77/F0MzMxhDZmYYQ1iZGEOLzBhDAAAZQ3UzGUNmZhlDWJkZQ+zR
GUMAABpD8jIaQyVmGkNYmRpDzcwaQwAAG0MzMxtDZmYbQ5qZG0PNzBtDAAAcQzMzHENmZhxD
mpkcQ83MHEMAAB1DMzMdQ2ZmHUOamR1DzcwdQwAAHkMzMx5DZmYeQ1iZHkOLzB5DAAAfQzMz
H0NmZh9DmpkfQ83MH0MAACBDMzMgQ2ZmIEOamSBDi8wgQ77/IEMzMyFDmG4hQ5qZIUPNzCFD
AAAiQzMzIkNmZiJDmpkiQ83MIkMAACNDMzMjQ2ZmI0OamSNDzcwjQwAAJEMzMyRDZmYkQ5qZ
JEPNzCRDBgElQzMzJUMlZiVDWJklQ83MJUMAACZD8jImQ2ZmJkOamSZDzcwmQwAAJ0MzMydD
qGYnQ5qZJ0PNzCdDvv8nQzMzKENmZihDmpkoQ4vMKEMAAClD8jIpQ2ZmKUNYmSlDzcwpQwAA
KkMzMypDZmYqQ1iZKkPNzCpDAAArQzMzK0MlZitDmpkrQ4vMK0NOAixD8jIsQyVmLEOamSxD
i8wsQwAALUPyMi1DJWYtQ5qZLUOLzC1Dvv8tQzMzLkNmZi5DmpkuQ83MLkO+/y5D8jIvQyVm
L0NYmS9Di8wvQ77/L0P4MzBD8GcwQ5qZMEOLzDBDvv8wQ/IyMUNmZjFDWJkxQ83MMUMAADJD
8jIyQyVmMkOamTJDi8wyQ77/MkPyMjNDqGYzQ5qZM0OLzDND</AssayXData><AssayYData Points="900">AAAAAGhH8zsM+5E7ts/IO1qnHTxEzCg86jxcO8DmATzSqDk8pP0bPFT0PzzvQWE82vqxO77r
LDwvrzM8wKlvPIAQaDyUKG88k3mAPPoRLTwfXo4898pBPEKXMzzAHng8RiGNPPTJYDzvJXw8
ZP9MPJx3iDzJeqk8/DCuPLXCazzL82c89SSBPNiImTzzxoM8g1OAPBqLezz553s8WTSaPGNr
gjzLJ1E8M/iTPEi7jzxQx5A83r2UPCYwgTxvVWA82DulPG7EhjzuWHI85YGZPE/WjzzI7Jc8
SeeLPA+EiDy3EZY8NpSVPKI1ajzQ54Q8ozuNPFIOjDzzr6c8Wg6ePPvPczyzCIk8u8CRPAaP
mDy8xq4888uTPHN+kDwg65w8RcmWPHuNrTxco5I8O0SIPH6ZtTyX+Y88k8iaPIAPoTzrc7Y8
gHavPA+Tpzzvzb48wQuIPDOasDxslag8NWuMPOJDiDzFJrQ8oeWkPGgInDyEL6g89rPHPCEH
0jwAwZo822PEPPW0rjxM+so8ljSXPMe8tTzviKM89QSdPBYsrDz5oLU8enLKPPq16jwsK9k8
VN2WPHowtDzjPrY8FKDWPHATvTySe688hCHOPO6AzTxuOMQ8x/a7PGDvtjyrDq08/OixPDCK
0zxnU7A8olG5PEcRlDxD/uA8iniZPIfiyDwE8q08tGLHPO212Dz4Y8k81Y/cPDsIxDyZArY8
6ALiPCoitzx1cdU8XujNPCHQyjzZRMs8C6CnPI4m1zzy5NE8/ACwPIjr3zw2P9A8Cf7MPFMg
5zwbRK08hr/mPPfb0zx4J8c8zJfpPGqN4jyvktA80j3tPPtVqTzZntk8pwyyPDT18jwMhNU8
UJTcPNwPrDyK7+A84wjbPPE73DyYScc8bje4PPCg7Tyh0c48MVH1PB9O9Dw62PI8G5XhPBx0
6Tyu/PA8dwnQPPrp9jw2udM85TzmPOVZxzyvAdM8aorOPJJ97TwXuNI8aEzKPFzy+zwI1fs8
HQP9PIDFAT269ts8/qb1PNtL8TyqL+080UH4PB8G4Dza6+I8XPT7PNmr7zz+B9c8AQ7xPGRl
9Tzjtf08ooL4PFbt6TxtI/Y8n0cQPem/3jwZgPw8Rr3rPMMV1TyRVgk9NFcDPVmX/DyGpwQ9
Tr3pPKF27Ty8f/c8RYvuPMtZAz1ZQv08bcb9PNtf+jwclNU81nUIPQZy9Tx0TOI870bVPG5u
2DwWA/I8Oor9PCqb9jz0fgU9hDDxPFNP3Dw1i+s8ow/tPA6t9jzW9/k8VPD0PKiB8DwR1dg8
axQCPXuVBD1nl+k8z3LtPDes/DxQlN48Y8MAPUcF+zwR6PY8WUD9PIlE/TxxSvQ8ppMNPWU3
CD0R8s88hxX1PGoc7DznXNc8a5T5PEUw9jwYh+M8f7QDPedzAT3G0OQ8EFALPcfPAT1uoPk8
4B/2PKUZ4TyGDcw8/pwcPY9HAz0OIeo8/2D0PK0OBz2VQgc9FFkVPej5Aj2gZQU96379PPqo
+zyWbhU9KIIOPVTPDD2omw89D17yPOyQBD2oswc9kfEOPa7c6DyxUQ89kVz8PNvpDT1iLA49
YwcHPcD7Bj0WOxM9Gub7PHuk+TxuLwM9X4UHPdWV+jzMuwo9vPUQPQL/Cj2imOQ81REFPZRR
Bz2/A/c8Wf/1PEpyDz3lcRE9+ucCPddsAz00ev88YdjqPCEdDT34ofw8vmoKPVPRAT1e4A09
P8EWPTLdDT39Egc9xjsbPTooDD1rxg09ZE8VPa5R+Dw2Sw89r94OPYhK/DxZ5gU9hqMOPXZE
/TwrKxQ9Nt8IPdzrED3b6hY9EkATPZRqDT1QsBY9ikcFPRAoCj2aU/s8JWMXPeW6AD2YePk8
m14FPSffDD38giQ9vx0TPXmVAT12oQM9YksEPb8BDj1c9vg8fb4NPQ12ED2RjA49E+oRPXPo
Dj1F1QI9UqEJPRxRGD0UMus8fvMKPbMMCT1OIBI9ys4PPYspFD3gpgs9ccoZPfUDEz3H+gc9
ZGkDPXZwCz3naQs9JWcRPZG1Fj3CFQA9J6wLPS9OCT3j1yg9IoUUPXDeFD19XgM9dKofPXLk
Dj0T0Rs9u3HzPPRmIj21hxc9hNoRPcgdCj2MbwY9Cz8IPTlaDT2eVA09uvnyPDLK8zyUjxU9
weMSPVA7Dz3DGxs9iJMbPR94Dj35Vhc9qxoEPdUfFD0s6gc9fYcFPdPHFz2qig09EswQPdwO
GD0uegw9IJQLPdMgBj2sXhY97B8KPfcfDD0qhQo92RIRPeOUCT2s0A492c0KPXoJ1zzFswk9
o0gfPXryCj33ERo9chkCPRedGz2U4gw9a4MTPbiuDT2sBQo9k6IPPexdDz3GfxA9Md4KPS8c
Jj3U0Qw90ZcfPbG6Ez3dewA9P8QaPeIJ7DzkuOU8nmwJPdlJ/Dxx3Qg9Tl4QPR3VFT1dpx89
P9ULPQp2Cj1ynQk9AE35PB0mCD09FAs9JBgaPSJHDz0UcAo9hPwIPcnTED0nIRI9ipsXPfXD
Cz23efI8TjoHPR+EAz2EEP88SJMSPSl2Ej047RA948QDPTLDBj2krQA9hrwKPZOxCj09YBE9
pgUIPREbBz2xEQg9BqcTPeaOCT09EvY8EC8LPRPICT0WiAA90BgTPTYGEj1tCu88hwcWPUGW
DD1WUwI93HACPR5zDj13Qhg9CNsCPdzECD1/Juk8798JPV96Az3wFAg9rXYNPQTp+zxsMwk9
U2wDPUaiBj3cdgE9pwMCPcknBj37fxA9TRD7PJzODD0q8xQ9nvP+PGr9Ej1NVQE9vLUNPfUs
GT0JOQ89nXEVPWswBT2qkRA9mUkiPaB/Dj3rNe48IPIKPbbmCT02WxM9aTEJPWPq/Dyf8AU9
EegBPUp3BT28eRE9qqcLPeuOEz3YH/o8W1EQPT2GEj2PPAA9WRUIPVla8TzItgU9ZLTlPEuZ
FT1Ihgg9jJroPOCx+DwwxQY9nbERPfI5DT1hdQo9pFfzPEZmCT2FHA89rWUKPbk5Ez2gmhk9
v4IMPXM4Ez224ww9smUPPX/G/zxuAg49S0cAPfn08zyndBw9DdMWPT3wAz14YBc9/2ICPVB2
HD1MpQk9v63wPIjwFT1lGgU9xl8TPQRz+TxYLQU9jOcEPd5UBj1IuQI97EX/PGEF/jyY7u08
SqUEPXsyEj1VWfc8uLQWPRZpID3G+gA9K5kQPT1HBD2hjAY9eRAfPbqbAD3fZg89c60NPaGA
+jyqXg89HdcJPaP6Ez2+UQg9xNIZPZxgAD2FDwY9QXcKPZP4AT1/dAs9+fUPPZqfCT3DEwk9
iEoNPXJW/Dx4dBk9kKkHPVTyFT1dx9g8Z7kRPVcd6DxRnQ89g0QRPSy0DT2Xxgg98WoGPX6e
ED0ubxg9oRsJPXnjHD01Hhc9OL7/PMTWFT1RyAc9MFMfPbqjJz1WLR49ZUHpPOSFDD3vYxU9
QerxPGSHGD2gZQc9SpscPXk9CD2eUyE9lnIDPRwnED3kEe88MfsOPQ4QDD2Juxg9C8gLPbv8
FT2PKhs9/OIePdkFED1mTA09/mMUPdsEET0M1As9o/UXPfEdET3VVyE9qt4pPbbGBD1bKhM9
q2wNPZ1UET3jofA8h874PO6x5TyQ9QI9ehf9PLky+TyOnhA936X5PMV3DD1VoQg9iQUSPZxw
Cz0QyRE9TIQDPetMDD2VwA495wwNPUbjDj1eGh89070CPU6EEj0krwQ98gEPPY15Cj1hDBc9
BZoEPRdJ+Ty55AM9HmMKPV1bHT3VY+k8meYPPYziAz159g090jIWPSUmLj2Dsh09rF0JPWfY
CD3VqhM9eHUDPWY7/TyOWRs9GOIhPfitET0j2A49hhcJPQ0mED2u1wc9yjgbPWgnGD3RfBA9
5u8SPZKjCT3NpxE9//8bPTkOAz0CiAc9GwwXPSc0Ej0nZgI9PZ4ZPZiFGz14aBA9TPYKPROg
Cz3A9Q89um4HPb9wGz28Dw09NLshPef0+zzLUBM9HM8OPbu7Az22Fgo9RHQIPW1YIj0hoB49
J88ePbMIDD2GEyA9l2gWPRAYBz3prRE9HsQZPUj3Hj2U1xc9Jjf/PFMhJD1c5Qo9MyIHPQ3C
DT2M0gA9GrUWPW7aBT1EBww9AaoVPV8tDT3rjSE9MXMFPXLXIz2OgBg9aWwfPelGDT0SSww9
gHoFPbuvHD1AOhQ9apgTPdhRED0Wiww91cMSPVtvFz1fuf483H8OPZQ4DD1F/Qw9DYYIPVNR
Ej145AY90JAMPVSl+TxjjQw9dB8XPcs0/Tz++Bc9G7YTPSljBz0mBQU9TgMHPbvmFz0m/Pc8
muQGPWTeHD1KmAY9UuALPerMCz0r8gI9oOwaPdcDET3ZGQ092GQVPdMbFT3gOwo9gOoSPb4X
Fz16VAo9v0MUPaaYBz2EeAk9lUwTPX8eFD2gqxA9I7UTPQ2SET3ACwU9ZiYPPTBYCz2jcwI9
Y6cWPc6ODz04c/M8+skFPQPPDz1aCR89I2oGPddqAT3SZQA9t5gNPaEo+DwZRBw9FNMQPRAC
HT1gRRA9620JPerMCj161gY9deIWPddcBD3TYBM9uXYHPZiVAj33HQs9fBP8PHf5FD3sHRI9
3rz4PN95CT36aSY9J8kQPcYaAz0iBhE9If4OPb8tBz0Mmhs9PlUIPW58ED1Adhc9HaULPQ2b
CT2/yAU9pN4FPYUcBj25hwE9PRYaPfZ1DD3ysQg92RcPPWQXFz3mzwk9lff0PHibBz1eLRg9
qYsDPadgAT0OHQ09iIQQPa1lEj2Ikx09a1sMPTDQCD1xchA9</AssayYData></Step><Step><CommonData><SampleLocation>2</SampleLocation><SampleID>10mM Glycine pH1.7</SampleID><SampleGroup></SampleGroup><SampleInfo>or other Regeneration solution</SampleInfo><SampleRow>D</SampleRow><SamplePlate>1</SamplePlate><WellType>REGENERATION</WellType><Concentration>-1</Concentration><ConcentrationUnits>µg/ml</ConcentrationUnits><MolarConcentration>-1</MolarConcentration><MolarConcUnits>nM</MolarConcUnits><MolecularWeight>-1</MolecularWeight><Temperature>30</Temperature><StartTime>969224</StartTime><AssayTime>20</AssayTime></CommonData><FlowRate>1000</FlowRate><StepType>CUSTOM</StepType><StepName>condition</StepName><StepStatus>OK</StepStatus><ActualTime>20</ActualTime><CycleTime>0.2</CycleTime><AssayXData Points="100">vv8zQ/EyNEPjZTRDFpk0Q0nMNEN8/zRDsDI1QyRmNUMWmTVDScw1Q3z/NUOwMjZDJGY2QxaZ
NkNJzDZDAAA3Q7AyN0PjZTdDFpk3Q0nMN0O+/zdD8TI4QyRmOENYmThDi8w4Q77/OEPxMjlD
JGY5Q1iZOUOLzDlDvv85Q/EyOkMkZjpDWJk6Q4vMOkO+/zpD8TI7QyRmO0MWmTtDScw7Q77/
O0PxMjxDJGY8Q1iZPEOLzDxDvv88Q/EyPUPjZT1DWJk9Q0nMPUO+/z1D8TI+QyRmPkNYmT5D
i8w+Q77/PkPxMj9DJGY/Q1iZP0OLzD9Dvv8/Q/EyQEMkZkBDWJlAQ4vMQEO+/0BD8TJBQyRm
QUNYmUFDi8xBQ77/QUPxMkJDJGZCQ1iZQkOLzEJDvv9CQ/EyQ0MkZkNDWJlDQ4vMQ0O+/0ND
sDJEQyRmRENYmURDi8xEQ3z/REPxMkVD42VFQxaZRUPMzEVDvv9FQ7AyRkMkZkZDWJlGQ0nM
RkN8/0ZD8TJHQ+NlR0MWmUdDi8xHQw==</AssayXData><AssayYData Points="100">h2evvnPOl76wqI2+U3mGvnXDgr4gQoG+u4qAvuuWhL4SGoW+e0qGvrWPib5IcY++daGNvtVP
kL72m5G+1jqUvpellr6NG5i+AHeZvnhpnL7SHqC+PFeevs7Job7pCaO+I0Wjvvoap77hyae+
xsGovuDPpr63a6e+dqWqvnxor74ScK++Ey6uvpUmr77E2LO+iYK0vvjJsr4XL7S+eQazvrEL
tr7BkLW+2fW3vsUBub6jJrm+Ake7vrwMur7hOry+4Le9vr4rvr6IGb++Dn7BvnhEv75kpsC+
Dz/CvuehwL5ZlsO+jqHEvq7oxb78psa+1rvFvhW+yL4vPse+D4HIvl7ax76DU8a+em3KvjEm
zL4MScu+88nNvi/UzL5lMs2+1gzNvqVoz77Dss2+fhHNvnC40L6xGNG+EKrPvnt40771HtK+
ghDUvrvZ075O59W+H/bVvv/s1L5F2NW+xP3UvueY1L6bpta+TD/WvtoS174dNti+9BvYvgpj
2b6E9ti+g23bvglK2b5oA9u+QRDbvg==</AssayYData></Step><Step><CommonData><SampleLocation>1</SampleLocation><SampleID>Running Buffer</SampleID><SampleGroup></SampleGroup><SampleInfo></SampleInfo><SampleRow>D</SampleRow><SamplePlate>1</SamplePlate><WellType>BUFFER</WellType><Concentration>-1</Concentration><ConcentrationUnits>µg/ml</ConcentrationUnits><MolarConcentration>-1</MolarConcentration><MolarConcUnits>nM</MolarConcUnits><MolecularWeight>-1</MolecularWeight><Temperature>30</Temperature><StartTime>994887</StartTime><AssayTime>20</AssayTime></CommonData><FlowRate>1000</FlowRate><StepType>CUSTOM</StepType><StepName>condition</StepName><StepStatus>OK</StepStatus><ActualTime>20.02</ActualTime><CycleTime>0.2</CycleTime><AssayXData Points="100">vv9HQ7AySEPjZUhDFplIQ0nMSEN8/0hDsDJJQ+NlSUOfmklDi8xJQ3z/SUOwMkpDJGZKQ1iZ
SkNJzEpDfP9KQ7AyS0PjZUtDFplLQ0nMS0N8/0tDsDJMQ+NlTEMWmUxDScxMQ3z/TEOwMk1D
42VNQxaZTUNJzE1DfP9NQ7AyTkMkZk5DFplOQ0nMTkO+/05D8TJPQyRmT0OZmU9DScxPQ77/
T0PxMlBDJGZQQ1iZUEOLzFBDvv9QQ/EyUUMkZlFDWJlRQ4vMUUO+/1FD8TJSQyRmUkNYmVJD
i8xSQ77/UkP3M1NDJGZTQ1iZU0OLzFNDQQBUQ/EyVEMkZlRDWJlUQ8zMVEO+/1RD8TJVQyRm
VUNYmVVDi8xVQ3z/VUPxMlZDJGZWQ1iZVkOLzFZDvv9WQ/EyV0OoZldDXppXQ4vMV0N8/1dD
sDJYQyRmWEMWmVhDi8xYQ77/WEOwMllD42VZQ1iZWUOLzFlDvv9ZQ/EyWkPjZVpDWJlaQ0/N
WkO+/1pD8TJbQ+NlW0MWmVtDqtFbQw==</AssayXData><AssayYData Points="100">dGwOvaFej70vHLa9bjC7vYGYvb2eta+9cYu1vYr/r70886u9NvGgvUWEo71/bKa9IuahvZ5I
oL1laqC9VpOXveUXkL1WW5i9dH6XveTzlL3HdpO9d5Kgve48lb0oXo+9xBOSvekwhL3Mgom9
dlaLvardh72+RYe9DViMvU3Fir0/TY29km18vV0fhr2dkoO99BuGvRs5eb38nX69CG6Hvfbj
gb31X4e9VIBzve7jg70JAne9TSGLvZHJdb2cVXq9Zt16vRxuZL3nsYG9A/t1vXMte73BMXy9
Bk13vfzggb19HHK9rGSCveCle73WBnG9YW9uvUtDcb37ynK9RCJhvXzDc72EFWS9OAlnvYB4
Y70/8nG9UZV+ven0cb0himi9jm5wvdtuaL3qMXK9tcN5vXp7Wb2d2Gq9faFgvR6/ZL3k9WG9
DsBkvfMyV73ZaFW99n5gvYIRbL1xjW29n5FoversZ715W0q9Si5ZvfGiWb1mxGC9wttgvbAl
a72p3We9LVxZvfEWbb1sT2C90V9gvQ==</AssayYData></Step><Step><CommonData><SampleLocation>2</SampleLocation><SampleID>10mM Glycine pH1.7</SampleID><SampleGroup></SampleGroup><SampleInfo>or other Regeneration solution</SampleInfo><SampleRow>D</SampleRow><SamplePlate>1</SamplePlate><WellType>REGENERATION</WellType><Concentration>-1</Concentration><ConcentrationUnits>µg/ml</ConcentrationUnits><MolarConcentration>-1</MolarConcentration><MolarConcUnits>nM</MolarConcUnits><MolecularWeight>-1</MolecularWeight><Temperature>30</Temperature><StartTime>1020670</StartTime><AssayTime>20</AssayTime></CommonData><FlowRate>1000</FlowRate><StepType>CUSTOM</StepType><StepName>condition</StepName><StepStatus>OK</StepStatus><ActualTime>20</ActualTime><CycleTime>0.2</CycleTime><AssayXData Points="100">3QRcQ883XEMCa1xDNZ5cQ2jRXEObBF1DEDhdQwJrXUN3nl1DaNFdQ5sEXkPPN15DQ2teQ3ee
XkOq0V5DmwRfQ883X0MCa19DNZ5fQ2jRX0ObBGBDEDhgQwJrYEM1nmBDaNFgQ5sEYUPVOGFD
AmthQ3eeYUPr0WFDmwRiQxA4YkNDa2JDd55iQ6rRYkPpBmNDEDhjQ0NrY0N3nmNDqtFjQ90E
ZEMQOGRDQ2tkQ3eeZEOq0WRD3QRlQxA4ZUNDa2VDd55lQ6rRZUPdBGZDEDhmQ0NrZkN3nmZD
qtFmQ90EZ0PPN2dDQ2tnQ3eeZ0Oq0WdD3QRoQ1I4aENDa2hDd55oQ6rRaEMlBmlDEDhpQ0Nr
aUN3nmlDqtFpQ90EakPPN2pDQ2tqQzWeakOq0WpD3QRrQxA4a0PTbWtDd55rQ6rRa0PdBGxD
EDhsQ0NrbEN3nmxDqtFsQ90EbUMQOG1DAmttQ3eebUNo0W1D3QRuQ883bkMCa25DNZ5uQ2jR
bkPdBG9DzzdvQ0Nrb0M1nm9DqtFvQw==</AssayXData><AssayYData Points="100">thr9vqm04b7wXNe+NrHIviVFxb74xcO+iUjDvrHpwr4VBcG+bJfDvoMBx75JoMe+vvbGvo+j
yr6t3Mu+IsXJvuUTzr66gc2+s6/Nvqxez74GENO+257Tvq4e0r6sMtK+F6/UvkqS1L6JE9i+
QELWvn/M1r5Ddtq+Al3avkLU3L48Udm+k8Ddvj063r7c7tu+SaDdvvx5276rWd6+yV/dvhFg
377pnt++GS3hvpPz375C+uC+7U7hvl4Y4r7MS+O+ky7jvjeX477j7eW+AUbjvjNT574wi+a+
dgrnvra36L7UUua+WnfmvrIk575C3Oe+Mennvh1F5b7H4Oq+61Trvm8X6b6L6uq+qmzsvvkP
7L6jW+6+sd3qvk7l7L7apuy+rBHtvg3b7r76Juy+eMvuvu4T8r7b1/C+IgXxvj4j875fAu6+
bW7yvozR8L6JO/O+VLDvvkc88r7hTfO+lyz1vl2C9L6iS/S+o9j0vm4F9r7l5PW+gG/1vlF0
9b4O+vS+3ib4vme/9b4SQfa+iqn2vg==</AssayYData></Step><Step><CommonData><SampleLocation>1</SampleLocation><SampleID>Running Buffer</SampleID><SampleGroup></SampleGroup><SampleInfo></SampleInfo><SampleRow>D</SampleRow><SamplePlate>1</SamplePlate><WellType>BUFFER</WellType><Concentration>-1</Concentration><ConcentrationUnits>µg/ml</ConcentrationUnits><MolarConcentration>-1</MolarConcentration><MolarConcUnits>nM</MolarConcUnits><MolecularWeight>-1</MolecularWeight><Temperature>30</Temperature><StartTime>1046339</StartTime><AssayTime>20</AssayTime></CommonData><FlowRate>1000</FlowRate><StepType>CUSTOM</StepType><StepName>condition</StepName><StepStatus>OK</StepStatus><ActualTime>20</ActualTime><CycleTime>0.2</CycleTime><AssayXData Points="100">3QRwQ883cENDa3BDNZ5wQ2jRcEPdBHFDEDhxQwJrcUM1nnFDqtFxQ90EckPPN3JDAmtyQ3ee
ckOq0XJDmwRzQ883c0NDa3NDd55zQ6rRc0ObBHRDzzd0QwJrdEN3nnRDqtF0Q90EdUMQOHVD
Q2t1QzWedUNu0nVD3QR2QxA4dkNDa3ZDNZ52Q7bTdkObBHdDzzd3QwJrd0N3nndDaNF3Q90E
eEPPN3hDAmt4QzWeeENo0XhDmwR5Q883eUMCa3lDNZ55Q6rReUObBHpDzzd6QwJrekM1nnpD
qtF6Q90Ee0NSOHtDAmt7QzWee0No0XtDJQZ8Q883fEMCa3xDNZ58Q2jRfEObBH1DEDh9QwJr
fUM1nn1DaNF9Q90EfkPPN35DAmt+QzWefkOq0X5DmwR/Q883f0MCa39DNZ5/Q6rRf0NOAoBD
5xuAQ6I1gEM7T4BD1WiAQ26CgEMInIBDorWAQzvPgEPV6IBDbgKBQwgcgUOiNYFDO0+BQ9Vo
gUNugoFDCJyBQ6K1gUM7z4FD1eiBQw==</AssayXData><AssayYData Points="100">3hJcvR+6tL0z9969iUTevUxI7r3mN/a9CjT7vSDY6L0XrO+9VQXlvce16L00QOO9dNzjvQdm
2b0DNdm9m3fbvdxF171xodO9UHLYvSzHz722SM294OnNvWAD0L0dpdC90kDHvT9yyb1d/su9
iCDYvWOdyr0GZc29SVPAvTuEyL1ucca91Mi/vRnFvL26Q769Oza+vaL1zL04HbW9zWG+vXYd
ur0DT7W91Gi9vevXxb0BicS9y5fBvdz8ub3XcMa9N/O8vS2zwL1vB8G96CC8vXauuL3QwbG9
1Fe3vZw2ur1pJMS9xfu5vbRIub0BGrK9r/21vTUfuL2d2r29t8Gvvdp7sr24aKu9MDS5vUnY
vb269L+9yKawvZE+ur1Ryba9H3S1veuWr72wibS9iAe0vT8Xu72OZMC9Ok68vVJ+sb2fHLq9
kOm2vU/7t73IGrS9wCW4vVCYrr3Kpq69lNavvTmVs73xqK69/8q1vQ7qsr2OwKe9HvW1vW9R
p72IMa29WwW0vb+ArL3SKrW9Iq2uvQ==</AssayYData></Step><Step><CommonData><SampleLocation>2</SampleLocation><SampleID>10mM Glycine pH1.7</SampleID><SampleGroup></SampleGroup><SampleInfo>or other Regeneration solution</SampleInfo><SampleRow>D</SampleRow><SamplePlate>1</SamplePlate><WellType>REGENERATION</WellType><Concentration>-1</Concentration><ConcentrationUnits>µg/ml</ConcentrationUnits><MolarConcentration>-1</MolarConcentration><MolarConcUnits>nM</MolarConcUnits><MolecularWeight>-1</MolecularWeight><Temperature>30</Temperature><StartTime>1071861</StartTime><AssayTime>20</AssayTime></CommonData><FlowRate>1000</FlowRate><StepType>CUSTOM</StepType><StepName>condition</StepName><StepStatus>OK</StepStatus><ActualTime>19.999</ActualTime><CycleTime>0.2</CycleTime><AssayXData Points="100">bwKCQ+gbgkOiNYJDPE+CQ7VogkNvgoJDCZyCQ6K1gkM8z4JD1eiCQ28Cg0PoG4NDojWDQxtP
g0PVaINDToKDQwmcg0OitYNDPM+DQ7Xog0NOAoRDCRyEQ6I1hEM8T4RDtWiEQ2+ChEMJnIRD
orWEQzzPhEPV6IRDbwKFQ+gbhUOiNYVDPE+FQ9VohUNvgoVD6JuFQ6K1hUMbz4VD1eiFQ28C
hkMJHIZDojWGQxtPhkO1aIZDb4KGQ+ibhkOitYZDG8+GQ7XohkNvAodD6BuHQ6I1h0MbT4dD
tWiHQ06Ch0Pom4dDorWHQzzPh0O16IdDTgKIQ+gbiEOBNYhDG0+IQ9VoiENOgohDCZyIQ4G1
iEMbz4hDteiIQ04CiUMJHIlDgTWJQxtPiUO1aIlDToKJQwmciUOitYlD4M+JQ9XoiUNOAopD
6BuKQ4E1ikMbT4pDtWiKQ06CikM2nopDgbWKQxvPikO16IpDTgKLQ+gbi0OiNYtDPE+LQ9Vo
i0NOgotDCZyLQ4G1i0M8z4tDteiLQw==</AssayXData><AssayYData Points="100">CFcKv/Ze/b5Zcu2+jNPnvlkL4r4rcd++cMbcvpE83b40h+C+G7zgvsho377d8uC+w0Djvgf/
475iIuS+HzTlvsGb575VMue+Y7nnvoDb6r7ztOq+ZlHsvg3a7L6BNe2+ltruvgE87b5HM/K+
MkDwvpA5774OKPK+OAbzvhUB9L4w3/W+a+jzvtK7877eVPO+c9n0vjGl9b7O1fW+ChP0vpyq
9r6ISva+e/L2vp4M+b6Sx/i+Wfz5vvZt9r4lx/i+3ML4vnwo+r4YtPu+OgX7vo1n/b49cv2+
5gb7vgsj+74B1P2+dH/+vgEr/75/T/y+PGf+vl8y/r5Fcv6+dQf+vgFu/r583f++Ngn/vgm9
AL+1NwK/lFf/vvpLAb9yDwG/SMkAvzkIAb8OWgC/IbQBv/6MAb+qggG/mzABv6K4Ar9pywG/
hSECv9eXAr8N2AK/o9wBv7/uAb+magO/rvECv2TpAr/3ZgO/rLwDvzdwBL8ixAK/9ZECv2xZ
BL8l1AO/h4UEvzq1Ar87mwS/IeECvw==</AssayYData></Step><Step><CommonData><SampleLocation>1</SampleLocation><SampleID>Running Buffer</SampleID><SampleGroup></SampleGroup><SampleInfo></SampleInfo><SampleRow>D</SampleRow><SamplePlate>1</SamplePlate><WellType>BUFFER</WellType><Concentration>-1</Concentration><ConcentrationUnits>µg/ml</ConcentrationUnits><MolarConcentration>-1</MolarConcentration><MolarConcUnits>nM</MolarConcUnits><MolecularWeight>-1</MolecularWeight><Temperature>30</Temperature><StartTime>1097373</StartTime><AssayTime>20</AssayTime></CommonData><FlowRate>1000</FlowRate><StepType>CUSTOM</StepType><StepName>condition</StepName><StepStatus>OK</StepStatus><ActualTime>20</ActualTime><CycleTime>0.2</CycleTime><AssayXData Points="100">TwKMQ+kbjEOCNYxD+06MQ5VojEMugoxD6ZuMQ4K1jEP7zoxDleiMQy4CjUPIG41DYTWNQ/tO
jUO1aI1DT4KNQ8ibjUNhtY1D+86NQ5XojUMuAo5DyBuOQ2E1jkMcT45DlWiOQy6CjkPIm45D
YbWOQxzPjkPW6I5DLgKPQ+kbj0NhNY9DHE+PQ5Voj0Mugo9D6ZuPQ2G1j0Mcz49DteiPQ08C
kEPpG5BDgjWQQxxPkEObaZBDT4KQQ+mbkEOCtZBDHM+QQ7XokENPApFD6RuRQ6M1kUMcT5FD
tWiRQ0+CkUPpm5FDgrWRQxzPkUO16JFDTwKSQ+kbkkOCNZJDHE+SQ7VokkNPgpJDrZySQ4K1
kkMcz5JDteiSQ08Ck0PpG5NDYTWTQxxPk0O1aJNDT4KTQ+mbk0OCtZND+86TQ7Xok0NPApRD
yBuUQ4I1lEP7TpRDlWiUQ0+ClEPpm5RDo7WUQxzPlEO16JRDTwKVQ+kblUNhNZVDHE+VQ5Vo
lUNPgpVDyJuVQ2G1lUMcz5VDteiVQw==</AssayXData><AssayYData Points="100">YsiAvA2Ttb1UA+y9KvT9vdBhB756Vwm+F/4NvnNqBb4lLAq+jS4Evg6LAb5ZtgG+sFUCvggG
Ab5M8AO+kDn8vW4c+L12v/u9gy70vXvh/L0gafK92579vTNm873FaOO9r3TuvfKY670tpuu9
1ijxvXFf8L2QgfK91Tv0vV1c5r2WAOq977fqvdNW7b3Oe+y9DU3svSW46L0Z0O29BqDhvXzZ
5L320Om9vDPhvUXP4r2MV+K9gcDhvdQk3b2nH9m9Jb/mve8U3r3ZS+C9BCHhvX8G5b1BsN+9
01/gvR772b2Rj9a9kfjevYxM3731kdm9cfzbvQf44L02v+G9WwPcvfbA4L1tZN69zu/YvXpM
07046eW9Wkzevb/25r1aw+C9K1revXsg3b1MN+S9EijYvYkR3r0pMN29qPXPvTPC2b1ygNe9
WOTavSXG0b0bHte911LTvb0g4L0s/tS9X+bXvYQv2b2azNu9CTDdvYp+zr2GnNq9BRbfvebD
5L1OB8+9jIfavSak173oTs69ayPWvQ==</AssayYData></Step><Step><CommonData><SampleLocation>3</SampleLocation><SampleID>Running Buffer</SampleID><SampleGroup></SampleGroup><SampleInfo></SampleInfo><SampleRow>D</SampleRow><SamplePlate>1</SamplePlate><WellType>BUFFER</WellType><Concentration>-1</Concentration><ConcentrationUnits>µg/ml</ConcentrationUnits><MolarConcentration>-1</MolarConcentration><MolarConcUnits>nM</MolarConcUnits><MolecularWeight>-1</MolecularWeight><Temperature>30</Temperature><StartTime>1123544</StartTime><AssayTime>120</AssayTime></CommonData><FlowRate>1000</FlowRate><StepType>BASELINE</StepType><StepName>Baseline 120</StepName><StepStatus>OK</StepStatus><ActualTime>120</ActualTime><CycleTime>0.2</CycleTime><AssayXData Points="600">TwKWQ8gblkNhNZZD4E+WQ5VolkMugpZDyJuWQ2G1lkP7zpZDleiWQy4Cl0PIG5dDYTWXQxxP
l0OVaJdDLoKXQ+mbl0OCtZdDHM+XQ5Xol0MuAphD6RuYQ4I1mEP7TphDlWiYQ0+CmEPpm5hD
grWYQxzPmEO16JhDTwKZQ+kbmUOCNZlDHE+ZQ7VomUNPgplD6ZuZQ4K1mUMcz5lDteiZQ08C
mkPpG5pDgjWaQxxPmkOVaJpDT4KaQ8ibmkOCtZpDHM+aQ7XomkNPAptDyBubQ2E1m0P7TptD
tWibQ5GCm0Ppm5tDgrWbQxzPm0O16JtDTwKcQ+kbnEOCNZxDHE+cQ7VonENPgpxD6ZucQ4K1
nEMcz5xDleicQy4CnUPIG51DgjWdQxxPnUO1aJ1DT4KdQ+mbnUOCtZ1DHM+dQ7XonUNPAp5D
SxyeQ2E1nkMcT55DlWieQy6CnkNsnJ5DYbWeQ/vOnkOV6J5DcAKfQ8gbn0OCNZ9D+06fQ5Vo
n0NPgp9D6ZufQ2G1n0P7zp9DleifQy4CoEPIG6BDgjWgQ8BPoEOVaKBDLoKgQ+mboEOCtaBD
+86gQ5XooENPAqFDyBuhQ6M1oUP7TqFDlWihQ3CCoUPIm6FDgrWhQ/vOoUOV6KFDLgKiQ8gb
okNhNaJD+06iQ7VookNVg6JDyJuiQ4K1okMcz6JDleiiQy4Co0PIG6NDgjWjQ/tOo0OVaKND
T4KjQ8ibo0OCtaNDHM+jQ5Xoo0MuAqRDyBukQ2E1pEP7TqRDlWikQy6CpEPIm6RD5LWkQ/vO
pEOV6KRDLgKlQ+kbpUNhNaVD+06lQ5VopUMugqVDyJulQ2G1pUP7zqVDleilQy4CpkPpG6ZD
gjWmQ/tOpkP3aKZDT4KmQ+mbpkOCtaZDHM+mQ7XopkNPAqdD6RunQ4I1p0McT6dDtWinQ0+C
p0Ppm6dDgrWnQxzPp0O16KdDTwKoQwkcqEOCNahDHE+oQ7VoqEOQgqhD6ZuoQ4K1qEMcz6hD
teioQ08CqUPpG6lDgjWpQxxPqUO1aKlDT4KpQ+mbqUOCtalDwM+pQ7XoqUNPAqpDCRyqQ4I1
qkPgT6pDlWiqQ0+CqkPpm6pDgrWqQxzPqkO16KpDTwKrQ+kbq0OCNatDHE+rQ7Voq0MugqtD
6ZurQ2G1q0Mcz6tDteirQ/MCrEPpG6xDgjWsQxxPrEPWaKxDT4KsQ8ibrENhtaxDHM+sQ7Xo
rENPAq1DyButQ2E1rUMcT61DlWitQ0+CrUPpm61DR7atQ/vOrUO16K1DLgKuQ+kbrkNhNa5D
+06uQ7VorkNPgq5D6ZuuQ4K1rkP7zq5DteiuQy4Cr0PpG69DYTWvQxxPr0O1aK9DLoKvQ8ib
r0Nhta9D+86vQ5Xor0MuArBD6RuwQ2E1sEP7TrBDlWiwQy6CsEPpm7BDYbWwQxzPsEOV6LBD
LgKxQ8gbsUOCNbFD+06xQ5VosUMugrFDyJuxQ2G1sUMcz7FDleixQy4CskNsHLJDYTWyQ/tO
skO1aLJDLoKyQ8ibskNhtbJD+86yQ5XoskMuArND6RuzQ2E1s0P7TrNDlWizQy6Cs0Ppm7ND
YbWzQ/vOs0O16LNDcAK0Q+kbtENhNbRDwE+0Q7VotEMugrRD6Zu0Q4K1tEMcz7RDtei0Q08C
tUPpG7VDgjW1QxxPtUO1aLVDNIO1Q+mbtUOCtbVDHM+1Q7XotUNPArZD6Bu2Q4I1tkMcT7ZD
lWi2Q0+CtkPom7ZDgrW2QzzPtkO26LZDTwK3Q+gbt0OCNbdD+063Q7Zot0MugrdD6Ju3Qya2
t0Mcz7dDtui3Q08CuEPoG7hD5DW4Q/tOuEO2aLhDLoK4Q+ibuEOCtbhDHM+4Q7bouENPArlD
6Bu5Q4I1uUP7TrlDm2m5Q9iDuUPom7lDgrW5Q/vOuUO26LlDTwK6Q8gbukNiNbpD+066Q5Vo
ukNPgrpD6Ju6Q4K1ukMcz7pDlei6Qy4Cu0PoG7tDYjW7QxxPu0OVaLtDLoK7Q+ibu0OCtbtD
+867Q7bou0NwArxDSxy8Q4I1vEP7TrxDtmi8Q0+CvEPom7xDgrW8Q/vOvEOV6LxDLgK9Q8gb
vUNiNb1DHE+9Q7ZovUNPgr1DyJu9Q4K1vUP7zr1Dlei9Q08CvkPoG75D5DW+Q/tOvkOVaL5D
LoK+Q8ibvkOCtb5DHM++Q7bovkMuAr9DyBu/Q2I1v0McT79DlWi/Q/mDv0PIm79DYrW/QxzP
v0OV6L9DlwPAQ8gbwENiNcBDHE/AQ7ZowEMugsBDyJvAQ2K1wEMcz8BDlejAQy4CwUPIG8FD
gjXBQ/tOwUO2aMFDLoLBQ8ibwUNitcFDHM/BQ5XowUNwAsJDyBvCQ2I1wkP7TsJDtmjCQ0+C
wkPIm8JDYrXCQxzPwkOV6MJDTwLDQ+gbw0OCNcNDHE/DQ7Zow0NPgsND6JvDQ4K1w0Mcz8ND
OOnDQ08CxEPoG8RDgjXEQxxPxEO2aMRDT4LEQ+ibxEOCtcRDHM/EQ7boxENPAsVDyBvFQ4I1
xUMcT8VDtmjFQ0+CxUPom8VDgrXFQxzPxUO26MVDTwLGQ+gbxkOCNcZDHE/GQ5VoxkMugsZD
6JvGQ4K1xkMcz8ZDtujGQ08Cx0PoG8dDgjXHQxxPx0O2aMdDT4LHQ8ibx0OCtcdDHM/HQ7bo
x0NPAshD6BvIQ4I1yEMcT8hDlWjIQy6CyEPIm8hDYrXIQ/vOyEO26MhDTwLJQ+gbyUOCNclD
+07JQ7ZoyUNPgslDyJvJQ4K1yUP7zslDtujJQy4CykPoG8pDgjXKQxxPykOVaMpDLoLKQ+ib
ykOCtcpDkNLKQ5XoykMuAstD6BvLQ4I1y0P7TstDlWjLQy6Cy0PIm8tDgrXLQ/vOy0O26MtD
LgLMQ+gbzENiNcxD+07MQ5VozENPgsxD6JvMQ2K1zEP7zsxDtujMQ08CzUPIG81DYjXNQ/tO
zUOVaM1DLoLNQ8ibzUNitc1D+87NQ7bozUMuAs5D6BvOQ4I1zkP7Ts5DlWjOQy6CzkPom85D
grXOQxzPzkOV6M5DLgLPQ8gbz0NiNc9DXU/PQ5Voz0NPgs9D6JvPQ2K1z0P7zs9DlejPQy4C
0EPIG9BDYjXQQ/tO0EOVaNBDLoLQQ+ib0EOjtdBD+87QQ5Xo0ENPAtFD6BvRQ6M10UPgT9FD
tmjRQ0+C0UPom9FDBbbRQxzP0UO26NFD</AssayXData><AssayYData Points="600">knICvkIV/b0vhAS+G3IAvnFFA75GKgC+ZUT9veu79b1EywC+WZH4vTkUAL6ma/q9b5frvVwL
+r38OAG+1OXwvaBu772/8fm9qmPqvVKr971WHPS9L7TovXFo9b2arvS9P6jxvRgV771rrO29
jzvyvZV6+r3utfe9lmz1vSiG772KPuK9zIzuvZJG9r06EPe99WPtvWib7721PPa97HnqvUOb
8b1AP/C9z5jkvagv770i9ea9STjxvaD6772pGuu9vIb0vZM36b19Oue9H/LuvVBj4L2xOee9
M63uvT/L6b02hfK9zJ3qvQBb5r0zGeq9qebovTdj870pJvW9pTvjvbw65b2EHuW9mdfrvXIi
9b2sIPK942rdvQQp671bUeO9pq7fvbRD9L0jlum9ggTovX/v5r2txue94q/fvbfL5b3NIe29
9HvqvdZ25L3Rceq9Hp3fvYwj7b26pNy9M//gvWOi4L1+J+K9FbXhvVdS5r3h7uS9RBfnvcJP
4r1inOG9+FngvX7o3b1wgd+9O6ffvXgL572cGOe9nI/ovfh57L0vhuG9O+/fvXeB2r3usde9
+KXdvb3u6b1SuOK96ObmvRx/273uqeO9m7Pavapu4r0z6dm9ofTavT7y5r1iBue9aMLavQmt
5b1N/969187hvXqR3L2tNeC9kBrZvUoh4r2lbtm9CuPhvW/93r0/S+O9l1rdvcan6b3dZ+G9
Xirfva/70b2cDNi98qvdvb+Y4b043dm9peDhvY+j2r0omtq9Wb/qvUcx472Zfdm9C1bgvdAu
5b2LFOC9wsvZvaZ91b1iIty9LXTjvYrC3L096Nq9p+XdvU8I270ID+K9PDvdvVsV3b3Q8NG9
xh3fvXi51r1U5ty9mIXcvVKz2b3sdtq9HorfvTnM4721yd29dw7YveBq0r0P/Na9C0XZvV/e
3r085NW9FfTPvf8m371YYdW9AYfVvQ3j1b2Re9q9m0fRvZ0H4L3b19m9KVXWvbKu2r26MNy9
aRvavUAh273ki9u9DMvUvZPO3L1EidO9hu3ZvWfm1r13pdK9jYLdvasd2r2+3tW9xb/RvU57
3b25O9i9jmHdvZDr1L0wkM+9TIDXvV2s0L1NNd2963zYvV961r3pkdC9zg7cvUW41L0RDti9
2F/cvQg1171P5ty9IY7VvQ4j3L30qtG9aUrZveuczb3/c9G9hc7XvcIQ2r1q39O9qoTYvRUA
170fu9e9RI/PvdRk2b3bgta9fIHZvfOX3b2siNS9svbVvRyO0716Q8+9SyLTvSYK0b3SvNG9
cdDbvaOjx7015dC94f7Wveex3L3YQte9EunUvSTbzr2KTdS9XxXJvb2B0b1XyNC9tWPcvYD7
172Nodu9cPDevWiz070pM9m9UG7YvTTz0r1rKdm915vMvczU1r38QdG9FZPRvRaS171LutW9
HPLWveur0r29c969zbLVva6T3r0t4eG9+LbPvZ9G272d0dm9SC/YvTpuzr3ELtS9d3vbvcCj
0r1sXtS97xHJvWTl2b3Xhs+99kLRvQ+S0r36Vs29NifUvTN41L3wf9G9CIDZvfjz170Xn+O9
WJvVvSu6172QJsW92GvXvZfT1r0IVNG9co/UvVs70r0EOdG9rVfSvbMx1b1bO9m9PI3QvURK
071oCsu9bi7WvURY2r1Ck9K9MObQvVOfz71m4dO9W3bYvabe1r1bZ9m9wETRvY4U1r2Krdy9
ggXQvRSf073oOtC9CVXXvScE0r2bHtC9sT7UvWWD3r0JzdC9jWbYvQBF072kRtC92e7RvYfK
zb1rhti9LLffvUtSyb3GGNK9xVvbvRSH1r1yFsq9RCbNvS/50b1+JdS9gyrVvbAU0L2iVNK9
7VnWvfpg2b1d3s+9mHPRvT7Z071pXsy9tvbRvdNn0L1MW9u95XfQvWaI2r0u/dG9t7fJvat9
zL1Sod29UXvSvdqlz71Tn9G9horKvbDoxr0I8Nq9aF7Rvepu1L3TIs+9rPzVvVDN0r0YCtS9
BQvRvZE60b37Icy9m1HNvTcpzr2gS8u96Y3SvSVU1b1W9Na9UCnSvY3Azb2MTMy9X2vcvVK/
0L2zKdK9NfrOvYzL0r3GH9G9iyzUvaWr1r1cxtO9LfnWvaiT3L1TjMu9bNrUvVs82L1ehM+9
CCHNvXfszr3OjNm9QdvbvWvd0L2Ggta9eh/Qvbei0b01ANC9XeHQveID0r1lMti9qVbTvV6g
z70K0NG9cgnUvd9T1b39asu9gbrWve15zb2xftS9HzLTvT4E172+GNW9fk3WvcNr1L1AB8+9
W+zRvbrX1b0t1cu9zlXRvWqh0L1HEc+9k4PUvZn+zb0WLNa9CWfSvRHC3b2+F8u92IbSvZTg
1r0zD9C96tnUvXGO0727vNi9TTDMvU8T171/59K9MgjSvSHI0r3yn9K9vCfQvQngyr2i8dG9
uRnMvXCm0L2ctNa9uATSvRk60r1k7Mi96XjPvSkn0L0GfdO9rIbRva1Wz73znta9eRLbvS8c
1b0+GM+9SbTLvY4n2b3Mp9K9D5bMvcSuzr3/6NC9gejQvbhI172Pb8q92pfNvSEP070CZ9C9
LBnOvfRvzb0xfc29UzrSvbyTzL28lcm9YNvJvYPZyb1ZpdO92qLHvUWjz727GdS9IMHUvQR/
y71MmM+9mSrOvUPE073z5M+9NBnIvRjY1r1oXNG9jczQvTGzzL0mRs29fZ7EvVhH2r1pVs29
rjTNvQyuzL1CXsm9GmbKvQam2L3cocm9TizHvcju0r2OHtW9jzrNvWQ4z71XN9O9IgnPvSqT
z7387dK9uI/LvWYQ0r3CDNO9fuDPvSFfzr18eNS9Z6rVvQNM1L3FYs69yjjPvQvj0r0u2dG9
8hbSvclszb0vOcq9jovMvVQEz71Mg8u9SzjLvZdc173k08y9GojMvTNdyb1u6NG9HonNvYDB
zb2wDsy9DAbSvYV1yb1ldNS9t6vRvYBp0L1h+8u9BCHNvevxyr3wHs29fNrIvRLryL0YHtK9
fsDOvYcky71CBM29AmjJvS1z0r01o8q9qnPLvekb070G+8294rHUvVs4073Yr9W9AcDQvbkN
zL0329m9Dw7PvYqR2b3PJNi9K0rRvWuI0b2K4Mq9vrjTvWL00713xNK9kz3Jvc2a0L02x9K9
MDTJvSWozb0NENK9sqHHvdR71r2EG9S9</AssayYData></Step><Step><CommonData><SampleLocation>8</SampleLocation><SampleID></SampleID><SampleGroup></SampleGroup><SampleInfo></SampleInfo><SampleRow>D</SampleRow><SamplePlate>1</SamplePlate><WellType>KLOAD</WellType><Concentration>-1</Concentration><ConcentrationUnits>µg/ml</ConcentrationUnits><MolarConcentration>-1</MolarConcentration><MolarConcUnits>nM</MolarConcUnits><MolecularWeight>-1</MolecularWeight><Temperature>30</Temperature><StartTime>1252077</StartTime><AssayTime>20</AssayTime></CommonData><FlowRate>1000</FlowRate><StepType>LOADING</StepType><StepName>Loading</StepName><StepStatus>OK</StepStatus><ActualTime>20</ActualTime><CycleTime>0.2</CycleTime><AssayXData Points="100">UALSQ8kb0kODNdJDHU/SQ5Zo0kM1g9JD6pvSQ4O10kP8ztJDlujSQ1AC00PqG9NDpDXTQx1P
00O2aNNDUILTQ+qb00ODtdNDHc/TQ7bo00NQAtRD6hvUQ4M11EMIUdRDtmjUQ1CC1EPqm9RD
g7XUQx3P1EO26NRDUALVQ+ob1UODNdVDHU/VQ7Zo1UNQgtVD6pvVQ4O11UP8ztVDtujVQ1AC
1kPqG9ZDgzXWQx1P1kOWaNZDUILWQ+qb1kODtdZDHc/WQznp1kNQAtdD6hvXQ4M110M+T9dD
tmjXQ1CC10Pqm9dDg7XXQx3P10OW6NdDUALYQ8kb2EODNdhDHU/YQ7Zo2ENQgthDyZvYQ2K1
2EP8zthDtujYQ1AC2UPJG9lDgzXZQ/xO2UPXaNlD04LZQ+qb2UODtdlD/M7ZQ5bo2UNQAtpD
6hvaQ2I12kP8TtpDtmjaQy+C2kPqm9pDYrXaQ8HP2kOW6NpDLwLbQ8kb20NiNdtDHU/bQ5Zo
20MvgttD6pvbQ2K120Mdz9tDtujbQw==</AssayXData><AssayYData Points="100">w0javWc10L0tTsa9iR7JvYvZxr1C98e9NfC4vZnwur0hpLW9pj+4veESr70T3qq9ZYevvVby
ob05EKG98/KcvUjhob1P4Zm9HXibvb2jl70GBIm99RmNvVZBkL3HZ4a9mSSDvZSKjL0T93u9
bLR9vaoVdL0Sj3e9HplsvXuRXr3CzWC99A9vvYiAWL0pKEK9HOFMvWAsRL03Kz69p9lCvYPL
Pr1wkkK9DfotvcdZRb3AeS69DrgiveGdIr0HmRG9J8D6vP5LEb1CLQy9KHb8vGrE9bzbEt28
4Y/4vE796Lx9Z+m87FenvKfJvrwWF7+8BDfAvA8EmrxVK6W85lSkvEpLcLyFJoa88HVdvEcC
H7wAzjG8AqhWvNNVF7w802a8egUWvKx0oLv2LxK89bnOuxtSgrsc7ve5fvyUONghWzp/2YA7
6CU2O4w6STrrVVE7ilcoPO059TuWTTg8zaurO+GJkzt1qjU8GjrKO2OheDxQW2c8OGSNPIie
iTw6i4Y8khKoPEgrjjzudpo8CuuYPA==</AssayYData></Step><Step><CommonData><SampleLocation>9</SampleLocation><SampleID></SampleID><SampleGroup></SampleGroup><SampleInfo></SampleInfo><SampleRow>D</SampleRow><SamplePlate>1</SamplePlate><WellType>BUFFER</WellType><Concentration>-1</Concentration><ConcentrationUnits>µg/ml</ConcentrationUnits><MolarConcentration>-1</MolarConcentration><MolarConcUnits>nM</MolarConcUnits><MolecularWeight>-1</MolecularWeight><Temperature>30</Temperature><StartTime>1281686</StartTime><AssayTime>60</AssayTime></CommonData><FlowRate>1000</FlowRate><StepType>BASELINE</StepType><StepName>Baseline 60</StepName><StepStatus>OK</StepStatus><ActualTime>60</ActualTime><CycleTime>0.2</CycleTime><AssayXData Points="300">UALcQ8kb3ENiNdxDHU/cQ7Zo3EMvgtxD6pvcQ4O13EMdz9xDlujcQ1AC3UPJG91DiTbdQx1P
3UOWaN1DUILdQ8mb3UNitd1D/M7dQ5bo3UNQAt5D6hveQ2I13kP8Tt5DlmjeQy+C3kPJm95D
YrXeQ/zO3kOW6N5DLwLfQ8kb30NiNd9D/E7fQ7Zo30Mvgt9DyZvfQ4O130P8zt9DlujfQ1AC
4EPqG+BDgzXgQx1P4EOWaOBDUILgQ+qb4EODteBD/M7gQ7bo4EMvAuFDyRvhQ2I14UP8TuFD
tmjhQy+C4UPJm+FDYrXhQ/zO4UOW6OFDLwLiQ8kb4kNiNeJD/E7iQ/ho4kMvguJDyZviQ4O1
4kMdz+JDtujiQ1AC40PqG+NDgzXjQx1P40O2aONDUILjQ+qb40ODteNDHc/jQ7bo40NQAuRD
6hvkQ4M15EP8TuRDtmjkQ1CC5EPqm+RDg7XkQx3P5EO26ORDUALlQ+ob5UODNeVDHU/lQ5Zo
5UNQguVDyZvlQ4O15UMdz+VDtujlQ1AC5kPqG+ZDgzXmQx1P5kO2aOZDUILmQ+qb5kNiteZD
/M7mQ7bo5kNQAudD6hvnQ2I150MdT+dDtmjnQ1CC50Pqm+dDg7XnQx3P50OW6OdDUALoQ+ob
6EODNehDHU/oQ7Zo6ENQguhD6pvoQ4O16EP8zuhDtujoQy8C6UPqG+lDYjXpQx1P6UO2aOlD
UILpQ+qb6UNitelDHc/pQ5bo6UNQAupDyRvqQ4M16kMdT+pDtmjqQy+C6kPJm+pDg7XqQ/zO
6kO26OpDLwLrQ+ob60ODNetD/E7rQ5Zo60MvgutD6pvrQ2K160Mdz+tDlujrQ1AC7EPqG+xD
YjXsQ/xO7EOWaOxDL4LsQ8mb7ENitexD/M7sQ7bo7EM1A+1DyRvtQ2I17UP8Tu1DtmjtQy+C
7UPqm+1DYrXtQ/zO7UOW6O1DLwLuQ8kb7kNiNe5D/E7uQ5Zo7kNQgu5DyZvuQ2K17kP8zu5D
lujuQ1AC70PJG+9DgzXvQ/xO70OWaO9DUILvQ8mb70ODte9D/M7vQ5bo70MvAvBDyRvwQ4M1
8EMdT/BDtmjwQy+C8EPqm/BDg7XwQ/zO8EO26PBDUALxQ+ob8UODNfFDHU/xQ7Zo8UNQgvFD
6pvxQ4O18UMdz/FDtujxQ1AC8kPqG/JDgzXyQx1P8kO2aPJDUILyQ+qb8kODtfJDHc/yQ7bo
8kNQAvND6hvzQ4M180MdT/NDtmjzQ1CC80Pqm/NDg7XzQx3P80O26PNDUAL0Q+ob9EODNfRD
HU/0Q7Zo9EMvgvRDyZv0Q2K19EP8zvRDtuj0Q1AC9UPqG/VDgzX1Qx1P9UO2aPVDUIL1Q+qb
9UODtfVD/M71Q5bo9UNQAvZDEB32Q4M19kMdT/ZDtmj2Qy+C9kPqm/ZDYrX2Qx3P9kO26PZD
LwL3Q8kb90NiNfdD/E73Q7Zo90NQgvdDyZv3Q2K190P8zvdDtuj3Qy8C+EPJG/hDYjX4Qx1P
+EOWaPhDL4L4Q+qb+ENitfhDHc/4Q7bo+EMvAvlDyRv5Q4M1+UMdT/lD+Gj5Q1CC+UPJm/lD
g7X5Qx3P+UO26PlD</AssayXData><AssayYData Points="300">r6yrPv/hrj5GurM+ygazPjBPtD5cp7U+zD+1PsrTsj6gVrU+hnWzPvIQtT7PmrI+c5WzPr4k
tj5SWbM+iU60Pljfsj4G4rQ+O66zPrrqsD5zW7Q+SPGyPu+QsT4vDrM+aaCzPpAVsT45SLQ+
Dr+zPhX8tD6cjLQ+qc2yPnQjtT6UhLM+qqyzPt6Hsz4P3LM+EgK0PmWctD4fZrQ+jFe0PiK0
sz6VPLI+zhO0PncNtD72tbM+KEe0Pg+Ftj6IU7Q+w4a1PlOjsj6JurI+Od6xPlartT6iJLM+
sky0PtSHtT4GaLU+Slq0PpzItD6sbLQ+0cizPsOCtj7PRrU+MiuzPuh+tj7UwbQ+TC2zPo+D
tD4ejrY+8h21PvxctT4mkbU+BLm2PkPptD7n37Q+QqO0PtWutj7DRrc+VpW1Ps3ptj4xkbM+
pl62PqWVtj4kwrM+UTq2PuVGtD6FEbY++iK2Psh3tT58gLY+94G1Ph1ItT60LrQ+RCK0PvuY
tD5oYbc+O/+zPp92tD6dB7Q+IXG2PhSCtD472bY+fsy1PpEgtD4uDrY+BV+yPqQTtD6gUbc+
0dqzPgqcsz5VX7Q+nMO0PiFFsT7yY7I+FAeyPu2zsz5d/7M+VlCzPrmfsz6MMrQ+5A2zPulQ
tT7UHbM+eoC3Ps9ysz40jrM+FQS1Pp7ksz4cWbI+eD60PoultD7tS7I+vjSyPnIztD4Tk7M+
kO61Plj1sz7IWLQ+sCq1PlE1sz7M9bM+Y0SyPhk0sz5Zh7M+in+0Pn/YsT4PYbM+mtS2PocL
sj42RrM+2LeyPgp6tT5o/7I+en6yPveosj70UbI+ReeyPn1LtD5IjbE+S/GyPj8ptD4VpbE+
qWiwPkiHsz4k87I+R0G0PlNYtD6G/7A+YjKzPvN0sj6gDrI+X4CyPi6lsj7evbE+YwyyPtJ0
sz65ArM+RLGxPsNDsj59GrQ+a7KwPh5bsD7FIbA+/IezPqY1sD6KAbM+9/KvPhBbsT5myrE+
lCuyPlxTrj4PFrE+N12wPgEMsT4z7rM+UGSzPnjetD5LBbE+6J2yPmEFsj5AzLI+1aOyPoIV
sj5scrE+7j+xPqtAsj6lxbA+ApeyPjCzsT6Mu7E+q/KzPpM/sj5xnLA+iNmxPtygsz5+SbM+
j0+xPh9Vsz5VeK8+G3iwPqr6sT6h6rI+wt2xPrqgrz76qbE+AaSwPmP3rz4Jm68+tsivPq9/
sj559bA+la2yPnazrz6A57I+X+qvPs9srz6gFLI+OiexPoSqsT76yLI+0ZWxPv0mrz7qHLE+
SjaxPs87rz5pD7A+YmuvPovYsT7FIrE+YlivPuparj5P/q0+hT2uPgcGrz4Y7LA+kiivPsiC
rj50z60+TfuuPgkUrz6w5q4+aw+uPqQnsD7lubA+Tw+wPnQpsj5u96s+TyGuPoFjrT5l5K8+
aOCvPgXCrz4AObA+jvWuPgg7rj7/Iq0+nm6vPrGAsD7Kpq4+/AavPhtmrj7xiK4+26ytPpvO
rj5/7q4+u6+vPhNNrz6eTK4++GmwPrrPrD45v64+auGuPnmGsD70NK8+t/auPhK3rT5iy68+
WNKtPpuurj6G6K8+</AssayYData></Step><Step><CommonData><SampleLocation>10</SampleLocation><SampleID></SampleID><SampleGroup></SampleGroup><SampleInfo></SampleInfo><SampleRow>D</SampleRow><SamplePlate>1</SamplePlate><WellType>BUFFER</WellType><Concentration>-1</Concentration><ConcentrationUnits>µg/ml</ConcentrationUnits><MolarConcentration>-1</MolarConcentration><MolarConcUnits>nM</MolarConcUnits><MolecularWeight>-1</MolecularWeight><Temperature>30</Temperature><StartTime>1352075</StartTime><AssayTime>20</AssayTime></CommonData><FlowRate>1000</FlowRate><StepType>BASELINE</StepType><StepName>Baseline 20</StepName><StepStatus>OK</StepStatus><ActualTime>20</ActualTime><CycleTime>0.2</CycleTime><AssayXData Points="100">UAL6Q8kb+kODNfpD/E76Q5Zo+kNQgvpDyZv6Q2K1+kP8zvpDluj6Qy8C+0PJG/tDgzX7Q/xO
+0O2aPtDL4L7Qyuc+0NitftDHc/7Q5bo+0MvAvxDyRv8Q4M1/EMdT/xDtmj8Qy+C/EPJm/xD
YrX8Q/zO/EOW6PxDUAL9Q+ob/UODNf1DHU/9Q3tp/UMvgv1D6pv9Q2K1/UM+z/1Dluj9Q1AC
/kPJG/5DYjX+Q/xO/kOWaP5DL4L+Q8mb/kNitf5D/M7+Q5bo/kNQAv9D6hv/Q2I1/0MdT/9D
tmj/Qy+C/0Pqm/9Dg7X/Qx3P/0O26P9DLgIAROQNAETCGgBEjicARFs0AEQoQQBEFk4ARMJa
AESOZwBEW3QARCiBAET1jQBEwpoARPGnAERbtABEKMEARPXNAETC2gBEjucARFv0AEQoAQFE
9Q0BRMIaAUSOJwFEWzQBRChBAURXTgFEwloBRI5nAURbdAFEOIEBRPWNAUSxmgFEjqcBRFu0
AUQowQFE9c0BRMLaAUSO5wFEW/QBRA==</AssayXData><AssayYData Points="100">PEQEPpUWkT3cSSQ9yPLXPE8VwDzHSpM8IRG9PIrw0TxKW7g8Jaa6PMvJvTyIjdc8YRXBPP5l
rTyAENU8cg3VPEHJujwPmdU8pXbgPKduBj31auI8cEfyPCHU7TwawPk8obUGPZOEBz0RcA49
bPHvPBAC8zykhv48CQTkPJrVDD0XzRA9+2AcPYJ2Dj19DSk9boILPVUdCj3NajA9wwkNPZCL
Cj01aRg9t30FPWOGEj0WfyU9Ex0PPfCvGz22wBw968QnPdPRKT0e4hs9VkUePeZ2Dj0jvRw9
WsgnPReiGD3DSR89yqgWPeM+Hz0usyE9n6MxPZRBLT11PRg9QX0tPQ7eCz2SjSA9NLQmPSb2
KT0tSCI99dUmPQrmJD3p9gk9DJ8wPYptLT0F4BI9g2saPVYAOT3c5xQ9SHAxPQLCIz0tAio9
v2cPPUsyED1n5Sc9KEcYPXrsID1/ISw9bsUwPWZNJT0VfiQ9qTMjPRtwKT2yOC89pEkgPRuj
Iz36xks9e3QlPW7KIj1zgRo98z4sPQ==</AssayYData></Step><Step><CommonData><SampleLocation>11</SampleLocation><SampleID></SampleID><SampleGroup></SampleGroup><SampleInfo></SampleInfo><SampleRow>D</SampleRow><SamplePlate>1</SamplePlate><WellType>KSAMPLE</WellType><Concentration>-1</Concentration><ConcentrationUnits>µg/ml</ConcentrationUnits><MolarConcentration>-1</MolarConcentration><MolarConcUnits>nM</MolarConcUnits><MolecularWeight>-1</MolecularWeight><Temperature>30</Temperature><StartTime>1382735</StartTime><AssayTime>120</AssayTime></CommonData><FlowRate>1000</FlowRate><StepType>ASSOC</StepType><StepName>Association</StepName><StepStatus>OK</StepStatus><ActualTime>119.999</ActualTime><CycleTime>0.2</CycleTime><AssayXData Points="600">KAECROQNAkSxGgJEficCRFs0AkQYQQJE9U0CRMJaAkTAZwJEW3QCRCiBAkTkjQJEwpoCRH6n
AkRbtAJEKMECRPXNAkTC2gJEjucCREv0AkR6AQNE5A0DRMIaA0SOJwNEWzQDRBhBA0TkTQNE
wloDRH5nA0RLdANEGIEDROSNA0SxmgNEfqcDREu0A0QYwQNE5M0DRMLaA0R+5wNES/QDRBgB
BETkDQREwhoERH4nBERLNAREGEEERORNBETCWgREjmcERFt0BEQYgQREV44ERLGaBESOpwRE
W7QERBjBBETkzQREwtoERI7nBERb9AREKAEFRPUNBUTCGgVEjicFRK00BUQoQQVE9U0FRMJa
BURjaAVEW3QFRCiBBUT1jQVEwpoFRI6nBURbtAVEKMEFRPXNBUTC2gVEjucFRFv0BUSKAQZE
9Q0GRMIaBkSOJwZEWzQGRChBBkS5TgZEwloGRH5nBkRbdAZEKIEGROSNBkTCmgZEjqcGREu0
BkQowQZE9c0GRMLaBkSO5wZEW/QGRCgBB0T1DQdEwhoHRPEnB0RbNAdEGEEHRORNB0SxWgdE
jmcHRFt0B0QYgQdE9Y0HRMKaB0R+pwdEW7QHRCjBB0TkzQdEsdoHRH7nB0Rb9AdEKAEIROQN
CETCGghEjicIRFs0CEQYQQhE9U0IRMJaCER+ZwhES3QIRCiBCET1jQhEsZoIRH6nCERbtAhE
GMEIRPXNCERl2whEjucIREv0CEQYAQlE9Q0JRBQbCUR+JwlEWzQJRChBCUT1TQlEwloJRI5n
CURbdAlEKIEJRPWNCUSxmglEfqcJREu0CUQYwQlE9c0JRMLaCUR+5wlES/QJRBgBCkTkDQpE
sRoKRH4nCkRLNApEGEEKRPVNCkSxWgpEfmcKRFt0CkQYgQpE5I0KRMKaCkR+pwpEbLQKRCjB
CkT1zQpEwtoKRH7nCkRb9ApEGAELRDYOC0TCGgtEjicLRFs0C0QoQQtENk4LRLFaC0R+ZwtE
S3QLRBiBC0TkjQtEsZoLRH6nC0RstAtEGMELRPXNC0TC2gtEfucLRFv0C0QoAQxE9Q0MRMIa
DESOJwxEWzQMRChBDET1TQxEt1sMRI5nDERbdAxEKIEMRPWNDETCmgxEjqcMRFu0DEQowQxE
9c0MRLHaDESO5wxEW/QMRHoBDUT1DQ1EwhoNRI4nDURbNA1EPkINRPVNDUTCWg1EjmcNRFt0
DUQogQ1E9Y0NRMKaDUSOpw1EW7QNRBjBDUT1zQ1EwtoNRH7nDURb9A1EKAEORPUNDkTCGg5E
jicOREs0DkQoQQ5E9U0ORMJaDkR+Zw5EW3QORLuBDkT1jQ5EsZoORI6nDkRLtA5EKMEOROTN
DkTC2g5EjucOREv0DkQoAQ9E9Q0PRLEaD0SOJw9EWzQPRBhBD0T1TQ9EsVoPRH5nD0RLdA9E
KIEPROSND0Sxmg9EfqcPRFu0D0QowQ9E9c0PRLHaD0SO5w9EW/QPRBgBEETkDRBEsRoQRH4n
EERbNBBEekEQRPVNEESxWhBEfmcQREt0EEQYgRBE5I0QRLGaEER0qBBES7QQRBjBEETkzRBE
wtoQRI7nEERL9BBEGAERROQNEUTCGhFEficRREs0EUQYQRFEBU4RRPNaEUR+ZxFES3QRRCiB
EUQmjhFEsZoRRH6nEURbtBFEGMERROTNEUSx2hFEfucRRFv0EUQYARJE5A0SRLEaEkR+JxJE
SzQSRBhBEkTkTRJEsVoSRH5nEkRLdBJEGIESROSNEkSxmhJEfqcSREu0EkQowRJE5M0SRPPa
EkSO5xJEW/QSRCgBE0T1DRNE8xoTRI4nE0RbNBNEKEETRPVNE0TCWhNEjmcTRFt0E0QogRNE
9Y0TRMKaE0SOpxNEW7QTRCjBE0T1zRNEwtoTRH7nE0R89BNEKAEURPUNFETCGhREjicURFs0
FEQoQRRE9U0URMJaFESOZxREW3QURCiBFET1jRREwpoURI6nFERbtBREKMEUROTNFETC2hRE
jucURFv0FEQoARVE6g4VRMIaFUSOJxVEWzQVRChBFUT1TRVEsVoVRI5nFURsdBVEKIEVRPWN
FUTCmhVEjqcVREu0FUQowRVE9c0VRMLaFUSO5xVES/QVRCgBFkTkDRZEwhoWRI4nFkRLNBZE
KEEWRPVNFkSxWhZEfmcWRFt0FkQogRZE9Y0WRLGaFkR+pxZES7QWRGrBFkT1zRZEwtoWRI7n
FkRb9BZEKAEXROQNF0SxGhdEjicXREs0F0QoQRdE9U0XRLFaF0R+ZxdES3QXRBiBF0TkjRdE
wpoXRH6nF0RbtBdEGMEXROTNF0Q02xdEjucXREv0F0QYARhE5A0YRMIaGER+JxhESzQYRChB
GETkTRhEwloYRH5nGERbdBhEGIEYROSNGESxmhhEfqcYREu0GEQowRhE5M0YRLHaGESO5xhE
W/QYRCgBGUT1DRlEsRoZRH4nGURLNBlEGEEZRORNGUSxWhlEfmcZREt0GUQYgRlE5I0ZRNKa
GUSOpxlEW7QZRBjBGUTkzRlEwtoZRH7nGURb9BlEGAEaROQNGkTCGhpEjicaRFs0GkQoQRpE
9U0aRMJaGkSOZxpEnXQaRCiBGkT1jRpEwpoaROCnGkRLtBpEKMEaRPXNGkTC2hpEn+caRFv0
GkQoARtE9Q0bRLEaG0SOJxtEWzQbRChBG0T1TRtEwlobRH5nG0RbdBtEGIEbROSNG0TCmhtE
fqcbRFu0G0QYwRtE9c0bRMLaG0SO5xtES/QbRCgBHET1DRxEwhocRI4nHERLNBxEKEEcRPVN
HETCWhxE0GccREt0HEQogRxE9Y0cRMKaHER+pxxEW7QcRBjBHET1zRxEwtocRH7nHERb9BxE
GAEdRPUNHUSxGh1EjicdREs0HUQYQR1E9U0dRMJaHUR+Zx1EvnQdRJuBHUTkjR1EwpodRH6n
HUR8tB1EGMEdRPXNHUTC2h1EfucdREv0HUQoAR5E5A0eRMIaHkR+Jx5ESzQeRBhBHkT1TR5E
wloeRI5nHkRLdB5EKIEeROSNHkTCmh5EfqceRFu0HkRJwR5E5M0eRLHaHkSO5x5ES/QeRBgB
H0TkDR9EsRofRI4nH0RbNB9EGEEfRORNH0SxWh9EfmcfRM50H0QYgR9E5I0fRLGaH0Svpx9E
S7QfRBjBH0T1zR9EsdofRH7nH0RL9B9E</AssayXData><AssayYData Points="600">HQFoPpZGij62VZM+vaWXPu1hmT6GO58+ZrWcPgD8oD4Rf6A+BnaiPi/Jnz6Q0qA+LCGhPsGb
pD7M76A+YeuhPsmgoD5upaM+U6SiPnAspD4Xi6I+nuujPq1noz6ZM6I+ES2mPugVpj6XAKg+
A0mnPtrupj5mGac+/kioPilOqD75DKg+CmSoPrp/qT7E7qk+1XGqPjLZqz4O5qs+IsOsPj6X
qz72Sqs+EUarPh01rT65eq0+hPKtPjjsrD6ZV7I+jmGwPmMxrz57D68+RRexPh6HsD6yJq4+
tyiyPhFxsj7NM7E+7SuzPogdsz6RXrM+I6yxPlAysT5OI7I+0Ba0Pnj+sz5vyLM+sqCzPr9R
tT6cM7Y+WJO4PvagtT4apLM+GFG4Pmrmtz5CYbg+hs25PtmcuT7aULc+xbe3PtXltz7MK7g+
gqW5Pj64tT6cgrg++7+5Pl9kuj4FALw+lsS9PjWKvD4Qurw+qpe7Pub1vD5cWL0+iZy9Pjjy
vD4ch70+rQy8Pk6RvT5yuro+3ya9PlEhvj7vob0+8bK/PkeMvj4iZMA+uWa+Pp9svj6N7sE+
Hlq/PtkdwD4JksA+M/TBPjvqwD41mcM+4aLCPkzbwD6rgMI+jV+/Po3pwT5CRsI+0njBPuB9
wT7lYsE+YMrDPv6vxD634cI+LZ3DPqpdxD6AUsM+CZrEPiFDxD7pjcQ+mMrFPmjZxD6x5sQ+
x1jEPn6fxT4jt8Y+qyTIPlRaxz61a8k+t7zEPi7MyD7UFcg+OSHIPvuvxj4CuMY+jqnEPr9b
yT4ptck+cLvIPpexyD4Pxsg+xXXKPnrwyD5zTMk+ajzJPhWFyD7UH8w+T5HIPktUyT4NHMk+
NrPJPn2hyT4ZUcs+lsvJPqAjyz63Wsk+LsfMPhEizD4aFss+XfDMPnrUyT50+Mk+5UzLPlZu
zD6WNc8+lO3MPnC7yj5ZNMs+gAvQPmbBzD6aWcw+0VPLPjVCzz5NZs4+LmDOPpUbzD6cIM4+
hq3OPvcEzD7Uq84+I/vNPuMv0T76Hc8+8w3PPnYx0D6dIc4+GhLSPpOZ0T4tDNA+xnnRPtQA
0T5QddE+IwjPPjhd0T6uEs8+vnjQPgHD0T5d1NA+shrRPgHQ0T6fxM8+vpXTPqdy0D4s9M8+
31HSPrJ00z55bNA+4q7TPsdW0j6madI+ILXTPg+szz5YitM+l1vTPnle0j6hltI+RJHUPkIF
1T4CedM+ZMnTPt3v0z6mgtU+a2DVPohczz4yi9Q+25/VPsDl0z75L9Q+GcPTPudF0T6iudU+
NmTTPh451j4Q7dI+pR/TPqb51T6E1tU+w9nSPo931j4AUtQ+AjHWPqa31j67j9U+KSbXPslx
1z4oONY+gA7XPsro2D4+/Nc+xBzYPv5F1T5EedU+pEbWPp8y2D5OW9Y+bAfYPr9E2j45ddk+
tOHWPoTZ1j426NY+RhPZPs1t2D5v7dU+p9/XPpex1z5U4Ng+l8XYPods2T7diNg+o1DZPhKT
2D709dg+0KbYPoOh2D5petc+7ojYPuYF2z62Ads+++LbPvCP1z6KVdk+qvHaPtEJ2j6QY9k+
Hl7aPqF92z6KCNk+1jzaPrC12j7CUds+isfZPrqs2j6nKds+J+rdPrjL2T40MNs+nmLbPmJu
2z4ysts+1EraPnoN2z5koNs+tefaPvMh3T6dZNk+oHPePiAW3j4QCds+N+XdPip43T5D990+
Nl3aPqww2z5z1tw+l1HcPnDA2j7gV98+NCvePkm02z4uQd8+DSbcPiTn3T7rzts+CzHePhSa
3D7a6ds+Y0TePikE3j79NN4+6AbcPtJp3D4gStw+NnbdPl8W3T7Qutw+3PnfPhcG2z6kOd4+
gWjdPnDh4T4TGN0+o3rePvJr3z60N94+czndPmSe3T6MOt8+LG7fPhGh3j4s0dw+oLncPrMJ
3T7rSeA+Yc7cPpfB3T79LN8+5MDfPo3J3z7ua98+nrvfPuGy3j6Nyd8+cPXbPmrR3j5ow94+
pifdPvXb3j6zpd4+JT3fPjnG4D5mc+E+Na7gPqdF3z40598+YO3fPnu23j7ANuE+EmjiPurv
3z5zDt8+vdDePtfM3T7u4N8+AinfPhhG4D6pS+E+VZ/gPm+s3z7TGOA+1VnhPoTr3z53LuE+
bYvfPkBj4T5FmN4+hIXhPpMQ4T4eguA+39vhPr134D7sUOE+yhLgPlzi4D7VCOI+akngPiIP
4T4Px+A+F2XhPgEU4j6+wuA+bR3iPnoq4z5b5eE+IxriPr1g4z5C/eI+W7fhPtbr4j6aNeI+
8tvgPk7S4T7vp+A+x2XjPu4F4T6dd98+RTHjPpCv4z4riOI+fe3hPpR74z4bGeM+jObhPqk3
5D67HeI++ZzhPrz54T4Ba+I+pwTkPntD5D7Y5eE+P7rkPgti5D7yjOE+Gl3kPtZW5T7X3eM+
4DHiPsHW4D5aLeU+xMPkPj3R4T7TdeM+3YThPpdA4T6k4eM+lZvkPiT34z7C+eM+mWjmPmIs
4j5X7eQ+HXjlPhuh4z6jYeU+ML3jPtrv5D712uU+2frgPqtV5D5CF+M+KnfiPoYG5T45duY+
dZfjPust5j4s5OM+EVflPvYp4z5vnuQ+qYriPv9v5j6yCuM+Ew3hPiu24z7JIuU+dZbkPpjf
5T6FUOc+x3HjPq4+5z6tluQ+63bmPl0c5z5S9eU+WOnmPmAO5j4+KOU+8J/kPph55j6Wu+Y+
8sDmPmtm4z4SN+g+X+3kPndK5T68ceQ+0BnlPv8f6D461eY+4XrlPt6K5j4b+eg+oSjoPtRk
6D4GMeU+jTHoPkdu5j5SvOU+iYHmPokx6D78Neg+9j/oPl1/6z5H/eU+TNTnPtH55D7uFec+
IEPmPr+d5T7b0ug+hiXmPpkC5T6sbOc+OIHmPpEr6D7ZPuc+XSrmPt3o6D7LXOc+I7vnPvwx
6T7PLus+OBLqPmWI5z7ftuY++uboPsKt5z4FRuo+rrPmPtMg7D5gOeY+nrTnPqgR6D59Uuk+
yA/oPtFX5z6/Xes+SWXoPg+G6T5Kc+c+ObHrPmc26T4+sOc+qbDpPhsX7D4Fiek+87PnPnG8
5z6kFOg+16noPil+6T4Aees+h7LnPj9k6j4iDOo+txbpPm/75z6KY+k+ZQbpPrwY6j4wN+k+
J0bqPncg6j4cwOk+NADqPiCN6z4U4ug+</AssayYData></Step></KineticsData></ExperimentResults>
