<?xml version="1.0" encoding="UTF-8" standalone="yes"?>
<ExperimentResults><ExperimentInfo Name="20250917 PE P5216 - 5377 plate 2 kappa 50 ugl"><ExpDescription>AHC example method - full characterization&#13;
Analyte titration series with reference channel</ExpDescription><RTDVersion>2.0</RTDVersion><RunID>D3453E7F-D910-462D-B051-2D13E2863725</RunID><ExperimentType>KINETICS</ExperimentType><ExperimentSubType>KBASIC</ExperimentSubType><StartDateTime>2025-09-17T15:40:23</StartDateTime><MachineName>BN7KX12</MachineName><UserName>octet</UserName><LotNumber></LotNumber><PlateName>250917</PlateName><PlateName2></PlateName2><SensorName>E2</SensorName><SensorPlate>1</SensorPlate><SensorType>AHC (Anti-hIgG Fc Capture)</SensorType><SensorRole>LIGAND</SensorRole><SensorInfo></SensorInfo><WritingSW>DataAcquisition.exe 11.0.2.1</WritingSW><InstrumentType>OctetRED96</InstrumentType><InstrumentSerial>FB-50284</InstrumentSerial><InstrumentFW></InstrumentFW><IntegrationTime>3.1</IntegrationTime><DSPType>CPF</DSPType><DSPStitching>1</DSPStitching><HasManifest>1</HasManifest><InfoHash>884671051</InfoHash></ExperimentInfo><AssayParamsInfo/><KineticsData><Step><CommonData><SampleLocation>1</SampleLocation><SampleID>Running Buffer</SampleID><SampleGroup></SampleGroup><SampleInfo></SampleInfo><SampleRow>E</SampleRow><SamplePlate>1</SamplePlate><WellType>BUFFER</WellType><Concentration>-1</Concentration><ConcentrationUnits>µg/ml</ConcentrationUnits><MolarConcentration>-1</MolarConcentration><MolarConcUnits>nM</MolarConcUnits><MolecularWeight>-1</MolecularWeight><Temperature>30</Temperature><StartTime>612978</StartTime><AssayTime>180</AssayTime></CommonData><FlowRate>1000</FlowRate><StepType>BASELINE</StepType><StepName>Baseline 1</StepName><StepStatus>OK</StepStatus><ActualTime>179.998</ActualTime><CycleTime>0.2</CycleTime><AssayXData Points="900">bxKDOqjGSz66Scw+EFgZP83MTD8AAIA/cT2aP28Ssz8IrMw/okXmP2IQAEBqvAxAmpkZQARW
JkAzMzNAAABAQM3MTECamVlABFZmQNEic0AAAIBAZmaGQJzEjEAzM5NAaJGZQM/3n0C0yKZA
nMSsQDMzs0BokblAYhDAQDVexkDNzMxAMzPTQGiR2UDP999ANV7mQJzE7EACK/NAaJH5QM/3
/0AzMwNBTmIGQYGVCUG0yAxBkxgQQRsvE0FOYhZBgZUZQbTIHEHn+x9BMzMjQWZmJkGBlSlB
zcwsQef7L0EbLzNBTmI2QYGVOUHNzDxB5/s/QRsvQ0EIrEZBmplJQbTITEEAAFBBGy9TQeF6
VkGamVlBzcxcQQAAYEEzM2NBZmZmQZqZaUHNzGxBAABwQTMzc0FmZnZBmpl5Qc3MfEEAAIBB
mpmBQTMzg0HNzIRBZmaGQQAAiEGamYlBMzOLQc3MjEFmZo5BAACQQY2XkUEzM5NBzcyUQWZm
lkEAAJhBmpmZQWQ7m0HNzJxBZmaeQQAAoEGNl6FBMzOjQc3MpEFmZqZBAACoQZqZqUEzM6tB
zcysQWZmrkEMArBBmpmxQTMzs0HNzLRBZma2QQAAuEGamblBMzO7Qc3MvEFaZL5BAADAQZqZ
wUEnMcNBwcrEQWZmxkEAAMhBCKzJQTMzy0HBysxBZmbOQfT9z0GamdFBJzHTQc3M1EFmZtZB
9P3XQY2X2UEzM9tBwcrcQWZm3kH0/d9BjZfhQScx40HNzORBWmTmQfT950GNl+lBJzHrQc3M
7EFaZO5BAADwQZqZ8UEnMfNBwcr0QWZm9kEAAPhBmpn5QScx+0HNzPxBZmb+QQAAAELNzABC
k5gBQmBlAkIzMwNC+v4DQtPNBEKTmAVCYGUGQi0yB0L6/gdCbecIQpOYCUJgZQpCLTILQvr+
C0LHywxCk5gNQmBlDkItMg9C+v4PQsfLEEKamRFCYGUSQi0yE0L6/hNCx8sUQpOYFUJgZRZC
LTIXQvr+F0LHyxhCk5gZQmBlGkIzMxtC+v4bQvLSHEKamR1CYGUeQjMzH0L6/h9Cx8sgQpqZ
IUJmZiJCLTIjQgAAJELNzCRCk5glQmZmJkIzMydCAAAoQs3MKEKamSlCZmYqQjMzK0IAACxC
zcwsQpqZLUJmZi5CMzMvQgAAMELNzDBCrJwxQmZmMkIzMzNCDAI0QlrkNEKamTVCbWc2QjMz
N0IAADhCzcw4QpqZOUJgZTpCMzM7QgAAPELNzDxCk5g9QmBlPkItMj9CAABAQs3MQEKTmEFC
ZmZCQlI4Q0IAAERCzcxEQpqZRUJmZkZCMzNHQvr+R0LHy0hCk5hJQmZmSkIzM0tCAABMQs3M
TEKamU1CZmZOQi0yT0L6/k9CzcxQQrKdUUJgZVJCMzNTQvr+U0LNzFRCmplVQmBlVkItMldC
+v5XQsfLWEKTmFlCZmZaQjMzW0IAAFxC081cQpqZXUJmZl5CZDtfQvr+X0LTzWBCmplhQmBl
YkItMmNCAABkQs3MZEKamWVCZmZmQi0yZ0L6/mdCzcxoQr6faUJgZWpCLTJrQgAAbELNzGxC
k5htQmBlbkItMm9CBgFwQs3McEKTmHFCYGVyQi0yc0IAAHRCzcx0QpOYdUJmZnZCMzN3QgAA
eELHy3hCmpl5QmBlekItMntC+v57Qs3MfEKamX1CYGV+Qi0yf0L6/n9C42WAQs3MgEKwMoFC
F5mBQn3/gULjZYJCzcyCQrAyg0IXmYNCff+DQuNlhEJKzIRCsDKFQheZhUJ9/4VC42WGQkrM
hkKwModCF5mHQn3/h0LjZYhCSsyIQrAyiUKynYlCAACKQuNlikLNzIpCsDKLQpqZi0IAAIxC
ZmaMQs3MjEIzM41CmpmNQgAAjkJmZo5CzcyOQjMzj0KamY9CAACQQmZmkELNzJBCMzORQpqZ
kUIAAJJCZmaSQs3MkkIzM5NCmpmTQgAAlEJmZpRCzcyUQjMzlUKamZVCAACWQuNllkLNzJZC
MzOXQpqZl0IAAJhCZmaYQs3MmEIzM5lCmpmZQgAAmkJmZppCzcyaQjMzm0KamZtCAACcQmZm
nELNzJxCsDKdQpqZnUIAAJ5CZmaeQkrMnkIzM59CmpmfQgAAoEJmZqBCzcygQjMzoUKamaFC
AACiQmZmokLNzKJCsDKjQpqZo0IAAKRCZmakQs3MpELDNaVCmpmlQn3/pUJmZqZCSsymQrAy
p0KamadCff+nQuNlqEJcz6hCsDKpQheZqUIAAKpCZmaqQkrMqkIzM6tCF5mrQgAArEJmZqxC
zcysQjMzrUKama1CAACuQuNlrkLNzK5CMzOvQpqZr0J9/69C42WwQkrMsEIzM7FCF5mxQn3/
sULjZbJCSsyyQrAys0KambNCff+zQmZmtEJKzLRCsDK1QheZtUIAALZC42W2QkrMtkKwMrdC
F5m3QgAAuELjZbhCSsy4QrAyuUIXmblCff+5QmZmukJKzLpCsDK7QpqZu0IAALxCZma8Qs3M
vEKwMr1CF5m9Qn3/vULjZb5Czcy+QjMzv0IXmb9CAADAQmZmwEJKzMBCMzPBQheZwUIAAMJC
42XCQkrMwkIzM8NCmpnDQgAAxELjZcRCzczEQjMzxUKamcVCiQHGQvxpxkLNzMZCMzPHQpqZ
x0IAAMhCZmbIQs3MyEIzM8lCmpnJQgAAykJmZspCzczKQjMzy0KamctCAADMQmZmzELNzMxC
MzPNQpqZzUIAAM5CZmbOQs3MzkIzM89CmpnPQn3/z0JmZtBCe9TQQrAy0UKamdFCff/RQmZm
0kLNzNJCMzPTQpqZ00IAANRCZmbUQkrM1EIzM9VCmpnVQgAA1kJmZtZCzczWQjMz10IXmddC
AADYQmZm2ELNzNhCMzPZQpqZ2UIAANpCZmbaQs3M2kKwMttCmpnbQn3/20JmZtxCSszcQjMz
3UKamd1CAADeQuNl3kLZzt5CMzPfQpqZ30IAAOBC42XgQs3M4EIzM+FCmpnhQgAA4kLjZeJC
SsziQrAy40IXmeNCff/jQmZm5ELNzORCsDLlQqab5UIAAOZCZmbmQs3M5kIzM+dCF5nnQn3/
50LjZehCXM/oQjMz6UIXmelCff/pQuNl6kJKzOpCsDLrQpqZ60IAAOxCZmbsQkrM7EKwMu1C
F5ntQn3/7ULjZe5CzczuQrAy70IXme9Cff/vQmZm8ELNzPBCMzPxQheZ8UJ9//FC42XyQs3M
8kI/NfNCmpnzQn3/80JmZvRCzcz0QrAy9UKamfVCff/1QmZm9kJKzPZCsDL3QheZ90J9//dC
42X4QkrM+EKwMvlCmpn5Qn3/+ULjZfpCzcz6QjMz+0IXmftCPQr8QuNl/EJKzPxCMzP9QpqZ
/UIAAP5CZmb+Qs3M/kIzM/9Cmpn/QgAAAEMzMwBDZmYAQ5qZAEPNzABDAAABQzMzAUNmZgFD
mpkBQ83MAUMAAAJDMzMCQ2ZmAkOamQJDzcwCQwAAA0PyMgNDZmYDQ5qZA0PNzANDAAAEQzMz
BENmZgRDmpkEQ83MBEPXAwVDMzMFQ2ZmBUOamQVDkc0FQwAABkMzMwZDZmYGQ5qZBkOLzAZD
AAAHQzMzB0NmZgdDmpkHQ83MB0MAAAhDMzMIQ2ZmCENYmQhDi8wIQwAACUPyMglDi2wJQ1iZ
CUPNzAlDAAAKQ/gzCkNmZgpDWJkKQ83MCkMAAAtDMzMLQyVmC0NemgtDi8wLQ77/C0MzMwxD
JWYMQ5qZDEOLzAxDvv8MQ/IyDUMlZg1DWJkNQ4vMDUMAAA5D8jIOQyVmDkM1ng5Di8wOQwAA
D0PyMg9DJWYPQ1iZD0OLzA9Dvv8PQzk0EENmZhBDmpkQQ83MEEO+/xBD8jIRQ2ZmEUNYmRFD
i8wRQ77/EUPyMhJDqGYSQ1iZEkOLzBJDvv8SQzMzE0NmZhNDWJkTQ4vME0O+/xND8jIUQyVm
FENYmRRDzcwUQ77/FEMzMxVDrmcVQ1iZFUOLzBVDvv8VQ/IyFkOoZhZD25kWQ4vMFkMAABdD
8jIXQyVmF0NYmRdDi8wXQ77/F0MzMxhDZmYYQ1iZGEOLzBhDAAAZQ3UzGUNmZhlDWJkZQ+zR
GUMAABpD8jIaQyVmGkNYmRpDzcwaQwAAG0MzMxtDZmYbQ5qZG0PNzBtDAAAcQzMzHENmZhxD
mpkcQ83MHEMAAB1DMzMdQ2ZmHUOamR1DzcwdQwAAHkMzMx5DZmYeQ1iZHkOLzB5DAAAfQzMz
H0NmZh9DmpkfQ83MH0MAACBDMzMgQ2ZmIEOamSBDi8wgQ77/IEMzMyFDmG4hQ5qZIUPNzCFD
AAAiQzMzIkNmZiJDmpkiQ83MIkMAACNDMzMjQ2ZmI0OamSNDzcwjQwAAJEMzMyRDZmYkQ5qZ
JEPNzCRDBgElQzMzJUMlZiVDWJklQ83MJUMAACZD8jImQ2ZmJkOamSZDzcwmQwAAJ0MzMydD
qGYnQ5qZJ0PNzCdDvv8nQzMzKENmZihDmpkoQ4vMKEMAAClD8jIpQ2ZmKUNYmSlDzcwpQwAA
KkMzMypDZmYqQ1iZKkPNzCpDAAArQzMzK0MlZitDmpkrQ4vMK0NOAixD8jIsQyVmLEOamSxD
i8wsQwAALUPyMi1DJWYtQ5qZLUOLzC1Dvv8tQzMzLkNmZi5DmpkuQ83MLkO+/y5D8jIvQyVm
L0NYmS9Di8wvQ77/L0P4MzBD8GcwQ5qZMEOLzDBDvv8wQ/IyMUNmZjFDWJkxQ83MMUMAADJD
8jIyQyVmMkOamTJDi8wyQ77/MkPyMjNDqGYzQ5qZM0OLzDND</AssayXData><AssayYData Points="900">AAAAAJtm1rmOj8Q71mW3OsJr6zulrY07r7z7O9o5vztKTM47VVYwOxRw6Dsqnrk7/rbEO/Y7
+zvWewY80PjlO+vgUjszkww83Ce8OwE0ezvHdfI7pHb6O4lM8zt5eTw8PUO+O9pGCTz7JiI8
xXCeO/dC/zuPHNE7H8v6O0K58jubYww8irbvO3sA3jv7BoU7ijrBOz8q3zsBv+E7WzAWPFrq
5jvFv9E7NiIZPOqF9jvIugM8u58NPI2NmzuBzc07m3TCO4FZ/zvHx6Q7Zpf7O5mj5Dvdvc47
kzcVPHcW4jsRkNo7cOiqOyV5/DshRAY8lDIoPEhaBzwi5BA86dOxO8zqxzt7wN073ezPOz65
sjuZAPY7Gqu3OzixBDw5TJk7Mc6cOyy86ToXRuY7bU8bPNSMyjvFL9s7Mz7lO3P3nzvzftA7
L4wBPBNhLzxI7RQ8eN4UPO1+4jtlFZQ7zE2ROwFgBDzs0AA8pLbrO6Hj4jsMnK87DHsiPKpZ
rjs/vK47joHxO9Zf6DsREwI8fK3JO15SyTu/0tY7tQkqO88vhjuxLfY7CMQPPCilBjxmncw7
z2IkPJsazTtHZG07sHouOxN7nzvSFLk78M2pO/f8Pjv07cg74qmkO43Lojsjg7s7klXYO9uM
yzsf3Q083KGvOyF7EDxaxsA7MwsEPEx5djt52sA7pJwEPFTiAjyqEVA7pK2HOx/CmjuZjbk7
Zo+AOzB+/Du+VZ874lCxOxR8jTvZB807sfiJO2CrsDtsbgs8NRLqO2IMIzyv+P87Q4RxO1xF
rjvUutk7KXgWO9U6mjuwZbY7VPvbOz9SmDujCAo8boHYO1PlxzszoF87P38KPCjBKDvBSKc7
c86JOw4+qDuNmdA7jrGiO/4Zojtv/BY8nmKgO4WLvzsA7aM7dVjhO3YZEzwl+LQ7A627O2gw
5js/P4M7xfzVOwbJxTuBXTI7igPXO+2/2TvMpOM7azp4O4E1qDuQc5A7aDq5O02InTtn15s7
a0mnO1mvgDvu0fE7i9kDPHOanTtF94g7r4A+POPRkTud0As8pSiuO82QgztTs6Y7CryTOz/d
ETzvnQA8ZFUfPFxngDulAr87wgn8O96XDzyHNOk7azsNPEDatjsEgXw7CktTO5iyyDsiIB08
aZKLO/bq6ztNGK87xGrnO8xa6ToCSuM7DUX3O9UmzDuQVgw8NUThO3+6qTvytKA7LquoO+3t
KjyF/pw7A6ebOySY3DvehrY7ilh9O0nDpjuPM747ScIQO8GVODza+ds7+xreO0ZQ6TuKmgs8
i1zBOyx3pDvCGAQ8kQaRO97x0juBaO07pfrgO2WZMztc4rg7DTrGO6DfqTti85I70JcUOwr7
2zsvSNo7F7QTPGSwDzxMQYu5D/nQOwKxmjvWY8c7GTy7O+AkJjxRKsk7iTpTO25z4zsSf+A7
Xv+3OxfbajtaznY7R0xiOxebzTv9Hwc8vmwtO0QOpDsWk7o7WHiNO1f23jtelKw7xemWO0ak
qjuj5OQ7k3KvO01lEDxxAY87fmDIO7wQhzvUXYc7NGRuO03KEjt96vc5cjRiO+3ZEDwUndE7
mH6LOtbhbDuKO7U7nrdFOzRn8zuSIvE7F3AXPK+KGjz0Jc07+Lc6O2U+iDvyonc7BcSjO+NS
lDuaM9M7Hd1EO9VXSzsUEyQ8Pq7nOxp/xztdJ787KtDWO4DptTtGLQw8qwxqOjWIyjsULQQ8
fsJnO0hdGTxqL747/29yOzGEdjsCqvs7qRaUOxy90DtqCPU7kh2cOyu8/jsRjeI7C7PuO8c6
/juksNk7OsnFO7kq4DtwHbs7jlwmOSV/rztwLe07dhXPO0HinDuKCEQ71errO47kjDvTTQA8
hNjBO3a+rzvb/p077aXsO5G0GTydDQQ8MyYbPFNL2jsz28s76cP3O0AJ+Dqy5P07foLFOwk8
yDse8bE7klG+O6B63DuSWgA8TWL9O3hYDDxlqBQ8bc6VO13WhTt/yp87mMOHO245jDtW+bw7
9fLOOwx+sjugqPI7mVasO42wMDvQ22Q7QWnnOx1RoDsUoI87oyjxOy/xnDl1uI071BwOPAiN
FTyX0yc82IO1Oyz1xjvQynw7C4XEOwWiiDvXTcY7LIHZO2w0gDsZ7KI72Hn9O3zWxTuxvLA7
4ZbdOy2m9TuaPHk7UemfOxkIvTslrNM7lEarO2xmzDtj3mk7YnXsO78XsDtN/X47u1nUO/u7
ujudlpY767HpOgZq9DuwuZs7BNbDO/qPiDt2O4E6yqu0O7qF3ztVFqg7HYCrOyFLjTvqFkk7
k5uVO3ITtTvq3EI7S/0huWVCijud8Z87XKFDO4kDLDsylsg6oXJ5O7Ku8Tu5YsU7d6nOO1mX
wTu/DeU7jI5WO6JShTtu6xU7yFypOyiFlDsKfrQ7hKImO7VYmTs/SYE7b0+kOhdSpDu6agU7
84CGO//DAzz676o7XX7bOz/8dTv446c7a4KfOwpnpTsR4dM7DkoTO+StWju9Fp87oB50O/dQ
STtyO1K6SboMOw0LjTt+zGE7XWNSO4MftjtI1LU7OHcmO/vX2zv9N6E73Gl4O/1pKDuywo47
WHINO3fJDTzwrKI7txmBOzGYwDsyYNE7Vk0wO7J/gTsiraU7sxeJOxDx0jqkTwE8QBMHO+4H
0zscd4I7aP0wO4mPhjsO7i877g+/Oq9HCTuo6og70WAFO+tpvjuzDwk7YvIzOwAiqjvwOA48
rQuFO3/PoTvQna47J0RjO0myvDv+/MY7JhS/OyySODvvvQa6zsCwOwwpbjvF/cE7NJWlOoDj
ITtc4aY6GbqcO9sl4TofD6c7apZgO1hrSTsvAGM7zvmDOk6NCjt3Nds7Y0arOw+AGzsV+Ag7
8b0SO36LcTvvQ9c7XTPNO7ApiTu5pRw7R1WVOkbGuTvunVs788puuln2sztNhgk73TKBO4C9
UjutM8k76VOqOxHMSDvWx9U7r7iTO/2QHDqQ5rk78GupO6ylwDtugbQ5sWaLOR49sTvdoIg7
bsUdO8FqvjvTpBw7NCdBO88FaTsPb+86NCeFO4OutjtZuBc7jE3qOqfU7Dv6d4U7+7RzO1J2
hjrCrF463eBNO3UzPztexYk74KgDO6gg8zlphKg7y0TPOxbEjjsvaXY6wsHAO7qoqjqKdG27
bLezOzsB7jp0lTE7I2HTOxqv9jkrtzA7T8LIOmHChjuDMr+4BYafOgDA+jpCmks7uw0fO1+y
gjvlEY86kF4hOy3KIzu01E47s717O+hjcztuE6U79vSkOwL//DsDLk07XTWdOwFOwDuzW7E6
g5NeOegM8Tv03mk7pNAbOx750TqCk/K6vvasOZe3VTu4EBU8rMy5OzCFtjvj9EK4rUKPumXQ
SDuVoqU7O+2GOz5dhDtHTpU7d9pZOHS0AzvqvHw60g2YOy/NGDuMkZi5dxKoOVelNzvteAQ7
i81pumCNtLeNZLM7tgTLO+rSgbnRxty5j92yOTVSBDu37Zk7bI6fOse0bjqYcxI7LQqXOxvw
RDt2s3c7c2MDO5tNkjstVPo5agZcO+6lIDuxdWM7cfQxO7UwgjtxRYk7OTHeOsJDRTvdWz85
sad6OzdE4zqpFH476HhqO6r9zDpTWjo7f2RQO3rHujsSPLo7YA0NOwuHITvfTi875xMiO0gq
BDuD6p87yKIcOwtwEbmTKkg6JYyiO0U6Ozvx8ZM7kAEgOwaRDzv4WAo70su9OwRnwDs6Sik6
GOJ4O5bx9zrdfs06bvgROxH3pzosKvi4Gp6NO5jf4TtuXak71+4euAEwbTsA/487UIzVO+g0
gjs6kAk7NIKMOhf0KTsrb1o7iKSougliejsYnIY7vF1oO8tiDTsoRdQ7tsdcO/JBkDrPYbo6
L4ogOyVsxDuhcQU7lvTaOmjN0TrLEAm6UVSOOd83BTsFsTQ6m0RAO6/zPTqGXaw7mjhnO4+D
DDvYv6I7iBivOnqu4Tt3uBI7YcvcOz6dCztR90k76mZEOpCJtzuWPHw70nG6Oby1qzvMX207
QhP8Ou7/gDuu1Qo7HLYyO4rebTsMTKE7N4hjO3MzrDtWEsA6coleO+R2eDu1GJg6PsdAO7G+
yDp/NVw795qjOm+7Bzu2euY6edfKOeCzv7qq8KY7qseUO3g3qrq/KtA6tCnWutG3hDsHxJo7
XdZcut6GYzuuWpo7kqBjuu74+Drfhcg5dEUWu8V9gTrL3187th8zO3bHLDrbSUq5Nh8sO5Ja
CzuZcB87vdDeOuayoLoSn3g79rxrO425CbrrZqK5ZT+LO16AxTvXE5A7FWrIOuKFFDu8bMS6
OvseuqioYjsDspq5PgBOO0cITDvU+9o6zoCZuP1DBjvNAmc75xtlO4SujzlwTyw7XM0POg8q
djsKFzG5eFMAO3ZBljt4nlc7qTV7OoFj0jqmnqQ6bx6WOk2jhDl62L459a20uheH7bkLlho7
wCCPOBvVwbphlM46JcLEOpR0rDv0HKK6JIM0O2Ia5TpK4Jg7XFzROiuf+7oBqV07CdLeuvrV
DztfWvm6L7clOxf6/zr8a2Q6Ga2OuT3uLToC2Xc7xpMgu6Lck7nUPhM7UHO5OZFLIDtq6BG7
Z40NO1UeurkOO/I6fArzOg3qAjtytQg667K8OrhBSzvRg9E6k28jO9UNZjppk2c7Xxeyuoz4
oToDjzo6C4euOudTIzsdDiw7vPcbu8dOhDoB3dM6eYh2OIhtSDuGJxa6xHfpOnC2HrrwI/I6
Elv+OJoAI7pTzIg4MiITO8nbCjvDSYa6K80VOhvX8Dl3olw7</AssayYData></Step><Step><CommonData><SampleLocation>2</SampleLocation><SampleID>10mM Glycine pH1.7</SampleID><SampleGroup></SampleGroup><SampleInfo>or other Regeneration solution</SampleInfo><SampleRow>E</SampleRow><SamplePlate>1</SamplePlate><WellType>REGENERATION</WellType><Concentration>-1</Concentration><ConcentrationUnits>µg/ml</ConcentrationUnits><MolarConcentration>-1</MolarConcentration><MolarConcUnits>nM</MolarConcUnits><MolecularWeight>-1</MolecularWeight><Temperature>30</Temperature><StartTime>969224</StartTime><AssayTime>20</AssayTime></CommonData><FlowRate>1000</FlowRate><StepType>CUSTOM</StepType><StepName>condition</StepName><StepStatus>OK</StepStatus><ActualTime>20</ActualTime><CycleTime>0.2</CycleTime><AssayXData Points="100">vv8zQ/EyNEPjZTRDFpk0Q0nMNEN8/zRDsDI1QyRmNUMWmTVDScw1Q3z/NUOwMjZDJGY2QxaZ
NkNJzDZDAAA3Q7AyN0PjZTdDFpk3Q0nMN0O+/zdD8TI4QyRmOENYmThDi8w4Q77/OEPxMjlD
JGY5Q1iZOUOLzDlDvv85Q/EyOkMkZjpDWJk6Q4vMOkO+/zpD8TI7QyRmO0MWmTtDScw7Q77/
O0PxMjxDJGY8Q1iZPEOLzDxDvv88Q/EyPUPjZT1DWJk9Q0nMPUO+/z1D8TI+QyRmPkNYmT5D
i8w+Q77/PkPxMj9DJGY/Q1iZP0OLzD9Dvv8/Q/EyQEMkZkBDWJlAQ4vMQEO+/0BD8TJBQyRm
QUNYmUFDi8xBQ77/QUPxMkJDJGZCQ1iZQkOLzEJDvv9CQ/EyQ0MkZkNDWJlDQ4vMQ0O+/0ND
sDJEQyRmRENYmURDi8xEQ3z/REPxMkVD42VFQxaZRUPMzEVDvv9FQ7AyRkMkZkZDWJlGQ0nM
RkN8/0ZD8TJHQ+NlR0MWmUdDi8xHQw==</AssayXData><AssayYData Points="100">1UPYvlMlx77ThLa++0etvtSxqb4iD6i+o4+ovkEIrb6dQa2+1M2yvvNWsr7w57a+Ttq3vhRI
ur4wN7u+fbK/vlTIwb6EnMO+xeLEvpz8xb5iZ8m+UTXKvkWVy74LwM6+4PnOvi5F0r5xKtO+
mgXVvo2q1b7uqtW+y+/XvpZm177kS9q+p+TbvlNL3b4hoN6+ia7eviPr4L5SfOK+Qe7jvmax
4b61MuW+XtfmvpYI5r6tr+m+MVjnvm0X6b6YLeq+ctPrvpCN7b4Xoe2+m1vtvtO58L7vfO6+
Xirxvqo38L6ijPG+6/HzvsQL876LXfW+ei/2vpBQ9b5yyfe+qMr1vj2M+b6pFvq+jav4vgZO
+r6HXfu+GmH6vqP/+773wP2+vDD9vtoy/r4li/++7/z+vlNbAL/THgC/AyoBvzQOAb9j7gC/
Z1UBv5CLAr+fWgK/Vf8Cv/4OA795JQO/Q/gDv9QPBL+m3AO/9SkDv3XTBL9tSgW/xdQFv7xx
Bb//WQa/4zwGv6PTBr/Q1wa/wesGvw==</AssayYData></Step><Step><CommonData><SampleLocation>1</SampleLocation><SampleID>Running Buffer</SampleID><SampleGroup></SampleGroup><SampleInfo></SampleInfo><SampleRow>E</SampleRow><SamplePlate>1</SamplePlate><WellType>BUFFER</WellType><Concentration>-1</Concentration><ConcentrationUnits>µg/ml</ConcentrationUnits><MolarConcentration>-1</MolarConcentration><MolarConcUnits>nM</MolarConcUnits><MolecularWeight>-1</MolecularWeight><Temperature>30</Temperature><StartTime>994887</StartTime><AssayTime>20</AssayTime></CommonData><FlowRate>1000</FlowRate><StepType>CUSTOM</StepType><StepName>condition</StepName><StepStatus>OK</StepStatus><ActualTime>20.02</ActualTime><CycleTime>0.2</CycleTime><AssayXData Points="100">vv9HQ7AySEPjZUhDFplIQ0nMSEN8/0hDsDJJQ+NlSUOfmklDi8xJQ3z/SUOwMkpDJGZKQ1iZ
SkNJzEpDfP9KQ7AyS0PjZUtDFplLQ0nMS0N8/0tDsDJMQ+NlTEMWmUxDScxMQ3z/TEOwMk1D
42VNQxaZTUNJzE1DfP9NQ7AyTkMkZk5DFplOQ0nMTkO+/05D8TJPQyRmT0OZmU9DScxPQ77/
T0PxMlBDJGZQQ1iZUEOLzFBDvv9QQ/EyUUMkZlFDWJlRQ4vMUUO+/1FD8TJSQyRmUkNYmVJD
i8xSQ77/UkP3M1NDJGZTQ1iZU0OLzFNDQQBUQ/EyVEMkZlRDWJlUQ8zMVEO+/1RD8TJVQyRm
VUNYmVVDi8xVQ3z/VUPxMlZDJGZWQ1iZVkOLzFZDvv9WQ/EyV0OoZldDXppXQ4vMV0N8/1dD
sDJYQyRmWEMWmVhDi8xYQ77/WEOwMllD42VZQ1iZWUOLzFlDvv9ZQ/EyWkPjZVpDWJlaQ0/N
WkO+/1pD8TJbQ+NlW0MWmVtDqtFbQw==</AssayXData><AssayYData Points="100">aT4hvXN6vL3nS/C9r1UEvqdiB74Rhgy+BHUMvltqCr449wy+duwFvv8SCL79+QO+zV0DvpTd
Ab67HP29Gwf+vUfxAb7sPAC+WZr+vVFA/r19C/29XRTzvTEM970eOvm9S/H0vZEO870lcfe9
7znqvSdJ9L0KL/C9C0DqvTZE570sxeq9v+nxvRzf5708Qu+9R07uvej95r2S2uW9WhvnveUU
472LOuG94wDhvfsG6r1Mzue9dlfmvbFS4L3VoeW9P2LivSP93b2Ymei9izflvf7s4L003+K9
vcDivY875r3oZ+C9ImfdvecL5b2mP+O9T23gvY571r37g9u9aojcvbDd2L1UHN69nPzgvabl
3r0pwNu9BtDZvaNA1L1zE9e9pTLevVsr4b3Zzd+9lKPXvS8C1b103di9L4LZvd7l1r06rNe9
9bnevfRY273GSda91K7QvVPr2b2gidy93tjVvXqF270WjM69FF7YvSv30r1459m98y3TvbtT
173NPNq9zALavRX/3L0sZdi9a//WvQ==</AssayYData></Step><Step><CommonData><SampleLocation>2</SampleLocation><SampleID>10mM Glycine pH1.7</SampleID><SampleGroup></SampleGroup><SampleInfo>or other Regeneration solution</SampleInfo><SampleRow>E</SampleRow><SamplePlate>1</SamplePlate><WellType>REGENERATION</WellType><Concentration>-1</Concentration><ConcentrationUnits>µg/ml</ConcentrationUnits><MolarConcentration>-1</MolarConcentration><MolarConcUnits>nM</MolarConcUnits><MolecularWeight>-1</MolecularWeight><Temperature>30</Temperature><StartTime>1020670</StartTime><AssayTime>20</AssayTime></CommonData><FlowRate>1000</FlowRate><StepType>CUSTOM</StepType><StepName>condition</StepName><StepStatus>OK</StepStatus><ActualTime>20</ActualTime><CycleTime>0.2</CycleTime><AssayXData Points="100">3QRcQ883XEMCa1xDNZ5cQ2jRXEObBF1DEDhdQwJrXUN3nl1DaNFdQ5sEXkPPN15DQ2teQ3ee
XkOq0V5DmwRfQ883X0MCa19DNZ5fQ2jRX0ObBGBDEDhgQwJrYEM1nmBDaNFgQ5sEYUPVOGFD
AmthQ3eeYUPr0WFDmwRiQxA4YkNDa2JDd55iQ6rRYkPpBmNDEDhjQ0NrY0N3nmNDqtFjQ90E
ZEMQOGRDQ2tkQ3eeZEOq0WRD3QRlQxA4ZUNDa2VDd55lQ6rRZUPdBGZDEDhmQ0NrZkN3nmZD
qtFmQ90EZ0PPN2dDQ2tnQ3eeZ0Oq0WdD3QRoQ1I4aENDa2hDd55oQ6rRaEMlBmlDEDhpQ0Nr
aUN3nmlDqtFpQ90EakPPN2pDQ2tqQzWeakOq0WpD3QRrQxA4a0PTbWtDd55rQ6rRa0PdBGxD
EDhsQ0NrbEN3nmxDqtFsQ90EbUMQOG1DAmttQ3eebUNo0W1D3QRuQ883bkMCa25DNZ5uQ2jR
bkPdBG9DzzdvQ0Nrb0M1nm9DqtFvQw==</AssayXData><AssayYData Points="100">+1QSvwDkB7/8cgK/UYT+vvEs+L5gFPa++Ar3vkpM+L4L4vm+LPb6vqVl+75o5/u+sA/+viiL
/75Ftf6+zBsBv+g9Ab+8SwK/PvwCvwcSBL+/VAO/Ch8Ev3C9BL+EUgS/EgMFv3fbBb9gVgW/
R0QGv0CAB7/a6ga/IFIIvx7KB78G/ge/KOgIv/fFCb+ugwm/dlYKv7FJC79GDgq/9pIJv0+m
Cr8GJwu/KXgLv/zwC79z8gu/3AcNv2D4C7/Fpgy/VT8Nv/G2DL+ryg2/6sMNv8O9Db84gQ+/
hokOvwbvDr+cXA+/y1sQv01RD7+acQ+/G7gPv+OUEL/AWRG/RmsRv3VpEL+HBRK/60cSv8AD
Er8UgxG/woARv/C1Er+YVxO/CC4Tv4MLE7/HQxO/QKYTv9oXFL9OaRS/60YTv3KOE78etRO/
M/0Tv3x6Fb977RS/JTwVv7D7FL9BYha/vlEVv581Fr/3Dha/R7sWvxuyFr+7pha/ke4Vv1CS
Fb+0hhe/pTgYv7eTFr9FkRe/cA0Yvw==</AssayYData></Step><Step><CommonData><SampleLocation>1</SampleLocation><SampleID>Running Buffer</SampleID><SampleGroup></SampleGroup><SampleInfo></SampleInfo><SampleRow>E</SampleRow><SamplePlate>1</SamplePlate><WellType>BUFFER</WellType><Concentration>-1</Concentration><ConcentrationUnits>µg/ml</ConcentrationUnits><MolarConcentration>-1</MolarConcentration><MolarConcUnits>nM</MolarConcUnits><MolecularWeight>-1</MolecularWeight><Temperature>30</Temperature><StartTime>1046339</StartTime><AssayTime>20</AssayTime></CommonData><FlowRate>1000</FlowRate><StepType>CUSTOM</StepType><StepName>condition</StepName><StepStatus>OK</StepStatus><ActualTime>20</ActualTime><CycleTime>0.2</CycleTime><AssayXData Points="100">3QRwQ883cENDa3BDNZ5wQ2jRcEPdBHFDEDhxQwJrcUM1nnFDqtFxQ90EckPPN3JDAmtyQ3ee
ckOq0XJDmwRzQ883c0NDa3NDd55zQ6rRc0ObBHRDzzd0QwJrdEN3nnRDqtF0Q90EdUMQOHVD
Q2t1QzWedUNu0nVD3QR2QxA4dkNDa3ZDNZ52Q7bTdkObBHdDzzd3QwJrd0N3nndDaNF3Q90E
eEPPN3hDAmt4QzWeeENo0XhDmwR5Q883eUMCa3lDNZ55Q6rReUObBHpDzzd6QwJrekM1nnpD
qtF6Q90Ee0NSOHtDAmt7QzWee0No0XtDJQZ8Q883fEMCa3xDNZ58Q2jRfEObBH1DEDh9QwJr
fUM1nn1DaNF9Q90EfkPPN35DAmt+QzWefkOq0X5DmwR/Q883f0MCa39DNZ5/Q6rRf0NOAoBD
5xuAQ6I1gEM7T4BD1WiAQ26CgEMInIBDorWAQzvPgEPV6IBDbgKBQwgcgUOiNYFDO0+BQ9Vo
gUNugoFDCJyBQ6K1gUM7z4FD1eiBQw==</AssayXData><AssayYData Points="100">RkfFvR2tDr4/Xx6+IIYovrD0Lb4JvSy+eJ4pvh/zKr5VNyy+J14lvrg7JL74Aya+KK4fvihq
Ir7erSS++9sfvitqIL54NiO+mBkgvtVtHL5l3Bu+pq8fvl/JH763Lhy+IR0dvl7CGL5WuRm+
F6QbvhY/Gb4Wuhi+W9cavq/lGr4IdBq+uwMXvvElFr6xyRe+hg0VvgdmFr4+ThS+WQkXvi0j
F740ExC+n7MVvjNxFb6qxBW+q3kTvgD6E745CRO+dI4SvpI3Fb69dBK+QdIUvtiXEr5dvhO+
7wcQvtJpEr5uyxC+dnQOvvF4Eb5tGRK+i04RvkMmE763gBG+FvoRvglTE759dA++ExEPvjKy
Dr4H2g2++fwQvgOfEb6a1xG+sCMOvnXKEL6taAq+M1QOvjz8C76knxG+Du4NvvrSC75S5Aq+
U2kOvtvcDL6ixBG+HN4JvjNTEL4r+xG+YUwPvuCzEL7dPAy+zzkQvsz5DL7jcA6+JXYKvvDF
Db4QFQy+fXQMvvQND74FBwy+IjsKvg==</AssayYData></Step><Step><CommonData><SampleLocation>2</SampleLocation><SampleID>10mM Glycine pH1.7</SampleID><SampleGroup></SampleGroup><SampleInfo>or other Regeneration solution</SampleInfo><SampleRow>E</SampleRow><SamplePlate>1</SamplePlate><WellType>REGENERATION</WellType><Concentration>-1</Concentration><ConcentrationUnits>µg/ml</ConcentrationUnits><MolarConcentration>-1</MolarConcentration><MolarConcUnits>nM</MolarConcUnits><MolecularWeight>-1</MolecularWeight><Temperature>30</Temperature><StartTime>1071861</StartTime><AssayTime>20</AssayTime></CommonData><FlowRate>1000</FlowRate><StepType>CUSTOM</StepType><StepName>condition</StepName><StepStatus>OK</StepStatus><ActualTime>19.999</ActualTime><CycleTime>0.2</CycleTime><AssayXData Points="100">bwKCQ+gbgkOiNYJDPE+CQ7VogkNvgoJDCZyCQ6K1gkM8z4JD1eiCQ28Cg0PoG4NDojWDQxtP
g0PVaINDToKDQwmcg0OitYNDPM+DQ7Xog0NOAoRDCRyEQ6I1hEM8T4RDtWiEQ2+ChEMJnIRD
orWEQzzPhEPV6IRDbwKFQ+gbhUOiNYVDPE+FQ9VohUNvgoVD6JuFQ6K1hUMbz4VD1eiFQ28C
hkMJHIZDojWGQxtPhkO1aIZDb4KGQ+ibhkOitYZDG8+GQ7XohkNvAodD6BuHQ6I1h0MbT4dD
tWiHQ06Ch0Pom4dDorWHQzzPh0O16IdDTgKIQ+gbiEOBNYhDG0+IQ9VoiENOgohDCZyIQ4G1
iEMbz4hDteiIQ04CiUMJHIlDgTWJQxtPiUO1aIlDToKJQwmciUOitYlD4M+JQ9XoiUNOAopD
6BuKQ4E1ikMbT4pDtWiKQ06CikM2nopDgbWKQxvPikO16IpDTgKLQ+gbi0OiNYtDPE+LQ9Vo
i0NOgotDCZyLQ4G1i0M8z4tDteiLQw==</AssayXData><AssayYData Points="100">f4wmv5r6G7+kzxK/UUsOv14ZC7+s5Am/HKYJv5pfCr/MAQu/vAcLv8JnDL+IYAy/F80Lvy4t
Db8SRQ2/k8kOv1ZGDr9vzA6/TKkPv6f2D7+n2BC/3FsSv1ngEb9eWxG/KfURvwL7Er8k/xK/
sNoTvx3NE7+1XBS/hDIUvzskFb/ryxS/j9EUv4IRFb/i8BW/CC8XvxASFr+sZxa/XrEWv7d5
F7+83hW/8ckXv5xsGL8tBBi/9Q8Yv6XJGL+g8Ri/zdEYvwNyGb91/hi/x+AZv6itGb+4Uhm/
+HIav2duGr+Ymxm/yWkbv1inG7/hVhq/Zeoav91GG7/VZRu/kI0bvx4qHL/czxu/5TYcv1pg
Hb8Y5xu/IuccvzKHHb8NlB2/8CEdvzxEHr/r8By/LAYev7HMHr9pGh6/7v4dv3KrHr9trR+/
okoev3fUHr9O/x6/JfMfvzaMIL9tVR+/Cfcfv1THH7/Djh+/6r4fv+RxH7/R6h+/R6ofv2vZ
H7+sviC/S5khvzhOIL9tViG/K8whvw==</AssayYData></Step><Step><CommonData><SampleLocation>1</SampleLocation><SampleID>Running Buffer</SampleID><SampleGroup></SampleGroup><SampleInfo></SampleInfo><SampleRow>E</SampleRow><SamplePlate>1</SamplePlate><WellType>BUFFER</WellType><Concentration>-1</Concentration><ConcentrationUnits>µg/ml</ConcentrationUnits><MolarConcentration>-1</MolarConcentration><MolarConcUnits>nM</MolarConcUnits><MolecularWeight>-1</MolecularWeight><Temperature>30</Temperature><StartTime>1097373</StartTime><AssayTime>20</AssayTime></CommonData><FlowRate>1000</FlowRate><StepType>CUSTOM</StepType><StepName>condition</StepName><StepStatus>OK</StepStatus><ActualTime>20</ActualTime><CycleTime>0.2</CycleTime><AssayXData Points="100">TwKMQ+kbjEOCNYxD+06MQ5VojEMugoxD6ZuMQ4K1jEP7zoxDleiMQy4CjUPIG41DYTWNQ/tO
jUO1aI1DT4KNQ8ibjUNhtY1D+86NQ5XojUMuAo5DyBuOQ2E1jkMcT45DlWiOQy6CjkPIm45D
YbWOQxzPjkPW6I5DLgKPQ+kbj0NhNY9DHE+PQ5Voj0Mugo9D6ZuPQ2G1j0Mcz49DteiPQ08C
kEPpG5BDgjWQQxxPkEObaZBDT4KQQ+mbkEOCtZBDHM+QQ7XokENPApFD6RuRQ6M1kUMcT5FD
tWiRQ0+CkUPpm5FDgrWRQxzPkUO16JFDTwKSQ+kbkkOCNZJDHE+SQ7VokkNPgpJDrZySQ4K1
kkMcz5JDteiSQ08Ck0PpG5NDYTWTQxxPk0O1aJNDT4KTQ+mbk0OCtZND+86TQ7Xok0NPApRD
yBuUQ4I1lEP7TpRDlWiUQ0+ClEPpm5RDo7WUQxzPlEO16JRDTwKVQ+kblUNhNZVDHE+VQ5Vo
lUNPgpVDyJuVQ2G1lUMcz5VDteiVQw==</AssayXData><AssayYData Points="100">W0JzvWbzCb5JEyW+J543vrh2QL4SVEK+VM88viu0PL5m0z2+QjE9vnOUPb6AQDy+dOc6vmTI
N75HHTe+bvI2vhYYOL7NdzK+q6s5vpoEM76TFTG+j3ExviFvMb6q0zK+cI8uvkmJL76yeTC+
EUkvvphSML5COzG+AWwpvtUPL77ZMyy+Sj0xvknNLL7Oyy6+U1csvm63K76a+Se+aRcsvo64
Kr4OOSi+m14ovor4K74pRym+J4Esvk1lKL4fjyq+FkAovl0JJb52SSm+9bMqvtOyKL4/eyq+
aNYovrdeJ75KmSa+gAIrvoBcJb5VdCm+g6UpvnWWKb55Vim+hlokvhjlJ76/3ye+hkAkvpUh
J76v2Sa+j6spvuyyJL6TeSe+IXQnvuSaJL4G/iK+0rIovggjJr4gYiW+OmclvqV5Jr70eya+
000fviXnKL5vuCe+hqcjvvs8Jr7h6ie+8QsivtCiI75S/SO+GYIivk/VIr4q/SG+5J4mvkbt
Ib6RaCi+v/EfvnBMIr4jIyC+Gmkjvg==</AssayYData></Step><Step><CommonData><SampleLocation>3</SampleLocation><SampleID>Running Buffer</SampleID><SampleGroup></SampleGroup><SampleInfo></SampleInfo><SampleRow>E</SampleRow><SamplePlate>1</SamplePlate><WellType>BUFFER</WellType><Concentration>-1</Concentration><ConcentrationUnits>µg/ml</ConcentrationUnits><MolarConcentration>-1</MolarConcentration><MolarConcUnits>nM</MolarConcUnits><MolecularWeight>-1</MolecularWeight><Temperature>30</Temperature><StartTime>1123544</StartTime><AssayTime>120</AssayTime></CommonData><FlowRate>1000</FlowRate><StepType>BASELINE</StepType><StepName>Baseline 120</StepName><StepStatus>OK</StepStatus><ActualTime>120</ActualTime><CycleTime>0.2</CycleTime><AssayXData Points="600">TwKWQ8gblkNhNZZD4E+WQ5VolkMugpZDyJuWQ2G1lkP7zpZDleiWQy4Cl0PIG5dDYTWXQxxP
l0OVaJdDLoKXQ+mbl0OCtZdDHM+XQ5Xol0MuAphD6RuYQ4I1mEP7TphDlWiYQ0+CmEPpm5hD
grWYQxzPmEO16JhDTwKZQ+kbmUOCNZlDHE+ZQ7VomUNPgplD6ZuZQ4K1mUMcz5lDteiZQ08C
mkPpG5pDgjWaQxxPmkOVaJpDT4KaQ8ibmkOCtZpDHM+aQ7XomkNPAptDyBubQ2E1m0P7TptD
tWibQ5GCm0Ppm5tDgrWbQxzPm0O16JtDTwKcQ+kbnEOCNZxDHE+cQ7VonENPgpxD6ZucQ4K1
nEMcz5xDleicQy4CnUPIG51DgjWdQxxPnUO1aJ1DT4KdQ+mbnUOCtZ1DHM+dQ7XonUNPAp5D
SxyeQ2E1nkMcT55DlWieQy6CnkNsnJ5DYbWeQ/vOnkOV6J5DcAKfQ8gbn0OCNZ9D+06fQ5Vo
n0NPgp9D6ZufQ2G1n0P7zp9DleifQy4CoEPIG6BDgjWgQ8BPoEOVaKBDLoKgQ+mboEOCtaBD
+86gQ5XooENPAqFDyBuhQ6M1oUP7TqFDlWihQ3CCoUPIm6FDgrWhQ/vOoUOV6KFDLgKiQ8gb
okNhNaJD+06iQ7VookNVg6JDyJuiQ4K1okMcz6JDleiiQy4Co0PIG6NDgjWjQ/tOo0OVaKND
T4KjQ8ibo0OCtaNDHM+jQ5Xoo0MuAqRDyBukQ2E1pEP7TqRDlWikQy6CpEPIm6RD5LWkQ/vO
pEOV6KRDLgKlQ+kbpUNhNaVD+06lQ5VopUMugqVDyJulQ2G1pUP7zqVDleilQy4CpkPpG6ZD
gjWmQ/tOpkP3aKZDT4KmQ+mbpkOCtaZDHM+mQ7XopkNPAqdD6RunQ4I1p0McT6dDtWinQ0+C
p0Ppm6dDgrWnQxzPp0O16KdDTwKoQwkcqEOCNahDHE+oQ7VoqEOQgqhD6ZuoQ4K1qEMcz6hD
teioQ08CqUPpG6lDgjWpQxxPqUO1aKlDT4KpQ+mbqUOCtalDwM+pQ7XoqUNPAqpDCRyqQ4I1
qkPgT6pDlWiqQ0+CqkPpm6pDgrWqQxzPqkO16KpDTwKrQ+kbq0OCNatDHE+rQ7Voq0MugqtD
6ZurQ2G1q0Mcz6tDteirQ/MCrEPpG6xDgjWsQxxPrEPWaKxDT4KsQ8ibrENhtaxDHM+sQ7Xo
rENPAq1DyButQ2E1rUMcT61DlWitQ0+CrUPpm61DR7atQ/vOrUO16K1DLgKuQ+kbrkNhNa5D
+06uQ7VorkNPgq5D6ZuuQ4K1rkP7zq5DteiuQy4Cr0PpG69DYTWvQxxPr0O1aK9DLoKvQ8ib
r0Nhta9D+86vQ5Xor0MuArBD6RuwQ2E1sEP7TrBDlWiwQy6CsEPpm7BDYbWwQxzPsEOV6LBD
LgKxQ8gbsUOCNbFD+06xQ5VosUMugrFDyJuxQ2G1sUMcz7FDleixQy4CskNsHLJDYTWyQ/tO
skO1aLJDLoKyQ8ibskNhtbJD+86yQ5XoskMuArND6RuzQ2E1s0P7TrNDlWizQy6Cs0Ppm7ND
YbWzQ/vOs0O16LNDcAK0Q+kbtENhNbRDwE+0Q7VotEMugrRD6Zu0Q4K1tEMcz7RDtei0Q08C
tUPpG7VDgjW1QxxPtUO1aLVDNIO1Q+mbtUOCtbVDHM+1Q7XotUNPArZD6Bu2Q4I1tkMcT7ZD
lWi2Q0+CtkPom7ZDgrW2QzzPtkO26LZDTwK3Q+gbt0OCNbdD+063Q7Zot0MugrdD6Ju3Qya2
t0Mcz7dDtui3Q08CuEPoG7hD5DW4Q/tOuEO2aLhDLoK4Q+ibuEOCtbhDHM+4Q7bouENPArlD
6Bu5Q4I1uUP7TrlDm2m5Q9iDuUPom7lDgrW5Q/vOuUO26LlDTwK6Q8gbukNiNbpD+066Q5Vo
ukNPgrpD6Ju6Q4K1ukMcz7pDlei6Qy4Cu0PoG7tDYjW7QxxPu0OVaLtDLoK7Q+ibu0OCtbtD
+867Q7bou0NwArxDSxy8Q4I1vEP7TrxDtmi8Q0+CvEPom7xDgrW8Q/vOvEOV6LxDLgK9Q8gb
vUNiNb1DHE+9Q7ZovUNPgr1DyJu9Q4K1vUP7zr1Dlei9Q08CvkPoG75D5DW+Q/tOvkOVaL5D
LoK+Q8ibvkOCtb5DHM++Q7bovkMuAr9DyBu/Q2I1v0McT79DlWi/Q/mDv0PIm79DYrW/QxzP
v0OV6L9DlwPAQ8gbwENiNcBDHE/AQ7ZowEMugsBDyJvAQ2K1wEMcz8BDlejAQy4CwUPIG8FD
gjXBQ/tOwUO2aMFDLoLBQ8ibwUNitcFDHM/BQ5XowUNwAsJDyBvCQ2I1wkP7TsJDtmjCQ0+C
wkPIm8JDYrXCQxzPwkOV6MJDTwLDQ+gbw0OCNcNDHE/DQ7Zow0NPgsND6JvDQ4K1w0Mcz8ND
OOnDQ08CxEPoG8RDgjXEQxxPxEO2aMRDT4LEQ+ibxEOCtcRDHM/EQ7boxENPAsVDyBvFQ4I1
xUMcT8VDtmjFQ0+CxUPom8VDgrXFQxzPxUO26MVDTwLGQ+gbxkOCNcZDHE/GQ5VoxkMugsZD
6JvGQ4K1xkMcz8ZDtujGQ08Cx0PoG8dDgjXHQxxPx0O2aMdDT4LHQ8ibx0OCtcdDHM/HQ7bo
x0NPAshD6BvIQ4I1yEMcT8hDlWjIQy6CyEPIm8hDYrXIQ/vOyEO26MhDTwLJQ+gbyUOCNclD
+07JQ7ZoyUNPgslDyJvJQ4K1yUP7zslDtujJQy4CykPoG8pDgjXKQxxPykOVaMpDLoLKQ+ib
ykOCtcpDkNLKQ5XoykMuAstD6BvLQ4I1y0P7TstDlWjLQy6Cy0PIm8tDgrXLQ/vOy0O26MtD
LgLMQ+gbzENiNcxD+07MQ5VozENPgsxD6JvMQ2K1zEP7zsxDtujMQ08CzUPIG81DYjXNQ/tO
zUOVaM1DLoLNQ8ibzUNitc1D+87NQ7bozUMuAs5D6BvOQ4I1zkP7Ts5DlWjOQy6CzkPom85D
grXOQxzPzkOV6M5DLgLPQ8gbz0NiNc9DXU/PQ5Voz0NPgs9D6JvPQ2K1z0P7zs9DlejPQy4C
0EPIG9BDYjXQQ/tO0EOVaNBDLoLQQ+ib0EOjtdBD+87QQ5Xo0ENPAtFD6BvRQ6M10UPgT9FD
tmjRQ0+C0UPom9FDBbbRQxzP0UO26NFD</AssayXData><AssayYData Points="600">wGE4vv/8N762gzi+kGoyvoQbML4VTzO+bUMxvse3NL4h5C++Aq0zvsGJML7w4TO+i4UyvjS1
M74aVzK+OTYvvlGkL75WOjC+VEUxvs+UMb4LUzO+8vwtvgSmL74KnDS+eVcuvow1Mb5igy6+
5ogzvq/+Lr4XpTG+lg4yvpZxMb55pi2+klQtvhLDLb58aC6+gk0uvvrHL75e1TK+FvEwvnZH
ML5WpS6+r+Usvk8dL75hDzG+wHotvtD3K74c1Sq+lkExviP5LL4SjzK+2bsuvjl1K74s1i++
07ssvs8FLL4L3zG+TMcuvnsFML5JKTC+POsuvlp/K76DPS2+nwgvvkixLr5JrC++k6EtvsZ/
LL7ukzC+cXErvkm9Lb6GsC2+/YsuvgEHK77s2i6+dXwrvqugML5Usi++2rUrvtM8K76/Ty2+
fGQvvpmaK750syy+2RYwvmIaKr66oiq+EkctvhNbML6OGSq+jrYuvk1uLL6j6i2+5Mwpvpsw
K74HDSi+8LMtvjDYK75DBjG+lCgsviITLb4iPSu+V0Ypvk7ILL5sbyu+5U0rvnmeLr7Hui2+
5Acuvv9jJ76Smyu+EIorvs6sKL6lMCi+npQpvnbJJ77cUi6+FowrvhreLL57Qiq+Rg4uvilA
KL60wSy+7OwtvoWIJ76znym+PAMrvs+YLL6JeCq+oUEsvsaiKb4wTSq+y7kqvkYlK76ieSi+
/i8rvrgXLL6HNC2+Xd4mvp0LKr5myyq+/iMovjFpKL5HYSq+4xQpvvuwK75AFSu+4Pgqvj97
K77wsSu+2poovpKFKr4qJSy+jzkovonfLL4vxiu+uw4pvg7/K77IUSe+bP4rvsgrK76J7Ca+
F/govgOWJr4teSW+UNsuvqUOKb45KSi+hGIpvr/tJr5egiu+wXwnvqkpKb6sgyq+pmsovkqT
Kb40Hi2+pqcpvpH9KL5SVyi+lUkpvnMUKr5eNSy+74UqvlbfKL6S6ii+ja8rvlSEKr4VnC6+
qfslvksDJ74C2im+vTEovi9dK75qJim+I4Qpvs1sJ76iICa+VIAovljPKb4TlSi+bKkmvid9
Kb4y3Cq+IQQlvhaOKL7jdii+cB4nvj4fKL6vrCe+oB4nvs1vIr4iTSe+7b8lvunMKL6Whiy+
8aklvmvWJb4YUiu+dOgrvo0FKL4VCCy+EuQovl9sKb5KXSW+JO4nvmP4J74ANya+zRMqvnWt
JL4bGSO+PV4mvhKCJb4kASe+xwsnvgx3Jb5DCiW+VmEnvkpsIr6r+iO+h7wivsHGJb7qKSW+
P+8kvqxLKL4zoCm+poknvrUYJb7Y9Ce+cfgnvkRDJr6DviO+XHglvojkK75mYCm+488rvrJJ
KL4ewyW+Mr4lvrLCJr7LQye+r7snviSCKL74Eye+Gygovn1GJr5eLCe+OmAnvuMpLL7Z7Si+
bqwqvt7eJb5tESe+F5MnvtYWKr5OKSi+8n8qvmbDKL52Fia+KF4nvt1MKb4RSSm+0cwlvmvQ
KL4qeii+h+QmvuKkKr6J4ie+zw8nvhUJKL5CmyG+eG8lviYNJb4vOii+4KQovsqzJ77moSa+
EIohvnBqK76YayW+SsoovhFJKb7GNya+wJEnvjN2LL4HoSW+8sskvqJUKr4hzSO+40okvkY2
Jr4ibiS++hglvt3BJr5KBye+e00nvknfJr7BiCi++c0ovsbzJb5dVie+oCApvlLvI74B5CW+
gGgnvltTJ75vKSS+hR0mvtiVJr5AZie+N8Yjvj2eKL7B7Ce+0zQrvk60J75I1Sq+Zg4nvgyE
Jb6GVSa+ekIkvpQkJL6YBye+byEpvpfNJr5LMCm+QIglvm5aJL4/3Sa+w/covjxPJb7LDiO+
agcnvjywJb6MmSe+AfMnviSZJr66ASm++GomviuqJL4nlCi+E3knvsuNKL641Ci+9ognvp0x
Jr74RCm+z2kovph9Jr6rACS+RiQqvqomJr6TWCa++Iklvt3sJ77Z8ia+jXEovhZvJr66/ya+
y/8jvngAJr6+wCW+3nIovouVJL6WFyO+d5AlvlkpJr7mdya+yQwpvm92Jb69aiK+eOAnvhjC
JL5acCa+ndolvusLIb6SNSW+ef0lvqf5Jr5zVyS+/GAnvjSYJL7LSSq+bVgjvvI3J77QwiK+
UxkkvrRRJ76jKia+ASMovrA1Jb7PCyW+c5Alvkh+J774YCW+85cnvgNzJL5SmSW+pCImvkOw
JL7V4yK+B24nvpZIIb5esiS+ShsnvtrTJr6Kwia+zHclvpWGJL5tuCC+ZZEpvtVOJL5kXCa+
akgkvvExJL7TsiO+HuAlvh4YIr5P8iG+YBgqviutI74IFiS+8qkovukiJb6P7yW+Dm8jvsV9
Ir5LviG+D6MmvubOKb56aSW+DQMnvmbWJL6Xhia+LwsqvgKzIb6l9iS+xqskvkVcI77n5CO+
Y9gkvn8DJ75vOSW+GJ0ovrV4J75L+yW+5UEnvpW/Jr4usCi+ZkYpvopLJ76XGyO+pcomvjNq
JL6aIya+SxAlvgonJb7IRCO+pj8hvtLjJb70vyO+pX4fvp9XJ74muCe+5rsmvo2UJ76P4ya+
sRokviiDIr6CjSW+ZYImvpT9Jr5sZie+VlgkviLRJb7uaCS+z6knvvkYIr7uFCW+wIclvm6v
J761WiW+cLYlvqtUJb4HxSS+G1AlvkLeJb6wdyW+C0QkvhsCIb5tCSO+CC0kvpc+KL6vbya+
VyQnvgWCJb71WSa+XyIivik/Ir4Q0yK+M7Eivp+hJb768SK+7L0mvoS7JL7TOiG+7RoivmBP
Jr4Ldya+XnIjviB4Jr6ZHya+A2MjvjilJr6wAia+fZIkvskKJ74SBCW+jZAmvj7jIL4XmSC+
p98jvmi1JL75BCO+UXolvvC+KL764SW+uiIlvrkaJ75oTiS+m/0kvj4zJb6TAyO+jfMnvklu
Jr4jHyK+DdAmvldXJb4wjSS+Ge8kvh+PJr46+SS+Mp8jvtgBJL5CryO++CgkvpV+I758xSK+
+BMjvrcoIL7OUya+PmspvjIcKb7r5yS+Qr8lvuCtJ76OHSO+ZPQkvjs8Jb4yKSi+SsUkvkmb
JL4eNCS+eZgjvvZ/JL5VcCa+O2gjvkrXJL4ZfSK+qYgivs/yI77u0yO+WPsovhTNIb6MbCi+
A54ivllyJL5tdiK+dpUjvtvUIr5qpCW+</AssayYData></Step><Step><CommonData><SampleLocation>8</SampleLocation><SampleID></SampleID><SampleGroup></SampleGroup><SampleInfo></SampleInfo><SampleRow>E</SampleRow><SamplePlate>1</SamplePlate><WellType>KLOAD</WellType><Concentration>-1</Concentration><ConcentrationUnits>µg/ml</ConcentrationUnits><MolarConcentration>-1</MolarConcentration><MolarConcUnits>nM</MolarConcUnits><MolecularWeight>-1</MolecularWeight><Temperature>30</Temperature><StartTime>1252077</StartTime><AssayTime>20</AssayTime></CommonData><FlowRate>1000</FlowRate><StepType>LOADING</StepType><StepName>Loading</StepName><StepStatus>OK</StepStatus><ActualTime>20</ActualTime><CycleTime>0.2</CycleTime><AssayXData Points="100">UALSQ8kb0kODNdJDHU/SQ5Zo0kM1g9JD6pvSQ4O10kP8ztJDlujSQ1AC00PqG9NDpDXTQx1P
00O2aNNDUILTQ+qb00ODtdNDHc/TQ7bo00NQAtRD6hvUQ4M11EMIUdRDtmjUQ1CC1EPqm9RD
g7XUQx3P1EO26NRDUALVQ+ob1UODNdVDHU/VQ7Zo1UNQgtVD6pvVQ4O11UP8ztVDtujVQ1AC
1kPqG9ZDgzXWQx1P1kOWaNZDUILWQ+qb1kODtdZDHc/WQznp1kNQAtdD6hvXQ4M110M+T9dD
tmjXQ1CC10Pqm9dDg7XXQx3P10OW6NdDUALYQ8kb2EODNdhDHU/YQ7Zo2ENQgthDyZvYQ2K1
2EP8zthDtujYQ1AC2UPJG9lDgzXZQ/xO2UPXaNlD04LZQ+qb2UODtdlD/M7ZQ5bo2UNQAtpD
6hvaQ2I12kP8TtpDtmjaQy+C2kPqm9pDYrXaQ8HP2kOW6NpDLwLbQ8kb20NiNdtDHU/bQ5Zo
20MvgttD6pvbQ2K120Mdz9tDtujbQw==</AssayXData><AssayYData Points="100">UUkovtJiJL4JsiO+1qwkvgGeI76FVCC+jVcfvi71IL4hKB6+cBkbvhf6Gb4bKBi+trgdvsUz
GL6Cthe+arMZvoEzGL4iLRq+fvEVvtxaF76gkRa+3CsavlmwFr641xG+LoUSvtDyE75GGhC+
/HwRvrnfEL6BIBC+szkOvuHyCb6XiQ++O6sOvjpHDb6TPw6+IucLvvomCb4igQy+uQMJvn+/
Cb7dGge+i1IHvvHMBb5ftgO+m2MEvuuQB77wSQq+MzkEvqRQA753lAS+XZIEvuxVBL4I0wK+
2KgAvq+1/73HvAC+HyH9vSBY/72Dsf+9OeD7vb5Q+b23u/m9EDr6vSLb973/NvC9sQ3zvQeZ
9L2Q3+u94n/yve7z773ajei9LRP1vRnO7b1MRe+97znsvaNg573e4Oa9BJnsvZmj6b2kSOK9
zHvkvTJs4r3LTuG9qY3ivfAh5L0XROW9RfTlvTW93r0Fg9S9i3DVvRnq2L1lHtu9lLfUveOo
zL3oqNK9LmzZvTYT0L1bpdu9hc3OvQ==</AssayYData></Step><Step><CommonData><SampleLocation>9</SampleLocation><SampleID></SampleID><SampleGroup></SampleGroup><SampleInfo></SampleInfo><SampleRow>E</SampleRow><SamplePlate>1</SamplePlate><WellType>BUFFER</WellType><Concentration>-1</Concentration><ConcentrationUnits>µg/ml</ConcentrationUnits><MolarConcentration>-1</MolarConcentration><MolarConcUnits>nM</MolarConcUnits><MolecularWeight>-1</MolecularWeight><Temperature>30</Temperature><StartTime>1281686</StartTime><AssayTime>60</AssayTime></CommonData><FlowRate>1000</FlowRate><StepType>BASELINE</StepType><StepName>Baseline 60</StepName><StepStatus>OK</StepStatus><ActualTime>60</ActualTime><CycleTime>0.2</CycleTime><AssayXData Points="300">UALcQ8kb3ENiNdxDHU/cQ7Zo3EMvgtxD6pvcQ4O13EMdz9xDlujcQ1AC3UPJG91DiTbdQx1P
3UOWaN1DUILdQ8mb3UNitd1D/M7dQ5bo3UNQAt5D6hveQ2I13kP8Tt5DlmjeQy+C3kPJm95D
YrXeQ/zO3kOW6N5DLwLfQ8kb30NiNd9D/E7fQ7Zo30Mvgt9DyZvfQ4O130P8zt9DlujfQ1AC
4EPqG+BDgzXgQx1P4EOWaOBDUILgQ+qb4EODteBD/M7gQ7bo4EMvAuFDyRvhQ2I14UP8TuFD
tmjhQy+C4UPJm+FDYrXhQ/zO4UOW6OFDLwLiQ8kb4kNiNeJD/E7iQ/ho4kMvguJDyZviQ4O1
4kMdz+JDtujiQ1AC40PqG+NDgzXjQx1P40O2aONDUILjQ+qb40ODteNDHc/jQ7bo40NQAuRD
6hvkQ4M15EP8TuRDtmjkQ1CC5EPqm+RDg7XkQx3P5EO26ORDUALlQ+ob5UODNeVDHU/lQ5Zo
5UNQguVDyZvlQ4O15UMdz+VDtujlQ1AC5kPqG+ZDgzXmQx1P5kO2aOZDUILmQ+qb5kNiteZD
/M7mQ7bo5kNQAudD6hvnQ2I150MdT+dDtmjnQ1CC50Pqm+dDg7XnQx3P50OW6OdDUALoQ+ob
6EODNehDHU/oQ7Zo6ENQguhD6pvoQ4O16EP8zuhDtujoQy8C6UPqG+lDYjXpQx1P6UO2aOlD
UILpQ+qb6UNitelDHc/pQ5bo6UNQAupDyRvqQ4M16kMdT+pDtmjqQy+C6kPJm+pDg7XqQ/zO
6kO26OpDLwLrQ+ob60ODNetD/E7rQ5Zo60MvgutD6pvrQ2K160Mdz+tDlujrQ1AC7EPqG+xD
YjXsQ/xO7EOWaOxDL4LsQ8mb7ENitexD/M7sQ7bo7EM1A+1DyRvtQ2I17UP8Tu1DtmjtQy+C
7UPqm+1DYrXtQ/zO7UOW6O1DLwLuQ8kb7kNiNe5D/E7uQ5Zo7kNQgu5DyZvuQ2K17kP8zu5D
lujuQ1AC70PJG+9DgzXvQ/xO70OWaO9DUILvQ8mb70ODte9D/M7vQ5bo70MvAvBDyRvwQ4M1
8EMdT/BDtmjwQy+C8EPqm/BDg7XwQ/zO8EO26PBDUALxQ+ob8UODNfFDHU/xQ7Zo8UNQgvFD
6pvxQ4O18UMdz/FDtujxQ1AC8kPqG/JDgzXyQx1P8kO2aPJDUILyQ+qb8kODtfJDHc/yQ7bo
8kNQAvND6hvzQ4M180MdT/NDtmjzQ1CC80Pqm/NDg7XzQx3P80O26PNDUAL0Q+ob9EODNfRD
HU/0Q7Zo9EMvgvRDyZv0Q2K19EP8zvRDtuj0Q1AC9UPqG/VDgzX1Qx1P9UO2aPVDUIL1Q+qb
9UODtfVD/M71Q5bo9UNQAvZDEB32Q4M19kMdT/ZDtmj2Qy+C9kPqm/ZDYrX2Qx3P9kO26PZD
LwL3Q8kb90NiNfdD/E73Q7Zo90NQgvdDyZv3Q2K190P8zvdDtuj3Qy8C+EPJG/hDYjX4Qx1P
+EOWaPhDL4L4Q+qb+ENitfhDHc/4Q7bo+EMvAvlDyRv5Q4M1+UMdT/lD+Gj5Q1CC+UPJm/lD
g7X5Qx3P+UO26PlD</AssayXData><AssayYData Points="300">Oa6DPlQtiz4QSo4+bPaRPrVDkz4RT5M+PASVPhgflD63BJM+BqeTPr1GlD4j+pQ+IAmSPvr3
kj4Rw5I+u/uRPm8kkj4ii5I+mrqUPgetkz5aYpM+IL6UPlYAlD6LYpI+7RGSPtqPlT7SzpA+
cIuTPrK+kz7Em5M+oPuTPtcykz5n0ZM+9kOVPslhlD6SpJU+2t2UPhoBlD47OZM+GhSUPgWM
lT6/8pQ+TGuUPkv0kz6ayJQ+x/eTPrbklD7kopQ+H8OTPquNkz6SLZU+kreUPruelT4n7pM+
ZaSUPur0lD6+f5U+J3aUPnEplT7WsJU+eTqWPs0dlT53TpQ+wGiUPlPnlT7m7JM+XFmTPraD
lD6M5ZQ+ud2TPv8ylD6depY+kDKTPnrmlj75upQ+uM+SPm8RlD7D75Q+C+aVPqyVlD5cJZc+
UV6WPq3VlT7+bZQ+CseVPsBHlj6Lw5Q+7jmWPgQrlj4iC5Y++SOXPsEOlj6+SpY+EKGVPt1i
lj49J5c+elOVPp7plD5xgJY+Lt6UPmMylD7tzJU+QQ6WPlK2lT51VpQ+4ByWPoS2lD7pU5Q+
WZGUPpg2mD5QHZU+kgaWPslzlT6tEpY+STuVPs/DlT5dd5Q+XNyUPsHJlT50KpU+Rt+VPvrO
lD5KVJQ+QnaVPtGDlD7l2pQ+vRuWPnDdlj4H95U+JsuUPg7llT68bZU+/SuWPhqylT4f2ZQ+
wryUPi6blj4sH5c+kgKVPjsalT6l8ZM+54SVPg6ClD6OEpU+mHaWPpIIkz4OtJQ+N3KWPmE1
lz7kOZU+BrqUPpNLlj63VJQ+B4+UPj6tlD6GSpU+eO6UPj+hlD6gjZU+SDaVPlWjlT4cypM+
EiCVPilqlT4rGpU++QeVPpV1lT4FNpQ+uu2SPh6vlD4635M+ZyqVPjFylD511ZQ+on+TPlj4
kz7JnZU+2HaTPn8Llj5dzZM+bQ2TPiJ3lD6LqZU+Rj2UPqp/kj66IpQ+GIOUPhoClD7e+JM+
I8+UPrFDkj7Wo5E+d7mVPvC1kT5Wv5M+hc2TPjeskz7fKZU+7xORPvE2lD7iGJM+Xq6TPpsr
lD7n/JM+WxSVPg8Gkz7xE5Q+kamSPnaLkj49/ZM+KdyRPvTMkz7N1pE+xH2RPpEhkj6sL5M+
anyTPv5xkz6mqJM++tCRPsH1kT5/h5I+AqSUPh1Ykj4C9ZI+lJuTPs48kT7yLJQ+632SPhJI
kj7RDpE+OjmSPo03kj4ZbpI+TjmSPhXtkj4xgpM+0yeRPsAxkj40N5E+RpiQPnczkT5BD5I+
9CySPhckkz5i5pI+ZSORPl/akz5E8o8+yD6SPj+8kD4fN5M+tMSSPrXIkD6Gs5E+A2eRPgVS
kD4GI5A+HC6SPpQakT79s5A+GjWRPtVukT5AM5I+R/ORPuXjkT5DlpE+hhCRPgkIkT6UepE+
BAKRPi0qkj5L144+dLCRPnzmjz6wtpA+u1OOPvYbkT5yJZE+5A+RPlKCkT4ueJA+y72QPpfv
jz6nAZA+HSKQPrPBjz5Lv5E+r2+PPgnrkD5cFJA+kkeQPpsokD6+RY4+C2iQPgegkD7+hJA+
pAeQPho+jz5aJZA+</AssayYData></Step><Step><CommonData><SampleLocation>10</SampleLocation><SampleID></SampleID><SampleGroup></SampleGroup><SampleInfo></SampleInfo><SampleRow>E</SampleRow><SamplePlate>1</SamplePlate><WellType>BUFFER</WellType><Concentration>-1</Concentration><ConcentrationUnits>µg/ml</ConcentrationUnits><MolarConcentration>-1</MolarConcentration><MolarConcUnits>nM</MolarConcUnits><MolecularWeight>-1</MolecularWeight><Temperature>30</Temperature><StartTime>1352075</StartTime><AssayTime>20</AssayTime></CommonData><FlowRate>1000</FlowRate><StepType>BASELINE</StepType><StepName>Baseline 20</StepName><StepStatus>OK</StepStatus><ActualTime>20</ActualTime><CycleTime>0.2</CycleTime><AssayXData Points="100">UAL6Q8kb+kODNfpD/E76Q5Zo+kNQgvpDyZv6Q2K1+kP8zvpDluj6Qy8C+0PJG/tDgzX7Q/xO
+0O2aPtDL4L7Qyuc+0NitftDHc/7Q5bo+0MvAvxDyRv8Q4M1/EMdT/xDtmj8Qy+C/EPJm/xD
YrX8Q/zO/EOW6PxDUAL9Q+ob/UODNf1DHU/9Q3tp/UMvgv1D6pv9Q2K1/UM+z/1Dluj9Q1AC
/kPJG/5DYjX+Q/xO/kOWaP5DL4L+Q8mb/kNitf5D/M7+Q5bo/kNQAv9D6hv/Q2I1/0MdT/9D
tmj/Qy+C/0Pqm/9Dg7X/Qx3P/0O26P9DLgIAROQNAETCGgBEjicARFs0AEQoQQBEFk4ARMJa
AESOZwBEW3QARCiBAET1jQBEwpoARPGnAERbtABEKMEARPXNAETC2gBEjucARFv0AEQoAQFE
9Q0BRMIaAUSOJwFEWzQBRChBAURXTgFEwloBRI5nAURbdAFEOIEBRPWNAUSxmgFEjqcBRFu0
AUQowQFE9c0BRMLaAUSO5wFEW/QBRA==</AssayXData><AssayYData Points="100">ZJEEPSSNMr1HeKS9WEzHvd261719z9+9pcfkvcwQ4b2YCeK9njXlvds8270AzdW9q1ncvXTg
1r3/qtW9D+Xavepa3b3j9c69gbPTvb+n1b3TDNO9xo3RvY6nz72V7ce9QNPPvQI407136Me9
oRjLvQXtz70WD9G9WOTJvXaizb3zhcm9kNnNvQ140L1B/829LBTIvQ5/x72J98a9/4/KvWWs
y71L1Mq98hnJvYcpyb3hkcm9507Gva3Kv72rJMq9QPTFvYidyL3WkcO91FTIvca8vb3hCMa9
kuXPvWbkxr0YyMS9tcDEvU03zL0yPsy9bSHMvU6sxL2Ivci9aizIvQxVxL19iMu9tmTIvaEE
x73N08e9h/POvVFmw736tsy9UIvIvXx6xr34Ocm9I/TBvb9jyr2am8W9L/vIvdjyxr1Vgb29
2Sq8vZr2wr0FC869GD7HvX7CyL2HicC9A6HCvRzdy72lUsO9/BvCvUjGw708psK9tzbHvWPa
zL2UHMu98z3KvVv0zr1hOcq9grrDvQ==</AssayYData></Step><Step><CommonData><SampleLocation>11</SampleLocation><SampleID></SampleID><SampleGroup></SampleGroup><SampleInfo></SampleInfo><SampleRow>E</SampleRow><SamplePlate>1</SamplePlate><WellType>KSAMPLE</WellType><Concentration>-1</Concentration><ConcentrationUnits>µg/ml</ConcentrationUnits><MolarConcentration>-1</MolarConcentration><MolarConcUnits>nM</MolarConcUnits><MolecularWeight>-1</MolecularWeight><Temperature>30</Temperature><StartTime>1382735</StartTime><AssayTime>120</AssayTime></CommonData><FlowRate>1000</FlowRate><StepType>ASSOC</StepType><StepName>Association</StepName><StepStatus>OK</StepStatus><ActualTime>119.999</ActualTime><CycleTime>0.2</CycleTime><AssayXData Points="600">KAECROQNAkSxGgJEficCRFs0AkQYQQJE9U0CRMJaAkTAZwJEW3QCRCiBAkTkjQJEwpoCRH6n
AkRbtAJEKMECRPXNAkTC2gJEjucCREv0AkR6AQNE5A0DRMIaA0SOJwNEWzQDRBhBA0TkTQNE
wloDRH5nA0RLdANEGIEDROSNA0SxmgNEfqcDREu0A0QYwQNE5M0DRMLaA0R+5wNES/QDRBgB
BETkDQREwhoERH4nBERLNAREGEEERORNBETCWgREjmcERFt0BEQYgQREV44ERLGaBESOpwRE
W7QERBjBBETkzQREwtoERI7nBERb9AREKAEFRPUNBUTCGgVEjicFRK00BUQoQQVE9U0FRMJa
BURjaAVEW3QFRCiBBUT1jQVEwpoFRI6nBURbtAVEKMEFRPXNBUTC2gVEjucFRFv0BUSKAQZE
9Q0GRMIaBkSOJwZEWzQGRChBBkS5TgZEwloGRH5nBkRbdAZEKIEGROSNBkTCmgZEjqcGREu0
BkQowQZE9c0GRMLaBkSO5wZEW/QGRCgBB0T1DQdEwhoHRPEnB0RbNAdEGEEHRORNB0SxWgdE
jmcHRFt0B0QYgQdE9Y0HRMKaB0R+pwdEW7QHRCjBB0TkzQdEsdoHRH7nB0Rb9AdEKAEIROQN
CETCGghEjicIRFs0CEQYQQhE9U0IRMJaCER+ZwhES3QIRCiBCET1jQhEsZoIRH6nCERbtAhE
GMEIRPXNCERl2whEjucIREv0CEQYAQlE9Q0JRBQbCUR+JwlEWzQJRChBCUT1TQlEwloJRI5n
CURbdAlEKIEJRPWNCUSxmglEfqcJREu0CUQYwQlE9c0JRMLaCUR+5wlES/QJRBgBCkTkDQpE
sRoKRH4nCkRLNApEGEEKRPVNCkSxWgpEfmcKRFt0CkQYgQpE5I0KRMKaCkR+pwpEbLQKRCjB
CkT1zQpEwtoKRH7nCkRb9ApEGAELRDYOC0TCGgtEjicLRFs0C0QoQQtENk4LRLFaC0R+ZwtE
S3QLRBiBC0TkjQtEsZoLRH6nC0RstAtEGMELRPXNC0TC2gtEfucLRFv0C0QoAQxE9Q0MRMIa
DESOJwxEWzQMRChBDET1TQxEt1sMRI5nDERbdAxEKIEMRPWNDETCmgxEjqcMRFu0DEQowQxE
9c0MRLHaDESO5wxEW/QMRHoBDUT1DQ1EwhoNRI4nDURbNA1EPkINRPVNDUTCWg1EjmcNRFt0
DUQogQ1E9Y0NRMKaDUSOpw1EW7QNRBjBDUT1zQ1EwtoNRH7nDURb9A1EKAEORPUNDkTCGg5E
jicOREs0DkQoQQ5E9U0ORMJaDkR+Zw5EW3QORLuBDkT1jQ5EsZoORI6nDkRLtA5EKMEOROTN
DkTC2g5EjucOREv0DkQoAQ9E9Q0PRLEaD0SOJw9EWzQPRBhBD0T1TQ9EsVoPRH5nD0RLdA9E
KIEPROSND0Sxmg9EfqcPRFu0D0QowQ9E9c0PRLHaD0SO5w9EW/QPRBgBEETkDRBEsRoQRH4n
EERbNBBEekEQRPVNEESxWhBEfmcQREt0EEQYgRBE5I0QRLGaEER0qBBES7QQRBjBEETkzRBE
wtoQRI7nEERL9BBEGAERROQNEUTCGhFEficRREs0EUQYQRFEBU4RRPNaEUR+ZxFES3QRRCiB
EUQmjhFEsZoRRH6nEURbtBFEGMERROTNEUSx2hFEfucRRFv0EUQYARJE5A0SRLEaEkR+JxJE
SzQSRBhBEkTkTRJEsVoSRH5nEkRLdBJEGIESROSNEkSxmhJEfqcSREu0EkQowRJE5M0SRPPa
EkSO5xJEW/QSRCgBE0T1DRNE8xoTRI4nE0RbNBNEKEETRPVNE0TCWhNEjmcTRFt0E0QogRNE
9Y0TRMKaE0SOpxNEW7QTRCjBE0T1zRNEwtoTRH7nE0R89BNEKAEURPUNFETCGhREjicURFs0
FEQoQRRE9U0URMJaFESOZxREW3QURCiBFET1jRREwpoURI6nFERbtBREKMEUROTNFETC2hRE
jucURFv0FEQoARVE6g4VRMIaFUSOJxVEWzQVRChBFUT1TRVEsVoVRI5nFURsdBVEKIEVRPWN
FUTCmhVEjqcVREu0FUQowRVE9c0VRMLaFUSO5xVES/QVRCgBFkTkDRZEwhoWRI4nFkRLNBZE
KEEWRPVNFkSxWhZEfmcWRFt0FkQogRZE9Y0WRLGaFkR+pxZES7QWRGrBFkT1zRZEwtoWRI7n
FkRb9BZEKAEXROQNF0SxGhdEjicXREs0F0QoQRdE9U0XRLFaF0R+ZxdES3QXRBiBF0TkjRdE
wpoXRH6nF0RbtBdEGMEXROTNF0Q02xdEjucXREv0F0QYARhE5A0YRMIaGER+JxhESzQYRChB
GETkTRhEwloYRH5nGERbdBhEGIEYROSNGESxmhhEfqcYREu0GEQowRhE5M0YRLHaGESO5xhE
W/QYRCgBGUT1DRlEsRoZRH4nGURLNBlEGEEZRORNGUSxWhlEfmcZREt0GUQYgRlE5I0ZRNKa
GUSOpxlEW7QZRBjBGUTkzRlEwtoZRH7nGURb9BlEGAEaROQNGkTCGhpEjicaRFs0GkQoQRpE
9U0aRMJaGkSOZxpEnXQaRCiBGkT1jRpEwpoaROCnGkRLtBpEKMEaRPXNGkTC2hpEn+caRFv0
GkQoARtE9Q0bRLEaG0SOJxtEWzQbRChBG0T1TRtEwlobRH5nG0RbdBtEGIEbROSNG0TCmhtE
fqcbRFu0G0QYwRtE9c0bRMLaG0SO5xtES/QbRCgBHET1DRxEwhocRI4nHERLNBxEKEEcRPVN
HETCWhxE0GccREt0HEQogRxE9Y0cRMKaHER+pxxEW7QcRBjBHET1zRxEwtocRH7nHERb9BxE
GAEdRPUNHUSxGh1EjicdREs0HUQYQR1E9U0dRMJaHUR+Zx1EvnQdRJuBHUTkjR1EwpodRH6n
HUR8tB1EGMEdRPXNHUTC2h1EfucdREv0HUQoAR5E5A0eRMIaHkR+Jx5ESzQeRBhBHkT1TR5E
wloeRI5nHkRLdB5EKIEeROSNHkTCmh5EfqceRFu0HkRJwR5E5M0eRLHaHkSO5x5ES/QeRBgB
H0TkDR9EsRofRI4nH0RbNB9EGEEfRORNH0SxWh9EfmcfRM50H0QYgR9E5I0fRLGaH0Svpx9E
S7QfRBjBH0T1zR9EsdofRH7nH0RL9B9E</AssayXData><AssayYData Points="600">pFUAPmfVLz70+kM+MyVPPm5IWT5nu1k+A/hcPllTYj7TsF8+KOFgPjsIYj4HlGA+o7VgPuHP
XD44E18+vg9gPnJyXj6T3lo+pgVePkhkWj6NaGM+MXtgPvODXj6ddGA+W+ZcPpZbYT43qmM+
9DBhPm4KYz5Bhl0+WuVfPnVuYD6g/l4+eRpiPgjwXz6vlWM+ca1hPpIgYD7jP2A+TzRgPnjl
Xz69mmQ+LkxiPls4YD5NxGA+ftJiPvHraD6DgWY+VLlkPoKCZD7kU2c+2ntlPqzOZz6x1mU+
chxlPnOtaD70t2Y+VQZmPpZ6Zj7nPmc+H5ZqPtEwaD7OyWY+ox5nPgeJZj4zumk+M05pPoKy
aT6qd2c+L/BtPnN2Zz43kmc+zzNqPmrqZD7MjWs+B5dsPjkSaj76+Wc+32doPnH+aD5qAmw+
HVZuPtvKbT5L5mo+wrhvPqJ/bT7+gmw+b6ptPt0Nbj4fvGs+AZ5sPi9lbj7kYW4+yK9wPigX
cT6wf3M+VnhuPmnxbj5Z0m4+BcpsPvVkbz71gnA+v/1uPvwScT7kB2w+AitvPlkFbz53y3I+
R1hxPo7jbz7hg3A+lzJwPjaobz46XHI+6IBrPnybcj6UZHA+kBNyPk2IcT5FWnI+TIBzPjSn
cD4zyHQ++wpvPgRxdT6gtHM+tRF1PnPscz4sKXA+bIp0Pi6AdD7ASXY+Fg5xPm/SdD4Yh3Q+
4ZpyPgVccz4NqHM+zo5zPsHcdD4MVHc+odN1PqiBdj5GPHM+I/14PtXUdz59+XY+kQJ3PhCn
cz7H13Y+08x3Ptd4dD4jkHQ+NYd3Prwpdz7Mwng+dU13PuiMdj4Ij3k+MUx2Puekdz5MQnc+
1s93PiuIdD6xlHk+/XR3Pkx5eD6snXc+9LZ8Pl+aez6V4ng+8Ep5PmwPeT4lwXk+YD92PkkD
eD7drng+C653PkUjeD5uDX4+8xt8PpDyfD7pIno+PuB3PmDmej6lI3k+3KJ5PtGodz76w3o+
Pjp8PuwjfD7K0Xo+Erl2Pvm1ez6GBXk+TAl5PnGefD7bkno+EAx5PjUSfT653Hg+yn58Pj8X
fj4H1Hc+lr59Ph13fD7Pgng+S+l7Pq7nez5K93o+24d4PgDcej7EuHo+fph6PnMXfD6TC30+
SXF7Pr7/eD4lxXg+bjx9Pn7Yez5d4X4+n/99Puc7ez59sn8+D9V7PkqAfD40a34++W59PhAv
gD4NwXo+j9V5PmFiej4CaX4+L5p+PtsQfj4sLoA+ko58Pt2GfD5Tqn4+UxCBPoVqfz73Wn4+
mtl+Ph4EgD5sTn8+3ZB/PlZZgD6E7X4+9o9+Pi/HfT4c038+69h/Pk5Lfz53UX0+6AN+Poe+
fT7uznw+sAh8PjYKgD44KX8+NYp/PnkKfD6ddoE+9VB/Pgjyfz65VoE+N8t9PpLXfz6/u30+
+g9/PrKJgT7GtoA+xRd9PobygD7cLIA+a0KAPjQfgD7EHIE+/0WAPhGCgD7gGYA+GXeAPtCO
gD6N834+hYqAPh1sgD7ut4A+62KBPurNgT61BoE+kYiBPtFrfz41nIA+NYt+Pi9egT6OkYA+
nW2BPu+nfj6asIE+jVKAPvx1gj61O4A+CxV/PuG5gT65IoI+ba+BPqmMgT63eIA+xtOBPnfK
gT4UsoA+/ymCPun4fj6IRYE+6JWBPvNUgT7u/4I+V6iBPsCugT6rVYE+fMOAPqzlgj7kcIE+
9MyCPhjBgT7L84E+1VGBPqkmgT5tMYM+ySGAPt9+gT5FaIA+NvyBPp/cfz6RKIA+5i2BPl3Q
gT7IlIA+c+t/Ps1Dfz7/1oA+//iBPhEKgD4ey4I+S9SAPjM3gj77FoM+zwiBPgf3gT5mk4A+
TwyCPkvsgD583IA+JdKBPgcTgj4cAoE+MduBPrQggT53cIM+TfqBPvptgT4wAIM+OF6APgQQ
gz7F/4E+h2qDPsJ5gT6XRYI++VCCPpFZhD6zlIE+9WuBPgVpfz4wdoI+/i2BPmo1hD6/YIE+
ThCAPnp0gD6aA4I+4C6BPhGzgz6vHYI+2qWCPqUKgj63qIQ++V+BPo47gj5qJ4I+NZKCPvQA
gT6ZmYA+IhOCPhoSgT4lHYA+1t2BPolOgz6D6IM+64iAPlg3gj5ddII+yVWBPo9egz7/NYM+
RhmDPm+dgT6AiII+BbCBPrhWgz7WhYI+Ep2CPj4YhT6TyoI+TkaCPiOVgj58CIM+NIWBPidQ
gj4zFoI+AUmBPs+4gj6yuYI+pQWDPmTtgT6oSYQ+vkKCPsvzgD4ea4A+yKWDPuL0gj6Y3YI+
LUaCPu6ngj6Q0oI+lliCPg/igz5j2YE+m3+BPsLLgD4+sYI+jfyDPlb9gD72nIE+VZWCPg0e
gj5tgIE+QtmCPqNdhD7K3YI+FSWCPnFrhT611IQ+mVOEPl9ShD5LAoA+jy+BPgtmgz4AoIE+
Z+CBPlkLgz7efII+vxKCPrqHgT5U+IM+OkWCPgcSgz6/wII+MZeBPo4zgz5KuoI+4byCPn3s
hD4YpIM+p5yDPuIThD42dII+tqqCPhLVgz5CkoE+eiKDPgkFgz74u4M+XoyDPtdLgj741IA+
WwyDPss/gj5b2IE+eAeDPmLGgz5tk4A+YsGBPob3gj4YUoI+PC2DPmw3gT5mW4Q+zSuEProq
gj5WPIM+tLKCPhNggz6eOoQ+VKWDPoSDgj67OoQ+mP2DPiDUgj55VIM+qK6CPs0NhT66s4I+
NbOFPgS3gj4OUIQ+fnaEPks+hD4nQ4Q+OmyDPhzLhD5ejYI+QoWDPvUAhD5y94Q+ZKqCPgQ/
hD6gh4M+MjSFPtlrgj4s9YQ+6ICEPgU2gz4oeoI+pEeFPgWxgT6TzoM+f0iDPsGWgz5z0oI+
6ayDPpz3hT59HYQ+z0yEPlw5gz7AFYM+wziEPnu7gj73+II+5mKEPsW0hD4/aYM+WvqBPq3J
gz5r/II+zxyEPrgkgj6CEYU+ad+DPnd3hD5zRoQ+woKDPsp+gz7nu4U++3mDPpMPgz54K4U+
wamCPhudgz4HQ4M+KWeEPhcEhD6Xe4M+ppmFPn9fgz6084M+iBSFPsnigz7rwYU+MAaFPjGG
gz5eFoQ+/CWFPkwmhD4UoYQ+hwGEPty3gT6dzoQ+TvmDPtWcgz6ZnIM+IiaDPnv5gj4MkIQ+
LleEPhRIhT4UM4Y+TAyEPnCkgj4vwoM+</AssayYData></Step></KineticsData></ExperimentResults>
