<?xml version="1.0" encoding="UTF-8" standalone="yes"?>
<ExperimentResults><ExperimentInfo Name="20250917 PE P5216 - 5377 plate 2 kappa 50 ugl"><ExpDescription>AHC example method - full characterization&#13;
Analyte titration series with reference channel</ExpDescription><RTDVersion>2.0</RTDVersion><RunID>D3453E7F-D910-462D-B051-2D13E2863725</RunID><ExperimentType>KINETICS</ExperimentType><ExperimentSubType>KBASIC</ExperimentSubType><StartDateTime>2025-09-17T15:40:23</StartDateTime><MachineName>BN7KX12</MachineName><UserName>octet</UserName><LotNumber></LotNumber><PlateName>250917</PlateName><PlateName2></PlateName2><SensorName>B2</SensorName><SensorPlate>1</SensorPlate><SensorType>AHC (Anti-hIgG Fc Capture)</SensorType><SensorRole>LIGAND</SensorRole><SensorInfo></SensorInfo><WritingSW>DataAcquisition.exe 11.0.2.1</WritingSW><InstrumentType>OctetRED96</InstrumentType><InstrumentSerial>FB-50284</InstrumentSerial><InstrumentFW></InstrumentFW><IntegrationTime>2.7</IntegrationTime><DSPType>CPF</DSPType><DSPStitching>1</DSPStitching><HasManifest>1</HasManifest><InfoHash>884671051</InfoHash></ExperimentInfo><AssayParamsInfo/><KineticsData><Step><CommonData><SampleLocation>1</SampleLocation><SampleID>Running Buffer</SampleID><SampleGroup></SampleGroup><SampleInfo></SampleInfo><SampleRow>B</SampleRow><SamplePlate>1</SamplePlate><WellType>BUFFER</WellType><Concentration>-1</Concentration><ConcentrationUnits>µg/ml</ConcentrationUnits><MolarConcentration>-1</MolarConcentration><MolarConcUnits>nM</MolarConcUnits><MolecularWeight>-1</MolecularWeight><Temperature>30</Temperature><StartTime>612978</StartTime><AssayTime>180</AssayTime></CommonData><FlowRate>1000</FlowRate><StepType>BASELINE</StepType><StepName>Baseline 1</StepName><StepStatus>OK</StepStatus><ActualTime>179.998</ActualTime><CycleTime>0.2</CycleTime><AssayXData Points="900">bxKDOqjGSz66Scw+EFgZP83MTD8AAIA/cT2aP28Ssz8IrMw/okXmP2IQAEBqvAxAmpkZQARW
JkAzMzNAAABAQM3MTECamVlABFZmQNEic0AAAIBAZmaGQJzEjEAzM5NAaJGZQM/3n0C0yKZA
nMSsQDMzs0BokblAYhDAQDVexkDNzMxAMzPTQGiR2UDP999ANV7mQJzE7EACK/NAaJH5QM/3
/0AzMwNBTmIGQYGVCUG0yAxBkxgQQRsvE0FOYhZBgZUZQbTIHEHn+x9BMzMjQWZmJkGBlSlB
zcwsQef7L0EbLzNBTmI2QYGVOUHNzDxB5/s/QRsvQ0EIrEZBmplJQbTITEEAAFBBGy9TQeF6
VkGamVlBzcxcQQAAYEEzM2NBZmZmQZqZaUHNzGxBAABwQTMzc0FmZnZBmpl5Qc3MfEEAAIBB
mpmBQTMzg0HNzIRBZmaGQQAAiEGamYlBMzOLQc3MjEFmZo5BAACQQY2XkUEzM5NBzcyUQWZm
lkEAAJhBmpmZQWQ7m0HNzJxBZmaeQQAAoEGNl6FBMzOjQc3MpEFmZqZBAACoQZqZqUEzM6tB
zcysQWZmrkEMArBBmpmxQTMzs0HNzLRBZma2QQAAuEGamblBMzO7Qc3MvEFaZL5BAADAQZqZ
wUEnMcNBwcrEQWZmxkEAAMhBCKzJQTMzy0HBysxBZmbOQfT9z0GamdFBJzHTQc3M1EFmZtZB
9P3XQY2X2UEzM9tBwcrcQWZm3kH0/d9BjZfhQScx40HNzORBWmTmQfT950GNl+lBJzHrQc3M
7EFaZO5BAADwQZqZ8UEnMfNBwcr0QWZm9kEAAPhBmpn5QScx+0HNzPxBZmb+QQAAAELNzABC
k5gBQmBlAkIzMwNC+v4DQtPNBEKTmAVCYGUGQi0yB0L6/gdCbecIQpOYCUJgZQpCLTILQvr+
C0LHywxCk5gNQmBlDkItMg9C+v4PQsfLEEKamRFCYGUSQi0yE0L6/hNCx8sUQpOYFUJgZRZC
LTIXQvr+F0LHyxhCk5gZQmBlGkIzMxtC+v4bQvLSHEKamR1CYGUeQjMzH0L6/h9Cx8sgQpqZ
IUJmZiJCLTIjQgAAJELNzCRCk5glQmZmJkIzMydCAAAoQs3MKEKamSlCZmYqQjMzK0IAACxC
zcwsQpqZLUJmZi5CMzMvQgAAMELNzDBCrJwxQmZmMkIzMzNCDAI0QlrkNEKamTVCbWc2QjMz
N0IAADhCzcw4QpqZOUJgZTpCMzM7QgAAPELNzDxCk5g9QmBlPkItMj9CAABAQs3MQEKTmEFC
ZmZCQlI4Q0IAAERCzcxEQpqZRUJmZkZCMzNHQvr+R0LHy0hCk5hJQmZmSkIzM0tCAABMQs3M
TEKamU1CZmZOQi0yT0L6/k9CzcxQQrKdUUJgZVJCMzNTQvr+U0LNzFRCmplVQmBlVkItMldC
+v5XQsfLWEKTmFlCZmZaQjMzW0IAAFxC081cQpqZXUJmZl5CZDtfQvr+X0LTzWBCmplhQmBl
YkItMmNCAABkQs3MZEKamWVCZmZmQi0yZ0L6/mdCzcxoQr6faUJgZWpCLTJrQgAAbELNzGxC
k5htQmBlbkItMm9CBgFwQs3McEKTmHFCYGVyQi0yc0IAAHRCzcx0QpOYdUJmZnZCMzN3QgAA
eELHy3hCmpl5QmBlekItMntC+v57Qs3MfEKamX1CYGV+Qi0yf0L6/n9C42WAQs3MgEKwMoFC
F5mBQn3/gULjZYJCzcyCQrAyg0IXmYNCff+DQuNlhEJKzIRCsDKFQheZhUJ9/4VC42WGQkrM
hkKwModCF5mHQn3/h0LjZYhCSsyIQrAyiUKynYlCAACKQuNlikLNzIpCsDKLQpqZi0IAAIxC
ZmaMQs3MjEIzM41CmpmNQgAAjkJmZo5CzcyOQjMzj0KamY9CAACQQmZmkELNzJBCMzORQpqZ
kUIAAJJCZmaSQs3MkkIzM5NCmpmTQgAAlEJmZpRCzcyUQjMzlUKamZVCAACWQuNllkLNzJZC
MzOXQpqZl0IAAJhCZmaYQs3MmEIzM5lCmpmZQgAAmkJmZppCzcyaQjMzm0KamZtCAACcQmZm
nELNzJxCsDKdQpqZnUIAAJ5CZmaeQkrMnkIzM59CmpmfQgAAoEJmZqBCzcygQjMzoUKamaFC
AACiQmZmokLNzKJCsDKjQpqZo0IAAKRCZmakQs3MpELDNaVCmpmlQn3/pUJmZqZCSsymQrAy
p0KamadCff+nQuNlqEJcz6hCsDKpQheZqUIAAKpCZmaqQkrMqkIzM6tCF5mrQgAArEJmZqxC
zcysQjMzrUKama1CAACuQuNlrkLNzK5CMzOvQpqZr0J9/69C42WwQkrMsEIzM7FCF5mxQn3/
sULjZbJCSsyyQrAys0KambNCff+zQmZmtEJKzLRCsDK1QheZtUIAALZC42W2QkrMtkKwMrdC
F5m3QgAAuELjZbhCSsy4QrAyuUIXmblCff+5QmZmukJKzLpCsDK7QpqZu0IAALxCZma8Qs3M
vEKwMr1CF5m9Qn3/vULjZb5Czcy+QjMzv0IXmb9CAADAQmZmwEJKzMBCMzPBQheZwUIAAMJC
42XCQkrMwkIzM8NCmpnDQgAAxELjZcRCzczEQjMzxUKamcVCiQHGQvxpxkLNzMZCMzPHQpqZ
x0IAAMhCZmbIQs3MyEIzM8lCmpnJQgAAykJmZspCzczKQjMzy0KamctCAADMQmZmzELNzMxC
MzPNQpqZzUIAAM5CZmbOQs3MzkIzM89CmpnPQn3/z0JmZtBCe9TQQrAy0UKamdFCff/RQmZm
0kLNzNJCMzPTQpqZ00IAANRCZmbUQkrM1EIzM9VCmpnVQgAA1kJmZtZCzczWQjMz10IXmddC
AADYQmZm2ELNzNhCMzPZQpqZ2UIAANpCZmbaQs3M2kKwMttCmpnbQn3/20JmZtxCSszcQjMz
3UKamd1CAADeQuNl3kLZzt5CMzPfQpqZ30IAAOBC42XgQs3M4EIzM+FCmpnhQgAA4kLjZeJC
SsziQrAy40IXmeNCff/jQmZm5ELNzORCsDLlQqab5UIAAOZCZmbmQs3M5kIzM+dCF5nnQn3/
50LjZehCXM/oQjMz6UIXmelCff/pQuNl6kJKzOpCsDLrQpqZ60IAAOxCZmbsQkrM7EKwMu1C
F5ntQn3/7ULjZe5CzczuQrAy70IXme9Cff/vQmZm8ELNzPBCMzPxQheZ8UJ9//FC42XyQs3M
8kI/NfNCmpnzQn3/80JmZvRCzcz0QrAy9UKamfVCff/1QmZm9kJKzPZCsDL3QheZ90J9//dC
42X4QkrM+EKwMvlCmpn5Qn3/+ULjZfpCzcz6QjMz+0IXmftCPQr8QuNl/EJKzPxCMzP9QpqZ
/UIAAP5CZmb+Qs3M/kIzM/9Cmpn/QgAAAEMzMwBDZmYAQ5qZAEPNzABDAAABQzMzAUNmZgFD
mpkBQ83MAUMAAAJDMzMCQ2ZmAkOamQJDzcwCQwAAA0PyMgNDZmYDQ5qZA0PNzANDAAAEQzMz
BENmZgRDmpkEQ83MBEPXAwVDMzMFQ2ZmBUOamQVDkc0FQwAABkMzMwZDZmYGQ5qZBkOLzAZD
AAAHQzMzB0NmZgdDmpkHQ83MB0MAAAhDMzMIQ2ZmCENYmQhDi8wIQwAACUPyMglDi2wJQ1iZ
CUPNzAlDAAAKQ/gzCkNmZgpDWJkKQ83MCkMAAAtDMzMLQyVmC0NemgtDi8wLQ77/C0MzMwxD
JWYMQ5qZDEOLzAxDvv8MQ/IyDUMlZg1DWJkNQ4vMDUMAAA5D8jIOQyVmDkM1ng5Di8wOQwAA
D0PyMg9DJWYPQ1iZD0OLzA9Dvv8PQzk0EENmZhBDmpkQQ83MEEO+/xBD8jIRQ2ZmEUNYmRFD
i8wRQ77/EUPyMhJDqGYSQ1iZEkOLzBJDvv8SQzMzE0NmZhNDWJkTQ4vME0O+/xND8jIUQyVm
FENYmRRDzcwUQ77/FEMzMxVDrmcVQ1iZFUOLzBVDvv8VQ/IyFkOoZhZD25kWQ4vMFkMAABdD
8jIXQyVmF0NYmRdDi8wXQ77/F0MzMxhDZmYYQ1iZGEOLzBhDAAAZQ3UzGUNmZhlDWJkZQ+zR
GUMAABpD8jIaQyVmGkNYmRpDzcwaQwAAG0MzMxtDZmYbQ5qZG0PNzBtDAAAcQzMzHENmZhxD
mpkcQ83MHEMAAB1DMzMdQ2ZmHUOamR1DzcwdQwAAHkMzMx5DZmYeQ1iZHkOLzB5DAAAfQzMz
H0NmZh9DmpkfQ83MH0MAACBDMzMgQ2ZmIEOamSBDi8wgQ77/IEMzMyFDmG4hQ5qZIUPNzCFD
AAAiQzMzIkNmZiJDmpkiQ83MIkMAACNDMzMjQ2ZmI0OamSNDzcwjQwAAJEMzMyRDZmYkQ5qZ
JEPNzCRDBgElQzMzJUMlZiVDWJklQ83MJUMAACZD8jImQ2ZmJkOamSZDzcwmQwAAJ0MzMydD
qGYnQ5qZJ0PNzCdDvv8nQzMzKENmZihDmpkoQ4vMKEMAAClD8jIpQ2ZmKUNYmSlDzcwpQwAA
KkMzMypDZmYqQ1iZKkPNzCpDAAArQzMzK0MlZitDmpkrQ4vMK0NOAixD8jIsQyVmLEOamSxD
i8wsQwAALUPyMi1DJWYtQ5qZLUOLzC1Dvv8tQzMzLkNmZi5DmpkuQ83MLkO+/y5D8jIvQyVm
L0NYmS9Di8wvQ77/L0P4MzBD8GcwQ5qZMEOLzDBDvv8wQ/IyMUNmZjFDWJkxQ83MMUMAADJD
8jIyQyVmMkOamTJDi8wyQ77/MkPyMjNDqGYzQ5qZM0OLzDND</AssayXData><AssayYData Points="900">AAAAAMsmP7rBVIk6a/TPuz2/9jo5h207akcpOiisqzsjo1s6M5+fO0/JJDtvGpE7Je/tOoem
TjsvEeU6ktSBOgRUZTp87187hh9COwvIHzono5s7XkZwO37COTq5koM7ogSVO51BADnl7Ck7
XH4FOoskiDuTdY86SwdiOzEm3DsfoGk6DBP6OpuYjDtWnji5ZDE7uhawIztttFU7OUmdO0xQ
SDt1/4I6O6hbO4NN6zp/i/u5496NuuUFkTu6Ev06qv/tO4AzmDv/WJg7yO7YOu7K4DoUti85
GmwrOmZLQzuJzNU6HG6nOoOfGzsf5TA6yLggO6a3MzuPaEG6za8QO6TPgzuDpyc7WvXKOjGl
YDvQZVw7A2Z/ukV6DDuSlDa7JD59Op1x8zp1Qhw7SQOiurqYaDqGs0C7EnMQO3pFCjsPtnU7
ywOfOpTn4Tqimk47Y39AOrIXjjownM47PNArOuvtcjstJKe67wD2uh3xSzvXZ6g7tnJHutI5
QTt8EIq7mo2MOjqAELogR5s6ysi2OsMQZTpxVEA6aZj6uR/tZblv2YI7ACoYO4mYxLroGmQ7
6BZbuqUvw7baNok4ke6JOvl9lzscL/Y61u6rOe3IiDtJIJo7ofCMO0l6c7qmGB47czJrOu2q
LDqPYEw6qaqqOi1+Qbm432+6t/bPuq0EyrpD4Xo7wqTbulBaoTom2tQ7xyiWuibsNrt/FIq5
Gk2+OjAP2zcM/kA7lUfBOkfYzjuVTYk5WiReOx9ntrpFEja75MBVuwcDkjkBt426AMqquyKG
Fjul3cI6xxxoO4RgAzvvFtm6LcUeu4G3A7s0rjC6MlROOxGbNLrAsl47cfKQul91ijonNB07
FekaOsUmzjr5BAs7yJoRu51t1TlNWOi5e+aMO4QFMru5Vqg6cm1euqqMLjrxeQS7jjvHOqmg
iDvcY8C4Um51O7PREDodLSE7oKxWOwGvdbgzLII68FGZOgAPuTusr+k6hylCO1aa0DrE+Ho6
PgvfOlxbJjqXuFI6JU1OOdkv0Lq518e55yBgOHWEPDuKEmQ6CYqUO9d/Crt3d7k7l4PsOcJe
xLr9toU7gkoKO4w9OzuXxP46zeWaO4Gm0LqU8he7FJ6quSEzajrhQIg7r7BgOy42XTq5ghO7
d/1JOshbnLtstcw6XMwFO9EtIDvUmkQ7q3pruuqFV7tI24g7dFLOuQ7KGzu+PWW5LlXqueuU
eDuOaew63PIBO7KbDrtHcZ06GHwcO/KXPTurqCE7j5PAOo05MTvGWow5zwNTOx/3kDtZmwy6
9d2MOtViZzopts054KNMO3XqzzoiAEA7TSiHuOJThzurLkw7Kke5unsk6Dr0U1m7nTceO60h
pDq1Qow3MyFNOlhyDjv3eHw5j5wWuicqWDtTWny6QQkUuvHKjDuY7X87Rttzug3QHjsS/Oa5
pfWLOwzNo7p7rz275ShvO/XGBbsI0s65GNaBOjxlbbqDib+3CVmFutPivDo928Q6fxh9Oih/
E7qoY+a5VDmbO2mRwzo3Bqe4uMO8uqWskLrYVGG6s917OZmrEDuz1wq41c0EOSriSjvYUrq6
kiasO6o3EzrYLpa56KolOvBO2jpTJuI5Vh3FOmurGjuk44G7HLXfOjsFNbryyyg7x/oXOwOp
FzuW5b46mXd6unVacTtx8ua6aScCuUDBLrpn2II6GgTquRl1jTp+DKs4Hy9rOl4j7zpGTL06
xovEOAl+KzuifF06DGovOzvdmbuUp3U66aXAOhuqBLp+g6a6+ODwuphmTzs4u8w6Wu/eOc3A
OLsewh271S5YOainhTly7YE6vglHurZV1LrzHa26DS7LuuNbDjuOe4U7KlrLum9cIDqzdAu7
+RJiOrnOkDpmLBw7n0SDOu55cLqFznY6bX1rur6vsDkCqYC6zFB6OSt2vLp1yX07HQdJO4jO
M7vHy5M77ag5OrxHIDvJUB46jxiwOZY7KDtagpE7t7UZu9OqQTsE0387NGYNOm++iLon6407
1zBZu5YMZDs6HFM6xUjJutx9+DmvB9G6VnSlORSyljvD4os6SiYROxbFjzpy73E75VLlOm48
ejsgRqk6qTadug6z7Tn3bgK6Zt60uk13BTvtrEc74SFAuQzjPjoYT487U9oYOhfO9rot3+C5
B2cauhL0JLrhBLW6pxdPu/92Z7oMEOc6heplu5harjqbir86/EiSO3IuDzpHhec6rRSHOzrN
IrvSFgY4iO4FurmP1Lqq2VY75ZN1O9nsAjoCvTQ6B4PdOrUo5Dq+kNK4kcVMOdDkPLt26DK6
iRequvzH0rp/l3K7/+xSOwW1zzryrwA6QO9zOgFAIrsYa6+5tRyYupzcK7uenoK6ShYEuMjE
EjuBGLi6mpARu0Qk3LqjEg45guVKu52zDztNlUC6wL01un1BCrsPRpY6RAE9u5C1HDqYGca4
L0IBu2k3s7rBHiU7iaykOJn457oYHzc6KR4huoJHKLubjla7OhB6uyO1hromJ5o6DSIkuzo/
iLmyue06IbCKuxIKvTpO5LM5AWkbuquAK7qVHjO5AVCiOnT4q7u/jpo6oatJuwkWjblf65A6
MpP6uiTfObnxTDM7ciS5uXN8rToxqy27FcwEOdmQnruhdRS7wrH1umhY9rnIkvq3YzkkOq2n
bLs1WdG65UcLOpH09bpW66i6SCpnumtdnrt8+HC7CETfud4wmre1Uaw5pgL1ugu6cDvdQLa6
izC7OkKMj7relY26EBUYO+N1jTssZV+6eMV6u4JZIDpGtZq7CErKuq9hdbtPc0e7l+2TOkVX
iDlxm4Y6rUIxu7HslTvikHK7J/Qguxj7JLuBMxi7YwCkuqEpHzq3Kni6Z7KmOjCN4zlfZ2Q7
rzQBOsw43Dmvh7q6In2Muz7MqjrRySy7lDeXuxjyCrpQpmK7tAJ+OexF4rleDro6KMZ9Ocg/
+brtOjy7rMafOnK+PbrUZI06JNQxuz4YFrk/8Fq5PooEuYrFgzpn/Xq65Scbu9ROPDZ46Mq6
r38/OyuPIrvWOQ27xkiQugjuq7sqcYO6p/+muv13DTqv/KW5MQ28Ou3bHDubpTa7VWq1ua3f
O7oy5ZO6beRmu8DcT7o6lTu7ahYgOtf6J7tY3xO7iK2HuqcEMLm9CQy7rL+GOcRrNjXqnie7
oVwPu0vsuLrzE026Lr2iumMMc7mx/zS70ZMOO+MiTrqfR0O6v4nDugZrzbnCKT+7C9ryumpS
cjtVzis6/JbJuVmVRLvrdFq6LIWZu750Grty4jO6LerbOcd+4rp8xFe6s+rgN6nBgDcNQ/a6
SfzIugz3QrtKCtA6V1+KuX0+IzvieZG6Z5mnuu6dULv1kDG7AzIAuyiB3ro9nkm77ZI9u7m7
fjeaB5y6ZpI6u3gLLLuvkBo5Tkciu1q8g7vFrIi6lBcFu6uha7sMm5E6iZwhu63G5rq71FI6
y3GDOJLUkrtw6Pa43cWWukAfG7vWJRy7qgBHu04sfjj36YG6zzsSu8r7j7oDRP+3WJR3u3Im
tbrOkBC6gt5wuwjI17kcBp05J67Kukb36brSzg+7exacOrZqLDvKZHG7gdkxOx1C07ueBqw6
aCGnuqen9jrC9z25c8e+upAHe7qyRQK4psCGOpnEK7slFDi7mt6qulRUBjsgUzi7z023uta+
eLp5rKa6F4EluwvNOrtzrYE6xkayu2gQKDsd3sS7yY/9umXihzmtOXk7Xm2YuwRTRroTszi5
Qb3luhYhRbncsCC7VlyZOv+RG7vp4cm61MXKujgT6rpRsBq5Bw59u4rD/rqA/a64LMuRuv/S
77m8IEE67XoZu9FEGLvhDUC7xE6huyRmL7ud8YQ6A66qu20IlzomAVO7c69FObnWRLu1w+y5
5bkbu+Nc2bmkQEy6pPF0u68XLLsExeM5/oViuuuDJ7nWwVS7X/kfuzpWHLuTYIu4lpysuXhO
q7pWcOm6dlVlu+up+7o0s7053z4Ium6mhbuAnN+66f5vuNeoJbtUPU+7wuOfu9IJsDgMzIk6
tGkzu/46RrsL7fM65dmmOcyPKrsJuJm79TkSt7Woy7peoI266TUVu+5cYLvu83K6mnTBuPeu
uLhD7xA5K3Sau0oyx7pC6m66rmpdu3cLyLoYRlG7TEP+uZMK6zlsWam7A4cAu49KvbsKjSe6
gCOZuz8hGrtAEB+7UEkXu5SqbbpOpFO6XJRku9YxA7t9Riy6+XQvOrn+druBP8Q6au4Wu6zW
X7swfna7shMCu8BHGbt/U5S7F+Muu5/ztzoWB0q7XtaZu/HkdTmwkry6X4qwOv/4BbtZuHM6
kZ1UuamUp7uce2K6ceQ0Opru8Ls4QL66nE8Su8KcD7ts3wo5OuNNuyFzMzkDEoY6o7Gyu5yC
mbu6tQu7kQ6Yu/gbmbtfy4i6otNrOEpCtbntKT+7zyeOu5a38boN0iO7FzC3uvv/q7vh6DK6
Iy8Muej+KrvtPqO6uikWO7i1F7vKM9264z45uwoMOrvsSYG7N5k3ulVXTTqhgcu6lsg/OnKB
IDqJCq66JXuDuvvl/LrkS9S5+raPu4wT0bvaoYq777L3uyyTC7oPNx27NzCguvsM8rq6FYe7
kSqNOQqP7LpF/bC7Fv+Cujlb67gz9oa7aNUeu14KQ7vBGya6qQ+4ujdZiDj1Gpa7LKVculyg
Tbu96Ee66sQ6uzgfobr6mGS7bRFVu15UsroqPoq7i/OWu/C4Jbojcmy6ah59uiOcl7vNN585
pLwJu7QFQLtlRgi8esxUu8CHIjrjwvW65nUauyU6WrvfL0K6</AssayYData></Step><Step><CommonData><SampleLocation>2</SampleLocation><SampleID>10mM Glycine pH1.7</SampleID><SampleGroup></SampleGroup><SampleInfo>or other Regeneration solution</SampleInfo><SampleRow>B</SampleRow><SamplePlate>1</SamplePlate><WellType>REGENERATION</WellType><Concentration>-1</Concentration><ConcentrationUnits>µg/ml</ConcentrationUnits><MolarConcentration>-1</MolarConcentration><MolarConcUnits>nM</MolarConcUnits><MolecularWeight>-1</MolecularWeight><Temperature>30</Temperature><StartTime>969224</StartTime><AssayTime>20</AssayTime></CommonData><FlowRate>1000</FlowRate><StepType>CUSTOM</StepType><StepName>condition</StepName><StepStatus>OK</StepStatus><ActualTime>20</ActualTime><CycleTime>0.2</CycleTime><AssayXData Points="100">vv8zQ/EyNEPjZTRDFpk0Q0nMNEN8/zRDsDI1QyRmNUMWmTVDScw1Q3z/NUOwMjZDJGY2QxaZ
NkNJzDZDAAA3Q7AyN0PjZTdDFpk3Q0nMN0O+/zdD8TI4QyRmOENYmThDi8w4Q77/OEPxMjlD
JGY5Q1iZOUOLzDlDvv85Q/EyOkMkZjpDWJk6Q4vMOkO+/zpD8TI7QyRmO0MWmTtDScw7Q77/
O0PxMjxDJGY8Q1iZPEOLzDxDvv88Q/EyPUPjZT1DWJk9Q0nMPUO+/z1D8TI+QyRmPkNYmT5D
i8w+Q77/PkPxMj9DJGY/Q1iZP0OLzD9Dvv8/Q/EyQEMkZkBDWJlAQ4vMQEO+/0BD8TJBQyRm
QUNYmUFDi8xBQ77/QUPxMkJDJGZCQ1iZQkOLzEJDvv9CQ/EyQ0MkZkNDWJlDQ4vMQ0O+/0ND
sDJEQyRmRENYmURDi8xEQ3z/REPxMkVD42VFQxaZRUPMzEVDvv9FQ7AyRkMkZkZDWJlGQ0nM
RkN8/0ZD8TJHQ+NlR0MWmUdDi8xHQw==</AssayXData><AssayYData Points="100">g3CavveNhr4zxXC+skNaviAHUb4CoU6+kjFJvpbpT76KllO+M5lVvnBYWb7lqlu+J6hevnIG
Z74kRmy+519wviJ9cr4UsnK+5a15vizof77T0ny+CvaAvnDxgb7eqoS+NWyEvp/nhr7Otoi+
i2eIvv80ir66k4q+VYqNvnnhjb6XZo++DkWPvmqckL70SJK+mc+SvoZYk76Xr5K+5FmXvoUs
lL5Nwpa+JuWXviv2l77+sZe+/ziavoyUm75pG5y+ZJWcvl9+n76DsJ2+MMSdvgA0n74u+KG+
Fl6hvn7wob4eTKS+EhOkvk0rpL5t96S+odmmvnJJpb4UuKe+Frmnvm18pr5fpqa+wB6qvgfB
qL4bLam+hv2pvvCSrL6Rkay+1Lmuvo9urb5eR62+mI+tvmcPrr52jq6+m5Gwvg3Nr75YjLC+
hGyyvrqEsb4PL7K+R0ixvp+as76kObW+kpu0vrymtL4dt7S+T5q2vtjCtb6rv7a+XZO1vkew
tb6zire+jOu3vuGFuL6i9ri+C2C5vg==</AssayYData></Step><Step><CommonData><SampleLocation>1</SampleLocation><SampleID>Running Buffer</SampleID><SampleGroup></SampleGroup><SampleInfo></SampleInfo><SampleRow>B</SampleRow><SamplePlate>1</SamplePlate><WellType>BUFFER</WellType><Concentration>-1</Concentration><ConcentrationUnits>µg/ml</ConcentrationUnits><MolarConcentration>-1</MolarConcentration><MolarConcUnits>nM</MolarConcUnits><MolecularWeight>-1</MolecularWeight><Temperature>30</Temperature><StartTime>994887</StartTime><AssayTime>20</AssayTime></CommonData><FlowRate>1000</FlowRate><StepType>CUSTOM</StepType><StepName>condition</StepName><StepStatus>OK</StepStatus><ActualTime>20.02</ActualTime><CycleTime>0.2</CycleTime><AssayXData Points="100">vv9HQ7AySEPjZUhDFplIQ0nMSEN8/0hDsDJJQ+NlSUOfmklDi8xJQ3z/SUOwMkpDJGZKQ1iZ
SkNJzEpDfP9KQ7AyS0PjZUtDFplLQ0nMS0N8/0tDsDJMQ+NlTEMWmUxDScxMQ3z/TEOwMk1D
42VNQxaZTUNJzE1DfP9NQ7AyTkMkZk5DFplOQ0nMTkO+/05D8TJPQyRmT0OZmU9DScxPQ77/
T0PxMlBDJGZQQ1iZUEOLzFBDvv9QQ/EyUUMkZlFDWJlRQ4vMUUO+/1FD8TJSQyRmUkNYmVJD
i8xSQ77/UkP3M1NDJGZTQ1iZU0OLzFNDQQBUQ/EyVEMkZlRDWJlUQ8zMVEO+/1RD8TJVQyRm
VUNYmVVDi8xVQ3z/VUPxMlZDJGZWQ1iZVkOLzFZDvv9WQ/EyV0OoZldDXppXQ4vMV0N8/1dD
sDJYQyRmWEMWmVhDi8xYQ77/WEOwMllD42VZQ1iZWUOLzFlDvv9ZQ/EyWkPjZVpDWJlaQ0/N
WkO+/1pD8TJbQ+NlW0MWmVtDqtFbQw==</AssayXData><AssayYData Points="100">3k55vfI0wL03mue9HW/2vcOb/735eP69OZ38vZmy8725PvW9Iyf0vX4a770ETe69tfXlvY55
6L1u0+W9VQDgvfyv4r0+iNa9SIDhvaD4472buNm9MRLfvT281b0dDdi9vIncvY2O1b3LDd69
y3DXvUVZz71hndW9vObTvRbCzL0Ab8a9BqfMvT6C0L0ppMi9T+jOve57yr2E+b+9H6bLvWnC
w719ecy9l/rFvZk8w727csW9lXfEvQnFyr1//MS9h5/JvYFIw71imL69TA/Avbtovr2yP8e9
1WPGvTQQx71M+7+9AinDveU0xb2buMG9RRO+vf9gur2ypcG9rG+8vUL1vb0Sibi9+FrDvX8r
vb0wxr+9XRjBvSOYw73BUcO9K+SvvVcsu71Oob29QW23vWl/wr09tra96TC7vSfGvb0LJLq9
Mdq5vZmevL2hH7e9Vka6vQFAvL1pg7q99Ve+vbXft71Gl7m9JfS3vaXDuL20M7e9vl28vVGH
sr2asa29Er+zvazbs73mJbu9mq6yvQ==</AssayYData></Step><Step><CommonData><SampleLocation>2</SampleLocation><SampleID>10mM Glycine pH1.7</SampleID><SampleGroup></SampleGroup><SampleInfo>or other Regeneration solution</SampleInfo><SampleRow>B</SampleRow><SamplePlate>1</SamplePlate><WellType>REGENERATION</WellType><Concentration>-1</Concentration><ConcentrationUnits>µg/ml</ConcentrationUnits><MolarConcentration>-1</MolarConcentration><MolarConcUnits>nM</MolarConcUnits><MolecularWeight>-1</MolecularWeight><Temperature>30</Temperature><StartTime>1020670</StartTime><AssayTime>20</AssayTime></CommonData><FlowRate>1000</FlowRate><StepType>CUSTOM</StepType><StepName>condition</StepName><StepStatus>OK</StepStatus><ActualTime>20</ActualTime><CycleTime>0.2</CycleTime><AssayXData Points="100">3QRcQ883XEMCa1xDNZ5cQ2jRXEObBF1DEDhdQwJrXUN3nl1DaNFdQ5sEXkPPN15DQ2teQ3ee
XkOq0V5DmwRfQ883X0MCa19DNZ5fQ2jRX0ObBGBDEDhgQwJrYEM1nmBDaNFgQ5sEYUPVOGFD
AmthQ3eeYUPr0WFDmwRiQxA4YkNDa2JDd55iQ6rRYkPpBmNDEDhjQ0NrY0N3nmNDqtFjQ90E
ZEMQOGRDQ2tkQ3eeZEOq0WRD3QRlQxA4ZUNDa2VDd55lQ6rRZUPdBGZDEDhmQ0NrZkN3nmZD
qtFmQ90EZ0PPN2dDQ2tnQ3eeZ0Oq0WdD3QRoQ1I4aENDa2hDd55oQ6rRaEMlBmlDEDhpQ0Nr
aUN3nmlDqtFpQ90EakPPN2pDQ2tqQzWeakOq0WpD3QRrQxA4a0PTbWtDd55rQ6rRa0PdBGxD
EDhsQ0NrbEN3nmxDqtFsQ90EbUMQOG1DAmttQ3eebUNo0W1D3QRuQ883bkMCa25DNZ5uQ2jR
bkPdBG9DzzdvQ0Nrb0M1nm9DqtFvQw==</AssayXData><AssayYData Points="100">82rdvuUOxb4iFLK+UjKpvluNpb6rQaG+FsShvlwdob741KG+YZyivvVMor6JpKK+9Xmlvj+J
p76QDKi+h6iqvunXqr7nJay+7XGsvpLTrb5fGq++Yr+xviEGsL6ByLC+XluxvrWOs77corO+
Zyqxvlqksr73c7a+OTO1vjIVtb7Lk7a+gmq3voSkub5Zc7i+Up26vvcvub6sk7q+vve6voys
ub7dJ7u+L9e9vuAsvb4mgb6+L5q+vhEwv74GKsC+6HW/vkpjv77/IsK+fZ3Bvu6CxL57gMG+
XDbBvlvxwb7MHcS+6y7Fvr1qwr6LBsW+f5XFvhZzxr7nasa+H9XEvip9xb5Q/cW+tsLHvqvG
x77AeMe+Xg7Jvr5Oyb6pw8m+ayvJvvDFyr7Nbsm+2lTLvjiAy75r5su+A8jKvmoVy75FR8u+
X6rKvmk9zL5BZM2+/AnPvqdAzL6j6cy+TcjOvnsxz742qM++BIjPvo8qz76w6s++U3DRvgqR
0L6ewdK+lrfRvv4t0b48aNO+NOPQvg==</AssayYData></Step><Step><CommonData><SampleLocation>1</SampleLocation><SampleID>Running Buffer</SampleID><SampleGroup></SampleGroup><SampleInfo></SampleInfo><SampleRow>B</SampleRow><SamplePlate>1</SamplePlate><WellType>BUFFER</WellType><Concentration>-1</Concentration><ConcentrationUnits>µg/ml</ConcentrationUnits><MolarConcentration>-1</MolarConcentration><MolarConcUnits>nM</MolarConcUnits><MolecularWeight>-1</MolecularWeight><Temperature>30</Temperature><StartTime>1046339</StartTime><AssayTime>20</AssayTime></CommonData><FlowRate>1000</FlowRate><StepType>CUSTOM</StepType><StepName>condition</StepName><StepStatus>OK</StepStatus><ActualTime>20</ActualTime><CycleTime>0.2</CycleTime><AssayXData Points="100">3QRwQ883cENDa3BDNZ5wQ2jRcEPdBHFDEDhxQwJrcUM1nnFDqtFxQ90EckPPN3JDAmtyQ3ee
ckOq0XJDmwRzQ883c0NDa3NDd55zQ6rRc0ObBHRDzzd0QwJrdEN3nnRDqtF0Q90EdUMQOHVD
Q2t1QzWedUNu0nVD3QR2QxA4dkNDa3ZDNZ52Q7bTdkObBHdDzzd3QwJrd0N3nndDaNF3Q90E
eEPPN3hDAmt4QzWeeENo0XhDmwR5Q883eUMCa3lDNZ55Q6rReUObBHpDzzd6QwJrekM1nnpD
qtF6Q90Ee0NSOHtDAmt7QzWee0No0XtDJQZ8Q883fEMCa3xDNZ58Q2jRfEObBH1DEDh9QwJr
fUM1nn1DaNF9Q90EfkPPN35DAmt+QzWefkOq0X5DmwR/Q883f0MCa39DNZ5/Q6rRf0NOAoBD
5xuAQ6I1gEM7T4BD1WiAQ26CgEMInIBDorWAQzvPgEPV6IBDbgKBQwgcgUOiNYFDO0+BQ9Vo
gUNugoFDCJyBQ6K1gUM7z4FD1eiBQw==</AssayXData><AssayYData Points="100">Nh+cvTiE+L3euQ2+YeIUvspUGL7bcBS+K2YXvmLjE76i9xO+Qj8Svu6vDr4N+g6+Sk4OvsVM
Db4HDAi+jrAKviAIDL42Jgi+4bAHvlEKDr43oQa+YnUIvlN6Bb4DxAO+FB4EvvoFCL5d6QW+
/AgGvierAb7fwgS+zpMEvvtZA769WwG+dLYAviUFBr7pOAW+4n4AvpA5BL71I/69tGv/vdvU
Ar5/fQC+NBD/vVxOAL49RgG+lzL7vTyN/72q9AC+to/9vd/g+L1KKgC+IiIAviSM/L1j8f69
b0j3vepY8b250PK9KzMAvkBd/r0X2/a9HET5vSUI+L280/m94Bb4va1k/b1+xva9uQz8vWp2
972w7PS9VNL2vQE5+b1jRf+9caTyvTO4971ZRvK9dYr1vcZ0970w2PO9GKP6vblf8r0swPK9
KZL0vUIn+b0QVfK9MBv5vYtt873pMfi9WRD0vW9n+b1kAPG9HwzxvX7G8b3EVvC9Rz7tvdg4
8L0DG/u94mjyvQsc7r3r4u29tsbvvQ==</AssayYData></Step><Step><CommonData><SampleLocation>2</SampleLocation><SampleID>10mM Glycine pH1.7</SampleID><SampleGroup></SampleGroup><SampleInfo>or other Regeneration solution</SampleInfo><SampleRow>B</SampleRow><SamplePlate>1</SamplePlate><WellType>REGENERATION</WellType><Concentration>-1</Concentration><ConcentrationUnits>µg/ml</ConcentrationUnits><MolarConcentration>-1</MolarConcentration><MolarConcUnits>nM</MolarConcUnits><MolecularWeight>-1</MolecularWeight><Temperature>30</Temperature><StartTime>1071861</StartTime><AssayTime>20</AssayTime></CommonData><FlowRate>1000</FlowRate><StepType>CUSTOM</StepType><StepName>condition</StepName><StepStatus>OK</StepStatus><ActualTime>19.999</ActualTime><CycleTime>0.2</CycleTime><AssayXData Points="100">bwKCQ+gbgkOiNYJDPE+CQ7VogkNvgoJDCZyCQ6K1gkM8z4JD1eiCQ28Cg0PoG4NDojWDQxtP
g0PVaINDToKDQwmcg0OitYNDPM+DQ7Xog0NOAoRDCRyEQ6I1hEM8T4RDtWiEQ2+ChEMJnIRD
orWEQzzPhEPV6IRDbwKFQ+gbhUOiNYVDPE+FQ9VohUNvgoVD6JuFQ6K1hUMbz4VD1eiFQ28C
hkMJHIZDojWGQxtPhkO1aIZDb4KGQ+ibhkOitYZDG8+GQ7XohkNvAodD6BuHQ6I1h0MbT4dD
tWiHQ06Ch0Pom4dDorWHQzzPh0O16IdDTgKIQ+gbiEOBNYhDG0+IQ9VoiENOgohDCZyIQ4G1
iEMbz4hDteiIQ04CiUMJHIlDgTWJQxtPiUO1aIlDToKJQwmciUOitYlD4M+JQ9XoiUNOAopD
6BuKQ4E1ikMbT4pDtWiKQ06CikM2nopDgbWKQxvPikO16IpDTgKLQ+gbi0OiNYtDPE+LQ9Vo
i0NOgotDCZyLQ4G1i0M8z4tDteiLQw==</AssayXData><AssayYData Points="100">eu7zvsHE3b7In8u+0ibCviH2ur6cbri+Bl+5vlpCuL7lGrq+Yv27vpT7vL5+Gry+WB+9vgju
vb73xL6+3tnBvrynwb5EDMO+z23DvqaZw74YVMa+k6vFvjtlxr6bBMe+7bnGvoiHyL7hh8e+
GNHIvqpyyb52HMu+j7fKvnzqy76I582+UVnMvoopzr5ZmM2+Q7DOviUjzr6lC86+ZNDPvvb6
z75RN9C+hgzRvgzN0L4Us9K+7cfPvgYS1L5i0tC+JY/TvuiU076UvNS+LmfUvuOA1L5Osda+
PtjVvqcI1L5zrdW+OvHWvp9t1b594Ne+FOfTvjyy1r6Bpde+jKHYvkJX2L5Phdm+YUPXvk7w
2b65Vtm+F8XZvrJZ2r4HJNq+hlrbvttX2r5Agty+kSPbvt2x277WTN++w6fbvhDK2760BNy+
eX/evhx93r7Wfd6+2hzdvlSs3b7lZN6+Yx3evpbV375G1N6+9YXevsB+4b6fD+G+rcDfvsO3
376RnuG+ro/hvklA4b7n6+C+WInivg==</AssayYData></Step><Step><CommonData><SampleLocation>1</SampleLocation><SampleID>Running Buffer</SampleID><SampleGroup></SampleGroup><SampleInfo></SampleInfo><SampleRow>B</SampleRow><SamplePlate>1</SamplePlate><WellType>BUFFER</WellType><Concentration>-1</Concentration><ConcentrationUnits>µg/ml</ConcentrationUnits><MolarConcentration>-1</MolarConcentration><MolarConcUnits>nM</MolarConcUnits><MolecularWeight>-1</MolecularWeight><Temperature>30</Temperature><StartTime>1097373</StartTime><AssayTime>20</AssayTime></CommonData><FlowRate>1000</FlowRate><StepType>CUSTOM</StepType><StepName>condition</StepName><StepStatus>OK</StepStatus><ActualTime>20</ActualTime><CycleTime>0.2</CycleTime><AssayXData Points="100">TwKMQ+kbjEOCNYxD+06MQ5VojEMugoxD6ZuMQ4K1jEP7zoxDleiMQy4CjUPIG41DYTWNQ/tO
jUO1aI1DT4KNQ8ibjUNhtY1D+86NQ5XojUMuAo5DyBuOQ2E1jkMcT45DlWiOQy6CjkPIm45D
YbWOQxzPjkPW6I5DLgKPQ+kbj0NhNY9DHE+PQ5Voj0Mugo9D6ZuPQ2G1j0Mcz49DteiPQ08C
kEPpG5BDgjWQQxxPkEObaZBDT4KQQ+mbkEOCtZBDHM+QQ7XokENPApFD6RuRQ6M1kUMcT5FD
tWiRQ0+CkUPpm5FDgrWRQxzPkUO16JFDTwKSQ+kbkkOCNZJDHE+SQ7VokkNPgpJDrZySQ4K1
kkMcz5JDteiSQ08Ck0PpG5NDYTWTQxxPk0O1aJNDT4KTQ+mbk0OCtZND+86TQ7Xok0NPApRD
yBuUQ4I1lEP7TpRDlWiUQ0+ClEPpm5RDo7WUQxzPlEO16JRDTwKVQ+kblUNhNZVDHE+VQ5Vo
lUNPgpVDyJuVQ2G1lUMcz5VDteiVQw==</AssayXData><AssayYData Points="100">g7kgvUyy3r1wDBS+BPAhvoIMJr5gWC6+OUQsvlnBKb4qyCW+ZMQqvrTsIr5ZkiC+kZ4kvpVn
JL6szCC+LKMcvgEUIb7AoB2+LYwdvgwzG74aLhq+brcYvlf/Gb4WEh2+/7savu6oG76XTRa+
CxQZviwcGL4Z+he+S3wXvtOqFb6xihe+DUoSvlI5E76ktRS+K9sSvtX0Dr7tLhK+6/kRvlfJ
E76BZxK+umISvvhuE75QrBK+X4AOvlN5Db49nhC++bkNvu3uDr7yVRK+DssNvpCKEb6dhQ6+
cW0Pvi0JDL4Z9xC+HHIOviboEL7VOA2+sX8OvguqEL5MtAu+ZaIJvjwTDL7XJQy+CXYMvoN0
D74tNA6+FmUOvl54EL4/wQi+ZiAKvuYmD7600Q++W68LvrLiEL5Lqw++rTYOvl/QC75cqw6+
uXsNvg93DL4athC+1G0MviZmC74Rowu+0TIJvviLDL76vwu+4ZUOvu8BEL6XuAu+TDUNvqEb
C76PRQy+lDUOvpfkCL67RQ2+Q24Lvg==</AssayYData></Step><Step><CommonData><SampleLocation>3</SampleLocation><SampleID>Running Buffer</SampleID><SampleGroup></SampleGroup><SampleInfo></SampleInfo><SampleRow>B</SampleRow><SamplePlate>1</SamplePlate><WellType>BUFFER</WellType><Concentration>-1</Concentration><ConcentrationUnits>µg/ml</ConcentrationUnits><MolarConcentration>-1</MolarConcentration><MolarConcUnits>nM</MolarConcUnits><MolecularWeight>-1</MolecularWeight><Temperature>30</Temperature><StartTime>1123544</StartTime><AssayTime>120</AssayTime></CommonData><FlowRate>1000</FlowRate><StepType>BASELINE</StepType><StepName>Baseline 120</StepName><StepStatus>OK</StepStatus><ActualTime>120</ActualTime><CycleTime>0.2</CycleTime><AssayXData Points="600">TwKWQ8gblkNhNZZD4E+WQ5VolkMugpZDyJuWQ2G1lkP7zpZDleiWQy4Cl0PIG5dDYTWXQxxP
l0OVaJdDLoKXQ+mbl0OCtZdDHM+XQ5Xol0MuAphD6RuYQ4I1mEP7TphDlWiYQ0+CmEPpm5hD
grWYQxzPmEO16JhDTwKZQ+kbmUOCNZlDHE+ZQ7VomUNPgplD6ZuZQ4K1mUMcz5lDteiZQ08C
mkPpG5pDgjWaQxxPmkOVaJpDT4KaQ8ibmkOCtZpDHM+aQ7XomkNPAptDyBubQ2E1m0P7TptD
tWibQ5GCm0Ppm5tDgrWbQxzPm0O16JtDTwKcQ+kbnEOCNZxDHE+cQ7VonENPgpxD6ZucQ4K1
nEMcz5xDleicQy4CnUPIG51DgjWdQxxPnUO1aJ1DT4KdQ+mbnUOCtZ1DHM+dQ7XonUNPAp5D
SxyeQ2E1nkMcT55DlWieQy6CnkNsnJ5DYbWeQ/vOnkOV6J5DcAKfQ8gbn0OCNZ9D+06fQ5Vo
n0NPgp9D6ZufQ2G1n0P7zp9DleifQy4CoEPIG6BDgjWgQ8BPoEOVaKBDLoKgQ+mboEOCtaBD
+86gQ5XooENPAqFDyBuhQ6M1oUP7TqFDlWihQ3CCoUPIm6FDgrWhQ/vOoUOV6KFDLgKiQ8gb
okNhNaJD+06iQ7VookNVg6JDyJuiQ4K1okMcz6JDleiiQy4Co0PIG6NDgjWjQ/tOo0OVaKND
T4KjQ8ibo0OCtaNDHM+jQ5Xoo0MuAqRDyBukQ2E1pEP7TqRDlWikQy6CpEPIm6RD5LWkQ/vO
pEOV6KRDLgKlQ+kbpUNhNaVD+06lQ5VopUMugqVDyJulQ2G1pUP7zqVDleilQy4CpkPpG6ZD
gjWmQ/tOpkP3aKZDT4KmQ+mbpkOCtaZDHM+mQ7XopkNPAqdD6RunQ4I1p0McT6dDtWinQ0+C
p0Ppm6dDgrWnQxzPp0O16KdDTwKoQwkcqEOCNahDHE+oQ7VoqEOQgqhD6ZuoQ4K1qEMcz6hD
teioQ08CqUPpG6lDgjWpQxxPqUO1aKlDT4KpQ+mbqUOCtalDwM+pQ7XoqUNPAqpDCRyqQ4I1
qkPgT6pDlWiqQ0+CqkPpm6pDgrWqQxzPqkO16KpDTwKrQ+kbq0OCNatDHE+rQ7Voq0MugqtD
6ZurQ2G1q0Mcz6tDteirQ/MCrEPpG6xDgjWsQxxPrEPWaKxDT4KsQ8ibrENhtaxDHM+sQ7Xo
rENPAq1DyButQ2E1rUMcT61DlWitQ0+CrUPpm61DR7atQ/vOrUO16K1DLgKuQ+kbrkNhNa5D
+06uQ7VorkNPgq5D6ZuuQ4K1rkP7zq5DteiuQy4Cr0PpG69DYTWvQxxPr0O1aK9DLoKvQ8ib
r0Nhta9D+86vQ5Xor0MuArBD6RuwQ2E1sEP7TrBDlWiwQy6CsEPpm7BDYbWwQxzPsEOV6LBD
LgKxQ8gbsUOCNbFD+06xQ5VosUMugrFDyJuxQ2G1sUMcz7FDleixQy4CskNsHLJDYTWyQ/tO
skO1aLJDLoKyQ8ibskNhtbJD+86yQ5XoskMuArND6RuzQ2E1s0P7TrNDlWizQy6Cs0Ppm7ND
YbWzQ/vOs0O16LNDcAK0Q+kbtENhNbRDwE+0Q7VotEMugrRD6Zu0Q4K1tEMcz7RDtei0Q08C
tUPpG7VDgjW1QxxPtUO1aLVDNIO1Q+mbtUOCtbVDHM+1Q7XotUNPArZD6Bu2Q4I1tkMcT7ZD
lWi2Q0+CtkPom7ZDgrW2QzzPtkO26LZDTwK3Q+gbt0OCNbdD+063Q7Zot0MugrdD6Ju3Qya2
t0Mcz7dDtui3Q08CuEPoG7hD5DW4Q/tOuEO2aLhDLoK4Q+ibuEOCtbhDHM+4Q7bouENPArlD
6Bu5Q4I1uUP7TrlDm2m5Q9iDuUPom7lDgrW5Q/vOuUO26LlDTwK6Q8gbukNiNbpD+066Q5Vo
ukNPgrpD6Ju6Q4K1ukMcz7pDlei6Qy4Cu0PoG7tDYjW7QxxPu0OVaLtDLoK7Q+ibu0OCtbtD
+867Q7bou0NwArxDSxy8Q4I1vEP7TrxDtmi8Q0+CvEPom7xDgrW8Q/vOvEOV6LxDLgK9Q8gb
vUNiNb1DHE+9Q7ZovUNPgr1DyJu9Q4K1vUP7zr1Dlei9Q08CvkPoG75D5DW+Q/tOvkOVaL5D
LoK+Q8ibvkOCtb5DHM++Q7bovkMuAr9DyBu/Q2I1v0McT79DlWi/Q/mDv0PIm79DYrW/QxzP
v0OV6L9DlwPAQ8gbwENiNcBDHE/AQ7ZowEMugsBDyJvAQ2K1wEMcz8BDlejAQy4CwUPIG8FD
gjXBQ/tOwUO2aMFDLoLBQ8ibwUNitcFDHM/BQ5XowUNwAsJDyBvCQ2I1wkP7TsJDtmjCQ0+C
wkPIm8JDYrXCQxzPwkOV6MJDTwLDQ+gbw0OCNcNDHE/DQ7Zow0NPgsND6JvDQ4K1w0Mcz8ND
OOnDQ08CxEPoG8RDgjXEQxxPxEO2aMRDT4LEQ+ibxEOCtcRDHM/EQ7boxENPAsVDyBvFQ4I1
xUMcT8VDtmjFQ0+CxUPom8VDgrXFQxzPxUO26MVDTwLGQ+gbxkOCNcZDHE/GQ5VoxkMugsZD
6JvGQ4K1xkMcz8ZDtujGQ08Cx0PoG8dDgjXHQxxPx0O2aMdDT4LHQ8ibx0OCtcdDHM/HQ7bo
x0NPAshD6BvIQ4I1yEMcT8hDlWjIQy6CyEPIm8hDYrXIQ/vOyEO26MhDTwLJQ+gbyUOCNclD
+07JQ7ZoyUNPgslDyJvJQ4K1yUP7zslDtujJQy4CykPoG8pDgjXKQxxPykOVaMpDLoLKQ+ib
ykOCtcpDkNLKQ5XoykMuAstD6BvLQ4I1y0P7TstDlWjLQy6Cy0PIm8tDgrXLQ/vOy0O26MtD
LgLMQ+gbzENiNcxD+07MQ5VozENPgsxD6JvMQ2K1zEP7zsxDtujMQ08CzUPIG81DYjXNQ/tO
zUOVaM1DLoLNQ8ibzUNitc1D+87NQ7bozUMuAs5D6BvOQ4I1zkP7Ts5DlWjOQy6CzkPom85D
grXOQxzPzkOV6M5DLgLPQ8gbz0NiNc9DXU/PQ5Voz0NPgs9D6JvPQ2K1z0P7zs9DlejPQy4C
0EPIG9BDYjXQQ/tO0EOVaNBDLoLQQ+ib0EOjtdBD+87QQ5Xo0ENPAtFD6BvRQ6M10UPgT9FD
tmjRQ0+C0UPom9FDBbbRQxzP0UO26NFD</AssayXData><AssayYData Points="600">I5wevs8gG76bWxy+YrQYviJpGr60lxq+XWcZvpm8Gb5Z4Bm+ibwZvqxdGb7Sgha+9zgZvmsa
F778wRm+680VvrUBFL7VBha+gewVvvl5Gb6QcRS+ZJsYvv/eFr5hdBW+4/cWvqmDF752hxW+
L2cXvqtnGr4BahW+e3EXvtXREr5nrRS+TZQUvsdsE74EhhW++sIVvgA0F75Hsxe+594Tvom4
Fb7ZBhO+9MAUvmIRFb6apxS+lPITvvfXE77YLRW+1IQUvhXuFL7w6xm+J8cWvtYCFr6d4BW+
InMTvlzWEr6yHxW+PjcYvqdwFr4CVBK+SygTvkw7E74FmRK+hjUVvmPkFL6kOxK+h9ARvsLZ
Fb74tRG+8CkUvmpOE76R3xW+r/sSvlurFb5uPxW+dhASvm1KEr5DUQ++HOERvrm1E771QhG+
lE4Svr/bEL4JARG+Rc4RvqcjFr78vhS+wnkTvvm/FL6xXhK+Kd8QvtwLFL7SHBO+w8wQvoWT
DL4b7xK+INcQvr3oEb7KNBS+njYRvlozDb649hG+zBYUvlfUD74dihO+4vsNvnXRFL7zuxS+
s6IOvkuWE77jPxO+/QAQvremE740mRO+RAgQvlBMDr6unBG+M6URvqdTEL62SQ++8OMQvid/
Er5ckxC+/nwUvq9NDr5kQRS+JPoOvqwQD763dBK+m4MRvqWfD76FTBK+c/QPvjveEb4rPxO+
oJcPvoUjEb54RBK+HQYLvuKJEr6I4Q6+tcsSvlZnCb6oVQ++xjQPvm+eEL7JfhK+1RMUvhIa
D74oohS+IWIQvoxiEL4AgA6+gEULvhm/DL6C0BC+NDUTvtpuE775YBG+FZEQvuSgDL5H9Q++
lMgQvnseE76o9Ay+cc4RvrcYEb4rkAu+n6MPvuHLEL6zMg6+FvQPvhc9Eb6y1hG+Z9gRvokK
EL6VyQ2+jd0Pvu+8Dr6dUQ++aQkMvgBZDr6M7w++xJcQvj0TEL4BTgy+U2QTvg+RD75fnhG+
XrsQvq4wDL4P7Q++2JUOvoiiEL5sgg++94UOvjBSEL5w4A2+xHUQvrfWEL4smg++OnsPvqxz
Dr5baw++oWwPvlfmDr5FiA++Fe8Pvpn9C74oxQ2+q30Qvqo3DL691A6+3JoKvuqJDL4LHBG+
ZasOvrDuDr5t8w++RbAOvtXYC77Gvgy+phcOvr+hD74vew6+sLkMvg9eD76XYhG+I4wPvhMq
Dr6WlQ++IPEOvkntDb7xfQ6+DekOvkABDr4hlQy+6pEOvqejDb6P6gu+SsMOvhPmC75UTw++
zYMOvtKLC75EPxC+fo4OvoGGDL44ow6+lzkPvrUODr55LAq+1nsPvq1eCr5LPwy++7wPvgEG
C77Erg2+l/gMvhZ+Db66zAu+g6kKvr1ODb40zQ++IbkOvp9xC75jgBC+q+cLvqktDb7uEw++
jesOvq5TDb7M6Am+Sb4PvvtiD741NQ6+pQYPvn6cD77g7w6+OMoNvtnkCr6uuQu+f20NviP1
Br4FEg++NGQNvkqpDL4Sawu+RnUPvtTWEL52EQy+/w8OvneqDr5HKBC+2mAQvkUyDL5DVAu+
7rwMviz4D757hgu+W7gLvjxIDr6uzgu+0n4LvtWeC755EQu+xq8Lvv9hDb6r3wu+C8ENvqX9
CL4FlQq+FHIJvkeaCb4Y/A6+jXgOvpHGC77FQg6+M/MNvjqsDL6SJQu+yQUNvjruCr5wgQ6+
CIQNvv+DEL5Dpgi+bMQIvp56DL7s8Qa+EtAPvjTwDr5PFAy+0GoOvm+1Dr4jgg6+uFENvhV6
Db4zvwy+8z0NvhbcDL7vpwy+03YMvnfeDb6sAAy+uxUPvlHlCr5r9Qu+JnIKvheuBr5M5Q2+
sr4KvoaNDr6DTgu+lrEPvrQXC74VHQ2+gJwLvscVDb6Y3xK+wuoMvnvcDb4Biw6++4EMvu4F
Db77fwy+pDYLvvEGDb7S4Qu+YpEKvvn/C75pXg++ug8Nvvo9Db7yCA++b7ANviaaDb4MEwm+
bVAJvv5aCr59FQu+/KoNvkyTCb4snQu+RqUNvqciDL55ngm+5XEQvm53Cr4SSwi+dRAMvv64
Dr643Qi+FZEIvknRCr4sqgy+YesMvj5bCr4UAQ2+RaAMvr08C76pggi+dasMvnfuDL7k3Qi+
LhIPvjS7Cr5Lagu+nUYQvuZLDL5lrQq+svkIvtF+DL66rgq+gYkMvhopDr6hIw2+ipsNvkYf
DL7V9Qm+NosJvu/JB76GPg2+7MUNvuELDL65Rg2+a4EKvgZwC74RWQu+0rEIvt4DCr6y9gu+
g1QOvjnSDr7AvAq+9LMJvtTuCb5QEAu++JsJvs8LCr417Ae+wbwMvrWaB77pGAa+tO4LvrOZ
CL4zswq+FB0LvsrFC74hUw2+b4IJvnLzCr6BaQm+nlwLvrEIDb7o2wi+EqwIvh1+Cr7/pQq+
+KcGvrQNDr5lrgq+TQAKvoukDr7lHQe+VyAMvitPDr757wa+zlkIvsdxCr7Pbgu+7xIKvhQN
Cr6NUgu+whcLvtfmC76RsQq+CJIHvur5B764YQy+oZ8JvvyOC769Mwu+o80IvrS9Dr7UzQ6+
ytYJvoNvB752HQm+tXgJvl+2B76Llgq+l3wKvp8SDL7gdwi+VdMMvm4EDb7IJQ2+WqgKvh3D
Cb7WjAm+w7ALvkhUCr5SfBG+d84NvjJtCL6hHAi+c0IIvqkBDL7EQgm+4SUMvm6iCL5L3Ay+
BJIKvvklCb6qWwa+cv0HvjqtDb5bGAq+gTwGvsXQCr4+Kga+UpMMvulmC75mLg2+TqINvnxx
C75PQwm+P4wKvoazBr4/Igu+MYIMvvmLB74V7wi+V5AJvsYDCL6oVQW+P60LvnqtCb74Cwy+
tJ0IvuVkCr4x8Ae+qXcHvpANC76Mbgm+GfALvgllCr7s0gi+bToFvlWFCr7ppgy+ab0OvveY
CL4pygm+b/EIvq6LCr7+Ywq+790IvvBtCb5h5Aq+t4MJvuKUCr5UKQ6+jZ0Jvk39Cb7Fvwq+
jSoMvks9Cr7vcgq+WgIKviJkB74BAAe+ZG0IvkvkC77Wfgq+2XwLvqSTCr4yfgu+f0ELvqfd
DL5B8wq+obgOvrzaCL7D4we+P9YHvn8KC74gmAm+nS0Hvn8RCr7zlw2+ya0JvuxtD76KHQe+
6swKvsoTC75Bigi+sDQIvsUOBr6R7wu+</AssayYData></Step><Step><CommonData><SampleLocation>8</SampleLocation><SampleID></SampleID><SampleGroup></SampleGroup><SampleInfo></SampleInfo><SampleRow>B</SampleRow><SamplePlate>1</SamplePlate><WellType>KLOAD</WellType><Concentration>-1</Concentration><ConcentrationUnits>µg/ml</ConcentrationUnits><MolarConcentration>-1</MolarConcentration><MolarConcUnits>nM</MolarConcUnits><MolecularWeight>-1</MolecularWeight><Temperature>30</Temperature><StartTime>1252077</StartTime><AssayTime>20</AssayTime></CommonData><FlowRate>1000</FlowRate><StepType>LOADING</StepType><StepName>Loading</StepName><StepStatus>OK</StepStatus><ActualTime>20</ActualTime><CycleTime>0.2</CycleTime><AssayXData Points="100">UALSQ8kb0kODNdJDHU/SQ5Zo0kM1g9JD6pvSQ4O10kP8ztJDlujSQ1AC00PqG9NDpDXTQx1P
00O2aNNDUILTQ+qb00ODtdNDHc/TQ7bo00NQAtRD6hvUQ4M11EMIUdRDtmjUQ1CC1EPqm9RD
g7XUQx3P1EO26NRDUALVQ+ob1UODNdVDHU/VQ7Zo1UNQgtVD6pvVQ4O11UP8ztVDtujVQ1AC
1kPqG9ZDgzXWQx1P1kOWaNZDUILWQ+qb1kODtdZDHc/WQznp1kNQAtdD6hvXQ4M110M+T9dD
tmjXQ1CC10Pqm9dDg7XXQx3P10OW6NdDUALYQ8kb2EODNdhDHU/YQ7Zo2ENQgthDyZvYQ2K1
2EP8zthDtujYQ1AC2UPJG9lDgzXZQ/xO2UPXaNlD04LZQ+qb2UODtdlD/M7ZQ5bo2UNQAtpD
6hvaQ2I12kP8TtpDtmjaQy+C2kPqm9pDYrXaQ8HP2kOW6NpDLwLbQ8kb20NiNdtDHU/bQ5Zo
20MvgttD6pvbQ2K120Mdz9tDtujbQw==</AssayXData><AssayYData Points="100">6u8EvvG7970ufei90MflvYEu2L1WvNO9ppnGvRuvw731V669rKmtvXX+or2QF5i9cUCRvev+
jr1+eHm9K9lnvY6tUb2X30W97YA7vSabIL34ICC9dgUNvX2y/7z5n8G8gsSXvASal7xozD68
Gtw+vFf0q7uOGsO4jY6zOzurEDwznDo8rqdlPLN6mTxK0sA8Q2zZPHUGAz3R8wo9wgEcPXdU
Lj3ggUQ9we5NPR0nYz0mlmU9ED6CPRkwiT3PmpI9UvCXPYLooT3o9Kw9yda2PZu1tz1kYsI9
K1nMPclK1D0f9989oUDgPcYB7j1VvfM9qTnzPdF/Az7kZAQ+swsKPuKsDD4lMRE+/P0VPgpU
Gj474h0+KlUdPgRCJj5ldSk+7XUsPvkzMT6WETQ+WlE7PoVxOz4ajUM+gLxIPn+PSD6ey04+
2C1SPiUsWT7KgFo+R+lfPkswXz4QYWg+6OJoPt5Zbz4mum4+Cf53PpFIdT5W1n8+AliBPjN6
gj4iOYU+PCaHPt7WiD7g54s+JUKMPg==</AssayYData></Step><Step><CommonData><SampleLocation>9</SampleLocation><SampleID></SampleID><SampleGroup></SampleGroup><SampleInfo></SampleInfo><SampleRow>B</SampleRow><SamplePlate>1</SamplePlate><WellType>BUFFER</WellType><Concentration>-1</Concentration><ConcentrationUnits>µg/ml</ConcentrationUnits><MolarConcentration>-1</MolarConcentration><MolarConcUnits>nM</MolarConcUnits><MolecularWeight>-1</MolecularWeight><Temperature>30</Temperature><StartTime>1281686</StartTime><AssayTime>60</AssayTime></CommonData><FlowRate>1000</FlowRate><StepType>BASELINE</StepType><StepName>Baseline 60</StepName><StepStatus>OK</StepStatus><ActualTime>60</ActualTime><CycleTime>0.2</CycleTime><AssayXData Points="300">UALcQ8kb3ENiNdxDHU/cQ7Zo3EMvgtxD6pvcQ4O13EMdz9xDlujcQ1AC3UPJG91DiTbdQx1P
3UOWaN1DUILdQ8mb3UNitd1D/M7dQ5bo3UNQAt5D6hveQ2I13kP8Tt5DlmjeQy+C3kPJm95D
YrXeQ/zO3kOW6N5DLwLfQ8kb30NiNd9D/E7fQ7Zo30Mvgt9DyZvfQ4O130P8zt9DlujfQ1AC
4EPqG+BDgzXgQx1P4EOWaOBDUILgQ+qb4EODteBD/M7gQ7bo4EMvAuFDyRvhQ2I14UP8TuFD
tmjhQy+C4UPJm+FDYrXhQ/zO4UOW6OFDLwLiQ8kb4kNiNeJD/E7iQ/ho4kMvguJDyZviQ4O1
4kMdz+JDtujiQ1AC40PqG+NDgzXjQx1P40O2aONDUILjQ+qb40ODteNDHc/jQ7bo40NQAuRD
6hvkQ4M15EP8TuRDtmjkQ1CC5EPqm+RDg7XkQx3P5EO26ORDUALlQ+ob5UODNeVDHU/lQ5Zo
5UNQguVDyZvlQ4O15UMdz+VDtujlQ1AC5kPqG+ZDgzXmQx1P5kO2aOZDUILmQ+qb5kNiteZD
/M7mQ7bo5kNQAudD6hvnQ2I150MdT+dDtmjnQ1CC50Pqm+dDg7XnQx3P50OW6OdDUALoQ+ob
6EODNehDHU/oQ7Zo6ENQguhD6pvoQ4O16EP8zuhDtujoQy8C6UPqG+lDYjXpQx1P6UO2aOlD
UILpQ+qb6UNitelDHc/pQ5bo6UNQAupDyRvqQ4M16kMdT+pDtmjqQy+C6kPJm+pDg7XqQ/zO
6kO26OpDLwLrQ+ob60ODNetD/E7rQ5Zo60MvgutD6pvrQ2K160Mdz+tDlujrQ1AC7EPqG+xD
YjXsQ/xO7EOWaOxDL4LsQ8mb7ENitexD/M7sQ7bo7EM1A+1DyRvtQ2I17UP8Tu1DtmjtQy+C
7UPqm+1DYrXtQ/zO7UOW6O1DLwLuQ8kb7kNiNe5D/E7uQ5Zo7kNQgu5DyZvuQ2K17kP8zu5D
lujuQ1AC70PJG+9DgzXvQ/xO70OWaO9DUILvQ8mb70ODte9D/M7vQ5bo70MvAvBDyRvwQ4M1
8EMdT/BDtmjwQy+C8EPqm/BDg7XwQ/zO8EO26PBDUALxQ+ob8UODNfFDHU/xQ7Zo8UNQgvFD
6pvxQ4O18UMdz/FDtujxQ1AC8kPqG/JDgzXyQx1P8kO2aPJDUILyQ+qb8kODtfJDHc/yQ7bo
8kNQAvND6hvzQ4M180MdT/NDtmjzQ1CC80Pqm/NDg7XzQx3P80O26PNDUAL0Q+ob9EODNfRD
HU/0Q7Zo9EMvgvRDyZv0Q2K19EP8zvRDtuj0Q1AC9UPqG/VDgzX1Qx1P9UO2aPVDUIL1Q+qb
9UODtfVD/M71Q5bo9UNQAvZDEB32Q4M19kMdT/ZDtmj2Qy+C9kPqm/ZDYrX2Qx3P9kO26PZD
LwL3Q8kb90NiNfdD/E73Q7Zo90NQgvdDyZv3Q2K190P8zvdDtuj3Qy8C+EPJG/hDYjX4Qx1P
+EOWaPhDL4L4Q+qb+ENitfhDHc/4Q7bo+EMvAvlDyRv5Q4M1+UMdT/lD+Gj5Q1CC+UPJm/lD
g7X5Qx3P+UO26PlD</AssayXData><AssayYData Points="300">nLkkP2lnKT+tmCs/0hotP6dgLT/2Hy4/QXwtP1WPLj+gqC0/0cQsP02OLT8/VC4/NM8tP7Iv
Lj+e1Sw/uowsP0xfLT9wIyw/KpEtP76BKz+pGS0/Q1EtP5OLKz9Noyw/5UUsPyOhKz8OiSs/
QbErP+7zLD/Dtyw/eLssP+y4Kj/+5Cs/yCMrP5TXKz+lsSs/djcrP4RuKz/FGCs/f6ArPyqs
Kj+0fis/N4MrP5uZKj+0/is/WD4sP4UNKz9eiSs/EforP9EUKz8Bhys/XPEqP/RGKz+Hsio/
AL8pP2keKj+mlyo/f7QqP8VBKj8x/yk/WpgqP7MgKz+jGCo/0MQpPxO6KT+LRSo/FYkpP8Xs
KT9RRSo/OtMpP7hjKj8RGyo/D88pP2ocKj/7byo/9kIpP7q0KT+koSk/q6EpP1tZKT+sIik/
DrspP5rmKD/bfik/LJ0pP7W+KD+l/Cg/g/YoP5rOKD8UKSk/NpkoP+9AKT8+GSo/R0opP2PC
KD9xUyg/WCwoP5ZXKD/jmyg/+IkoP/GyKD/49Cg/EJgoPzToKD9vXig/fRopP7T1Jz9O1ig/
cVQoP+8XKT9thig/plMoP4rGJz8AUic/K4MoP/vaJz/sXSc/HX0oP/9NJz+QIyc/Ag4oP3tA
Jz8hHCg/E8wnP27fJj/ALyc/WcwnPx5mJj/JYCc/Mh4nP/IEKD/C1yc/vKUnP9XyJz+TqSc/
CKMnP/BKJj/qVic/PaImPxYiJz8kPCY/kcImP/Y6Jj/3XSc/CF4mP0JrJj9IlCU/loYmPx3x
JT9TCCU/ShInP3i5Jj+SfSY/FqsmPydoJj8p+CU/fXYmP1CbJj+TLSY/N4YlP7FAJj9Y+SU/
iN4lP7glJj/hSCU/mHQmP5yHJT+ItyU/1aMmP03uJD9SeyU/oFolP5DIJT/CWCY/WwclP3W8
JT8TOSU/GNEkP1vuJT8E0yU/hXolPw5UJj90ICU/TJklP8JeJD9+LSU/k5ckP1B+JD94jSQ/
TuojPzNlJT/pMSU/oPwjP1IDJT+QViU/tsgkPzKuJD+wzCQ/yn4kP+HlIz9wwCQ/MbYkP+2t
JD+hAyQ/KiIkP2o0JT9k2CM/esAjP/hSJD+4qCQ/nXEkP4p9JD/obiM/U8gkPxcwJD9Q3SM/
F34kP0L2Iz/ymSM/mYAjP6zLIz+6DyM/wOwjP/S7Iz/JzCI/1NcjPwXAIj/axyM/bk0jPwqF
JD940CM/k5AjP1/hIj+Q+yM/3uEiP/GwIz//2SM/kR8jP6r+Iz9mDCM/i8cjP0mmIz98DiM/
cNkiPxJoIz/BeiM/VIQiPy8UJD97cyM/QLAiPxCkIz9gGSI/CRoiPwN6Iz8wgiI/EGkiP2uz
Ij8LcSM/DbwiP6hbIz8j0SM/+rciPwAfIj8GzCI/9lwiP44PIj/94CI/CcciP727Ij+8wCI/
3TgiP+etIj+F8SA/dYUiP6NWIj9tEyI/0TEiP6sIIj907CI/g+YhPyRjIj/UPCE/EzkiPzix
IT9XsiE/snoiP/6pIT//kiE//CIiP6NzIT8XziE/hokhP5x9IT9iSiI/2yQhP9CFIT+MUSI/
n04iPxNmIj9xdyE/</AssayYData></Step><Step><CommonData><SampleLocation>10</SampleLocation><SampleID></SampleID><SampleGroup></SampleGroup><SampleInfo></SampleInfo><SampleRow>B</SampleRow><SamplePlate>1</SamplePlate><WellType>BUFFER</WellType><Concentration>-1</Concentration><ConcentrationUnits>µg/ml</ConcentrationUnits><MolarConcentration>-1</MolarConcentration><MolarConcUnits>nM</MolarConcUnits><MolecularWeight>-1</MolecularWeight><Temperature>30</Temperature><StartTime>1352075</StartTime><AssayTime>20</AssayTime></CommonData><FlowRate>1000</FlowRate><StepType>BASELINE</StepType><StepName>Baseline 20</StepName><StepStatus>OK</StepStatus><ActualTime>20</ActualTime><CycleTime>0.2</CycleTime><AssayXData Points="100">UAL6Q8kb+kODNfpD/E76Q5Zo+kNQgvpDyZv6Q2K1+kP8zvpDluj6Qy8C+0PJG/tDgzX7Q/xO
+0O2aPtDL4L7Qyuc+0NitftDHc/7Q5bo+0MvAvxDyRv8Q4M1/EMdT/xDtmj8Qy+C/EPJm/xD
YrX8Q/zO/EOW6PxDUAL9Q+ob/UODNf1DHU/9Q3tp/UMvgv1D6pv9Q2K1/UM+z/1Dluj9Q1AC
/kPJG/5DYjX+Q/xO/kOWaP5DL4L+Q8mb/kNitf5D/M7+Q5bo/kNQAv9D6hv/Q2I1/0MdT/9D
tmj/Qy+C/0Pqm/9Dg7X/Qx3P/0O26P9DLgIAROQNAETCGgBEjicARFs0AEQoQQBEFk4ARMJa
AESOZwBEW3QARCiBAET1jQBEwpoARPGnAERbtABEKMEARPXNAETC2gBEjucARFv0AEQoAQFE
9Q0BRMIaAUSOJwFEWzQBRChBAURXTgFEwloBRI5nAURbdAFEOIEBRPWNAUSxmgFEjqcBRFu0
AUQowQFE9c0BRMLaAUSO5wFEW/QBRA==</AssayXData><AssayYData Points="100">TT64PuIOoD5oJ5c+pfGQPidGjj5cqow+aqGOPmHBiz5ZdI4+NsCRPlxJjz4ISI8+OMSPPjTE
kD4cAI8+sF6SPmwOkT7nb5I+LxWSPnjNkj7vRpQ+rxeSPk9dkz4QHJI+6B2SPmsjkz6w0ZM+
s5eRPueCkz5qlJI+Tj+SPhplkz7WYpE+YzOTPgJ+lD6RMJE+TBiUPtYHkz7xCpU+tPWSPuR7
kj52MJQ+b+eTPmjKkz58TZQ+SlKXPtr4lT5jg5M+sjKVPtX8lD64f5Q+1MaTPt4llD7gc5M+
coOUPsnplT6GJ5U+CfKVPme4lT5NCJY+3MeUPplolD5fXZY+LxiTPtBAlT5z3ZQ+v/CXPm3y
lT5QipY+zr6WPr8blT4cg5U+o36VPtgwlT6s95U+jWOVPu4GlT5oxpY+PgyVPhvllD7W15Q+
wV6VPsQllT6kmZY+KFSVPgS2lT5BUZc+GS6WPmYslj4ycJY+VKyWPoHdlT4lO5c+r+OWPk5n
kz5veZY+YOCVPsNNlj4WTpY+dp6VPg==</AssayYData></Step><Step><CommonData><SampleLocation>11</SampleLocation><SampleID></SampleID><SampleGroup></SampleGroup><SampleInfo></SampleInfo><SampleRow>B</SampleRow><SamplePlate>1</SamplePlate><WellType>KSAMPLE</WellType><Concentration>-1</Concentration><ConcentrationUnits>µg/ml</ConcentrationUnits><MolarConcentration>-1</MolarConcentration><MolarConcUnits>nM</MolarConcUnits><MolecularWeight>-1</MolecularWeight><Temperature>30</Temperature><StartTime>1382735</StartTime><AssayTime>120</AssayTime></CommonData><FlowRate>1000</FlowRate><StepType>ASSOC</StepType><StepName>Association</StepName><StepStatus>OK</StepStatus><ActualTime>119.999</ActualTime><CycleTime>0.2</CycleTime><AssayXData Points="600">KAECROQNAkSxGgJEficCRFs0AkQYQQJE9U0CRMJaAkTAZwJEW3QCRCiBAkTkjQJEwpoCRH6n
AkRbtAJEKMECRPXNAkTC2gJEjucCREv0AkR6AQNE5A0DRMIaA0SOJwNEWzQDRBhBA0TkTQNE
wloDRH5nA0RLdANEGIEDROSNA0SxmgNEfqcDREu0A0QYwQNE5M0DRMLaA0R+5wNES/QDRBgB
BETkDQREwhoERH4nBERLNAREGEEERORNBETCWgREjmcERFt0BEQYgQREV44ERLGaBESOpwRE
W7QERBjBBETkzQREwtoERI7nBERb9AREKAEFRPUNBUTCGgVEjicFRK00BUQoQQVE9U0FRMJa
BURjaAVEW3QFRCiBBUT1jQVEwpoFRI6nBURbtAVEKMEFRPXNBUTC2gVEjucFRFv0BUSKAQZE
9Q0GRMIaBkSOJwZEWzQGRChBBkS5TgZEwloGRH5nBkRbdAZEKIEGROSNBkTCmgZEjqcGREu0
BkQowQZE9c0GRMLaBkSO5wZEW/QGRCgBB0T1DQdEwhoHRPEnB0RbNAdEGEEHRORNB0SxWgdE
jmcHRFt0B0QYgQdE9Y0HRMKaB0R+pwdEW7QHRCjBB0TkzQdEsdoHRH7nB0Rb9AdEKAEIROQN
CETCGghEjicIRFs0CEQYQQhE9U0IRMJaCER+ZwhES3QIRCiBCET1jQhEsZoIRH6nCERbtAhE
GMEIRPXNCERl2whEjucIREv0CEQYAQlE9Q0JRBQbCUR+JwlEWzQJRChBCUT1TQlEwloJRI5n
CURbdAlEKIEJRPWNCUSxmglEfqcJREu0CUQYwQlE9c0JRMLaCUR+5wlES/QJRBgBCkTkDQpE
sRoKRH4nCkRLNApEGEEKRPVNCkSxWgpEfmcKRFt0CkQYgQpE5I0KRMKaCkR+pwpEbLQKRCjB
CkT1zQpEwtoKRH7nCkRb9ApEGAELRDYOC0TCGgtEjicLRFs0C0QoQQtENk4LRLFaC0R+ZwtE
S3QLRBiBC0TkjQtEsZoLRH6nC0RstAtEGMELRPXNC0TC2gtEfucLRFv0C0QoAQxE9Q0MRMIa
DESOJwxEWzQMRChBDET1TQxEt1sMRI5nDERbdAxEKIEMRPWNDETCmgxEjqcMRFu0DEQowQxE
9c0MRLHaDESO5wxEW/QMRHoBDUT1DQ1EwhoNRI4nDURbNA1EPkINRPVNDUTCWg1EjmcNRFt0
DUQogQ1E9Y0NRMKaDUSOpw1EW7QNRBjBDUT1zQ1EwtoNRH7nDURb9A1EKAEORPUNDkTCGg5E
jicOREs0DkQoQQ5E9U0ORMJaDkR+Zw5EW3QORLuBDkT1jQ5EsZoORI6nDkRLtA5EKMEOROTN
DkTC2g5EjucOREv0DkQoAQ9E9Q0PRLEaD0SOJw9EWzQPRBhBD0T1TQ9EsVoPRH5nD0RLdA9E
KIEPROSND0Sxmg9EfqcPRFu0D0QowQ9E9c0PRLHaD0SO5w9EW/QPRBgBEETkDRBEsRoQRH4n
EERbNBBEekEQRPVNEESxWhBEfmcQREt0EEQYgRBE5I0QRLGaEER0qBBES7QQRBjBEETkzRBE
wtoQRI7nEERL9BBEGAERROQNEUTCGhFEficRREs0EUQYQRFEBU4RRPNaEUR+ZxFES3QRRCiB
EUQmjhFEsZoRRH6nEURbtBFEGMERROTNEUSx2hFEfucRRFv0EUQYARJE5A0SRLEaEkR+JxJE
SzQSRBhBEkTkTRJEsVoSRH5nEkRLdBJEGIESROSNEkSxmhJEfqcSREu0EkQowRJE5M0SRPPa
EkSO5xJEW/QSRCgBE0T1DRNE8xoTRI4nE0RbNBNEKEETRPVNE0TCWhNEjmcTRFt0E0QogRNE
9Y0TRMKaE0SOpxNEW7QTRCjBE0T1zRNEwtoTRH7nE0R89BNEKAEURPUNFETCGhREjicURFs0
FEQoQRRE9U0URMJaFESOZxREW3QURCiBFET1jRREwpoURI6nFERbtBREKMEUROTNFETC2hRE
jucURFv0FEQoARVE6g4VRMIaFUSOJxVEWzQVRChBFUT1TRVEsVoVRI5nFURsdBVEKIEVRPWN
FUTCmhVEjqcVREu0FUQowRVE9c0VRMLaFUSO5xVES/QVRCgBFkTkDRZEwhoWRI4nFkRLNBZE
KEEWRPVNFkSxWhZEfmcWRFt0FkQogRZE9Y0WRLGaFkR+pxZES7QWRGrBFkT1zRZEwtoWRI7n
FkRb9BZEKAEXROQNF0SxGhdEjicXREs0F0QoQRdE9U0XRLFaF0R+ZxdES3QXRBiBF0TkjRdE
wpoXRH6nF0RbtBdEGMEXROTNF0Q02xdEjucXREv0F0QYARhE5A0YRMIaGER+JxhESzQYRChB
GETkTRhEwloYRH5nGERbdBhEGIEYROSNGESxmhhEfqcYREu0GEQowRhE5M0YRLHaGESO5xhE
W/QYRCgBGUT1DRlEsRoZRH4nGURLNBlEGEEZRORNGUSxWhlEfmcZREt0GUQYgRlE5I0ZRNKa
GUSOpxlEW7QZRBjBGUTkzRlEwtoZRH7nGURb9BlEGAEaROQNGkTCGhpEjicaRFs0GkQoQRpE
9U0aRMJaGkSOZxpEnXQaRCiBGkT1jRpEwpoaROCnGkRLtBpEKMEaRPXNGkTC2hpEn+caRFv0
GkQoARtE9Q0bRLEaG0SOJxtEWzQbRChBG0T1TRtEwlobRH5nG0RbdBtEGIEbROSNG0TCmhtE
fqcbRFu0G0QYwRtE9c0bRMLaG0SO5xtES/QbRCgBHET1DRxEwhocRI4nHERLNBxEKEEcRPVN
HETCWhxE0GccREt0HEQogRxE9Y0cRMKaHER+pxxEW7QcRBjBHET1zRxEwtocRH7nHERb9BxE
GAEdRPUNHUSxGh1EjicdREs0HUQYQR1E9U0dRMJaHUR+Zx1EvnQdRJuBHUTkjR1EwpodRH6n
HUR8tB1EGMEdRPXNHUTC2h1EfucdREv0HUQoAR5E5A0eRMIaHkR+Jx5ESzQeRBhBHkT1TR5E
wloeRI5nHkRLdB5EKIEeROSNHkTCmh5EfqceRFu0HkRJwR5E5M0eRLHaHkSO5x5ES/QeRBgB
H0TkDR9EsRofRI4nH0RbNB9EGEEfRORNH0SxWh9EfmcfRM50H0QYgR9E5I0fRLGaH0Svpx9E
S7QfRBjBH0T1zR9EsdofRH7nH0RL9B9E</AssayXData><AssayYData Points="600">agb8PgVGBz/W9w0/IHwSP3OgFD+sFBg/bO8YPyLjGj9Kmxs//FUdP6uzHj+j1B4/amMfP5pK
ID/ipSE/APwgP3EoIj9buyQ/KIAlP9cjJT9xxiY/KGUnP0YWJz8dlCg/a5UpP6ugKj9lLys/
UtwrPxmCLD9oTS0/EXovP1EdLz+4ny8/27MwP62iMT9fiDI/udUyPzH6Mz8dqjQ/YeQ0PxG8
NT8SLjY/hrA3PyZgOD+j0Dg/LdQ5P9OtOj/wfjs/vhI8P+7nPD9Myj0/9EA9P36dPj+rxD4/
Wuo+P57yPz/SYkE/041BPwj7QT9gi0I/cOBCPwpURD86tUQ/3NxEP6n9RT+UT0Y/SGpHPy/n
Rz+WGkg/PLFIP91sST/SYEo/FpZKPwLjSj8KLUw/P9tLP9xQTD+Om00/4I5NPywJTj9Fi04/
JfNOP02+Tj8amE8/oEBQP22sUD8L6FE/nG5SP+NDUj/QOFM/J2pTP8mpUj9bFVQ/N/5UP2mD
VT8ROFY/W1ZXP82UVz9dNlc/QnNYP0l3WT8ye1k/ay5ZP+aDWT88ilo/qT1aPzZmWz9VP1w/
a9FbP7YrXT9Tu1w/9i1dP+IpXj9zDl4/luhdP9SuXj8WoF4/qDtfP4rWYD/gYWA/M4ZgPz2m
YT9bnWA/mbBhPxwRYj+7R2M/9LBiP8g0Yz9Js2I/CcljP7sBZT+DAGU/aElmPwYSZT8AtGQ/
Fo9mP9yYZz9icGc/U7xmP3n9Zz+nc2c/fKxoP+iKaD+S/2g/RD9qPxN4aj/VW2o/H4tqP288
az9w+mk/XlZsP3lCaz8B12s/F7NrPwGXbD8ePW0/GB9tP5P4bT/EVm4/EVtvPxcSbz+Bq24/
BJ1vPzi8bz/rC3E/5lBwP1Q7cT/d7nA/dWRxP730cT9jpHE/epVzP3tmcj9hu3I/kI5yP5n0
cz93IHQ/vIdzP//FdD+3RnQ/Q+R0P5hkdT82AnU/LEN1P+lxdT/N53Q/zuV2P1XRdT/i23c/
vbp3PxbHdz/XW3c/ZUF4P+lveD9RTng/wnJ4P4YOej9pcHk/2vF4P9jqeD90Ano/9Op5P+UN
ej9QqXo/lBN7P5i5ej/IB3s/Ell8P/mQej9nhnw/qN18P6ylez/jaHw/ON98PyCgfT9Nan4/
Bbx9P0ZGfj8OzH0/GLN+P1Bxfj+Tjn4/vSR/P3aJfz+0+X8/yvN+PwQLgD/dVH8/dleAP62R
gD9/OIA/NHyAP9EMgT+froA/s8uAPxTygD+OBIE/0SmBP+IJgT9FbIE/GmyBP0iIgT9RsoE/
mS6BP6AMgj/k6IE/Cx+CPysTgj+dUoI/GbmCP8qbgj/Ol4I/AgKDP3J3gj/fHYM/vPKCP+vS
gj8F/oI/v4qDPyx+gz+pl4M/yjCDP+6Zgz9OkoM/VNyDP+jPgz+6x4M/7CuEPyAVhD+WkIQ/
y7aEP3m2hD8qs4Q/5uiEP/bphD9qMIU/rHKFP2dNhT++54Q/h/CEP0Z5hT9EiYU/PJKFP3ye
hT8wgoU/keiFP0Ughj++JYY/A06GP2S6hT8PUYY/9CaGP1nvhT+4n4Y/lyWGP8Hihj8PvYY/
yZyGPyYhhz8XwYY/vR2HP25Phz/a/4Y/Yp6HPyGEhz+z54Y/HIyHP8Dzhz+o8oc/SoOHPxkF
iD/HSYg/qNWHP4DFhz/++oc/SSSIP9xKiD8AQYg/2FuIP79RiD/60og/QhGJP0PAiD8JS4k/
NOaIP9r7iD9qXok/YmGJP1EQiT+6QYk/uPOIP/nuiD9QT4k/JIGJP+tXiT9zl4g/W86JPxGq
iT+TuIk/R3yKP+ceij/da4o/32aKP40zij+GQ4o/L4GKP3mDij/MZIo/56CKP/jYij+22Io/
iCKLP8z/ij8v2Io/vfyKP84Kiz/Zfos/VyGLP9X7iz891Yo/zc6LP+GWiz/gq4s/d+uLPyzz
iz8pFIw/4xWMP/hDjD8gTYw/MSeMP4HRiz8mB4w/7cOLP7w6jD+2Xow/Sn2MP5V3jD/HTYw/
TcaMP8KFjD91LI0/vhGNP45SjT/FAY0/gwmNPyw4jT9SCI0/y2ONPyhojT/aJ40/MZ+NP2TC
jT/c+o0/FOCNPwO4jT879Y0/c56NP6wgjT/pPo4/wnaOP1A2jj80+I0/DvmNP6gdjj//m44/
jIqOP1o5jj//cI4/ip2OP1Ryjj94vI4/eo+OP3/xjj8wlI4/gauOP/Rljz+r+Y4/D/OOPy65
jj8Y8Y4/HiKPP1c1jz+PVI8/akCPP85Ijz+lpo8/b4qPP+aIjz+I348/Vt+PP6TKjz8iA5A/
Oq+PPx+Wjz8A+o8/iemPP7Hojz+NQ5A/+S2QP+qTkD+EPJA/OCyQP4R8kD+GjZA/E2yQP56u
kD/pn5A/i6SQP9n5kD8Jr5A/85eQP/IBkT9fqJA/8QORP7L5kD9WX5E/E1iRP1DAkD8YxZA/
mGKRP0yPkT84fpE/bGORP3FXkT95opE/b6uRP4F8kT/hm5E/dKKRP0/akT+OcpE/kK+RPx3j
kT+9BZI/KJqRP9GwkT+J75E/GTKSPxMlkj9UnpI/0IKSP8NXkj9kc5I/E5+SP3xnkj+RrpI/
kcCSP6F2kj/fwZI/bpiSP1C2kj8DI5M/LxmTP4gfkz+hUJM/a++SPz/ukj9mGpM/ptSSPxNS
kz9M3JM/Mw+TP4V3kz+cl5M/R8KTP8cBkz9xqpM/ZpOTP+3skz9ds5M/+5aTPzCgkz+3kZM/
wf6TP6IvlD+JPpQ/ztCTP7Thkz/TFpQ/CdeUP87ekz8PLZQ/6kKUPzEelD+LdZQ/XyqVP08P
lD+RnJQ/4SGVP5MLlT9deJQ/M+GUP+TmlD+2u5Q/NjSVP0jRlD8duJQ/LdyUP6kmlT/h5pQ/
2vCUP++XlT+gtZQ/W5+VP472lD8ucpU/qIiVPyM7lT/0ipU/u0WVPysWlj9/5JU//YqVP0LI
lT+AZJU/lpeVP+gBlj/N1ZU/99iVP8TwlT+vd5Y/UvuVP7lAlj9XaZU/BCyWP5R4lj/y8ZU/
XByWP6G0lj/DcpY/HiyWPw0+lj8pYJY/+nmWP8m2lj//15Y/vomWP2tilj9Bv5Y//ISWP/bX
lj+z55Y/AgOXP2YTlz9KLJc/rJSWPxX5lj8WDJc//xOXP28xlz8f/JY/Ii6XP0kXlz8/fJc/
UTSXP0Z1lz/fd5c/kZaXP++Vlz9tw5c/</AssayYData></Step></KineticsData></ExperimentResults>
