<?xml version="1.0" encoding="UTF-8" standalone="yes"?>
<ExperimentResults><ExperimentInfo Name="20250917 PE P5216 - 5377 plate 2 kappa 50 ugl"><ExpDescription>AHC example method - full characterization&#13;
Analyte titration series with reference channel</ExpDescription><RTDVersion>2.0</RTDVersion><RunID>D3453E7F-D910-462D-B051-2D13E2863725</RunID><ExperimentType>KINETICS</ExperimentType><ExperimentSubType>KBASIC</ExperimentSubType><StartDateTime>2025-09-17T15:27:33</StartDateTime><MachineName>BN7KX12</MachineName><UserName>octet</UserName><LotNumber></LotNumber><PlateName>250917</PlateName><PlateName2></PlateName2><SensorName>C1</SensorName><SensorPlate>1</SensorPlate><SensorType>AHC (Anti-hIgG Fc Capture)</SensorType><SensorRole>LIGAND</SensorRole><SensorInfo></SensorInfo><WritingSW>DataAcquisition.exe 11.0.2.1</WritingSW><InstrumentType>OctetRED96</InstrumentType><InstrumentSerial>FB-50284</InstrumentSerial><InstrumentFW></InstrumentFW><IntegrationTime>2.1</IntegrationTime><DSPType>CPF</DSPType><DSPStitching>1</DSPStitching><HasManifest>1</HasManifest><InfoHash>404921046</InfoHash></ExperimentInfo><AssayParamsInfo/><KineticsData><Step><CommonData><SampleLocation>1</SampleLocation><SampleID>Running Buffer</SampleID><SampleGroup></SampleGroup><SampleInfo></SampleInfo><SampleRow>C</SampleRow><SamplePlate>1</SamplePlate><WellType>BUFFER</WellType><Concentration>-1</Concentration><ConcentrationUnits>µg/ml</ConcentrationUnits><MolarConcentration>-1</MolarConcentration><MolarConcUnits>nM</MolarConcUnits><MolecularWeight>-1</MolecularWeight><Temperature>29.7</Temperature><StartTime>0</StartTime><AssayTime>180</AssayTime></CommonData><FlowRate>1000</FlowRate><StepType>BASELINE</StepType><StepName>Baseline 1</StepName><StepStatus>OK</StepStatus><ActualTime>180</ActualTime><CycleTime>0.2</CycleTime><AssayXData Points="900">AAAAAKjGSz4EVs4+mpkZP83MTD8AAIA/1XiZPzMzsz8IrMw/okXmPzvf/z/NzAxAmpkZQGZm
JkDRIjNAnu8/QM3MTECamVlABFZmQNEic0AAAIBANV6GQJzEjEACK5NA/KmZQM/3n0A1XqZA
nMSsQDMzs0CamblAAADAQDVexkCcxMxAAivTQGiR2UDP999AZmbmQM3M7EACK/NAaJH5QM/3
/0B9PwNBZmYGQYGVCUG0yAxB5/sPQRsvE0FOYhZBgZUZQbTIHEHn+x9BGy8jQU5iJkGBlSlB
zcwsQQAAMEEbLzNBTmI2QYGVOUG0yDxBGQRAQRsvQ0FOYkZBgZVJQc3MTEEAAFBBMzNTQWZm
VkGBlVlBtMhcQef7X0EbL2NBZmZmQYGVaUHNzGxBAABwQTMzc0FmZnZBmpl5Qc3MfEE9CoBB
mpmBQTMzg0HNzIRBZmaGQQAAiEGamYlBMzOLQc3MjEFaZI5BAACQQZqZkUEzM5NBzcyUQWZm
lkEAAJhBmpmZQTMzm0HNzJxBWmSeQQAAoEGamaFBokWjQc3MpEFmZqZB9P2nQZqZqUEzM6tB
wcqsQWZmrkEAALBBmpmxQScxs0HNzLRBZma2QQAAuEGamblBMzO7Qc3MvEFmZr5BAADAQZqZ
wUEzM8NBzczEQWZmxkEAAMhBjZfJQScxy0HBysxBWmTOQQAA0EGNl9FBMzPTQc3M1EFmZtZB
AADYQZqZ2UEnMdtBzczcQWZm3kEAAOBBmpnhQTMz40HNzORBZmbmQfT950GNl+lBMzPrQcHK
7EFmZu5BAADwQZqZ8UEnMfNBzcz0QWZm9kEAAPhBjZf5QScx+0HByvxBWmT+QQAAAELNzABC
mpkBQmBlAkItMgNC+v4DQs3MBEKTmAVCYGUGQjMzB0IAAAhCx8sIQpOYCUJmZgpCLTILQhkE
DELHywxCk5gNQmZmDkItMg9CEgMQQs3MEEKTmBFCYGUSQi0yE0L6/hNCx8sUQpOYFUJgZRZC
LTIXQvr+F0LHyxhCk5gZQmBlGkItMhtC+v4bQsfLHEKTmB1CYGUeQi0yH0IAACBCx8sgQg6t
IUJgZSJCMzMjQvr+I0IX2SRCk5glQmBlJkItMidC+v4nQsfLKEKTmClCZmYqQi0yK0IAACxC
zcwsQpqZLUJmZi5CMzMvQgAAMELNzDBCmpkxQmZmMkIzMzNCAAA0Qs3MNEKamTVCZmY2QjMz
N0IAADhCzcw4QpqZOUJmZjpCMzM7QgAAPEIQ2DxCmpk9QmZmPkIzMz9CAABAQs3MQEKamUFC
ZmZCQi0yQ0IAAERCzcxEQpOYRUJmZkZCRjZHQgAASELNzEhCk5hJQmZmSkIzM0tCAABMQs3M
TEKTmE1CZmZOQi0yT0IAAFBCzcxQQpqZUUJmZlJCMzNTQgAAVELNzFRCmplVQmZmVkItMldC
+v5XQsfLWEKTmFlCYGVaQjMzW0ISA1xCzcxcQpOYXUJmZl5CWDlfQgAAYELNzGBCmplhQmZm
YkItMmNC+v5jQsfLZEKamWVCYGVmQjMzZ0L6/mdCx8toQpqZaUJgZWpCMzNrQgAAbELNzGxC
k5htQmBlbkIzM29CAABwQsfLcEKTmHFCZmZyQjMzc0L6/nNCx8t0QpOYdUJgZXZCMzN3Qvr+
d0Ls0XhCmpl5QmBlekIzM3tC+v57QsfLfEKTmH1CYGV+Qi0yf0IAAIBCZmaAQs3MgEIzM4FC
F5mBQn3/gULjZYJCSsyCQrAyg0IXmYNCff+DQuNlhEJKzIRCsDKFQheZhUJ9/4VC42WGQkrM
hkKwModCF5mHQgAAiELjZYhCSsyIQjMziUIXmYlCAACKQulmikJKzIpCsDKLQheZi0IAAIxC
ZmaMQs3MjEKwMo1CF5mNQgAAjkJmZo5CYtCOQj81j0KamY9CAACQQmZmkELTzZBCMzORQpqZ
kUIAAJJCZmaSQs3MkkIzM5NCmpmTQgAAlEJmZpRCzcyUQjMzlUKamZVCqAaWQmZmlkLNzJZC
MzOXQpqZl0IAAJhCZmaYQs3MmEIzM5lCF5mZQn3/mUJmZppCzcyaQkY2m0KamZtCAACcQuNl
nELNzJxCMzOdQpqZnUJ9/51CZmaeQs3MnkIzM59CmpmfQgAAoEL2aKBCzcygQrAyoUKamaFC
ff+hQuNlokJKzKJCsDKjQpqZo0IAAKRCZmakQkrMpEIzM6VCF5mlQgAApkJmZqZCzcymQjMz
p0IXmadCff+nQmZmqELNzKhCMzOpQpqZqUJ9/6lCZmaqQkrMqkKwMqtCF5mrQgAArEJtZ6xC
SsysQrAyrUIXma1Cff+tQuNlrkJKzK5CMzOvQheZr0J9/69CZmawQkrMsEKwMrFCL52xQgAA
skLjZbJCzcyyQrw0s0KsnLNCff+zQuNltELNzLRCtjO1QheZtUJ9/7VC42W2Qs3MtkKwMrdC
F5m3QgAAuELjZbhCSsy4QrAyuUKamblCff+5QuNlukJKzLpCMzO7QheZu0KJAbxC42W8QkrM
vEKwMr1CF5m9Qn3/vULjZb5CSsy+QrAyv0IXmb9CAADAQuNlwEJKzMBCsDLBQheZwUJ9/8FC
42XCQkrMwkKwMsNCF5nDQuwRxELjZcRCSszEQjMzxUIXmcVCAADGQuNlxkLTzcZCMzPHQpqZ
x0J9/8dCIXDIQs3MyEIzM8lCmpnJQgAAykJmZspCzczKQjMzy0KamctCAADMQmZmzELNzMxC
MzPNQpqZzUKJAc5CZmbOQs3MzkIzM89CmpnPQn3/z0JmZtBCzczQQrAy0UKamdFCAADSQmZm
0kJo0dJCMzPTQpqZ00IAANRCmG7UQs3M1EIzM9VCmpnVQgAA1kLjZdZCzczWQrYz10KamddC
AADYQmZm2ELNzNhCMzPZQpqZ2UJ9/9lCZmbaQs3M2kIzM9tCmpnbQgAA3EJmZtxCSszcQjMz
3UKamd1CAADeQuNl3kJ71N5CsDLfQheZ30J9/99CeWngQs3M4ELJNuFCmpnhQn3/4UJmZuJC
SsziQrAy40KameNCff/jQuNl5EJKzORCsDLlQheZ5UJ9/+VCZmbmQs3M5kKwMudCmpnnQn3/
50LjZehCzczoQrAy6UKamelCBgHqQuNl6kJKzOpCsDLrQheZ60IAAOxC42XsQs3M7EKwMu1C
F5ntQgAA7kLjZe5CzczuQrAy70IXme9Cff/vQmZm8EJKzPBCsDLxQheZ8UIAAPJC42XyQkrM
8kIzM/NCF5nzQgAA9EJmZvRCSsz0QrAy9UKamfVCff/1QmZm9kLs0fZCMzP3QheZ90IAAPhC
42X4QkrM+EIzM/lCmpn5QgAA+kLpZvpCSsz6QrAy+0KamftCff/7QmZm/ELNzPxCsDL9QheZ
/UJ9//1C42X+QkrM/kIzM/9CF5n/QkIAAEMzMwBDZmYAQ5qZAENWzgBDAAABQzMzAUNmZgFD
mpkBQ83MAUMAAAJDMzMCQ2ZmAkOamQJDzcwCQwAAA0MzMwNDZmYDQ5qZA0PNzANDAAAEQ7w0
BENmZgRDmpkEQ83MBEMAAAVD8jIFQyVmBUOamQVDzcwFQwAABkPyMgZDZmYGQ5qZBkPNzAZD
AAAHQ/IyB0MlZgdDmpkHQ4vMB0MAAAhDMzMIQ2ZmCEOamQhDzcwIQwAACUMzMwlDJWYJQ5qZ
CUPNzAlDAAAKQzMzCkNmZgpDWJkKQ4vMCkMAAAtD8jILQ2ZmC0OamQtDi8wLQ77/C0PyMgxD
JWYMQ5qZDENQzQxDvv8MQzMzDUNmZg1DWJkNQ4vMDUO+/w1DMzMOQ2ZmDkOamQ5DzcwOQwAA
D0MzMw9DJWYPQ5qZD0PNzA9Dvv8PQzMzEEOuZxBDmpkQQ83MEEMAABFD8jIRQyVmEUOamRFD
zcwRQ77/EUN7NBJDJWYSQ1iZEkOLzBJDvv8SQ/IyE0MlZhNDWJkTQ4vME0O+/xND8jIUQ2Zm
FENYmRRDzcwUQ77/FEMzMxVDJWYVQ6abFUOLzBVDAAAWQzMzFkMlZhZDWJkWQ4vMFkMAABdD
/jQXQyVmF0NYmRdDi8wXQ77/F0M5NBhDJWYYQ5qZGEOLzBhDvv8YQ/IyGUMlZhlDWJkZQ83M
GUO+/xlDMzMaQ2ZmGkNYmRpDi8waQwAAG0PyMhtDJWYbQ1iZG0PNzBtDAAAcQ3UzHEOoZhxD
mpkcQ83MHEMAAB1DMzMdQzdpHUOamR1DzcwdQwAAHkMzMx5DZmYeQ5qZHkPNzB5DAAAfQzMz
H0NmZh9DmpkfQ83MH0NIASBDMzMgQ2ZmIEOamSBDzcwgQwAAIUMzMyFDZmYhQ1iZIUPNzCFD
AAAiQzMzIkNmZiJDmpkiQ83MIkMAACNDMzMjQzFoI0OamSNDzcwjQwAAJEMzMyRDwWokQ5qZ
JEPNzCRDAAAlQzMzJUNmZiVDmpklQ83MJUMAACZDzzcmQ7RoJkOamSZDi8wmQwAAJ0PyMidD
JWYnQ9uZJ0NWzidDAAAoQ/IyKENmZihDWJkoQ4vMKEO+/yhDMzMpQ2ZmKUNYmSlDzcwpQ77/
KUMzMypDZmYqQ1iZKkOLzCpDAAArQzMzK0MlZitDWJkrQ4vMK0O+/ytD8jIsQ2ZmLEOamSxD
i8wsQ77/LEMzMy1DZmYtQ5qZLUOLzC1Dvv8tQ/IyLkNmZi5DmpkuQ4vMLkMAAC9DMzMvQ2Zm
L0Phmi9DzcwvQ77/L0PyMjBDK2cwQ1iZMEPNzDBDvv8wQ/IyMUMlZjFDmpkxQ4vMMUMAADJD
MzMyQyVmMkOamTJDzcwyQ2AFM0PyMjNDJWYzQ1iZM0PNzDND</AssayXData><AssayYData Points="900">AAAAAC7khjtgo9Y5mEt/O9tN0ztcTfs7ayTgOwMoWzuAxwE8EPwJPC+i/ztGJME7fR3yO8X5
yTs+UtI7D4n7O8hRtDvFud47wKflO2qyrzvKf3Y7fW1SO1qS2zvyBeA7WCfpO3zPEzsKcqM7
VmAPPMyqDTyLzEE7xHE9OxiG3TtNeoI7pFXwOvZjszulidI7jIuYOyKwQjs77Ji6D3UYO8f8
qTvPIlQ7xZIVulEaHztsq607iFiLO75gDTvEVII7BnUqOjXz2DtXVSo7rDDzO3ysCTyi8Ac8
Zfu/OzY5wTsZwo07hjigO+46zTvmU4w7a3OUO5vk1zujy6s7G9f/O/5q3zvBU9E7SO8/Ols9
OTvp8xc7bXiuOynAyDvTH4A7k7HwOxub7TvkqjY8MTnFO5AbmztB/5U7Q9XUO7nlXDt4a4o7
M32jO8D0eDsIdcI7uH3vO+FJrDuvKTY87C9nO5b9BzxHA9Y7STaUO8mHFjzz6Yk7u1nfO1K7
HzzJ6wg8s1e3O7+2tDtD0Kw7WnkfPLEvtzuYZg06VBcZO9n9mTsKhec7ELffO6iwyjuTZoU7
PhJuO1+u1jveg9c7TozsO2dAmzsr+bQ7U04zO8xxrjvwBc071dVuOzlqIjyONkk7/5yIOxhe
DDyo09E7tc4pPNWu3Tuj7t47kUsQPO8o6TvHSJg7rlYEPHH4lDvw18g7vvQwO7QJ4Tqwk7g7
qDvuO2ZDlTvWex08SZffO8542jvKXM47oiEWO0CJvjt4ffs7JdGeO/K/IjsZcfA7LxsbO4zQ
yjsj1xs89qqXO/KEDzvbD4Q7EpLqOy5lyTv+Ngc8NOmTOzwVFjw4qJk7Z6mFO8zz2DvZSoY7
A46NOyHcoDsDUCE73Q6AO7c9cDsrsQc8IRHhO/mppzv+bmk78/N8O+RfmzoqgKU7V7kzO++N
vztDjjg7NWHdOhcS0DtjSAs8GiakO+bV9TuSx+I7b1i9O085kLlKEas74B0KPLqghDsbFJk7
7p6eOypHKTuUQbY7jxu9OwR1vDuMOzI8OIdXO4FyPjte+/c7llXAOyxf4zu7KKE7GJZEO/RZ
NDuZDaA72LygO0slkjodc1U7uCv1Oof2ljuhM2I78KvwOZJwzjuaf5s7y9maO+is0jqlfRQ7
ifYtO2/I4jt1/347RkqfOukf5Dvawo87XXgyO3BPgjtV5pA7U/P+Ot2OxTsAMAA8My4xO413
ujtt81o7rF/7OoRPFzvz05w7UmeeO8Uu8zsxxqY7kqxZO/iST7p7gaw7KS4wOzobxzs1TXM7
LfcuO4HnnzvH90U76QjuOzSgAjsclLw7Jx7nO/eL/jk+MIw7qWNLuuC5hzt4GOA7jPsHO1lu
6TqBFMQ7CyUiO1krqzvGIE06CS+GOWfytTtm7g87lnwgOuLOpTr10qQ7veCYO2FWCzt5qQo8
GyK0OxkfBbkuOAI7ZAWiOxg55zpsYMA7odW2Ot4yhTuS3347qirNOiKdNzsIMR07p5NmO0J9
Vjsnrpu5GqFUO5WRsDvgIrE7hrwzOmXLZjtLhJI73TJqO3q/M7p57tk7jWJiO6Zsljs5L5W6
jMuhO4bzzzsLkqk7f6RKOhDdJjvpqK07+bBFOpiJHztdmIc7+4dNOzoUWzvUdWM7VWf6Ojyj
ojofHzM7oGm7OxQpLjsULpU7ZN5uO3fooTtH2pg78x8jOxHQaDv0/im324Dbua2sBToy0Ww7
VyS/OtBrITu797Q7I74hO1uSODstoYo7TUNRO6LnI7o69Jk7yZnLO5OtTzuW2eQ6NTZkOj3f
hzo19aQ7JPLBug2dlzqYKIA7ZLgMuhtQNDvxgFM6HqtoujPXezsj+TY7R3OnOYqxiTv5LJA6
FTiWOvgsEDp71jg7NP8IO+RMSLljISE7a+EcO6YC1rmQQXs7bSKKOx8eubqsT9A6uc6EuucA
5bp2w6E6306NO+AuSDt9QCk7VJ0Xu/BYRzsrKgE7+JlvOp29wDs21w87LXxOOzMLIbq7G4A7
VSh0unxELDtXOyE7DjCwOh/EkzuOeP66G+/zupFnOLsEYim6juKSOlZHLjvNO8Y6kDOlOSnq
nLkzOWo7sOiSO3OVITtnD5A7q+oNuZjj9zjFqpw5pPjXueSKhLrURDO6ZhiiOhTKAbsmooQ7
uaZSO0FZJjutdQy7kVpVuoB5g7pxhqW6cm7uun4X5Tq+vGI6Xa9au+3kQTsJW0w7KyL6Osyj
27mft9c51aNxOr3usDrkIoq62912u33hGruGysK5QH8EOymFKjuZwSU7DQHuuvIYQDsN6/M6
cNBOOsKyZjuy/0y6rpF8u/tTSTkQ3o27ib4uu6MSNzsBlE46fzbWOpEcgrsBGZ07GezHO1EU
HrsfaAy72ICuu8r+TbpPZyK6aP6pOnNDrroALpE6V3lgulr1EDvcgRc73GeEOkd/jrt8a606
NWGIuprKHLvPBEU7YeFtu1LaiLqPlxG7CMiHu2eCDrvOSzC73WZpOpFhi7qnb4k5SiyfOg7n
J7u4ars6377vuf/dfrlJ9II6uLpeu/CJNLp/xp86kAo/uy5vabteChq6b4Ivu9hyM7s9r1U5
GAFgOwN/VzvE9S26MSCIOc1MZLvddWq7qfQQuzA47zhN20a7VsFiu+0hS7t9IbO72lKFuw4I
HLsM20e7KUT9OkFibLt+TAk7L5D/upxsA7oJPKi6I5iOu7UKWTs1DVi7II8Lugrkjrk/4FK7
ZxrAumDA/TppKi+6kBvFur+TxLuSUuq5qWGHOkgIlrmTnIy6cLU4u/M3gDunTKg6wpuMus0M
ars5eEg7fAHvujnC8bo9tZS6Jc4kuxlOB7uqPo861a6HuxEwx7oD17q7w0UaupZNg7q1VAu7
/TOFujot8LrPUBI7zrUmu6PADzu87ym74jPWum5SDbshnao6LH8xuUbnnboHmYm7WYS1uvF5
/7qWrhg5OdxyOT0YDbtHoxA72/8Zu5kaNjqLQpc51iwoug3JLLvZyYy7UDlgu28TSjrsfXu7
/rm6ui2yv7q38OS5cGScutUSpbvVIeY6fKNnuy7RHrqAL9q6THqXuxkWB7v342+7swGEu9oV
LrujQSe5xihxu/BcBzuuMoW5qXSYu4b0urqQ+3a77R+pu+E4XbsgIUG7uFSNOQimSrsLiJu7
o0BGu6S3DDj3tzm7Jzavu2ZZXrvlqx+7rgsDOg8erLuW2Z277AABu6O+a7oNjru5E9F8u80i
f7t0wJG7KClouSJjdLsJmnW50MLPuzQn2bsC15G7sRhWu/IhNbuPy1G7yWuDu5a3h7rLFz+6
uAaLu9JbhLv5gO+7Oca9uznr0rtiYWe79Mk4u/7ZpbsvfLG7nY07u648/7pGnqy7npi+u0s5
wbsf5ZC7sOlhu6PonbsT27271EjYuW/6uLvIPQK7yASQu5TJpLtdxj27FF+5umXuCrwxUgu8
AHrPu9Bo0btxCSO7VveHu9+rXLswCoK7gXmruw5dHDp6cBW7JCj5u1IwjrsfZIy7MOLFu5/2
6LvjTIq73Kjiu5mR6Lq9jC67vxwbutlvFbx0u9y7QFFjuySvg7ulUI+71oWPuygxvLvzgYK7
nCoZvC/juLubT7i7qB3Ru36ygrv6wMm75i6Qu6BKw7vyoSK8fqIVvO8zdLvGTym7pmeWu4ug
0bqYyzy79d3Cu36z3jnHBia8TyCKuyauc7vDPdS77NfUuwnLjLt44OS7eoG2uxGrrLvytTG7
IYy+uvuhB7wGmbO78b+VuxsHvLsvuuO7BxjHu07+vbuC1s27jYCYuspOkLunhQS8vJYiu9OX
M7umFci7EqPRuxWL57ue3sW7BXfQu1fBCbvRNJK79wCPu18c1Lt7nv67cS6Au4OXGrxw8bK7
L2Pru5YTlruqp+G7CSlYu2pRnrsoM/C7gPHUu0/zortuL/i7vJgLvP7WFLxrKdG7yiebu+qR
xLsOkCS8/tHDuwVpqbuVDoy7NADAu5qh97vK7+67qIYMvAjS57vH28677kZDu2uiwbtAmCG7
g9f5u/NeurtOioG7keWTu1aYcruEWZO7VIgDvM0K/ruaCBS8arIZvLy8hLuQ9aO7miPKu/ed
+rvDu4y7Ynqwu+XZCrxYbZS7INzsu2qD1rtAqLK7q+LOu75T8rvtswK8mVq5u/Y4HbzEGFO7
ZDz2u2Rw6ruX1wK86dWvuzjXprv+l/S7m9O6u7YuzrvTsYy7f3ItvHfhBrzMVXy7qy0PvApv
ELt95bq7ThoUvLWQybshcAa8nsY+u8BUfrsgD/y7C3IMvEUd0Ls34A288qCBu6OTyLv2+uO7
aYzKuz4bSrsjqcq7eh+pu6jYrLtecHe7InUAvGgLE7z8ldW7njoLvFcI6LvdmPu7Z6iNu9A6
9rvI9yq8OPOnu0uU9LuQ0+m7OLSZu/nPH7wF/g+8LZz6u0zFsbv7qaK7Tbrcu0U0DbyqMx68
wh7lu+v5+7ttqgu8UlqpuUVWiLvJBq+7vucvvLS2FrzTmwu8WqX0uwteGLzXAfG7UKATvCle
6rtULjC8hD3wu1Ll9bu4+Hy7Ko4QvGjelLtcdB28A2YlvPom4LuYfCO8JhYPvJ7CFLxTTxO8
1rcYvJeVGryY5Rq81qkWvAJBBbwXrxy8rSP0u+7lFbyfTju8suHbu3YiFLzrvxG8VGWfuxfj
x7ubq+G7CHwuvJCGDbyWwBG87qR9u0yKmLuKfCO85FBuu8L3QLyLLhW8AUAmvKzyDLwt3r+7
Ul20u7mvtbtHKIO7UzkGvIRm+bsJs+K7SWwCvEstGrxoLxm8</AssayYData></Step><Step><CommonData><SampleLocation>2</SampleLocation><SampleID>10mM Glycine pH1.7</SampleID><SampleGroup></SampleGroup><SampleInfo>or other Regeneration solution</SampleInfo><SampleRow>C</SampleRow><SamplePlate>1</SamplePlate><WellType>REGENERATION</WellType><Concentration>-1</Concentration><ConcentrationUnits>µg/ml</ConcentrationUnits><MolarConcentration>-1</MolarConcentration><MolarConcUnits>nM</MolarConcUnits><MolecularWeight>-1</MolecularWeight><Temperature>30.1</Temperature><StartTime>207922</StartTime><AssayTime>20</AssayTime></CommonData><FlowRate>1000</FlowRate><StepType>CUSTOM</StepType><StepName>condition</StepName><StepStatus>OK</StepStatus><ActualTime>20</ActualTime><CycleTime>0.2</CycleTime><AssayXData Points="100">AAA0Q/IyNEMlZjRDAKA0Q4vMNEMAADVD8jI1QyVmNUOamTVDi8w1Q77/NUMzMzZDqGY2Q1iZ
NkOLzDZDvv82Q/IyN0MlZjdDWJk3Q4vMN0O+/zdD8jI4QyVmOENYmThDi8w4QwAAOUPyMjlD
JWY5Q1iZOUPNzDlDAAA6QzMzOkNmZjpDmpk6Q83MOkMAADtDMzM7Q2ZmO0OamTtDzcw7QwAA
PEPyMjxDZmY8Q5qZPEPNzDxDAAA9Q/IyPUNmZj1Dmpk9Q83MPUMAAD5DMzM+Q2ZmPkNYmT5D
zcw+Q77/PkMzMz9DZmY/Q5qZP0PNzD9DAABAQzMzQENmZkBDmplAQ83MQEMAAEFDMzNBQ2Zm
QUNYmUFDzcxBQwAAQkMzM0JDZmZCQ5qZQkPNzEJDAABDQzMzQ0NmZkNDWJlDQ4vMQ0MAAERD
MzNEQyVmREOamURDzcxEQwAARUMzM0VDJWZFQ5qZRUPNzEVDvv9FQ/IyRkNmZkZDWJlGQ83M
RkO+/0ZD8jJHQyVmR0OamUdDzcxHQw==</AssayXData><AssayYData Points="100">XPSEvqANbr5Hplq+3SFNvluCRr7n6kS+iRQ8voELP770Pz++HARFvgwcRr7MrUe+rVpPvhJ5
Tr4uhla+YRdavipqXL6AaWK+bUtivra7Z77//2m+FaRtvgNXcL4KNm++cpx0vkIedr4fWXi+
eI16vgAGf77PqH++pROAvi+Xgr6IgoS+Vq+CvrCxhb4XkIS+OiGHvpbfhr6/nIe+q/KKvpGZ
ib5avYq+71eMvhyfjL4h54u+WlSNvkX1j76Kw46+OKGPvqEykb6x6ZC+VMmSvhB1k77OQpO+
kBGTvuBClL6uv5W+G9uVvnDsl756Qpe+rquXvorlmL7Q6pm+eo+bvuBjmb7i45q+N/KdvoSw
nb7Z0Jy+jmqevsaonr6Rx5++g2KfvhW1n75X/Z6+roOhvqvHoL6utaK+1VSmvlrCo75YxaK+
Gculvhgoor4oA6W+LjWlvvUhpb7+n6W+uS6mvjiTqL5LHqe+7nuovnqGqL73y6e+ORaqvmuS
q76vMa2+aL+rvueprL7xaau+INarvg==</AssayYData></Step><Step><CommonData><SampleLocation>1</SampleLocation><SampleID>Running Buffer</SampleID><SampleGroup></SampleGroup><SampleInfo></SampleInfo><SampleRow>C</SampleRow><SamplePlate>1</SamplePlate><WellType>BUFFER</WellType><Concentration>-1</Concentration><ConcentrationUnits>µg/ml</ConcentrationUnits><MolarConcentration>-1</MolarConcentration><MolarConcUnits>nM</MolarConcUnits><MolecularWeight>-1</MolecularWeight><Temperature>30</Temperature><StartTime>233716</StartTime><AssayTime>20</AssayTime></CommonData><FlowRate>1000</FlowRate><StepType>CUSTOM</StepType><StepName>condition</StepName><StepStatus>OK</StepStatus><ActualTime>19.999</ActualTime><CycleTime>0.2</CycleTime><AssayXData Points="100">AABIQ/IySEMlZkhDI5tIQ4vMSEMAAElDMzNJQyVmSUOamUlDi8xJQwAASkPyMkpDJWZKQ1iZ
SkOLzEpDAABLQ/IyS0NmZktDWJlLQ83MS0O+/0tDMzNMQ6hmTEOamUxDzcxMQwAATUMzM01D
ZmZNQ5qZTUPNzE1DAABOQzMzTkNmZk5DmplOQ83MTkMAAE9DMzNPQ2ZmT0OamU9DzcxPQwAA
UEMzM1BDZmZQQ5qZUEPNzFBDAABRQzMzUUMrZ1FDmplRQ4vMUUMAAFJD+DNSQ2ZmUkOamVJD
zcxSQwAAU0MzM1NDZmZTQ1iZU0PNzFNDvv9TQ/IyVEOoZlRDmplUQ83MVEMAAFVDMzNVQ2Zm
VUOamVVDzcxVQ77/VUMzM1ZDZmZWQ5qZVkOB1VZDywFXQzMzV0MlZldDmplXQ83MV0MAAFhD
MzNYQ2ZmWENYmVhDi8xYQ77/WEM5NFlDJWZZQ5qZWUPNzFlDvv9ZQzMzWkNmZlpDmplaQ83M
WkO+/1pD8jJbQyVmW0NYmVtDi8xbQw==</AssayXData><AssayYData Points="100">tXyZvb/e2b3bOfm9vroCvscEAr5/cQW+pg4Jvt+W/73ZvgG+GQoCvnY3+b14i/e9d0vxvcew
773wUfC9dTvvvdc77r12Gum9oqXpvb3w6b1Zd+a9dsvYvWZs3b1cV9297HjVvWJO4b32POC9
icHfvdpB4L0s49u9oAHYvYNd1L1tc9i9gmjWvcy4zb2JsNS9jKHRvaTny72GZ9S91mTKve2G
zL1Ev9S9/nvXvbtAyb0R9dW9xEvMvVk1yr1RCMq93mbOve03z73LWMu9ZtPFvZmEx72VmMm9
/n3AvfPPzb1E7ce93h7IvTM4yr3wBsu99AvDvYnTzL3sMsW9RKrHvW9Sxr2bccK9QpPIvfoq
wb3hFci9olzIvRS4v701dsK9ErnCvcRBzL2WZ7i93VHDvTSzvr0oEb69X0rJvVhhwb2IN8e9
kVTBvWH7vL04Jsm9gxi/vUUNwb2zZsS9eU/DvX4Qvr2MC7u9OL7AvWLXw72nNr29km+/vdRm
ur1l8ry9GBbBvcOOt73dGMG9q53BvQ==</AssayYData></Step><Step><CommonData><SampleLocation>2</SampleLocation><SampleID>10mM Glycine pH1.7</SampleID><SampleGroup></SampleGroup><SampleInfo>or other Regeneration solution</SampleInfo><SampleRow>C</SampleRow><SamplePlate>1</SamplePlate><WellType>REGENERATION</WellType><Concentration>-1</Concentration><ConcentrationUnits>µg/ml</ConcentrationUnits><MolarConcentration>-1</MolarConcentration><MolarConcUnits>nM</MolarConcUnits><MolecularWeight>-1</MolecularWeight><Temperature>30</Temperature><StartTime>259400</StartTime><AssayTime>20</AssayTime></CommonData><FlowRate>1000</FlowRate><StepType>CUSTOM</StepType><StepName>condition</StepName><StepStatus>OK</StepStatus><ActualTime>19.999</ActualTime><CycleTime>0.2</CycleTime><AssayXData Points="100">AABcQ7AyXEPjZVxDWJlcQ0nMXEO+/1xDsDJdQ+NlXUNYmV1Di8xdQ3z/XUOwMl5DJGZeQ1iZ
XkOLzF5Dvv9eQ3o0X0MkZl9DWJlfQ4vMX0O+/19D8TJgQyRmYENYmWBDi8xgQ77/YEPxMmFD
JGZhQ1iZYUOLzGFDvv9hQ/EyYkMkZmJDIptiQ4vMYkO+/2JD8TJjQyRmY0NYmWNDi8xjQ77/
Y0PxMmRD6WZkQ1iZZEOLzGRDvv9kQ7AyZUMkZmVDWJllQ0nMZUMGAWZDsDJmQ+NlZkNYmWZD
i8xmQ3z/ZkPxMmdD42VnQ1iZZ0NJzGdDvv9nQ/EyaEMkZmhDFploQ0nMaEO+/2hD8TJpQ2Zm
aUMWmWlDi8xpQ77/aUPxMmpD9WhqQ1iZakNJzGpDvv9qQzMza0MkZmtDWJlrQ4vMa0N8/2tD
UjhsQyRmbENYmWxDi8xsQ3z/bEOwMm1DJGZtQ1iZbUOLzG1DfP9tQ/EybkPjZW5DmZluQ1bO
bkN8/25D8TJvQ+Nlb0MonG9Di8xvQw==</AssayXData><AssayYData Points="100">1iHTvh/owr4GoLG+aJ6iviHQmr6rkpa++nCUvo3Fk75855S+1iGUvnEXk75eAZO+ZCKXvgNS
mL6zkpi+/auXvnFwm75AtJu+b2OcvvK/mr61mJ2+lbKfvkJEnr4/J6O+kq6jvqv6ob5M5KS+
/IKkvi7Kpb4Fo6e+/hSlvvKlp77nmqm+4qOqvvV5qL4PXqq+UAurviBgqr4D2qu+DDWtvsF8
q76z36y+GXetvm/Lq75/4q2+u7quvj6+sb4a+q6+t9auvjHfr74PErG+P6ixvtR/sr7cALG+
vjmzviCdtL7Y27S+RSGzvrURtL7bSLS+4Yy3vn3FtL7egbe+AVS3vsxquL4LTLi+pkm4vthM
uL7Ar7i+4XO4vuo/ur6GMbu+M6a7vj3Qub6Gcry+fra7vk7svL5qvb2+gFm+vp9Cvb5xmL2+
UNG9vmh3vr6cmr6+AkS/vslOwL6rRMC+XwDBvhaav76scL++K5u/vgc4wb7iQsO+1wTBvkkm
wL67TcK+7UHCvq92xL4OCsW+W+PDvg==</AssayYData></Step><Step><CommonData><SampleLocation>1</SampleLocation><SampleID>Running Buffer</SampleID><SampleGroup></SampleGroup><SampleInfo></SampleInfo><SampleRow>C</SampleRow><SamplePlate>1</SamplePlate><WellType>BUFFER</WellType><Concentration>-1</Concentration><ConcentrationUnits>µg/ml</ConcentrationUnits><MolarConcentration>-1</MolarConcentration><MolarConcUnits>nM</MolarConcUnits><MolecularWeight>-1</MolecularWeight><Temperature>30</Temperature><StartTime>285059</StartTime><AssayTime>20</AssayTime></CommonData><FlowRate>1000</FlowRate><StepType>CUSTOM</StepType><StepName>condition</StepName><StepStatus>OK</StepStatus><ActualTime>20</ActualTime><CycleTime>0.2</CycleTime><AssayXData Points="100">vv9vQ/EycEPjZXBDFplwQ4vMcEOJAXFD8TJxQyRmcUMWmXFDi8xxQ3z/cUPxMnJDJGZyQxaZ
ckOLzHJDfP9yQ7Ayc0MkZnNDFplzQ4vMc0O+/3NDsDJ0QyRmdENYmXRDScx0Q77/dEPxMnVD
JGZ1QxaZdUOLzHVDfP91Q/EydkPjZXZDWJl2Q4vMdkN8/3ZDsDJ3Q+Nld0NYmXdDi8x3Q3z/
d0OwMnhD42V4QxaZeENJzHhDfP94Q7AyeUPjZXlDWJl5Q0nMeUO+/3lDsDJ6Q+NlekMWmXpD
Scx6Q3z/ekOwMntD42V7QxaZe0NJzHtDvv97Q/EyfEPjZXxDFpl8Q4vMfEN8/3xDsDJ9Q+Nl
fUMWmX1DScx9Q3z/fUOwMn5DJGZ+QxaZfkNJzH5DfP9+Q/Eyf0PjZX9DFpl/Q0nMf0O+/39D
WBmAQxIzgEOLTIBDRWaAQ99/gEOZmYBD8bKAQ6zMgENF5oBD3/+AQ3kZgUNUM4FDrEyBQ0Vm
gUPff4FDeZmBQxKzgUOszIFDReaBQw==</AssayXData><AssayYData Points="100">XHu5vdj6Ar7fpxS+hMEbviIwHb5e7Ry+maMdvuhJGb5GqxW+mdIWvipeE76qbBS+wogTvlCN
E76nOg6+6N8OvtF9DL6vUw2+xwoMvjK/B76Bggu+YOUJvsJCBb5JHAu+TuMHvvDLCb5wKAq+
2cIFvuy9Br6CqQa+TSUGvtT7CL6zGwG+lk0GvlRkAr5WxAG+16IBvvd0BL6l+AO+gO4FvsUd
BL7RsQW+ugACvi+nAL6cDAW+u0L8vZznAL6tWvm9Hvj2veRcAr7FUQC+vAAEvkPAAr5bDfy9
IsMAvuHA/70rufe9vff7vSmzAb4wdQC+tqn9vTkA+b3Jfv69uXr1vcTN9L2AzPu97aPxvYqh
/r2R8fW9ebz0vS0P9L0kTvm9/CP3vTEw773Eh/m95Q/wvf9B/b12Cv+9NoXvvfBv670EnPS9
Nc7uvexG8r0Vb++9USj+va02870x/fK9u5f4vWA+77263PK9GBTyvYuX8r26XfK9sHH6vRMu
770SfPa9HonuvSMq871zYfO9sPTuvQ==</AssayYData></Step><Step><CommonData><SampleLocation>2</SampleLocation><SampleID>10mM Glycine pH1.7</SampleID><SampleGroup></SampleGroup><SampleInfo>or other Regeneration solution</SampleInfo><SampleRow>C</SampleRow><SamplePlate>1</SamplePlate><WellType>REGENERATION</WellType><Concentration>-1</Concentration><ConcentrationUnits>µg/ml</ConcentrationUnits><MolarConcentration>-1</MolarConcentration><MolarConcUnits>nM</MolarConcUnits><MolecularWeight>-1</MolecularWeight><Temperature>30</Temperature><StartTime>310866</StartTime><AssayTime>20</AssayTime></CommonData><FlowRate>1000</FlowRate><StepType>CUSTOM</StepType><StepName>condition</StepName><StepStatus>OK</StepStatus><ActualTime>20</ActualTime><CycleTime>0.2</CycleTime><AssayXData Points="100">3/+BQ3kZgkMSM4JDrEyCQ0VmgkPff4JDeZmCQxKzgkOszIJDReaCQ9//gkN5GYNDEjODQ6xM
g0NFZoND33+DQ3mZg0MSs4NDrMyDQ0Xmg0O+/4NDeRmEQ/EyhEOsTIRDRWaEQ99/hEN5mYRD
ErOEQ6zMhENF5oRD3/+EQ3kZhUMSM4VDrEyFQ0VmhUO+f4VDeZmFQxKzhUOszIVDJeaFQ9//
hUN5GYZDEjOGQ6xMhkNmZoZD33+GQ3mZhkMSs4ZDrMyGQ0XmhkPf/4ZDeRmHQ/Eyh0OLTIdD
JWaHQ75/h0NYmYdDErOHQ6zMh0Pp5odD3/+HQ3kZiEMSM4hDrEyIQyVmiEPff4hDeZmIQxKz
iEOLzIhDJeaIQ9//iENYGYlD8TKJQ4tMiUNFZolDvn+JQ1iZiUPxsolDrMyJQ0XmiUPf/4lD
WBmKQ/EyikOsTIpDRWaKQ75/ikNYmYpDErOKQ4vMikNF5opDvv+KQ1gZi0PxMotDi0yLQyVm
i0O+f4tDWJmLQ/Gyi0OszItDReaLQw==</AssayXData><AssayYData Points="100">Gybvvj+E2r49Lci+aMW6vs/Ns74VQa2+sUauvkjqqr7An6m+5narvsc2rr6oO62+JySuviU7
rr4wq66+pCexvs1Vs754y7O+U6CzvkPls775nra+Z1m3vk5Tur4lkLa+Sae5vlaHuL5JXLq+
+Ey5vucDu74CdLy+GnC8vkGvvL6cV72+UP6+vuCUvr6wHsC+cSi/vsVcwb4Ntr6+11/Bvm6w
wr75zMG+9VTEvoJWw74wdcO+8l7Dvp9fxb4yscS+JxfFvt4exL7ZKse+PszHvqMbxb5IqMe+
u1XIvqkLyL6rE8m+a8bIvn1nyr4Y+sm+swzJvmmAyL6RlMi+UjPIvkSxy76d88u+wGPMvvFO
y75Vw8q+VubMvhlNzb5mf82+hyXOvpa2zb7UtM6+6mfNvsEmz7446c2+7gjOvvROz75EFdG+
Ei/PvmCV0L7VgM++EC/QvqfN0L4+KNG+VzXRvuS+0L5VrdK+N2TUvtqm0b4UidO+HJfSvjw4
1b4AZNS+yOfTvlbL075EAtW+SunVvg==</AssayYData></Step><Step><CommonData><SampleLocation>1</SampleLocation><SampleID>Running Buffer</SampleID><SampleGroup></SampleGroup><SampleInfo></SampleInfo><SampleRow>C</SampleRow><SamplePlate>1</SamplePlate><WellType>BUFFER</WellType><Concentration>-1</Concentration><ConcentrationUnits>µg/ml</ConcentrationUnits><MolarConcentration>-1</MolarConcentration><MolarConcUnits>nM</MolarConcUnits><MolecularWeight>-1</MolecularWeight><Temperature>30</Temperature><StartTime>336683</StartTime><AssayTime>20</AssayTime></CommonData><FlowRate>1000</FlowRate><StepType>CUSTOM</StepType><StepName>condition</StepName><StepStatus>OK</StepStatus><ActualTime>19.999</ActualTime><CycleTime>0.2</CycleTime><AssayXData Points="100">3/+LQ1gZjEPxMoxDi0yMQyVmjEO+f4xDWJmMQ/GyjEOLzIxDReaMQ9//jENYGY1D8TKNQ6xM
jUNFZo1D33+NQ1iZjUMSs41DrMyNQ0XmjUPf/41DmRmOQxIzjkOsTI5DRWaOQ99/jkN5mY5D
ErOOQ6zMjkNF5o5D3/+OQ1gZj0MSM49DrEyPQ2Zmj0Pff49DeZmPQxKzj0ORzY9DCuePQ9//
j0N5GZBDEjOQQ6xMkEMlZpBD33+QQ1iZkEMSs5BDrMyQQ0XmkEPf/5BDWBmRQxIzkUOLTJFD
RWaRQ99/kUNYmZFDErORQ6zMkUNF5pFDQQCSQ1gZkkPxMpJDrEySQ0VmkkPff5JDeZmSQxKz
kkOLzJJDReaSQ77/kkN5GZNDEjOTQ6xMk0NFZpND33+TQ3mZk0MSs5NDi8yTQ0Xmk0O+/5ND
mRmUQ/EylEOsTJRDJWaUQ99/lEN5mZRDErOUQ6zMlEMl5pRD3/+UQ1gZlUPxMpVDi0yVQ0Vm
lUODgJVDWJmVQ/GylUOszJVDJeaVQw==</AssayXData><AssayYData Points="100">vfL3vcdyGL6J1CK+3kIrvqIQMr6HjCu+PGotvoMJKb60Ai2+f2MpvhE1KL5tcCm+1GgnvtsU
Ir6+7yC+0qYivs6lIb4x5SG+c3wavtn7IL7ONB++Zo4cvktDHr6YKx2+FvwgvgHJHL45DBq+
dpIWvma/HL7KRB2+WAkYvvc/G77tmRa+3VITvmqVG76GehW+41IZvnwJF75OTRa+XMMTvsG4
FL7pMRi+YDkVvvq+FL7F6BK+askRvninFL7BkBW+VUAXvtyXE76bmRO+xpERviC5Er5iTxW+
seIQvg4NEL4yOBC+GyUPvhwaEb79uxO+XLcQvirTEL4UOhG+YR8QvsomDb6uTAy+4IgQvgaf
Eb4HXw2+rPkSvrlkE75cEBC+XrkOvlWIEb7Qnw2+VD8Qvjx4DL5dVBO+hJ4Mvr20Er606A6+
HXIMvsllDL5j6xK+XdQRvpoCDr5p1g2+QgkMvlXbC75o5g2+hRwNvpW2DL5W+w6+jVQPvorq
Cb6fAQ2+X04OvivkDb7V6wy+XuUOvg==</AssayYData></Step><Step><CommonData><SampleLocation>3</SampleLocation><SampleID>Running Buffer</SampleID><SampleGroup></SampleGroup><SampleInfo></SampleInfo><SampleRow>C</SampleRow><SamplePlate>1</SamplePlate><WellType>BUFFER</WellType><Concentration>-1</Concentration><ConcentrationUnits>µg/ml</ConcentrationUnits><MolarConcentration>-1</MolarConcentration><MolarConcUnits>nM</MolarConcUnits><MolecularWeight>-1</MolecularWeight><Temperature>30</Temperature><StartTime>362671</StartTime><AssayTime>120</AssayTime></CommonData><FlowRate>1000</FlowRate><StepType>BASELINE</StepType><StepName>Baseline 120</StepName><StepStatus>OK</StepStatus><ActualTime>120</ActualTime><CycleTime>0.2</CycleTime><AssayXData Points="600">v/+VQ1kZlkPyMpZDjEyWQyVmlkOef5ZDOJmWQ9GylkNrzJZDBeaWQ57/lkNZGZdD0TKXQ2tM
l0MFZpdDnn+XQziZl0O3s5dDa8yXQyXml0O//5dDOBmYQ/IymENrTJhDBWaYQ55/mEM4mZhD
8rKYQ2vMmEMl5phDv/+YQ1kZmUPRMplDa0yZQwVmmUOef5lDOJmZQ/KymUNxzZlDJeaZQ57/
mUM4GZpD0TKaQ2tMmkMFZppDv3+aQziZmkPysppDa8yaQwXmmkOe/5pDWRmbQ9Eym0NrTJtD
JWabQ55/m0M4mZtD0bKbQ2vMm0MF5ptDnv+bQzgZnEPRMpxDjEycQwVmnEO/f5xDWZmcQ9Gy
nENrzJxDBeacQ7//nENZGZ1D0TKdQ2tMnUMlZp1Dnn+dQziZnUPRsp1DjMydQwXmnUO//51D
OBmeQ9EynkOMTJ5DJWaeQ55/nkNZmZ5D8rKeQ2vMnkMF5p5Dnv+eQ1kZn0PyMp9DjEyfQyVm
n0O/f59DWZmfQ/Kyn0OMzJ9DZ+afQ7//n0NZGaBD8jKgQ4xMoEMlZqBDv3+gQ1mZoEPysqBD
jMygQ0bmoEO//6BDWRmhQ/IyoUOMTKFDJWahQ79/oUNZmaFDE7OhQ2vMoUMl5qFDv/+hQ1kZ
okPyMqJDjEyiQyVmokO/f6JDWZmiQ/KyokOMzKJDZ+aiQ7//okM4GaND8jKjQ2tMo0PqZqND
v3+jQ1mZo0PysqNDjMyjQyXmo0Oe/6NDWRmkQ/IypEOMTKRDJWakQ55/pEM4maRD8rKkQ2vM
pEMl5qRDv/+kQzgZpUPRMqVDa0ylQwVmpUMhgKVDOJmlQ9GypUNrzKVDBealQwAApkNZGaZD
8jKmQ4xMpkMFZqZDnn+mQziZpkPRsqZDjMymQwXmpkOe/6ZDOBmnQ9Eyp0OMTKdDJWanQ55/
p0M4madD0bKnQ2vMp0MF5qdDv/+nQ1kZqEPyMqhDa0yoQwVmqEO/f6hDWZmoQ9GyqEOMzKhD
BeaoQyEAqUM4GalD0TKpQ4xMqUOIZqlDnn+pQziZqUPRsqlDa8ypQ2fmqUO//6lDOBmqQ/Iy
qkNrTKpDBWaqQ55/qkM4mapD8rKqQ2vMqkMF5qpDnv+qQzgZq0O3M6tDjEyrQwVmq0Oef6tD
OJmrQ9Gyq0NrzKtDBearQwAArEM4GaxD0TKsQ2tMrEMFZqxDnn+sQ1mZrEPysqxDa8ysQyXm
rEPg/6xDWRmtQ/IyrUOMTK1DJWatQ79/rUNZma1D8rKtQ83MrUMl5q1Dv/+tQ1kZrkPyMq5D
jEyuQ0ZmrkO/f65DPpquQ/KyrkOMzK5DJeauQ7//rkNZGa9D8jKvQ4xMr0MlZq9Dv3+vQ1mZ
r0Pysq9DjMyvQyXmr0O//69DWRmwQ/IysENrTLBDJWawQ79/sENZmbBD0bKwQ4zMsEMF5rBD
v/+wQzgZsUPyMrFDjEyxQyVmsUO/f7FDOJmxQ9GysUNrzLFDJeaxQ57/sUM4GbJD8jKyQ2tM
skMlZrJDnn+yQ1mZskPysrJDjMyyQyXmskOe/7JDWRmzQ9Eys0OMTLNDRmazQ79/s0NZmbND
0bKzQ2vMs0Ml5rNDnv+zQzgZtEPRMrRDa0y0QyVmtEO/f7RDWZm0Q9GytENrzLRDBea0Q57/
tEM4GbVD0TK1Q2tMtUMlZrVDnn+1Q/yZtUPysrVDjMy1QwXmtUOe/7VDOBm2Q/IytkOMTLZD
BWa2Q55/tkNYmbZD0rK2Q4zMtkMF5rZDnv+2Q1gZt0PSMrdD7ky3Q2dmt0Oef7dDWJm3Q9Ky
t0NrzLdDBea3Q7//t0M4GbhD8jK4Q2tMuEMmZrhDv3+4QziZuEPSsrhDa8y4QwXmuEOe/7hD
OBm5Q9IyuUNrTLlDBWa5Q+B/uUM4mblD0rK5Q2vMuUPJ5rlDv/+5QzgZukPSMrpDa0y6QwVm
ukO/f7pDeZm6Q9KyukNrzLpDJua6Q7//ukNYGbtD2DO7Q4xMu0MmZrtDv3+7Q1iZu0MZtLtD
jMy7Qybmu0O//7tDWBm8Q/IyvEOMTLxDJma8Q79/vENYmbxD8rK8Q4zMvENn5rxDQgC9Q1gZ
vUPyMr1DjEy9QyZmvUO/f71DWJm9Q9KyvUOMzL1DJua9Q7//vUNYGb5D8jK+Q4xMvkMmZr5D
v3++Q3mZvkPysr5DjMy+QybmvkO//75D3Bm/Q/Iyv0NrTL9DJma/Q55/v0NYmb9D8rK/Q4zM
v0MF5r9Dv/+/Q1gZwEPyMsBDjEzAQyZmwEO/f8BDWJnAQ/KywENrzMBDJubAQ57/wENYGcFD
8jLBQ4xMwUMmZsFDv3/BQziZwUPSssFDjMzBQwXmwUOe/8FDWBnCQ/IywkNrTMJDBWbCQ79/
wkNYmcJD8rLCQ2vMwkMm5sJDv//CQ1gZw0PSMsNDa0zDQyZmw0Oef8NDOJnDQ9Kyw0NrzMND
BebDQ7//w0NYGcRD0jLEQw9NxEMmZsRDv3/EQziZxEPyssRDmM7EQwXmxEOe/8RDWBnFQ/Iy
xUOMTMVDBWbFQ55/xUN5mcVD0rLFQ2vMxUMF5sVDhADGQ1gZxkPyMsZDa0zGQwVmxkOef8ZD
OJnGQ9KyxkOMzMZDBebGQ57/xkM4GcdD0jLHQ2tMx0MFZsdDv3/HQziZx0PyssdDjMzHQwXm
x0Oe/8dDOBnIQ9IyyEOMTMhDBWbIQ79/yEM4mchD0rLIQ4zMyENG5shDnv/IQzgZyUPSMslD
jEzJQwVmyUOef8lDWJnJQ/KyyUOMzMlDJubJQ7//yUNYGcpD8jLKQ4xMykPqZspDv3/KQ1iZ
ykPysspDjMzKQybmykMHActDWBnLQ/Iyy0NrTMtDBWbLQ79/y0NYmctD8rLLQ4zMy0Mm5stD
nv/LQ1gZzEPSMsxDa0zMQyZmzEO/f8xDWJnMQ/KyzEOMzMxDJubMQ7//zENYGc1D8jLNQ4xM
zUMmZs1Dv3/NQ1iZzUPyss1DjMzNQybmzUO//81DWBnOQ9IyzkNrTM5DJmbOQ79/zkM4mc5D
8rLOQ2vMzkMF5s5Dv//OQzgZz0PyMs9DjEzPQyZmz0O/f89DOJnPQ9Kyz0OMzM9DJubPQ57/
z0M4GdBD0jLQQ4xM0ENGZtBDv3/QQziZ0EPSstBDa8zQQwXm0EO//9BDOBnRQ/Iy0UNrTNFD
BWbRQ79/0UNYmdFD8rLRQ2vM0UMm5tFD</AssayXData><AssayYData Points="600">BlIhvmpZHL7VnCK+KggZvhiJHL7dJB++5pYYvr4MHL7q5R6+LhYXvnS+Gr4NJhu+fiIcvl4p
GL4X/hu+neQWvmPXG75zkhW+AIYWvmEnFr56Yxm+dj4YvoF1F77VwBq+DoQZvmjBF74SOhO+
itMbvjFgFb7yzBe+0w0YvljhGL5ebRm+qJsYvkfIFb7P/Re+SOcavivLFb7Xexq+gXYZvml6
E74f6Be+INQYvmYVEr7gfRi+jj4YvqZIFb5QsRe+jfcXvlAsGb7wgBO+/CEYvhBwG74IjRi+
pT8Xvj3LFL6gqhC+8vcTvgBcFL5sbxG+I48Xvi4/F75qihO+14UTvgEoFr519hO+basXvlu3
E77lIBK+9WYSvknKGr4TUBW+OBgTvnlYFL7O3xO+6rAVvrcqE74ibRS+V9oVvtVCFr46dBe+
LusVvvJyFL4LfBO+7IMQvqk/E75YyhG+M8sWvsuUFb5tHhW+ZN0UvjaZE74czxG+MToSvszN
FL4jjRO+gasUvspYFL4NrBG+H40Svu4kE758sRO+4AAOvol0Eb7VsxK+8aEUvjX9EL51shS+
Ch4RvlkSEr7HrxO+mBUUvkwmF759iRC+LnETvgHDFL7NWBW+Y9gOviaMEr7VBBG+hBgTvt/+
FL7KbhG+S2QPvlqLFb4iwxC+jZ8QvkAJFb7oSBW+bIgRvvImEb6VYhK+HjkTvoSJEL4NFA6+
tTgPvllZDr7JlRK+B7cNvofMEL5Y4RC+6+gQvn/1DL6rxBG+dhYSvsZPF76RHhC+W1ISvigH
EL51NRC+FMwVvpGeE7404g++t4oTvt1IFL7ykhG+0qkOvsnZEr4+yA6+XYISvkaEDr50YxC+
iVgPvsojFr589BC+IYAUvlqcEb794g++B7cRvl8vD7630Qu+PzQQvrq8Eb7+1A++77wOvtza
Eb5ZDQ6+8dAQvrOmEr4GbRC+o9EMvmt/Eb5EGBG+ChESvr/6Db4PuA++D0oSvpdeDb4dTxC+
naINvpA4Dr5n5BC+4G0QvjUEEL40ZRO+x/wLvu5zEL6hbw2+A3sOvpLOEb6vixG+ySIPvhAQ
Er6iPQ2+5rkPvqaIDr6sMA++2/8LvhvbDr4zMRG+NYUQvhntDr7n+BK+IU4Ovjx2Db7sqRK+
me4NvrNtD77a3Qu+OCgKvtJqDb5wJQ++NnAPvvIbCr7PPw2++cUQvkbyD769zwu+IcYRvmgR
Eb5NwRG+9dcJvn9ECb4zvxG+92QQvq+yDr6fmxG+bzoQvjX1Er7eyg++NqwLvu1TDL7+4Q++
PPEQvvUFD773Wwi+p+0Mvt0ADb6Zxw2+RvEJvprDCr5LDA2+fvYSvsDDDr44cgy+EKoPvicR
DL7bhQ2+2u4PvsdhEb42og2+iAAPvjKUDr6YHA6+3X4PvjmVDb5aQQ++AewLvsNXDb7iUgq+
8fgQvrpFDr4/BRC+dyMPvp60Db67Yg6+VeAQvlQSDb6K8w2+t+cNvilHD742vg6+1YsNvhrQ
Eb74Jgy+bHwOvgm0Dr6kdw++3HMOvqNIE76nKA2+f60MvjRVEL7RPRG+yG8Mvl6mCb5uZAq+
TusOvvrVEb6rng2+v+UNvn5aC75NdAu+SRYOvt2PD75o1gm+PVsNvk3MDL5cWQ2+558NvsgB
Db7AKgy+tsQNvnwADb67awW+2TYNvkUjDL5p6wu+xm4Nvt+sDb7jwQ6+2L0MvqBYDL446Qm+
E2sOvrmSDr7joQm+eg0OvlQ5D77EZAu+iogNviVXCr407Qm+9fMKvqtjDL7eJgm+w04Ovv3Z
Dr4g8gq+GZ0KvopcDb7xNgu+tjoMvnNCCb4avAy+4TAQvqT2Eb5/XQu+Hx0LvkiTEL4PUA++
UXYLvq+NEb5F+Au+atwJviekDL61ig2+kzoOvvU7Dr6D6Am+o+ALvrhqCr7vXw2+34YOvgEZ
Cr5otRS+KqANvllVCL46Mg2+8X0IvttdDL6R+w2+NhIMvppdDL5nUgu+uk0Ovu+FDb5xHwi+
ZDoNvlUxCb63tg++jGwKvn7bDb4D+Au+9ccLvjjCDL4PxQ2+Q1MLvlclD77/hQq+D9oLvhD9
Cr7Ajgy+12ILvpt2C76aXAq+3cwMvmyVDL51ZQy+MW4LvtgZEb5cmg++VJwKvoebCL4JwA2+
3aINvuJ0DL6Ixwu+A7MPvudkCr7cXQy+qd4OvifiDL4vvAy+6jQOvkwzC763Uwu+bsMLvusg
Db71dQu+0UQJvkt8C74Iwwm+kCALvrSoCb5B8Am+PCkLvvNCD74XKg2+IxUKvtcJCb7h9Ay+
O90OvrojCr5Z7gy+NU8KvtGZB76tjQu+LgcMvnRbDL5degq+WCAOvpcaCL6MIAu+exIJvvJF
Cr5ddQu+8VQJvgC6Dr7KoQ6+xJULvhaTCr6QGAu+P60HvrUNCr7EqAm+1Z0Mvpf5Dr5IjAq+
OZ4LvmPXDL4JtQm+2nkKvnclD74A9w2+x6MJvp87DL77lwa+AiAKvpOwCr7xcwy+M/kNvuWw
Dr4DZgu+HCMLvlPOD76+zQq+VcwLvhXODr48TQq+BCkHvlDCC76CAwi+688JvvO+Cb5rRQe+
r7wKvnusDb5fJwy+7twLvqgYCr4rMQm+gBMLvhoaCb6BGg2+qu0Lvl5OC760cAy+xLMJvsgf
C77UNwe+EzYIvqSACr6iiw2+nwUPvuzbCb6HqAm+veMKvqItB77P5Q2+dL0Mvt9TDL505Qm+
7vgLvpziCb4LEAu+gYIJvuh0Cb57BAq+4ekFvi2zCb57Kg6+PPUIviLMCr42RQu+WAYOvoH1
DL616Ay+LksJvsjTCr6B6wi+phkJvp9eCb4Q1wa+Z4oKvlHMBb4T8Qu+2tcNvs4lCr4BbQq+
DJsIvlKlCr7DsAi+/o8LvuncDr5ZQwm+J3AIvj9lCL5oxAi+LX4JvvfeC77E/AW+BU8OvhaZ
Cr5vage+jfgKvgP9Cb6McQe+EiYKviYbCb7Apwa+V0sIvrjqC755NQy+sVALvoWIC773XAy+
a/QFvl0qB75a3wa+1ucMvkTXCb7Mlwq+RGAKvsChCr5WRga+LP0JvsvgDr7ZSge+JDwGvjI8
B767PQq+DeoJvptiC75EGAm+xF0JvjNxCr6xVgm+j8kHvkbkBr64hge+vGoKvjWHCb4f8we+
rm8KvoH6Cb5HIAy+CqoKvrcuCL4R3wi+</AssayYData></Step><Step><CommonData><SampleLocation>4</SampleLocation><SampleID>AB</SampleID><SampleGroup></SampleGroup><SampleInfo>in Running Buffer</SampleInfo><SampleRow>C</SampleRow><SamplePlate>1</SamplePlate><WellType>KLOAD</WellType><Concentration>5</Concentration><ConcentrationUnits>µg/ml</ConcentrationUnits><MolarConcentration>5000</MolarConcentration><MolarConcUnits>nM</MolarConcUnits><MolecularWeight>-1</MolecularWeight><Temperature>30</Temperature><StartTime>489441</StartTime><AssayTime>20</AssayTime></CommonData><FlowRate>1000</FlowRate><StepType>LOADING</StepType><StepName>Loading</StepName><StepStatus>OK</StepStatus><ActualTime>19.999</ActualTime><CycleTime>0.2</CycleTime><AssayXData Points="100">wP/RQzkZ0kPSMtJDbEzSQwZm0kPAf9JDWpnSQ9Ky0kONzNJDJubSQ8D/0kNaGdND0jLTQ2xM
00MmZtNDwH/TQ1qZ00PSstNDjczTQybm00PA/9NDORnUQ9Iy1ENsTNRDqWbUQ8B/1ENamdRD
0rLUQ2zM1EMm5tRDn//UQ1oZ1UPSMtVDjUzVQyZm1UPAf9VDOZnVQ/Oy1UONzNVDJubVQ8D/
1UM/GtZD8zLWQ41M1kMGZtZDwH/WQ1qZ1kPzstZDjczWQwbm1kPA/9ZDWhnXQ/My10ONTNdD
BmbXQ59/10M5mddD87LXQ2zM10MG5tdDwP/XQ1oZ2EPzMthDbEzYQwZm2EOff9hDWpnYQ9Ky
2EONzNhDJubYQ5//2EM5GdlD8zLZQ65M2UMGZtlDn3/ZQzmZ2UPzstlDbMzZQwbm2UNDANpD
ORnaQ9Iy2kNsTNpDBmbaQ8B/2kNamdpD0rLaQ43M2kMG5tpDwP/aQzkZ20PSMttDbEzbQwZm
20Off9tDWpnbQ76020NszNtDBubbQw==</AssayXData><AssayYData Points="100">JaAAvpKw771uuNO9QOLLvZ1Pub00I6W9DH2cvXtRlL0Z/Ie9/Dx3vTj/Sr0C70K9AWspvTgt
CL1+QeS8Tnq9vHu9jLyrqlG8zWveuzuu9jr40tg7g0lxPAVqljx3brk8PEIIPc1wCz0WXDE9
QHRKPYMDYT0pu289ZIuIPQlHlj2DvKI9UgqsPXnquj1BK8I9zc/UPZ3x4z2S1+M9CIzyPcF7
Aj5+Bwc+8TYNPmmMFj4t7xs+ydEiPnMiKz67miw+9ekwPj+GOz4Xpjw+X81BPvRFST5e9VA+
VCBYPqOeYT5GzmI+DmtmPiUUcD7FoXU+GR19PgPXfj4syoM+6XuFPiPhiT41a44+rOCNPu3u
kj7dipQ+BRKYPo/Imj7srZ4+bDChPnnvpT4XB6g+G6aqPjz1rz7yB7I+DTe0Pp31tj7VlLg+
dX+8Pmulvz7MosM+eu3FPqEZyT4Lo8s+PTfPPip30j6DuNU+qADZPvQq2z7xZdw+VKPgPr6s
5D4xNeg+0iXpPjdX7D4VVO8+oRjxPg==</AssayYData></Step><Step><CommonData><SampleLocation>5</SampleLocation><SampleID>AA</SampleID><SampleGroup></SampleGroup><SampleInfo></SampleInfo><SampleRow>C</SampleRow><SamplePlate>1</SamplePlate><WellType>BUFFER</WellType><Concentration>2.5</Concentration><ConcentrationUnits>µg/ml</ConcentrationUnits><MolarConcentration>2500</MolarConcentration><MolarConcUnits>nM</MolarConcUnits><MolecularWeight>-1</MolecularWeight><Temperature>30</Temperature><StartTime>516901</StartTime><AssayTime>60</AssayTime></CommonData><FlowRate>1000</FlowRate><StepType>BASELINE</StepType><StepName>Baseline 60</StepName><StepStatus>OK</StepStatus><ActualTime>59.999</ActualTime><CycleTime>0.2</CycleTime><AssayXData Points="300">oP/bQzoZ3EPTMtxDTEzcQwZm3EOgf9xDOpncQ9Oy3ENMzNxD5uXcQ3//3EMZGd1DsjLdQ21M
3UMGZt1DoH/dQzqZ3UOyst1DTMzdQ+bl3UN//91DOhneQ7Iy3kNMTN5DBmbeQ39/3kMZmd5D
srLeQ23M3kMG5t5Df//eQzoZ30PTMt9DTEzfQwZm30Ogf99DGZnfQ9Oy30NMzN9D5uXfQ3//
30MZGeBDsjLgQ0xM4EMGZuBDoH/gQxmZ4EOysuBDTMzgQwbm4EOg/+BDOhnhQ7Iy4UNtTOFD
5mXhQ39/4UMZmeFD07LhQ0zM4UOW6OFDf//hQxkZ4kOyMuJDTEziQ+Zl4kN/f+JDGZniQ7Ky
4kNMzOJD5uXiQ3//4kMZGeNDsjLjQ0xM40PmZeNDoH/jQxmZ40OysuNDTMzjQwbm40N//+ND
GRnkQ7Iy5ENMTORDBmbkQ6B/5EMZmeRDsrLkQ23M5EMG5uRDf//kQxkZ5UOyMuVDbUzlQ+Zl
5UOgf+VDOpnlQ9Oy5UNtzOVDBublQ6D/5UM6GeZD0zLmQ21M5kMGZuZDf3/mQzqZ5kPTsuZD
bczmQwbm5kOg/+ZDOhnnQ9My50NtTOdD5mXnQ6B/50M6medD07LnQ23M50MG5udDoP/nQzoZ
6EPTMuhDbUzoQwZm6EN/f+hDOpnoQ7Ky6ENMzOhD5uXoQ6D/6EM6GelD0zLpQ21M6UMGZulD
f3/pQzqZ6UPTsulDTMzpQ+bl6UN//+lDGRnqQ9My6kNtTOpD5mXqQ6B/6kM6mepDsrLqQ23M
6kMG5upDoP/qQzoZ60PTMutDbUzrQwZm60N/f+tDOpnrQ7Ky60NMzOtDQOrrQ3//60MZGexD
sjLsQ0xM7EMGZuxDoH/sQ/6Z7EPTsuxDtM3sQ+bl7EN//+xDOhntQ9My7UNtTO1DBmbtQ39/
7UM6me1DsrLtQ23M7UMG5u1DoP/tQzoZ7kPTMu5DbUzuQ+Zl7kOgf+5DOpnuQ7Ky7kNMzO5D
BubuQ6D/7kMZGe9DsjLvQ0xM70MGZu9Df3/vQxmZ70Oysu9DTMzvQ+bl70N//+9DGRnwQ7Iy
8ENMTPBD5mXwQ39/8EMZmfBD07LwQ0zM8ENI5vBDoP/wQxkZ8UOyMvFDbUzxQ+Zl8UN/f/FD
GZnxQ7Ky8UNMzPFD5uXxQ3//8UMZGfJDsjLyQ0xM8kPmZfJDf3/yQxmZ8kOysvJDTMzyQ+bl
8kN///JDGRnzQ7Iy80NtTPND5mXzQ39/80M6mfND07LzQ23M80MG5vNDoP/zQzoZ9EPTMvRD
bUz0Q+xm9EOgf/RDOpn0Q9Oy9ENtzPRDBub0Q6D/9EM6GfVD0zL1Q21M9UPmZfVDoH/1QzqZ
9UPTsvVDbcz1Qwbm9UOg//VDOhn2Q9My9kNtTPZDBmb2Q6B/9kM6mfZD07L2Q0zM9kMG5vZD
oP/2QzoZ90PTMvdDTEz3Q+Zl90Ogf/dDGZn3Q9Oy90NtzPdDBub3Q3//90NaGfhD0zL4Q0xM
+EMGZvhDoH/4QzqZ+EPTsvhDTMz4Q+bl+EOg//hDOhn5Q9My+UNtTPlDBmb5Q6B/+UM6mflD
srL5Q0zM+UPm5flD</AssayXData><AssayYData Points="300">+JFZP3oEWD8JRFk/LidYPwsBVz/7u1Q/btVTP0uzUj+4jE8/1WlOP1T0TT+zjk0/y45LPykV
Sz+L/kg/L1pHP0YJRj9lTkU/pwNEP08ZQz99EkM/3ypCP0e6QD+NlD4/OWE9P/CKPT94/Ts/
iW08P4JLOT/lzTg/GWI4P6CCNz9uATY/sxw1P5gqNT86FTM/Q7IyP5leMj/2tzA/828vP3kf
Lz8zaS0/xmgtPznkLD/Gcys/8SkqP2TKKT9EQSg/dfknP325Jz8/eCY/JKclPzwVJT/1TyQ/
bfsiP02jIj/nciE/6z0hPwkIID98wR8/CGkeP7DBHj+ugx0/VDkcP0pyGz+7MRw/Di8aP/po
GT8DrRg/DqIYPzGYFz+bPBY/egQWP2MzFT9uqxU/9GsUP4RqFD/YkBM/5/MRP9wuEj/c8hE/
XQQQP62dED/EVg4/OS0OPy9DDT9CTA0/1XsMP84xDD9hEgs/iL8KP8ryCT/HVAk/v2MIP5U8
CD8CSgg/HYcHP+TdBj/RPwU/f20FP0uDBT9ZDQQ/eKEDP09CAz/+VQI/LJoCP7vpAD/jkf8+
JmQAPwvS/z4YTv4+qMT9PkWl/T6yPP4+2b75PpBP+T4OC/k+I776Pqzo9T7JXvQ+VNH0PgkC
9D7lvfI+Dt7wPiFU8D7NKu8+9OTtPhrb8D7ffOw+ezbrPvDv6z6zKuk+XqXoPmbr5z5Tg+Q+
UY3nPqwh5j7MBOU+tPziPjTt4z5XRuI+5AbiPgRW4T72rOA+13XgPjTL3j7kRd8+0/DcPnNf
2z6H29w+QZzZPpAV2T5Xatg+OnTXPs941T5bTdY+eALXPuR00z6iNNQ+JrbSPhmP0D7QddA+
JgjQPg8Y0D54JM8+gX7QPg6SzT5wd84+k77MPsE0yz4j7cg+GVTJPrHxyT7qzcg+aYrHPtQ6
yD4cSMY+T5fEPlwrwz5ljsU+f3vEPtrNwj5vRcI+U/jBPhAJwj40+sA+kCnCPkw6vz6U9r8+
iCW/Pr11vD4j27w+91O8PtrCuz5p2rs+0L67Ps56uj4APro+3cG5PoWEuD6uf7c+Xhu4Psqy
tz4nzbQ+PjO0PhQasz56uLM+qeKzPhnNsj6KQrI+ruyyPsOorz7XqrA+FkmwPiFgsD42la0+
qyWwPkYqsD7fsaw+GPisPgiOqz7Naas+OTurPl9drT6YGak+0u2pPun8qz6Vuao+OnmpPoDd
pz4NMqg+x8OnPk1Opj6Z4KY+PAamPhiKpT4XKqY+aOOkPqrPpT69VaQ+6uGiPjr/oz58/KM+
2PWhPmLZoj7d1KA+1X+hPuRkoD7pZaA+02CgPlpUnj7mRZ0+EgCfPlF+nD5BQpw+y5CbPjR7
nj5tB5w+XNqaPmeNmj7HDZw+eXuaPqA3mz7dFps+tNaYPkBGmj6lEpk+0UuXPs8qmD5f7pk+
KteWPudKlz6vopg+PR2YPu2olT78EJc+iYiUPvSpkz6bhZU++syUPj/qkz4oApI+OvGRPrVR
lD4eOZQ+QXqSProTkj5SXo8+O+SPPtVUkD4oBJA+0vOPPhw6jj5l4o8+a7mQPkRIjz5CPZA+
4nCMPsh6jz79PY0+</AssayYData></Step><Step><CommonData><SampleLocation>6</SampleLocation><SampleID>Running Buffer</SampleID><SampleGroup></SampleGroup><SampleInfo>in Running Buffer</SampleInfo><SampleRow>C</SampleRow><SamplePlate>1</SamplePlate><WellType>BUFFER</WellType><Concentration>-1</Concentration><ConcentrationUnits>µg/ml</ConcentrationUnits><MolarConcentration>-1</MolarConcentration><MolarConcUnits>nM</MolarConcUnits><MolecularWeight>-1</MolecularWeight><Temperature>30</Temperature><StartTime>584704</StartTime><AssayTime>20</AssayTime></CommonData><FlowRate>1000</FlowRate><StepType>BASELINE</StepType><StepName>Baseline 20</StepName><StepStatus>OK</StepStatus><ActualTime>20</ActualTime><CycleTime>0.2</CycleTime><AssayXData Points="100">gP/5Q/kY+kOzMvpDTUz6Q+Zl+kOAf/pD+Zj6Q7Oy+kNNzPpDxuX6Q4D/+kMaGftDszL7Q01M
+0PmZftDgH/7QxqZ+0OSsvtDTcz7Q+bl+0OA//tDGhn8Q7My/ENNTPxDxmX8Q4B//EMamfxD
s7L8QyzM/EPm5fxDX//8QxoZ/UP1Mv1DTUz9Q+Zl/UOAf/1D+Zj9Q7Oy/UNNzP1DxuX9Q1//
/UP5GP5DszL+QyxM/kPmZf5DX3/+QxqZ/kOSsv5DLMz+Q+bl/kOA//5DGhn/Q5Iy/0NNTP9D
5mX/Q4B//0P5mP9Ds7L/Q03M/0PG5f9DgP//Q3wMAERJGQBEFiYAROMyAETGQABEjUwARFpZ
AEQmZgBE43IARLB/AESNjABESZkARBamAETjsgBEwL8ARHzMAERJ2QBEFuYARPPyAETA/wBE
fAwBRFoZAUQWJgFE4zIBRMA/AUSNTAFEelkBRBZmAUTjcgFEsH8BRHyMAURJmQFEJqYBROOy
AUSwvwFEfMwBREnZAUQW5gFE8/IBRA==</AssayXData><AssayYData Points="100">SljAPfmumTxjHZS8wf8Kvc5HJb0QWy69/8Ervb5jN72nRie9KbsqvboGI72/Gxm98KcNvU4I
Ir1+zRe9FnoHvZx6IL3EVQ69i3cEvRnJ9LzbrgG92Y3+vL2uDb0KKQ29Hy4DvTF2D72q5Pe8
Np76vCOo0bwa/uq8Xl/avOFz5LwzuOC8ZpoFvQDa6byNxd+8mbHUvGyx07ynOOm8SQDivDzM
07wdi+K8lEfavBfDy7zldPO8mSHIvLCXw7wsN8S8P7nXvJysxbwiAbm8WZnQvMBvuLzPWcO8
MNGivEjwt7z/h9e8A+66vJGj8LxYQ6+8yiLKvH0z2rzgCb+8vyLTvDYjpbzPis28htawvNWy
ybyit7i8RLfCvJNbwrxs1Na8x2vWvOtpy7wzlq+8ZyK+vA2vy7yR06684diyvPi01Ly9OaW8
KVvAvFFoxbzZe6q80jGzvKsTn7zgsKC8BTacvI+yv7zrxru83BTFvJbbobxN0bC8eEqovMDn
yryKwbC8lqXRvGXEubzdGrS8femmvA==</AssayYData></Step><Step><CommonData><SampleLocation>7</SampleLocation><SampleID>aKappa 50ug/ml</SampleID><SampleGroup></SampleGroup><SampleInfo></SampleInfo><SampleRow>C</SampleRow><SamplePlate>1</SamplePlate><WellType>KSAMPLE</WellType><Concentration>-1</Concentration><ConcentrationUnits>µg/ml</ConcentrationUnits><MolarConcentration>-1</MolarConcentration><MolarConcUnits>nM</MolarConcUnits><MolecularWeight>-1</MolecularWeight><Temperature>30</Temperature><StartTime>612978</StartTime><AssayTime>120</AssayTime></CommonData><FlowRate>1000</FlowRate><StepType>ASSOC</StepType><StepName>Association</StepName><StepStatus>OK</StepStatus><ActualTime>120</ActualTime><CycleTime>0.2</CycleTime><AssayXData Points="600">wP8BRI0MAkRaGQJEFiYCROMyAkSwPwJEfEwCRFpZAkRoZgJE43ICRFOAAkR8jAJEYJoCRBam
AkTjsgJEsL8CRHzMAkRa2QJEJuYCROPyAkSw/wJEfAwDREkZA0QWJgNE4zIDRLA/A0SNTANE
WlkDRBZmA0TjcgNEsH8DRI2MA0RJmQNEJqYDROOyA0TAvwNEjcwDREnZA0TK5gNE4/IDRMD/
A0R8DARESRkERBYmBETzMgREsD8ERHxMBERJWQREJmYERONyBESwfwREjYwERFqZBEQmpgRE
87IERMC/BESNzAREWtkERCbmBETz8gREwP8ERI0MBURaGQVENyYFREUzBUTAPwVEjUwFRFpZ
BUQmZgVE83IFRLB/BUSNjAVEepkFRCamBUTzsgVEwL8FRI3MBURa2QVEJuYFRPPyBUTx/wVE
jQwGRFoZBkQmJgZE8zIGRMA/BkR8TAZEWlkGRCZmBkTzcgZExoAGRI2MBkRamQZEJqYGRPOy
BkTAvwZEjcwGRFrZBkQm5gZE4/IGRMD/BkR8DAdESRkHRHgmB0TjMgdEwD8HRHxMB0RJWQdE
JmYHRPNyB0TAfwdEfIwHRFqZB0QmpgdE87IHRMC/B0R8zAdESdkHRCbmB0Tj8gdEsP8HRI0M
CERJGQhEFiYIRPMyCESwPwhEjUwIRFpZCEQWZghE83IIRMB/CESNjAhEWpkIRBamCETjsghE
sL8IRHzMCERa2QhEFuYIRPPyCESw/whEfAwJRJsZCUQWJglE8zIJRLA/CUSNTAlESVkJRBZm
CUTjcglEsH8JRHyMCURJmQlEFqYJROOyCUTAvwlEjcwJRFrZCUQW5glE4/IJRLD/CUR8DApE
WhkKRBYmCkTzMgpEsD8KRHxMCkRJWQpEFmYKRONyCkSwfwpEfIwKREmZCkQWpgpE47IKRMC/
CkR8zApESdkKRCbmCkRm8wpEsP8KRHwMC0RaGQtEFiYLROMyC0TAPwtEfEwLRElZC0QWZgtE
83ILRMB/C0SNjAtEWpkLRBamC0TzsgtEwL8LRI3MC0Ra2QtEJuYLRPPyC0TA/wtEjQwMRFoZ
DEQmJgxE8zIMRMA/DETfTAxEWlkMRCZmDETjcgxEwH8MRI2MDERamQxEJqYMRPOyDETAvwxE
g80MRFrZDEQW5gxE8/IMRMD/DESdDA1EWhkNRCYmDUTzMg1EwD8NRI1MDUTtWQ1EFmYNRI10
DUTAfw1EfIwNREmZDUQmpg1E87INRMC/DUR8zA1Em9kNRCbmDUTj8g1EwP8NRI0MDkRaGQ5E
JiYORPMyDkTAPw5EIE0ORFpZDkQmZg5E83IORLB/DkSNjA5EWpkORBamDkTzsg5EsL8ORHzM
DkRa2Q5EFuYORPPyDkSw/w5EfAwPRFoZD0QWJg9E4zIPRLA/D0SNTA9EWlkPRCZmD0Tzcg9E
sH8PRI2MD0RJmQ9EFqYPRKezD0TAvw9EfMwPRFrZD0QW5g9EO/QPRLD/D0TvDBBESRkQRBYm
EETjMhBEsD8QRHxMEERJWRBEFmYQRONyEESwfxBEfIwQRFqZEEQWphBE47IQRLC/EER8zBBE
SdkQRBbmEETz8hBEsP8QRHwMEURJGRFEJiYRROMyEUSwPxFEfEwRRElZEUQWZhFE43IRRLB/
EUR8jBFESZkRRBamEUTjshFE8b8RRHzMEURJ2RFEFuYRROPyEUSw/xFEfAwSRGoZEkQWJhJE
4zISRLA/EkR8TBJESVkSRHhmEkTjchJEwH8SRI2MEkRJmRJEN6YSRPOyEkTAvxJEjcwSRFrZ
EkQm5hJE8/ISRLwBE0SNDBNEWhkTRCYmE0TzMhNEwD8TRI1ME0RaWRNEJmYTRPNyE0TAfxNE
jYwTRFqZE0QmphNE87ITRMC/E0R8zBNEWtkTRCbmE0Tz8hNEsP8TRI0MFERJGRREJiYURPMy
FESwPxREjUwURFpZFEQWZhRE83IURMB/FESNjBRET5oURCamFEQUsxREwL8URI3MFERa2RRE
JuYURAr0FEQYARVEjQwVRFoZFUQmJhVE8zIVROE/FUR8TBVEWlkVRCZmFUTjchVEwH8VRI2M
FURamRVEJqYVROOyFUTAvxVEjcwVRHrZFUTK5hVE4/IVROH/FUR8DBZESRkWRCYmFkTzMhZE
sD8WRHxMFkRaWRZEFmYWRPNyFkTAfxZEjYwWRFqZFkQWphZE47IWRLC/FkSNzBZESdkWRBbm
FkTj8hZEsP8WRHwMF0RJGRdEJiYXRPMyF0SwPxdEfEwXRElZF0Q3ZhdE83IXRMB/F0R8jBdE
WpkXRBamF0TjshdEsL8XRHzMF0Ra2RdEFuYXROPyF0Sw/xdEvgwYREkZGEQWJhhE4zIYRMA/
GER8TBhESVkYRBZmGETzchhEwH8YRHyMGERamRhEJqYYRPOyGESwvxhEfMwYRFrZGERH5hhE
uPMYRLD/GESNDBlESRkZRBYmGUTjMhlEwD8ZRHxMGURJWRlEN2YZRONyGUTAfxlEMY0ZREmZ
GUQmphlE87IZRMC/GUS0zRlEWtkZRCbmGUTz8hlE0P8ZRI0MGkRaGRpEJiYaRPMyGkTAPxpE
jUwaRFpZGkQmZhpECnQaRMB/GkSNjBpEWpkaRCamGkTzshpEwL8aRI3MGkRa2RpEJuYaRPPy
GkTA/xpEjQwbREkZG0QWJhtE4zIbRMA/G0TvTBtESVkbRCZmG0TzchtEQ4AbRI2MG0RJmRtE
FqYbROOyG0RDwBtEjcwbREnZG0Qm5htEbPQbRMD/G0SNDBxESRkcRCYmHETzMhxEsD8cRI1M
HERaWRxEJmYcRPNyHETAfxxEfIwcRFqZHEQmphxE87IcRMC/HER8zBxErNkcRBbmHETz8hxE
sP8cRI0MHURJGR1EJiYdRPMyHUSwPx1EfEwdRElZHUQmZh1E43IdRMB/HUR8jB1ESZkdRBam
HUTjsh1EwL8dRHzMHURa2R1EJuYdRPPyHUSw/x1EfAweRJsZHkQWJh5E4zIeRLA/HkR8TB5E
SVkeRCZmHkTjch5EsH8eRO+MHkRJmR5EeKYeRPOyHkTAvx5E38weREnZHkQW5h5E4/IeRLD/
HkR8DB9ESRkfRBYmH0TzMh9EsD8fRHxMH0RJWR9EJmYfRONyH0Swfx9EfIwfREmZH0SZph9E
47IfRLC/H0R8zB9ESdkfRCbmH0Tz8h9E</AssayXData><AssayYData Points="600">fD4UPrgcRT6221s+NdJrPiymdz64sns+MeSAPiiIgj6pE4I+OB2DPi/lhD7GpYM+7TCGPo7B
gz6vYoQ+foSFPoAriT7EKoc+rNSGPl02iT6a6Ig+4VuGPhfXiD6FDoo+HyWLPijyiz7Fsos+
lImMPtssjD7NtYw+mGCOPm+Jjj6M+44+pjuPPsdpjz60EpA+RH+SPsSTkD7XppE+NEiSPrbH
kj7dx5I+MzKRPm7WlD5YVZE+jaSUPo5YlT4C0pU+SSaVPnERlT7bCpc+yL6WPkTRlz5Lp5U+
TsaaPjVEmD5p2Jg+ZPGZPmJtmT6eZpk+U+ubPuCGnT6Er5o+FkmePmVxnD7DTJw+LtyaPrf+
nD56uZw+TfGbPs3wnD59rJ4+DjmdPhO5nT7XHqA+sf+ePjm9nT6e5Z8+GWCePoVznz5/958+
5iefPjaLoT5WdaA+ybChPnx3oD5zK6M+xEmiPnhPoT7dq6I+gSChPs0Loj7YO6I+EUikPuoL
pT7iL6U+PX6lPt+8pD4jraU+cUKkPm0YpT5idqY+XvuiPgiApj4kb6U+7wOmPpdhpT4VIqY+
br2lPlV1pj4OhKc+bj2oPuy9pj51y6k+auunPg4Cqj46P6k+nNqnPvU/pj4BzKg+8IOpPt5p
pz7pQqg+nHWpPvdRqj47oao+IMKrPolPqT4ekqg+OrCrPnZIqz5R0Ks+C3epPoujqj6Ubas+
qzGrPosyqz6uiqs+FVisPg25qz7/Oaw+6vWqPiKGqz4ys60+TXytPm80rj47WK0+LNqrPgYD
rD6uX60+iKqrPp2hrD7UOa0+BBiuPkKVrD7zxa0+WIivPlvdrj7Zt60+AMWuPpwRrj6GDq8+
oo2vPkNVrz5mcq8+gsGtPgEMsD4yO7I+MB+wPqisrj4Poq8+5WWvPhHerz6V37A+gKKuPkVs
sj53T7A+qA2wPn4qsT5vs7A+E32wPv7asD5X0a8+hhWyPkzusj6FfK8+G5ayPsfPsT5j+7E+
naizPvMIsj6si7M+PFeyPjX3sT7wILQ+yf6wPmOosT5wcLI+t/iyPonvrz4kYbE+6y+1PtU4
tD7hnLM+Y1+0PrAVtD6vc7M+amG0PmY9tD6bNbQ+5Iq1PkTHsj6jYrU+FZO0Pp15tD5j/LM+
jL+zPr5qtT4idbQ+SNa0PvtMtT5YarU+V/mzPgoJtT5JubU+KKe1PqZCtD5MDLQ+WLW2Pkcd
sz5BXLY+qq+1PlrOtT7jAbY+NMC3PpXgtT5QUbc+EduzPn66uD5RLbg+/ga2Pv8Atz7vy7Y+
5X+4PpKytj4Jcbc+Bfm2PmK2tT4ZCbY+NwS2Pgtjtj5YY7o+tEi4PsBRuT6R07Y+B5y3Puhs
tj6iDLc++be2PvknuD4r/rc+67a3PiVGtz5Wtrc+Zku6PvUQtz5Iy7g+W8W4PtMfuz4dx7g+
Jf+2Pi0buj5Bf7c+ssu3PruLuD6YI7k+q963PkCbuj6g1bg+ORW6Pt4fuD5p2bc+lpu5PuRu
uT67urg+vCy6Pp1vuj5gB7o+OP65PjuvuD7mxrk+94u6Pm9/uj6S+Lg+7Ce5PiZsuT6bFbs+
kHW6Ph7Cuj7KELk+imO5PtVwuD6zLrk+kkS6PqpWuj5LjLk+rdC6PvvuuT6wQ7k+HyC6PpMN
vT6Oebo+YlO8PvJvuj4hxLo+nQK7PrXyvD5Dibk+3du6PoGUuj5smbs+2367PpAfuz5v3rw+
JKy6PnGBuz4Y77w+fHa6PibnuT6Lsr0+AQi9Pq9svT6BT7s+/Z27PqlSvT76/Lw+6Ae7PgQT
vj40Trs+aOO8PqvSvD7bb7s+cyG+PsylvT4kGb0+nhK8PpZUuz5v9Lo+PCC8PkENvT5HjLw+
Ice+Pj+HvT6q0Ls+HyC9Pp1quj5ogbw+maq9PkvxvT59a7s+wGO9Pv1MvT42V7w+V8+7PjUQ
vT4fV70+Tje8Plf4vT7eXbw+rw2+PlWNvT5d9bw+Efm8Piuiuz6+5bw+UJq9PtO9vT50Crs+
7iS/PqS3vT4EMb0+MuK9Pig8vT6Og70+sx69PuzwvD5r5Lw+C0e+PmNgvT7s5r0+MAq+PgeF
vj52fr4+gOe9PuadvT4HAL4++dW+PnFXvj7oyL4+7bq9PjFhvz4TQr8+HEG8PjYovT6Qs8A+
Lzy+Ptlwvz4LHr4+6HG+PrHAvz4Jr78+qVC+PoHMvj6+esA+8lK/PiaKvz4Wfr8+OHq+Purn
vz5IZ78+XI6+Pl5fvz6eBb0+qTm/Pn8Hvz4vWsA+j5++PiN9vj5vZcA+J9vAPkhcvj6zxb4+
3Xa/PlzUwT4u574+VzvCPnoEwD4s5b8+e7rAPpwIwD51wb4+bHq/Ple4vj6Gwr8+ioa/Pin1
wT5kdMA+4RzBPo5bwT7qCL4+lL2/PvaFwD6J+sA+l7zBPtS/wD7PIb8++QLAPjZuwD5YBME+
5KbBPt3YwD6TdsA+DbDBPohxwD5hB8E+6/3APjBmvz5QF78+9HHAPo/gvz7KDcE+gEfAPoCD
vz6UJ8E+V5u/PuxLwj6n9MA+f5rBPj63wD7fIcI+07DBPkk1wD5Le8I+KQvBPhQ1wT4VmsA+
RZjBPpLZwD4LHcE+vkDBPn9MwD6pysA+2i/BPk6swj6Vl8E+shPCPmzmwz6OmcM+u0zBPrAb
wj4CncE+HYbAPrLowT7UxMI+6jLCPtmqwj5TUsE+I0vBPjdKwT5OlME+9FjCPnjswj5a/8E+
8DfAPjEuwT7LD8I+cSvCPjhawj7ensE+viLDPpMswD5WTsE+mPHDPs+awj73JMA+/3DBPrbb
wT7bhsM+mdbAPhmdwj7XwMM+qfTCPlDxxT7tR8M+9LTEPtPMwz5n28M+B0rCPlERwz7VgsE+
GuPBPvdQwz7HxMI+a43BPuE7wT6Ew8I+KPvDPq3SwD6ukME+Jb3DPkiOwz58RsM+oDHEPuJZ
xD7insM+N0vCPh6xwz6GRcM+WRLAPhjSwz7M0cE+fNzBPph5wj6UQcI+hKLBPqPywT6yU8E+
db3CPsVtwT6y28I+KNvAPvwXwz67scE+9GXEPhDpwj55fsM+103DPlsCxD7km8E+4xHEPg7M
wT7wUMI+dNfBPj4+xD66z8I+lkPCPlOdxD5T4MI+hmDEPr90wz7yIcI+nCHCPitgwj7sx8M+
93PCPoPHwz7zJcI+WPnCPmEowj5n98I+</AssayYData></Step></KineticsData></ExperimentResults>
