<?xml version="1.0" encoding="UTF-8" standalone="yes"?>
<ExperimentResults><ExperimentInfo Name="20250917 PE P5216 - 5377 plate 2 kappa 50 ugl"><ExpDescription>AHC example method - full characterization&#13;
Analyte titration series with reference channel</ExpDescription><RTDVersion>2.0</RTDVersion><RunID>D3453E7F-D910-462D-B051-2D13E2863725</RunID><ExperimentType>KINETICS</ExperimentType><ExperimentSubType>KBASIC</ExperimentSubType><StartDateTime>2025-09-17T15:27:33</StartDateTime><MachineName>BN7KX12</MachineName><UserName>octet</UserName><LotNumber></LotNumber><PlateName>250917</PlateName><PlateName2></PlateName2><SensorName>F1</SensorName><SensorPlate>1</SensorPlate><SensorType>AHC (Anti-hIgG Fc Capture)</SensorType><SensorRole>LIGAND</SensorRole><SensorInfo></SensorInfo><WritingSW>DataAcquisition.exe 11.0.2.1</WritingSW><InstrumentType>OctetRED96</InstrumentType><InstrumentSerial>FB-50284</InstrumentSerial><InstrumentFW></InstrumentFW><IntegrationTime>3.0</IntegrationTime><DSPType>CPF</DSPType><DSPStitching>1</DSPStitching><HasManifest>1</HasManifest><InfoHash>404921046</InfoHash></ExperimentInfo><AssayParamsInfo/><KineticsData><Step><CommonData><SampleLocation>1</SampleLocation><SampleID>Running Buffer</SampleID><SampleGroup></SampleGroup><SampleInfo></SampleInfo><SampleRow>F</SampleRow><SamplePlate>1</SamplePlate><WellType>BUFFER</WellType><Concentration>-1</Concentration><ConcentrationUnits>µg/ml</ConcentrationUnits><MolarConcentration>-1</MolarConcentration><MolarConcUnits>nM</MolarConcUnits><MolecularWeight>-1</MolecularWeight><Temperature>29.7</Temperature><StartTime>0</StartTime><AssayTime>180</AssayTime></CommonData><FlowRate>1000</FlowRate><StepType>BASELINE</StepType><StepName>Baseline 1</StepName><StepStatus>OK</StepStatus><ActualTime>180</ActualTime><CycleTime>0.2</CycleTime><AssayXData Points="900">AAAAAKjGSz4EVs4+mpkZP83MTD8AAIA/1XiZPzMzsz8IrMw/okXmPzvf/z/NzAxAmpkZQGZm
JkDRIjNAnu8/QM3MTECamVlABFZmQNEic0AAAIBANV6GQJzEjEACK5NA/KmZQM/3n0A1XqZA
nMSsQDMzs0CamblAAADAQDVexkCcxMxAAivTQGiR2UDP999AZmbmQM3M7EACK/NAaJH5QM/3
/0B9PwNBZmYGQYGVCUG0yAxB5/sPQRsvE0FOYhZBgZUZQbTIHEHn+x9BGy8jQU5iJkGBlSlB
zcwsQQAAMEEbLzNBTmI2QYGVOUG0yDxBGQRAQRsvQ0FOYkZBgZVJQc3MTEEAAFBBMzNTQWZm
VkGBlVlBtMhcQef7X0EbL2NBZmZmQYGVaUHNzGxBAABwQTMzc0FmZnZBmpl5Qc3MfEE9CoBB
mpmBQTMzg0HNzIRBZmaGQQAAiEGamYlBMzOLQc3MjEFaZI5BAACQQZqZkUEzM5NBzcyUQWZm
lkEAAJhBmpmZQTMzm0HNzJxBWmSeQQAAoEGamaFBokWjQc3MpEFmZqZB9P2nQZqZqUEzM6tB
wcqsQWZmrkEAALBBmpmxQScxs0HNzLRBZma2QQAAuEGamblBMzO7Qc3MvEFmZr5BAADAQZqZ
wUEzM8NBzczEQWZmxkEAAMhBjZfJQScxy0HBysxBWmTOQQAA0EGNl9FBMzPTQc3M1EFmZtZB
AADYQZqZ2UEnMdtBzczcQWZm3kEAAOBBmpnhQTMz40HNzORBZmbmQfT950GNl+lBMzPrQcHK
7EFmZu5BAADwQZqZ8UEnMfNBzcz0QWZm9kEAAPhBjZf5QScx+0HByvxBWmT+QQAAAELNzABC
mpkBQmBlAkItMgNC+v4DQs3MBEKTmAVCYGUGQjMzB0IAAAhCx8sIQpOYCUJmZgpCLTILQhkE
DELHywxCk5gNQmZmDkItMg9CEgMQQs3MEEKTmBFCYGUSQi0yE0L6/hNCx8sUQpOYFUJgZRZC
LTIXQvr+F0LHyxhCk5gZQmBlGkItMhtC+v4bQsfLHEKTmB1CYGUeQi0yH0IAACBCx8sgQg6t
IUJgZSJCMzMjQvr+I0IX2SRCk5glQmBlJkItMidC+v4nQsfLKEKTmClCZmYqQi0yK0IAACxC
zcwsQpqZLUJmZi5CMzMvQgAAMELNzDBCmpkxQmZmMkIzMzNCAAA0Qs3MNEKamTVCZmY2QjMz
N0IAADhCzcw4QpqZOUJmZjpCMzM7QgAAPEIQ2DxCmpk9QmZmPkIzMz9CAABAQs3MQEKamUFC
ZmZCQi0yQ0IAAERCzcxEQpOYRUJmZkZCRjZHQgAASELNzEhCk5hJQmZmSkIzM0tCAABMQs3M
TEKTmE1CZmZOQi0yT0IAAFBCzcxQQpqZUUJmZlJCMzNTQgAAVELNzFRCmplVQmZmVkItMldC
+v5XQsfLWEKTmFlCYGVaQjMzW0ISA1xCzcxcQpOYXUJmZl5CWDlfQgAAYELNzGBCmplhQmZm
YkItMmNC+v5jQsfLZEKamWVCYGVmQjMzZ0L6/mdCx8toQpqZaUJgZWpCMzNrQgAAbELNzGxC
k5htQmBlbkIzM29CAABwQsfLcEKTmHFCZmZyQjMzc0L6/nNCx8t0QpOYdUJgZXZCMzN3Qvr+
d0Ls0XhCmpl5QmBlekIzM3tC+v57QsfLfEKTmH1CYGV+Qi0yf0IAAIBCZmaAQs3MgEIzM4FC
F5mBQn3/gULjZYJCSsyCQrAyg0IXmYNCff+DQuNlhEJKzIRCsDKFQheZhUJ9/4VC42WGQkrM
hkKwModCF5mHQgAAiELjZYhCSsyIQjMziUIXmYlCAACKQulmikJKzIpCsDKLQheZi0IAAIxC
ZmaMQs3MjEKwMo1CF5mNQgAAjkJmZo5CYtCOQj81j0KamY9CAACQQmZmkELTzZBCMzORQpqZ
kUIAAJJCZmaSQs3MkkIzM5NCmpmTQgAAlEJmZpRCzcyUQjMzlUKamZVCqAaWQmZmlkLNzJZC
MzOXQpqZl0IAAJhCZmaYQs3MmEIzM5lCF5mZQn3/mUJmZppCzcyaQkY2m0KamZtCAACcQuNl
nELNzJxCMzOdQpqZnUJ9/51CZmaeQs3MnkIzM59CmpmfQgAAoEL2aKBCzcygQrAyoUKamaFC
ff+hQuNlokJKzKJCsDKjQpqZo0IAAKRCZmakQkrMpEIzM6VCF5mlQgAApkJmZqZCzcymQjMz
p0IXmadCff+nQmZmqELNzKhCMzOpQpqZqUJ9/6lCZmaqQkrMqkKwMqtCF5mrQgAArEJtZ6xC
SsysQrAyrUIXma1Cff+tQuNlrkJKzK5CMzOvQheZr0J9/69CZmawQkrMsEKwMrFCL52xQgAA
skLjZbJCzcyyQrw0s0KsnLNCff+zQuNltELNzLRCtjO1QheZtUJ9/7VC42W2Qs3MtkKwMrdC
F5m3QgAAuELjZbhCSsy4QrAyuUKamblCff+5QuNlukJKzLpCMzO7QheZu0KJAbxC42W8QkrM
vEKwMr1CF5m9Qn3/vULjZb5CSsy+QrAyv0IXmb9CAADAQuNlwEJKzMBCsDLBQheZwUJ9/8FC
42XCQkrMwkKwMsNCF5nDQuwRxELjZcRCSszEQjMzxUIXmcVCAADGQuNlxkLTzcZCMzPHQpqZ
x0J9/8dCIXDIQs3MyEIzM8lCmpnJQgAAykJmZspCzczKQjMzy0KamctCAADMQmZmzELNzMxC
MzPNQpqZzUKJAc5CZmbOQs3MzkIzM89CmpnPQn3/z0JmZtBCzczQQrAy0UKamdFCAADSQmZm
0kJo0dJCMzPTQpqZ00IAANRCmG7UQs3M1EIzM9VCmpnVQgAA1kLjZdZCzczWQrYz10KamddC
AADYQmZm2ELNzNhCMzPZQpqZ2UJ9/9lCZmbaQs3M2kIzM9tCmpnbQgAA3EJmZtxCSszcQjMz
3UKamd1CAADeQuNl3kJ71N5CsDLfQheZ30J9/99CeWngQs3M4ELJNuFCmpnhQn3/4UJmZuJC
SsziQrAy40KameNCff/jQuNl5EJKzORCsDLlQheZ5UJ9/+VCZmbmQs3M5kKwMudCmpnnQn3/
50LjZehCzczoQrAy6UKamelCBgHqQuNl6kJKzOpCsDLrQheZ60IAAOxC42XsQs3M7EKwMu1C
F5ntQgAA7kLjZe5CzczuQrAy70IXme9Cff/vQmZm8EJKzPBCsDLxQheZ8UIAAPJC42XyQkrM
8kIzM/NCF5nzQgAA9EJmZvRCSsz0QrAy9UKamfVCff/1QmZm9kLs0fZCMzP3QheZ90IAAPhC
42X4QkrM+EIzM/lCmpn5QgAA+kLpZvpCSsz6QrAy+0KamftCff/7QmZm/ELNzPxCsDL9QheZ
/UJ9//1C42X+QkrM/kIzM/9CF5n/QkIAAEMzMwBDZmYAQ5qZAENWzgBDAAABQzMzAUNmZgFD
mpkBQ83MAUMAAAJDMzMCQ2ZmAkOamQJDzcwCQwAAA0MzMwNDZmYDQ5qZA0PNzANDAAAEQ7w0
BENmZgRDmpkEQ83MBEMAAAVD8jIFQyVmBUOamQVDzcwFQwAABkPyMgZDZmYGQ5qZBkPNzAZD
AAAHQ/IyB0MlZgdDmpkHQ4vMB0MAAAhDMzMIQ2ZmCEOamQhDzcwIQwAACUMzMwlDJWYJQ5qZ
CUPNzAlDAAAKQzMzCkNmZgpDWJkKQ4vMCkMAAAtD8jILQ2ZmC0OamQtDi8wLQ77/C0PyMgxD
JWYMQ5qZDENQzQxDvv8MQzMzDUNmZg1DWJkNQ4vMDUO+/w1DMzMOQ2ZmDkOamQ5DzcwOQwAA
D0MzMw9DJWYPQ5qZD0PNzA9Dvv8PQzMzEEOuZxBDmpkQQ83MEEMAABFD8jIRQyVmEUOamRFD
zcwRQ77/EUN7NBJDJWYSQ1iZEkOLzBJDvv8SQ/IyE0MlZhNDWJkTQ4vME0O+/xND8jIUQ2Zm
FENYmRRDzcwUQ77/FEMzMxVDJWYVQ6abFUOLzBVDAAAWQzMzFkMlZhZDWJkWQ4vMFkMAABdD
/jQXQyVmF0NYmRdDi8wXQ77/F0M5NBhDJWYYQ5qZGEOLzBhDvv8YQ/IyGUMlZhlDWJkZQ83M
GUO+/xlDMzMaQ2ZmGkNYmRpDi8waQwAAG0PyMhtDJWYbQ1iZG0PNzBtDAAAcQ3UzHEOoZhxD
mpkcQ83MHEMAAB1DMzMdQzdpHUOamR1DzcwdQwAAHkMzMx5DZmYeQ5qZHkPNzB5DAAAfQzMz
H0NmZh9DmpkfQ83MH0NIASBDMzMgQ2ZmIEOamSBDzcwgQwAAIUMzMyFDZmYhQ1iZIUPNzCFD
AAAiQzMzIkNmZiJDmpkiQ83MIkMAACNDMzMjQzFoI0OamSNDzcwjQwAAJEMzMyRDwWokQ5qZ
JEPNzCRDAAAlQzMzJUNmZiVDmpklQ83MJUMAACZDzzcmQ7RoJkOamSZDi8wmQwAAJ0PyMidD
JWYnQ9uZJ0NWzidDAAAoQ/IyKENmZihDWJkoQ4vMKEO+/yhDMzMpQ2ZmKUNYmSlDzcwpQ77/
KUMzMypDZmYqQ1iZKkOLzCpDAAArQzMzK0MlZitDWJkrQ4vMK0O+/ytD8jIsQ2ZmLEOamSxD
i8wsQ77/LEMzMy1DZmYtQ5qZLUOLzC1Dvv8tQ/IyLkNmZi5DmpkuQ4vMLkMAAC9DMzMvQ2Zm
L0Phmi9DzcwvQ77/L0PyMjBDK2cwQ1iZMEPNzDBDvv8wQ/IyMUMlZjFDmpkxQ4vMMUMAADJD
MzMyQyVmMkOamTJDzcwyQ2AFM0PyMjNDJWYzQ1iZM0PNzDND</AssayXData><AssayYData Points="900">AAAAAIUiXDr1ZhY7Gc78OZoqVzmngSq63jCrOnzOgTuIGaE7OoAMOwCuSDuiqHc6yFKiO38R
ILoetoc7XgwiO9EwtTkbfzE7opaZO3Podztb32M7c+WQO0gEKjvpU3w7NdNfO77K2Dr3xz+7
AGy7O7NPiTsh/3Y6ABa3O+bFJTrseGU6fkjzOvtFp7ofgO25TXoGOcBE0zrJq3A6TBdbOkPu
STkkdFC7w53JOkGF5zmSzpw7ivsvOzVTPTpCkyY6nt4KumouFTo3xhC6/TuVuuneYzojh8i6
APc5OTUjLTs4NkW7LskUu+WPY7p4zUS7VG6QujdgcrvTsie6hNryur85bLvoTzm6GdGau7c1
KbpTvqg5L/6MOt3EZ7upbdk6gGZGu7LJT7sl5kC6IsjDugDQmDlPMDO7jfp1u7fG6Lprvgy7
DELCuj88brtv/Qi7qH2Julw3Ozot8Vq7qBHduv9qtbu8YvO6lLhVOvmLcLtxCHS6iRx9u1iL
ortPnF26QPRXuv8WhbsNYKu7k6Fnu8M8qrqG3de68X0huxojGrut08m6ZAjjOu39bbv06Yu7
mlV5uwMNjbvD5Xy7Sk9GuxyFK7tNhiS7s+eFutzhqLovYtS7FUsAOWoparuC67a7P5gju6TC
yrsOARu7/RQ3u+ekZbtHuEK7OyBVu6/xsLvjYtG6lw3lu9lUtrpv5NO6BIFku+/0UrvJzHC7
pj2Uu45NirvMP8u7XBiQu/3Gn7vOZFK7qtVLu1oszLuR6NW7mAYvuxAqn7vP85m7ZKksuxOZ
SLsC3pq7yT21ukf5o7p8pby7GaFqu2HlDbtSGd67Uybruz7QkbuNbte7b/mtu1cS27uDF567
Uh/Lu8uwr7uzCFy73L/cu1UOmLswgwu8d70GvFO0uLtW36i77lSBu5SJtbv2pK+76NLXu50J
h7sPqwi8g4rju5AL7rtE3L67IDgNvE9XDLzeXh681Qjvu6ry77ucHJ+7QJr6u1ACybuOkhi8
rMcQvPW+ubvmvIe75TKWu3DSsbv8CTa8niAovPQ6CbyRlau72UQxvErIEbxsgzS8f30GvJXg
HLzJQZy7PG7Ju0QW5rszgM+72Evuu+JQ8Lvf0Ly7LfQJvKYQ/bshVtW7ldsBvIu54LtxTfK7
bzT0u5AqDrxfzCS89LCsu/4dFbzSww684cAdvGswAbwmzym8vVIUvIhIHrxQov674HoBvNh9
RLye5Ci8b1oRvHSaC7xHtyG8lUrzu3x58ruh6gm8WLEavA36QbzsAia80cQavOZTIrxa3yC8
DjNEvPz/z7vLrCW8UnsfvITjF7xqdii89I4rvG/ULrwt2S+86QEZvJbtNbwJ8su7dccbvEDm
QbxG/xC8O8MEvDwCAbzM1yC8bV6uuwQK5rsM4wy8PDYsvC3kELybFba7EAYIvFK9MbydPgS8
ROStu5YeALyJaSC8FtsFvCB4C7wqJQK8g7oWvHrSP7yCa0i84oJKvMqwOLyxFgu8lao3vGd6
Jrxv6/W75tvYuzHyJLwuq7e7IqsVvKydXbxfpy280rIlvFZEMLxDgXO8kxoKvCJeJ7zHmza8
cb4YvI+4VbyZOga8NiIGvKRcLrx6Vh+8y0Hqu2/RULw6Z128ilkfvBfKHbzlRDC8O8ARvF4j
KrzDmzy8a9UevPlRNrzjzza8DCI+vCyaG7ykeVm8fqdJvN9oErwnQ2S8wkk3vFQrQryd3lK8
6GAvvDR2L7wGXzy8Y2A6vHrT+bsRIzm8p19ZvGazXry2LGO87LlrvPdvSLwFkXq8z55CvAB8
NbzFsk28HBpCvI/yA7yO1nC8R6Y5vKlQPrxqQEG8vNwBvEnPH7xb9FO8Q6wrvHJrU7ymMlu8
McV0vNxjR7yJk0G8bgBcvMm5SbyX6mO88k10vOH4HLyWrV28dqUdvFOJabyxSma8P3htvDza
V7xr2Eu8x/VBvGbfLrzUmF+8N65avASVUbxenFu8Q949vC+chrzNEzi8UfZMvGorXbwr5jS8
HwY9vCx3V7w3XW28IV91vEmKebztLkq8L6gyvHp0V7zBDGy8u4tfvHA0Q7zQyHC85AZMvJcx
hbzfajm8/eYevFyXFLyfklu8UmprvNOxQLw/Cny8dVFJvN4TVrwPvXO8fO0yvNfVUbwpbkG8
LjJ6vLTpZ7yCIWC8twFqvBfTXbw6Il+8N8hQvGxFS7wYeEO8yGJ/vMlVT7xECjC839B+vPDI
WLzlcGa8zm9IvOLibbyvXIW8WVuBvAtXg7z5RVG8eO55vKPrPryWVHq85c9zvIzkTryMUHK8
k5I/vEmVULwRB4G8BGxQvJspcrzU7Iq8BumEvPNHkbzQuoS8iS1SvLl5g7weUIC8UkuPvKFc
l7zP9le8j2BvvN8/cbxLP4G8cSFtvHcAmrwNbJC8xS57vOW6h7y0jJW8uoSSvDJfWrzs1pi8
CuV3vL2zh7yw8F28a1aYvNvGmbzn22G8dcqAvBTsf7wIq4O8+XV8vNabm7zWDIi85AtmvFhb
l7yBnVW87DZNvDTMh7y+95a8FA17vFb8rbz344W8JfxovMKHerzKzX68VCBjvGv4kryAHnu8
ySlJvOYdhbzDtI68vLObvLdkmrymYn+8whGIvO9vj7ygp5i8yDeBvD6Ud7yxbWu823CHvGEa
b7y3no+8Z2aSvIraRbwS6YK8mAKdvO9VfLzRsp68DuKkvFOVkbyY0ma8p0x6vBT+i7yoL4O8
7WKUvG8JnLwnCoq850OcvLofnbwfGW68fhKpvCVmnrwR1GS8FvCWvDfOh7z6aom8Fe5XvGbG
d7xd3Zi8GBuEvO+Am7xuh4q8lxNivLtqibw7pnK8y5WvvN8rg7zfP428/RqHvFxxl7wUvKm8
w2CdvOWRn7yuAKC8cnqdvI0mk7w1iaq8AbF6vMJ7kLwKVJK8yEiovJc4l7z7wZy8ug+QvO4v
k7zZ+5a876qSvD57ibxVh5i8juiRvGmQnbyQjKO8nW2nvHXGm7x3iKG8rE6TvAFDfrz7cKi8
OaGMvAghkbxaB6W8hYidvNgbtrzoKJK8oiKrvHTNgLwDKqK8Gk6gvP1xt7yUxJ28uKymvDgs
lryh5p684sepvJfBpbxlOJq8Lu+ovB6VkrzBt6S8SFiFvMUbh7w/qIi8LIqdvBInkrwg7J+8
+H2uvFWhi7z2IMS8SU6dvBhSnbykhr28qJ+TvH4emLzkRJu8IzSMvKThoLxIrbu8pDGUvOEm
obzjwKK8JPOVvD6AiLyBNqa8ReqNvLWgi7xlNaW8B7q9vHWvmbzUW5K8b+KxvMkhj7xrlKe8
vzCtvJ7SnLxhOKW8YZiVvCqRsLy885+81vG8vPCnpbxjFZq8Qc2svISTqLwTqY685ASuvBAo
qbwwY6i8wn25vLBSobyiXqi81vysvB96j7wxr6a8nWuPvNsJqrw8GZu8NIKdvH/ehLxv0bO8
pa6gvMSio7yAfZu8PYfIvGffoLw3V5q87LCyvGF2p7zcoqW8Dre6vFUepbwXGL68TKKEvN+A
lbwazb+8SUuzvAYXp7wczIi8V/KtvKRAo7x+Sby8bkC4vL1/rrxIaqa8FqipvFmBqbyblqy8
0w2yvCtDubyD5Ky8VealvGY9p7xjeJu8juSjvAej1rw1jI+8CXesvAPmr7z2Bb28WzK2vPT0
kLzo7K68zjKzvDJhkLxjhqi80nq2vFRqtLwNwL68RLWsvBSSr7w5VaC84ya6vKqXsrwnUr68
0OXBvJPlpryAZpq8hXq0vDQ6uryzUrC8VnWpvCeHm7xNnrG8Q+KevHydrbxb6ZW8yiu+vFbn
p7yHYrm8J4HGvOLltLxCGqy8Z3C+vJXLwLyShZm8HTjJvLGhubzlqI684YXAvIbDrLz7yYq8
BfGzvJmDu7zslqa8tye6vMI3p7zfiLO8KdGuvPIIuLw4Oaq8Pzq+vFOwzrw3WMa8zRqvvBCJ
vrx5JK68l1mfvPWWvLz7TrK8TQOyvPTQsLwl9rm8RHa1vMn+0LxI76C8iam5vEKg0ryQs9G8
fOezvCTapLyM3ry89CnavP9gsbz5Bqe8C120vNBcxryc6MC88MW5vIyns7wvxsC815aqvKNd
n7z9Ebe8weKvvIvfqLwfBNi8GlHDvK3YubzCqbe8Odq+vMYMsLwT+ra8JW6UvC84vrylybK8
N0e+vIMrt7wXsbi8/wW0vIuyxbx6iaO8qay5vLlGorwMOKm8gqjTvPtSi7yhRbe8RZDOvMaw
z7xLZsi8hUOnvO65tbzyacy8YdO1vCegybxjUcq8ZITGvK93q7yLXbe8aIS+vISFzLypi7G8
UJ+2vApvubxNFbW8E3TKvCn3yrx2iKa8qFHBvMsFq7yop7e83d+xvBgvurzolb28mRPOvCrl
1ry0n8O84fHKvHUAyLwQuLC8TV3UvJITubzVIra8qJPUvNroxLy4M9W8WtO/vO6vv7wp+Ma8
eYnCvKnCtbyL6eG8UJfYvL00v7zInra8Vnm9vEWEwLyMg9G8zw2+vL2uxrwjd7G8FOLTvDba
2rwqS728h/vTvIdSs7xMKc28NlLMvN621Lxlfa+8hlXDvEoszbzw5Lq8Bim/vJI4vLwcwL68
bZXFvHRi27yJd+S8DV3JvHXI07xuJr28RF/NvFytv7x+RrS8wGnWvMIlu7xW7M+86b/gvNc8
w7w7WsK8wrGmvIV1vrxlVbm810vUvM3pt7yYbNm8R1LBvF9Y1ryc0eu8FT7EvKvczLxPusa8
dKrAvIbr0byLo7a8gYi6vDOyvLx/xr6829C1vEH2wbwHKs28</AssayYData></Step><Step><CommonData><SampleLocation>2</SampleLocation><SampleID>10mM Glycine pH1.7</SampleID><SampleGroup></SampleGroup><SampleInfo>or other Regeneration solution</SampleInfo><SampleRow>F</SampleRow><SamplePlate>1</SamplePlate><WellType>REGENERATION</WellType><Concentration>-1</Concentration><ConcentrationUnits>µg/ml</ConcentrationUnits><MolarConcentration>-1</MolarConcentration><MolarConcUnits>nM</MolarConcUnits><MolecularWeight>-1</MolecularWeight><Temperature>30.1</Temperature><StartTime>207922</StartTime><AssayTime>20</AssayTime></CommonData><FlowRate>1000</FlowRate><StepType>CUSTOM</StepType><StepName>condition</StepName><StepStatus>OK</StepStatus><ActualTime>20</ActualTime><CycleTime>0.2</CycleTime><AssayXData Points="100">AAA0Q/IyNEMlZjRDAKA0Q4vMNEMAADVD8jI1QyVmNUOamTVDi8w1Q77/NUMzMzZDqGY2Q1iZ
NkOLzDZDvv82Q/IyN0MlZjdDWJk3Q4vMN0O+/zdD8jI4QyVmOENYmThDi8w4QwAAOUPyMjlD
JWY5Q1iZOUPNzDlDAAA6QzMzOkNmZjpDmpk6Q83MOkMAADtDMzM7Q2ZmO0OamTtDzcw7QwAA
PEPyMjxDZmY8Q5qZPEPNzDxDAAA9Q/IyPUNmZj1Dmpk9Q83MPUMAAD5DMzM+Q2ZmPkNYmT5D
zcw+Q77/PkMzMz9DZmY/Q5qZP0PNzD9DAABAQzMzQENmZkBDmplAQ83MQEMAAEFDMzNBQ2Zm
QUNYmUFDzcxBQwAAQkMzM0JDZmZCQ5qZQkPNzEJDAABDQzMzQ0NmZkNDWJlDQ4vMQ0MAAERD
MzNEQyVmREOamURDzcxEQwAARUMzM0VDJWZFQ5qZRUPNzEVDvv9FQ/IyRkNmZkZDWJlGQ83M
RkO+/0ZD8jJHQyVmR0OamUdDzcxHQw==</AssayXData><AssayYData Points="100">Clqdvlfgjb7zyoe+uTKBvmudgL5GaX6+kyyBvuplg75t6oa+zTSHvuemiL6dUou+wISOvrod
j77V7ZK+59CVvmSAlL5P9pi+Mu6YvmN4m751P56+7p6evlfEnb7nv6C+ivOjvn09pL7r6qO+
tgKmvlhfpr6cTKm+4hOqvry+qr4uR6y+eK+uvt4nrr66za++c16wvoXBsr449rK+Rc+yvsGS
tb6/7bW+/Qm2vuOwt74qEbu+VSi7vj0Zur4RP7y+s+W8vly2vL62jru+Kte/vnoDv743hb6+
SDnAvrLpwr4YusK+AH3DvjI5w76i38O+8rTEvgSwxb6Qp8a+I3zHvqujx75m48e+7pnJvqG8
yb4RxMu+2xPNvug2y74V5cy+QJDMvk69zL7HI86+ULjOvsGJ0L6EmdG+BAXRvqV90b5FctK+
yBnRvlQx1L51GNO+3FvTvq2I1L77HNS+kvTVvqs41r54Fte+V8fWvmX31r6Y7da+Vs/Xvjrl
2r4aiNi+IejXvvBx2r4bZ9u+TtPcvg==</AssayYData></Step><Step><CommonData><SampleLocation>1</SampleLocation><SampleID>Running Buffer</SampleID><SampleGroup></SampleGroup><SampleInfo></SampleInfo><SampleRow>F</SampleRow><SamplePlate>1</SamplePlate><WellType>BUFFER</WellType><Concentration>-1</Concentration><ConcentrationUnits>µg/ml</ConcentrationUnits><MolarConcentration>-1</MolarConcentration><MolarConcUnits>nM</MolarConcUnits><MolecularWeight>-1</MolecularWeight><Temperature>30</Temperature><StartTime>233716</StartTime><AssayTime>20</AssayTime></CommonData><FlowRate>1000</FlowRate><StepType>CUSTOM</StepType><StepName>condition</StepName><StepStatus>OK</StepStatus><ActualTime>19.999</ActualTime><CycleTime>0.2</CycleTime><AssayXData Points="100">AABIQ/IySEMlZkhDI5tIQ4vMSEMAAElDMzNJQyVmSUOamUlDi8xJQwAASkPyMkpDJWZKQ1iZ
SkOLzEpDAABLQ/IyS0NmZktDWJlLQ83MS0O+/0tDMzNMQ6hmTEOamUxDzcxMQwAATUMzM01D
ZmZNQ5qZTUPNzE1DAABOQzMzTkNmZk5DmplOQ83MTkMAAE9DMzNPQ2ZmT0OamU9DzcxPQwAA
UEMzM1BDZmZQQ5qZUEPNzFBDAABRQzMzUUMrZ1FDmplRQ4vMUUMAAFJD+DNSQ2ZmUkOamVJD
zcxSQwAAU0MzM1NDZmZTQ1iZU0PNzFNDvv9TQ/IyVEOoZlRDmplUQ83MVEMAAFVDMzNVQ2Zm
VUOamVVDzcxVQ77/VUMzM1ZDZmZWQ5qZVkOB1VZDywFXQzMzV0MlZldDmplXQ83MV0MAAFhD
MzNYQ2ZmWENYmVhDi8xYQ77/WEM5NFlDJWZZQ5qZWUPNzFlDvv9ZQzMzWkNmZlpDmplaQ83M
WkO+/1pD8jJbQyVmW0NYmVtDi8xbQw==</AssayXData><AssayYData Points="100">Lh67vfcsA77NNxO+L8UfvrL9Hr4D6CG+zFkgvsuDIr4I7yG+oEEcvtaMG76Nthm+OKcWvuVa
FL7STxW+KRgSvpTvFb5g0xS+LpISvsb/C75EPQ2+Ck8RvtniD76ghAq+pb0OvjCBC758Nw6+
iJkNvtMUB75lKA++JksKvsulDb7SDwe+3RMKvuNlBr4tkQm+OzUFvrPIBb6aigm+ZVQIvvyf
Bb6TAwS+LT8Evu2sBb7iPwW+LZgDvmwuA75OkAW+FN8CvnI4Bb6aGQO+uXgFvnUgBL4a9wO+
HgQEvqtG/r1cAgK+5zYDvl51Ab6/OAC+frsDvgI7A74jLgC+4+sAvmRe+r2+nwK+Obb+vUyH
/L0Zyvy9vJkDvj0C+730Jf69GML5vVUb/r0gcvm9kvj1vTxA+L2a/vu90iP5vXan9r0wT/m9
+tP+vcuN+73mKQC+qfn3vU9A+r2Ig/y95ev6vS60+71H/Pq91Kj4vWKR/L2yiPa97WX8vf0E
+r05J/y92iT7vUFp/r3C5P+9WNX3vQ==</AssayYData></Step><Step><CommonData><SampleLocation>2</SampleLocation><SampleID>10mM Glycine pH1.7</SampleID><SampleGroup></SampleGroup><SampleInfo>or other Regeneration solution</SampleInfo><SampleRow>F</SampleRow><SamplePlate>1</SamplePlate><WellType>REGENERATION</WellType><Concentration>-1</Concentration><ConcentrationUnits>µg/ml</ConcentrationUnits><MolarConcentration>-1</MolarConcentration><MolarConcUnits>nM</MolarConcUnits><MolecularWeight>-1</MolecularWeight><Temperature>30</Temperature><StartTime>259400</StartTime><AssayTime>20</AssayTime></CommonData><FlowRate>1000</FlowRate><StepType>CUSTOM</StepType><StepName>condition</StepName><StepStatus>OK</StepStatus><ActualTime>19.999</ActualTime><CycleTime>0.2</CycleTime><AssayXData Points="100">AABcQ7AyXEPjZVxDWJlcQ0nMXEO+/1xDsDJdQ+NlXUNYmV1Di8xdQ3z/XUOwMl5DJGZeQ1iZ
XkOLzF5Dvv9eQ3o0X0MkZl9DWJlfQ4vMX0O+/19D8TJgQyRmYENYmWBDi8xgQ77/YEPxMmFD
JGZhQ1iZYUOLzGFDvv9hQ/EyYkMkZmJDIptiQ4vMYkO+/2JD8TJjQyRmY0NYmWNDi8xjQ77/
Y0PxMmRD6WZkQ1iZZEOLzGRDvv9kQ7AyZUMkZmVDWJllQ0nMZUMGAWZDsDJmQ+NlZkNYmWZD
i8xmQ3z/ZkPxMmdD42VnQ1iZZ0NJzGdDvv9nQ/EyaEMkZmhDFploQ0nMaEO+/2hD8TJpQ2Zm
aUMWmWlDi8xpQ77/aUPxMmpD9WhqQ1iZakNJzGpDvv9qQzMza0MkZmtDWJlrQ4vMa0N8/2tD
UjhsQyRmbENYmWxDi8xsQ3z/bEOwMm1DJGZtQ1iZbUOLzG1DfP9tQ/EybkPjZW5DmZluQ1bO
bkN8/25D8TJvQ+Nlb0MonG9Di8xvQw==</AssayXData><AssayYData Points="100">FIj/vr7o6r5x+9e+OdXKvlUExb6jasC+gT/CvslkwL40YMC+jhrEvp45xL5wmcW+TjTFvsrG
x75g0sm+glTLvs/fyb5CoMu+fqfOvm34zb5pvcy+EhbRvk7G0L7EVdK+xr/UvviB1L5gCNW+
NHHVvo361b7EoNe+H2nXvkfm2b7i89i+p3PYvvVr277PP9y+g5TcvstS3b7tWd2+wSbevu2u
3r4LiN++TM/gvrrY4b689uC+RbHivpx/4b4kneK+/ZLivu0j4770L+O+ILDlvoOu5L5TlOa+
xBnkvvLs5b52zua+coDnvt5n6L7xrOm+9pbpvlO96r6FIum+CuHqvm0w677fSuu+Qa3svgMd
674cX+2+gHbtvj8I776Gdu++IxTvvn7m776Q/e6+WiTxvrdc774lRvG+uoLxviGp8b56pPK+
OzzzvozO8b4NdfS+9fn0vjCG877KD/S+KJr1vi0w9b4ukfa+9An4vk3a9b7h1Pa+kF71vjsy
976VsPa+tDf4vgNy+L7eLPi+q2b4vg==</AssayYData></Step><Step><CommonData><SampleLocation>1</SampleLocation><SampleID>Running Buffer</SampleID><SampleGroup></SampleGroup><SampleInfo></SampleInfo><SampleRow>F</SampleRow><SamplePlate>1</SamplePlate><WellType>BUFFER</WellType><Concentration>-1</Concentration><ConcentrationUnits>µg/ml</ConcentrationUnits><MolarConcentration>-1</MolarConcentration><MolarConcUnits>nM</MolarConcUnits><MolecularWeight>-1</MolecularWeight><Temperature>30</Temperature><StartTime>285059</StartTime><AssayTime>20</AssayTime></CommonData><FlowRate>1000</FlowRate><StepType>CUSTOM</StepType><StepName>condition</StepName><StepStatus>OK</StepStatus><ActualTime>20</ActualTime><CycleTime>0.2</CycleTime><AssayXData Points="100">vv9vQ/EycEPjZXBDFplwQ4vMcEOJAXFD8TJxQyRmcUMWmXFDi8xxQ3z/cUPxMnJDJGZyQxaZ
ckOLzHJDfP9yQ7Ayc0MkZnNDFplzQ4vMc0O+/3NDsDJ0QyRmdENYmXRDScx0Q77/dEPxMnVD
JGZ1QxaZdUOLzHVDfP91Q/EydkPjZXZDWJl2Q4vMdkN8/3ZDsDJ3Q+Nld0NYmXdDi8x3Q3z/
d0OwMnhD42V4QxaZeENJzHhDfP94Q7AyeUPjZXlDWJl5Q0nMeUO+/3lDsDJ6Q+NlekMWmXpD
Scx6Q3z/ekOwMntD42V7QxaZe0NJzHtDvv97Q/EyfEPjZXxDFpl8Q4vMfEN8/3xDsDJ9Q+Nl
fUMWmX1DScx9Q3z/fUOwMn5DJGZ+QxaZfkNJzH5DfP9+Q/Eyf0PjZX9DFpl/Q0nMf0O+/39D
WBmAQxIzgEOLTIBDRWaAQ99/gEOZmYBD8bKAQ6zMgENF5oBD3/+AQ3kZgUNUM4FDrEyBQ0Vm
gUPff4FDeZmBQxKzgUOszIFDReaBQw==</AssayXData><AssayYData Points="100">qp7bvSMMHb7ZLiy+Mks7vmr3Ob6kKDu+H8s9vgYIOL40Qju+avc4vk5FOL5Xrze+2/owvlVs
NL567DC+e6kwvkaoMb5++C2+foQuvt4AMb6lDyu+4ZQpvmN+Lr4OvS2+50Atvt06Kb527Cy+
fs8nvq0oKb6vbia+lsIkviYzJL48xCi+PrUnvnzpKr7wTSe+RrklvkPyJr4ZAyS+H4chvvQR
JL4JZyW+aaMkvhfwI77NLSa+mdQgvq3oIr602SK+MOEhvtWlIr5jRiG+tnMivhQ9Ir5oYSG+
vvggvi2WIb4ABSO+PVMgvq24Hb7dbRy+ft8dvv7IHr7BWCO+fJcgvjExIL5osB2+hdwevgBx
Hr63kiK+2TYhvkKUHr6RPBu+RJoavt3eHb7jTh++RBMcvkwwHb6bjyC+mdUgvtPUH76XrR2+
qxMdvv5BH76OUBq+JxMbvhcTGb6hRR2+OXQevvvrGr5Ymx2+jKAZvlJgGb7iURq+VTUfvvl1
HL47DR2+OAQZvj6gG75ukxm+/8Abvg==</AssayYData></Step><Step><CommonData><SampleLocation>2</SampleLocation><SampleID>10mM Glycine pH1.7</SampleID><SampleGroup></SampleGroup><SampleInfo>or other Regeneration solution</SampleInfo><SampleRow>F</SampleRow><SamplePlate>1</SamplePlate><WellType>REGENERATION</WellType><Concentration>-1</Concentration><ConcentrationUnits>µg/ml</ConcentrationUnits><MolarConcentration>-1</MolarConcentration><MolarConcUnits>nM</MolarConcUnits><MolecularWeight>-1</MolecularWeight><Temperature>30</Temperature><StartTime>310866</StartTime><AssayTime>20</AssayTime></CommonData><FlowRate>1000</FlowRate><StepType>CUSTOM</StepType><StepName>condition</StepName><StepStatus>OK</StepStatus><ActualTime>20</ActualTime><CycleTime>0.2</CycleTime><AssayXData Points="100">3/+BQ3kZgkMSM4JDrEyCQ0VmgkPff4JDeZmCQxKzgkOszIJDReaCQ9//gkN5GYNDEjODQ6xM
g0NFZoND33+DQ3mZg0MSs4NDrMyDQ0Xmg0O+/4NDeRmEQ/EyhEOsTIRDRWaEQ99/hEN5mYRD
ErOEQ6zMhENF5oRD3/+EQ3kZhUMSM4VDrEyFQ0VmhUO+f4VDeZmFQxKzhUOszIVDJeaFQ9//
hUN5GYZDEjOGQ6xMhkNmZoZD33+GQ3mZhkMSs4ZDrMyGQ0XmhkPf/4ZDeRmHQ/Eyh0OLTIdD
JWaHQ75/h0NYmYdDErOHQ6zMh0Pp5odD3/+HQ3kZiEMSM4hDrEyIQyVmiEPff4hDeZmIQxKz
iEOLzIhDJeaIQ9//iENYGYlD8TKJQ4tMiUNFZolDvn+JQ1iZiUPxsolDrMyJQ0XmiUPf/4lD
WBmKQ/EyikOsTIpDRWaKQ75/ikNYmYpDErOKQ4vMikNF5opDvv+KQ1gZi0PxMotDi0yLQyVm
i0O+f4tDWJmLQ/Gyi0OszItDReaLQw==</AssayXData><AssayYData Points="100">sZ0PvxZGBL+Ky/S+ENTrvrYi5L6AMeG+88zdviCJ3L7TRd2+MzXfviGS4L6BrOG+bgDkvnYA
5b4T3uW+YYrlvlUG577v0+i+taTpviQV6766zuu+4Jfrvt1F7b7Qg+y+PcPtvqsT7b4tbu++
IrzyvmmG8b43XvG+Q3zzvple875/efO+0HzzvsrT9L4+zfW+3+X3vqeZ974URPi+2kD3vskY
+L6Eefm+9XT5vgle+r458/m+MoL7vrMV+74HAPy+geX7vszf+r7F//y+RRH9vjyI/b65j/2+
6XH+vutH/74+tvy+bSUAvzVd/75IswC/2QP/vmPTAL/mmQG/9JMAv6gaAb9TZwG/OIABv7m7
Ab+/5AG/2QMDvx9ZAr+JUwK/wmgDv1eDAr8GlAK//3IDv6uQA78xqwO/qecDv2xNBL/q8AO/
AuMDv+BmA797UQS/zgIFv2NiBb/hmgS/TtsDv4mTBL9mQgW/DtoEv0iCBb9d/AW/4SMGv4KF
Br/p5ga/+pQGv6IZBr9Wsga/wTQHvw==</AssayYData></Step><Step><CommonData><SampleLocation>1</SampleLocation><SampleID>Running Buffer</SampleID><SampleGroup></SampleGroup><SampleInfo></SampleInfo><SampleRow>F</SampleRow><SamplePlate>1</SamplePlate><WellType>BUFFER</WellType><Concentration>-1</Concentration><ConcentrationUnits>µg/ml</ConcentrationUnits><MolarConcentration>-1</MolarConcentration><MolarConcUnits>nM</MolarConcUnits><MolecularWeight>-1</MolecularWeight><Temperature>30</Temperature><StartTime>336683</StartTime><AssayTime>20</AssayTime></CommonData><FlowRate>1000</FlowRate><StepType>CUSTOM</StepType><StepName>condition</StepName><StepStatus>OK</StepStatus><ActualTime>19.999</ActualTime><CycleTime>0.2</CycleTime><AssayXData Points="100">3/+LQ1gZjEPxMoxDi0yMQyVmjEO+f4xDWJmMQ/GyjEOLzIxDReaMQ9//jENYGY1D8TKNQ6xM
jUNFZo1D33+NQ1iZjUMSs41DrMyNQ0XmjUPf/41DmRmOQxIzjkOsTI5DRWaOQ99/jkN5mY5D
ErOOQ6zMjkNF5o5D3/+OQ1gZj0MSM49DrEyPQ2Zmj0Pff49DeZmPQxKzj0ORzY9DCuePQ9//
j0N5GZBDEjOQQ6xMkEMlZpBD33+QQ1iZkEMSs5BDrMyQQ0XmkEPf/5BDWBmRQxIzkUOLTJFD
RWaRQ99/kUNYmZFDErORQ6zMkUNF5pFDQQCSQ1gZkkPxMpJDrEySQ0VmkkPff5JDeZmSQxKz
kkOLzJJDReaSQ77/kkN5GZNDEjOTQ6xMk0NFZpND33+TQ3mZk0MSs5NDi8yTQ0Xmk0O+/5ND
mRmUQ/EylEOsTJRDJWaUQ99/lEN5mZRDErOUQ6zMlEMl5pRD3/+UQ1gZlUPxMpVDi0yVQ0Vm
lUODgJVDWJmVQ/GylUOszJVDJeaVQw==</AssayXData><AssayYData Points="100">uc0Qvv7tNb7Yk0W+ghFOvngzUL70lVO+qJZTvghYUr7CA0++whxPvp+7S77JD0W+yFVNvjQd
Rr4dkki+A1pDvtQNRb5qTUa+OelEvtOVRL5RAEC+5xxGviLqQr5Ry0K+a309vuqnPb66Bj++
yVc9vnl5Qb6STj6+XqA9vre5QL4tND++jG88vtxvOL4SVDq+RoU7vrI/Or6uADq+e+45vmoW
Ob46Mzi+Rbg2voljOb5oRjy+wZ85vqiyOb5c1Ti+e8Q2vmuDOr5ggDi+APo3vhNpOr5G7je+
vP44vsanNb5UXzq+h44yvk3NO76arjW+hrEyvlT0N7532Ta+gBc0vl5gNr6k4jO+qiQ2vtvW
Lb6TVDW+a401vg2uM769IzW+WQ80vqM4NL4lTjO++oEvvsexMb5ucTO+BY80vrtkMb6I1DO+
/dMwvluLMb5EYzG+bJU1vkTGMb5MvDK+tAAwvrlwNL5kjC2+chozvjRgML7dvDa+mB4tvhV+
ML5zGTK+DKAzvpfWL74tvDG+MK0uvg==</AssayYData></Step><Step><CommonData><SampleLocation>3</SampleLocation><SampleID>Running Buffer</SampleID><SampleGroup></SampleGroup><SampleInfo></SampleInfo><SampleRow>F</SampleRow><SamplePlate>1</SamplePlate><WellType>BUFFER</WellType><Concentration>-1</Concentration><ConcentrationUnits>µg/ml</ConcentrationUnits><MolarConcentration>-1</MolarConcentration><MolarConcUnits>nM</MolarConcUnits><MolecularWeight>-1</MolecularWeight><Temperature>30</Temperature><StartTime>362671</StartTime><AssayTime>120</AssayTime></CommonData><FlowRate>1000</FlowRate><StepType>BASELINE</StepType><StepName>Baseline 120</StepName><StepStatus>OK</StepStatus><ActualTime>120</ActualTime><CycleTime>0.2</CycleTime><AssayXData Points="600">v/+VQ1kZlkPyMpZDjEyWQyVmlkOef5ZDOJmWQ9GylkNrzJZDBeaWQ57/lkNZGZdD0TKXQ2tM
l0MFZpdDnn+XQziZl0O3s5dDa8yXQyXml0O//5dDOBmYQ/IymENrTJhDBWaYQ55/mEM4mZhD
8rKYQ2vMmEMl5phDv/+YQ1kZmUPRMplDa0yZQwVmmUOef5lDOJmZQ/KymUNxzZlDJeaZQ57/
mUM4GZpD0TKaQ2tMmkMFZppDv3+aQziZmkPysppDa8yaQwXmmkOe/5pDWRmbQ9Eym0NrTJtD
JWabQ55/m0M4mZtD0bKbQ2vMm0MF5ptDnv+bQzgZnEPRMpxDjEycQwVmnEO/f5xDWZmcQ9Gy
nENrzJxDBeacQ7//nENZGZ1D0TKdQ2tMnUMlZp1Dnn+dQziZnUPRsp1DjMydQwXmnUO//51D
OBmeQ9EynkOMTJ5DJWaeQ55/nkNZmZ5D8rKeQ2vMnkMF5p5Dnv+eQ1kZn0PyMp9DjEyfQyVm
n0O/f59DWZmfQ/Kyn0OMzJ9DZ+afQ7//n0NZGaBD8jKgQ4xMoEMlZqBDv3+gQ1mZoEPysqBD
jMygQ0bmoEO//6BDWRmhQ/IyoUOMTKFDJWahQ79/oUNZmaFDE7OhQ2vMoUMl5qFDv/+hQ1kZ
okPyMqJDjEyiQyVmokO/f6JDWZmiQ/KyokOMzKJDZ+aiQ7//okM4GaND8jKjQ2tMo0PqZqND
v3+jQ1mZo0PysqNDjMyjQyXmo0Oe/6NDWRmkQ/IypEOMTKRDJWakQ55/pEM4maRD8rKkQ2vM
pEMl5qRDv/+kQzgZpUPRMqVDa0ylQwVmpUMhgKVDOJmlQ9GypUNrzKVDBealQwAApkNZGaZD
8jKmQ4xMpkMFZqZDnn+mQziZpkPRsqZDjMymQwXmpkOe/6ZDOBmnQ9Eyp0OMTKdDJWanQ55/
p0M4madD0bKnQ2vMp0MF5qdDv/+nQ1kZqEPyMqhDa0yoQwVmqEO/f6hDWZmoQ9GyqEOMzKhD
BeaoQyEAqUM4GalD0TKpQ4xMqUOIZqlDnn+pQziZqUPRsqlDa8ypQ2fmqUO//6lDOBmqQ/Iy
qkNrTKpDBWaqQ55/qkM4mapD8rKqQ2vMqkMF5qpDnv+qQzgZq0O3M6tDjEyrQwVmq0Oef6tD
OJmrQ9Gyq0NrzKtDBearQwAArEM4GaxD0TKsQ2tMrEMFZqxDnn+sQ1mZrEPysqxDa8ysQyXm
rEPg/6xDWRmtQ/IyrUOMTK1DJWatQ79/rUNZma1D8rKtQ83MrUMl5q1Dv/+tQ1kZrkPyMq5D
jEyuQ0ZmrkO/f65DPpquQ/KyrkOMzK5DJeauQ7//rkNZGa9D8jKvQ4xMr0MlZq9Dv3+vQ1mZ
r0Pysq9DjMyvQyXmr0O//69DWRmwQ/IysENrTLBDJWawQ79/sENZmbBD0bKwQ4zMsEMF5rBD
v/+wQzgZsUPyMrFDjEyxQyVmsUO/f7FDOJmxQ9GysUNrzLFDJeaxQ57/sUM4GbJD8jKyQ2tM
skMlZrJDnn+yQ1mZskPysrJDjMyyQyXmskOe/7JDWRmzQ9Eys0OMTLNDRmazQ79/s0NZmbND
0bKzQ2vMs0Ml5rNDnv+zQzgZtEPRMrRDa0y0QyVmtEO/f7RDWZm0Q9GytENrzLRDBea0Q57/
tEM4GbVD0TK1Q2tMtUMlZrVDnn+1Q/yZtUPysrVDjMy1QwXmtUOe/7VDOBm2Q/IytkOMTLZD
BWa2Q55/tkNYmbZD0rK2Q4zMtkMF5rZDnv+2Q1gZt0PSMrdD7ky3Q2dmt0Oef7dDWJm3Q9Ky
t0NrzLdDBea3Q7//t0M4GbhD8jK4Q2tMuEMmZrhDv3+4QziZuEPSsrhDa8y4QwXmuEOe/7hD
OBm5Q9IyuUNrTLlDBWa5Q+B/uUM4mblD0rK5Q2vMuUPJ5rlDv/+5QzgZukPSMrpDa0y6QwVm
ukO/f7pDeZm6Q9KyukNrzLpDJua6Q7//ukNYGbtD2DO7Q4xMu0MmZrtDv3+7Q1iZu0MZtLtD
jMy7Qybmu0O//7tDWBm8Q/IyvEOMTLxDJma8Q79/vENYmbxD8rK8Q4zMvENn5rxDQgC9Q1gZ
vUPyMr1DjEy9QyZmvUO/f71DWJm9Q9KyvUOMzL1DJua9Q7//vUNYGb5D8jK+Q4xMvkMmZr5D
v3++Q3mZvkPysr5DjMy+QybmvkO//75D3Bm/Q/Iyv0NrTL9DJma/Q55/v0NYmb9D8rK/Q4zM
v0MF5r9Dv/+/Q1gZwEPyMsBDjEzAQyZmwEO/f8BDWJnAQ/KywENrzMBDJubAQ57/wENYGcFD
8jLBQ4xMwUMmZsFDv3/BQziZwUPSssFDjMzBQwXmwUOe/8FDWBnCQ/IywkNrTMJDBWbCQ79/
wkNYmcJD8rLCQ2vMwkMm5sJDv//CQ1gZw0PSMsNDa0zDQyZmw0Oef8NDOJnDQ9Kyw0NrzMND
BebDQ7//w0NYGcRD0jLEQw9NxEMmZsRDv3/EQziZxEPyssRDmM7EQwXmxEOe/8RDWBnFQ/Iy
xUOMTMVDBWbFQ55/xUN5mcVD0rLFQ2vMxUMF5sVDhADGQ1gZxkPyMsZDa0zGQwVmxkOef8ZD
OJnGQ9KyxkOMzMZDBebGQ57/xkM4GcdD0jLHQ2tMx0MFZsdDv3/HQziZx0PyssdDjMzHQwXm
x0Oe/8dDOBnIQ9IyyEOMTMhDBWbIQ79/yEM4mchD0rLIQ4zMyENG5shDnv/IQzgZyUPSMslD
jEzJQwVmyUOef8lDWJnJQ/KyyUOMzMlDJubJQ7//yUNYGcpD8jLKQ4xMykPqZspDv3/KQ1iZ
ykPysspDjMzKQybmykMHActDWBnLQ/Iyy0NrTMtDBWbLQ79/y0NYmctD8rLLQ4zMy0Mm5stD
nv/LQ1gZzEPSMsxDa0zMQyZmzEO/f8xDWJnMQ/KyzEOMzMxDJubMQ7//zENYGc1D8jLNQ4xM
zUMmZs1Dv3/NQ1iZzUPyss1DjMzNQybmzUO//81DWBnOQ9IyzkNrTM5DJmbOQ79/zkM4mc5D
8rLOQ2vMzkMF5s5Dv//OQzgZz0PyMs9DjEzPQyZmz0O/f89DOJnPQ9Kyz0OMzM9DJubPQ57/
z0M4GdBD0jLQQ4xM0ENGZtBDv3/QQziZ0EPSstBDa8zQQwXm0EO//9BDOBnRQ/Iy0UNrTNFD
BWbRQ79/0UNYmdFD8rLRQ2vM0UMm5tFD</AssayXData><AssayYData Points="600">qqM4vlz2OL66mzi+ls05vuP0OL4S+zS+AGM3vgUUNb7Q7jO+XmE1vsJkNb620DC+i880vjXS
Mr7QsDW+KGIxvgqXNb6uTzK+LwY5viK1M76SqjS+ROwzvpryNb7GaDC+2koyvr7cNr71WzG+
ckcyvjfJNb5/xzK+jwswvgsuNL45oC++RvgwvsMKNb5GdC2+Lf4vviF5Lr5qejC+8JgwvjWP
L76C/zO+Zm8wvlV/NL5vhTW+d/4tvqnuLr6oazC+u5QzvnmdMb4buDG+CFQsvsUsML7KJDK+
rBIxvkfxMb7+Dy++lPEzvkIcML7lbi++wjQzvsxZLr7H7DC+oE8xvlE5ML6voS6+iy0yvpZ/
Mb7LnTG+3GYvvrtKMb5GxjG+Fb8uvtf0Lr78oi6+C6kvvnQYLL4UEjC+Au4wvvZxL74pdC2+
j1ovviBgML41qy6+gbMvvhF6L76G3y++JuYtvsS8Mb7K5jC+2QoxvmbxLr5AZi++FyEuvoYP
Mr66eS6+DpkwvsYrL779ejG+ugktvpupML7ipi2+y40wvq+GMb651C++T2stvo3RLb7MYyy+
ej0vvqX7ML5qxiu+7zAvvgWNLr4FmTC+dC0vvus8ML7AXy++1bQvvs6uLr5WizC+dR8ovlMH
ML5d+S6+/nsvvgf/Kr60di++s0owvvvYKb7DGjC+lPIyvky1Kr7FGy2+88govkkaLr6e0C6+
mXYsvn5OLr7wdC6+TmMtvrcaLL609Su+RR8wvg3xK7557y++QVctvmJaK74BQS2+oi4tviP3
Lb6h6zK+uWotvouAKb6iAy6+UEEqvpeLLL7Njy6+q5wqvp9BML5wzSq+EgMpvnEKK75rniu+
fHgvvp9qLb56Ay2+ZyAyvlKdKr7LDy2+eZgqvgIoKr7mKCq+t2ctvgLILb75fi6+eqkvvvD+
Kr60Tyy+ogouvqeSLr45yyy+G9ktvqC4Lb4mqCu+fDEsvsf1LL5U+iu+cqIuvm7QLb77Jyy+
rgouvrG0K75ulym+jiQsvvZNKb6P/Sm+fW8qvubHKr4SACm+9lkqvhiaK77ycCi+sO8rvrRl
Kr7qgi2+QZMrvuGMLb4Qhyi+GboovrgjKb5HJiy+1Zgrvk4DL77/WSu+3JcvvrdDL760aS6+
Ft4rvkflKr48bSi+g0ImvugjK76Kiiu++hMsvrfBK75EJC2+0/QtvpFKKr52xCm+OhEsvor2
Lb73oSu+gDQrvhgiK76RVyy+Aygtvt5uK756Uy2+8zgtvqSTK75b7yy+Xtgovi3YKr6F4iu+
bD8svkNjKr7lDyy+Ke0pvpvdKr41fSu+F5srvhB+KL7m6SW+OggsvnXmKr7ddSu+ye4qvkpG
Kr6QYCu+M0knvhXiK77xnii+iQAqvofrJ75RkCy+380pvvobJr5XHyq+JDEpvnOBKr4KEim+
g9Arvl60KL7/6S2++QMsvkHXLL6BqCm+0HMuvs6PJ74fgie+qLEsvjQVLL5l6ie+JTMovtdB
Lb68Liu+EIQtvn6sKL4f/ym+9MstvjGBK77aXSm+MgYuvufQKb6w/Su+sewpvg/yK75oSyy+
5fwnvlhSKb7cByy+KQAnvi5eLL44Lyi+aMkpvlB7K77bPi6+BqEovkBmKr7aNSm+OAwovuAx
KL4eAC2+0MYqvhE6LL7EPiq+iK0qvrG8K77Keym+nw8rvgbiK74ljCq+HZ4nvlftJ75/3S2+
mWQpvtyDKL5xji++pNYovuV8Kr4m3ye+Z+ElviohJ75rcCq+0dwnvpf3KL5AVC6+0Rsqvg6q
KL6aECq+6N4pvtJkKr5V3Si+rgAnvmRLKL7Jmii+3/knvl+WKr4WJiq+v/4pvqOeKL6BTCy+
7sUtvutQK762qSi+Dz4svoQHKL743Si+nlMovo+FKb4Zayi+tdIqvg+MKr5nIiu+H98rvngy
KL5JWS6+Gl4svmtwLL7lRym++7govv6CJ77buia+JJMuvhH0KL7NRye+5xsqviZbKb4Jxiu+
id8nvhn/J76cYCm+aacsvqqWLL6+DCm+X7kovkV/K76Zgyi+HbkqvjuMK77vQSe+iRopvlRh
Jr5HcCe+HhopvmEqKb6Tiie+GzknvjXvJ77eDyq+ZaopvtyvKL6Qzyq+ozgnvtXxKb49eCi+
MvwpvgLXKb70Gim+6YQpvgF+J75mMCu+GK8nvrjJKb7Iuim+Fiwkvpd/Kb6YYim+CLEkvoJb
KL7N9Cq+ELomvrmYK74JXCi+TsMpvjsLKr6W8ym+Rv0pvsYjJ77V0Ci+QiUpvuq1Jr6hMCm+
QZQqvjPkJr6/7Cu+UHAovtNqKL7WBye+xosmvgYvKL6xaia+pkEpvnECKb7Viye+OPUsvrfg
Kb4dEiq+Uhwovix6J75KPSi+XLsovlNuKb7GYim+/0skvrjyKL7MAyi+WGEovsE0KL4g2iu+
Mkcpvp+JK74NdSS+1/MpvpQJK74IPCq+gUwmvlZ5KL6oICa+rucnvo1oKb7cGya+pnAkvoR9
J75eDye+x2kovkSTJ75BeSS+5jkovsuiJr7xryi+eyIovgQcJ76wIye+8BonvjOiKL5Uwia+
0NEpvkAmKL4B+ie+jHAovnwnKb4LGiu+B2EkvniYJb7rSCe+PHYpvkwyKb6hsyi+HoIovnUD
Kr6zUCi+VGslvvHlJ76mmCa+rCwlvvllJr45DSm+DQwlvmqZJ74riSa+D/EovlgxKr6uESm+
ivUlvlLTKL69mCu+MFopvtB+Kb61Hiq+X+AlvidNJr5x+CW+QgYnvtnEJ75yQSm+Rnwmvtyc
Jr4KKSe+rQYovkouJb7i9Si+gukovm0LKb7FBSm+Y34ovtZWJr4UySe+OBInvlNOKL78Mie+
kt8pvqetJ76r4Ca+D70ovo+mKL5MuCi+3ykovqodKr7gFCe+D3UovgjxJr6CUCi+1UstvlqR
K76GQSi+LIEsvquCJ75o7Ca+XmEkvqmYJ74JoCu+InkovjzcKb7BPii+GjMkvh2aJ74uVSm+
v24mvlo+LL54uCi+BBEpvi+8Jr4nCCW+5IgkvvaGJb6/cCm+WhApvvIGKL5QzSS+3OElvjmM
KL7EZCq+h1AqvkEhJr4fDCW+p+8jvnfaJb4tGSa+ErImvi26Jr50JSi+chkmvlfIJr4Z7Si+
iTQovg7sJr76KSe+ZoInvqeRKL5J+ya+</AssayYData></Step><Step><CommonData><SampleLocation>4</SampleLocation><SampleID>AB</SampleID><SampleGroup></SampleGroup><SampleInfo>in Running Buffer</SampleInfo><SampleRow>F</SampleRow><SamplePlate>1</SamplePlate><WellType>KLOAD</WellType><Concentration>0.6125</Concentration><ConcentrationUnits>µg/ml</ConcentrationUnits><MolarConcentration>612.5</MolarConcentration><MolarConcUnits>nM</MolarConcUnits><MolecularWeight>-1</MolecularWeight><Temperature>30</Temperature><StartTime>489441</StartTime><AssayTime>20</AssayTime></CommonData><FlowRate>1000</FlowRate><StepType>LOADING</StepType><StepName>Loading</StepName><StepStatus>OK</StepStatus><ActualTime>19.999</ActualTime><CycleTime>0.2</CycleTime><AssayXData Points="100">wP/RQzkZ0kPSMtJDbEzSQwZm0kPAf9JDWpnSQ9Ky0kONzNJDJubSQ8D/0kNaGdND0jLTQ2xM
00MmZtNDwH/TQ1qZ00PSstNDjczTQybm00PA/9NDORnUQ9Iy1ENsTNRDqWbUQ8B/1ENamdRD
0rLUQ2zM1EMm5tRDn//UQ1oZ1UPSMtVDjUzVQyZm1UPAf9VDOZnVQ/Oy1UONzNVDJubVQ8D/
1UM/GtZD8zLWQ41M1kMGZtZDwH/WQ1qZ1kPzstZDjczWQwbm1kPA/9ZDWhnXQ/My10ONTNdD
BmbXQ59/10M5mddD87LXQ2zM10MG5tdDwP/XQ1oZ2EPzMthDbEzYQwZm2EOff9hDWpnYQ9Ky
2EONzNhDJubYQ5//2EM5GdlD8zLZQ65M2UMGZtlDn3/ZQzmZ2UPzstlDbMzZQwbm2UNDANpD
ORnaQ9Iy2kNsTNpDBmbaQ8B/2kNamdpD0rLaQ43M2kMG5tpDwP/aQzkZ20PSMttDbEzbQwZm
20Off9tDWpnbQ76020NszNtDBubbQw==</AssayXData><AssayYData Points="100">1BEivi7VFL5/MA6+8MwDvq6tAL7YJfK9L17kvYvI2b2s2dO9R2/BveMPvr16h6y9RRSZvbuW
kr24ko6945yBvbehXb1OOFi9VyU5vbm5Hr1gXhS92ZsCvRusxLyGbaq8YI5YvF0DI7zp3+K7
yf6julLULTuTo0Q8BjeLPHLKpjwrucQ89ib3PDeUFj3nFiU9Ckk8PReQVT178W09bbdzPTqw
hj1AQZY9PgKWPWHmqD00YrM98uy1PciCyD2Xj9Y9R5vcPXiM4j3lsuw9RGz8PXF2BD4VKgk+
ddcKPuvBFT5YDBg+B1MePmZHJD6wJSQ+KIUvPu+FMD7PADo+3gg7PvU3Qj5hxEU+XU9MPu0W
UD7OKVk+NvdcPrm/Yj7t32g+Dp1tPmPzcD7ahHk+Udx6PuLhgD7YRYM+2byFPrnYiD57EIs+
JiGOPjADkT5vgZI+B0iVPmnmmD7Zppo+O/udPo7Tnz7wWaM+EbymPkoYqT64Sao+mxSvPiEi
sT70KLM+6CO2PsBQuD5TCrs+v+O8Pg==</AssayYData></Step><Step><CommonData><SampleLocation>5</SampleLocation><SampleID>BB</SampleID><SampleGroup></SampleGroup><SampleInfo></SampleInfo><SampleRow>F</SampleRow><SamplePlate>1</SamplePlate><WellType>BUFFER</WellType><Concentration>5</Concentration><ConcentrationUnits>µg/ml</ConcentrationUnits><MolarConcentration>5000</MolarConcentration><MolarConcUnits>nM</MolarConcUnits><MolecularWeight>-1</MolecularWeight><Temperature>30</Temperature><StartTime>516901</StartTime><AssayTime>60</AssayTime></CommonData><FlowRate>1000</FlowRate><StepType>BASELINE</StepType><StepName>Baseline 60</StepName><StepStatus>OK</StepStatus><ActualTime>59.999</ActualTime><CycleTime>0.2</CycleTime><AssayXData Points="300">oP/bQzoZ3EPTMtxDTEzcQwZm3EOgf9xDOpncQ9Oy3ENMzNxD5uXcQ3//3EMZGd1DsjLdQ21M
3UMGZt1DoH/dQzqZ3UOyst1DTMzdQ+bl3UN//91DOhneQ7Iy3kNMTN5DBmbeQ39/3kMZmd5D
srLeQ23M3kMG5t5Df//eQzoZ30PTMt9DTEzfQwZm30Ogf99DGZnfQ9Oy30NMzN9D5uXfQ3//
30MZGeBDsjLgQ0xM4EMGZuBDoH/gQxmZ4EOysuBDTMzgQwbm4EOg/+BDOhnhQ7Iy4UNtTOFD
5mXhQ39/4UMZmeFD07LhQ0zM4UOW6OFDf//hQxkZ4kOyMuJDTEziQ+Zl4kN/f+JDGZniQ7Ky
4kNMzOJD5uXiQ3//4kMZGeNDsjLjQ0xM40PmZeNDoH/jQxmZ40OysuNDTMzjQwbm40N//+ND
GRnkQ7Iy5ENMTORDBmbkQ6B/5EMZmeRDsrLkQ23M5EMG5uRDf//kQxkZ5UOyMuVDbUzlQ+Zl
5UOgf+VDOpnlQ9Oy5UNtzOVDBublQ6D/5UM6GeZD0zLmQ21M5kMGZuZDf3/mQzqZ5kPTsuZD
bczmQwbm5kOg/+ZDOhnnQ9My50NtTOdD5mXnQ6B/50M6medD07LnQ23M50MG5udDoP/nQzoZ
6EPTMuhDbUzoQwZm6EN/f+hDOpnoQ7Ky6ENMzOhD5uXoQ6D/6EM6GelD0zLpQ21M6UMGZulD
f3/pQzqZ6UPTsulDTMzpQ+bl6UN//+lDGRnqQ9My6kNtTOpD5mXqQ6B/6kM6mepDsrLqQ23M
6kMG5upDoP/qQzoZ60PTMutDbUzrQwZm60N/f+tDOpnrQ7Ky60NMzOtDQOrrQ3//60MZGexD
sjLsQ0xM7EMGZuxDoH/sQ/6Z7EPTsuxDtM3sQ+bl7EN//+xDOhntQ9My7UNtTO1DBmbtQ39/
7UM6me1DsrLtQ23M7UMG5u1DoP/tQzoZ7kPTMu5DbUzuQ+Zl7kOgf+5DOpnuQ7Ky7kNMzO5D
BubuQ6D/7kMZGe9DsjLvQ0xM70MGZu9Df3/vQxmZ70Oysu9DTMzvQ+bl70N//+9DGRnwQ7Iy
8ENMTPBD5mXwQ39/8EMZmfBD07LwQ0zM8ENI5vBDoP/wQxkZ8UOyMvFDbUzxQ+Zl8UN/f/FD
GZnxQ7Ky8UNMzPFD5uXxQ3//8UMZGfJDsjLyQ0xM8kPmZfJDf3/yQxmZ8kOysvJDTMzyQ+bl
8kN///JDGRnzQ7Iy80NtTPND5mXzQ39/80M6mfND07LzQ23M80MG5vNDoP/zQzoZ9EPTMvRD
bUz0Q+xm9EOgf/RDOpn0Q9Oy9ENtzPRDBub0Q6D/9EM6GfVD0zL1Q21M9UPmZfVDoH/1QzqZ
9UPTsvVDbcz1Qwbm9UOg//VDOhn2Q9My9kNtTPZDBmb2Q6B/9kM6mfZD07L2Q0zM9kMG5vZD
oP/2QzoZ90PTMvdDTEz3Q+Zl90Ogf/dDGZn3Q9Oy90NtzPdDBub3Q3//90NaGfhD0zL4Q0xM
+EMGZvhDoH/4QzqZ+EPTsvhDTMz4Q+bl+EOg//hDOhn5Q9My+UNtTPlDBmb5Q6B/+UM6mflD
srL5Q0zM+UPm5flD</AssayXData><AssayYData Points="300">fIZHPxq5SD9f+kg/gK1IPyZuRz9wtkY/gjNEPy+YQz8lPUI/ZQNBP4uLQD+M8T8/2GU/P5xA
Pj/JFD0/Muo8P9tdOz+cjDo/EWw6PwQiOj/NHDk/0qw3Pz/COD+xbjc/aGs2PyVdNT+zvTQ/
Flc0P9d/Mz8qZzM/huoyP4WUMj80/jA/8dExP0d8MD+3aDA/ScYvPzGcLz8upi4/1DcvP6Kr
Lj+sqC0/WRYtP+n9LD+Qxyw/mDIsPz27Kz+Ipio/HPcqPwd0Kj+l4Sk/57cpP4f5KD8nmSg/
SEwpP6RwKT+vKSg/F7InP5guJz+akSc/KcAlP8MGJj+NlSU/uWgmP6DNJD+xOiQ/8FEkP/ax
Iz/I3iM/UEEkP/v1Ij9jcyI/+9YiPxKqIj+LEiE/hhwiP+AKIj+88iA/TjUgP1ZjID8i0R8/
wY4eP+eHHj/xOSA/GPwdPxW/Hj8mFB8/Es4dP7p2HT/yGB0/PkQcP858HD+KXBw/dPcbP7o/
Gz/n5ho/1ywbP+0TGj8sYxk/blQaPyutGT8cVRk/CVMZP52MGT9cfhc/2f4XP+YeGD+Knxc/
gMoXP5aUFj9hShY/UHQWPx77FT+OYBU/cdsVPy1GFT/DUxQ/jaMUP0xoFD/eqhM/yuQTP+Qc
Ez8MIBM/AIYSPwQcEz/l1hE/W04SP1F6Ej+FFRE/H+sQP9PUET9ZcRA/mFwQP9IyED+BoQ8/
Sc8PP2TxDz85fg8/8W8PP/oaDz/UZA4/75sOP3DuDj+vHQ4//1INP8V5DT/VoQw/QpQMP4Jx
DD8kPQw/MpQLP3vpCz/9gQs/SRILP2LBCj8etwo/Q4MKP8KMCT+WAgo/mfMJP+/ACT+hCwk/
nrsJPx6GCT8w3gg/9ikIP9fgCD+hjAc/GwcIP6ToBz9ttgY/Bx4HP84pBj/f5AU/Ux0HP920
BT/6mgU/hhcFPwXkBD/nBwU/JjAFP8SbBD9fKgQ/AJcDP2u5Az9/9gI/uYoDPz2tAj+VawM/
HL8DP22YAj8jLwI/XNQCPwXVAj9A4AE/WJYCP795AT/LfwA/nNYAP55wAT/4PwA/SJ/+Ptsh
AD+flP4+guf/Phw6/j4BXf8+2yr+PsJi/T7kgvw+Bxn+ProN/j7fP/w+2wH7Pvp/+z77efk+
FXj6Po3T+T63Evc+t935Pl+v+T6Nefc+CtH4Pgs59z5YaPg+WY73PpjT9j5H1PQ+Rjf1Pv5U
9D7aOfQ+2Eb1Pn539T7w1PQ+mWr0Pkty8T6dgvI+Ln/xPtGY8T7v7PA+CZjwPiuJ8D4cv/E+
XDDwPvub7j5ZDO8+4MXvPg8s7j4Bz+8+R/nsPsY97T74h+w+TT/sPuvH7j7viOs+jZbqPoXR
6z7yp+g+m/DpPg2Q6T6rZ+o+AyroPkjM6D7VGug+knjoPi6U6D51TOg+IcrmPurN5z76cec+
qnbnPi8m5T4h5OY+E9ziPuKB5D6qHeU+GuXiPqjU5D6U1OM+PrfjPvr/4T4cUeI+49PgPvMh
4j7w8uA+/P/fPu3t4T5pnd4+bk/gPl+l4D6XGuA+WVrfPvxY3z4Iyt4+G57fPgHx3D7zzt4+
dwndPj9n3T7PTN0+</AssayYData></Step><Step><CommonData><SampleLocation>6</SampleLocation><SampleID>Running Buffer</SampleID><SampleGroup></SampleGroup><SampleInfo>in Running Buffer</SampleInfo><SampleRow>F</SampleRow><SamplePlate>1</SamplePlate><WellType>BUFFER</WellType><Concentration>-1</Concentration><ConcentrationUnits>µg/ml</ConcentrationUnits><MolarConcentration>-1</MolarConcentration><MolarConcUnits>nM</MolarConcUnits><MolecularWeight>-1</MolecularWeight><Temperature>30</Temperature><StartTime>584704</StartTime><AssayTime>20</AssayTime></CommonData><FlowRate>1000</FlowRate><StepType>BASELINE</StepType><StepName>Baseline 20</StepName><StepStatus>OK</StepStatus><ActualTime>20</ActualTime><CycleTime>0.2</CycleTime><AssayXData Points="100">gP/5Q/kY+kOzMvpDTUz6Q+Zl+kOAf/pD+Zj6Q7Oy+kNNzPpDxuX6Q4D/+kMaGftDszL7Q01M
+0PmZftDgH/7QxqZ+0OSsvtDTcz7Q+bl+0OA//tDGhn8Q7My/ENNTPxDxmX8Q4B//EMamfxD
s7L8QyzM/EPm5fxDX//8QxoZ/UP1Mv1DTUz9Q+Zl/UOAf/1D+Zj9Q7Oy/UNNzP1DxuX9Q1//
/UP5GP5DszL+QyxM/kPmZf5DX3/+QxqZ/kOSsv5DLMz+Q+bl/kOA//5DGhn/Q5Iy/0NNTP9D
5mX/Q4B//0P5mP9Ds7L/Q03M/0PG5f9DgP//Q3wMAERJGQBEFiYAROMyAETGQABEjUwARFpZ
AEQmZgBE43IARLB/AESNjABESZkARBamAETjsgBEwL8ARHzMAERJ2QBEFuYARPPyAETA/wBE
fAwBRFoZAUQWJgFE4zIBRMA/AUSNTAFEelkBRBZmAUTjcgFEsH8BRHyMAURJmQFEJqYBROOy
AUSwvwFEfMwBREnZAUQW5gFE8/IBRA==</AssayXData><AssayYData Points="100">PaMRPkhgvD2v9pw9dMWCPYNZdT3k4Gw9Vg97Pdatcj26rG09+bmFPSc7gj2OC4Y96T+HPbx6
hz2U54Q9OnKLPXFijD2rXIo9v/KRPZwgjj0cuo49n4GQPX62jD39NpQ9sNOVPVt/lT0KQpc9
vziSPbHhkT3P8JY9eg+VPVJjlT213ZI9NKaaPfwblT0Xppg9vkWYPbfjlz1p9JM9xmCbPYGJ
mT1I75c9eKSUPaNJmj09RJk99FWXPTd3oD3I/Zs9q0abPYe7nD2Xh5c924CcPdknmz3G35k9
LR+YPR+ZmT3jH5c9aFicPeCRoD3WCp49izOgPVoxlz0i7aI9QuCbPZxlmT1HlJw98ziaPZYs
oD1KyJg9GTifPeKunj17UZU9kc6mPcVZnj2O0Jo9AI6ePWb9oT2+LZw92F2jPWASnj1Vt509
Kv2gPZ25oj1NWJ89fAmdPUZLpz2gnKY9ea6gPehaoj0JjqM9kPKfPSWTnT3eaqI9GFuiPdFP
pT1KSZw9NMegPcGgnD0VS589gpqjPQ==</AssayYData></Step><Step><CommonData><SampleLocation>7</SampleLocation><SampleID>aKappa 50ug/ml</SampleID><SampleGroup></SampleGroup><SampleInfo></SampleInfo><SampleRow>F</SampleRow><SamplePlate>1</SamplePlate><WellType>KSAMPLE</WellType><Concentration>-1</Concentration><ConcentrationUnits>µg/ml</ConcentrationUnits><MolarConcentration>-1</MolarConcentration><MolarConcUnits>nM</MolarConcUnits><MolecularWeight>-1</MolecularWeight><Temperature>30</Temperature><StartTime>612978</StartTime><AssayTime>120</AssayTime></CommonData><FlowRate>1000</FlowRate><StepType>ASSOC</StepType><StepName>Association</StepName><StepStatus>OK</StepStatus><ActualTime>120</ActualTime><CycleTime>0.2</CycleTime><AssayXData Points="600">wP8BRI0MAkRaGQJEFiYCROMyAkSwPwJEfEwCRFpZAkRoZgJE43ICRFOAAkR8jAJEYJoCRBam
AkTjsgJEsL8CRHzMAkRa2QJEJuYCROPyAkSw/wJEfAwDREkZA0QWJgNE4zIDRLA/A0SNTANE
WlkDRBZmA0TjcgNEsH8DRI2MA0RJmQNEJqYDROOyA0TAvwNEjcwDREnZA0TK5gNE4/IDRMD/
A0R8DARESRkERBYmBETzMgREsD8ERHxMBERJWQREJmYERONyBESwfwREjYwERFqZBEQmpgRE
87IERMC/BESNzAREWtkERCbmBETz8gREwP8ERI0MBURaGQVENyYFREUzBUTAPwVEjUwFRFpZ
BUQmZgVE83IFRLB/BUSNjAVEepkFRCamBUTzsgVEwL8FRI3MBURa2QVEJuYFRPPyBUTx/wVE
jQwGRFoZBkQmJgZE8zIGRMA/BkR8TAZEWlkGRCZmBkTzcgZExoAGRI2MBkRamQZEJqYGRPOy
BkTAvwZEjcwGRFrZBkQm5gZE4/IGRMD/BkR8DAdESRkHRHgmB0TjMgdEwD8HRHxMB0RJWQdE
JmYHRPNyB0TAfwdEfIwHRFqZB0QmpgdE87IHRMC/B0R8zAdESdkHRCbmB0Tj8gdEsP8HRI0M
CERJGQhEFiYIRPMyCESwPwhEjUwIRFpZCEQWZghE83IIRMB/CESNjAhEWpkIRBamCETjsghE
sL8IRHzMCERa2QhEFuYIRPPyCESw/whEfAwJRJsZCUQWJglE8zIJRLA/CUSNTAlESVkJRBZm
CUTjcglEsH8JRHyMCURJmQlEFqYJROOyCUTAvwlEjcwJRFrZCUQW5glE4/IJRLD/CUR8DApE
WhkKRBYmCkTzMgpEsD8KRHxMCkRJWQpEFmYKRONyCkSwfwpEfIwKREmZCkQWpgpE47IKRMC/
CkR8zApESdkKRCbmCkRm8wpEsP8KRHwMC0RaGQtEFiYLROMyC0TAPwtEfEwLRElZC0QWZgtE
83ILRMB/C0SNjAtEWpkLRBamC0TzsgtEwL8LRI3MC0Ra2QtEJuYLRPPyC0TA/wtEjQwMRFoZ
DEQmJgxE8zIMRMA/DETfTAxEWlkMRCZmDETjcgxEwH8MRI2MDERamQxEJqYMRPOyDETAvwxE
g80MRFrZDEQW5gxE8/IMRMD/DESdDA1EWhkNRCYmDUTzMg1EwD8NRI1MDUTtWQ1EFmYNRI10
DUTAfw1EfIwNREmZDUQmpg1E87INRMC/DUR8zA1Em9kNRCbmDUTj8g1EwP8NRI0MDkRaGQ5E
JiYORPMyDkTAPw5EIE0ORFpZDkQmZg5E83IORLB/DkSNjA5EWpkORBamDkTzsg5EsL8ORHzM
DkRa2Q5EFuYORPPyDkSw/w5EfAwPRFoZD0QWJg9E4zIPRLA/D0SNTA9EWlkPRCZmD0Tzcg9E
sH8PRI2MD0RJmQ9EFqYPRKezD0TAvw9EfMwPRFrZD0QW5g9EO/QPRLD/D0TvDBBESRkQRBYm
EETjMhBEsD8QRHxMEERJWRBEFmYQRONyEESwfxBEfIwQRFqZEEQWphBE47IQRLC/EER8zBBE
SdkQRBbmEETz8hBEsP8QRHwMEURJGRFEJiYRROMyEUSwPxFEfEwRRElZEUQWZhFE43IRRLB/
EUR8jBFESZkRRBamEUTjshFE8b8RRHzMEURJ2RFEFuYRROPyEUSw/xFEfAwSRGoZEkQWJhJE
4zISRLA/EkR8TBJESVkSRHhmEkTjchJEwH8SRI2MEkRJmRJEN6YSRPOyEkTAvxJEjcwSRFrZ
EkQm5hJE8/ISRLwBE0SNDBNEWhkTRCYmE0TzMhNEwD8TRI1ME0RaWRNEJmYTRPNyE0TAfxNE
jYwTRFqZE0QmphNE87ITRMC/E0R8zBNEWtkTRCbmE0Tz8hNEsP8TRI0MFERJGRREJiYURPMy
FESwPxREjUwURFpZFEQWZhRE83IURMB/FESNjBRET5oURCamFEQUsxREwL8URI3MFERa2RRE
JuYURAr0FEQYARVEjQwVRFoZFUQmJhVE8zIVROE/FUR8TBVEWlkVRCZmFUTjchVEwH8VRI2M
FURamRVEJqYVROOyFUTAvxVEjcwVRHrZFUTK5hVE4/IVROH/FUR8DBZESRkWRCYmFkTzMhZE
sD8WRHxMFkRaWRZEFmYWRPNyFkTAfxZEjYwWRFqZFkQWphZE47IWRLC/FkSNzBZESdkWRBbm
FkTj8hZEsP8WRHwMF0RJGRdEJiYXRPMyF0SwPxdEfEwXRElZF0Q3ZhdE83IXRMB/F0R8jBdE
WpkXRBamF0TjshdEsL8XRHzMF0Ra2RdEFuYXROPyF0Sw/xdEvgwYREkZGEQWJhhE4zIYRMA/
GER8TBhESVkYRBZmGETzchhEwH8YRHyMGERamRhEJqYYRPOyGESwvxhEfMwYRFrZGERH5hhE
uPMYRLD/GESNDBlESRkZRBYmGUTjMhlEwD8ZRHxMGURJWRlEN2YZRONyGUTAfxlEMY0ZREmZ
GUQmphlE87IZRMC/GUS0zRlEWtkZRCbmGUTz8hlE0P8ZRI0MGkRaGRpEJiYaRPMyGkTAPxpE
jUwaRFpZGkQmZhpECnQaRMB/GkSNjBpEWpkaRCamGkTzshpEwL8aRI3MGkRa2RpEJuYaRPPy
GkTA/xpEjQwbREkZG0QWJhtE4zIbRMA/G0TvTBtESVkbRCZmG0TzchtEQ4AbRI2MG0RJmRtE
FqYbROOyG0RDwBtEjcwbREnZG0Qm5htEbPQbRMD/G0SNDBxESRkcRCYmHETzMhxEsD8cRI1M
HERaWRxEJmYcRPNyHETAfxxEfIwcRFqZHEQmphxE87IcRMC/HER8zBxErNkcRBbmHETz8hxE
sP8cRI0MHURJGR1EJiYdRPMyHUSwPx1EfEwdRElZHUQmZh1E43IdRMB/HUR8jB1ESZkdRBam
HUTjsh1EwL8dRHzMHURa2R1EJuYdRPPyHUSw/x1EfAweRJsZHkQWJh5E4zIeRLA/HkR8TB5E
SVkeRCZmHkTjch5EsH8eRO+MHkRJmR5EeKYeRPOyHkTAvx5E38weREnZHkQW5h5E4/IeRLD/
HkR8DB9ESRkfRBYmH0TzMh9EsD8fRHxMH0RJWR9EJmYfRONyH0Swfx9EfIwfREmZH0SZph9E
47IfRLC/H0R8zB9ESdkfRCbmH0Tz8h9E</AssayXData><AssayYData Points="600">iPeQPtwArD4TNLs+3QjBPjxsxz5INsk+/UPMPlUczT7r/s8+xzTPPq4F0j4UPdU+QvzUPi+L
1D5Fz9c+GVrYPteu2T6sJNs+KurbPo8r3z7oBd8+jbzfPqeG4T5oeOQ+/GDiPjVu4z7rWuY+
fu3mPraC5z5MV+o+QX7qPm0k6z6mG+s+FxHtPotw7j5TLfE+kXnvPigj8j5zPvI+7PrxPgbP
9D5EYvQ+McD2Ph+k+D6BsfY+Wqr4Plc/+T5Zgfw+Qyb8PnOZ/D5BHP0+7g7+Ps4xAT8KSP8+
+4gAP03OAD+Q8AE/Yi0BP9QrAj+ERgM/CLsCP1JSAz8AKwQ/i3EDP9q3BT843AQ/M4wFP4oz
Bz9jWAY/tGQGP+EABz/3pgc/Ya4HPz2GBz/Zzwg/WbsIP0CwCD8vKgk/1n4JP1t3CT/imwo/
veoJP6ifCz8eIws/g2oLP+51Cz8mlAw/ZWAMP9g7DT9p7Qw/B+gMP8K2DT8LNQ4/4qEOPycc
Dj8fUw4/FH8PPxK1Dj9++Q8/mNoPPzEAED+sjhA/u1sQP6HFED+aAxA/oeYQPwblED+eVhE/
fAMSP9ArEj/w3BE/FWcTP0KrEj/wUBM/ap4TP+JnEz/+BBQ/OusTP1PTFD/nFhQ/ODwUP9fX
FD9rXBQ/MhIWP/yTFT8pyBU/wGIWPy2eFj+XIRY//NkWPzcUGD89RBc/i1sXP+OHFz8XqBc/
1NQYP2VrGD8gkRg//f4XP7RDGT+vbRk/kwwZPyQTGj9dsRk/qn8ZP4QOGj/gjxo/2TAaP5OF
Gj+PARo/nLcaP5XwGj968Rs/OUsbPz6kGz9IPBw/cegbP8E8HD9HMRw/fTEdP3UfHT8b1hw/
/00cPx62HD+rhB0/gpwdPzGGHT9Dth0/kjIePwtbHj8vnR4/9LMeP5c6Hj+y9x4/AdkeP/Mf
Hz/+NR8/jYMfP+84Hz/0JyA/kQggP81OID/ncSA/FOwgP/BaID+ZIiA/sm8gP0luID/0wiE/
akwhP2jJIT+6lSE/iishP6XxIT8msyE/C2wiP97WIT9CkiI/GHkiPz9vIj+4VSI/H/EiP47B
IT8HCCQ/3S8jPwyhIz/FWiM/r7giP/kHIz8VkiM/L6sjPyLHIz/Q8iM/SCYkPwdLJD8gcCQ/
+GAlPzOiJD+X9yQ/d1wlP4pkJT+ruyU/BjklP4oWJT9W4iU/qg4lPyFsJT/WJiY/z1IlP8E/
Jj+j1CY/OzcmP4klJj+r4yU/8csnPz0OJz+NZSc/+EEnPxRMJj80Vyc/StUmPzi7Jz/BQyc/
3HEnP+MyKD/h+Cc/o8MnPyknKD8i3Cc/gbAnP8c8KT8fDig/Ub4nPx2+KT9gdig/MTYoP/FD
KD9AoSg/D/4pPyo5Kj8OhSg/rDgpPwj8KT9Tyyk/9f0pP7jxKT8Mryo/bMgpP/R1Kj+oQSo/
3QoqP+TnKT/1Aio/mJAqP0hlKj9Cqio/J+QqPzNsKz8R3yo/biMrP5LPKj8oxCs/+nUrPzDq
Kz8cBiw/9tQrPwtnKz+N9yo/K24sP4l5LD8OSy0/AcArP4N/LD+lVyw/Oh4tPyXqLD8jryw/
zZgrPzoxLT+MOy0/5GksPyTGLD+dZy0/Om4tPxpiLT+n7yw/OpMtP0MuLT+04S0/c4otP3Cr
LT8YVi0/mkosP78KLj9bDC0/GKItPyfjLj/maS4/CHgtP6SPLj+vhi0/qUguP8WlLT9TOS4/
fQUvP4z9Lj/rjy4/RFguPwcmLz//ei8/jGgvP23vLz+G+i8/CeIvPyoAMD/xgi8/W0wvPz47
MD/EnC8//74vP+fbLz8Ggi8/shkwP6EuMD/dkzA/1mIwP14KMD9I8DA/+2YwP9EfMD/dZjE/
qFgwPxT/Lz+W5zA/X40xP9daMT9MYDE/DBoyPxGTMT86HjE/tDExPwrrMT9+0jE/7y0yPxCD
MD/HGjI/qPUxPwHhMT/8VDE/ul8yP0mkMT+kETI/pNsyP0oRMj+fNTI/Z5cyPyVaMj+e4DE/
rsMyP33dMj+RCjM/1LgxP14QMj/WDTI/CJ8yP5CMMj9aszI/1hczPzCDMz80ljI/S1EzPxPq
Mj+FHjM/gA0zPxYAND86JTM/lTczP8UuND+ZqTI/8CQ0P14VMz+CKzQ/UuMyP1CkMz9fxzM/
D5EzP6EFND+VbzQ/oa8zPzU1ND8vJTQ/hHwzPw19ND+EKjQ/p9g0PwVLND/a8zQ/VOY0PzxZ
ND+sUzQ/xh41P9hLND/1FjU/BNM0PxaMND/sUDQ/Ius0P74jNT/UTjU/0uc1P1GuND+CNTU/
5NY0P1bbNT+SrzU/BrQ1P5QKNT+cmjU/7ls1P+CjNT8P5zQ/tTs1PyZXNj8FxzU/j/Q1Py9d
NT9yXDY/quc1PzTFNT9OiTY/S6s2PyrcNT/kNDY/ixQ2P66/NT/EcjY/UcM2P2XwNT9+GjY/
Ux83P7PjNT9qnTY/LMc3PwdSNT8bRDc/7Vg3PwuwNz8DkTY/nug2Py/QNj9jhjc/xcw3P2EC
Nz+dzDc/avk3P9CdNz/CLzc/fOA2PzSGNz8emzc/4Vc3P3UjOD+CKzg/UKo3P3c9OD9ZHDg/
/wU4P3EzOD8GAjg/ms43P7elNz+XOzg/Kgw4PywIOD8fSzg/yHA4P8A8OD+Rqjg/Rr43P6Tz
OD9e4jg/1dI4Px7POD8wYTk/Riw5P9H7OD8iSTo/fko4P4uoOD+1GTg/eP44P9K5OT9giDg/
y3w4PyU6OD9cwTg/hrY4P114OT+7/zg/UsM5P8ULOT9Odjk/Els4P6+4OT9S/Tk/LhE6P/Il
OT8tMzk/CyY5P6M2Oj9u0Tk/MeA4Pz52OT8MNjo/f486P4ZCOj8aITo/+dc6P5m3Oj/Tujk/
fKs6Pwe9Oj+8izo/ThE6P7p/Oz/j3To/w1w6P4YxOj9bcDo/lKE6Pw1bOj/Cljs/ypU6P0zU
OT8fAjs/KJI6P/MDOz8kDjo/BeM6P1ruOj/sLTs/d7U6P4U3Oz+uTzs/mZA7P8z3Oj+fiDs/
DYQ7P7OdOj85BDs/3cQ7PydlOj/1QDs/Nbc7P1htOz+oIjw/1UQ8P51cOj/wjjs/lR07P2Gb
PD9X/jw/IMc8P5yOPD99FDw/lfE7P7fuOz82Ljw/PNo7P1FTPD8Ezjs/Wxo9PxYzPD+1Njw/
mo47P8bbOz90lDw/lo48P114PD+6UT0/</AssayYData></Step></KineticsData></ExperimentResults>
