<?xml version="1.0" encoding="UTF-8" standalone="yes"?>
<ExperimentResults><ExperimentInfo Name="20251008 UPFB0001"><ExpDescription>AHC example method - full characterization&#13;
Analyte titration series with reference channel</ExpDescription><RTDVersion>2.0</RTDVersion><RunID>44513BEA-5865-4B65-BE64-68D265EFB71C</RunID><ExperimentType>KINETICS</ExperimentType><ExperimentSubType>KBASIC</ExperimentSubType><StartDateTime>2025-10-08T15:26:04</StartDateTime><MachineName>BN7KX12</MachineName><UserName>octet</UserName><LotNumber></LotNumber><PlateName>251008</PlateName><PlateName2></PlateName2><SensorName>D2</SensorName><SensorPlate>1</SensorPlate><SensorType>AHC (Anti-hIgG Fc Capture)</SensorType><SensorRole>LIGAND</SensorRole><SensorInfo></SensorInfo><WritingSW>DataAcquisition.exe 11.0.2.1</WritingSW><InstrumentType>OctetRED96</InstrumentType><InstrumentSerial>FB-50284</InstrumentSerial><InstrumentFW></InstrumentFW><IntegrationTime>2.5</IntegrationTime><DSPType>CPF</DSPType><DSPStitching>1</DSPStitching><HasManifest>1</HasManifest><InfoHash>-1324819486</InfoHash></ExperimentInfo><AssayParamsInfo/><KineticsData><Step><CommonData><SampleLocation>1</SampleLocation><SampleID>Running Buffer</SampleID><SampleGroup></SampleGroup><SampleInfo></SampleInfo><SampleRow>D</SampleRow><SamplePlate>1</SamplePlate><WellType>BUFFER</WellType><Concentration>-1</Concentration><ConcentrationUnits>µg/ml</ConcentrationUnits><MolarConcentration>-1</MolarConcentration><MolarConcUnits>nM</MolarConcUnits><MolecularWeight>-1</MolecularWeight><Temperature>30</Temperature><StartTime>612973</StartTime><AssayTime>180</AssayTime></CommonData><FlowRate>1000</FlowRate><StepType>BASELINE</StepType><StepName>Baseline 1</StepName><StepStatus>OK</StepStatus><ActualTime>179.999</ActualTime><CycleTime>0.2</CycleTime><AssayXData Points="900">AAAAAM3MTD7NzMw+mpkZP0SLTD8AAIA/mpmZP28Ssz8IrMw/okXmP05iAEDNzAxAN4kZQARW
JkAzMzNAAABAQGq8TECamVlAyXZmQDMzc0Ce739ANV6GQM3MjEACK5NAmpmZQM/3n0BmZqZA
nMSsQDMzs0BokblAAADAQDVexkCcxMxAMzPTQJqZ2UAAAOBAmG7mQJzE7EACK/NAmpn5QM/3
/0AzMwNBZmYGQYGVCUG0yAxB5/sPQRsvE0FOYhZBmpkZQc3MHEEAACBBGy8jQU5iJkGamSlB
tMgsQef7L0EbLzNBTmI2QYGVOUG0yDxB5/s/QRsvQ0GNl0ZBgZVJQbTITEHn+09BMzNTQU5i
VkGBlVlBtMhcQQAAYEEbL2NBTmJmQYGVaUG0yGxBGQRwQRsvc0FOYnZBgZV5QbTIfEHn+39B
ppuBQScxg0HByoRBWmSGQfT9h0GamYlBMzOLQeXQjEFmZo5BAACQQZqZkUEzM5NBzcyUQWZm
lkEAAJhBppuZQTMzm0HNzJxBZmaeQQAAoEEtsqFBMzOjQc3MpEFmZqZBAACoQZqZqUEzM6tB
zcysQWZmrkEAALBBmpmxQTMzs0HNzLRBi2y2QfT9t0GamblBMzO7Qc3MvEFmZr5BAADAQZqZ
wUFkO8NBwcrEQVpkxkEAAMhBmpnJQTMzy0HNzMxBZmbOQQAA0EGamdFBJzHTQc3M1EFmZtZB
AADYQZqZ2UEzM9tBzczcQVpk3kGHFuBBmpnhQTMz40HByuRBZmbmQQAA6EGamelBJzHrQdnO
7EFmZu5BAADwQY2X8UEzM/NBzcz0QWZm9kH0/fdBjZf5QTMz+0HByvxBZmb+QfT9/0HHywBC
mpkBQmBlAkIzMwNC+v4DQtPNBEKTmAVCYGUGQjMzB0IAAAhCzcwIQpOYCUJmZgpCLTILQvr+
C0LHywxCk5gNQmBlDkJ3Pg9CAAAQQsfLEEKamRFCkW0SQi0yE0L6/hNCx8sUQpqZFUJgZRZC
MzMXQvr+F0J/6hhCrJwZQmBlGkItMhtC+v4bQsfLHEKTmB1CYGUeQi0yH0IAACBCx8sgQpOY
IUJgZSJCLTIjQvr+I0LHyyRCmpklQmZmJkI5NCdC+v4nQsfLKEKTmClCYGUqQi0yK0L6/itC
x8ssQpOYLUKqcS5CLTIvQvr+L0LHyzBCk5gxQmBlMkIzMzNC+v4zQsfLNEKamTVCZmY2QjMz
N0IAADhCzcw4QpqZOUJmZjpCMzM7QgAAPELNzDxCmpk9QmZmPkIzMz9C+v4/Qs3MQEKamUFC
ZmZCQjMzQ0IAAERCzcxEQpqZRUJmZkZCMzNHQgAASELNzEhCmplJQmBlSkIzM0tCAABMQs3M
TEKTmE1CZmZOQjMzT0IAAFBCx8tQQpOYUUJmZlJCMzNTQvr+U0LHy1RCmplVQmZmVkIzM1dC
+v5XQs3MWEKamVlCZmZaQi0yW0IAAFxCzcxcQpqZXUJmZl5CMzNfQgAAYELZzmBCmplhQmBl
YkItMmNCAABkQs3MZEKTmGVCZmZmQjMzZ0IAAGhCzcxoQrieaUJgZWpCMzNrQvr+a0LHy2xC
mpltQmZmbkItMm9C+v5vQsfLcEKTmHFCYGVyQjMzc0IAAHRCx8t0QpqZdUJmZnZCTDd3QgAA
eELNzHhCmpl5QmZmekIzM3tC+v57Qs3MfEKamX1CYGV+Qi0yf0KDAIBC42WAQt/PgEIzM4FC
F5mBQn3/gULjZYJCzcyCQrAyg0IXmYNCjwKEQuNlhEJKzIRCMzOFQheZhUIAAIZCZmaGQkrM
hkKwModCF5mHQn3/h0JmZohCSsyIQjMziUKamYlCAACKQuNlikJKzIpCsDKLQheZi0IAAIxC
42WMQkrMjEKwMo1CF5mNQn3/jUJmZo5CzcyOQrAyj0IXmY9Cff+PQuNlkEJKzJBCsDKRQheZ
kUJ9/5FCZmaSQkrMkkIzM5NCmpmTQgAAlEJmZpRCzcyUQjMzlUK4npVCAACWQmZmlkLNzJZC
MzOXQpqZl0IAAJhCZmaYQs3MmEIzM5lCmpmZQgAAmkJmZppCVs6aQjMzm0KamZtCAACcQulm
nEJKzJxCMzOdQpqZnUIAAJ5CAmueQs3MnkIzM59CmpmfQoMAoELjZaBCzcygQjMzoUKamaFC
AACiQuNlokLNzKJCMzOjQheZo0IAAKRCf2qkQs3MpEJSOKVCF5mlQgAApkLjZaZCzcymQjMz
p0IXmadCff+nQuNlqELNzKhCsDKpQpqZqUJ9/6lCG2+qQs3MqkIzM6tCF5mrQn3/q0LjZaxC
SsysQjMzrUIdmq1CAACuQuNlrkLNzK5CsDKvQpqZr0IAALBCZmawQkrMsEKwMrFCmpmxQn3/
sUJmZrJCSsyyQjMzs0KambNCAAC0QuNltEJKzLRCsDK1QqCatUJ9/7VCZma2Qs3MtkKwMrdC
F5m3Qn3/t0LjZbhCzcy4QrAyuUKamblCAAC6QuNlukJKzLpCsDK7QheZu0J9/7tC42W8QkrM
vEKwMr1CF5m9Qn3/vULjZb5CSsy+QrAyv0IXmb9CAADAQuNlwELNzMBCsDLBQheZwUJ9/8FC
42XCQkrMwkKwMsNCF5nDQn3/w0KFa8RCzczEQjMzxUKamcVCff/FQuNlxkLNzMZCMzPHQheZ
x0IAAMhC42XIQkrMyEKwMslCppvJQn3/yULjZcpC2c7KQrAyy0KamctCAADMQmZmzELs0cxC
MzPNQpqZzUIAAM5CZmbOQs3MzkIzM89CmpnPQgAA0EJmZtBCzczQQjMz0UKamdFCAADSQmZm
0kLNzNJCMzPTQpqZ00IfBdRCZmbUQs3M1EIzM9VCmpnVQn3/1UJmZtZCzczWQjMz10KamddC
AADYQmZm2EJKzNhCMzPZQpqZ2UJ9/9lC42XaQs3M2kKwMttCmpnbQgAA3EJmZtxCzczcQjMz
3UKamd1CAADeQvZo3kLNzN5CsDLfQpqZ30J9/99C42XgQs3M4EIzM+FCmpnhQgAA4kJmZuJC
zcziQjMz40I1nuNCff/jQuNl5EJKzORCsDLlQheZ5UIAAOZCZmbmQuXQ5kKwMudCmpnnQgAA
6ELjZehCzczoQrAy6UIXmelCff/pQuNl6kJKzOpCsDLrQpqZ60J9/+tCZmbsQkrM7EKwMu1C
F5ntQoMA7kLjZe5CSszuQrAy70Kame9CAADwQuNl8ELNzPBCsDLxQheZ8UJ9//FCZmbyQkrM
8kLPN/NCF5nzQn3/80JmZvRCzcz0Qmo89UIXmfVCff/1QvBn9kLNzPZCsDL3QheZ90J9//dC
42X4Qs3M+EKwMvlCF5n5Qn3/+ULjZfpCSsz6QjMz+0IXmftCHwX8QuNl/EJKzPxCsDL9QheZ
/UJ9//1C42X+QkrM/kKwMv9Cmpn/Qn3//0IzMwBDJWYAQ1iZAEOLzABDvv8AQ/IyAUO0aAFD
mpkBQ4vMAUO+/wFD8jICQ3NoAkOamQJDzcwCQwAAA0MzMwNDZmYDQ5qZA0PNzANDAAAEQzMz
BENmZgRDmpkEQ83MBEMAAAVDMzMFQ2ZmBUOamQVDzcwFQwAABkMzMwZDZmYGQ5qZBkPNzAZD
AAAHQzMzB0NmZgdDmpkHQ83MB0MAAAhDMzMIQ2ZmCEOamQhDzcwIQwAACUMzMwlDZmYJQ1iZ
CUPNzAlDvv8JQzMzCkNmZgpDmpkKQ4vMCkMAAAtDMzMLQ2ZmC0OamQtDi8wLQwAADEPyMgxD
ZmYMQ5qZDEPNzAxDAAANQ/IyDUMlZg1DmpkNQ83MDUMAAA5D8jIOQyVmDkNYmQ5DzcwOQwAA
D0PyMg9DJWYPQ5qZD0PNzA9DAAAQQ/IyEENmZhBDmpkQQ83MEENCABFDMzMRQ2ZmEUOamRFD
zcwRQwAAEkPyMhJDJWYSQ5qZEkPTzRJDvv8SQzMzE0MlZhNDmpkTQ83ME0MAABRD8jIUQ2Zm
FENYmRRDi8wUQ77/FEPyMhVDZmYVQ1iZFUPNzBVDvv8VQ/IyFkMlZhZDWJkWQ4vMFkMAABdD
tjMXQyVmF0NYmRdDi8wXQ77/F0PyMhhDJWYYQ1iZGEOLzBhDvv8YQzMzGUMlZhlDWJkZQ83M
GUO+/xlD8jIaQ6hmGkNYmRpDi8waQ77/GkPyMhtDJWYbQ1iZG0OLzBtDvv8bQ/IyHENmZhxD
WJkcQ4vMHEO+/xxD8jIdQyVmHUOamR1DzcwdQwYBHkPyMh5DZmYeQ1iZHkPNzB5DAAAfQzMz
H0NmZh9DmpkfQ83MH0MAACBDMzMgQ2ZmIEPbmSBDzcwgQwAAIUMzMyFDZmYhQ5qZIUPNzCFD
AAAiQ/IyIkNmZiJDmpkiQ4vMIkO+/yJDMzMjQ2ZmI0OamSNDzcwjQwAAJEMzMyRDZmYkQ5qZ
JEPNzCRDAAAlQzMzJUNmZiVDmpklQ83MJUMAACZDMzMmQ2ZmJkNYmSZDUM0mQwAAJ0MzMydD
ZmYnQ5qZJ0PNzCdDvv8nQzMzKENmZihDmpkoQ83MKEMAAClDMzMpQyVmKUOamSlDzcwpQ77/
KUMzMypDZmYqQx2aKkPNzCpDywErQzMzK0MlZitDmpkrQ83MK0MAACxD8jIsQ2ZmLENYmSxD
zcwsQ77/LEMzMy1DZmYtQ6CaLUOLzC1Dvv8tQzMzLkMlZi5DmpkuQ4vMLkMAAC9DMzMvQ2Zm
L0NYmS9Di8wvQwAAMEN7NDBDJWYwQ1iZMEOLzDBDvv8wQ/IyMUNmZjFDWJkxQ83MMUO+/zFD
MzMyQyVmMkNYmTJDkc0yQ77/MkMzMzNDJWYzQ5qZM0OLzDND</AssayXData><AssayYData Points="900">AAAAABth2TqKHaU67OnnO/XhIjxLTwY8DxHSO2VSETz+Qjo8KyLaO+ljQjyaUCo8T6pWPK21
JTwmZS487UoaPMYBKjyYVCM8gAJLPIdtRzylgDc8Qgk6POZsTDywfAw8Qr5dPKOhdjxHel48
AWqLPAPHhzyjgSo8iLNePDT+XDzSDUY8elhGPBz+KDxHcn884ItpPIHCbzzfpWM8gsAePIVB
jDwbH008+lFWPI54QjwV4Hc8jWGVPLUyfDwPck08hpFcPDP8VTxPIoU8vpczPFlkbTyywlQ8
QQ2PPMUriTx+54Y8Mm+NPEwCeTxif4s8CzB+PEopfTzV0IA8weGOPLQtgjzT8Fk8fw+OPEBy
ljxUpJA8/+FTPLI/cTxaDoA8/fqJPK/DpTxY7pY8FPeGPO/clzwsU5I8WmGJPKSphTwpQJk8
mQ6sPFl3gDwLjoo8oWyfPCVLmTwf0Vw8IbGqPBCNjjydL5s8qWmhPOEhcDxskaU8NDOYPBQi
UTzaoZk8VGaZPM+TjzyWPas8yNShPFB2pzwmtJE82qOePO+akTyD8aE8od+JPFKzlDzCJKY8
nvmePH1LtTxQFaM8fPmQPEWMmzxmQVk8WnirPDI0qjxMbIs8g7OVPMNylDz05aw83cChPBpm
mTzemoc8RKu0PHX9sTxmx6Y8VW2wPN+HwDwCtrA8G6WjPH18qzxplqU8iBu2PKCanjyfY548
BFTUPLTYoDydp6U8pniHPIKuojwRyrc8zEabPAleljxv3688ChnNPM+Ehzwxg9I8Xm+VPPRB
vjyu28A8el2lPNqhlDwrQ688nYKzPJFytjxNZKg8VwC1PEsUszzLzbQ8liHGPLDhuDyB3bg8
ogi/POGzxjyVTLQ8gvebPGQXuDwVUso8bAa8PB6XzTyaO708vU/RPGh0oTwEK6I8sRS6PLQR
vjz7/No8zjihPM24uDzEfrk8Y8XSPOpmuTwe3ss80nnaPD5J0Dw4S8085FjCPDnfvTzbhL08
WCa+PCUzzTxV08E8ZNK/POkAwzye+7c8GU7EPHx+sjx2Dso8SLbdPDFm0TypKcg8kQjLPMaG
xzzTGM08GQa8PPjyqzxPxM48c/flPBT9tDzKZcY82GDVPAfm4Dx9PdA8/uWePF2Tvzw+C8w8
Mx/bPLY/szzvGcI85djZPD6W7Dxfsu089mTrPJ0u0jz85OA8/1TYPECZzDzWddQ82ovNPLpR
1zz7FOg8SD/LPLLd0DyuB+s8Ee7OPG5k6TxVvsU85nrUPMZG5Dxn3sw8CIPdPNP44jwLbbY8
blbUPKkj4jwDCMw8w0rVPBhT5zzvfPk8iHnOPP0w5Dwnr/E82iXHPGxo3TxWV+g8aL7QPFNm
7TyZ3vQ8r/zPPHKc4DxfTc08iZHMPAzCzjyRSNM8HVjlPJ7N2TygS988HZLnPM2kujyCIew8
bYcHPXQq4jy2U+Y8jODaPLeP3DxmPss8bbvEPMsquzxn9eY8/1TMPNaS2TxHkMU8tfcCPUoo
6jwbH9U80/DuPK625Dw/nek8keHuPMaS2jyQIMk8RIzOPFKf4Ty46tk8vJjePBtxzTx417s8
RWTnPH4L7TxuKPI8/43GPB4B4Tyw69U8+NHgPAUgzTzM6u08YA3nPAT42zz308g8svb+PIkQ
5zw42QU9c0zpPIxm6Dz9qc888hDmPPXiAD1z3eY8Pj0BPaN8zjwYOcY8v57qPBRn6jzDJNY8
nE0APd2mzzyGqPc8OQvbPGhoyzxrWew8cM/kPLwU7zxAdts87/HkPN7U7DxRUMk8KzvtPBpV
7jwytQQ9OHXwPCAOAj0kvwE9qQEQPdWLAT0Usfk8/5biPAR63TxTmNg8lGH6PDDT/jzn8Og8
RAjlPH274zyq8+A8r3r8PNFQ5DwxUwE9sA8FPSEG7DycNgM9IZP2PHj+CT2SIuw8LEHvPNNh
+DytoPw8zrjZPGBkAT0Ur9w8x53xPKoJAD2n1gA9jbjzPIBu7jyXLgQ9lzTjPFij0jxKjvU8
TYHkPOda1zwYV/88PNYLPYpQAz0xPOA8Acj0PJus+Txrx+c8T1rnPJTM4jxpvPc8jSr0PNa/
5DzbN+M8UyjtPFaW6DyGnOU8RhT4PHGj4Dx5nwM98o3yPE1r6jxWreQ8PG/mPGwC8TyTdPs8
O1PzPO8N/Ty59ec8SvIEPcwMEz0EMOk8utgCPa/a4TwuMwA9FtL2PFbs6jxjpAY9c53mPAQh
Bz0nyf8809QBPb+z6TwOaeY8Miv8PCrI7jwrBAA9jyr2PJtL4jxXewQ9JFAEPfcyAT1oceA8
CmP9PNTK+zxsVA496LECPaSgAj3Q/9Y8COMJPeRj+DzslvQ8Er4APaE6yjwFgAA9kez/PApT
3jzSzAg9Yr3+PMgWBz12OQw9PbcAPZrE+zyU7fg8vGriPHnCCj0z8/48S2nbPDu2CT0XqeQ8
zwj/PPtG6zyLVPg8sgsBPR339zwNsOQ8e48CPXkABD0FoAQ9UuoAPaw6+jxt5/g8/9QCPXqu
AT3k/QI9p/rhPJ6a/zzRMwE9dRsFPU/A9jzOtQo9LuzpPBgG9zzKEuk8hu8BPWD2+jwIOfw8
jGoBPYFyDD3rtQA97Rv3PHvj/DzlPt48Olv0PEDFAj10IAc9GjP4PIGnBj2MPwQ9+LoSPRVa
AT3FOPk8JioFPYnx6Dx4YQo94d/6PAW2Aj0VbuA8O38GPeY5CT22uwc9bmb9PNmy/Tz0OAM9
5H0PPSGQAj0BDAo9/8v3PJDr9zwZdAo9CMvsPMbg3jyy/Og8DOUCPR1+8jxNT/Y8a+j2PIXE
5DyQdPE87UIFPdNm6jxkvAU9wbQFPY2I3zw13v48E+v7PMd2/jysyQw9RLwIPTv9Cj1vCAE9
BPwCPYcZ9Tx85gc9C+X9PGx3Az30BQo96XsHPd6y+jyabQc9bIIFPVSbCD2yKgM9hgcMPeDy
9jwddQc9onHzPGjjDT1ckPI8MuwAPdw/Cz30QgQ9TmQPPbqkED1P+g09YR8CPZgX+jxlrQU9
dC/6PKeq/zzV1wI94xMHPer8AD3EVgA9HqP5PLXfBj2hVgQ9+w38PJLQCD17yvE8y/QPPfJ0
4zwWif48KpQGPUWaFj3uAxQ9KS7zPKyJAz3ApAE9KzQCPSCp8Tw0qAU9IuURPblYCj074/Q8
YJoTPdJqAz2IUwA9QJMCPVuDFT2p+gI9oqsCPXMiAj38Sv48wAH2PJD/CD0IHxE9SMEDPTJo
DT1iaRA9Ep3xPIOi5jyhKQE9a7cNPSzHBT3JSQw9rk4UPSbv7DwIyPs8rGQIPamcDz0aTBo9
waEKPf+n9Dx/Rwc9w8/yPG+1Bz1OBg89Q4wEPZyuFT0/l/s8FOPyPNL0ED1HogY9M9sRPZM3
+jyV7xA9S9YIPWpq/jxaIwc9NwYQPfFDCT2D3Bc92pACPdnh7zycNw89a1T0PAqzCD0GNOo8
ZQb/PO+/Cz0WK/c8TfAHPcam+DwyD/w8VYkRPTHZDT2ivRA9E7QBPRMRDD0mogE9K+wMPZLh
DT1a1AI9OvD9PKHXBT05cSM9KFr7PFU2Cz2Jmxo9jEL/PJ/JCD3YfwM97XztPBuGDD171hc9
P48LPeSMCz2mGxE97gQCPTc/Cj1JNfw8zggMPR1YAj2IYew8luLrPCsE/TzUWgo9d931POrJ
/jxxFA093esHPfvtAj2QgQg95YIFPSdY9Ty/vwA9LCMAPZzUDj3G5AU9400GPUpuCj1c2AE9
Z2PrPKff+zwWNgY94BUMPZlM9Dxqugo9p1oBPeYnCz3GSvY8SBgLPWBZ/Tzcevk87yXpPG6K
7zy3JhE9OvMNPZBD9DybLwU9qWUVPTgY9zwdjhA9EKfiPJPODj2cvg09xbAFPUY4ET0rFRA9
4wEGPXZrBz3LJRQ9R7cBPcny+jz+hwI9TlEAPVt9Az1u6xE9/a4cPUjy+zzCEho9eYgDPeiq
6jwA4gA91cHuPGlMDj3rLAs96qQLPemX/zwfXgo96hP7PK6iAj35MAs9PyL/PJj1AD1fghE9
gJv9PPLACj337O88hUH7PL7s+TxENPU861MMPW6gED226fA88KYLPa+sAz3STQQ953MIPZ2v
FT3ktgk9abICPdWpCj015wg9uE4WPWOkCT1MJw49s2X7PG6gCj2YEuc8SF3+PAXNBz2mTA89
YOkRPQ/hDT2EXBY9I9YGPQafBz1Hbgs91PD3PLZcCj0s4w890SYHPXnfGT3kows97KYZPRLj
6jwqagk9CKX8PNc52zz1kxk94RQRPT4lEj3nBAI9KCwCPU76AD227QI9CGv4PO7UBD1+dQM9
AlkTPbc2+TyyVg09wPcNPT0jBj29/fM8JHkBPaF/ED2TjBg98UMOPR56Ez28PAg944YIPS2/
CT2psQs9c6sEPW7MEz1ZH/I81UAEPaY27zyh9xM9NGAaPd3uDz0G0fY82p3mPJCBCT36xQQ9
FvcQPdBx/Tz53wY96Y8GPYSsBj3c3ws9ivgVPQb3CT25xAc9GMMMPXjSCj0uiwk9DSQQPWuJ
DD0DYwk9WmoIPYG4+zxBdws94m4GPcMnCT0NQA499MsePfdZBT3IFBI97lL+PBM8CT0uFxA9
9JEMPZemCz3X5hw9zl0NPVqGCT281wU9m7oSPXOHCz3z7A49I9oPPXFbCT0YsRg9trUIPTRD
BD0PYPU8Okn5PDdNEj3gKgk9B2IMPQtkAT19tA89M+4NPcErAj2wGPA851gOPafsBT0dUhM9
SXENPRu2BD334gs9rrMJPXeGET2PVQI960EDPVUyGj0NIhA9</AssayYData></Step><Step><CommonData><SampleLocation>2</SampleLocation><SampleID>10mM Glycine pH1.7</SampleID><SampleGroup></SampleGroup><SampleInfo>or other Regeneration solution</SampleInfo><SampleRow>D</SampleRow><SamplePlate>1</SamplePlate><WellType>REGENERATION</WellType><Concentration>-1</Concentration><ConcentrationUnits>µg/ml</ConcentrationUnits><MolarConcentration>-1</MolarConcentration><MolarConcUnits>nM</MolarConcUnits><MolecularWeight>-1</MolecularWeight><Temperature>30</Temperature><StartTime>969006</StartTime><AssayTime>20</AssayTime></CommonData><FlowRate>1000</FlowRate><StepType>CUSTOM</StepType><StepName>condition</StepName><StepStatus>OK</StepStatus><ActualTime>20</ActualTime><CycleTime>0.2</CycleTime><AssayXData Points="100">vv8zQ/EyNEPjZTRDFpk0Q0nMNEN8/zRDsDI1Q+NlNUMWmTVDi8w1Q77/NUPxMjZDJGY2Q1iZ
NkNJzDZDfP82Q7AyN0PjZTdDWJk3Q0nMN0O+/zdDsDI4QyRmOENYmThD0s04Q3z/OEPxMjlD
JGY5QxaZOUNJzDlDvv85Q/EyOkPjZTpDFpk6Q0nMOkN8/zpDsDI7QyRmO0MWmTtDScw7Q3z/
O0OwMjxDJGY8Q1iZPENJzDxDfP88Q/EyPUPjZT1DFpk9Q0nMPUN8/z1DsDI+Q+NlPkMWmT5D
Scw+Q3z/PkOwMj9D42U/QxaZP0NJzD9DfP8/Q7AyQEPjZUBDn5pAQ0nMQEN8/0BD8TJBQ+Nl
QUNYmUFDi8xBQ77/QUPxMkJDJGZCQ1iZQkOLzEJDvv9CQ4E1Q0MkZkNDWJlDQ4vMQ0O+/0ND
8TJEQyRmRENYmURDi8xEQ77/REPxMkVDJGZFQ1iZRUPMzEVDfP9FQ/EyRkMxaEZDWJlGQ4vM
RkO+/0ZD8TJHQ+NlR0NYmUdDi8xHQw==</AssayXData><AssayYData Points="100">dqxevmAyMr4CcA6+LbrxvS611r1YRtG9Kg7SvVd23b1x4N29KAbivVvn6b2X8+69nxsAvtz+
BL4xcgW++4EKvs5dCL5JWw2+OYgLvpT5E77g+xa+UTAYvm2lF755bhm+0FIgvvOSIr4YMSO+
d6knvvAZJr7j8iq+GA0tvuoXLr7SmC++eZcwvuYMNL6Pcza+hHE2vnB7OL5a7ze+v1M6vtLV
O764pz2+naxEvm4eQ77TkEK+2z9FvodPRb4RkEO+qJdKvmaYSr6Fv0W+i09KvpmiTb6owkq+
vs1PvpX6T77N0FG+vQBUvjG2VL4ZeVS+9YpTvs1+V74po1a+3T9Zvk8lWr61n1m+yhhZvuIs
YL6IeFq+B6lgvqd+YL4XHWK+NzBivvIOY76nf2e+8bVovn7JZb60NGe+tc1ovsC2Zb55GWm+
60trvg4wa77ka2i+DAJsvs0fbr6tiG2+9aZvvs9gcL6JHHC+0c9tvh2udb7FvHG+mUBzvrTM
eL4HcG++hT1zvmREdr70E3S+Q9h1vg==</AssayYData></Step><Step><CommonData><SampleLocation>1</SampleLocation><SampleID>Running Buffer</SampleID><SampleGroup></SampleGroup><SampleInfo></SampleInfo><SampleRow>D</SampleRow><SamplePlate>1</SamplePlate><WellType>BUFFER</WellType><Concentration>-1</Concentration><ConcentrationUnits>µg/ml</ConcentrationUnits><MolarConcentration>-1</MolarConcentration><MolarConcUnits>nM</MolarConcUnits><MolecularWeight>-1</MolecularWeight><Temperature>30</Temperature><StartTime>994350</StartTime><AssayTime>20</AssayTime></CommonData><FlowRate>1000</FlowRate><StepType>CUSTOM</StepType><StepName>condition</StepName><StepStatus>OK</StepStatus><ActualTime>20</ActualTime><CycleTime>0.2</CycleTime><AssayXData Points="100">vv9HQ7AySEPjZUhDFplIQ0nMSEN8/0hDsDJJQyRmSUMWmUlDScxJQ3z/SUOwMkpDJGZKQxaZ
SkOLzEpDvv9KQ/EyS0PjZUtDFplLQ0nMS0O+/0tDsDJMQ+NlTEMWmUxDi8xMQ3z/TEOwMk1D
42VNQxaZTUNJzE1DfP9NQ/EyTkMkZk5DmZlOQ4vMTkO+/05D8TJPQyRmT0NYmU9Di8xPQ77/
T0PxMlBDJGZQQ1iZUEOLzFBDvv9QQ7AyUUMkZlFDWJlRQ4vMUUN8/1FD8TJSQyRmUkNYmVJD
i8xSQ77/UkPxMlNDJGZTQ1iZU0NPzVNDvv9TQ/EyVEMkZlRDWJlUQ0nMVEN8/1RD8TJVQyRm
VUNYmVVDi8xVQ3z/VUPxMlZDZmZWQ1iZVkNJzFZDvv9WQ/EyV0MkZldDWJlXQ4vMV0O+/1dD
sDJYQ+NlWEMWmVhDScxYQ77/WEPxMllDJGZZQ1iZWUOLzFlDfP9ZQ/EyWkPjZVpDWJlaQ0nM
WkN8/1pDsDJbQ+NlW0NYmVtDi8xbQw==</AssayXData><AssayYData Points="100">6WvbPL7L4bxjeGS9tQeDvSp6lL35OpS9q/KOvYJChr2g0ZK9q9aLvbeNhL1kTHe9Z8B+vZIk
g71FAmu96TJjvUCSa70UDle9opxmveVHVb2841e9wklVvSCfVr2oV1m93K5FvZ21Q71z/EO9
RUw+vUwJNb0zpUi9Pfoyvf5pMb1IBTS9/RlEvUrCLb3Dl0G9fZEjvTfBL70ZwEK9mEojvTl1
Lr3iDSS9tKomvZrMLb3RVSy9gR4vvTkOG70GrBa9XPUXvWffFr2rbiy9XLwhvTa5F70RxiS9
/MccvXlFF72cNx69BAgPvVrYIr046Ae9kKEOvVgLG72qHCq974oLvUAIEL36oxe9FJ0ave6b
DL1wifq8afMGvcvfB70VRRi9MUsOvY2HDb3RYQ69SoXvvGvp87ySQBK929QLvbDB+bwEZgW9
M5gOvaNYEb1Qygu9Jz7/vEkbA73NIeu8IdUEvdCV/rzQ6gi9ddzqvDrC9rwaT/286pT5vBx6
+7y0iQK9hRsAvVv+6bzPPOG8fG//vA==</AssayYData></Step><Step><CommonData><SampleLocation>2</SampleLocation><SampleID>10mM Glycine pH1.7</SampleID><SampleGroup></SampleGroup><SampleInfo>or other Regeneration solution</SampleInfo><SampleRow>D</SampleRow><SamplePlate>1</SamplePlate><WellType>REGENERATION</WellType><Concentration>-1</Concentration><ConcentrationUnits>µg/ml</ConcentrationUnits><MolarConcentration>-1</MolarConcentration><MolarConcUnits>nM</MolarConcUnits><MolecularWeight>-1</MolecularWeight><Temperature>30</Temperature><StartTime>1019966</StartTime><AssayTime>20</AssayTime></CommonData><FlowRate>1000</FlowRate><StepType>CUSTOM</StepType><StepName>condition</StepName><StepStatus>OK</StepStatus><ActualTime>20</ActualTime><CycleTime>0.2</CycleTime><AssayXData Points="100">v/9bQ7EyXEMlZlxDF5lcQ0rMXEN9/1xD8jJdQ+RlXUMXmV1DjMxdQ33/XUO3M15D5GVeQ1mZ
XkNKzF5Dff9eQ7EyX0MlZl9DWZlfQ0rMX0N9/19DsTJgQzhpYEMXmWBD2s5gQ7//YEPyMmFD
8GdhQ1mZYUNKzGFDv/9hQ7EyYkOoZmJDF5liQ0rMYkN9/2JDsTJjQ+RlY0MXmWNDSsxjQ33/
Y0OxMmRDJWZkQyObZENKzGRDff9kQ7EyZUMlZmVD3JllQ0rMZUPFAGZDsTJmQyVmZkNZmWZD
jMxmQ7//ZkPyMmdDJWZnQ5qZZ0OMzGdDv/9nQ/IyaEMlZmhDoJpoQ4zMaEO//2hD8jJpQyVm
aUNZmWlDjMxpQ7//aUPyMmpDJWZqQ1mZakOMzGpDv/9qQ/Iya0MlZmtDF5lrQ4zMa0O//2tD
sTJsQyVmbENZmWxDjMxsQ33/bEPyMm1DJWZtQ1mZbUNQzW1Dv/9tQ/IybkMlZm5DF5luQ4zM
bkN9/25D8jJvQyVmb0NZmW9DjMxvQw==</AssayXData><AssayYData Points="100">e5ufvq9Whb5fCWW+YBdIvl8kQL4O+D6+ODQ8vmCrN75ohjm+d8JCvi5FPr6ZikO+ncZEvhom
R751V0u+jipMvm14T75/6U++ayJRvnZIWL7yvlK+M9xbvm7LVL5KBle+s+1XvmXWXb77Ol++
Tg5fvhDhYL4djWS+cNllvr0hZb49VmG+vO1nvkoZaL63rmW+Tz1svov1bb5qCm6+I6NqvsFk
b74fwG++eo5vvlv1cL6nu3C+AtNzvt0Tdb7TRXa+jap2vgBfd74lyna+KEF4vtoxeL7uC3q+
+FN8vqzaer6x6nu+4CF9vh6sf74Oc3q+1tKAvspegL743X++YtB+vmY2gb5UeIC+739/vpX+
gL6/dYK+xaWDvrIigb4Ck4S+DAiEvqz2hL75AoS+LEODvokQhL7aioW+o9+FvnLQgr6TQ4W+
IPODvjFpg74YAIe+4nWIvmnqhr50CYe+oMaHvk0PiL5qZ4e+PdOHviEliL6NM4m+eCWKvuxt
ib6hkIq+rF2IvtmTib6rn4m+QsSIvg==</AssayYData></Step><Step><CommonData><SampleLocation>1</SampleLocation><SampleID>Running Buffer</SampleID><SampleGroup></SampleGroup><SampleInfo></SampleInfo><SampleRow>D</SampleRow><SamplePlate>1</SamplePlate><WellType>BUFFER</WellType><Concentration>-1</Concentration><ConcentrationUnits>µg/ml</ConcentrationUnits><MolarConcentration>-1</MolarConcentration><MolarConcUnits>nM</MolarConcUnits><MolecularWeight>-1</MolecularWeight><Temperature>30</Temperature><StartTime>1045634</StartTime><AssayTime>20</AssayTime></CommonData><FlowRate>1000</FlowRate><StepType>CUSTOM</StepType><StepName>condition</StepName><StepStatus>OK</StepStatus><ActualTime>19.999</ActualTime><CycleTime>0.2</CycleTime><AssayXData Points="100">v/9vQ7EycEMlZnBDWZlwQ4zMcEN9/3BDsTJxQyVmcUNZmXFDSsxxQ7//cUPyMnJD5GVyQxeZ
ckOMzHJDff9yQ7Eyc0MlZnND3JlzQ0rMc0O//3NDsTJ0Q+RldEOamXRDSsx0QwcBdUPyMnVD
JWZ1Q1mZdUOMzHVDff91Q7EydkPBanZDWZl2Q4zMdkN9/3ZD/zR3QyVmd0MXmXdDSsx3Q33/
d0PyMnhD5GV4QxeZeENKzHhDv/94Q/IyeUPkZXlDF5l5QxXOeUO//3lDsTJ6Q+RlekMXmXpD
Ssx6Q33/ekOxMntDJWZ7Q1mZe0OMzHtDff97Q7EyfEMlZnxDF5l8Q0rMfEN9/3xD8jJ9Q+Rl
fUMXmX1DSsx9Q7//fUPyMn5D5GV+QxeZfkNKzH5DJQZ/Q7Eyf0PkZX9D4pp/Q0rMf0N9/39D
eRmAQ/EygEOLTIBDJWaAQ75/gEO6mYBD8bKAQzXOgEMl5oBD3/+AQ1gZgUPxMoFDi0yBQyVm
gUPff4FDeZmBQ/GygUOszIFDJeaBQw==</AssayXData><AssayYData Points="100">MnlHvOHTVL1DS529cS+lvd+sqL1/CbO9Ct+1vY4UsL18Q6y9J5OfvTE5mr10pqO953mgveWz
nb3CGpC9X0KZvSovkL2nhJS99Z+SvYMPjb1saIS9ycOJvUwzir04xIi933GBvZBJgb0tsIe9
d86EvSZWgL2e54G9GneBvYEwf72/r4G9AWl9vetcZ70DNHS9gSeHve9Sg72wMmq9m7V5vQr3
WL27P3K9lH9mvXM/cL32qG+9FQ5ivfL2YL0z6mq9U1xtvewgX72igGu90MpQvdxOar2nvGm9
8OlVveuabr1e92W9fHB2vQ3pVr3Jnl+9llRevS0IX72TDUm9cGVZvce0Vb1gp2i9WwxFvaIf
S73cCEW9lZNqvYNpU70kfkS9PZY8vaZhSb3BKEy9n99KvfQtRL2ZQkq9f3tUvSgOVr1GdUy9
stxQvcA8Tr1uVk+97RA/vdBXVb2xXFm9hPZTvXPjUL1UNk69ZftEvYbEQ710XFG99DQ4vVda
Qr2tP0W9XxlNvdMnRL10OUi9KJxOvQ==</AssayYData></Step><Step><CommonData><SampleLocation>2</SampleLocation><SampleID>10mM Glycine pH1.7</SampleID><SampleGroup></SampleGroup><SampleInfo>or other Regeneration solution</SampleInfo><SampleRow>D</SampleRow><SamplePlate>1</SamplePlate><WellType>REGENERATION</WellType><Concentration>-1</Concentration><ConcentrationUnits>µg/ml</ConcentrationUnits><MolarConcentration>-1</MolarConcentration><MolarConcUnits>nM</MolarConcUnits><MolecularWeight>-1</MolecularWeight><Temperature>30</Temperature><StartTime>1071449</StartTime><AssayTime>20</AssayTime></CommonData><FlowRate>1000</FlowRate><StepType>CUSTOM</StepType><StepName>condition</StepName><StepStatus>OK</StepStatus><ActualTime>20</ActualTime><CycleTime>0.2</CycleTime><AssayXData Points="100">v/+BQzgZgkPRMoJDa0yCQwVmgkO/f4JDOJmCQ/KygkOMzIJDJeaCQ7//gkNZGYND8jKDQ4xM
g0MlZoNDv3+DQ1mZg0PysoNDa8yDQyXmg0O//4NDWRmEQ/IyhEOMTIRDyWaEQ79/hENZmYRD
8rKEQ4zMhEMl5oRDv/+EQ1kZhUM0M4VDjEyFQyVmhUOef4VDOJmFQ/KyhUOMzIVDJeaFQ7//
hUNZGYZD8jKGQ2tMhkMlZoZDv3+GQ1mZhkPysoZDjMyGQyXmhkO//4ZDWRmHQ/Iyh0NrTIdD
JWaHQ0KAh0NZmYdD0bKHQ4zMh0Ml5odDnv+HQ1kZiEPyMohDjEyIQyVmiEO/f4hDOJmIQ/Ky
iEOMzIhDBeaIQyEAiUM4GYlD8jKJQ2tMiUMlZolDv3+JQziZiUPysolDjMyJQyXmiUOe/4lD
XxqKQ/IyikOMTIpDJWaKQ79/ikNZmYpD0bKKQ2vMikMl5opDv/+KQzgZi0PRMotDa0yLQyVm
i0Oef4tDeZmLQ9Gyi0OMzItDJeaLQw==</AssayXData><AssayYData Points="100">KzGwvvURlb4MWn6+S4hovhcvV75GRl6+0mdYvhKBWb6/tl6+ALZYvmpuX75eTmO+65hjviFv
Zr571Wu+x8RuvmMnbb7CfG6+e69wvuP/cL6MR2++3gJ1vvaMfL4AZnu+BtZ4vju3eb75unu+
LVF8vhI4fL5dqYK+WSeAvrMgf77aGH++yC5/vtSHgL5bQX6+XQyDvvxVgb4WLIO+kOeDvkya
g74nEIa+NEeFvhaOhb6FcIa+W0iFvt/9h75dpYa+dH6HvtJChr5ac4m+h32IvoIwib4dtYq+
avaJvoatir53poq+efWKvqmyib6A14u+TA6Lvl3Wib4fSIq+9XyMvtePi76fEou+5oOLvqVk
jr4X9Iy+xjOOvmFojr7FZ46+Kb+Qvm3zjb7e9JG+rn6Pvs3pjr6u9o++LbuPvizlkL40x46+
s/2OvoXIkb7gq4++fwiPvuOZkL66P5C+M6SUvgAQk77kgZK+BcKRvnzSkr4gu5S+PoCTvqi7
k76ugJS+QgKUvof2k76vk5S+Y9mVvg==</AssayYData></Step><Step><CommonData><SampleLocation>1</SampleLocation><SampleID>Running Buffer</SampleID><SampleGroup></SampleGroup><SampleInfo></SampleInfo><SampleRow>D</SampleRow><SamplePlate>1</SamplePlate><WellType>BUFFER</WellType><Concentration>-1</Concentration><ConcentrationUnits>µg/ml</ConcentrationUnits><MolarConcentration>-1</MolarConcentration><MolarConcUnits>nM</MolarConcUnits><MolecularWeight>-1</MolecularWeight><Temperature>30</Temperature><StartTime>1097009</StartTime><AssayTime>20</AssayTime></CommonData><FlowRate>1000</FlowRate><StepType>CUSTOM</StepType><StepName>condition</StepName><StepStatus>OK</StepStatus><ActualTime>20</ActualTime><CycleTime>0.2</CycleTime><AssayXData Points="100">v/+LQ1kZjEPRMoxDjEyMQwVmjEO/f4xDWZmMQ/KyjENrzIxDJeaMQ57/jEM4GY1D0TKNQ2tM
jUMFZo1Dnn+NQziZjUPyso1Da8yNQwXmjUOe/41DOBmOQ9EyjkOMTI5DBWaOQ79/jkM4mY5D
8rKOQ4zMjkMF5o5Dnv+OQzgZj0PRMo9Da0yPQwVmj0Oef49DOJmPQ9Gyj0NrzI9DBeaPQ57/
j0NZGZBD0TKQQ2tMkEMFZpBDv3+QQziZkEPRspBDjMyQQyXmkEO//5BDOBmRQ/IykUNrTJFD
BWaRQ55/kUM4mZFD0bKRQ4zMkUMF5pFDnv+RQ1kZkkPyMpJDjEySQwVmkkOef5JDOJmSQ9Gy
kkOMzJJDBeaSQ57/kkM4GZND0TKTQ2tMk0MFZpNDv3+TQziZk0PRspNDa8yTQwXmk0O//5ND
OBmUQ9EylEOMTJRDJWaUQ79/lENZmZRD8rKUQ4zMlEMl5pRDv/+UQ1kZlUPyMpVDjEyVQyVm
lUO/f5VDWZmVQ/KylUOMzJVDJeaVQw==</AssayXData><AssayYData Points="100">sdPKPKy1G71m4pG9dtqkvayDur2bmb69ELW9vSITxb2YLr+98oi1vcIou70znLW9w/mzvRME
t72j/Ka9BKWzvbN7r70OJ7K9Blanvc1ssL3a1qq9r3qgvcq9oL3FJ6K9c0CbvbAvnL2ow5+9
bN2evS4UoL3Nq5m9drOdvUeZnr1b+Ze9IwyWvXqUlr0o+4+9zJ+VvedflL15cpK9uwCQvR2K
lb3dAIa9DO6PvWJjk73Q6pO9RdmOvX/4ir0O3Yq9Xn6Tve+7jb2OhZK93TSIvStsg72eRI69
XomJvecAhL1+ZYm9Bx+avR5fhb1OnoW9jbuLvRIChb16kX29eCeDvaU8ib1Yb4K96UOGvUmu
g72Mw4u9kCuHvTZkiL2e0oa9zU6GvefHgr31SYG9UGiIvU3QiL3Xjoe9g3t/vUzHib17ooC9
KAaFvRgWfb1D1oC9O9aAvdWVgL19OIG9G6SFvXnliL3PuoC9/EBsvZe3h713RIi9UIaDvUIU
gL2RwIS98e5+vUI6gr0bYX697PB6vQ==</AssayYData></Step><Step><CommonData><SampleLocation>3</SampleLocation><SampleID>Running Buffer</SampleID><SampleGroup></SampleGroup><SampleInfo></SampleInfo><SampleRow>D</SampleRow><SamplePlate>1</SamplePlate><WellType>BUFFER</WellType><Concentration>-1</Concentration><ConcentrationUnits>µg/ml</ConcentrationUnits><MolarConcentration>-1</MolarConcentration><MolarConcUnits>nM</MolarConcUnits><MolecularWeight>-1</MolecularWeight><Temperature>30</Temperature><StartTime>1122973</StartTime><AssayTime>120</AssayTime></CommonData><FlowRate>1000</FlowRate><StepType>BASELINE</StepType><StepName>Baseline 120</StepName><StepStatus>OK</StepStatus><ActualTime>120</ActualTime><CycleTime>0.2</CycleTime><AssayXData Points="600">v/+VQ1kZlkPyMpZDjEyWQyVmlkO/f5ZDWZmWQ/KylkN3zpZDJeaWQ7//lkNZGZdD8jKXQ4xM
l0MFZpdDnn+XQ1mZl0PyspdDjMyXQwXml0O//5dDeRmYQ/IymENrTJhDBWaYQ2OAmENZmZhD
8rKYQ4zMmEMF5phDxQCZQ1kZmUPyMplDjEyZQyVmmUO/f5lDWZmZQ9GymUOMzJlDJeaZQ57/
mUM4GZpD0TKaQ2tMmkMlZppDv3+aQziZmkPetJpDa8yaQyXmmkOe/5pDWRmbQ/Iym0OMTJtD
JWabQ79/m0M4mZtD0bKbQ2vMm0MF5ptD4P+bQzgZnEPRMpxDjEycQyVmnEO/f5xDOJmcQ9Gy
nEMwzZxDLOecQ7//nEM4GZ1D8jKdQ2tMnUMFZp1Dv3+dQziZnUPysp1Da8ydQwXmnUOe/51D
WRmeQ9EynkOtTJ5DBWaeQ55/nkM4mZ5D0bKeQ2vMnkMl5p5Dv/+eQzgZn0PRMp9Da0yfQwVm
n0Oef59DOJmfQ9Gyn0NrzJ9DBeafQ57/n0M4GaBD0TKgQ7NNoEMFZqBDnn+gQziZoEPRsqBD
ks2gQwXmoEOe/6BDWRmhQ/IyoUNrTKFDBWahQ55/oUM4maFD0bKhQ2vMoUMl5qFDv/+hQzgZ
okPRMqJDa0yiQwVmokOef6JDOJmiQ9GyokNrzKJDqOaiQ7//okNZGaND8jKjQ4xMo0MlZqND
v3+jQ1mZo0PysqNDG8+jQyXmo0O//6NDWRmkQ/IypEOMTKRDJWakQ79/pEM4maRD+LOkQ4zM
pEMl5qRDv/+kQ1kZpUPyMqVDjEylQyVmpUPgf6VDWZmlQ/KypUOMzKVDJealQ7//pUNZGaZD
8jKmQ4xMpkMlZqZDv3+mQ1mZpkPRsqZDa8ymQyXmpkO//6ZDWRmnQ/Iyp0PNTKdDJWanQ79/
p0M4madD8rKnQ4zMp0MF5qdDnv+nQ9wZqEPyMqhDa0yoQyVmqEOef6hD3JmoQ/KyqENrzKhD
BeaoQ57/qENZGalD0TKpQ4xMqUMFZqlDv3+pQ1mZqUPRsqlDa8ypQwXmqUO//6lDOBmqQ/Iy
qkNrTKpDBWaqQ79/qkNZmapD0bKqQ2vMqkMl5qpDv/+qQzgZq0PRMqtDa0yrQwVmq0Oef6tD
OJmrQ9Gyq0OMzKtDBearQ7//q0M4GaxD8jKsQ4xMrEMFZqxDxYCsQziZrEPRsqxDa8ysQyXm
rEO//6xDWRmtQ9EyrUMPTa1DBWatQ55/rUM4ma1D0bKtQ2vMrUMl5q1Dv/+tQzgZrkMZNK5D
jEyuQwVmrkOef65DOJmuQ9GyrkNrzK5DJeauQ57/rkO7Ga9D0TKvQ2tMr0MlZq9Dnn+vQziZ
r0PRsq9Da8yvQ2fmr0Oe/69DWRmwQ9EysENrTLBDBWawQ55/sEM4mbBD0bKwQ2vMsEMF5rBD
nv+wQzgZsUPRMrFDa0yxQyVmsUO/f7FDWZmxQ1SzsUOMzLFDJeaxQ+D/sUNZGbJD8jKyQ4xM
skMlZrJDQoCyQ1mZskPysrJDjMyyQwXmskMAALNDOBmzQ/Iys0OMTLNDJWazQ79/s0M4mbND
8rKzQ63Ms0Ml5rNDv/+zQ5oZtEPRMrRDjEy0QyVmtEO/f7RDWZm0Q/KytEOMzLRDJea0Q7//
tEOaGbVD8jK1Q4xMtUOIZrVDnn+1Q1mZtUPysrVDjMy1QyXmtUO//7VDWBm2Q9IytkOMTLZD
qGa2Q55/tkM4mbZD8rK2Q2vMtkNn5rZDnv+2QzgZt0PyMrdDa0y3QyZmt0O/f7dDeZm3Q9Ky
t0OMzLdDBea3Q7//t0NYGbhD2DO4Q6xMuEMFZrhDv3+4Q7uZuEPysrhDa8y4QwXmuEO//7hD
OBm5Q9IyuUNxTblDBWa5Q79/uUNYmblD0rK5Q2vMuUMm5rlDnv+5QzgZukPSMrpDa0y6QyZm
ukOef7pDWJm6Q/KyukNQzbpDJua6Q57/ukNYGbtD0jK7Q2tMu0MmZrtDnn+7Q1iZu0PSsrtD
a8y7QwXmu0Oe/7tDPhq8Q9IyvENrTLxDBWa8Q55/vEM4mbxD0rK8Q2vMvEMF5rxDnv+8QzgZ
vUPSMr1Da0y9QwVmvUOef71DOJm9Q9KyvUOzzb1DBea9Q57/vUM4Gb5DdTO+Q2tMvkMFZr5D
v3++QziZvkPSsr5Da8y+QwXmvkOe/75DOBm/Q9Iyv0OMTL9DJma/Q+B/v0NYmb9D8rK/Q4zM
v0Mm5r9D5gDAQ1gZwEPSMsBDME3AQyZmwEO/f8BDWJnAQ/KywEM2zsBDJubAQ7//wEN5GcFD
0jLBQ4xMwUNGZsFDv3/BQ1iZwUPyssFDjMzBQybmwUO//8FD3BnCQ/IywkOMTMJDJmbCQ55/
wkN5mcJD8rLCQ4zMwkMm5sJDv//CQ1gZw0PSMsNDa0zDQyZmw0O/f8NDWJnDQ9Kyw0NrzMND
BebDQ7//w0M4GcRD8jLEQ4xMxEMmZsRDv3/EQ1iZxEPSssRDjMzEQybmxEO//8RDWBnFQ9Iy
xUOMTMVDJmbFQ55/xUMCm8VD8rLFQ4zMxUMm5sVDv//FQ1gZxkPSMsZDjEzGQwVmxkNCgMZD
WJnGQ/KyxkNrzMZDJubGQ57/xkNYGcdD0jLHQ+5Mx0MmZsdDnn/HQ1iZx0PSssdDcc3HQybm
x0Oe/8dDWBnIQ9IyyEOMTMhDBWbIQ55/yEM4mchD8rLIQ2vMyEMF5shDnv/IQ1gZyUPSMslD
a0zJQyZmyUOef8lDWJnJQzSzyUNrzMlDyebJQ57/yUNYGcpD0jLKQ2tMykMFZspD4H/KQziZ
ykPSsspDa8zKQwXmykOe/8pDWBnLQ9Iyy0NrTMtDJmbLQ55/y0M4mctD0rLLQ2vMy0MF5stD
nv/LQzgZzEPSMsxDjEzMQwVmzEOkgMxDOJnMQ9KyzENrzMxDJubMQ57/zENYGc1D0jLNQ2tM
zUMsZ81Dnn/NQ1iZzUPyss1DjMzNQybmzUO//81DWBnOQ/IyzkOsTM5DJmbOQ79/zkNYmc5D
8rLOQ4zMzkMm5s5Dv//OQ5oZz0PyMs9DjEzPQ0xnz0Oef89DWJnPQ/Kyz0OMzM9DJubPQ7//
z0NYGdBD8jLQQ4xM0EMmZtBDnn/QQ1iZ0EPystBDjMzQQybm0EO//9BDWBnRQ/Iy0UOMTNFD
BWbRQ55/0UNYmdFDVLPRQ2vM0UMm5tFD</AssayXData><AssayYData Points="600">sqqgvSNNpb1jH6u9+MaivSnKn70q/p+9OOSavSRvk73Zt5y927WWvZDGk71tz5a9CJiVvaKp
kL0gIZa9fcCOvYqil71NSJW9LgmWvTwnlL2joZW9p+mRvXewj72jL5S9BzKSvXNElL1Uvo29
83KWvej9kb28wpi9Gl2NvXHpl730jo+9RAuJvfPTkb3xL429lf+PveGMjL27EpO9OkmOva6X
kL35UZK9X8mHvY2zjb0c1oW9XVaJvUl1jr3oFI69QxWQvQbCkb32T4+9aJuIvYfAkb3Pz5C9
IfKIveuQjL052o69b7ePvV57iL2cTY69qteMvS+Vk72Clo29muqEvXChkr387Yy92iiMvdyT
j716Y4u938WKvb9nkb21WYK9UBSQvRUxi73XVom94mSKvQqGib1b24W9JyOLvZsfir3HAIm9
+J2KvYbFi70bt4O91TOJvVbajr1zr4K9s82EvcM1ir0TXou9WCOPvcymjL0n0oK92PqCveu7
kL0N4oi9W2aQvegnhr1TwIG9yvuEvWqgir2xrIW9LDKDvV/Tib11jYe9T1GKveAdhr3X5o+9
3EVzvfWZir0EmIe9qISJvcKNhL0m9XS9VrmDvemdib2jB4O9+JmHvWWXgL3c64291W2FvXV3
gr0t9Iq9hHGAvcWzgb3ECoG909GAvY7sf70Oboi9Bf6Ivcf0hL16KIC9wCiEvY73dr0zV4K9
MCZuvZNGhL1+zYO9PwKJvbOUg7035IC9zgmDvdUahb2hGYO94Nt4vWpZhr0DAoO93smFvW4C
gr1N84i9JZuAva4Khb24lXq9D4GMvTMEdb3yZoa9UeN5vdk2fb0H+ni9s+OFvTTGhr1lnXC9
7ZyCvZoOjL1xjIK9V5lwvQ2beL03qX+9sv2CvYtPgr3TvoG9Z46BvaRmeb0qo4i9EBeDvbtm
eL0WZYO9QgKDvS+kiL0XI3u9r0+Cva/Od713bX+9jJiEvbcpeL0FG4G9J/d/vXTQf702moW9
SYh5vd7Ce73ogYS9EkeFvfieg70+QIK9neCFvbGYgL07B2+9mhV6vVHOdr0v+nC94eBsvRLN
dr2GuoO9ZUJ3vVqkeb05PoC9wE5+vb6jc73LaHa90wVrvTQQdr26vW+9frR4vXxJcr2LPoC9
/I5+vUQEgr1XKG29z11/vfIpdb3qnGO97VlnvTVicb0VuIe91Nl2vQSIhr1p+YC9QVF8vcPC
d70UunG94qF/vZ2nab3xQIK94NxovWpge702X3i9P9pzvVrGc727NoG9TXSEvYBBc73miIK9
/B16vawldr1neXy9VIJxvdSKbb39mnC9hGZxvVttgb1fMHO9Xo5ovZ+hV71wKXi9TOdzvbhA
cL0Ov269mSJ9vbSXbL2FrGe9OeVzvYvadb1THXO9Dud1vTUgbb3bFnS93CtyvXQCfr1tt4C9
Tbp3vUuUfb11QHm97LRuvfK9db3XlW69aKVuvTeMdb3HiHa9LSxvvbJYXr2ojHK9x7Z0vejm
aL0fd2+9dT59vcIoe72ynG69E/BuvQxpbL0ZNW+9PHdzvbB1ar0fV3C9waRkvYF3cb0cInm9
F5pjvV+4c72uYV69reFpvZ6PaL1PYW69o5lwvax9cr0KFnO91sRqvaXObr38Em29jDxuvaYL
cr3VkWq9yFtlvWpUbb1/iV69hOBpvWx6a71tgXK9TMdjvTOxbb3h2Gm9ycmAvXBDab3523W9
9JJmvfGVdL1opXO929NwvVgCe70mL3a9EYhvvT+vab2rMGO9CjFZvYM0a728imy9Va55vagq
ar2bHnC9NY1wvTIgbb0dVHa9jotyvaNVdb2eN2G9hdN7vbI/Yb1f5HO9Iz9wvc1sar3bwmy9
vql9vbo6ar0lDXm90ZptvfXpZr0Ga3O9IyJvvULfZ70IzXC90CtgvZHKar3VFGS9rp5bvWwu
db0h01q9oKB3vTspZL0rXXe9b/dnvaoic70ZuF+9LxxmvS36YL34gm29dGdgvax/e73F3my9
whZjvS+wZL1giXK9Z+x5vbCrdr2POl+9Y5hZvYzJY72KImi9WCVavYrJb70yu2u9KGBjvXR9
ar1nvGi9HaRcvUyqXb399mC9qXxyvefaWr3CJGW9WvZrvYPnYb2pJ2y9e0l+vWx4b70zJWm9
DzdtvQyocr1vvHG9aPRkvY/xXr3pXme9lsVevZjyX72ayGm9WU5ivSuKar1LH2y9pcpvvWX0
cr1wl269gKVwvUS/YL1kRXy9AOZuvcHzbL1MOGK9R+dqvZt6Z72pQWS9W7lnvRepab0oyHG9
yQNZvdM8Yr0UiFi9eZNivYNdar2kIWa9oaNhvaPxXr3smVu9hNZyvQHBa71PoWe9tw5gvVA1
ZL3m4Vq9RnBivVFLcb1Gz1q9T05vvThOe73bQGe9tZ5kvcaDYr0hXGO9Hi1zvYQoYL3Vo2i9
UHNavVLqar3Cd2i91kJmvQojbb1yxGK9/Zxdvd+xYb3NfFW9A5hWvawMWr0etWa9rEpZvZRE
Yr1ggmm9m3pZvfW/U73fSmS950pivbq0Z73chl69MvpqvYEkar1KYEu93dNwvYxic71H5mO9
g7Zfvf4NW70V7Gq9Yidgvb6VYr3hrFq9X69QvT4RXL2xCGy9QZJhvVuSZr0f62G9ZPFcvYVg
U72cPGi9MDNjvUbXYL1Rd2C9d81WvQL5Xb0w012936trvWz3dL1/9Wa9vDVlvUsPX71MP1i9
gmNbvRY0XL3VpFu9WXxZvWixXL1s3Vq9pedfvXpfZ715/V699jBXvSs7Zb06R2W9naljvRce
Zb3h0WG90nNXvcB+Wb17c1m9c81PvXlsSL31WlK9U4pyvSRIWL2AyVy9jOBavaF1aL20oW29
kUJqvdZjXr0xBVG9VvlsvTnqW71+pVm9JSJGvdndY71C+WO9Qu9VvVRbUb08bFq9jp93vep0
Xb3iiVi9okVdvTnNWb15HGa94WhKvdwsZb2vWmO9hONWvRIMV73Ve1q9vohevcKnar2QElO9
DZNWvaeAWb2l7l698SRXvaMaTb3pjGO9b59RvYfMVr0ZnWO9bVtbvW/CVr3VWl+9+6BYvfQL
Zr2hDVa9fLlpvVB/Vr1hpGq9gKNcve8UWb3xmFu91AJivcmHVL2+xES9oVxhvcysT71e52O9
QfFbvVQEZ70yyFa9nJFjvUJbX72xiWS9</AssayYData></Step><Step><CommonData><SampleLocation>8</SampleLocation><SampleID></SampleID><SampleGroup></SampleGroup><SampleInfo></SampleInfo><SampleRow>D</SampleRow><SamplePlate>1</SamplePlate><WellType>KLOAD</WellType><Concentration>-1</Concentration><ConcentrationUnits>µg/ml</ConcentrationUnits><MolarConcentration>-1</MolarConcentration><MolarConcUnits>nM</MolarConcUnits><MolecularWeight>-1</MolecularWeight><Temperature>30</Temperature><StartTime>1251370</StartTime><AssayTime>20</AssayTime></CommonData><FlowRate>1000</FlowRate><StepType>LOADING</StepType><StepName>Loading</StepName><StepStatus>OK</StepStatus><ActualTime>20.003</ActualTime><CycleTime>0.2</CycleTime><AssayXData Points="100">wP/RQ1oZ0kPSMtJDbEzSQwZm0kOff9JDOZnSQ3az0kNszNJDBubSQ5//0kM5GdND0jLTQ2xM
00MmZtNDn3/TQzmZ00PzstNDbMzTQwbm00Of/9NDWhnUQ/My1ENsTNRDBmbUQ59/1EM5mdRD
0rLUQ2zM1EMG5tRDwP/UQ1oZ1UPzMtVDrkzVQyZm1UPAf9VDWpnVQ/Oy1UONzNVDJubVQ8D/
1UNaGdZD8zLWQ41M1kMmZtZDwH/WQ1qZ1kPzstZDjczWQ2jm1kPA/9ZDgBrXQ/My10ONTNdD
JmbXQ59/10NamddD87LXQ43M10NH5tdDwP/XQ1oZ2EPzMthDjUzYQ/do2EPAf9hDWpnYQ/Oy
2EONzNhDJubYQ5//2ENaGdlD8zLZQ9RN2UMmZtlDwH/ZQ1qZ2UN2s9lDjczZQwbm2UPA/9lD
WhnaQ9Iy2kONTNpDJmbaQwKA2kM5mdpD0rLaQ43M2kMm5tpDwP/aQzkZ20PzMttDjUzbQwZm
20Off9tDOZnbQ9Ky20ONzNtDiebbQw==</AssayXData><AssayYData Points="100">hRIvvfPftrwex967N50MPO4f/Tw8tCM9RO99PVmqpD2Lvb89WXXfPVrjAj7fqw0+wGgnPize
MD6Tyz8+iFBSPmxCXj6JDm8+Qcx8PpUTiD59upE+pb2YPpzjoj7IDKc+QG6yPmrftz7jc70+
+F3HPuozzz5B6tY+9GfePqGL5j7axew+PBD3PpZs/T67igI/nccFP+1LCj9EfQ4/HD0SP/YR
Fj8tIxk/LRYcP2+CID8kqCU/hhIoP3R0LD9b9S4/YbkyP5rVNj+oizo/yRA/P/sVQj8svUU/
NahJP/l/TD/pklA/BbtTPxcPVz+te1w/onheP0YoYz8vwmY/5GlqP2qMbj9gxnE/6kx0P7a1
dz/hRXw/aH5+P5JVgT/cbYM/JCqFP8uWhj+zwIg/H3+KPwNFjD/puY0/7y6PP9TRkT8nrJI/
T0KUP4BBlj9x8Jc/TM+ZPy73mz+1JJ0/txifP/+XoD8Lk6I/tTykPybCpT8ptKc/WuGoP+I8
qz+h+6w/X0iuPz66rz+e27E/ZUyyPw==</AssayYData></Step><Step><CommonData><SampleLocation>9</SampleLocation><SampleID></SampleID><SampleGroup></SampleGroup><SampleInfo></SampleInfo><SampleRow>D</SampleRow><SamplePlate>1</SamplePlate><WellType>BUFFER</WellType><Concentration>-1</Concentration><ConcentrationUnits>µg/ml</ConcentrationUnits><MolarConcentration>-1</MolarConcentration><MolarConcUnits>nM</MolarConcUnits><MolecularWeight>-1</MolecularWeight><Temperature>30</Temperature><StartTime>1281161</StartTime><AssayTime>60</AssayTime></CommonData><FlowRate>1000</FlowRate><StepType>BASELINE</StepType><StepName>Baseline 60</StepName><StepStatus>OK</StepStatus><ActualTime>59.999</ActualTime><CycleTime>0.2</CycleTime><AssayXData Points="300">IwDcQ5wZ3EM1M9xDz0zcQ2lm3EMCgNxDvZncQzWz3EPPzNxDqubcQwIA3UOcGd1DNTPdQ89M
3UOJZt1DAoDdQ5yZ3UM1s91Dz8zdQ8vm3UMCAN5DvRneQzUz3kPPTN5DaWbeQwKA3kO9md5D
NbPeQ/DM3kOJ5t5DIwDfQ70Z30M8NN9D8EzfQ4lm30MjgN9DvZnfQ1az30PwzN9DiebfQ+gA
4EO9GeBDVjPgQ/BM4EOJZuBDI4DgQ72Z4ENWs+BDlM3gQ4nm4EMCAOFDvRnhQ1Yz4UPwTOFD
iWbhQyOA4UO9meFDNbPhQzHN4UOJ5uFDIwDiQ70Z4kNWM+JD8EziQ4lm4kMjgOJDrpziQ1az
4kPwzOJDiebiQwIA40OiGuNDNTPjQ/BM40OJZuNDI4DjQ72Z40NWs+NDz8zjQ4nm40MjAORD
vRnkQ1w05EPwTORDiWbkQyOA5EOcmeRDNbPkQ/DM5EOJ5uRDIwDlQ70Z5UM1M+VD8EzlQ2lm
5UMjgOVDvZnlQ7iz5UPPzOVDaeblQwIA5kO9GeZDVjPmQ/BM5kNpZuZDI4DmQ5yZ5kNWs+ZD
8MzmQ2nm5kMIAedDvRnnQ1Yz50PPTOdDiWbnQyOA50O9medDVrPnQ8/M50Np5udDAgDoQ5wZ
6EM1M+hDz0zoQ4lm6EMCgOhDnJnoQ7iz6EPwzOhDieboQwIA6UOcGelDGzTpQ89M6UNpZulD
AoDpQ5yZ6UM1s+lDz8zpQ2nm6UMCAOpDvRnqQzUz6kPPTOpDaWbqQwKA6kOcmepDNbPqQ2vR
6kOw5+pDAgDrQ5wZ60M1M+tDz0zrQ2lm60MCgOtDnJnrQzWz60PPzOtDiebrQwIA7EOcGexD
NTPsQ89M7ENpZuxDAoDsQ5yZ7EM1s+xD8MzsQ2nm7EMCAO1DnBntQ1Yz7UPwTO1DqmbtQyOA
7UO9me1DVrPtQ/DM7UOJ5u1DIwDuQ70Z7kNWM+5D8EzuQ4lm7kMjgO5DvZnuQ1az7kPPzO5D
iebuQyMA70O9Ge9DVjPvQ/BM70OJZu9DI4DvQ72Z70NWs+9D8MzvQ4nm70MjAPBDvRnwQ1Yz
8EPwTPBDaWbwQ4WA8EO9mfBDVrPwQ8/M8EOJ5vBDIwDxQ5wZ8UNWM/FD8EzxQ4lm8UMjgPFD
vZnxQ1az8UPwzPFDaebxQyMA8kO9GfJDNTPyQ/BM8kOJZvJDAoDyQ72Z8kM8tPJD8MzyQ2nm
8kMjAPNDvRnzQzUz80PwTPNDiWbzQwKA80O9mfNDNbPzQ8/M80OJ5vNDAgD0Q70Z9EM1M/RD
z0z0Q4lm9EMCgPRDnJn0Q1az9EPwzPRDieb0QwIA9UOcGfVDNTP1QzFN9UNpZvVDKYH1QwSb
9UM1s/VDz8z1Q4nm9UMjAPZDvRn2QzUz9kPPTPZDaWb2QyOA9kOcmfZDVrP2Q/DM9kNp5vZD
AgD3Q5wZ90NWM/dDz0z3Q2lm90MCgPdDvZn3QzWz90PPzPdDaeb3QyMA+EOcGfhDNTP4QxdO
+ENpZvhDI4D4Q72Z+EM1s/hDz8z4Q2nm+EMCAPlDvRn5Q3cz+UPwTPlDaWb5QwKA+UOcmflD
NbP5Q8/M+UNp5vlD</AssayXData><AssayYData Points="300">61TEP6f7sj+M36U/1pCdP2qIlT/+H44/n9KHP9WDgj8aRng/j+ZuP10QZj9tql0/YV5VP1fj
Tj+VzkY/Rg1CP/ZuOz+xqzU/JIYxP6JXLD9EQCc/LoIiP4iSHz/a5xs/FEcYP9RbFT8mVxI/
Js4OP18EDD/AWAc/KVEGP5PXBD/QQAM/348AP3Hg+j7oc/U+SsbzPnAn7j7ZQO8+jjPrPgq0
5j4inOM+VXbfPvU33T7e29g+nILWPr7c1j4K0NM+4JjPPp4gzz57y8w+Sf/KPrBnyD5g3cg+
YefFPuvbwD70YsI+gl3BPhKivz6gK70+kmS8PnR4vT5qsbc+rMC4Prk6uD44E7Y+S4K1PolW
sj5KeLE+MDGxPs8+rz6Lw7A+bDKwPoLWqz74M64+ilKrPgEGqj4IFqg+NgirPjoYqj46N6c+
dzmoPnurpj54Aac+7fWiPoqgoz5YH6U+lQuiPp/noT73KKI+L/qiPtt0oD7vo6A+uPigPul4
nj7+fJ0+YXCePiWEnD4EwZ0+4YiePoP1nD4rpps+HF+cPid/mz5E9Jo+J/eZPpUlnD4fD5g+
E7iaPpDKmj5Twpg+/ASZPhS1mT5w15g+VJKVPrgLlz7eFZc+j/GWPrEdlz572ZY+5i+WPoDL
lj4XMJU+MTiVPgtPmD4FspU+BY6TPhKblD77HJQ+Y1GUPrtHlT5+8JQ+87iTPtNHlT72EZM+
ToGRPqvpkz58SpE+tuuPPvJBkz4U85A+4XiRPsYgkT6hPJA+8oORPktilD5njpA+khySPjhn
kD77r5A+AamRPgPukT4R9JE+PHSQPrpSkD5cbpA+qfKPPj3WkD5GbJA+kUWOPlfFkD6Qy5A+
fw2RPiJekD4HJY8+G3iNPrwkjj4F4I8+dGuOPkOvjj6F9o4+6pGMPtGyjj6tEo8+wHeNPnhk
jT4LrY0+GeGMPo02jj6Je44+siuOPkRfjD57C44+UcmOPp/piz5KN4w+4k2MPp7ZjT6RKY4+
nDyMPiRPiz52jI0+Jd2NPgO7iz7TTIs+jpGMPjVLiz5jyI0+T36NPoOtij7WNoo+ayuKPv+4
ij4oyos+Fl6LPglxjD5Au4o+h96LPoUPiz58tos+uQ+LPnlCij4wy4k+SwKKPsV2ij4BWoo+
vfyJPhwYiD65wIs+2qiLPu2BiT7nzYo+KIiKPkM4iD5F4YY+3Y+IPkyOiD4xuIk++JmJPpSW
iD5gKYk+dN+IPi0lhz6ieIk+ClCKPlPYiT56h4g+IKSHPm43iD6U6og+rI6IPrrqhz7Fcog+
AcaIPgXliD4Kb4g+6m6JPsIEij4WDIc+S5uGPmNRhj4dQYY+rxiHPj/xhj70HIc+2N2HPsMR
hj7vr4U+hXWGPhyvhj7wsYQ+B42HPgZFhz4aHIg+TJSHPo62hj5Jf4U+3Z+HPiUuhj477YY+
NYOGPvwyhj6RKYY+ZoGIPrWigz6UHYY+jRiEPq3Thj6L1YU+ltWEPrY+hD6ut4U+3IeHPj1Q
hD6f0II+FgqHPoeOgz6gQoQ+s9mEPt+shD6Q0oQ+VK2EPoTchT7VY4M+WamDPsAAhD7MnIY+
x9ODPmYvgz42A4U+</AssayYData></Step><Step><CommonData><SampleLocation>10</SampleLocation><SampleID></SampleID><SampleGroup></SampleGroup><SampleInfo></SampleInfo><SampleRow>D</SampleRow><SamplePlate>1</SamplePlate><WellType>BUFFER</WellType><Concentration>-1</Concentration><ConcentrationUnits>µg/ml</ConcentrationUnits><MolarConcentration>-1</MolarConcentration><MolarConcUnits>nM</MolarConcUnits><MolecularWeight>-1</MolecularWeight><Temperature>30</Temperature><StartTime>1351122</StartTime><AssayTime>20</AssayTime></CommonData><FlowRate>1000</FlowRate><StepType>BASELINE</StepType><StepName>Baseline 20</StepName><StepStatus>OK</StepStatus><ActualTime>19.999</ActualTime><CycleTime>0.2</CycleTime><AssayXData Points="100">AwD6Q50Z+kMVM/pDr0z6Q2lm+kPif/pDnZn6QxWz+kPQzPpDaeb6QwMA+0OdGftDNjP7Q69M
+0NJZvtDA4D7Q52Z+0MVs/tD0Mz7Q0nm+0MDAPxDfBn8QzYz/EOvTPxDSWb8QwOA/EOdmfxD
FbP8Q9DM/ENp5vxDAwD9Q50Z/UMVM/1Dr0z9Q2lm/UPif/1DnZn9QxWz/UPQzP1DSeb9Q+L/
/UOdGf5DNjP+Q69M/kNpZv5D4n/+Q52Z/kMVs/5Dr8z+Q2nm/kMDAP9DnRn/QxUz/0OvTP9D
aWb/Q+J//0Odmf9DFbP/Q6/M/0NJ5v9DAgAARL4MAESLGQBEWCYARDUzAETxPwBEvkwARItZ
AERYZgBEJHMARPF/AETOjABEm5kARFimAEQkswBEAsAARL7MAESL2QBEWOYARDXzAEQCAAFE
zgwBRIsZAURYJgFEJDMBRPE/AUS+TAFEi1kBRFhmAUQkcwFE8X8BRL6MAUSLmQFEaKYBRCSz
AUTxvwFEvswBRIvZAURY5gFEJPMBRA==</AssayXData><AssayYData Points="100">rBCxPZ/U8Dx2UqY6HjYpvLpmh7xBppG8Qa4uvAH4hbzGpkS8KGsFvFgO9btQZba7EmwlvGGf
+LsNn0a7ZsDJuzVXV7sgqbK7Z6oHOwp/aLsffce6fsWAOnltc7r8s9W5AwR4Opn+l7rUvME7
2SIuOi2UNzurt8c7ueaiOyc9DztCJrY7RfBlO4rzuzvin7c7zuPXO+eu8juQXuk70ESXO550
4zv131I7MGiyO2gPGjyfsP07yn9HPMyVnDu7b4478TEePClX3zsiKy48sv73OxhqIDwoXy88
gyRUPI1d2TtnCjQ8bdNAPEdLJTwjQD48ff8vPFPFKzzW7C48qP5UPPRuTDwxjl48CbUUPC9m
UDzjP3g8OlE5PI6LTTwxTi484vJTPB6wbzzDpiU8I9sXPOYoVzzIXkw8dWV5PBZRhjzmVo08
gz6QPCA6UDw/D1I85KJGPMW9jTzNhIg80zKZPAsCQzxQpEM8uBRxPNMuKDx7LYI8P5pJPKgM
eTw3Y1M8B7l3PDjxhTxqTYc8FauMPA==</AssayYData></Step><Step><CommonData><SampleLocation>11</SampleLocation><SampleID></SampleID><SampleGroup></SampleGroup><SampleInfo></SampleInfo><SampleRow>D</SampleRow><SamplePlate>1</SamplePlate><WellType>KSAMPLE</WellType><Concentration>-1</Concentration><ConcentrationUnits>µg/ml</ConcentrationUnits><MolarConcentration>-1</MolarConcentration><MolarConcUnits>nM</MolarConcUnits><MolecularWeight>-1</MolecularWeight><Temperature>30</Temperature><StartTime>1382061</StartTime><AssayTime>120</AssayTime></CommonData><FlowRate>1000</FlowRate><StepType>ASSOC</StepType><StepName>Association</StepName><StepStatus>OK</StepStatus><ActualTime>119.999</ActualTime><CycleTime>0.2</CycleTime><AssayXData Points="600">8f8BRL4MAkQuGgJERyYCRCQzAkTxPwJErUwCRHpZAkRHZgJEJHMCROF/AkStjAJEepkCREem
AkQUswJEZMACRL7MAkR62QJER+YCRBTzAkTx/wJErQwDRHoZA0RHJgNEJDMDROE/A0StTANE
i1kDREdmA0QkcwNE4X8DRK2MA0SLmQNEV6YDRBSzA0ThvwNErcwDRHrZA0RH5gNEFPMDROH/
A0StDAREehkEREcmBEQUMwRE4T8ERK1MBESLWQRER2YERCRzBETxfwREvowERKuZBERXpgRE
2LMERPG/BES+zAREi9kERFfmBEQk8wRE8f8ERL4MBUR6GQVEVyYFRCQzBUTxPwVEvkwFRItZ
BURXZgVEFHMFRAGABUS+jAVEgJoFRFemBUQkswVE8b8FRL7MBUSL2QVER+YFRCTzBUTGAAZE
rQwGRIsZBkRXJgZEJDMGRPE/BkS+TAZEi1kGREdmBkQkcwZE8X8GRL6MBkR6mQZEqaYGRBSz
BkThvwZEvswGRIvZBkRX5gZEJPMGRPH/BkS+DAdEixkHRFcmB0QkMwdE8T8HRGJNB0R6WQdE
R2YHRCRzB0TxfwdEco0HRHqZB0RHpgdERbMHROG/B0StzAdEi9kHREfmB0Q18wdE8f8HRL4M
CESLGQhEVyYIRCQzCEThPwhErUwIRJtZCERHZghEFHMIROF/CEStjAhE3ZkIREemCEQUswhE
4b8IRL7MCESL2QhEV+YIRCTzCESEAAlErQwJRHoZCURXJglEFDMJRPE/CUStTAlEelkJREdm
CUQUcwlElYAJRK2MCUR6mQlEqaYJRBSzCUThvwlErcwJRHrZCURX5glEFPMJROH/CUStDApE
ehkKREcmCkQUMwpE4T8KRK1MCkR6WQpER2YKRBRzCkThfwpErYwKRHqZCkRHpgpEFLMKROG/
CkStzApEi9kKREfmCkQk8wpE4f8KRK0MC0R6GQtEHCcLRBQzC0TxPwtEvkwLRHpZC0RHZgtE
JHMLRPF/C0S+jAtEvJkLRFemC0QkswtE8b8LRL7MC0SL2QtEV+YLRCTzC0Tx/wtEvgwMRIsZ
DERXJgxEJDMMRPE/DES+TAxEi1kMRFdmDEQUcwxE8X8MRL6MDESLmQxEV6YMRCSzDETxvwxE
vswMRIvZDERX5gxEJPMMRPH/DES+DA1EixkNRFcmDUQkMw1E8T8NRL5MDUSLWQ1EDGcNRBRz
DUTxfw1EvowNRIuZDURXpg1EJLMNROG/DUS+zA1Ei9kNRFfmDUQU8w1E4f8NRL4MDkSLGQ5E
VyYORCQzDkTxPw5EvkwORItZDkRXZg5EFHMORPF/DkStjA5Em5kOREemDkQksw5E8b8ORL7M
DkSL2Q5EV+YORCTzDkTx/w5ErQwPRHoZD0RXJg9EFDMPRPE/D0StTA9EelkPREdmD0QUcw9E
4X8PRL6MD0SLmQ9ER6YPRBSzD0Txvw9ErcwPRHrZD0RH5g9EFPMPROH/D0StDBBEehkQRHgm
EEQkMxBE8T8QRK1MEER6WRBER2YQRBRzEEThfxBErYwQRIuZEERHphBEFLMQROG/EEStzBBE
i9kQREfmEEQU8xBE4f8QRK0MEUR6GRFERyYRRBQzEUThPxFErUwRRHpZEURHZhFEJHMRROF/
EUStjBFEepkRREemEUQUsxFE4b8RRL7MEUR62RFEV+YRRBTzEUTh/xFErQwSRHoZEkRHJhJE
JDMSROE/EkStTBJE/VkSRFdmEkQUcxJE4X8SRK2MEkSbmRJEV6YSRCSzEkTxvxJEvswSRIvZ
EkRX5hJEJPMSRBIAE0S+DBNEixkTRFcmE0TYMxNE8T8TRL5ME0SLWRNEV2YTRCRzE0TxfxNE
vowTRIuZE0RXphNEJLMTRITAE0S+zBNEi9kTRFfmE0Qk8xNE8f8TRL4MFESLGRRERyYURCQz
FETxPxRE/0wURItZFERXZhREJHMURPF/FES+jBREepkURFemFEQksxRE8b8URK3MFESL2RRE
R+YURCTzFETx/xRErQwVRIsZFURHJhVE3zQVRPE/FUS+TBVEelkVRFdmFUQkcxVE4X8VRK2M
FUSLmRVEV6YVRBSzFUTxvxVEvswVRKvZFURX5hVEFPMVROH/FUStDBZEixkWRFcmFkQkMxZE
Q0AWRK1MFkR6WRZER2YWRBRzFkThfxZErYwWRHqZFkTaphZEFLMWROG/FkStzBZEi9kWREfm
FkQk8xZE8f8WRK0MF0R6GRdERyYXRCQzF0ThPxdErUwXRItZF0RHZhdEFHMXROF/F0StjBdE
epkXREemF0QUsxdE8b8XRL7MF0R62RdEV+YXRBTzF0Tx/xdErQwYRHoZGERHJhhEjTQYROE/
GEStTBhEelkYRFdmGERVcxhE4X8YRK2MGER6mRhER6YYRBSzGEThvxhErcwYRC7aGERH5hhE
FPMYROH/GEStDBlEehkZREcmGUQkMxlE4T8ZRK1MGUSLWRlER2YZRCRzGUTxfxlErYwZRIuZ
GURXphlEJLMZRPG/GUS+zBlEi9kZRFfmGUQk8xlE8f8ZRL4MGkSLGRpE8ScaRCQzGkTxPxpE
vkwaRItZGkRXZhpEJHMaRPF/GkS+jBpEi5kaRFemGkQksxpE8b8aRL7MGkSL2RpEV+YaRCTz
GkTx/xpEvgwbRIsZG0RXJhtEJDMbRPE/G0S+TBtEi1kbREdmG0RFcxtE8X8bRL6MG0SLmRtE
V6YbRCSzG0TxvxtEvswbRIvZG0RX5htEFPMbROH/G0S+DBxEDhocRFcmHEQUMxxE8T8cRK1M
HER6WRxEV2YcRCRzHETxfxxEvowcRIuZHERXphxEJLMcROG/HES+zBxEi9kcREfmHEQU8xxE
ZAAdRL4MHUR6GR1EVyYdRI00HUTxPx1EvkwdRHpZHUSpZh1EFHMdRGCCHUSPjx1Em5kdREem
HUQksx1E8b8dRK3MHUSL2R1ER+YdRCTzHUTx/x1ErQweRHoZHkRHJh5EFDMeROE/HkStTB5E
elkeREdmHkQUcx5E4X8eRK2MHkSLmR5ER6YeRBSzHkThvx5EvsweRHrZHkRH5h5Ep/MeRPH/
HkStDB9EixkfREcmH0QUMx9E4T8fRK1MH0R6WR9ER2YfRCRzH0Thfx9ErYwfRHqZH0RHph9E
FLMfRHTAH0StzB9Ei9kfREfmH0QU8x9E</AssayXData><AssayYData Points="600">pf0rPk4gWj6H+HE+hR+DPnKuhT70KYs+6EuNPvPljT5mLpI+JT6UPsjykD7N1JI+pXqTPvuH
lj6v/5Y+HbiYPmEEmj5XaJo+T5ubPhPbnD7Pp54+p5qbPhhfnj7ZYqA+nuafPsCKoj4Jsp8+
XWSiPnGHoj48mqM+LxujPlJ3oz477KQ+dsenPrLjpj4f/aY+F7ioPmvhqT4Upac+z1yqPo6W
qT5GDqs+EBSrPrm9rD6IQq0+f6yqPoewrD50t6w+gHetPh5yrT4N7q4+ddavPj42sD4NK7E+
VXOuPmYUsT5zUK8+Qg+zPmJwsj7libI+GEyyPn3fsT7OMLU+N1yyPs56sj5h2rM+hZK1PqMM
tT6tv7M+YtOzPoh2tT5VQrU+Op23PmDttz6YPbU+omG2Pmwytj4+krY+7He4PhJmtz7Zfbg+
E8C5PmrWuD6Iq7g+s8y4PvJruT446ro+DHO6Po6Fuj6Akbs+g9m6PlWFuj4phrs+oZG5Prcv
vD4Zm7s+Swq9PiMSvT7NiLw+3H29Prr+uz5hFL0+30i+PrSFuz59a70+9l6+PoTvvj66pL4+
qOq7PhXwvD709r8+MQvAPr4Nvj5HuL8+/J7BPicdwj7yi8A+mzW/Pgc8wD6Zb8E+DajAPqZG
wD5LKL8+rV+/PpahwD7/XcE+a0XAPnzjwD71mME+xQjBPrxkwT7T+ME+xLLBPjMXxD76hsI+
nQ7CPlAVwj5Yr8Q+/S3CPmwuxD6YCcY+9AjDPjo2wz5M2sU+8CLEPqRNxT44/MM+C9TEPojw
wz5QbMU+uYvEPjHuxT7xmMQ+VtbFPn/mxD6eN8U+iMbFPp3Rxj5Eb8U+EEvHPvTaxj4l6sc+
FtzFPnbsxj7m/cM+kavGPu3YxD6578Y+PWrIPkhFxT4GcMY+ZnzHPhuKxj5k8cc+36XIPjWz
xz5b2sY+iRvIPi37yD6rYck+KKrIPrLTyT6UPsg+k+rIPnhEyT5sCco+Ty3KPtKSyD5z78g+
6BPJPlImyT76Aco+xEnJPlGjyj5ojMk+DkPKPtbuyD5T/Mo+cObLPsDzyj7xAMs+koPKPngB
yj7kOsw+zcPKPgBsyj7/Vsw+zQPMPt94yz6vUcw+3+DNPpRPyz4Ao8s+CXbLPhmcyz4SX80+
6EfLPrvAyj7To8s+b2DLPny6zT5gK8w+VSvLPnVMzT5mTs0+Gz3OPq4szD6PH8o+ksfNPjox
yz7dR8s+Gu/NPucBzD4UsMs+jHnMPsJ8zD5kccw+XgHOPvt+zj5O0c0+1nfMPiy1zT67cs4+
p+nMPvZTyz5uuc4+g5DOPohFzT4cl8w+tpDOPlK8zj61Tc4+qETQPpEnzj4mDs0+0/7PPlWk
zj7EC84+HATPPglSzz52Is4+3CbNPmaUzz5QJ88+AcfQPgozzz6ZFc8+cJLPPmjPzz70Ps8+
yWzPPrSpzz4Ol88+VGDPPrSPzz5yC88+jOzPPr2e0D603M0+GVTPPq+tzz52x9A+BkPPPrmS
zz7GVNE+CW/RPsKczz4A7M8+M6PRPvg4zz64F9A+NeDQPnv/0D63/c8+Wz7PPjQi0T5BWM8+
P53QPrhMzz6Lo9A+onnSPm/B0D7XGtA+GlHTPow60T4J+tA+LSDRPv810j5kydE+s/DQPvUS
0T55mNA+jaPUPhN/0T7zrtE+PrnUPone0z4aEdM+4y7RPhnI0j5nftE+Jr/SPgtl0j60f9I+
PaHQPogu0z4p5tE+kuPSPpiv0D7ufdI+bcfUPr/w0j6jntI+yMXUPoYM0j7X6tA+v0TTPi4X
0j5PJtQ+/PbTPibh0T505dM+5kbWPrIz1j6uXNI+66vSPh1f0z456tM+Jz3VPt2O0z635dI+
TDTSPsb60j6YPtM+YuzUPsx80z4pytM+oUTSPgMU1D4tQNQ+bzrSPjKm1T5yMNY+OY7UPl/j
0T5YNNQ++67VPtoV1T7YXNY+pDTSPp7s0z7NA9Y+ujvUPiJ21T6CTtU+l5HWPucs1T7OAtI+
BVbVPlGX1D754tY+Wk/VPond0z47mtY+XjrTPghW1T4ELNY+CnrVPjBa1D7b3NM+DRjUPqfC
1T6uu9M+9erTPrAg1j47RtU+8rPUPsyY1j7MuNU+owzXPoFu1j4CktQ+WBbVPiXF0z4DS9Y+
GmnWPn2M1j5b2NQ+plfUPjP/1j4vLtc+75zTPrZf1D6P2dM+2uLYPqFO1j4D89U+XZ3UPvC+
1j6m1NY+8KzWPtW71z40yNY+GUPWPs3J1j6O2dI+kKPWPllC1j7vONc+e9TYPkpz1D7MxNU+
VZnVPtro1T7cNtU+tnjXPozc2D612dY+ljfYPjwo1z6wmNY+533XPv6m1T7dtNc+y0DWPuHT
1T6L0dY+z2LWPpfa1z4oDtg+NTLYPtcJ1z5VWtg+fD3XPuGc2T6dpNc+/+rVPsUe2T5QiNg+
3DvYPjo12T4wbNg+fzjYPr2U2D7vWtg+YHnYPrVW2D50Atc+KqPZPsnC1T6Yhtg+bKbYPuPq
2D70vNY+OBDZPu8N2D4+F9g+BcTZPnoO2T6bXNc+8QnaPmTO1z6hg9c+jdvXPg742T6C0dg+
E9fXPgqG2D4u/9g+EC/aPgwL1z5AJtk+x/LWPqWi1z6U0dc+tdfYPhmp2T4rA9Y+ayjaPg1f
2T7X+9k+ch7YPrIe2j5Vdto+127ZPhBb1z7019g+kKraPso72T5RdNg+gAXZPrJN2z7WT9g+
zbHZPsH02T46L9g+pkDaPgBt2z7Y+9g+2B7aPkUq2j70Odo+G+nZPgUO3D5Xfdk+piHaPk92
2j7V5tg+QgzcPg5G2z4e3ds+Ku3ZPg4a2j5jW9g+7t/aPhjp2j4KK9o+fTDaPth22T6w1tg+
SNrZPruc2T7J+ts+DjfYPoWB2D6VSds+WsDbPi443D7MOdo+HojbPlPU2j4lQdw+88jbPtum
2z4s69o+ufraPkiv2j6yMto+AXzcPtrS2j7a4Nk+xlHdPrCO2z5+59k+KHvZPiuq2z5S/do+
8vTbPqw43D7oTN0+Q33bPrRe3D5m8Ns+JITbPim12z4Jfdw+RJPaPgeX2z7keds+soHbPvmc
3D4Jdd0+QATdPl/x2j5jPNs+nPXaPoVR3D5v4ds+OEPcPgVn3T5DWdw+3CrbPr/D2j4RJt4+
lxrcPhCD3j4UCds+3wnePhfj3D5wBN4+</AssayYData></Step></KineticsData></ExperimentResults>
