<?xml version="1.0" encoding="UTF-8" standalone="yes"?>
<ExperimentResults><ExperimentInfo Name="20251008 UPFB0001"><ExpDescription>AHC example method - full characterization&#13;
Analyte titration series with reference channel</ExpDescription><RTDVersion>2.0</RTDVersion><RunID>44513BEA-5865-4B65-BE64-68D265EFB71C</RunID><ExperimentType>KINETICS</ExperimentType><ExperimentSubType>KBASIC</ExperimentSubType><StartDateTime>2025-10-08T15:26:04</StartDateTime><MachineName>BN7KX12</MachineName><UserName>octet</UserName><LotNumber></LotNumber><PlateName>251008</PlateName><PlateName2></PlateName2><SensorName>E2</SensorName><SensorPlate>1</SensorPlate><SensorType>AHC (Anti-hIgG Fc Capture)</SensorType><SensorRole>LIGAND</SensorRole><SensorInfo></SensorInfo><WritingSW>DataAcquisition.exe 11.0.2.1</WritingSW><InstrumentType>OctetRED96</InstrumentType><InstrumentSerial>FB-50284</InstrumentSerial><InstrumentFW></InstrumentFW><IntegrationTime>3.3</IntegrationTime><DSPType>CPF</DSPType><DSPStitching>1</DSPStitching><HasManifest>1</HasManifest><InfoHash>-1324819486</InfoHash></ExperimentInfo><AssayParamsInfo/><KineticsData><Step><CommonData><SampleLocation>1</SampleLocation><SampleID>Running Buffer</SampleID><SampleGroup></SampleGroup><SampleInfo></SampleInfo><SampleRow>E</SampleRow><SamplePlate>1</SamplePlate><WellType>BUFFER</WellType><Concentration>-1</Concentration><ConcentrationUnits>µg/ml</ConcentrationUnits><MolarConcentration>-1</MolarConcentration><MolarConcUnits>nM</MolarConcUnits><MolecularWeight>-1</MolecularWeight><Temperature>30</Temperature><StartTime>612973</StartTime><AssayTime>180</AssayTime></CommonData><FlowRate>1000</FlowRate><StepType>BASELINE</StepType><StepName>Baseline 1</StepName><StepStatus>OK</StepStatus><ActualTime>179.999</ActualTime><CycleTime>0.2</CycleTime><AssayXData Points="900">AAAAAM3MTD7NzMw+mpkZP0SLTD8AAIA/mpmZP28Ssz8IrMw/okXmP05iAEDNzAxAN4kZQARW
JkAzMzNAAABAQGq8TECamVlAyXZmQDMzc0Ce739ANV6GQM3MjEACK5NAmpmZQM/3n0BmZqZA
nMSsQDMzs0BokblAAADAQDVexkCcxMxAMzPTQJqZ2UAAAOBAmG7mQJzE7EACK/NAmpn5QM/3
/0AzMwNBZmYGQYGVCUG0yAxB5/sPQRsvE0FOYhZBmpkZQc3MHEEAACBBGy8jQU5iJkGamSlB
tMgsQef7L0EbLzNBTmI2QYGVOUG0yDxB5/s/QRsvQ0GNl0ZBgZVJQbTITEHn+09BMzNTQU5i
VkGBlVlBtMhcQQAAYEEbL2NBTmJmQYGVaUG0yGxBGQRwQRsvc0FOYnZBgZV5QbTIfEHn+39B
ppuBQScxg0HByoRBWmSGQfT9h0GamYlBMzOLQeXQjEFmZo5BAACQQZqZkUEzM5NBzcyUQWZm
lkEAAJhBppuZQTMzm0HNzJxBZmaeQQAAoEEtsqFBMzOjQc3MpEFmZqZBAACoQZqZqUEzM6tB
zcysQWZmrkEAALBBmpmxQTMzs0HNzLRBi2y2QfT9t0GamblBMzO7Qc3MvEFmZr5BAADAQZqZ
wUFkO8NBwcrEQVpkxkEAAMhBmpnJQTMzy0HNzMxBZmbOQQAA0EGamdFBJzHTQc3M1EFmZtZB
AADYQZqZ2UEzM9tBzczcQVpk3kGHFuBBmpnhQTMz40HByuRBZmbmQQAA6EGamelBJzHrQdnO
7EFmZu5BAADwQY2X8UEzM/NBzcz0QWZm9kH0/fdBjZf5QTMz+0HByvxBZmb+QfT9/0HHywBC
mpkBQmBlAkIzMwNC+v4DQtPNBEKTmAVCYGUGQjMzB0IAAAhCzcwIQpOYCUJmZgpCLTILQvr+
C0LHywxCk5gNQmBlDkJ3Pg9CAAAQQsfLEEKamRFCkW0SQi0yE0L6/hNCx8sUQpqZFUJgZRZC
MzMXQvr+F0J/6hhCrJwZQmBlGkItMhtC+v4bQsfLHEKTmB1CYGUeQi0yH0IAACBCx8sgQpOY
IUJgZSJCLTIjQvr+I0LHyyRCmpklQmZmJkI5NCdC+v4nQsfLKEKTmClCYGUqQi0yK0L6/itC
x8ssQpOYLUKqcS5CLTIvQvr+L0LHyzBCk5gxQmBlMkIzMzNC+v4zQsfLNEKamTVCZmY2QjMz
N0IAADhCzcw4QpqZOUJmZjpCMzM7QgAAPELNzDxCmpk9QmZmPkIzMz9C+v4/Qs3MQEKamUFC
ZmZCQjMzQ0IAAERCzcxEQpqZRUJmZkZCMzNHQgAASELNzEhCmplJQmBlSkIzM0tCAABMQs3M
TEKTmE1CZmZOQjMzT0IAAFBCx8tQQpOYUUJmZlJCMzNTQvr+U0LHy1RCmplVQmZmVkIzM1dC
+v5XQs3MWEKamVlCZmZaQi0yW0IAAFxCzcxcQpqZXUJmZl5CMzNfQgAAYELZzmBCmplhQmBl
YkItMmNCAABkQs3MZEKTmGVCZmZmQjMzZ0IAAGhCzcxoQrieaUJgZWpCMzNrQvr+a0LHy2xC
mpltQmZmbkItMm9C+v5vQsfLcEKTmHFCYGVyQjMzc0IAAHRCx8t0QpqZdUJmZnZCTDd3QgAA
eELNzHhCmpl5QmZmekIzM3tC+v57Qs3MfEKamX1CYGV+Qi0yf0KDAIBC42WAQt/PgEIzM4FC
F5mBQn3/gULjZYJCzcyCQrAyg0IXmYNCjwKEQuNlhEJKzIRCMzOFQheZhUIAAIZCZmaGQkrM
hkKwModCF5mHQn3/h0JmZohCSsyIQjMziUKamYlCAACKQuNlikJKzIpCsDKLQheZi0IAAIxC
42WMQkrMjEKwMo1CF5mNQn3/jUJmZo5CzcyOQrAyj0IXmY9Cff+PQuNlkEJKzJBCsDKRQheZ
kUJ9/5FCZmaSQkrMkkIzM5NCmpmTQgAAlEJmZpRCzcyUQjMzlUK4npVCAACWQmZmlkLNzJZC
MzOXQpqZl0IAAJhCZmaYQs3MmEIzM5lCmpmZQgAAmkJmZppCVs6aQjMzm0KamZtCAACcQulm
nEJKzJxCMzOdQpqZnUIAAJ5CAmueQs3MnkIzM59CmpmfQoMAoELjZaBCzcygQjMzoUKamaFC
AACiQuNlokLNzKJCMzOjQheZo0IAAKRCf2qkQs3MpEJSOKVCF5mlQgAApkLjZaZCzcymQjMz
p0IXmadCff+nQuNlqELNzKhCsDKpQpqZqUJ9/6lCG2+qQs3MqkIzM6tCF5mrQn3/q0LjZaxC
SsysQjMzrUIdmq1CAACuQuNlrkLNzK5CsDKvQpqZr0IAALBCZmawQkrMsEKwMrFCmpmxQn3/
sUJmZrJCSsyyQjMzs0KambNCAAC0QuNltEJKzLRCsDK1QqCatUJ9/7VCZma2Qs3MtkKwMrdC
F5m3Qn3/t0LjZbhCzcy4QrAyuUKamblCAAC6QuNlukJKzLpCsDK7QheZu0J9/7tC42W8QkrM
vEKwMr1CF5m9Qn3/vULjZb5CSsy+QrAyv0IXmb9CAADAQuNlwELNzMBCsDLBQheZwUJ9/8FC
42XCQkrMwkKwMsNCF5nDQn3/w0KFa8RCzczEQjMzxUKamcVCff/FQuNlxkLNzMZCMzPHQheZ
x0IAAMhC42XIQkrMyEKwMslCppvJQn3/yULjZcpC2c7KQrAyy0KamctCAADMQmZmzELs0cxC
MzPNQpqZzUIAAM5CZmbOQs3MzkIzM89CmpnPQgAA0EJmZtBCzczQQjMz0UKamdFCAADSQmZm
0kLNzNJCMzPTQpqZ00IfBdRCZmbUQs3M1EIzM9VCmpnVQn3/1UJmZtZCzczWQjMz10KamddC
AADYQmZm2EJKzNhCMzPZQpqZ2UJ9/9lC42XaQs3M2kKwMttCmpnbQgAA3EJmZtxCzczcQjMz
3UKamd1CAADeQvZo3kLNzN5CsDLfQpqZ30J9/99C42XgQs3M4EIzM+FCmpnhQgAA4kJmZuJC
zcziQjMz40I1nuNCff/jQuNl5EJKzORCsDLlQheZ5UIAAOZCZmbmQuXQ5kKwMudCmpnnQgAA
6ELjZehCzczoQrAy6UIXmelCff/pQuNl6kJKzOpCsDLrQpqZ60J9/+tCZmbsQkrM7EKwMu1C
F5ntQoMA7kLjZe5CSszuQrAy70Kame9CAADwQuNl8ELNzPBCsDLxQheZ8UJ9//FCZmbyQkrM
8kLPN/NCF5nzQn3/80JmZvRCzcz0Qmo89UIXmfVCff/1QvBn9kLNzPZCsDL3QheZ90J9//dC
42X4Qs3M+EKwMvlCF5n5Qn3/+ULjZfpCSsz6QjMz+0IXmftCHwX8QuNl/EJKzPxCsDL9QheZ
/UJ9//1C42X+QkrM/kKwMv9Cmpn/Qn3//0IzMwBDJWYAQ1iZAEOLzABDvv8AQ/IyAUO0aAFD
mpkBQ4vMAUO+/wFD8jICQ3NoAkOamQJDzcwCQwAAA0MzMwNDZmYDQ5qZA0PNzANDAAAEQzMz
BENmZgRDmpkEQ83MBEMAAAVDMzMFQ2ZmBUOamQVDzcwFQwAABkMzMwZDZmYGQ5qZBkPNzAZD
AAAHQzMzB0NmZgdDmpkHQ83MB0MAAAhDMzMIQ2ZmCEOamQhDzcwIQwAACUMzMwlDZmYJQ1iZ
CUPNzAlDvv8JQzMzCkNmZgpDmpkKQ4vMCkMAAAtDMzMLQ2ZmC0OamQtDi8wLQwAADEPyMgxD
ZmYMQ5qZDEPNzAxDAAANQ/IyDUMlZg1DmpkNQ83MDUMAAA5D8jIOQyVmDkNYmQ5DzcwOQwAA
D0PyMg9DJWYPQ5qZD0PNzA9DAAAQQ/IyEENmZhBDmpkQQ83MEENCABFDMzMRQ2ZmEUOamRFD
zcwRQwAAEkPyMhJDJWYSQ5qZEkPTzRJDvv8SQzMzE0MlZhNDmpkTQ83ME0MAABRD8jIUQ2Zm
FENYmRRDi8wUQ77/FEPyMhVDZmYVQ1iZFUPNzBVDvv8VQ/IyFkMlZhZDWJkWQ4vMFkMAABdD
tjMXQyVmF0NYmRdDi8wXQ77/F0PyMhhDJWYYQ1iZGEOLzBhDvv8YQzMzGUMlZhlDWJkZQ83M
GUO+/xlD8jIaQ6hmGkNYmRpDi8waQ77/GkPyMhtDJWYbQ1iZG0OLzBtDvv8bQ/IyHENmZhxD
WJkcQ4vMHEO+/xxD8jIdQyVmHUOamR1DzcwdQwYBHkPyMh5DZmYeQ1iZHkPNzB5DAAAfQzMz
H0NmZh9DmpkfQ83MH0MAACBDMzMgQ2ZmIEPbmSBDzcwgQwAAIUMzMyFDZmYhQ5qZIUPNzCFD
AAAiQ/IyIkNmZiJDmpkiQ4vMIkO+/yJDMzMjQ2ZmI0OamSNDzcwjQwAAJEMzMyRDZmYkQ5qZ
JEPNzCRDAAAlQzMzJUNmZiVDmpklQ83MJUMAACZDMzMmQ2ZmJkNYmSZDUM0mQwAAJ0MzMydD
ZmYnQ5qZJ0PNzCdDvv8nQzMzKENmZihDmpkoQ83MKEMAAClDMzMpQyVmKUOamSlDzcwpQ77/
KUMzMypDZmYqQx2aKkPNzCpDywErQzMzK0MlZitDmpkrQ83MK0MAACxD8jIsQ2ZmLENYmSxD
zcwsQ77/LEMzMy1DZmYtQ6CaLUOLzC1Dvv8tQzMzLkMlZi5DmpkuQ4vMLkMAAC9DMzMvQ2Zm
L0NYmS9Di8wvQwAAMEN7NDBDJWYwQ1iZMEOLzDBDvv8wQ/IyMUNmZjFDWJkxQ83MMUO+/zFD
MzMyQyVmMkNYmTJDkc0yQ77/MkMzMzNDJWYzQ5qZM0OLzDND</AssayXData><AssayYData Points="900">AAAAADaIhDuwxQw7lcqLOaMS9Dq3LX87eeGlO0TqfDtRy6E7THX7O1zQiztHKYs7aPOvO+0x
ejuO69I7ruXgO++KvzvJGbw7N+APPEShATyfRcI7DtXvO3qWJTw+16I7S7atOwRdCDxxEX87
dZPGOwtj1DsnRZM7dGMaPPICAzwZh+M78zYhPNzO/TuJ6u47HFe5O4SBDjwgtRU8e8AOPE51
vDt4Xu87Pg4BPGHHHDwzNxE8ni5HPM+12jvgpAw8vtcNPPanKzzs3dQ7oGLTO1nEEzwzSvA7
3MTvO+k5yDvXnwY8bVQTPBzj1TsUpQ88VzcOPA/aKDxbbBM8n/UlPCT/8DunJ9o7RJFDPBS4
zjvi2+I7aG/sOx3VtTvnzR88AQsBPBQSITzHoGo84IDJO2B5HjxgZjg8vW4YPGUnIjz1QxQ8
Ntr9O+y2RjyrF8c7ZUsePLzvHDxzuio8rPlWPKHBODyiGi48MHxPPAlVHDy1Rmc8Gin7O1OS
GDw3PyY8CA0WPBaFIzwCJDI8hecLPD8j7TsluhY8KPo2POPbyjsxH1U8EZcOPAcZDjwOxg08
OlXjO2SAYzzzvu87e00wPFR7CjxYqkk8FUECPN/0NzwxKho8ujY6PDcxKjxwuzc84Us1PCu4
FTxU1CM86FLNO582WjyJTSA8FmsUPLyQ+TtYzzY8jB5FPNmRLjyvJww8D4c0PIHcBjyUlQQ8
GzkbPHw+PTx+dyU8ktIVPLkxNTzrTkc8tnW4OxlbKTyC+EY8aCNAPK/18Ts9Ry88SUoDPK1b
Ujxhbig81JTdO2gjKzw8ako8MlwCPNP/aTxadTA8N9cUPIf//zsT+QU8FuowPM3RIjwdCz08
B8k8PPfwCTzGXvY7QfsePDr4OjxyCBs8QqMqPP8/Pjw01yQ8pRgsPHlCBTzGRyE8P5rlO13H
KzwUq0k8s3gTPNgDRTwprQ48eQo1PNB28zu4CCY8CMYAPNEtFzxGwhs89s5MPCHDNTyNHC88
oJ4VPPnDNTzDADw8nl0mPO4Iejy4TeM7oONNPKeJDjwnDfA7OK4+PKVKQzy6jyY8i68wPFVG
KDzryEs8FTjsOyNmJzzeLDE8KHMIPLsuGzzxUzA8rMNCPB3mXzxqZBU8HxUkPH6TJTxVukY8
F1omPD8f3DubwTs8aOMyPDAF9jubeUw8F5RaPH00KjwwQx08z+BMPMb8JTwVogM8qHKdO5Qx
PTzssWA8/zEbPBpOMjwPbkw8IfZRPL3DBzzby008pPhjPN9dLTx/0kM8rQAlPC/T2ztzYRs8
3UUvPFbuFjw07jA8gKVEPB6NSzwQwHk8GSdJPIYAFjxC0zc8xFBIPB7tQjy0gig8j8FcPPkJ
XjwOIHE8sy5LPLFRRjxe9k88SFNAPIXCOzwchBU8OB5IPGyhFTyD9Dg8D2tvPPCBJDwdtU48
Nc1+PEn/MjwmjR08rX0vPIpkQTyJLDQ8LaUzPAAVLzzmIkY88ospPFIYLjyeYzk8WaRMPMUP
WzwDWGg8Q9IvPHnKXTyXpy48uy09PJh0PTxHchc8C+M+PK4qNTwpNz08uhsvPJwXHDwbcBk8
S0cyPHdgfjyLBko8//M9PADQRjw2zEw8LYKAPNsBYzwWjC08N95oPBVNCjy8hk88PEQyPG1I
Wjy74xQ8es9APNOuJTxkjTI8+aFPPIwfTTxRK0Q85ppePKqFKjyxqT88s8Z3PEf1VDxZdS48
JiJPPAsoTDw7NdY7Q1RHPPSjIjxG6B08yjkNPKffXjx7WUk8YxF5PAkLPDyt2ns88iFkPOsj
azxA8B08OopqPOqLLzxMdDY8KioTPO/Qgjzu8kk8PN9SPAPpWDw0ZYI8Ap9ZPJ8lXDwhQT88
aCxPPD5JYzwn7mo8hhdwPE/FKjyT8k08Uz1IPNfJRTw+tG08bH9GPNcThDw40Tc8QUFzPK2a
cjwmo188RVxePMm0MzyOvoA8cqE6PMWFKjx7XII8AnEtPJxgbDwAcXQ8Az5BPD+9RTyIoDI8
PSNJPFbfLzxLcFY8vlhqPDuaPDxgbFw8/DlAPAOaZDwk5R88YlFuPIq/YjxOqGk8Pn54PMcb
WDw7dno8+0E7PBotJTyiqFs8HWqAPHs3aDy5oTo8DxkDPOU7kDzkYC08TGxTPP7GMjzQVD88
aPF5PFa5OzzQa2Q8iQZkPEsMfDyznTQ8vCgwPGcpdTwLRVc8Up9OPLOvXzxNBz084OhNPMLW
UTyYGxs8U2JPPMz/TDxOYyU8889QPDdnZDzv3nY8lPNVPHIWazxEwTc8nk9OPOkfWTwv3UI8
8FR9PO/mKDxGzTM8UipdPKUvZTwKFHE8MI8vPH9fSTxrGWY8LT2APBE/KzxdqSw8q01GPFKQ
dzysCys8NTArPNjmaDy8u1A8+owwPBRnSzz6n2c8rRxIPOWdOjznEnI8nHRePFUCPTzHuRw8
mv5aPJTlPDx3y1E8+7xuPJc5NjwirUA8FuRvPOGjSzxHWWA8uTscPFIfazx8b2A8VCUtPGrN
MTzKjWM8p/5APEWbOzxz8kI8e30+PGEwMzwX4FU8cZM5PJL2TjzaQ148rIqCPA6/PjzFTGw8
p5VgPP9ZhDypvlo8VGI0PEKRhDwF1288oScrPOomVjy8plw8wjJSPOmvUDxzSl08Jcx3PF9K
gjxWK2o8jXNXPGR1UDw4gTw8upVfPLLDhTwLw1Y8vHs9PNV5KjzDEVo8mMQlPBIQTjz+hRY8
aypfPLLVaTzNqjY84e6BPDs7NDxviG48+3tlPH8STTwYiDo87WhmPBqhUDyok1A8w4c/PDqx
XDysxwU85quFPPvzhTxPOoI8ri11PKnqTTza+GY8OBKQPDSIRTyJA2M8MV4wPF2YMzxwz0Q8
40pgPCm9RjyP7kk8t5FVPLHXdTz32m88rO6MPJyOMzw5VEk8Y0tKPK9oaTzsGiw8+dpLPEbJ
WDwboTw8BFpYPLDYbTyODUA8yjhwPPjscDzyl2s8KjBQPNOPVzy5E0k8WoZZPMWebjy/p1E8
wAUvPHuTdzybC4M8EmaIPJrZRzzRUlU8HTw6PIUbgjyhloM8MPCDPJKfYDyCaFA87riFPFj6
cTx+coA8Y8g3PF3PjDw5a1w8tD5DPOtyLzxYwCc8LglYPAk6YTwRHlk8/jBgPHsQiDwxIy48
jTYWPDZrajwBHoI8R550PM7mTjxgbkE86jtUPFq8Fzyi0mk8P+Y4PHCzgDxYpHM8YkQyPFCY
Mjza61M8a+UkPGHQJDxo3VE8FF1CPOjKhTyKzVs8SEcpPGqTLzyXkXc8ORV8PNFbZzy+UXw8
Vk1wPHYgbDwm12U8o/NhPIKAMzymGEA8+B47PMeFajw8sHg8jEQ6PL2hWjwbTmQ8/Y5JPKGs
QDwaDHI80PV3PA5TPzwC+j48okZcPBhMTjxQRFg85hBEPGf1STwwdjU8xvdYPBlHczyiUDA8
4SsUPLTcZjyULWU8Iw9WPORwhzyFX2A8TT1EPL3SWjx0A1c8h6w4PHKxITwSSGg8+32BPMI4
WDw5dgc8W5ZbPMrgAjxo/mI8VyV8POm9Wjx1OmM8/TI4PNHHUTxB/DQ8F+dvPLufXzzABWA8
WC5OPE9aVjzkLmk8DMB7PPPnZjySbU08Gp5QPO+zSjz7Z3A8GrZLPOnRQzzdMYI8lthRPPDj
PjxBRyA8brZ1PGiKRzzJEGk8eoVGPNPXLzwbvzU8expCPBZcPjxUuiw82bI+PJijYDxxxzo8
K/hWPL+XVzw10Gw8lJ0sPL3HUjxmJDk8oZ8zPNsVaDwqLyI8P0g6PK+6RDxpn188pFYuPKgw
SDxoY1I8yGgbPHumNTyt9GM8FMl4PFc7ZzyWG2Y8VlRfPDMAZjzlJG08zzU2PKkTTjxqlDk8
y5VDPDBKYDxbe2g8ifolPMX7QjypdV48NylEPADVaTzmOWU8RBxSPPvN/zvsc0Q85jR9PFWp
czwvbFY8sHtkPCzu8zs3o2s8sHiJPOxhYzxeYEE8QuNIPOCFFzzyJTQ87+M7PCqpdjwDyRE8
MeF+PLHVZjwT7SM8ktBCPNpjkjyg3Hs8ChV4PGzvGjz15V88MhM0PEymaDwiPl88JOEpPHBW
Hjxl6Cw8IfFCPFR8VjxWQTs8w/s3PM6sUDwifVk8za54PLO0cDyPWVk82+hLPDLxXzxy6xY8
g5ohPIJVTzy1vS88GBJkPP5laTy6HGA88qeAPB2ZSTy6w0Q8j8tCPNoRbzzC8o88+qhUPFVx
YDz/FEc8YW9dPEwWHjxjTHA8R1EqPHpnUTz/q1Q8OgY9PH9/bDx7+WE8Rwl1PH4ehjxKfWA8
yD5wPD2SJDwW9ic8il1vPMu6UzwtlFE8X0NIPNqZMzxt6lk86Gt6PDSQbDw+1Vg8rgNiPKB1
EDyGrk48OMExPPJdXDxFpHk8ypE7PIhpQTzYW2s8tGBCPA8ERTwAqUQ8BPBYPLemcDy8xA08
MHJSPCEFbzw4NkQ8kVpRPBI3VTwK7Gc8o/NsPM4HXjz06UI8JbQ4PNCHizxQEVs8xuEXPJ6W
KTyf+U889yg4PAhlGzy70Wo86ExIPLDjgDx1iWo8iiM3PBfpTDxjIx88ir4uPJMMTjyBOmQ8
GRhqPK2KDjxEAmI8pqJePMa2XzwTV1s8VFRQPDyCSTyc8io8TPV0PMzjAzw3j1I8LkNwPLko
ZzwEy1o880MTPDjPJzxveoI8iSt6PPw+EjwffTo8hE9WPIaXMzxiAV08ZvfjO+J8SDxuOEg8
iygvPKE2PDxj5Fo8NlSBPHWoTzyWb1o8woVOPPUKFzzGHk88</AssayYData></Step><Step><CommonData><SampleLocation>2</SampleLocation><SampleID>10mM Glycine pH1.7</SampleID><SampleGroup></SampleGroup><SampleInfo>or other Regeneration solution</SampleInfo><SampleRow>E</SampleRow><SamplePlate>1</SamplePlate><WellType>REGENERATION</WellType><Concentration>-1</Concentration><ConcentrationUnits>µg/ml</ConcentrationUnits><MolarConcentration>-1</MolarConcentration><MolarConcUnits>nM</MolarConcUnits><MolecularWeight>-1</MolecularWeight><Temperature>30</Temperature><StartTime>969006</StartTime><AssayTime>20</AssayTime></CommonData><FlowRate>1000</FlowRate><StepType>CUSTOM</StepType><StepName>condition</StepName><StepStatus>OK</StepStatus><ActualTime>20</ActualTime><CycleTime>0.2</CycleTime><AssayXData Points="100">vv8zQ/EyNEPjZTRDFpk0Q0nMNEN8/zRDsDI1Q+NlNUMWmTVDi8w1Q77/NUPxMjZDJGY2Q1iZ
NkNJzDZDfP82Q7AyN0PjZTdDWJk3Q0nMN0O+/zdDsDI4QyRmOENYmThD0s04Q3z/OEPxMjlD
JGY5QxaZOUNJzDlDvv85Q/EyOkPjZTpDFpk6Q0nMOkN8/zpDsDI7QyRmO0MWmTtDScw7Q3z/
O0OwMjxDJGY8Q1iZPENJzDxDfP88Q/EyPUPjZT1DFpk9Q0nMPUN8/z1DsDI+Q+NlPkMWmT5D
Scw+Q3z/PkOwMj9D42U/QxaZP0NJzD9DfP8/Q7AyQEPjZUBDn5pAQ0nMQEN8/0BD8TJBQ+Nl
QUNYmUFDi8xBQ77/QUPxMkJDJGZCQ1iZQkOLzEJDvv9CQ4E1Q0MkZkNDWJlDQ4vMQ0O+/0ND
8TJEQyRmRENYmURDi8xEQ77/REPxMkVDJGZFQ1iZRUPMzEVDfP9FQ/EyRkMxaEZDWJlGQ4vM
RkO+/0ZD8TJHQ+NlR0NYmUdDi8xHQw==</AssayXData><AssayYData Points="100">IKOUviIkg76oUXG+K11mvj7cXL6wLl6+wLxbvmylZL4C4GW+suRqvhSjb77Iv3G+vYZ1vo2S
d76ygHu+2aF+vtGBg77hUIK+gASFvuI9hr6lc4m+ce2JviF+i74jkIy+AgKPvv7Ajr6ERY6+
hAqRvjGnkL44xJO+39CUvu6Jlb6v45W+o72Xvu05mb6ExZi+7eubvrebm77e5Zy+STacvnnP
nL5vUp2+arufvm/UoL4voKG+YMCivhd6o74g6aG+F6Kkvr5vpL7dIqW+a8Wkvntzp765zqm+
nKSpvvSfqL4Vxqi+S12pvg24q75RzKq+w4urvqqrrL4ztKu+EUitvnRHsL78PrC+tamwvqgR
sL6oIrC+6XmxvvA1sr4VdrO+/6uzvh1Vtb6dFbS+9Cazvo57tr40bLa+X8G0voHDt77o1LW+
mrS3vjEUuL5+OLm+hsu4vv9OuL4y/Lu+RuK7vk72ur4hIry+jJ+9vurSur7Cfry+lBK8vjwA
vb5deby+7Wa/voF/vr6DPr6+Bce/vg==</AssayYData></Step><Step><CommonData><SampleLocation>1</SampleLocation><SampleID>Running Buffer</SampleID><SampleGroup></SampleGroup><SampleInfo></SampleInfo><SampleRow>E</SampleRow><SamplePlate>1</SamplePlate><WellType>BUFFER</WellType><Concentration>-1</Concentration><ConcentrationUnits>µg/ml</ConcentrationUnits><MolarConcentration>-1</MolarConcentration><MolarConcUnits>nM</MolarConcUnits><MolecularWeight>-1</MolecularWeight><Temperature>30</Temperature><StartTime>994350</StartTime><AssayTime>20</AssayTime></CommonData><FlowRate>1000</FlowRate><StepType>CUSTOM</StepType><StepName>condition</StepName><StepStatus>OK</StepStatus><ActualTime>20</ActualTime><CycleTime>0.2</CycleTime><AssayXData Points="100">vv9HQ7AySEPjZUhDFplIQ0nMSEN8/0hDsDJJQyRmSUMWmUlDScxJQ3z/SUOwMkpDJGZKQxaZ
SkOLzEpDvv9KQ/EyS0PjZUtDFplLQ0nMS0O+/0tDsDJMQ+NlTEMWmUxDi8xMQ3z/TEOwMk1D
42VNQxaZTUNJzE1DfP9NQ/EyTkMkZk5DmZlOQ4vMTkO+/05D8TJPQyRmT0NYmU9Di8xPQ77/
T0PxMlBDJGZQQ1iZUEOLzFBDvv9QQ7AyUUMkZlFDWJlRQ4vMUUN8/1FD8TJSQyRmUkNYmVJD
i8xSQ77/UkPxMlNDJGZTQ1iZU0NPzVNDvv9TQ/EyVEMkZlRDWJlUQ0nMVEN8/1RD8TJVQyRm
VUNYmVVDi8xVQ3z/VUPxMlZDZmZWQ1iZVkNJzFZDvv9WQ/EyV0MkZldDWJlXQ4vMV0O+/1dD
sDJYQ+NlWEMWmVhDScxYQ77/WEPxMllDJGZZQ1iZWUOLzFlDfP9ZQ/EyWkPjZVpDWJlaQ0nM
WkN8/1pDsDJbQ+NlW0NYmVtDi8xbQw==</AssayXData><AssayYData Points="100">jMwVPVF+Hb09aZy9jQq8vXsAxL0CjtK9wY3SvUb81b0hPdK9N+XQvdkVzL08UM29hI7Cvb8d
xr08nL+9ks++vTOfur0Hdr69OHS5vS/euL3am7K9mGG2vaOXt72axbG9gvSwvb1NrL2zAa69
syGyvRG6qr3zOqi9vZuqvchFqb0CZKi9gvykvROdpL19i6W9JSukvYhcnL2dKp+9U2+gvb9v
nb0AMqK9tiahvYkEo73PMZ29S8edvf4Lo72NPZ+9kPiZvTa1m73n5Zu958icvaGLm71hApm9
9qedvaAXj72AMp+9ARWavUIGlb0wIpe9UHeSvYp0lr0psZG9AXmVvRIZmb157Y69ZiuSvb1t
lL3rZpi9VouNvZ14j71lj5K9PaCRvSprmb1uQpS9uGqRvV6tlb0WtpS9aPKKvZyBjr1dO429
4zOPvSEUjr2htY+9ReeNvafwkb1kMJG9nGuHvXc7jr2ek4y9pOSSvS5Oi724MpK9AsuUveUC
ir3jW5G9n7aNvcBqjb3YxY2991SKvQ==</AssayYData></Step><Step><CommonData><SampleLocation>2</SampleLocation><SampleID>10mM Glycine pH1.7</SampleID><SampleGroup></SampleGroup><SampleInfo>or other Regeneration solution</SampleInfo><SampleRow>E</SampleRow><SamplePlate>1</SamplePlate><WellType>REGENERATION</WellType><Concentration>-1</Concentration><ConcentrationUnits>µg/ml</ConcentrationUnits><MolarConcentration>-1</MolarConcentration><MolarConcUnits>nM</MolarConcUnits><MolecularWeight>-1</MolecularWeight><Temperature>30</Temperature><StartTime>1019966</StartTime><AssayTime>20</AssayTime></CommonData><FlowRate>1000</FlowRate><StepType>CUSTOM</StepType><StepName>condition</StepName><StepStatus>OK</StepStatus><ActualTime>20</ActualTime><CycleTime>0.2</CycleTime><AssayXData Points="100">v/9bQ7EyXEMlZlxDF5lcQ0rMXEN9/1xD8jJdQ+RlXUMXmV1DjMxdQ33/XUO3M15D5GVeQ1mZ
XkNKzF5Dff9eQ7EyX0MlZl9DWZlfQ0rMX0N9/19DsTJgQzhpYEMXmWBD2s5gQ7//YEPyMmFD
8GdhQ1mZYUNKzGFDv/9hQ7EyYkOoZmJDF5liQ0rMYkN9/2JDsTJjQ+RlY0MXmWNDSsxjQ33/
Y0OxMmRDJWZkQyObZENKzGRDff9kQ7EyZUMlZmVD3JllQ0rMZUPFAGZDsTJmQyVmZkNZmWZD
jMxmQ7//ZkPyMmdDJWZnQ5qZZ0OMzGdDv/9nQ/IyaEMlZmhDoJpoQ4zMaEO//2hD8jJpQyVm
aUNZmWlDjMxpQ7//aUPyMmpDJWZqQ1mZakOMzGpDv/9qQ/Iya0MlZmtDF5lrQ4zMa0O//2tD
sTJsQyVmbENZmWxDjMxsQ33/bEPyMm1DJWZtQ1mZbUNQzW1Dv/9tQ/IybkMlZm5DF5luQ4zM
bkN9/25D8jJvQyVmb0NZmW9DjMxvQw==</AssayXData><AssayYData Points="100">9bPOvvBpvb7bHLO+m3Gqvs+9p76zpKS+HLWmvkU7pr6Zdae+sbepvuIgq74PDau+CPyqvnXd
rr7xQqy+En6vvrE4r75oerC+D4Oyvondsr7GyrK+3ji0vkFStb4/0re+C4K2vkjxtr7xoLa+
bmG5vm80ur6IF7m+eHy5vrJTu74IxLu+ZQq9vk7Hu77qyb2+I7a9vnZQwL4CX8C+B6q+vtt7
v76mPMK+vynCvghGwr43lMK+kO7Cvi7uw74QHsW+XQ/DvgdVxL4kx8a+cYjFvuI4xb4woca+
rxLIvq30xr7bmse+XkzJvjlayr6U2ci+hivKvlysyr5D4Mm+sfrIvkRXyr7uOMu+QOfMvuMJ
zb5Fecu+fj7Mvjkxz77yn86+OA3PvqQIzr5xQNG+lRfPvtbd0L7rFtK+QynQvmFhzr7E79C+
3VjRvoxY076W08++MuzRvnDD074B/dO+u7HSvlE4075bsNS+AbjVvlF01L50r9O+dfTVvshL
1b6uR9O+ew/Uvkgh2L4wTte+kULXvg==</AssayYData></Step><Step><CommonData><SampleLocation>1</SampleLocation><SampleID>Running Buffer</SampleID><SampleGroup></SampleGroup><SampleInfo></SampleInfo><SampleRow>E</SampleRow><SamplePlate>1</SamplePlate><WellType>BUFFER</WellType><Concentration>-1</Concentration><ConcentrationUnits>µg/ml</ConcentrationUnits><MolarConcentration>-1</MolarConcentration><MolarConcUnits>nM</MolarConcUnits><MolecularWeight>-1</MolecularWeight><Temperature>30</Temperature><StartTime>1045634</StartTime><AssayTime>20</AssayTime></CommonData><FlowRate>1000</FlowRate><StepType>CUSTOM</StepType><StepName>condition</StepName><StepStatus>OK</StepStatus><ActualTime>19.999</ActualTime><CycleTime>0.2</CycleTime><AssayXData Points="100">v/9vQ7EycEMlZnBDWZlwQ4zMcEN9/3BDsTJxQyVmcUNZmXFDSsxxQ7//cUPyMnJD5GVyQxeZ
ckOMzHJDff9yQ7Eyc0MlZnND3JlzQ0rMc0O//3NDsTJ0Q+RldEOamXRDSsx0QwcBdUPyMnVD
JWZ1Q1mZdUOMzHVDff91Q7EydkPBanZDWZl2Q4zMdkN9/3ZD/zR3QyVmd0MXmXdDSsx3Q33/
d0PyMnhD5GV4QxeZeENKzHhDv/94Q/IyeUPkZXlDF5l5QxXOeUO//3lDsTJ6Q+RlekMXmXpD
Ssx6Q33/ekOxMntDJWZ7Q1mZe0OMzHtDff97Q7EyfEMlZnxDF5l8Q0rMfEN9/3xD8jJ9Q+Rl
fUMXmX1DSsx9Q7//fUPyMn5D5GV+QxeZfkNKzH5DJQZ/Q7Eyf0PkZX9D4pp/Q0rMf0N9/39D
eRmAQ/EygEOLTIBDJWaAQ75/gEO6mYBD8bKAQzXOgEMl5oBD3/+AQ1gZgUPxMoFDi0yBQyVm
gUPff4FDeZmBQ/GygUOszIFDJeaBQw==</AssayXData><AssayYData Points="100">+254veVowL0tMeO9jET7vTce/r2PAQG+oWoBvpuOAL6revy9eqQAvqo4+L3jpfC9m3/vvZsc
8b0Sru69vWjxvfsB6r0uQeO9Tj3pvXfQ573LC+a9M5HavdqU4L3J5eO9A7nbvclB1b0/Ity9
5XLavXLC17394Nq94V7UvY/61711A8696U7SvXSZ173JidO9yrrbvfKP0b1aMM69PAbMvTo6
0L3Oh8+9pYLIvdKBzr0zos+9CKXIvaH4zL1GnM29UF7NvVMQy72zgsm9UUXHveCIxb10Pse9
lgXBvQzqyL1eWMO9BzDNvaE1zr3ulMK9H2vEvXI1xL2CTsS9QM7Lvdt9yr0A/ce9DDnEvbBG
vb33vMi9nFrEvUV8xL2N8sS9LLXHvYmFxr3lv8O9UafCvTyJwr2vory93hXBvceXvL3X68G9
dRLCvRGlwr1iGsG9V3K+vSUfvr2CTMW9SDC6vTgYvr2kJrm9YWfDvV07tr2bv7q9KnG/vU07
wb2Zl8W9NzS8vbnvxL2qM729Hju+vQ==</AssayYData></Step><Step><CommonData><SampleLocation>2</SampleLocation><SampleID>10mM Glycine pH1.7</SampleID><SampleGroup></SampleGroup><SampleInfo>or other Regeneration solution</SampleInfo><SampleRow>E</SampleRow><SamplePlate>1</SamplePlate><WellType>REGENERATION</WellType><Concentration>-1</Concentration><ConcentrationUnits>µg/ml</ConcentrationUnits><MolarConcentration>-1</MolarConcentration><MolarConcUnits>nM</MolarConcUnits><MolecularWeight>-1</MolecularWeight><Temperature>30</Temperature><StartTime>1071449</StartTime><AssayTime>20</AssayTime></CommonData><FlowRate>1000</FlowRate><StepType>CUSTOM</StepType><StepName>condition</StepName><StepStatus>OK</StepStatus><ActualTime>20</ActualTime><CycleTime>0.2</CycleTime><AssayXData Points="100">v/+BQzgZgkPRMoJDa0yCQwVmgkO/f4JDOJmCQ/KygkOMzIJDJeaCQ7//gkNZGYND8jKDQ4xM
g0MlZoNDv3+DQ1mZg0PysoNDa8yDQyXmg0O//4NDWRmEQ/IyhEOMTIRDyWaEQ79/hENZmYRD
8rKEQ4zMhEMl5oRDv/+EQ1kZhUM0M4VDjEyFQyVmhUOef4VDOJmFQ/KyhUOMzIVDJeaFQ7//
hUNZGYZD8jKGQ2tMhkMlZoZDv3+GQ1mZhkPysoZDjMyGQyXmhkO//4ZDWRmHQ/Iyh0NrTIdD
JWaHQ0KAh0NZmYdD0bKHQ4zMh0Ml5odDnv+HQ1kZiEPyMohDjEyIQyVmiEO/f4hDOJmIQ/Ky
iEOMzIhDBeaIQyEAiUM4GYlD8jKJQ2tMiUMlZolDv3+JQziZiUPysolDjMyJQyXmiUOe/4lD
XxqKQ/IyikOMTIpDJWaKQ79/ikNZmYpD0bKKQ2vMikMl5opDv/+KQzgZi0PRMotDa0yLQyVm
i0Oef4tDeZmLQ9Gyi0OMzItDJeaLQw==</AssayXData><AssayYData Points="100">3zjnvrsS1r4D38e+m07BvqXpvb7pQLy+VqC7vophu74eHb2+Yvu+vjOFvr4ASL6+SrG/von+
wb7EMcC+j1TDvn/IxL6K3cS+vwjHvhOkyL70QMi+LS3IvgNkyb6C98i+zRPLvpx2zL7cq8q+
RCDPvuGbzL5PNsy+773Nvkzbz76tVM6+XqrPvqZG0L55n8++3nbRvhEV1L7StdG+Cm/SvgrU
074aB9O+jPbTvs+i1L6T09O+tXfUvmW31L4ndda+cInWvjmp1r7T8Ne+Z7/Wvoaz176wENe+
5cnYvqGx2b5e+ti+4W7Yvma32b5Vt9u+eQbcvjyp275BFtu+BCfbvkAn2r6hu9y+Fsraviul
3L62Qdy+DNTevmLf3b79zN6+yd/evnPq3b5Hqd2+0j/gvo9o3r7IWt++lKXfvp6r3767aeG+
76Dhvt0J4r5+IeG+uV7ivu/V4r5SKeO+DYTjvtxs4r6RzuG+0rjjvqHu474AEea+mp7jvlRL
5L7uRuS+OA7lvjiV475YmuO+8XXlvg==</AssayYData></Step><Step><CommonData><SampleLocation>1</SampleLocation><SampleID>Running Buffer</SampleID><SampleGroup></SampleGroup><SampleInfo></SampleInfo><SampleRow>E</SampleRow><SamplePlate>1</SamplePlate><WellType>BUFFER</WellType><Concentration>-1</Concentration><ConcentrationUnits>µg/ml</ConcentrationUnits><MolarConcentration>-1</MolarConcentration><MolarConcUnits>nM</MolarConcUnits><MolecularWeight>-1</MolecularWeight><Temperature>30</Temperature><StartTime>1097009</StartTime><AssayTime>20</AssayTime></CommonData><FlowRate>1000</FlowRate><StepType>CUSTOM</StepType><StepName>condition</StepName><StepStatus>OK</StepStatus><ActualTime>20</ActualTime><CycleTime>0.2</CycleTime><AssayXData Points="100">v/+LQ1kZjEPRMoxDjEyMQwVmjEO/f4xDWZmMQ/KyjENrzIxDJeaMQ57/jEM4GY1D0TKNQ2tM
jUMFZo1Dnn+NQziZjUPyso1Da8yNQwXmjUOe/41DOBmOQ9EyjkOMTI5DBWaOQ79/jkM4mY5D
8rKOQ4zMjkMF5o5Dnv+OQzgZj0PRMo9Da0yPQwVmj0Oef49DOJmPQ9Gyj0NrzI9DBeaPQ57/
j0NZGZBD0TKQQ2tMkEMFZpBDv3+QQziZkEPRspBDjMyQQyXmkEO//5BDOBmRQ/IykUNrTJFD
BWaRQ55/kUM4mZFD0bKRQ4zMkUMF5pFDnv+RQ1kZkkPyMpJDjEySQwVmkkOef5JDOJmSQ9Gy
kkOMzJJDBeaSQ57/kkM4GZND0TKTQ2tMk0MFZpNDv3+TQziZk0PRspNDa8yTQwXmk0O//5ND
OBmUQ9EylEOMTJRDJWaUQ79/lENZmZRD8rKUQ4zMlEMl5pRDv/+UQ1kZlUPyMpVDjEyVQyVm
lUO/f5VDWZmVQ/KylUOMzJVDJeaVQw==</AssayXData><AssayYData Points="100">XsQ5vLiKq73N8Oa9wkgFvpwSC76RcA++IBoQvjvrC74qhw6+7iUQvgE7C75D5Qm+BhQMvqsT
Cr6wPQq+8UoHvpbABr6DvgS+R/AFvqDLAL4IfP+9nLj+vbElAr5f7QG+YzABvtWy/b2SWfO9
6uD7vQZB/L33nfy9Nj7xvUN/6b1ALvq97lrxvbMs9r3KIP29Ltv3vUYq8L1cZvG93uD5vT8s
8b3Qy+i9+5TovZKR9L16ePC9mKHxvWw1671jAu69PK7tvUwJ6r3pouu9dgryvRmH572W7fK9
ZzfyvUhd5r1mBem9xh/nvcc86L2TUO29P8LpveMT6b2RL+292+jlvc+g573wMd+9e9jjvcSq
5703keO9D7jnvdxR5L1YYOS9Uf/kvXsx6L3K8Oa9+VDnvQ2H5b1SKuO9T43rvSuo373a0eS9
HOXhvSpX4r3HUt+96EDivUHM5L1dote96I/fvXSn3b24WOG9V+HgvU463L3pGt+9/J/bvXuj
3r0vN+W9vgDZvU9K3L1J1OG9eszZvQ==</AssayYData></Step><Step><CommonData><SampleLocation>3</SampleLocation><SampleID>Running Buffer</SampleID><SampleGroup></SampleGroup><SampleInfo></SampleInfo><SampleRow>E</SampleRow><SamplePlate>1</SamplePlate><WellType>BUFFER</WellType><Concentration>-1</Concentration><ConcentrationUnits>µg/ml</ConcentrationUnits><MolarConcentration>-1</MolarConcentration><MolarConcUnits>nM</MolarConcUnits><MolecularWeight>-1</MolecularWeight><Temperature>30</Temperature><StartTime>1122973</StartTime><AssayTime>120</AssayTime></CommonData><FlowRate>1000</FlowRate><StepType>BASELINE</StepType><StepName>Baseline 120</StepName><StepStatus>OK</StepStatus><ActualTime>120</ActualTime><CycleTime>0.2</CycleTime><AssayXData Points="600">v/+VQ1kZlkPyMpZDjEyWQyVmlkO/f5ZDWZmWQ/KylkN3zpZDJeaWQ7//lkNZGZdD8jKXQ4xM
l0MFZpdDnn+XQ1mZl0PyspdDjMyXQwXml0O//5dDeRmYQ/IymENrTJhDBWaYQ2OAmENZmZhD
8rKYQ4zMmEMF5phDxQCZQ1kZmUPyMplDjEyZQyVmmUO/f5lDWZmZQ9GymUOMzJlDJeaZQ57/
mUM4GZpD0TKaQ2tMmkMlZppDv3+aQziZmkPetJpDa8yaQyXmmkOe/5pDWRmbQ/Iym0OMTJtD
JWabQ79/m0M4mZtD0bKbQ2vMm0MF5ptD4P+bQzgZnEPRMpxDjEycQyVmnEO/f5xDOJmcQ9Gy
nEMwzZxDLOecQ7//nEM4GZ1D8jKdQ2tMnUMFZp1Dv3+dQziZnUPysp1Da8ydQwXmnUOe/51D
WRmeQ9EynkOtTJ5DBWaeQ55/nkM4mZ5D0bKeQ2vMnkMl5p5Dv/+eQzgZn0PRMp9Da0yfQwVm
n0Oef59DOJmfQ9Gyn0NrzJ9DBeafQ57/n0M4GaBD0TKgQ7NNoEMFZqBDnn+gQziZoEPRsqBD
ks2gQwXmoEOe/6BDWRmhQ/IyoUNrTKFDBWahQ55/oUM4maFD0bKhQ2vMoUMl5qFDv/+hQzgZ
okPRMqJDa0yiQwVmokOef6JDOJmiQ9GyokNrzKJDqOaiQ7//okNZGaND8jKjQ4xMo0MlZqND
v3+jQ1mZo0PysqNDG8+jQyXmo0O//6NDWRmkQ/IypEOMTKRDJWakQ79/pEM4maRD+LOkQ4zM
pEMl5qRDv/+kQ1kZpUPyMqVDjEylQyVmpUPgf6VDWZmlQ/KypUOMzKVDJealQ7//pUNZGaZD
8jKmQ4xMpkMlZqZDv3+mQ1mZpkPRsqZDa8ymQyXmpkO//6ZDWRmnQ/Iyp0PNTKdDJWanQ79/
p0M4madD8rKnQ4zMp0MF5qdDnv+nQ9wZqEPyMqhDa0yoQyVmqEOef6hD3JmoQ/KyqENrzKhD
BeaoQ57/qENZGalD0TKpQ4xMqUMFZqlDv3+pQ1mZqUPRsqlDa8ypQwXmqUO//6lDOBmqQ/Iy
qkNrTKpDBWaqQ79/qkNZmapD0bKqQ2vMqkMl5qpDv/+qQzgZq0PRMqtDa0yrQwVmq0Oef6tD
OJmrQ9Gyq0OMzKtDBearQ7//q0M4GaxD8jKsQ4xMrEMFZqxDxYCsQziZrEPRsqxDa8ysQyXm
rEO//6xDWRmtQ9EyrUMPTa1DBWatQ55/rUM4ma1D0bKtQ2vMrUMl5q1Dv/+tQzgZrkMZNK5D
jEyuQwVmrkOef65DOJmuQ9GyrkNrzK5DJeauQ57/rkO7Ga9D0TKvQ2tMr0MlZq9Dnn+vQziZ
r0PRsq9Da8yvQ2fmr0Oe/69DWRmwQ9EysENrTLBDBWawQ55/sEM4mbBD0bKwQ2vMsEMF5rBD
nv+wQzgZsUPRMrFDa0yxQyVmsUO/f7FDWZmxQ1SzsUOMzLFDJeaxQ+D/sUNZGbJD8jKyQ4xM
skMlZrJDQoCyQ1mZskPysrJDjMyyQwXmskMAALNDOBmzQ/Iys0OMTLNDJWazQ79/s0M4mbND
8rKzQ63Ms0Ml5rNDv/+zQ5oZtEPRMrRDjEy0QyVmtEO/f7RDWZm0Q/KytEOMzLRDJea0Q7//
tEOaGbVD8jK1Q4xMtUOIZrVDnn+1Q1mZtUPysrVDjMy1QyXmtUO//7VDWBm2Q9IytkOMTLZD
qGa2Q55/tkM4mbZD8rK2Q2vMtkNn5rZDnv+2QzgZt0PyMrdDa0y3QyZmt0O/f7dDeZm3Q9Ky
t0OMzLdDBea3Q7//t0NYGbhD2DO4Q6xMuEMFZrhDv3+4Q7uZuEPysrhDa8y4QwXmuEO//7hD
OBm5Q9IyuUNxTblDBWa5Q79/uUNYmblD0rK5Q2vMuUMm5rlDnv+5QzgZukPSMrpDa0y6QyZm
ukOef7pDWJm6Q/KyukNQzbpDJua6Q57/ukNYGbtD0jK7Q2tMu0MmZrtDnn+7Q1iZu0PSsrtD
a8y7QwXmu0Oe/7tDPhq8Q9IyvENrTLxDBWa8Q55/vEM4mbxD0rK8Q2vMvEMF5rxDnv+8QzgZ
vUPSMr1Da0y9QwVmvUOef71DOJm9Q9KyvUOzzb1DBea9Q57/vUM4Gb5DdTO+Q2tMvkMFZr5D
v3++QziZvkPSsr5Da8y+QwXmvkOe/75DOBm/Q9Iyv0OMTL9DJma/Q+B/v0NYmb9D8rK/Q4zM
v0Mm5r9D5gDAQ1gZwEPSMsBDME3AQyZmwEO/f8BDWJnAQ/KywEM2zsBDJubAQ7//wEN5GcFD
0jLBQ4xMwUNGZsFDv3/BQ1iZwUPyssFDjMzBQybmwUO//8FD3BnCQ/IywkOMTMJDJmbCQ55/
wkN5mcJD8rLCQ4zMwkMm5sJDv//CQ1gZw0PSMsNDa0zDQyZmw0O/f8NDWJnDQ9Kyw0NrzMND
BebDQ7//w0M4GcRD8jLEQ4xMxEMmZsRDv3/EQ1iZxEPSssRDjMzEQybmxEO//8RDWBnFQ9Iy
xUOMTMVDJmbFQ55/xUMCm8VD8rLFQ4zMxUMm5sVDv//FQ1gZxkPSMsZDjEzGQwVmxkNCgMZD
WJnGQ/KyxkNrzMZDJubGQ57/xkNYGcdD0jLHQ+5Mx0MmZsdDnn/HQ1iZx0PSssdDcc3HQybm
x0Oe/8dDWBnIQ9IyyEOMTMhDBWbIQ55/yEM4mchD8rLIQ2vMyEMF5shDnv/IQ1gZyUPSMslD
a0zJQyZmyUOef8lDWJnJQzSzyUNrzMlDyebJQ57/yUNYGcpD0jLKQ2tMykMFZspD4H/KQziZ
ykPSsspDa8zKQwXmykOe/8pDWBnLQ9Iyy0NrTMtDJmbLQ55/y0M4mctD0rLLQ2vMy0MF5stD
nv/LQzgZzEPSMsxDjEzMQwVmzEOkgMxDOJnMQ9KyzENrzMxDJubMQ57/zENYGc1D0jLNQ2tM
zUMsZ81Dnn/NQ1iZzUPyss1DjMzNQybmzUO//81DWBnOQ/IyzkOsTM5DJmbOQ79/zkNYmc5D
8rLOQ4zMzkMm5s5Dv//OQ5oZz0PyMs9DjEzPQ0xnz0Oef89DWJnPQ/Kyz0OMzM9DJubPQ7//
z0NYGdBD8jLQQ4xM0EMmZtBDnn/QQ1iZ0EPystBDjMzQQybm0EO//9BDWBnRQ/Iy0UOMTNFD
BWbRQ55/0UNYmdFDVLPRQ2vM0UMm5tFD</AssayXData><AssayYData Points="600">Tbv6vW6Y/70DJfe9wMj2vfyr9r1K8vi9jGLzvRam6b3E+/u94mzxvXB8+b0ore297KDuvc0E
9L1wMPW9mhXpvahr7r0m3+i9gJ/uvS/i6r2x7eS9kjHqvTHB7L1v1O69RWztvfBN570kgum9
FJ/ivR8q673VN++9jRDrveWw6r3QT+290NnuvU0Y7b2SdPG9rLXqvROd7b1HVuy9r0HivbUa
7r00Xua92r7qvbqY6L0kLOe9M3XpvazK6L3ljeS9uGDqvSca6L1wIuW91dHqvVLk6L3A2OC9
7Dbvvfyj6L1cwOW9NEPlvfVo6L3J9+S9m0DovUrR5b0ze+e9JS3jvT5v8b1gL+q9OOrpvVCg
5b3vMuu9vivmvalY5r1ZaOK93X/evcU95L0E5eC9DZnlvWW26b1tFOi9i7rjvY5e470lrua9
l9/qvbg+571fGeG9uIjovfV/472fc+K9jRLmvQW05L1PVua95xnkvU4V6L0IrOq9tinkvTix
4b3V79+99MvjvbcS470MVei9GIbevZZP5L0F+dy9fk/nvXWQ372/L+O9Fi/nvcR44b3zEui9
+Czkvc7P6L17Zt+9JInovdoO4r0EtuW9O27hveSj5b3oouK9OQnlvf7w5729/OC9h7revcjz
3b0q0Oe9H7revQm86b3PZui9qvjkvbIw3r1IY+W9F3vavaaD3L0V8eO9iMbjvWsB5L3rNuG9
uaDlve/Z4b02fN69J1/ivWOi4735tNi9sATovcFX4L1gq+G9M+PevUET3r0SHeG9v4LivZcm
4L1h5OO9wwHmvSDr3L2bh9y9fifhva2C0707vuS999fZvY4I4b170eO9CdTlvT6q271++OG9
wyvbvY8q170UIuO9X0zdvcfP371cnOS9n+favVNP4L09euC9i67mvaK8370yVN29S9nivcOU
1b0G19e9/MHdvR41370z8uG9ozbavcJP3b1YHdy92P/ZvfAs273ozeC9/crbvVQM5r0X+9m9
V+zjvTK95b0og929UiHUvb133r0J1dy9tkzWvcUJ2L0Wg9G9HKPhvesH172xZ9u9nBnZvYlo
2L1SpNi9qXfdvTjb2b3MR9m9+7HivWdp3r3jYOC9ZKXcvX45171sWOC9mgTVvShL3b2zuta9
A2fZvWs93b0mPNa9hNbdveBy370sJ+C9cdjVvczc1r0yft+95XXjvRiD4b3oCdq9QwzfvW43
3r1rbdi9lDjavapI2734VN299/DbvWlw4b1pxdy9F0fZvdqk3L2azde9TIzevUK9173RhNm9
W4LQvWld2r0kqNi9sWnUvTgy2b3R+9a9BJ7bvfTX3L1VY9W9hJbcvbwN3b3Ne+C9GSnYvcHO
2L0vMNi98ETVvbS8171Cqtm9MvjWvboYzb1YFNK9TGTbvepB1r3SNdS9KFXdvTRP071Eddi9
ZujTvdsq0r0isdq9IgLavRma3L2YDNq9qCXcvY2t3r1jode9oS3ZvVDD1b1Yx9a9JW/YvR/M
2b0cndm9c2PXvRVw3r3q8ti9HNLZvQLD2L1YR9m99ffVvQHF2r0shdu9rxzVvdmi1b3fftu9
g6LVvdeG2r0clte9b3DXvcjd173De9692YTQvaUc270MLde9AB7dvfbL3L0t1da9gqnXveoI
173yGtu9XebXvdrZ0r1RRtS93wHUvX8e3b3GJte9YKfRvSs71b3/o9O9kL7fvUqH2b1uw9y9
ZMjXvRW71L3Ai9W9L9DWvYkQ173Apdu9oezRvc7T3r3Dqdq92/3gvXZH1r3Z5ti9EEnavW64
2b1l1ty93vDTvfdJ1L0EGta9lrfVvWFr0b3I1NW99FjUvXO2zb2iLte9+k/Uva2o1b1tDM29
pBXPvTMZ1b0y6NO9+m3Pvcf43L0PIta9Az7YvZgJ1r3M0NG96ODcvfyN1b32jtS9QefXveUV
3L1RKde91CjdvVrt270tctW9kEvavW/t1L3xxtu9GyHQvczt1b0yp9e9wR3WvRD0271jpNS9
KOrRvZf+0L05ONa9naDSvZDz0r1AuNW9hU7Wvadj371kv9W9zFPXvVbv1b0FKdK9ytnXvWZ3
373eV9q9GK7WvYX71b39Icu9Y5jKvVuU1b3l69G9iqzWvadD1L1DP929JCLYvf5E2L04M9m9
L1nWvd1e1r2iXda9eRfSve4i0r1rZ9W9DYvSvUkv17019tm95S/Tvb/E071P69C97MbXvckl
0L0zo9O9cDnVvS6f2b2rEde9TvbYve9h0b0wBdK9Kk7SvQDS1r2edtK9/lzVvSHB2L28MdW9
BKzWvX3Q2b0DUtO9ILPWvSvEyr0+rdC9PnXWvf19zr3WfdG9UlPYvcBa1b0TBs+9H/bWvSTM
172+itS9A2nVvcPA3b0PftW9KQ7WvSOC1L2XldO9POPQvX9r1L2s2dG9RhPVvXQz1b1h7dO9
GB3OvTN71L0xAtC9tNLPvbYy0L3rDtO9dtXUvbuT0L3ih9S97trQvUix1r3mOc69ZybVvcbv
0r1uns69/bvVvUj40r2EgM+9xiPRvT3Gz71+jda9kjLSvX2Kzr0N4tS98F3PvX2y1b1DwNS9
ypTRvb8o1r3Exte9sdvWvbwk2r2Gx8+9g7bRvZm4zL3uP9a9+A7OvXkU1L1nqtS9oUDXvfS+
0r2c79G9hGHevYE/1b3E8NW9BuHOvdIB1L1LrtS9CxXPvWX+070its29q0XPvXj70b0J0c29
QvPTvaVl0b2fq9W9KVPOvebOzb0L0dC9s3/avRb20L0RxdK9e/TOvQ9S0L2uWNW9yn7YvddJ
zr3J3s+9E+PUvYnmzL0onNe9KFfOvW3S070nY9C9X+bavUmJzL3Xt9K9bIPavQWZy71dcNC9
ETfNvSlLzr0qRtu9d4navXgy0b3YYM69vvvRva06zr2nVtW9U7TXvaZPxr0/8s+9sjrRvYW6
0L0+XNe9D3fSvQ3azL0fL8691JXSvZ0hz71mHc29L+/PvUHD0b23ttO91m/Xvc661b08+tC9
mIXPvXq0zb2wvcy9S1fMvdrb0719YMm9N5zNvcqm0r0tyNW9JwDNvVz30b1Dds+9bTjQvRCT
1r1vVdG9U9jQveqyzr1oRNe9ynbWvSEKzL1Ff9K9/9vSvbSA0L1rlc69swnOvTVAzL2JrdO9
AL3RvdiQz70hd9W9VYzUvafK0b3uAcq9</AssayYData></Step><Step><CommonData><SampleLocation>8</SampleLocation><SampleID></SampleID><SampleGroup></SampleGroup><SampleInfo></SampleInfo><SampleRow>E</SampleRow><SamplePlate>1</SamplePlate><WellType>KLOAD</WellType><Concentration>-1</Concentration><ConcentrationUnits>µg/ml</ConcentrationUnits><MolarConcentration>-1</MolarConcentration><MolarConcUnits>nM</MolarConcUnits><MolecularWeight>-1</MolecularWeight><Temperature>30</Temperature><StartTime>1251370</StartTime><AssayTime>20</AssayTime></CommonData><FlowRate>1000</FlowRate><StepType>LOADING</StepType><StepName>Loading</StepName><StepStatus>OK</StepStatus><ActualTime>20.003</ActualTime><CycleTime>0.2</CycleTime><AssayXData Points="100">wP/RQ1oZ0kPSMtJDbEzSQwZm0kOff9JDOZnSQ3az0kNszNJDBubSQ5//0kM5GdND0jLTQ2xM
00MmZtNDn3/TQzmZ00PzstNDbMzTQwbm00Of/9NDWhnUQ/My1ENsTNRDBmbUQ59/1EM5mdRD
0rLUQ2zM1EMG5tRDwP/UQ1oZ1UPzMtVDrkzVQyZm1UPAf9VDWpnVQ/Oy1UONzNVDJubVQ8D/
1UNaGdZD8zLWQ41M1kMmZtZDwH/WQ1qZ1kPzstZDjczWQ2jm1kPA/9ZDgBrXQ/My10ONTNdD
JmbXQ59/10NamddD87LXQ43M10NH5tdDwP/XQ1oZ2EPzMthDjUzYQ/do2EPAf9hDWpnYQ/Oy
2EONzNhDJubYQ5//2ENaGdlD8zLZQ9RN2UMmZtlDwH/ZQ1qZ2UN2s9lDjczZQwbm2UPA/9lD
WhnaQ9Iy2kONTNpDJmbaQwKA2kM5mdpD0rLaQ43M2kMm5tpDwP/aQzkZ20PzMttDjUzbQwZm
20Off9tDOZnbQ9Ky20ONzNtDiebbQw==</AssayXData><AssayYData Points="100">867TvdvJsb1ZIIC99m0zvTYcBb0qRxy8hjtiO4Df2jyAMzw927xwPQmspT0FJ8U9qGHwPfYh
CT6q5hc+fdcpPmRzPz6hu1A+7zVePuQpcT7WFIE+fgaMPiZ3lD5XI50+qsWoPhirrz5Ea7c+
Dq3APig8yj5IANI+CZXcPiSq4j4Wmeo+SE32PqWo/T6HVAM/j4UIP3UfDD/sWBE/l3oUPzEi
GT+aDx8/6l8hPx07JT8mKCo/aGovP677Mj9Mazg/3SE7P791QD/SdEM/1FlJP0TVTT9KPlA/
ZTtVP60aWj/Wbl0/XsdgPwLjZT9qVmo/0ChuP6BJcz/7z3Y/Gd16P4wMgD8wv4E/gIaDP5Tc
hT9ltoc/h0iKPwtkiz9uzI0/zvaPP64ikj9IRJQ/VAyWPzElmD87Z5o/mDqcP7VZnj//dqA/
2m2iPw49pD9NqqU/uSqoP3TxqT/Mn6s/WNOtP8gksD97bLE/5vezP00Rtj/Yr7c/aZi5P9e6
uz+Gq70/IB+/P/iewT9OyMI/xDfEPw==</AssayYData></Step><Step><CommonData><SampleLocation>9</SampleLocation><SampleID></SampleID><SampleGroup></SampleGroup><SampleInfo></SampleInfo><SampleRow>E</SampleRow><SamplePlate>1</SamplePlate><WellType>BUFFER</WellType><Concentration>-1</Concentration><ConcentrationUnits>µg/ml</ConcentrationUnits><MolarConcentration>-1</MolarConcentration><MolarConcUnits>nM</MolarConcUnits><MolecularWeight>-1</MolecularWeight><Temperature>30</Temperature><StartTime>1281161</StartTime><AssayTime>60</AssayTime></CommonData><FlowRate>1000</FlowRate><StepType>BASELINE</StepType><StepName>Baseline 60</StepName><StepStatus>OK</StepStatus><ActualTime>59.999</ActualTime><CycleTime>0.2</CycleTime><AssayXData Points="300">IwDcQ5wZ3EM1M9xDz0zcQ2lm3EMCgNxDvZncQzWz3EPPzNxDqubcQwIA3UOcGd1DNTPdQ89M
3UOJZt1DAoDdQ5yZ3UM1s91Dz8zdQ8vm3UMCAN5DvRneQzUz3kPPTN5DaWbeQwKA3kO9md5D
NbPeQ/DM3kOJ5t5DIwDfQ70Z30M8NN9D8EzfQ4lm30MjgN9DvZnfQ1az30PwzN9DiebfQ+gA
4EO9GeBDVjPgQ/BM4EOJZuBDI4DgQ72Z4ENWs+BDlM3gQ4nm4EMCAOFDvRnhQ1Yz4UPwTOFD
iWbhQyOA4UO9meFDNbPhQzHN4UOJ5uFDIwDiQ70Z4kNWM+JD8EziQ4lm4kMjgOJDrpziQ1az
4kPwzOJDiebiQwIA40OiGuNDNTPjQ/BM40OJZuNDI4DjQ72Z40NWs+NDz8zjQ4nm40MjAORD
vRnkQ1w05EPwTORDiWbkQyOA5EOcmeRDNbPkQ/DM5EOJ5uRDIwDlQ70Z5UM1M+VD8EzlQ2lm
5UMjgOVDvZnlQ7iz5UPPzOVDaeblQwIA5kO9GeZDVjPmQ/BM5kNpZuZDI4DmQ5yZ5kNWs+ZD
8MzmQ2nm5kMIAedDvRnnQ1Yz50PPTOdDiWbnQyOA50O9medDVrPnQ8/M50Np5udDAgDoQ5wZ
6EM1M+hDz0zoQ4lm6EMCgOhDnJnoQ7iz6EPwzOhDieboQwIA6UOcGelDGzTpQ89M6UNpZulD
AoDpQ5yZ6UM1s+lDz8zpQ2nm6UMCAOpDvRnqQzUz6kPPTOpDaWbqQwKA6kOcmepDNbPqQ2vR
6kOw5+pDAgDrQ5wZ60M1M+tDz0zrQ2lm60MCgOtDnJnrQzWz60PPzOtDiebrQwIA7EOcGexD
NTPsQ89M7ENpZuxDAoDsQ5yZ7EM1s+xD8MzsQ2nm7EMCAO1DnBntQ1Yz7UPwTO1DqmbtQyOA
7UO9me1DVrPtQ/DM7UOJ5u1DIwDuQ70Z7kNWM+5D8EzuQ4lm7kMjgO5DvZnuQ1az7kPPzO5D
iebuQyMA70O9Ge9DVjPvQ/BM70OJZu9DI4DvQ72Z70NWs+9D8MzvQ4nm70MjAPBDvRnwQ1Yz
8EPwTPBDaWbwQ4WA8EO9mfBDVrPwQ8/M8EOJ5vBDIwDxQ5wZ8UNWM/FD8EzxQ4lm8UMjgPFD
vZnxQ1az8UPwzPFDaebxQyMA8kO9GfJDNTPyQ/BM8kOJZvJDAoDyQ72Z8kM8tPJD8MzyQ2nm
8kMjAPNDvRnzQzUz80PwTPNDiWbzQwKA80O9mfNDNbPzQ8/M80OJ5vNDAgD0Q70Z9EM1M/RD
z0z0Q4lm9EMCgPRDnJn0Q1az9EPwzPRDieb0QwIA9UOcGfVDNTP1QzFN9UNpZvVDKYH1QwSb
9UM1s/VDz8z1Q4nm9UMjAPZDvRn2QzUz9kPPTPZDaWb2QyOA9kOcmfZDVrP2Q/DM9kNp5vZD
AgD3Q5wZ90NWM/dDz0z3Q2lm90MCgPdDvZn3QzWz90PPzPdDaeb3QyMA+EOcGfhDNTP4QxdO
+ENpZvhDI4D4Q72Z+EM1s/hDz8z4Q2nm+EMCAPlDvRn5Q3cz+UPwTPlDaWb5QwKA+UOcmflD
NbP5Q8/M+UNp5vlD</AssayXData><AssayYData Points="300">E37PP/GovD8FjK8/kXClPxXdmz/pBZQ/i4GMP7E7hT/8XX4/AWx0PxeCaT9Du14/ZKZXPy6t
UD8HE0k/gnZBP5UGOz8qQDQ/ZlYxPwwGKz9iQyc/oZchPw+WHT8vuhk/6qkVP/1wET8I4A4/
YJQLP/ssCD9vUgU/tiwDP7QUAD+nCvs+sRj3PjTx8T7GMu4+4b3pPksZ5D5pxd8+DyzcPqYV
2j6cXNU+KArVPqJ10D6P9s8+O6HLPpbyxz7dXMY+oHrDPli2wD48yr4+qmG+Pi4kuj7Kybg+
N0K2PsY8tj4R6bI+GWOxPn+arj6yfa8+6GCtPug+qj60NKs+g2SoPkHPpj7pCqc+aEylPr2H
oz5iMqE+bPqgPjEZnz5qwaA+hgmePgfgmz7dXZ4+x5yZPlUSmj6c5pg+BySZPvPvlz7TwZc+
UACVPl7/lD6O8JM+NeWSPpGvkz7bDJM+BiuRPh5EkD6mC5A+VD+PPv2fjj5Ueo4+q5SPPhTh
jT7HyIs+Ep6NPhd2ij5AVoo+C5uJPgzgij52Oog+r3SIPna5iT6lpoc+ZQaIPmMUiD4sSIY+
zxmIPn12hz7/eoY+I1WGPjcvhT4V+oU+km2GPlBPhD5hM4Y+78SCPpklhD5cy4I+GGKDPlXX
gz5DM4I+cr+CPmhIgz4d7II+YIyBPl60gT4gGII+dvOAPgrGfD4KFIA+V6l+Pplufj5ogX0+
TRh9PkAFfj5Y/X0+36N6Pii/fT79Z3s+D2N6PiqjfD5TUXk+4NR5PoBveT4nM34+zRB6Pm8d
fD7ha3o+oBR4PjTldj6CuXc+jrh7PtdjeD6CTHw+aUl4Pms/dz4wH3s+AWB5PqDAdT5xYHk+
uS14PqZVeT5EEnU+cdh3PgJLdj6L93Q+1IJwPriCdT5zNHU+jthzPmAUcz6CpHM+zflzPirm
cz7vnXI++VZ0Pgewcz50V3I+GTVwPgKCcD55DnE+a2BvPmqtdD7IEnA+odhwPkQCcT77l3A+
eVZxPpwrcD4c5G8+wvBvPhRLcT55J28+KalvPgjnaz6zMnA+dZdvPjkIaz5+HG8+l6twPoby
bD7C2m0++YduPi1Nbz54AXA++kVuPmaEbz67G2s+qudsPppKbD6btWw+ThJvPvs0bj6V4Ws+
RwVqPrqEbT6Jl2k+uglsPoa1aj7A7Wk+uPtpPs84az6s5Gk+UnxrPsZNbj6uIWs+/DdqPsCl
aj4Ac2s+As1qPn2Naz6vA2o+X5tnPhBUaj4f02c+UqZmPh+MZz7+WGk+k4FnPm+qZT6aDWk+
KnpkPq4+aD4w3mo+4blqPizyZz71IGY+/KdlPnrjZD71f2c+u7drPn38ZD50GWg+8r5lPsxo
Zz7Qh2c+GwJoPrr9Yz4FjGc+9VJnPvhHYz7SqGU+sIRjPv0vZj79y2U+BtBkPq1/Yz72HWM+
POpnPsM9ZD4/k2U+/iZkPgTuYj79NmM+UzdlPnGRYT7xYWM+3f5mPuYdZT76YWQ+G4NiPidr
YD6leF8+vtpkPsXPZz5l62E+y0NiPppJYT6KVmI+5CVjPoapYT7+VmQ+l79jPgsIYT6h7WM+
C59gPqzkYD5NH2I+</AssayYData></Step><Step><CommonData><SampleLocation>10</SampleLocation><SampleID></SampleID><SampleGroup></SampleGroup><SampleInfo></SampleInfo><SampleRow>E</SampleRow><SamplePlate>1</SamplePlate><WellType>BUFFER</WellType><Concentration>-1</Concentration><ConcentrationUnits>µg/ml</ConcentrationUnits><MolarConcentration>-1</MolarConcentration><MolarConcUnits>nM</MolarConcUnits><MolecularWeight>-1</MolecularWeight><Temperature>30</Temperature><StartTime>1351122</StartTime><AssayTime>20</AssayTime></CommonData><FlowRate>1000</FlowRate><StepType>BASELINE</StepType><StepName>Baseline 20</StepName><StepStatus>OK</StepStatus><ActualTime>19.999</ActualTime><CycleTime>0.2</CycleTime><AssayXData Points="100">AwD6Q50Z+kMVM/pDr0z6Q2lm+kPif/pDnZn6QxWz+kPQzPpDaeb6QwMA+0OdGftDNjP7Q69M
+0NJZvtDA4D7Q52Z+0MVs/tD0Mz7Q0nm+0MDAPxDfBn8QzYz/EOvTPxDSWb8QwOA/EOdmfxD
FbP8Q9DM/ENp5vxDAwD9Q50Z/UMVM/1Dr0z9Q2lm/UPif/1DnZn9QxWz/UPQzP1DSeb9Q+L/
/UOdGf5DNjP+Q69M/kNpZv5D4n/+Q52Z/kMVs/5Dr8z+Q2nm/kMDAP9DnRn/QxUz/0OvTP9D
aWb/Q+J//0Odmf9DFbP/Q6/M/0NJ5v9DAgAARL4MAESLGQBEWCYARDUzAETxPwBEvkwARItZ
AERYZgBEJHMARPF/AETOjABEm5kARFimAEQkswBEAsAARL7MAESL2QBEWOYARDXzAEQCAAFE
zgwBRIsZAURYJgFEJDMBRPE/AUS+TAFEi1kBRFhmAUQkcwFE8X8BRL6MAUSLmQFEaKYBRCSz
AUTxvwFEvswBRIvZAURY5gFEJPMBRA==</AssayXData><AssayYData Points="100">we90u43kgr0Ak7m9bkvSvaCK2r0ayty90xPdvV7A3L0pVNG9y2DOvaEq0r0XgdK99gbOvc3W
y70qBMy9453EvTVOyb2DCsi9/329vfAuvr1pzMW9odjAvTFSxr2g6sC9NbK+vfY4xL1nMsK9
WOLAvbkku73U4La9JNC1vQ3ntr2Y4ry91TGzvZmMtr36Xbi9gO+svWwCt71Hqre931mxvUvL
rr3Zh7O98SS4vXLIt72q5a69uR+uvU4tsb1IbLG9xhmtvagMs73+ILG9YCSvvTm2qr0bV7K9
cSGtvfM0sb3ow6+9/j6rvT5dr70z3aq9l3WwvX3Ns73mfrG9coixvUdlqb1t4La9KHCuvWRN
rb3rCKy9deCpvV5usL3HqbG9sSqpvXrOs72ySK693XqrvWFDsb1BfKW9xiWsvabjqr3jP6q9
cPSuvS47rL09xqm9+GavvcVcrL3j0a29t9WlvQ0Npb0HK6u9+ZStva7xq72inqm9wEisvchg
q72cjp+9CeqpvdtTqL1XT6e9GB2nvQ==</AssayYData></Step><Step><CommonData><SampleLocation>11</SampleLocation><SampleID></SampleID><SampleGroup></SampleGroup><SampleInfo></SampleInfo><SampleRow>E</SampleRow><SamplePlate>1</SamplePlate><WellType>KSAMPLE</WellType><Concentration>-1</Concentration><ConcentrationUnits>µg/ml</ConcentrationUnits><MolarConcentration>-1</MolarConcentration><MolarConcUnits>nM</MolarConcUnits><MolecularWeight>-1</MolecularWeight><Temperature>30</Temperature><StartTime>1382061</StartTime><AssayTime>120</AssayTime></CommonData><FlowRate>1000</FlowRate><StepType>ASSOC</StepType><StepName>Association</StepName><StepStatus>OK</StepStatus><ActualTime>119.999</ActualTime><CycleTime>0.2</CycleTime><AssayXData Points="600">8f8BRL4MAkQuGgJERyYCRCQzAkTxPwJErUwCRHpZAkRHZgJEJHMCROF/AkStjAJEepkCREem
AkQUswJEZMACRL7MAkR62QJER+YCRBTzAkTx/wJErQwDRHoZA0RHJgNEJDMDROE/A0StTANE
i1kDREdmA0QkcwNE4X8DRK2MA0SLmQNEV6YDRBSzA0ThvwNErcwDRHrZA0RH5gNEFPMDROH/
A0StDAREehkEREcmBEQUMwRE4T8ERK1MBESLWQRER2YERCRzBETxfwREvowERKuZBERXpgRE
2LMERPG/BES+zAREi9kERFfmBEQk8wRE8f8ERL4MBUR6GQVEVyYFRCQzBUTxPwVEvkwFRItZ
BURXZgVEFHMFRAGABUS+jAVEgJoFRFemBUQkswVE8b8FRL7MBUSL2QVER+YFRCTzBUTGAAZE
rQwGRIsZBkRXJgZEJDMGRPE/BkS+TAZEi1kGREdmBkQkcwZE8X8GRL6MBkR6mQZEqaYGRBSz
BkThvwZEvswGRIvZBkRX5gZEJPMGRPH/BkS+DAdEixkHRFcmB0QkMwdE8T8HRGJNB0R6WQdE
R2YHRCRzB0TxfwdEco0HRHqZB0RHpgdERbMHROG/B0StzAdEi9kHREfmB0Q18wdE8f8HRL4M
CESLGQhEVyYIRCQzCEThPwhErUwIRJtZCERHZghEFHMIROF/CEStjAhE3ZkIREemCEQUswhE
4b8IRL7MCESL2QhEV+YIRCTzCESEAAlErQwJRHoZCURXJglEFDMJRPE/CUStTAlEelkJREdm
CUQUcwlElYAJRK2MCUR6mQlEqaYJRBSzCUThvwlErcwJRHrZCURX5glEFPMJROH/CUStDApE
ehkKREcmCkQUMwpE4T8KRK1MCkR6WQpER2YKRBRzCkThfwpErYwKRHqZCkRHpgpEFLMKROG/
CkStzApEi9kKREfmCkQk8wpE4f8KRK0MC0R6GQtEHCcLRBQzC0TxPwtEvkwLRHpZC0RHZgtE
JHMLRPF/C0S+jAtEvJkLRFemC0QkswtE8b8LRL7MC0SL2QtEV+YLRCTzC0Tx/wtEvgwMRIsZ
DERXJgxEJDMMRPE/DES+TAxEi1kMRFdmDEQUcwxE8X8MRL6MDESLmQxEV6YMRCSzDETxvwxE
vswMRIvZDERX5gxEJPMMRPH/DES+DA1EixkNRFcmDUQkMw1E8T8NRL5MDUSLWQ1EDGcNRBRz
DUTxfw1EvowNRIuZDURXpg1EJLMNROG/DUS+zA1Ei9kNRFfmDUQU8w1E4f8NRL4MDkSLGQ5E
VyYORCQzDkTxPw5EvkwORItZDkRXZg5EFHMORPF/DkStjA5Em5kOREemDkQksw5E8b8ORL7M
DkSL2Q5EV+YORCTzDkTx/w5ErQwPRHoZD0RXJg9EFDMPRPE/D0StTA9EelkPREdmD0QUcw9E
4X8PRL6MD0SLmQ9ER6YPRBSzD0Txvw9ErcwPRHrZD0RH5g9EFPMPROH/D0StDBBEehkQRHgm
EEQkMxBE8T8QRK1MEER6WRBER2YQRBRzEEThfxBErYwQRIuZEERHphBEFLMQROG/EEStzBBE
i9kQREfmEEQU8xBE4f8QRK0MEUR6GRFERyYRRBQzEUThPxFErUwRRHpZEURHZhFEJHMRROF/
EUStjBFEepkRREemEUQUsxFE4b8RRL7MEUR62RFEV+YRRBTzEUTh/xFErQwSRHoZEkRHJhJE
JDMSROE/EkStTBJE/VkSRFdmEkQUcxJE4X8SRK2MEkSbmRJEV6YSRCSzEkTxvxJEvswSRIvZ
EkRX5hJEJPMSRBIAE0S+DBNEixkTRFcmE0TYMxNE8T8TRL5ME0SLWRNEV2YTRCRzE0TxfxNE
vowTRIuZE0RXphNEJLMTRITAE0S+zBNEi9kTRFfmE0Qk8xNE8f8TRL4MFESLGRRERyYURCQz
FETxPxRE/0wURItZFERXZhREJHMURPF/FES+jBREepkURFemFEQksxRE8b8URK3MFESL2RRE
R+YURCTzFETx/xRErQwVRIsZFURHJhVE3zQVRPE/FUS+TBVEelkVRFdmFUQkcxVE4X8VRK2M
FUSLmRVEV6YVRBSzFUTxvxVEvswVRKvZFURX5hVEFPMVROH/FUStDBZEixkWRFcmFkQkMxZE
Q0AWRK1MFkR6WRZER2YWRBRzFkThfxZErYwWRHqZFkTaphZEFLMWROG/FkStzBZEi9kWREfm
FkQk8xZE8f8WRK0MF0R6GRdERyYXRCQzF0ThPxdErUwXRItZF0RHZhdEFHMXROF/F0StjBdE
epkXREemF0QUsxdE8b8XRL7MF0R62RdEV+YXRBTzF0Tx/xdErQwYRHoZGERHJhhEjTQYROE/
GEStTBhEelkYRFdmGERVcxhE4X8YRK2MGER6mRhER6YYRBSzGEThvxhErcwYRC7aGERH5hhE
FPMYROH/GEStDBlEehkZREcmGUQkMxlE4T8ZRK1MGUSLWRlER2YZRCRzGUTxfxlErYwZRIuZ
GURXphlEJLMZRPG/GUS+zBlEi9kZRFfmGUQk8xlE8f8ZRL4MGkSLGRpE8ScaRCQzGkTxPxpE
vkwaRItZGkRXZhpEJHMaRPF/GkS+jBpEi5kaRFemGkQksxpE8b8aRL7MGkSL2RpEV+YaRCTz
GkTx/xpEvgwbRIsZG0RXJhtEJDMbRPE/G0S+TBtEi1kbREdmG0RFcxtE8X8bRL6MG0SLmRtE
V6YbRCSzG0TxvxtEvswbRIvZG0RX5htEFPMbROH/G0S+DBxEDhocRFcmHEQUMxxE8T8cRK1M
HER6WRxEV2YcRCRzHETxfxxEvowcRIuZHERXphxEJLMcROG/HES+zBxEi9kcREfmHEQU8xxE
ZAAdRL4MHUR6GR1EVyYdRI00HUTxPx1EvkwdRHpZHUSpZh1EFHMdRGCCHUSPjx1Em5kdREem
HUQksx1E8b8dRK3MHUSL2R1ER+YdRCTzHUTx/x1ErQweRHoZHkRHJh5EFDMeROE/HkStTB5E
elkeREdmHkQUcx5E4X8eRK2MHkSLmR5ER6YeRBSzHkThvx5EvsweRHrZHkRH5h5Ep/MeRPH/
HkStDB9EixkfREcmH0QUMx9E4T8fRK1MH0R6WR9ER2YfRCRzH0Thfx9ErYwfRHqZH0RHph9E
FLMfRHTAH0StzB9Ei9kfREfmH0QU8x9E</AssayXData><AssayYData Points="600">tPTiPW+lHj5VwDk+NnNLPl7jUD6cW1o+wrpYPizIYD7Y2F4+rOhlPomZYz6YuWI+xIVkPg10
ZD5pR2Y+C+NpPr1TZz6yfGY+20dlPv+3ZT7nkmg+rd1rPpgAaj59Qms+IR9rPuU8aT6jRms+
CeNtPlNWbT6eU24+zOtsPlqCaT4Sy2w+5LRzPqhhcj7ikG0+D4pwPqi/bD62k20+ATJyPnBs
cz7+B3c+0oxvPj9LdD7TC3E+Xh5xPsxQdD4NP3U+vJVzPtuPdD7aInM+WbR1Pqghcz4+BHM+
09p3PjIxdT4L1XQ+m4p4PmkheT4I9nc+QWB1PogwdT7IN3w+hWR2Psvddz4d9Xc+H4h6PqYO
dj7h73c+5Zh4PmjreT59pns+SL93Pl7dej54PXw+1k59PkhKez74nns+1i57PiYkfj78Fn8+
Rlh8Ph3vez6O4nw+NKF8Psrdez42eXo+Z7J9Pphqez4BF3s+6z+APuRbfj7P0H4+43x7Pl1T
fj56JH0+iJuAPlBpfz6S034+Mz9/PuIogT5Qyn0+MJaBPrLJfj5qq4A+9f5+PiLAfj5Un4A+
cD1/PnRhgT7aJYA+yOSAPttngT68PIE+PsyAPrcpgT6X3IA+rtGBPkSogT70o4A+bHuBPua9
gD6Lcn8+NheCPttcgT79/YA+zxCAPrpSfz7NBoE+MQ2CPvKrgz7rh4M+7y6DPp4Ygj4Tb4I+
RWWBPjxogD6t1oI+W0yDPgU9gj591oI+RhqDPj3Mgj4hNYI+322CPljqgj6lI4I+7CyEPlOj
gT5SpoE+WhWCPiYYgj598IE+mSCCPsNHgj4NgoI+IjGCPt+Fgz7nBYQ+BFmEPlqFgj7NuIU+
kq2CPjXhgj5DG4U+payCPt5Pgz46KIE+ZkeCPqC6gj6vGoI+MiOEPncxhD68dYM+pZeEPmO5
hD4+8oI+ipyDPlmYgj78tYM+fv2EPjT8gT6ZYYM+6neDPv+ShD5BQIM+s92EPhucgz55JYU+
kO+DPolkgz6YBYM+6NeCPnL4hD7EBoM+meODPvUigz5SjoQ+wLGEPtZ3hD4gbIQ++4mGPoEg
hD6Be4M+e8uBPqTigz5MS4U+MteGPsvYhD5tYoU+Op2EPqMehT4PRIQ+vOWFPnwnhj4Xm4U+
hsyFPv5PhT6M/IU+QxCEPsUUhT5h14Q+53+FPn8rhT613IU+PaCDPjY7hT4fdIQ+4MGFPhzD
hD7S/oQ+HgWGPsePhj58IIQ+z2eGPvXJhj5qKoU+ix6HPlVuhT7Q7YU+KzKGPp4Chz6Yy4Y+
DByGPhQ/hz4+FIY+jRiFPiLNhD7OXYU+nSiFPibNhj6lRIY+Y02EPqFghz4Y9IM+emyFPoAM
hz688IU+wqyFPtE/hD7EE4g+XbiHPgLXhT4BcIY+PJ+EPjl7hj7ak4c+GyeGPmC5hj7rt4U+
HMuGPmhDhz7VUYY+mnWGPmE2hj6yi4Y+wd6HPs6bhj6W64U+Jl2EPl8qhj6G2YU+tEKGPgqC
hj7eA4g+NV+IPrxWhz4ixYY+oj6GPhNlhz5LEIc+OemHPgd5hj6EQYg+Pc6GPqdQhz7qZog+
1qaHPmuOiD5XC4Y+c4+GPnJfhz5aSYc+a9KGPtBfhj5KwYY+HjSIPrh8hz5/toQ+H9CHPqKD
hD4S5IY+g26GPnqFiD6diYU+CkmGPuMthz5KyIg+yv+HPiWbiT4ZroU+SSKGPhZ3iD4aLIc+
VRKHPvDgiD5cUYg+DE6HPrPRhz60aYU+HEaIPqBDiD7atoc+QoKFPmd1iD75zIc+fhWIPt1c
iD53uIU+0AaHPpKziD63RYk+YHKIPleXiD7lJYc+ys6GPhMqiT7UyIg+mh+JPsWTiD5zkoc+
GtKGPv4qiT4IcIc+PYiIPnwohj4lk4c+wRGIPsLuhj43i4g+tFSIPs/niD7XG4c+5y6JPoLt
hz4d5Yg+vpeGPrqlhj6bR4c+w6OIPriQhj4dc4s+CdWHPl4EiT6MH4c+p6CKPkrhhz5X6Yg+
o2aJPlwTiD65H4o+cEOJPjC+hz6W9Ic+jHmHPul8hj7344g+c+qHPg8ciT4SJoY+udiHPqhW
iT7REIc+YzqGPjiEiz66i4g+B1eHPrV7iD4zm4Y+00iJPtFSiD7RDIo+k7mIPsQuiT6YCok+
vB2KPm7fiD5S/oo+0YGKPoD8iD59gYo+dA+JPjnFiD4k6Ic+K06JPsONij5aR4k+Yy2JPgC6
iD4YQYk+a4GJPoTQhz5fIoc+IbWJPsACiD5PsIg+EmqJPvH+iT5/yYc+57GJPiSjiD5pPYk+
d0SJPu6miD7Yaos+zfiKPmjpiT4B1Yo+W42IPiVUij7h+Ig+8EqKPosCiT5hsYg+hYyJPn1R
iT7/ZIo+hM+JPt5wiT5rVYo+GvSIPoe9iD625Ig+1piIPkhHiT4tLYs+BGmKPibCiT6dl4k+
D8KJPsqBiD5ZDYo+wfmJPvnlij6agIk+U76JProriT76UYk+U4GJPmEoiz7axIk+L8uKPlXn
ij5OyYk+p9qJPnuNij5/2Ik+xGOKPtnfiD4wSoo+zM6KPsxaiT5qqoo+WnyKPp2TiT5W3Ik+
JBuIPrMaiT6mbos+duyJPsO2ij7h74g+EiSKPjgpiD61vIk+S8CJPt7Mij57KIo+A0eLPpFK
ij5UZoo+qu6JPgvnij4zlok+0bKMPpnMij73BYs+GsmKPgF2ij6ED4k+xtuKPmLsiz7RA4s+
jlmKPmNsij7Dhoo+Ri+LPujXij7q/4k+4k+JPiPNiT7DqIo+ZimMPj+SiT7EBYs+P4KKPreY
iT7CEYo+LamJPga5iD7QeIs+HZWLPpV6jD7UqYk+VsaLPnG1iz7nCY4+v0KNPpjHij4Gj4o+
N1yLPm3WiT4Qh4g+A/iMPtmhiz6kTYo++UmLPnCuij6puoo+Qr2LPj7tiz4Ecos+FFOMPux8
iT65Vos+J9CKPtZSiz47MIo+uoWJPuqpjD5vyoo+sYiLPkgDiz75OYw+cUGNPh0ciz6obos+
vVuJPv4iiz6Gd4g+xoOLPknyiz6ZV4o+6v2LPpTLiT7wQIw+WKqKPj2Yiz6jfYo+BqOKPkln
iz46wIw+yfiKPsqkiz43Cow+21CKPpBkjD6Pi4s+2VyOPqY4jD6CyIo+FByKPoefiz6A3Yw+
RBeMPsV6iz6GsYo+hhqMPoNKjD5Q64s+</AssayYData></Step></KineticsData></ExperimentResults>
