<?xml version="1.0" encoding="UTF-8" standalone="yes"?>
<ExperimentResults><ExperimentInfo Name="20251008 UPFB0001"><ExpDescription>AHC example method - full characterization&#13;
Analyte titration series with reference channel</ExpDescription><RTDVersion>2.0</RTDVersion><RunID>44513BEA-5865-4B65-BE64-68D265EFB71C</RunID><ExperimentType>KINETICS</ExperimentType><ExperimentSubType>KBASIC</ExperimentSubType><StartDateTime>2025-10-08T15:26:04</StartDateTime><MachineName>BN7KX12</MachineName><UserName>octet</UserName><LotNumber></LotNumber><PlateName>251008</PlateName><PlateName2></PlateName2><SensorName>G2</SensorName><SensorPlate>1</SensorPlate><SensorType>AHC (Anti-hIgG Fc Capture)</SensorType><SensorRole>LIGAND</SensorRole><SensorInfo></SensorInfo><WritingSW>DataAcquisition.exe 11.0.2.1</WritingSW><InstrumentType>OctetRED96</InstrumentType><InstrumentSerial>FB-50284</InstrumentSerial><InstrumentFW></InstrumentFW><IntegrationTime>2.3</IntegrationTime><DSPType>CPF</DSPType><DSPStitching>1</DSPStitching><HasManifest>1</HasManifest><InfoHash>-1324819486</InfoHash></ExperimentInfo><AssayParamsInfo/><KineticsData><Step><CommonData><SampleLocation>1</SampleLocation><SampleID>Running Buffer</SampleID><SampleGroup></SampleGroup><SampleInfo></SampleInfo><SampleRow>G</SampleRow><SamplePlate>1</SamplePlate><WellType>BUFFER</WellType><Concentration>-1</Concentration><ConcentrationUnits>µg/ml</ConcentrationUnits><MolarConcentration>-1</MolarConcentration><MolarConcUnits>nM</MolarConcUnits><MolecularWeight>-1</MolecularWeight><Temperature>30</Temperature><StartTime>612973</StartTime><AssayTime>180</AssayTime></CommonData><FlowRate>1000</FlowRate><StepType>BASELINE</StepType><StepName>Baseline 1</StepName><StepStatus>OK</StepStatus><ActualTime>179.999</ActualTime><CycleTime>0.2</CycleTime><AssayXData Points="900">AAAAAM3MTD7NzMw+mpkZP0SLTD8AAIA/mpmZP28Ssz8IrMw/okXmP05iAEDNzAxAN4kZQARW
JkAzMzNAAABAQGq8TECamVlAyXZmQDMzc0Ce739ANV6GQM3MjEACK5NAmpmZQM/3n0BmZqZA
nMSsQDMzs0BokblAAADAQDVexkCcxMxAMzPTQJqZ2UAAAOBAmG7mQJzE7EACK/NAmpn5QM/3
/0AzMwNBZmYGQYGVCUG0yAxB5/sPQRsvE0FOYhZBmpkZQc3MHEEAACBBGy8jQU5iJkGamSlB
tMgsQef7L0EbLzNBTmI2QYGVOUG0yDxB5/s/QRsvQ0GNl0ZBgZVJQbTITEHn+09BMzNTQU5i
VkGBlVlBtMhcQQAAYEEbL2NBTmJmQYGVaUG0yGxBGQRwQRsvc0FOYnZBgZV5QbTIfEHn+39B
ppuBQScxg0HByoRBWmSGQfT9h0GamYlBMzOLQeXQjEFmZo5BAACQQZqZkUEzM5NBzcyUQWZm
lkEAAJhBppuZQTMzm0HNzJxBZmaeQQAAoEEtsqFBMzOjQc3MpEFmZqZBAACoQZqZqUEzM6tB
zcysQWZmrkEAALBBmpmxQTMzs0HNzLRBi2y2QfT9t0GamblBMzO7Qc3MvEFmZr5BAADAQZqZ
wUFkO8NBwcrEQVpkxkEAAMhBmpnJQTMzy0HNzMxBZmbOQQAA0EGamdFBJzHTQc3M1EFmZtZB
AADYQZqZ2UEzM9tBzczcQVpk3kGHFuBBmpnhQTMz40HByuRBZmbmQQAA6EGamelBJzHrQdnO
7EFmZu5BAADwQY2X8UEzM/NBzcz0QWZm9kH0/fdBjZf5QTMz+0HByvxBZmb+QfT9/0HHywBC
mpkBQmBlAkIzMwNC+v4DQtPNBEKTmAVCYGUGQjMzB0IAAAhCzcwIQpOYCUJmZgpCLTILQvr+
C0LHywxCk5gNQmBlDkJ3Pg9CAAAQQsfLEEKamRFCkW0SQi0yE0L6/hNCx8sUQpqZFUJgZRZC
MzMXQvr+F0J/6hhCrJwZQmBlGkItMhtC+v4bQsfLHEKTmB1CYGUeQi0yH0IAACBCx8sgQpOY
IUJgZSJCLTIjQvr+I0LHyyRCmpklQmZmJkI5NCdC+v4nQsfLKEKTmClCYGUqQi0yK0L6/itC
x8ssQpOYLUKqcS5CLTIvQvr+L0LHyzBCk5gxQmBlMkIzMzNC+v4zQsfLNEKamTVCZmY2QjMz
N0IAADhCzcw4QpqZOUJmZjpCMzM7QgAAPELNzDxCmpk9QmZmPkIzMz9C+v4/Qs3MQEKamUFC
ZmZCQjMzQ0IAAERCzcxEQpqZRUJmZkZCMzNHQgAASELNzEhCmplJQmBlSkIzM0tCAABMQs3M
TEKTmE1CZmZOQjMzT0IAAFBCx8tQQpOYUUJmZlJCMzNTQvr+U0LHy1RCmplVQmZmVkIzM1dC
+v5XQs3MWEKamVlCZmZaQi0yW0IAAFxCzcxcQpqZXUJmZl5CMzNfQgAAYELZzmBCmplhQmBl
YkItMmNCAABkQs3MZEKTmGVCZmZmQjMzZ0IAAGhCzcxoQrieaUJgZWpCMzNrQvr+a0LHy2xC
mpltQmZmbkItMm9C+v5vQsfLcEKTmHFCYGVyQjMzc0IAAHRCx8t0QpqZdUJmZnZCTDd3QgAA
eELNzHhCmpl5QmZmekIzM3tC+v57Qs3MfEKamX1CYGV+Qi0yf0KDAIBC42WAQt/PgEIzM4FC
F5mBQn3/gULjZYJCzcyCQrAyg0IXmYNCjwKEQuNlhEJKzIRCMzOFQheZhUIAAIZCZmaGQkrM
hkKwModCF5mHQn3/h0JmZohCSsyIQjMziUKamYlCAACKQuNlikJKzIpCsDKLQheZi0IAAIxC
42WMQkrMjEKwMo1CF5mNQn3/jUJmZo5CzcyOQrAyj0IXmY9Cff+PQuNlkEJKzJBCsDKRQheZ
kUJ9/5FCZmaSQkrMkkIzM5NCmpmTQgAAlEJmZpRCzcyUQjMzlUK4npVCAACWQmZmlkLNzJZC
MzOXQpqZl0IAAJhCZmaYQs3MmEIzM5lCmpmZQgAAmkJmZppCVs6aQjMzm0KamZtCAACcQulm
nEJKzJxCMzOdQpqZnUIAAJ5CAmueQs3MnkIzM59CmpmfQoMAoELjZaBCzcygQjMzoUKamaFC
AACiQuNlokLNzKJCMzOjQheZo0IAAKRCf2qkQs3MpEJSOKVCF5mlQgAApkLjZaZCzcymQjMz
p0IXmadCff+nQuNlqELNzKhCsDKpQpqZqUJ9/6lCG2+qQs3MqkIzM6tCF5mrQn3/q0LjZaxC
SsysQjMzrUIdmq1CAACuQuNlrkLNzK5CsDKvQpqZr0IAALBCZmawQkrMsEKwMrFCmpmxQn3/
sUJmZrJCSsyyQjMzs0KambNCAAC0QuNltEJKzLRCsDK1QqCatUJ9/7VCZma2Qs3MtkKwMrdC
F5m3Qn3/t0LjZbhCzcy4QrAyuUKamblCAAC6QuNlukJKzLpCsDK7QheZu0J9/7tC42W8QkrM
vEKwMr1CF5m9Qn3/vULjZb5CSsy+QrAyv0IXmb9CAADAQuNlwELNzMBCsDLBQheZwUJ9/8FC
42XCQkrMwkKwMsNCF5nDQn3/w0KFa8RCzczEQjMzxUKamcVCff/FQuNlxkLNzMZCMzPHQheZ
x0IAAMhC42XIQkrMyEKwMslCppvJQn3/yULjZcpC2c7KQrAyy0KamctCAADMQmZmzELs0cxC
MzPNQpqZzUIAAM5CZmbOQs3MzkIzM89CmpnPQgAA0EJmZtBCzczQQjMz0UKamdFCAADSQmZm
0kLNzNJCMzPTQpqZ00IfBdRCZmbUQs3M1EIzM9VCmpnVQn3/1UJmZtZCzczWQjMz10KamddC
AADYQmZm2EJKzNhCMzPZQpqZ2UJ9/9lC42XaQs3M2kKwMttCmpnbQgAA3EJmZtxCzczcQjMz
3UKamd1CAADeQvZo3kLNzN5CsDLfQpqZ30J9/99C42XgQs3M4EIzM+FCmpnhQgAA4kJmZuJC
zcziQjMz40I1nuNCff/jQuNl5EJKzORCsDLlQheZ5UIAAOZCZmbmQuXQ5kKwMudCmpnnQgAA
6ELjZehCzczoQrAy6UIXmelCff/pQuNl6kJKzOpCsDLrQpqZ60J9/+tCZmbsQkrM7EKwMu1C
F5ntQoMA7kLjZe5CSszuQrAy70Kame9CAADwQuNl8ELNzPBCsDLxQheZ8UJ9//FCZmbyQkrM
8kLPN/NCF5nzQn3/80JmZvRCzcz0Qmo89UIXmfVCff/1QvBn9kLNzPZCsDL3QheZ90J9//dC
42X4Qs3M+EKwMvlCF5n5Qn3/+ULjZfpCSsz6QjMz+0IXmftCHwX8QuNl/EJKzPxCsDL9QheZ
/UJ9//1C42X+QkrM/kKwMv9Cmpn/Qn3//0IzMwBDJWYAQ1iZAEOLzABDvv8AQ/IyAUO0aAFD
mpkBQ4vMAUO+/wFD8jICQ3NoAkOamQJDzcwCQwAAA0MzMwNDZmYDQ5qZA0PNzANDAAAEQzMz
BENmZgRDmpkEQ83MBEMAAAVDMzMFQ2ZmBUOamQVDzcwFQwAABkMzMwZDZmYGQ5qZBkPNzAZD
AAAHQzMzB0NmZgdDmpkHQ83MB0MAAAhDMzMIQ2ZmCEOamQhDzcwIQwAACUMzMwlDZmYJQ1iZ
CUPNzAlDvv8JQzMzCkNmZgpDmpkKQ4vMCkMAAAtDMzMLQ2ZmC0OamQtDi8wLQwAADEPyMgxD
ZmYMQ5qZDEPNzAxDAAANQ/IyDUMlZg1DmpkNQ83MDUMAAA5D8jIOQyVmDkNYmQ5DzcwOQwAA
D0PyMg9DJWYPQ5qZD0PNzA9DAAAQQ/IyEENmZhBDmpkQQ83MEENCABFDMzMRQ2ZmEUOamRFD
zcwRQwAAEkPyMhJDJWYSQ5qZEkPTzRJDvv8SQzMzE0MlZhNDmpkTQ83ME0MAABRD8jIUQ2Zm
FENYmRRDi8wUQ77/FEPyMhVDZmYVQ1iZFUPNzBVDvv8VQ/IyFkMlZhZDWJkWQ4vMFkMAABdD
tjMXQyVmF0NYmRdDi8wXQ77/F0PyMhhDJWYYQ1iZGEOLzBhDvv8YQzMzGUMlZhlDWJkZQ83M
GUO+/xlD8jIaQ6hmGkNYmRpDi8waQ77/GkPyMhtDJWYbQ1iZG0OLzBtDvv8bQ/IyHENmZhxD
WJkcQ4vMHEO+/xxD8jIdQyVmHUOamR1DzcwdQwYBHkPyMh5DZmYeQ1iZHkPNzB5DAAAfQzMz
H0NmZh9DmpkfQ83MH0MAACBDMzMgQ2ZmIEPbmSBDzcwgQwAAIUMzMyFDZmYhQ5qZIUPNzCFD
AAAiQ/IyIkNmZiJDmpkiQ4vMIkO+/yJDMzMjQ2ZmI0OamSNDzcwjQwAAJEMzMyRDZmYkQ5qZ
JEPNzCRDAAAlQzMzJUNmZiVDmpklQ83MJUMAACZDMzMmQ2ZmJkNYmSZDUM0mQwAAJ0MzMydD
ZmYnQ5qZJ0PNzCdDvv8nQzMzKENmZihDmpkoQ83MKEMAAClDMzMpQyVmKUOamSlDzcwpQ77/
KUMzMypDZmYqQx2aKkPNzCpDywErQzMzK0MlZitDmpkrQ83MK0MAACxD8jIsQ2ZmLENYmSxD
zcwsQ77/LEMzMy1DZmYtQ6CaLUOLzC1Dvv8tQzMzLkMlZi5DmpkuQ4vMLkMAAC9DMzMvQ2Zm
L0NYmS9Di8wvQwAAMEN7NDBDJWYwQ1iZMEOLzDBDvv8wQ/IyMUNmZjFDWJkxQ83MMUO+/zFD
MzMyQyVmMkNYmTJDkc0yQ77/MkMzMzNDJWYzQ5qZM0OLzDND</AssayXData><AssayYData Points="900">AAAAAD4t7zlxA3Q69tmKO2k5H7v2sn071pM7O6wOPDtCx0E7Oij6OTRRbTsD84M73r/yOroh
zjsyJJ873YnjOwoVrTtdm6w7dn+EOznllDshug07DSiuO74AADtjnr47uDtGO2R7xzsf2wM8
ibq0O5AF5Tt3cUM7aA01O4I+6jucsZE7GUcBPAyipjuwif47UxmHO5WDgjsUY547Gg2kO+1Y
2Dt+Kpw7JeEnPIHy+Tuk8L474yvTO+rm1juKRFE7nNg0PNhzFTxoX6o76JKdO+6nuTuLSJs7
ztsMPBeTETzMIAg88jjTO/RpQDxqhBk8DgQgPDmQQTxdyRc8XswxPClCkju7lGk7cWwtPJIP
sTsO0wA8Ht33O0QP4TuUewU8ZbocPOWm4DvY7hM8P2ybO8DiBjzhmwg8AtQPPCuQDjyV4zI8
bV8gPCKXHDxlUUM8N/tBPLHGNTw80zA8RwgEPO/o+DsTaD88rVz1O46cHTwkVxA8u0SqO3rY
6zvlhjw8PpTRO3QQJDyqfi08OC4jPG6SGTyu+zs8nmeOPMZhHDxipSw8sEtvPISl5DuLtgY8
jbl1PGOCKDx06R08A1MnPKPKEDzbNDA8TbY+PEmFgDxpmUA8W+NAPBu/QjwUeDY8nnmGPKPX
eDxFUDo8PQU8PFpsEzxC2ik8nChbPGV6gjx5iTc8A/1ZPFMcRTwh5GQ81McNPE6ffjzVoGc8
GHpzPFCAbjwdnCU8EJtQPDxBXTxdzJE8Dd8UPPeShTyWqIM847ZRPKQGjTxUo0w8gF5YPFhN
Tzy+e3I81wJFPLcBbzwyMoY8xatKPB1VGTzXsY88mBZZPILBQjydK3k8Ytd/PBMPVjyZY108
MPpoPMZhgDygy5Q8N31/PPYLWDwV8nY8n94zPHSjgDy+T3Q8PhJiPE7mmDxg2Yw8R4gxPKVE
gjzVa2Y8Y3FIPGsmfjzyj3w81WiHPACVUjx+34s8TQSMPOGdMTzaGTk8yWN8PJbVhTyTAZI8
QIiHPNMWlTx9sFg8D76IPF19jjwIea48+SSEPEDukDwIoIc82HN2PHqFjjyv22g85i6DPN4f
oTy+70U8cB2ePPUJnDydXI48HLtZPBw7iDyA9as8d+SPPPegjzyhgpE886uMPFOciDyg02s8
aE58PJXhkjw7LII8nr26PF6OlDzQ0ZE8UqxuPIL3oTwgrLA8MauOPOoEljw6PHo8s6CKPAa1
jDx0T5U8TEKSPGsliDxTooI8of5VPGq0rzyDRKY89ZmAPB0zoTwz+4E8ai+hPDmmjDzSVpo8
QvGTPBbRVzyZa7U8hVKaPIA6pDzBlo08ihuiPHtiijwWVZg8fwaCPFFCjjwDdas87OiwPMU2
kzww2aI8radyPMmpsjxsPos8ENKUPCYXkTy7epw8obO2PFQYijxgSag84VKNPJ/lpzxxgY08
/qagPDnhjTyf0aw8h4GsPCmNqzyJRoU85GuNPOdwnjzUOJw8DyehPGSImTxI7o88tdGcPPOh
vTy1jaE8HGOLPBjehDzIbHs8HMHMPO/KsjwDwp48ubq+PLC/izw7BLQ8ocObPDgwkzz1wZo8
DD5UPNAPtDxcdJM8f/qhPNZqljxrbrs8lCSoPORypDwDgrU8xR2sPADBmDyO+4Y8tgm4PN2d
tTyhf6k84WqxPOgSszz64KI8HOq1PAPspDyUYpk82bKUPJ8iuTxn4cU8UAemPAwgpzzkr6E8
xaC+POzKqjw8p6A8/hOyPMa9vTzDwMs81kihPOg6rzzJr5M8zlqePAsA1zwYAc48fe6kPHfA
rzwTRsI8uC3RPBfRkDxcVrM8UR62PHLanDzrGak8zgyTPHR4yzxmxLM8sMWiPHvNxjxnh6w8
1GqiPIHKoDxT8bA8xwm5PALKozwQsKQ8ogOtPKfjrjymt7I8qIi6POJntDz7N6U8NSe5PLmc
xDyGw7c8P9ipPNS2oDx0L6w8uk/GPFkqvDz7WL88fyyvPKbruTwN4rM8Bqu7PPe6vTzFGaw8
ZTO4PI5tozzKYM08U5nEPCGn0TxRFsg8J9W1PC7pxjyuAsE8cLGqPAl5zTxNI8Q8lPjUPJjE
uTylD7U8emDXPF/Ctjzs/908kP6lPLikvzzqpbs83Ny6PEeh0Dw0YrQ8V1iqPIoIxjy7G8I8
r4DPPDOU2DxbK9U8H2WuPL/5zzyPqLo8gXHGPAcUrTyqGcA8IAPDPG9sqTzQBsk87RfNPE7B
nTxVvtU8QdzUPDvRtjwRecM885rRPPwM3zyvILA8hBOsPJ1I0jzryME8lG/cPF/eyzxodNs8
iTC3PAY2tTyJScU85T25PDmppjyqWLE8I7W6PKOU3DzDYNE82uvAPJ2JzDzigdc8sRzhPJjA
xjyqwps8wr3WPPWJzzzicMA8xECzPAb11Dy05r881abIPDK74Dys3Mw8xM27PPjU3jzBEr88
7l/BPIK33DxaYMs8lW/kPB2J1zw8Vr88BY+4PDRB0Tyy/c88y3vYPGxKyjzDVqU8M8zJPJRJ
5jwA6Ms8+knOPB8Xwjzmz9Y8rADqPI1JxTzOwdM8M0C0PHzC1jwcM7Q8N9y3PGKl8Dz84cE8
ylDaPIJQvTxpxM88WRzfPE9i1Dyp6/U8AfXRPA/guDyPROE8XPnjPIAoxjz+jts8EgDLPAf/
qzzmR9c8OA/IPIDIwjwandU8R8OxPBpTwzwxBO48HxbXPENE1zwpqNw8uLrXPF1O1Dy+Ts48
YY7DPPfQ0Dxj38Q8Ls3FPOSw2jwaVMk8FaXhPNcUzjywyeY8++fiPD7O0zzpPuY8z0S/PL2M
tjzftM88h7bDPMV/wjy058s8R1baPC2KyjzA5NM8doLdPPnW3jw0W/w8GLLXPIYKtjzw3cg8
mmTZPJn42Tygj8w8Dd/qPJmW4TxeRcQ8kEHKPGFvwTw93OI8gd7fPA+GvzwfaPY8cEf8PIn3
vDwWf988K3DWPCpStDyQybw80AroPIbM3TzDdvQ8pDfoPJhc3zwxBvA8y4gDPVUqzjxuMt88
bhPnPAJosjwXEeE8a1nZPFiRxDyYnrQ86n3gPAhw5jwGw948UAnbPDxU5zyr0Nk8CfLqPMxB
6jxAms48rJTFPHnU7TyQl8U8p2LiPIjs2zxC3+08KjPTPOz6zzx1FNQ8ovTcPGBp5Dwcat88
wgPvPJ8d9jxSlOU8M+jbPAna+jwDyvA84CHOPLSa0zx2/dE809vaPL378DyJO8I8DN7XPEy8
4jzu3+c8JZ7WPEyp/TzXNvo8aznePIFa6Dxk2tI8Ror2PDND6zxZ2948U9XUPEU0/jyT3N48
MG7gPLYizDxQj8s8ohzmPPH0yDyw9Oc8GaUBPZAT7jx8xuU8+BnEPMxtzjzgTNo8eQ/gPLtL
2DxmcNQ85ivFPJiU6jyGVLs8QfDvPLffxDwFx/M8YI/YPM4G7zxQncs8e0fXPPdd2zwy5eM8
z27bPLBG1jx+nrw8tj73PA8n1DxJNNQ8id3wPEBS9DwPe+Q8mnbfPI8M4Tz03fc8KqnaPGLJ
+TxbycI8kgADPTv7AT3iY9w89wH9PPYw2TyolOg8phLLPOc27zxyy/I8CUfMPCgJ5DzVOLo8
PYP4PDNR4zwjEPY8i5rkPNG27Dwrrvc8Ad7fPONO7TxXWtg8m1L7PASIAz2Q7N48rpDrPFG3
4DyntdI8YiXpPJOv4jycO+w86BPhPJs56DwfOvU8Z3LyPBB64Tz0su88V7nYPMx13zyxvfA8
lW30PJf+3jxRMeM8lbPRPC+z4zyQzd88o+HLPPnJ8DzEMAU9PRLVPA4J5zzTJPI8517sPHFh
1TwJ3d08UwvXPBE85TzHh+s83w4JPVjD4zwEffA8bSLiPIrT7jxc8cc8FXv+PDvO9TwhC908
OAX5PKxT4DxmG/U8WsL2PBHZyDx/pfU8hsHUPFza6zzl/c489S3fPFE93TxLtec8HzcAPZFO
yzwO9PU8gEEAPYvDAj3JStI8U3nkPKkG4jzNtOQ8FTPjPGKN+TzU/sU8Nj/sPPvU4zzTRtk8
EaPNPFpY1zwxmeI89X7rPIc07TzqntQ8CFXbPNZL2DxzZ/M82dYAPUfQAz2cyeU8WkvxPL2m
7Tx8u+088yTtPCOlAT2YLeo83GruPGox6jz1HPo8CRICPe1f9jxY5cU8FlfLPKpc1DybvAA9
x/3WPJa12TxBgAM9/an2PM1lzjyJcPA8AkL/PAfY7zzDMvY8ODIAPYf77zwiHNU8vID5PCIZ
+Dy5/uU8p+HjPAYUCz0q0uA8gL3UPKdd6DwHHuU8xr3fPEeN2zwd3+E8OYzkPN8O1zxhgd88
IkTbPBsgAD1W6vI8qyjuPK0B1TxTiec8OgfCPMcs1jwH3vA8pw7gPGA88Dx/jOo8K2D7PN8F
yDyHLOY8DvrqPJSw9jwbYPo8BK3CPIma7zxYYOc8K7nwPLxW1TzNRdY8tfMEPa7e4TyT+N08
I1XnPGwQBD2KAQE9xMbsPGIm8jyDNOU88NH1POMO3jyisdo8xfv3PHGB7DxMruE8ALoCPTDG
1Ty29OY8NDj+PEhD/jxT8M48FmwIPRhnDT1T9QA9gTcSPZThzDxIrvg8AOLgPBb9AD2vdtE8
Nkj5PNZQ7jySj9c8grEHPRLd3DzZutE86ioCPXbVBj1BMOc8z6oCPa3BCj3B4ec89Pf5PNAN
7DzEgPs8zPrPPJBS6zzPbAM9pT3XPCdX/Dz+BNU8I0wBPe4V9jxWBug8+EPrPCNx4Tyt1ec8
PAjSPNtR5zyMiww9HFzyPBat/zxhNwg9RIMGPQOb6zxacAU9</AssayYData></Step><Step><CommonData><SampleLocation>2</SampleLocation><SampleID>10mM Glycine pH1.7</SampleID><SampleGroup></SampleGroup><SampleInfo>or other Regeneration solution</SampleInfo><SampleRow>G</SampleRow><SamplePlate>1</SamplePlate><WellType>REGENERATION</WellType><Concentration>-1</Concentration><ConcentrationUnits>µg/ml</ConcentrationUnits><MolarConcentration>-1</MolarConcentration><MolarConcUnits>nM</MolarConcUnits><MolecularWeight>-1</MolecularWeight><Temperature>30</Temperature><StartTime>969006</StartTime><AssayTime>20</AssayTime></CommonData><FlowRate>1000</FlowRate><StepType>CUSTOM</StepType><StepName>condition</StepName><StepStatus>OK</StepStatus><ActualTime>20</ActualTime><CycleTime>0.2</CycleTime><AssayXData Points="100">vv8zQ/EyNEPjZTRDFpk0Q0nMNEN8/zRDsDI1Q+NlNUMWmTVDi8w1Q77/NUPxMjZDJGY2Q1iZ
NkNJzDZDfP82Q7AyN0PjZTdDWJk3Q0nMN0O+/zdDsDI4QyRmOENYmThD0s04Q3z/OEPxMjlD
JGY5QxaZOUNJzDlDvv85Q/EyOkPjZTpDFpk6Q0nMOkN8/zpDsDI7QyRmO0MWmTtDScw7Q3z/
O0OwMjxDJGY8Q1iZPENJzDxDfP88Q/EyPUPjZT1DFpk9Q0nMPUN8/z1DsDI+Q+NlPkMWmT5D
Scw+Q3z/PkOwMj9D42U/QxaZP0NJzD9DfP8/Q7AyQEPjZUBDn5pAQ0nMQEN8/0BD8TJBQ+Nl
QUNYmUFDi8xBQ77/QUPxMkJDJGZCQ1iZQkOLzEJDvv9CQ4E1Q0MkZkNDWJlDQ4vMQ0O+/0ND
8TJEQyRmRENYmURDi8xEQ77/REPxMkVDJGZFQ1iZRUPMzEVDfP9FQ/EyRkMxaEZDWJlGQ4vM
RkO+/0ZD8TJHQ+NlR0NYmUdDi8xHQw==</AssayXData><AssayYData Points="100">LZwuvsRFA75ZRLK9RMaFvX/Bfr25KG69TFl5vX1vd72rYoi9ZMeUvZBakr3cx6u93F6kvUDh
rL0IkLS9kVa5vejFw71xEdC9Xl3TvSDA1r3K3tK9pWbgvdlG4r3NneW9GMHtvXZO8r2BH/G9
qNn6vfuFAb4XWPO9RTT+vdygAL50sQO+EMwGvlebBL5FsgW+EXwGvgWPBr56nAq+cXcQvgdY
EL4mlxe+xWEWvhXAFL7Rjxi+UfIUvg17Gb4hnRW+8IYcvgafGL5ijR6+DjEcvlFGHr5cRCG+
JRIgvmxeIb6DIiG+GyokvtbGKr7gCyi+KBAovpMeKL4gBSi+Nsovvo0bK74j4Sq+egEuvoWo
Lb4TozG+kIosvqZrNL5WIDO+HKQ0vmhKNr6nXTS+CbEyvsaINL4SVDa+2e43vu3JN77K5zm+
lUs4vhBxPb6owDy+r+o6vl+gQb4dLTu+giI+vq4jPr4JBT++J61DvpMYQr4sA0O+3a5DvtUX
SL49KkK+8dBCvug5Q75WXEa+ZcNGvg==</AssayYData></Step><Step><CommonData><SampleLocation>1</SampleLocation><SampleID>Running Buffer</SampleID><SampleGroup></SampleGroup><SampleInfo></SampleInfo><SampleRow>G</SampleRow><SamplePlate>1</SamplePlate><WellType>BUFFER</WellType><Concentration>-1</Concentration><ConcentrationUnits>µg/ml</ConcentrationUnits><MolarConcentration>-1</MolarConcentration><MolarConcUnits>nM</MolarConcUnits><MolecularWeight>-1</MolecularWeight><Temperature>30</Temperature><StartTime>994350</StartTime><AssayTime>20</AssayTime></CommonData><FlowRate>1000</FlowRate><StepType>CUSTOM</StepType><StepName>condition</StepName><StepStatus>OK</StepStatus><ActualTime>20</ActualTime><CycleTime>0.2</CycleTime><AssayXData Points="100">vv9HQ7AySEPjZUhDFplIQ0nMSEN8/0hDsDJJQyRmSUMWmUlDScxJQ3z/SUOwMkpDJGZKQxaZ
SkOLzEpDvv9KQ/EyS0PjZUtDFplLQ0nMS0O+/0tDsDJMQ+NlTEMWmUxDi8xMQ3z/TEOwMk1D
42VNQxaZTUNJzE1DfP9NQ/EyTkMkZk5DmZlOQ4vMTkO+/05D8TJPQyRmT0NYmU9Di8xPQ77/
T0PxMlBDJGZQQ1iZUEOLzFBDvv9QQ7AyUUMkZlFDWJlRQ4vMUUN8/1FD8TJSQyRmUkNYmVJD
i8xSQ77/UkPxMlNDJGZTQ1iZU0NPzVNDvv9TQ/EyVEMkZlRDWJlUQ0nMVEN8/1RD8TJVQyRm
VUNYmVVDi8xVQ3z/VUPxMlZDZmZWQ1iZVkNJzFZDvv9WQ/EyV0MkZldDWJlXQ4vMV0O+/1dD
sDJYQ+NlWEMWmVhDScxYQ77/WEPxMllDJGZZQ1iZWUOLzFlDfP9ZQ/EyWkPjZVpDWJlaQ0nM
WkN8/1pDsDJbQ+NlW0NYmVtDi8xbQw==</AssayXData><AssayYData Points="100">XBnrPGRT1bx3PFy9sziBvYowi70C15W9vTeOvRO9g72lBYK92wuEvWe8jb3Sj4O9OTaAvYSe
g71dqoC9HfdkvYd8Zb1oPWK9GjxOvXtMU72WB1y9c6BYvdBzTL2rnzO9bWpNvRx0SL2E8zC9
JsM6vXVAMr3JzEu93Wc0vZamQL10Kjy9FVEmvVyFK73khzK9sfouvW5JJb1MtBW9nT8Uvcxt
Gr0atRS9ALIYvat6Hb1A4Bq9LdoXvRlcEr3qgxG9238RvWGxBb0i5Rm9V+wevbBZGL3+vhC9
2nQQvSN4G70z9A+9OdUNvSlP8LxmcQS942sRvaA3Ab0b2vG8u+IQvagf/7wT1RK9wrv4vPh7
5rzeM/u867nwvI2fDL3uLPu8pIP2vHZ1AL18KwG9LErgvNzC+LxVqOu8mUoGvSX65byvGua8
RY78vGoe7bysqN28bhb5vOHR5rxV2gO9UorrvCJ847w+v8O87uL+vHD08rxLZrW8fikAvToa
7Lx2Tsq8qufFvP+kyrxDaa+8A6PEvA==</AssayYData></Step><Step><CommonData><SampleLocation>2</SampleLocation><SampleID>10mM Glycine pH1.7</SampleID><SampleGroup></SampleGroup><SampleInfo>or other Regeneration solution</SampleInfo><SampleRow>G</SampleRow><SamplePlate>1</SamplePlate><WellType>REGENERATION</WellType><Concentration>-1</Concentration><ConcentrationUnits>µg/ml</ConcentrationUnits><MolarConcentration>-1</MolarConcentration><MolarConcUnits>nM</MolarConcUnits><MolecularWeight>-1</MolecularWeight><Temperature>30</Temperature><StartTime>1019966</StartTime><AssayTime>20</AssayTime></CommonData><FlowRate>1000</FlowRate><StepType>CUSTOM</StepType><StepName>condition</StepName><StepStatus>OK</StepStatus><ActualTime>20</ActualTime><CycleTime>0.2</CycleTime><AssayXData Points="100">v/9bQ7EyXEMlZlxDF5lcQ0rMXEN9/1xD8jJdQ+RlXUMXmV1DjMxdQ33/XUO3M15D5GVeQ1mZ
XkNKzF5Dff9eQ7EyX0MlZl9DWZlfQ0rMX0N9/19DsTJgQzhpYEMXmWBD2s5gQ7//YEPyMmFD
8GdhQ1mZYUNKzGFDv/9hQ7EyYkOoZmJDF5liQ0rMYkN9/2JDsTJjQ+RlY0MXmWNDSsxjQ33/
Y0OxMmRDJWZkQyObZENKzGRDff9kQ7EyZUMlZmVD3JllQ0rMZUPFAGZDsTJmQyVmZkNZmWZD
jMxmQ7//ZkPyMmdDJWZnQ5qZZ0OMzGdDv/9nQ/IyaEMlZmhDoJpoQ4zMaEO//2hD8jJpQyVm
aUNZmWlDjMxpQ7//aUPyMmpDJWZqQ1mZakOMzGpDv/9qQ/Iya0MlZmtDF5lrQ4zMa0O//2tD
sTJsQyVmbENZmWxDjMxsQ33/bEPyMm1DJWZtQ1mZbUNQzW1Dv/9tQ/IybkMlZm5DF5luQ4zM
bkN9/25D8jJvQyVmb0NZmW9DjMxvQw==</AssayXData><AssayYData Points="100">PEqCvmiVTL70MiW+UpkMvgq4Bb7PTPy9vGUAvspjBL5PVwa+4OwHvtqtC77QYxC+FaYPviia
Er57QRS+jYETvpkHGr4Udxu+qFUdvsbnHb6W1yC+6hMgvhExKL5KsSa+RRUmvhDWKb6juSu+
k/QsvlBoLL6/vi6+GXEvvpQgMr5RcDC+2vUuvszfNL4daDG+oMQ3vrv1OL5lnDe+RN04vpD2
Nr4JGTq+/uI5vjhXPL6YoTy+qWk8vpqlPr4Khj++H8BBvv6ZQL51vEG+NVZBvrWARL6tm0C+
QoBFvldyQL702ke+gUhCvpH4SL4aiEm+s2NMvuMCUL4vS0m+VwVPvveZS77Lu0y+pX9JvpMb
Sr7npUy+9P9NvtM8Ub64lU6+x8NPvnytUr43mVS+LxNSvjpYVb4g21K+GDhSvq6hV75fo1O+
wftUvrncW76LvVa+GPNavsHUVr5zA1u+WotdvoK3W75WNVu+tq5cvk+DXr4TlVq+DTZbvoGa
YL4UT16+OOFZvgPnYL4ty1++Di1fvg==</AssayYData></Step><Step><CommonData><SampleLocation>1</SampleLocation><SampleID>Running Buffer</SampleID><SampleGroup></SampleGroup><SampleInfo></SampleInfo><SampleRow>G</SampleRow><SamplePlate>1</SamplePlate><WellType>BUFFER</WellType><Concentration>-1</Concentration><ConcentrationUnits>µg/ml</ConcentrationUnits><MolarConcentration>-1</MolarConcentration><MolarConcUnits>nM</MolarConcUnits><MolecularWeight>-1</MolecularWeight><Temperature>30</Temperature><StartTime>1045634</StartTime><AssayTime>20</AssayTime></CommonData><FlowRate>1000</FlowRate><StepType>CUSTOM</StepType><StepName>condition</StepName><StepStatus>OK</StepStatus><ActualTime>19.999</ActualTime><CycleTime>0.2</CycleTime><AssayXData Points="100">v/9vQ7EycEMlZnBDWZlwQ4zMcEN9/3BDsTJxQyVmcUNZmXFDSsxxQ7//cUPyMnJD5GVyQxeZ
ckOMzHJDff9yQ7Eyc0MlZnND3JlzQ0rMc0O//3NDsTJ0Q+RldEOamXRDSsx0QwcBdUPyMnVD
JWZ1Q1mZdUOMzHVDff91Q7EydkPBanZDWZl2Q4zMdkN9/3ZD/zR3QyVmd0MXmXdDSsx3Q33/
d0PyMnhD5GV4QxeZeENKzHhDv/94Q/IyeUPkZXlDF5l5QxXOeUO//3lDsTJ6Q+RlekMXmXpD
Ssx6Q33/ekOxMntDJWZ7Q1mZe0OMzHtDff97Q7EyfEMlZnxDF5l8Q0rMfEN9/3xD8jJ9Q+Rl
fUMXmX1DSsx9Q7//fUPyMn5D5GV+QxeZfkNKzH5DJQZ/Q7Eyf0PkZX9D4pp/Q0rMf0N9/39D
eRmAQ/EygEOLTIBDJWaAQ75/gEO6mYBD8bKAQzXOgEMl5oBD3/+AQ1gZgUPxMoFDi0yBQyVm
gUPff4FDeZmBQ/GygUOszIFDJeaBQw==</AssayXData><AssayYData Points="100">3LFVu+f0R72Se4y9kXCPvdKtnr1Aw6m9JmyjvRnUn735m569DD6mvdcIpL0QPZi9e5qTvT81
kb0H7Iq9OhqQvd7tlr2N8Y29PlSLvQgmiL14l4W9ISOAvWyXfb34nH29v1x6veBmhL0tLnG9
xVlovVlCZr1Tzmi9OsFlvcTHcr16Z229IwFmvVCxf71Xw2i9bEVnvVQBV73mUWO94ihSvSGa
Vb3vSky9I3dZvSauTr2wGWK9fS1Lvba2U70jNE+9FplSvU5+Q72KJVi9PqdSvZ5QR704Tku9
iVtUvaLCRb2kIT69kVJQvUNDNr0qmD29dKk0veC4Qr0tuT29CKE5vQM3Rb3/vU29n2I5vSi1
LL3b9j69Mxc6vVEMQL33WiW9sFYpvZseTb0hmja9855MvQwpOL2dYCq91Wk0vTqOPr293TS9
BTE9vd5ALr0igTO97ZY0vXHlML1o7iu9cvobvdg0Mb2BICO9PJwivRIcHb3BkDi95HssvfKq
K70AXC297qE1vXAVGr1YEii97C8lvQ==</AssayYData></Step><Step><CommonData><SampleLocation>2</SampleLocation><SampleID>10mM Glycine pH1.7</SampleID><SampleGroup></SampleGroup><SampleInfo>or other Regeneration solution</SampleInfo><SampleRow>G</SampleRow><SamplePlate>1</SamplePlate><WellType>REGENERATION</WellType><Concentration>-1</Concentration><ConcentrationUnits>µg/ml</ConcentrationUnits><MolarConcentration>-1</MolarConcentration><MolarConcUnits>nM</MolarConcUnits><MolecularWeight>-1</MolecularWeight><Temperature>30</Temperature><StartTime>1071449</StartTime><AssayTime>20</AssayTime></CommonData><FlowRate>1000</FlowRate><StepType>CUSTOM</StepType><StepName>condition</StepName><StepStatus>OK</StepStatus><ActualTime>20</ActualTime><CycleTime>0.2</CycleTime><AssayXData Points="100">v/+BQzgZgkPRMoJDa0yCQwVmgkO/f4JDOJmCQ/KygkOMzIJDJeaCQ7//gkNZGYND8jKDQ4xM
g0MlZoNDv3+DQ1mZg0PysoNDa8yDQyXmg0O//4NDWRmEQ/IyhEOMTIRDyWaEQ79/hENZmYRD
8rKEQ4zMhEMl5oRDv/+EQ1kZhUM0M4VDjEyFQyVmhUOef4VDOJmFQ/KyhUOMzIVDJeaFQ7//
hUNZGYZD8jKGQ2tMhkMlZoZDv3+GQ1mZhkPysoZDjMyGQyXmhkO//4ZDWRmHQ/Iyh0NrTIdD
JWaHQ0KAh0NZmYdD0bKHQ4zMh0Ml5odDnv+HQ1kZiEPyMohDjEyIQyVmiEO/f4hDOJmIQ/Ky
iEOMzIhDBeaIQyEAiUM4GYlD8jKJQ2tMiUMlZolDv3+JQziZiUPysolDjMyJQyXmiUOe/4lD
XxqKQ/IyikOMTIpDJWaKQ79/ikNZmYpD0bKKQ2vMikMl5opDv/+KQzgZi0PRMotDa0yLQyVm
i0Oef4tDeZmLQ9Gyi0OMzItDJeaLQw==</AssayXData><AssayYData Points="100">NPSNvlzrY74jyj++gM0nvqudIr4Ith6+JM8ivkTWHb56sSW+zlQovgcWJb6aLyq+7cYrvpgb
Mb6wZy++KyE3vgggNb7nHDm+dds6vjuANr7xWz2+DU09vrjoPb6iDUG+OuFAvjzeQb5lQUW+
TNtHvgDpRL5cIUq+tTBIvpL5Sb6GrUm+l6hKvpKWUL7G1k++XiVOvjB9Tb61GE6+bB1Tvv/x
Ub6k0VO+OUVQvuvEUr5h01S+frxWvpYPV74NO1e+fSJYvmyCVb6iVVW+z6havqcXWb5zZ1u+
h0BdvkCrW74I5Vm+XrtfvqcDW74E4l++I45gvpy3Yb4FMly+ixVhvh4TYr673Ga+TqVgvqmE
ZL5RMWO+w6ZnvpOiar7C6GW+qRxnvgZIab6BxGe++qdmvq3waL4UQ2e+l39rvjJ+bL6Jmm6+
bS9rvjx5b76H6W6+3jdvvv/raL7WB3C+71dxvt22bb68N22+gKNyvh+bbL7GkXS+x2Fuvr1D
cb7okXG+oMFvvsREdL4zVHW+BKxzvg==</AssayYData></Step><Step><CommonData><SampleLocation>1</SampleLocation><SampleID>Running Buffer</SampleID><SampleGroup></SampleGroup><SampleInfo></SampleInfo><SampleRow>G</SampleRow><SamplePlate>1</SamplePlate><WellType>BUFFER</WellType><Concentration>-1</Concentration><ConcentrationUnits>µg/ml</ConcentrationUnits><MolarConcentration>-1</MolarConcentration><MolarConcUnits>nM</MolarConcUnits><MolecularWeight>-1</MolecularWeight><Temperature>30</Temperature><StartTime>1097009</StartTime><AssayTime>20</AssayTime></CommonData><FlowRate>1000</FlowRate><StepType>CUSTOM</StepType><StepName>condition</StepName><StepStatus>OK</StepStatus><ActualTime>20</ActualTime><CycleTime>0.2</CycleTime><AssayXData Points="100">v/+LQ1kZjEPRMoxDjEyMQwVmjEO/f4xDWZmMQ/KyjENrzIxDJeaMQ57/jEM4GY1D0TKNQ2tM
jUMFZo1Dnn+NQziZjUPyso1Da8yNQwXmjUOe/41DOBmOQ9EyjkOMTI5DBWaOQ79/jkM4mY5D
8rKOQ4zMjkMF5o5Dnv+OQzgZj0PRMo9Da0yPQwVmj0Oef49DOJmPQ9Gyj0NrzI9DBeaPQ57/
j0NZGZBD0TKQQ2tMkEMFZpBDv3+QQziZkEPRspBDjMyQQyXmkEO//5BDOBmRQ/IykUNrTJFD
BWaRQ55/kUM4mZFD0bKRQ4zMkUMF5pFDnv+RQ1kZkkPyMpJDjEySQwVmkkOef5JDOJmSQ9Gy
kkOMzJJDBeaSQ57/kkM4GZND0TKTQ2tMk0MFZpNDv3+TQziZk0PRspNDa8yTQwXmk0O//5ND
OBmUQ9EylEOMTJRDJWaUQ79/lENZmZRD8rKUQ4zMlEMl5pRDv/+UQ1kZlUPyMpVDjEyVQyVm
lUO/f5VDWZmVQ/KylUOMzJVDJeaVQw==</AssayXData><AssayYData Points="100">YHIpPQ7t8Lwln4C9QU6lvdsyrb0Ku7a9Z1a5vTczu70Qxb699re8vb43tb2WmrC9jWOgvZH3
q731/aS9XO2svbhPn71MoqW9K+uVvWsjn72VGJe9D4OYval7mL1ccJS9gAKWvd9Ahb2te5G9
8NaHvcsklr242Ym9bB+IvX6dkL10c4y9WXuHvVHrgL1YOZG9WhZ1vTrkhL1wPIC9f+uLvW/z
hb1HQYO9jAeGvaQFgr2zHYW96Gd4veq2gr0p7IG9L5OBvcU5c70LbHu9uEV7vTkda70y4W29
PYx4vUXncb0BKHm9c2t5vfI2fL3Otn+9lEhsvVwsYr0nc3O98jVpvXQdcb3+CHG9Xn91veJY
Z73vhW29fqRtveqkV729a2a9tCxevaw9Zr0o2HS9gmRtvYVjar26N1u9+oFevftFbL3FBGa9
UbxgvWFrYL2Bi1+9QQxlvdxIcL11uGO9B3NkvQxUWr3TaVu9LTFPvWkeYL3/Vl6998JfvYiJ
Wr2Wa2O9M0hivSCfaL30+GC9ecJhvQ==</AssayYData></Step><Step><CommonData><SampleLocation>3</SampleLocation><SampleID>Running Buffer</SampleID><SampleGroup></SampleGroup><SampleInfo></SampleInfo><SampleRow>G</SampleRow><SamplePlate>1</SamplePlate><WellType>BUFFER</WellType><Concentration>-1</Concentration><ConcentrationUnits>µg/ml</ConcentrationUnits><MolarConcentration>-1</MolarConcentration><MolarConcUnits>nM</MolarConcUnits><MolecularWeight>-1</MolecularWeight><Temperature>30</Temperature><StartTime>1122973</StartTime><AssayTime>120</AssayTime></CommonData><FlowRate>1000</FlowRate><StepType>BASELINE</StepType><StepName>Baseline 120</StepName><StepStatus>OK</StepStatus><ActualTime>120</ActualTime><CycleTime>0.2</CycleTime><AssayXData Points="600">v/+VQ1kZlkPyMpZDjEyWQyVmlkO/f5ZDWZmWQ/KylkN3zpZDJeaWQ7//lkNZGZdD8jKXQ4xM
l0MFZpdDnn+XQ1mZl0PyspdDjMyXQwXml0O//5dDeRmYQ/IymENrTJhDBWaYQ2OAmENZmZhD
8rKYQ4zMmEMF5phDxQCZQ1kZmUPyMplDjEyZQyVmmUO/f5lDWZmZQ9GymUOMzJlDJeaZQ57/
mUM4GZpD0TKaQ2tMmkMlZppDv3+aQziZmkPetJpDa8yaQyXmmkOe/5pDWRmbQ/Iym0OMTJtD
JWabQ79/m0M4mZtD0bKbQ2vMm0MF5ptD4P+bQzgZnEPRMpxDjEycQyVmnEO/f5xDOJmcQ9Gy
nEMwzZxDLOecQ7//nEM4GZ1D8jKdQ2tMnUMFZp1Dv3+dQziZnUPysp1Da8ydQwXmnUOe/51D
WRmeQ9EynkOtTJ5DBWaeQ55/nkM4mZ5D0bKeQ2vMnkMl5p5Dv/+eQzgZn0PRMp9Da0yfQwVm
n0Oef59DOJmfQ9Gyn0NrzJ9DBeafQ57/n0M4GaBD0TKgQ7NNoEMFZqBDnn+gQziZoEPRsqBD
ks2gQwXmoEOe/6BDWRmhQ/IyoUNrTKFDBWahQ55/oUM4maFD0bKhQ2vMoUMl5qFDv/+hQzgZ
okPRMqJDa0yiQwVmokOef6JDOJmiQ9GyokNrzKJDqOaiQ7//okNZGaND8jKjQ4xMo0MlZqND
v3+jQ1mZo0PysqNDG8+jQyXmo0O//6NDWRmkQ/IypEOMTKRDJWakQ79/pEM4maRD+LOkQ4zM
pEMl5qRDv/+kQ1kZpUPyMqVDjEylQyVmpUPgf6VDWZmlQ/KypUOMzKVDJealQ7//pUNZGaZD
8jKmQ4xMpkMlZqZDv3+mQ1mZpkPRsqZDa8ymQyXmpkO//6ZDWRmnQ/Iyp0PNTKdDJWanQ79/
p0M4madD8rKnQ4zMp0MF5qdDnv+nQ9wZqEPyMqhDa0yoQyVmqEOef6hD3JmoQ/KyqENrzKhD
BeaoQ57/qENZGalD0TKpQ4xMqUMFZqlDv3+pQ1mZqUPRsqlDa8ypQwXmqUO//6lDOBmqQ/Iy
qkNrTKpDBWaqQ79/qkNZmapD0bKqQ2vMqkMl5qpDv/+qQzgZq0PRMqtDa0yrQwVmq0Oef6tD
OJmrQ9Gyq0OMzKtDBearQ7//q0M4GaxD8jKsQ4xMrEMFZqxDxYCsQziZrEPRsqxDa8ysQyXm
rEO//6xDWRmtQ9EyrUMPTa1DBWatQ55/rUM4ma1D0bKtQ2vMrUMl5q1Dv/+tQzgZrkMZNK5D
jEyuQwVmrkOef65DOJmuQ9GyrkNrzK5DJeauQ57/rkO7Ga9D0TKvQ2tMr0MlZq9Dnn+vQziZ
r0PRsq9Da8yvQ2fmr0Oe/69DWRmwQ9EysENrTLBDBWawQ55/sEM4mbBD0bKwQ2vMsEMF5rBD
nv+wQzgZsUPRMrFDa0yxQyVmsUO/f7FDWZmxQ1SzsUOMzLFDJeaxQ+D/sUNZGbJD8jKyQ4xM
skMlZrJDQoCyQ1mZskPysrJDjMyyQwXmskMAALNDOBmzQ/Iys0OMTLNDJWazQ79/s0M4mbND
8rKzQ63Ms0Ml5rNDv/+zQ5oZtEPRMrRDjEy0QyVmtEO/f7RDWZm0Q/KytEOMzLRDJea0Q7//
tEOaGbVD8jK1Q4xMtUOIZrVDnn+1Q1mZtUPysrVDjMy1QyXmtUO//7VDWBm2Q9IytkOMTLZD
qGa2Q55/tkM4mbZD8rK2Q2vMtkNn5rZDnv+2QzgZt0PyMrdDa0y3QyZmt0O/f7dDeZm3Q9Ky
t0OMzLdDBea3Q7//t0NYGbhD2DO4Q6xMuEMFZrhDv3+4Q7uZuEPysrhDa8y4QwXmuEO//7hD
OBm5Q9IyuUNxTblDBWa5Q79/uUNYmblD0rK5Q2vMuUMm5rlDnv+5QzgZukPSMrpDa0y6QyZm
ukOef7pDWJm6Q/KyukNQzbpDJua6Q57/ukNYGbtD0jK7Q2tMu0MmZrtDnn+7Q1iZu0PSsrtD
a8y7QwXmu0Oe/7tDPhq8Q9IyvENrTLxDBWa8Q55/vEM4mbxD0rK8Q2vMvEMF5rxDnv+8QzgZ
vUPSMr1Da0y9QwVmvUOef71DOJm9Q9KyvUOzzb1DBea9Q57/vUM4Gb5DdTO+Q2tMvkMFZr5D
v3++QziZvkPSsr5Da8y+QwXmvkOe/75DOBm/Q9Iyv0OMTL9DJma/Q+B/v0NYmb9D8rK/Q4zM
v0Mm5r9D5gDAQ1gZwEPSMsBDME3AQyZmwEO/f8BDWJnAQ/KywEM2zsBDJubAQ7//wEN5GcFD
0jLBQ4xMwUNGZsFDv3/BQ1iZwUPyssFDjMzBQybmwUO//8FD3BnCQ/IywkOMTMJDJmbCQ55/
wkN5mcJD8rLCQ4zMwkMm5sJDv//CQ1gZw0PSMsNDa0zDQyZmw0O/f8NDWJnDQ9Kyw0NrzMND
BebDQ7//w0M4GcRD8jLEQ4xMxEMmZsRDv3/EQ1iZxEPSssRDjMzEQybmxEO//8RDWBnFQ9Iy
xUOMTMVDJmbFQ55/xUMCm8VD8rLFQ4zMxUMm5sVDv//FQ1gZxkPSMsZDjEzGQwVmxkNCgMZD
WJnGQ/KyxkNrzMZDJubGQ57/xkNYGcdD0jLHQ+5Mx0MmZsdDnn/HQ1iZx0PSssdDcc3HQybm
x0Oe/8dDWBnIQ9IyyEOMTMhDBWbIQ55/yEM4mchD8rLIQ2vMyEMF5shDnv/IQ1gZyUPSMslD
a0zJQyZmyUOef8lDWJnJQzSzyUNrzMlDyebJQ57/yUNYGcpD0jLKQ2tMykMFZspD4H/KQziZ
ykPSsspDa8zKQwXmykOe/8pDWBnLQ9Iyy0NrTMtDJmbLQ55/y0M4mctD0rLLQ2vMy0MF5stD
nv/LQzgZzEPSMsxDjEzMQwVmzEOkgMxDOJnMQ9KyzENrzMxDJubMQ57/zENYGc1D0jLNQ2tM
zUMsZ81Dnn/NQ1iZzUPyss1DjMzNQybmzUO//81DWBnOQ/IyzkOsTM5DJmbOQ79/zkNYmc5D
8rLOQ4zMzkMm5s5Dv//OQ5oZz0PyMs9DjEzPQ0xnz0Oef89DWJnPQ/Kyz0OMzM9DJubPQ7//
z0NYGdBD8jLQQ4xM0EMmZtBDnn/QQ1iZ0EPystBDjMzQQybm0EO//9BDWBnRQ/Iy0UOMTNFD
BWbRQ55/0UNYmdFDVLPRQ2vM0UMm5tFD</AssayXData><AssayYData Points="600">iLtgvUS6Zr18Gl+9LzNZvWlEXL1ks129I+hQvcXHU73JRlG9bENPvXg3Tr1u/Fa9Q5pMvSyf
Ub3O2kG9g+BSvYflRb2M9Eq9b29MvTwsQ73bjUO95CI/vdmhQ73Kv0297yQxvS+GUb2Eej29
frJQvZDZSb36TE+9fa1IvVY0P71RLES9MfU6vR/9Ob3pajW9HPZBvQTRP70M50i9jPJGvQtm
Tb0AgkS9UzlDvc9qRL3JjUO9R5c6vVVRP71c8UO9spQ1vXsiMr17zEW9LmQwvd3zP71TmjS9
IdBDvTDKNb1QIDe9bFY9vTrZRr1Kqjm91XlLvZBxPb3xnza9wccuvZvTLL0wgze96sIvvQYX
Nr0IVUK95llLvRR5Qr3WuCy9LEg7vS0iMb1w/Di9O0o+vWxYNr2hBCu9O5gxvTfbHr0bdUS9
tWo1vZWzOL1YeDC9BbsvvUPRJ72psiy9o/44veABKL3JPTO9G1I0veyMPL0t2DG9gVI0vRhF
NL3KyS29l/EqvTVvJ70ZcC29oaksvbfKP70wuzO9GuYlvYZXIb372y69iaNAvcg+J70YrSe9
AOAzvbC6Kb2idzC9voM3vZ8VKb0DRyW9ZxEjvfA+I73E0zC97fs/vVXUM72tGje9uBgxvUwf
IL3j2TS92nckvT7IFr2Zaii9BvgovSOhML3WCTO9JGslvSBzIL3Uvym9SeouvZjRNr1xljK9
SXIhvUMTHb2uSS29EoEkvSy/LL0dnyG9yeYxvU3eIb0lfiG9AdohvXl+Fr3lVCK9gAslva9U
G70sTii9oOYlvXQNKr3U0zm9TMopvVXoLr3vBxe9AmMlvfwxLr3iPyW9Y7kpvSaDKb2dFDa9
3kocvZ/eKL2PICm9X00pvcxYIL0Qbx+9RxcGvSWzH70QTi69khMsvQbuHL2DwB+99ZsVva4A
ML3ZFyu9S/EhvW0qG73tbhe9b/AovTXYJL2lMSW9KQ0nvRwTIb1u6CC9NRQRvbtDLb168A+9
3lcavRoYNL1GyBS9HpofvRfQJ71Bhxm9wG8cva9ZHL3TJBu9uT4svaO7Db2Wrhu9paIcvUy4
F73gPRm9uCgPvUxJIL1r3BG9jRQZvVxiIb2xjym9d5MZvehEIr3FtQ69FCUfvZBqH70zXCC9
4k0svXS4Fb1mUxO9H2cbvWzMGb1nyh29DkYYvYsRJr1j5yq9V+sZvXT6Ir00vR+9KWcjvWZh
Lr0JZxO9PUIdvdDUBr1HEyO9ERolvTtlHb1KMxm9OLUovWUwG73Gtxa9S+8Lvd1JGb1ulh+9
F30RvSgoFb2GgRu9YXAQvWZbFL0ZDg+92v8PvVJDDL3DNBG9rIoBvYEaGL2mwhO9E7AgvR7V
6bxDdQS9nPUfvYddCL2AkRm94lYGveq1Fb2lbAS9OwYJvaOOHL28ghu9Fy8XvdbHGb2dRBe9
5B4MvTB9/7zwHBa9GxIRvWfiEr1P5AO9tgQRvRK8B737dhG9vtMavQgxFr0wwRO931IUvWPj
Bb2LuBq91cIMvTZUF70QGgy9PngavVoDDL2L2RO9pXwOvROqBr0w0Am9uUMdva6zCr0mAg+9
0pkFvbuJFr0BZCq9XIIfvef/FL0SrxG9s0oDvXc+HL1WOiO91aYQvaSUI72bSAG9AZwdvS08
Cb329w6993Unvc2oFL3ZjxG9pWkNvaJpBr30BCK9n3sFvZUBE71IIAm9n9wXvSvGBb0lfBG9
bc8NvSFvAr0juAa9MX0Uvf0NDr3/cv288lsPvTV4Cr3m5RO9IO4UvZntAL25/QS96aEMva9Y
DL0j8Q+9YM4GvSAZ7rzssQG9wnQCvdJDHr1UUQy9cNL9vN5dDr0jjgO9g40AvSNPD714SAK9
jiIMvdTnA70XfRi98UsOvbecBL3C0vW8D1oEvVRsCL0yrgy98pwPvb55Cb2klA29dskPvQ9x
A7184gm9k10WvaxDDb0PYgm9oncEvRsMDL2EHQG9kJADvfyxCb2ZoAC98sXmvNviEb2l6+m8
sU8JvdMpBr29dvu8/TESvUz3Br2xvva8J87/vLIf/rzaERi9AhXsvCyxB72caQW9GL/6vMfR
9rw2jQ29DC0GvVz7Cr04zQO9BnD8vA6r9LxDkwO9vUEMvTkbAL276A+9v34QvRsiCb0/8AK9
B50NvQd5CL3dbgK99gkLvcp07bxggQa9aLLxvNdwA73NmN+8Pcz1vAPs7bxV/hC9CPL5vDpH
/7x2pgK9CZ/xvIyvBb37Xwy9Vy0DvTXlBL3oBu28cYwQvYg/9Lw/0/C8q/wMvU3W4LwnAAS9
t6X9vEW3+7xmgQ69PrwHvdy687y7X++8jcYAvSBNDb08vwG9Ps/6vIB7+rx6LeO8eIPXvE6b
3bznzgO9mPwCvYnqyLxlfx69PfvvvJLXAr2sDfi8EeYDvRXV5LyKjgW9J+oCveQD+bwwsfq8
luLZvOrl9Lw9i/i8Tcz9vEKK+LwlagS964HcvKuMAr1IOga9KAYJveLu/7ytZ/O8S0j9vBgZ
AL2lvwS9oDrpvH2yC71VRvu8R3DVvDNeA73r6PS8+1HsvBmVAb2tte+87d0AvdTo+7xwI+i8
SgLuvHTp/bypT/i8y3LgvEak/LwaLOi8jgEMva7/6bzPbOe8PTvwvNRZwrwI9/68Czr9vIzO
77zTvfy8as8CvdCD8ry0FwG9PALVvPMCAb2K1gG9QHcBvXOPwryV2PO8uqUJvZ53Bb0MpAe9
AJUBvW+lBb2CaPS8xpn4vPzwCr3RpfS8BSQAvZ2rAb3RyOS8BDb0vCH4Bb03sAK9m6jOvDOV
AL1jkOq838PkvPZh+rwIpfu84X0JvYBk/ryME/285ybvvFPXDL0FrNy8aVoAvbE77LxtPwG9
Rdn/vKNgBL2VPNi8uG4JvWGRBb3hQte8t8fvvCZX+rwCK+m8NGTovNxb37zFtxC9WjIHvfK6
B72uuOe8DDH7vMcNAb2o7+e81cjxvNxx7Lw4jve88evevOTZ+7zSUf+8RlPsvCVC67y/dfy8
Gsz8vJAa37w+iwC9emgEvSMF7ryKOOu89j7ivMdqBr2j/M289cgGvSMT4bzVXue8qVHwvPmT
9rw///K8JA3WvNc86bxWMAG97VvbvNnu97x/Oe28P5zkvN7v5rzbltm8vKH6vPE95rwJI8q8
TijXvDGuBL1fCui85SDqvGDHCL0KJ9m8</AssayYData></Step><Step><CommonData><SampleLocation>8</SampleLocation><SampleID></SampleID><SampleGroup></SampleGroup><SampleInfo></SampleInfo><SampleRow>G</SampleRow><SamplePlate>1</SamplePlate><WellType>KLOAD</WellType><Concentration>-1</Concentration><ConcentrationUnits>µg/ml</ConcentrationUnits><MolarConcentration>-1</MolarConcentration><MolarConcUnits>nM</MolarConcUnits><MolecularWeight>-1</MolecularWeight><Temperature>30</Temperature><StartTime>1251370</StartTime><AssayTime>20</AssayTime></CommonData><FlowRate>1000</FlowRate><StepType>LOADING</StepType><StepName>Loading</StepName><StepStatus>OK</StepStatus><ActualTime>20.003</ActualTime><CycleTime>0.2</CycleTime><AssayXData Points="100">wP/RQ1oZ0kPSMtJDbEzSQwZm0kOff9JDOZnSQ3az0kNszNJDBubSQ5//0kM5GdND0jLTQ2xM
00MmZtNDn3/TQzmZ00PzstNDbMzTQwbm00Of/9NDWhnUQ/My1ENsTNRDBmbUQ59/1EM5mdRD
0rLUQ2zM1EMG5tRDwP/UQ1oZ1UPzMtVDrkzVQyZm1UPAf9VDWpnVQ/Oy1UONzNVDJubVQ8D/
1UNaGdZD8zLWQ41M1kMmZtZDwH/WQ1qZ1kPzstZDjczWQ2jm1kPA/9ZDgBrXQ/My10ONTNdD
JmbXQ59/10NamddD87LXQ43M10NH5tdDwP/XQ1oZ2EPzMthDjUzYQ/do2EPAf9hDWpnYQ/Oy
2EONzNhDJubYQ5//2ENaGdlD8zLZQ9RN2UMmZtlDwH/ZQ1qZ2UN2s9lDjczZQwbm2UPA/9lD
WhnaQ9Iy2kONTNpDJmbaQwKA2kM5mdpD0rLaQ43M2kMm5tpDwP/aQzkZ20PzMttDjUzbQwZm
20Off9tDOZnbQ9Ky20ONzNtDiebbQw==</AssayXData><AssayYData Points="100">RDArvRIJHr1NPBq9PzERvbacHr1I+ge9vHgQvdJ7Eb0MSv68+yodvYSQD73tMwS9fTXrvMcL
Bb37bO6801oLvV9MD70k4Qq9470IvZLrBr34LQe9OhYHvZutCr1abgy95tXfvBZnAb1WMRm9
C7YAvcyTA738yQ6915IGvbhSCb3FEwm9jET7vPQzAL1wuAu94przvESo9bxNcvq89G0OvTgy
+7wsfAC9RL8BveQLBr1i3wW9xXUEvZsY8LzbYQW931gBvVYPDL3yaAW9eyj/vFzS/7wEMNe8
5GIAvfGy7rx7z+K8O03xvB8iAL2KOvi89AvxvNTx7bzzEPO8ZRLpvIyW/7y1p9G8euP0vAh3
+7wvugC9c78BvZyIAb2dov68fx3fvLQi9rxUL/i8EwjbvK/b9rzHXvK8FY30vAXR+bxSZd28
VgrvvJy+/bzAWfO80egLvV5H87xaI928aY0DvZ9H5rywDO+8d2HnvKpt9bxSI/W83okDvaFN
9LwzjNm82z/qvD4nzLz1kuO8unTfvA==</AssayYData></Step><Step><CommonData><SampleLocation>9</SampleLocation><SampleID></SampleID><SampleGroup></SampleGroup><SampleInfo></SampleInfo><SampleRow>G</SampleRow><SamplePlate>1</SamplePlate><WellType>BUFFER</WellType><Concentration>-1</Concentration><ConcentrationUnits>µg/ml</ConcentrationUnits><MolarConcentration>-1</MolarConcentration><MolarConcUnits>nM</MolarConcUnits><MolecularWeight>-1</MolecularWeight><Temperature>30</Temperature><StartTime>1281161</StartTime><AssayTime>60</AssayTime></CommonData><FlowRate>1000</FlowRate><StepType>BASELINE</StepType><StepName>Baseline 60</StepName><StepStatus>OK</StepStatus><ActualTime>59.999</ActualTime><CycleTime>0.2</CycleTime><AssayXData Points="300">IwDcQ5wZ3EM1M9xDz0zcQ2lm3EMCgNxDvZncQzWz3EPPzNxDqubcQwIA3UOcGd1DNTPdQ89M
3UOJZt1DAoDdQ5yZ3UM1s91Dz8zdQ8vm3UMCAN5DvRneQzUz3kPPTN5DaWbeQwKA3kO9md5D
NbPeQ/DM3kOJ5t5DIwDfQ70Z30M8NN9D8EzfQ4lm30MjgN9DvZnfQ1az30PwzN9DiebfQ+gA
4EO9GeBDVjPgQ/BM4EOJZuBDI4DgQ72Z4ENWs+BDlM3gQ4nm4EMCAOFDvRnhQ1Yz4UPwTOFD
iWbhQyOA4UO9meFDNbPhQzHN4UOJ5uFDIwDiQ70Z4kNWM+JD8EziQ4lm4kMjgOJDrpziQ1az
4kPwzOJDiebiQwIA40OiGuNDNTPjQ/BM40OJZuNDI4DjQ72Z40NWs+NDz8zjQ4nm40MjAORD
vRnkQ1w05EPwTORDiWbkQyOA5EOcmeRDNbPkQ/DM5EOJ5uRDIwDlQ70Z5UM1M+VD8EzlQ2lm
5UMjgOVDvZnlQ7iz5UPPzOVDaeblQwIA5kO9GeZDVjPmQ/BM5kNpZuZDI4DmQ5yZ5kNWs+ZD
8MzmQ2nm5kMIAedDvRnnQ1Yz50PPTOdDiWbnQyOA50O9medDVrPnQ8/M50Np5udDAgDoQ5wZ
6EM1M+hDz0zoQ4lm6EMCgOhDnJnoQ7iz6EPwzOhDieboQwIA6UOcGelDGzTpQ89M6UNpZulD
AoDpQ5yZ6UM1s+lDz8zpQ2nm6UMCAOpDvRnqQzUz6kPPTOpDaWbqQwKA6kOcmepDNbPqQ2vR
6kOw5+pDAgDrQ5wZ60M1M+tDz0zrQ2lm60MCgOtDnJnrQzWz60PPzOtDiebrQwIA7EOcGexD
NTPsQ89M7ENpZuxDAoDsQ5yZ7EM1s+xD8MzsQ2nm7EMCAO1DnBntQ1Yz7UPwTO1DqmbtQyOA
7UO9me1DVrPtQ/DM7UOJ5u1DIwDuQ70Z7kNWM+5D8EzuQ4lm7kMjgO5DvZnuQ1az7kPPzO5D
iebuQyMA70O9Ge9DVjPvQ/BM70OJZu9DI4DvQ72Z70NWs+9D8MzvQ4nm70MjAPBDvRnwQ1Yz
8EPwTPBDaWbwQ4WA8EO9mfBDVrPwQ8/M8EOJ5vBDIwDxQ5wZ8UNWM/FD8EzxQ4lm8UMjgPFD
vZnxQ1az8UPwzPFDaebxQyMA8kO9GfJDNTPyQ/BM8kOJZvJDAoDyQ72Z8kM8tPJD8MzyQ2nm
8kMjAPNDvRnzQzUz80PwTPNDiWbzQwKA80O9mfNDNbPzQ8/M80OJ5vNDAgD0Q70Z9EM1M/RD
z0z0Q4lm9EMCgPRDnJn0Q1az9EPwzPRDieb0QwIA9UOcGfVDNTP1QzFN9UNpZvVDKYH1QwSb
9UM1s/VDz8z1Q4nm9UMjAPZDvRn2QzUz9kPPTPZDaWb2QyOA9kOcmfZDVrP2Q/DM9kNp5vZD
AgD3Q5wZ90NWM/dDz0z3Q2lm90MCgPdDvZn3QzWz90PPzPdDaeb3QyMA+EOcGfhDNTP4QxdO
+ENpZvhDI4D4Q72Z+EM1s/hDz8z4Q2nm+EMCAPlDvRn5Q3cz+UPwTPlDaWb5QwKA+UOcmflD
NbP5Q8/M+UNp5vlD</AssayXData><AssayYData Points="300">ErtHPkpwVz4JQ1Y+H2RbPuz8Yj4cmF4+CxJbPpS/Wj5fsFs+PQpbPk4CXj4SLFw++xlcPjkx
Vj5INlM+e3hYPuBmVT6m1lU+oDVTPvGpVT57QFQ+e69XPrc8Uz5W+FE+4phSPurCVD40kFQ+
7mpTPsmaUz7j1FA+XnlSPm+HUz7akE4+2iNOPnb6Tj7SSlQ+xDtOPlvNUj4dN08+m5lOPid1
Uj4yxU4+GQJOPoB+UT4v5U4+cgNPPhbeSz5111E+CHVQPqxSTj7pFE0+02hPPsRaTT7ln04+
S/tNPqu7Tz7SxE0+jHpMPtM8UD74TU0+DLJPPrv+Sz7+/Es+lhdKPmbWST4kHk0+cwNJPg7r
Sz7r8Us+scZIPljhTz7Cd04+XstLPjb1ST4Ciko+TCRMPvuKST7fGUw+XVtIPmo4SD7YgEY+
tz1IPnuqSj5Ubkk+6xtLPrBsST6Hgks+ke1IPkZWRz4wqEY+fdBJPoSXRj6XVkg+j49JPsK9
Rj6Ygkc+CwZCPosvTD72bkc+R1BGPv71RT7C80g+ATxGPnlGRz4pgUQ+D5xIPqOERz4BwUo+
tENHPvv1RD5neUg+Ps9HPll8RD4VSkY+xk9DPnRsRD5gyEY+gX9HPjKJST6cV0E+PZNAPuzO
RT7JOUM+YPdGPlDhQT7P/UM+V7VHPgq1Qz4XZ0I+y6ZEPrz+RD6o2T8+9+o/Pj6mQT7w90I+
oGFDPnaPQz7V70I+9Q1CPrDrQT6utkA+KNA/PiPdPj4WaUU+/jZDPlw0Rj5bxEM++SJDPru1
Pz7fsUU+Ocs/PupBQT7T8j4+DX0/PrP3Pz6tU0M+4+c9PkKVQD636kE+k+Y9PmffQz7cRkQ+
VPdBPjFKQT4dNz0+bERBPvGTPj5XqkA+AIY+PkgAPj6JRkE+paw+PiejQD5J0D0+eLs+PstQ
Pj7eSzs+4dM9PtUIOz6WR0A+TPg+PjwRPz4xNTw+flk+Pj05OT4fJDs+zVc+Pi1UOD7EOT8+
VoU7PsAbPj6dYzc+b4k5Pl6ePj4SYzg+jVQ8Pq1nPj5VGDs+0j8/PpEsOz4vYjw+0TQ5PnIm
PD5GtDs+ve04PiUIPT68NzU+1rA2PivyOT47pDc+Bvc6PtNFOz4o3zY+5Tc8PlMcOj7ozzc+
yNU4PtyNPD44Rzw+Jx07PttcOD6Ubzk+gPI5PvDWOD71pjY+VEQ3PkK6Mz6P3jc+Ais2PnGr
OD76bzo+XMozPm3+OD5O9jc+NnQ4PhhIOj4njjc+k2s2PoCgNj57Xjg+yx42Pv7YOD7lUjY+
S0I0PjGgNz53hzg+RQM1PpQXLz4Y1jM+liM6PmaxNj6Mtjk+T4w2PoEwNj6VwjU+H5Q2Plx7
Mz70XzU+dG80Pm9dNj7K9jU+/7IxPjiDND69fDs+Oe00PsTXNT5pOjI+hGMyPoW9ND5Z4zQ+
um8yPsf/ND7B+DE+C4gyPuLgMD7itDI+GfUyPhxGOD4/pjE+ygI0PnlGMD5ISDY+XAUvPna1
ND5GLTU+kFo0PpldMj5FEzM+Z2k4PjpXMD4hmTM+0sI2Pi2pNT5geTE+wtcwPghxMT4VAjM+
ZswvPvoPMT7lnTE+</AssayYData></Step><Step><CommonData><SampleLocation>10</SampleLocation><SampleID></SampleID><SampleGroup></SampleGroup><SampleInfo></SampleInfo><SampleRow>G</SampleRow><SamplePlate>1</SamplePlate><WellType>BUFFER</WellType><Concentration>-1</Concentration><ConcentrationUnits>µg/ml</ConcentrationUnits><MolarConcentration>-1</MolarConcentration><MolarConcUnits>nM</MolarConcUnits><MolecularWeight>-1</MolecularWeight><Temperature>30</Temperature><StartTime>1351122</StartTime><AssayTime>20</AssayTime></CommonData><FlowRate>1000</FlowRate><StepType>BASELINE</StepType><StepName>Baseline 20</StepName><StepStatus>OK</StepStatus><ActualTime>19.999</ActualTime><CycleTime>0.2</CycleTime><AssayXData Points="100">AwD6Q50Z+kMVM/pDr0z6Q2lm+kPif/pDnZn6QxWz+kPQzPpDaeb6QwMA+0OdGftDNjP7Q69M
+0NJZvtDA4D7Q52Z+0MVs/tD0Mz7Q0nm+0MDAPxDfBn8QzYz/EOvTPxDSWb8QwOA/EOdmfxD
FbP8Q9DM/ENp5vxDAwD9Q50Z/UMVM/1Dr0z9Q2lm/UPif/1DnZn9QxWz/UPQzP1DSeb9Q+L/
/UOdGf5DNjP+Q69M/kNpZv5D4n/+Q52Z/kMVs/5Dr8z+Q2nm/kMDAP9DnRn/QxUz/0OvTP9D
aWb/Q+J//0Odmf9DFbP/Q6/M/0NJ5v9DAgAARL4MAESLGQBEWCYARDUzAETxPwBEvkwARItZ
AERYZgBEJHMARPF/AETOjABEm5kARFimAEQkswBEAsAARL7MAESL2QBEWOYARDXzAEQCAAFE
zgwBRIsZAURYJgFEJDMBRPE/AUS+TAFEi1kBRFhmAUQkcwFE8X8BRL6MAUSLmQFEaKYBRCSz
AUTxvwFEvswBRIvZAURY5gFEJPMBRA==</AssayXData><AssayYData Points="100">sFd1PciaN7x5J0S9+Bh2vWftgL2pUoK9l3aHvYvAfr0fIIK9ZBRtvdo5dr1R8ni9KydwvT5g
Yb2/JFq9fvRfvWKoRr2CcE+9OndQvbFAQ73M20u9SwlDvfYRV70VU1e9n9xKvXehRr2sm0e9
uxBSvXXDPr3tkDG9JLg3vZQkJr2Yzji9BLcsvckOJ71jwS69E1ckvRNHH71v1iu9J9kbvdGf
Lr3anCe9rtUvvUo8Mb03Fyq9ueg8vUMcJr2VTBW9b1UsvX+UGr1CSyK9INcbvU32Jb1vpxq9
dc4hvV6lCr1DGxG9FeMavVtdGr0LJxu9D6McvTDDC73Zoxe9Dj4WvcKEDb0JpAm9fJIRvdkK
Db1ylRe901kVvfiCEb1/rBW9FToPvdK2Dr01LhO9TpgKvR3QBL38/w+9cWEUvedwC71ong29
PGMFvYMnFb2IYfu8XdgRvZjgAr3vTwS9F9nrvExAD738vv+8uU4DvWxwDr0q3AW9RE0Cvb2I
Br1rg/285kUIvWpVB70bcRC9XBULvQ==</AssayYData></Step><Step><CommonData><SampleLocation>11</SampleLocation><SampleID></SampleID><SampleGroup></SampleGroup><SampleInfo></SampleInfo><SampleRow>G</SampleRow><SamplePlate>1</SamplePlate><WellType>KSAMPLE</WellType><Concentration>-1</Concentration><ConcentrationUnits>µg/ml</ConcentrationUnits><MolarConcentration>-1</MolarConcentration><MolarConcUnits>nM</MolarConcUnits><MolecularWeight>-1</MolecularWeight><Temperature>30</Temperature><StartTime>1382061</StartTime><AssayTime>120</AssayTime></CommonData><FlowRate>1000</FlowRate><StepType>ASSOC</StepType><StepName>Association</StepName><StepStatus>OK</StepStatus><ActualTime>119.999</ActualTime><CycleTime>0.2</CycleTime><AssayXData Points="600">8f8BRL4MAkQuGgJERyYCRCQzAkTxPwJErUwCRHpZAkRHZgJEJHMCROF/AkStjAJEepkCREem
AkQUswJEZMACRL7MAkR62QJER+YCRBTzAkTx/wJErQwDRHoZA0RHJgNEJDMDROE/A0StTANE
i1kDREdmA0QkcwNE4X8DRK2MA0SLmQNEV6YDRBSzA0ThvwNErcwDRHrZA0RH5gNEFPMDROH/
A0StDAREehkEREcmBEQUMwRE4T8ERK1MBESLWQRER2YERCRzBETxfwREvowERKuZBERXpgRE
2LMERPG/BES+zAREi9kERFfmBEQk8wRE8f8ERL4MBUR6GQVEVyYFRCQzBUTxPwVEvkwFRItZ
BURXZgVEFHMFRAGABUS+jAVEgJoFRFemBUQkswVE8b8FRL7MBUSL2QVER+YFRCTzBUTGAAZE
rQwGRIsZBkRXJgZEJDMGRPE/BkS+TAZEi1kGREdmBkQkcwZE8X8GRL6MBkR6mQZEqaYGRBSz
BkThvwZEvswGRIvZBkRX5gZEJPMGRPH/BkS+DAdEixkHRFcmB0QkMwdE8T8HRGJNB0R6WQdE
R2YHRCRzB0TxfwdEco0HRHqZB0RHpgdERbMHROG/B0StzAdEi9kHREfmB0Q18wdE8f8HRL4M
CESLGQhEVyYIRCQzCEThPwhErUwIRJtZCERHZghEFHMIROF/CEStjAhE3ZkIREemCEQUswhE
4b8IRL7MCESL2QhEV+YIRCTzCESEAAlErQwJRHoZCURXJglEFDMJRPE/CUStTAlEelkJREdm
CUQUcwlElYAJRK2MCUR6mQlEqaYJRBSzCUThvwlErcwJRHrZCURX5glEFPMJROH/CUStDApE
ehkKREcmCkQUMwpE4T8KRK1MCkR6WQpER2YKRBRzCkThfwpErYwKRHqZCkRHpgpEFLMKROG/
CkStzApEi9kKREfmCkQk8wpE4f8KRK0MC0R6GQtEHCcLRBQzC0TxPwtEvkwLRHpZC0RHZgtE
JHMLRPF/C0S+jAtEvJkLRFemC0QkswtE8b8LRL7MC0SL2QtEV+YLRCTzC0Tx/wtEvgwMRIsZ
DERXJgxEJDMMRPE/DES+TAxEi1kMRFdmDEQUcwxE8X8MRL6MDESLmQxEV6YMRCSzDETxvwxE
vswMRIvZDERX5gxEJPMMRPH/DES+DA1EixkNRFcmDUQkMw1E8T8NRL5MDUSLWQ1EDGcNRBRz
DUTxfw1EvowNRIuZDURXpg1EJLMNROG/DUS+zA1Ei9kNRFfmDUQU8w1E4f8NRL4MDkSLGQ5E
VyYORCQzDkTxPw5EvkwORItZDkRXZg5EFHMORPF/DkStjA5Em5kOREemDkQksw5E8b8ORL7M
DkSL2Q5EV+YORCTzDkTx/w5ErQwPRHoZD0RXJg9EFDMPRPE/D0StTA9EelkPREdmD0QUcw9E
4X8PRL6MD0SLmQ9ER6YPRBSzD0Txvw9ErcwPRHrZD0RH5g9EFPMPROH/D0StDBBEehkQRHgm
EEQkMxBE8T8QRK1MEER6WRBER2YQRBRzEEThfxBErYwQRIuZEERHphBEFLMQROG/EEStzBBE
i9kQREfmEEQU8xBE4f8QRK0MEUR6GRFERyYRRBQzEUThPxFErUwRRHpZEURHZhFEJHMRROF/
EUStjBFEepkRREemEUQUsxFE4b8RRL7MEUR62RFEV+YRRBTzEUTh/xFErQwSRHoZEkRHJhJE
JDMSROE/EkStTBJE/VkSRFdmEkQUcxJE4X8SRK2MEkSbmRJEV6YSRCSzEkTxvxJEvswSRIvZ
EkRX5hJEJPMSRBIAE0S+DBNEixkTRFcmE0TYMxNE8T8TRL5ME0SLWRNEV2YTRCRzE0TxfxNE
vowTRIuZE0RXphNEJLMTRITAE0S+zBNEi9kTRFfmE0Qk8xNE8f8TRL4MFESLGRRERyYURCQz
FETxPxRE/0wURItZFERXZhREJHMURPF/FES+jBREepkURFemFEQksxRE8b8URK3MFESL2RRE
R+YURCTzFETx/xRErQwVRIsZFURHJhVE3zQVRPE/FUS+TBVEelkVRFdmFUQkcxVE4X8VRK2M
FUSLmRVEV6YVRBSzFUTxvxVEvswVRKvZFURX5hVEFPMVROH/FUStDBZEixkWRFcmFkQkMxZE
Q0AWRK1MFkR6WRZER2YWRBRzFkThfxZErYwWRHqZFkTaphZEFLMWROG/FkStzBZEi9kWREfm
FkQk8xZE8f8WRK0MF0R6GRdERyYXRCQzF0ThPxdErUwXRItZF0RHZhdEFHMXROF/F0StjBdE
epkXREemF0QUsxdE8b8XRL7MF0R62RdEV+YXRBTzF0Tx/xdErQwYRHoZGERHJhhEjTQYROE/
GEStTBhEelkYRFdmGERVcxhE4X8YRK2MGER6mRhER6YYRBSzGEThvxhErcwYRC7aGERH5hhE
FPMYROH/GEStDBlEehkZREcmGUQkMxlE4T8ZRK1MGUSLWRlER2YZRCRzGUTxfxlErYwZRIuZ
GURXphlEJLMZRPG/GUS+zBlEi9kZRFfmGUQk8xlE8f8ZRL4MGkSLGRpE8ScaRCQzGkTxPxpE
vkwaRItZGkRXZhpEJHMaRPF/GkS+jBpEi5kaRFemGkQksxpE8b8aRL7MGkSL2RpEV+YaRCTz
GkTx/xpEvgwbRIsZG0RXJhtEJDMbRPE/G0S+TBtEi1kbREdmG0RFcxtE8X8bRL6MG0SLmRtE
V6YbRCSzG0TxvxtEvswbRIvZG0RX5htEFPMbROH/G0S+DBxEDhocRFcmHEQUMxxE8T8cRK1M
HER6WRxEV2YcRCRzHETxfxxEvowcRIuZHERXphxEJLMcROG/HES+zBxEi9kcREfmHEQU8xxE
ZAAdRL4MHUR6GR1EVyYdRI00HUTxPx1EvkwdRHpZHUSpZh1EFHMdRGCCHUSPjx1Em5kdREem
HUQksx1E8b8dRK3MHUSL2R1ER+YdRCTzHUTx/x1ErQweRHoZHkRHJh5EFDMeROE/HkStTB5E
elkeREdmHkQUcx5E4X8eRK2MHkSLmR5ER6YeRBSzHkThvx5EvsweRHrZHkRH5h5Ep/MeRPH/
HkStDB9EixkfREcmH0QUMx9E4T8fRK1MH0R6WR9ER2YfRCRzH0Thfx9ErYwfRHqZH0RHph9E
FLMfRHTAH0StzB9Ei9kfREfmH0QU8x9E</AssayXData><AssayYData Points="600">2A38PVtrID74iTA+sNw4PvwUOD751EA+rGk9PpvPQD7Mnz8+xTY8Pq0QQD5r/z4+vsw9Pq7X
OT47qj0+OsE0PkjaNT4Y6zk+q+k4PrcJNz6+qjc+YDE5PpgYOT68LzY+pfAzPlI4ND4gdTQ+
/DwyPuI/ND7zhTM++mg0PscnNT4Q9TI+bDYvPgW2ND65azE+7iAzPndyMj7KOjE++44vPjp/
Mj6UbC4+o1ktPs2DMT71hDA+j6oxPqABMz4MdTE+QtEwPiA6Lz4i4zE+9TwvPjJTKz7hNi4+
y8IuPstSLz6eVSs+ITstPrKzMD4WNCs+UyswPleULz7hdi4+mYIwPoisKD5EnS0+l3wuPoZt
LD6y3C4+ytMpPm9+Kz5wQi4+hYEpPuH6Kz4llSw+YekpPtR5LD5taSs+5tMrPgDxKj4LASc+
9vImPp03Kz7f2yk+EZ0sPi6JLj41eik+e8goPt1jKT74kCk+p04oPloxJj5/wSc+HwwlPmbQ
Jz6Y0Sc+lhEtPs+WJz56+io+SiopPpUdKj4AiSc+n2oqPj+bJj7g9yo+Tc4pPmdeJD6keSQ+
fQomPi6ZIz40fyY+DzAkPhUWKD55eyU+3BgqPopHJj4cqCc+/HEmPrFnJz5TMSk+v0MoPm47
JD6Pzic++70pPmG9KT6FgyU+oScjPlZ0KT7adyY+J3InPiibJT4mjyc+jckkPgCtJz4AXyg+
XIcjPnE9Jz7KjiQ+VwYoPg1JJT5UhiM+wtgnPr4IJD4EvCg+OysnPuxIIT6ZCyU+wqUsPqAa
LD7uWSE+IAMjPlQsIz4mqic+mPUmPhpTJT47EyY+Jr0gPsU9Jj5taiA+enwmPk6wJT6D0SM+
+yImPoRZJD6vdyY+IvgkPm4/Jj4XaSg+B5gnPkTrIz4PbiQ+aHYlPg2OIT4QdCc+9yEiPlFs
JT4vCCQ+Dt8ePnydIz7Z4yY+QmskPkI9JD6ieCQ+E/QjPppFIj6N1iQ+qwEkPkEAIj4zkyI+
u5IjPrCyID5PNyM+L3YhPvOuID4zFiQ+N0EkPkWyJD60ISM+6mkgPv67Jj4V8B0+/IMiPp1d
Kj4z6iQ++GsjPhZrIT57DiQ+JX8lPt2TIT5FmiA+zuoiPvAmIT7lOR4+PqsgPr5aHT7w4yE+
D+4jPuQ5Iz4YsSA+pcUfPpW+IT6foSI+cLEjPg10ID6rpyE+EQ0ePlmzIj7hlyE+BmclPtvC
ID7s2x8+uiQgPjehID5sIyI+c6UiPtyYID4mFyA+7T4fPoSgJT52niA+ABMfPvk7JD6bOSE+
dHcgPmFaIT4p6R4+is8dPlZVJD6meCA+/CcjPkP9Iz4suiI+wMAjPu73Hz7fZyM+DmIcPlfV
HT4/yB8+iYMePo1JIj4pnB8+ArQcPgyKHz7pKSA+XP4fPkrOHD7YUCU+9iohPntuHz7p2h8+
iuklPsRiHj7PriM+LikcPgd9IT5KWiY+askePn5xIT5nSSE+2xYmPkBcIj7g1iE+0eshPrTw
Hj6kZx4+OKkfPp2KJT5D0CA+0oIdPg4EHz7IuyU+tlkfPmGFHz7+ACI+56IiPvDhHj6PpyI+
RokgPvVbHz6Mdx4+D/0hPmMdID7aWiM+kzQhPuRzJT5Z1yE+jwEhPtJNIj7uXSA+P+sgPmDV
Gz7Y/SA+IA0dPkgnIz5w5B8+GkgdPuf4HT6l6x0+lgMhPlmyID4IYCE+CmYfPspaID6lBSM+
mTAfPizjHz7GJB0+qbUgPio/ID7yeRw+wUAgPufSHz43CyI+snciPopdID7f5yE+kW8iPmPd
IT6BcyA+9CokPrisIT5B7B4+z6kfPpYCHj77jCA+HPYaPtalHj7BTSI+li4ePnyfID4hUBw+
NlcgPlJ1ID6b3xw+lVwiPnXtHT45Lx4+tuAfPro/HT7YNSI+PfoePvrsIj6jiSE+arwfPt7n
Hj4twx8+2boZPmSJID7QjR8+d/0fPg1cHD7lzx0+528fPrLAHj7N8x8+5dkhPvTAGz6KWyE+
CrcePh1RGj7UUSI+EScePuG1Hz5oKCE+2bgdPt9DGj58tx0+EbEgPqzJID51OyE+/mkdPghG
Ij7IkB8+pGccPlMMHz7pthw+EociPl21ID7gMiA+k20fPpxpID6uWxs+CoYePgfaIT5Tix8+
/dobPpPEHz7bxxw+1OkhPhSNHj6peR4+DZchPuk4IT4B1x0+x40fPs23Hz5CNx0+bEEcPm9A
HD6EVR0+DIMdPjyAID766B4+GaYdPrZRHj5Qxx0+mBQiPuNFHT5VYyI+Qf8aPoQSGz6fWSI+
QBgbPhQIIT5vfB4+4XcYPjCyIT78wxw+jmYfPqQIID6ovxo+zswfPuIoHD6Nrh0+jWwgPlb4
Hz53HB4+kmoePpLUHT4Ujhw+TCIcPqk9Hj6X+Bw+rmwePtqiGj5T9Bs+/dIfPocyHz5CJR4+
/mAaPvFtGT6eXx0+EsUePr5YHj5WURw+8bofPmoeHT7ORxw+oLUfPh6SHT78Ax4+8ishPlBl
Gz6aHx0+bJ0dPv9oIT5NPho+xlQePuokGz4jKBw+618kPu6eGT7glhw+B9odPttrHD6Jux0+
MgQgPgZpHD6r1B0+OLYdPrbFGz4PAx8+jHsfPqsvHj6WTRs+I5YaPj95HD5R4xw+zk0ePnfz
HD6zTB0+HWcbPsJBGT6c8x0+xMAdPpoSHj5n1Ro+3zccPtjqGj6O+Bw+67EbPq4DIz6lfR8+
wzocPrn5Gj4C8Bs+BB8cPskFID6eux4+X6sbPrkJHz7CwR0+8jkXPsO7HT67oxk+nE0YPjY5
ID4Y9xk+aV0ePqBTID7S6hw+Rq0ZPmarGD4T+x0+fkwbPmMoHz6zPxo+JxYdPt3YID6mTh0+
ZGkcPttbHj7hOR8+AD4YPq1DHD50nho+c8kcPjUZGz4jxx4+p6cdPt4MHj7nLxo+OKkaPglR
Hj5cLyE+h6UYPvE+Hz6LTRw+6moZPk0SHD6hjB4+XZghPtatHT7DiRw+0EgiPpTtHj4+eRw+
bL4hPimbGz5jGhw+LeIdPmtkHT6HciI+YgsfPjmEHD6fXho+dusdPo0dHD5y+h0++/EZPhSg
HT6MXR8+b2McPoyFGz7qfRs+KIwdPtX1Gz4/mhw+94MfPskqID42aB4+B6ocPq0iHz5HrRo+
BlUcPn8BHD6EaRo+9H4aPgWpHT5WGB4+</AssayYData></Step></KineticsData></ExperimentResults>
