<?xml version="1.0" encoding="UTF-8" standalone="yes"?>
<ExperimentResults><ExperimentInfo Name="20251008 UPFB0001"><ExpDescription>AHC example method - full characterization&#13;
Analyte titration series with reference channel</ExpDescription><RTDVersion>2.0</RTDVersion><RunID>44513BEA-5865-4B65-BE64-68D265EFB71C</RunID><ExperimentType>KINETICS</ExperimentType><ExperimentSubType>KBASIC</ExperimentSubType><StartDateTime>2025-10-08T15:26:04</StartDateTime><MachineName>BN7KX12</MachineName><UserName>octet</UserName><LotNumber></LotNumber><PlateName>251008</PlateName><PlateName2></PlateName2><SensorName>F2</SensorName><SensorPlate>1</SensorPlate><SensorType>AHC (Anti-hIgG Fc Capture)</SensorType><SensorRole>LIGAND</SensorRole><SensorInfo></SensorInfo><WritingSW>DataAcquisition.exe 11.0.2.1</WritingSW><InstrumentType>OctetRED96</InstrumentType><InstrumentSerial>FB-50284</InstrumentSerial><InstrumentFW></InstrumentFW><IntegrationTime>3.2</IntegrationTime><DSPType>CPF</DSPType><DSPStitching>1</DSPStitching><HasManifest>1</HasManifest><InfoHash>-1324819486</InfoHash></ExperimentInfo><AssayParamsInfo/><KineticsData><Step><CommonData><SampleLocation>1</SampleLocation><SampleID>Running Buffer</SampleID><SampleGroup></SampleGroup><SampleInfo></SampleInfo><SampleRow>F</SampleRow><SamplePlate>1</SamplePlate><WellType>BUFFER</WellType><Concentration>-1</Concentration><ConcentrationUnits>µg/ml</ConcentrationUnits><MolarConcentration>-1</MolarConcentration><MolarConcUnits>nM</MolarConcUnits><MolecularWeight>-1</MolecularWeight><Temperature>30</Temperature><StartTime>612973</StartTime><AssayTime>180</AssayTime></CommonData><FlowRate>1000</FlowRate><StepType>BASELINE</StepType><StepName>Baseline 1</StepName><StepStatus>OK</StepStatus><ActualTime>179.999</ActualTime><CycleTime>0.2</CycleTime><AssayXData Points="900">AAAAAM3MTD7NzMw+mpkZP0SLTD8AAIA/mpmZP28Ssz8IrMw/okXmP05iAEDNzAxAN4kZQARW
JkAzMzNAAABAQGq8TECamVlAyXZmQDMzc0Ce739ANV6GQM3MjEACK5NAmpmZQM/3n0BmZqZA
nMSsQDMzs0BokblAAADAQDVexkCcxMxAMzPTQJqZ2UAAAOBAmG7mQJzE7EACK/NAmpn5QM/3
/0AzMwNBZmYGQYGVCUG0yAxB5/sPQRsvE0FOYhZBmpkZQc3MHEEAACBBGy8jQU5iJkGamSlB
tMgsQef7L0EbLzNBTmI2QYGVOUG0yDxB5/s/QRsvQ0GNl0ZBgZVJQbTITEHn+09BMzNTQU5i
VkGBlVlBtMhcQQAAYEEbL2NBTmJmQYGVaUG0yGxBGQRwQRsvc0FOYnZBgZV5QbTIfEHn+39B
ppuBQScxg0HByoRBWmSGQfT9h0GamYlBMzOLQeXQjEFmZo5BAACQQZqZkUEzM5NBzcyUQWZm
lkEAAJhBppuZQTMzm0HNzJxBZmaeQQAAoEEtsqFBMzOjQc3MpEFmZqZBAACoQZqZqUEzM6tB
zcysQWZmrkEAALBBmpmxQTMzs0HNzLRBi2y2QfT9t0GamblBMzO7Qc3MvEFmZr5BAADAQZqZ
wUFkO8NBwcrEQVpkxkEAAMhBmpnJQTMzy0HNzMxBZmbOQQAA0EGamdFBJzHTQc3M1EFmZtZB
AADYQZqZ2UEzM9tBzczcQVpk3kGHFuBBmpnhQTMz40HByuRBZmbmQQAA6EGamelBJzHrQdnO
7EFmZu5BAADwQY2X8UEzM/NBzcz0QWZm9kH0/fdBjZf5QTMz+0HByvxBZmb+QfT9/0HHywBC
mpkBQmBlAkIzMwNC+v4DQtPNBEKTmAVCYGUGQjMzB0IAAAhCzcwIQpOYCUJmZgpCLTILQvr+
C0LHywxCk5gNQmBlDkJ3Pg9CAAAQQsfLEEKamRFCkW0SQi0yE0L6/hNCx8sUQpqZFUJgZRZC
MzMXQvr+F0J/6hhCrJwZQmBlGkItMhtC+v4bQsfLHEKTmB1CYGUeQi0yH0IAACBCx8sgQpOY
IUJgZSJCLTIjQvr+I0LHyyRCmpklQmZmJkI5NCdC+v4nQsfLKEKTmClCYGUqQi0yK0L6/itC
x8ssQpOYLUKqcS5CLTIvQvr+L0LHyzBCk5gxQmBlMkIzMzNC+v4zQsfLNEKamTVCZmY2QjMz
N0IAADhCzcw4QpqZOUJmZjpCMzM7QgAAPELNzDxCmpk9QmZmPkIzMz9C+v4/Qs3MQEKamUFC
ZmZCQjMzQ0IAAERCzcxEQpqZRUJmZkZCMzNHQgAASELNzEhCmplJQmBlSkIzM0tCAABMQs3M
TEKTmE1CZmZOQjMzT0IAAFBCx8tQQpOYUUJmZlJCMzNTQvr+U0LHy1RCmplVQmZmVkIzM1dC
+v5XQs3MWEKamVlCZmZaQi0yW0IAAFxCzcxcQpqZXUJmZl5CMzNfQgAAYELZzmBCmplhQmBl
YkItMmNCAABkQs3MZEKTmGVCZmZmQjMzZ0IAAGhCzcxoQrieaUJgZWpCMzNrQvr+a0LHy2xC
mpltQmZmbkItMm9C+v5vQsfLcEKTmHFCYGVyQjMzc0IAAHRCx8t0QpqZdUJmZnZCTDd3QgAA
eELNzHhCmpl5QmZmekIzM3tC+v57Qs3MfEKamX1CYGV+Qi0yf0KDAIBC42WAQt/PgEIzM4FC
F5mBQn3/gULjZYJCzcyCQrAyg0IXmYNCjwKEQuNlhEJKzIRCMzOFQheZhUIAAIZCZmaGQkrM
hkKwModCF5mHQn3/h0JmZohCSsyIQjMziUKamYlCAACKQuNlikJKzIpCsDKLQheZi0IAAIxC
42WMQkrMjEKwMo1CF5mNQn3/jUJmZo5CzcyOQrAyj0IXmY9Cff+PQuNlkEJKzJBCsDKRQheZ
kUJ9/5FCZmaSQkrMkkIzM5NCmpmTQgAAlEJmZpRCzcyUQjMzlUK4npVCAACWQmZmlkLNzJZC
MzOXQpqZl0IAAJhCZmaYQs3MmEIzM5lCmpmZQgAAmkJmZppCVs6aQjMzm0KamZtCAACcQulm
nEJKzJxCMzOdQpqZnUIAAJ5CAmueQs3MnkIzM59CmpmfQoMAoELjZaBCzcygQjMzoUKamaFC
AACiQuNlokLNzKJCMzOjQheZo0IAAKRCf2qkQs3MpEJSOKVCF5mlQgAApkLjZaZCzcymQjMz
p0IXmadCff+nQuNlqELNzKhCsDKpQpqZqUJ9/6lCG2+qQs3MqkIzM6tCF5mrQn3/q0LjZaxC
SsysQjMzrUIdmq1CAACuQuNlrkLNzK5CsDKvQpqZr0IAALBCZmawQkrMsEKwMrFCmpmxQn3/
sUJmZrJCSsyyQjMzs0KambNCAAC0QuNltEJKzLRCsDK1QqCatUJ9/7VCZma2Qs3MtkKwMrdC
F5m3Qn3/t0LjZbhCzcy4QrAyuUKamblCAAC6QuNlukJKzLpCsDK7QheZu0J9/7tC42W8QkrM
vEKwMr1CF5m9Qn3/vULjZb5CSsy+QrAyv0IXmb9CAADAQuNlwELNzMBCsDLBQheZwUJ9/8FC
42XCQkrMwkKwMsNCF5nDQn3/w0KFa8RCzczEQjMzxUKamcVCff/FQuNlxkLNzMZCMzPHQheZ
x0IAAMhC42XIQkrMyEKwMslCppvJQn3/yULjZcpC2c7KQrAyy0KamctCAADMQmZmzELs0cxC
MzPNQpqZzUIAAM5CZmbOQs3MzkIzM89CmpnPQgAA0EJmZtBCzczQQjMz0UKamdFCAADSQmZm
0kLNzNJCMzPTQpqZ00IfBdRCZmbUQs3M1EIzM9VCmpnVQn3/1UJmZtZCzczWQjMz10KamddC
AADYQmZm2EJKzNhCMzPZQpqZ2UJ9/9lC42XaQs3M2kKwMttCmpnbQgAA3EJmZtxCzczcQjMz
3UKamd1CAADeQvZo3kLNzN5CsDLfQpqZ30J9/99C42XgQs3M4EIzM+FCmpnhQgAA4kJmZuJC
zcziQjMz40I1nuNCff/jQuNl5EJKzORCsDLlQheZ5UIAAOZCZmbmQuXQ5kKwMudCmpnnQgAA
6ELjZehCzczoQrAy6UIXmelCff/pQuNl6kJKzOpCsDLrQpqZ60J9/+tCZmbsQkrM7EKwMu1C
F5ntQoMA7kLjZe5CSszuQrAy70Kame9CAADwQuNl8ELNzPBCsDLxQheZ8UJ9//FCZmbyQkrM
8kLPN/NCF5nzQn3/80JmZvRCzcz0Qmo89UIXmfVCff/1QvBn9kLNzPZCsDL3QheZ90J9//dC
42X4Qs3M+EKwMvlCF5n5Qn3/+ULjZfpCSsz6QjMz+0IXmftCHwX8QuNl/EJKzPxCsDL9QheZ
/UJ9//1C42X+QkrM/kKwMv9Cmpn/Qn3//0IzMwBDJWYAQ1iZAEOLzABDvv8AQ/IyAUO0aAFD
mpkBQ4vMAUO+/wFD8jICQ3NoAkOamQJDzcwCQwAAA0MzMwNDZmYDQ5qZA0PNzANDAAAEQzMz
BENmZgRDmpkEQ83MBEMAAAVDMzMFQ2ZmBUOamQVDzcwFQwAABkMzMwZDZmYGQ5qZBkPNzAZD
AAAHQzMzB0NmZgdDmpkHQ83MB0MAAAhDMzMIQ2ZmCEOamQhDzcwIQwAACUMzMwlDZmYJQ1iZ
CUPNzAlDvv8JQzMzCkNmZgpDmpkKQ4vMCkMAAAtDMzMLQ2ZmC0OamQtDi8wLQwAADEPyMgxD
ZmYMQ5qZDEPNzAxDAAANQ/IyDUMlZg1DmpkNQ83MDUMAAA5D8jIOQyVmDkNYmQ5DzcwOQwAA
D0PyMg9DJWYPQ5qZD0PNzA9DAAAQQ/IyEENmZhBDmpkQQ83MEENCABFDMzMRQ2ZmEUOamRFD
zcwRQwAAEkPyMhJDJWYSQ5qZEkPTzRJDvv8SQzMzE0MlZhNDmpkTQ83ME0MAABRD8jIUQ2Zm
FENYmRRDi8wUQ77/FEPyMhVDZmYVQ1iZFUPNzBVDvv8VQ/IyFkMlZhZDWJkWQ4vMFkMAABdD
tjMXQyVmF0NYmRdDi8wXQ77/F0PyMhhDJWYYQ1iZGEOLzBhDvv8YQzMzGUMlZhlDWJkZQ83M
GUO+/xlD8jIaQ6hmGkNYmRpDi8waQ77/GkPyMhtDJWYbQ1iZG0OLzBtDvv8bQ/IyHENmZhxD
WJkcQ4vMHEO+/xxD8jIdQyVmHUOamR1DzcwdQwYBHkPyMh5DZmYeQ1iZHkPNzB5DAAAfQzMz
H0NmZh9DmpkfQ83MH0MAACBDMzMgQ2ZmIEPbmSBDzcwgQwAAIUMzMyFDZmYhQ5qZIUPNzCFD
AAAiQ/IyIkNmZiJDmpkiQ4vMIkO+/yJDMzMjQ2ZmI0OamSNDzcwjQwAAJEMzMyRDZmYkQ5qZ
JEPNzCRDAAAlQzMzJUNmZiVDmpklQ83MJUMAACZDMzMmQ2ZmJkNYmSZDUM0mQwAAJ0MzMydD
ZmYnQ5qZJ0PNzCdDvv8nQzMzKENmZihDmpkoQ83MKEMAAClDMzMpQyVmKUOamSlDzcwpQ77/
KUMzMypDZmYqQx2aKkPNzCpDywErQzMzK0MlZitDmpkrQ83MK0MAACxD8jIsQ2ZmLENYmSxD
zcwsQ77/LEMzMy1DZmYtQ6CaLUOLzC1Dvv8tQzMzLkMlZi5DmpkuQ4vMLkMAAC9DMzMvQ2Zm
L0NYmS9Di8wvQwAAMEN7NDBDJWYwQ1iZMEOLzDBDvv8wQ/IyMUNmZjFDWJkxQ83MMUO+/zFD
MzMyQyVmMkNYmTJDkc0yQ77/MkMzMzNDJWYzQ5qZM0OLzDND</AssayXData><AssayYData Points="900">AAAAAHYjJLq2cnQ6IeGIuZX25blt8Fk5JwtYuKhIEDovvAO72QlqO1FDizsJN8c6amDSOV6U
1joRhmk6EcufO83tpDt+x5E7pAerO5prizuQR6Y7kfSPO5hysTtdKoY7XexeO4O/pztXLBE7
F4gaO4oPATtqepU7nI8bO2ZImDvOxs87+M6vOj4wYDsumxE7ZyfWO/GokTtmAmg7hBrmO8A1
+zvJsp07sUwOPDQjTjs2fLQ71oyROxlCsDvZWaY7Y9BaO3SjrTvZUt47b/3KO4gGBjsYW3w7
5ioFPFnMDjz3Hgs8wEnlO0u+qDsnxgs8rPmoOzt45TuqFr07A9/8O1Va8Dt0Gyk8VjXBO5a+
ZjuWlOk7j2GYOwZ2wDtlp9Q7MA4RPNrvjztqia87g7OWO7CQfTtV47s7Jcq/O558lzuKsro7
tEuzO5EZ9Dtkge47t2i9O5taHzz0MJg733kPPP2JBjxS0cA7J34RPNeLpzt+j6Y7sIf4O98o
GDvTH2I7Ll0JPA/dBzy45q07l7LrOyJVczvpuR48u3jyO92CGTyDf287ixoFPBmkoDums/I7
q3DsO+S3uzsFtSY8m/0sOzO3+jvahSw8KiYVPDAgLjzbuSI83vXeOxdZ4DtW1xs8pFGsO+Pm
xTuz3AE8FHfrO8bpEDzMZNM7KCUOPFgTrju1vSQ8sb4TPKZjsTsE5RM8/qQdPAUiDzwjAJc7
EEz6O2dw8TuQhgo83e7YO8yO0juForA77ln9O2J+yDuplPM7WyOkO2re0jtZs+w7GAzmOy2J
wjtU2xk8KQ1GPLW4HDzIAck7dUiXOz+lHDxpC+c7cqz/O73qcTuTvLE7nFsIPIITBDyRABo8
q54CPO3f2TuuT/A7Q90iPJ5XDzyRuBM8H3vmO/JJEzx1iSQ8qfwVPPg6KDyUxhY8bIPxO+E3
pjsUA5k70gUOPMzHFDx6MYs7uewHPCvyEjwzXcU7bCnuOyGA/jtR+zE8hAwLPBsA0zsxNvE7
ANCIO7ccwjshGsU74x+sO2mVCjyf3xs82nzTO0+iBzz1TvQ7WTUSPFj4yju+FhQ8OhCiO5UY
7zssui48ASyhO3qKJTw27BA823f+OxKJETxFos87ms0UPO7MRDyeNxI8627yOz0nAjwdwSs8
5bwKPA1vrDuFXDA8wL7aOxe4zjvJd9s7LPohPCVe4DtTpx08ILAiPHFQGTxF/QQ8S0Q+PJxS
FzwZDO87yz32O8iJ7jsesDE8nwMyPIOa5zshuyU80YcxPGOU8zsLkQo8PDUOPPdk9jsKM807
ns8bPCgRHTyzCAc8HYg6PMvEFDx5mSk8M2ksPACRIzxgGhQ8ADICPPKODjy0tl08toojPKV2
Mjy/dg48sdgXPF/Z8zv7cNE7fLSgO5tXKDzOHD08Sc1APDs5JDwNaVU8e+glPIVHAjy/4CI8
XimsOxTSBjz33CI82S0LPJGdPjwkKxg8Ar0QPHOyCzxE2BY8d+I7PBIR/jvbtQc8/k07POpq
BDzx4hI8eFAfPKj+KDyrqTM8z4cQPHj4LTy2FGs8pQwEPN/lDTxuJB48OGEuPBKoCTx1Mhg8
AsYsPLfvQDwrvWM8YBA6PMsIGjyQKwY8DATxO8dSFjy62lA8pz4nPERj9juVChI8LbEqPDLK
Hzw0okY8pwRDPDbHDzySFi48u7gTPFYo/juNXRc8Ij4SPL12PzzBpCs8fQgNPN98Gjzayhk8
XoEuPJA4BzzYLy48rHgtPDdtMzzFlTA8+VMfPGDdPTyFIEg8ht4DPIfb7ztgLAU8oOkcPMbE
LTwY7Cc8Y6QnPH2CEzzpvxA8rdVDPIAjJjwB1TU826QBPInQKTyU8Oo7Xbk1PF8bGTzO5gM8
4nAFPP/9OjztEhw8GLoUPG8/IjxcDC88oGhUPNQuDTxbDAc87w4XPDXXDTx5qCU85AwdPAFT
HjxshO87u24sPP4VJzwlIi88tdcFPJ1mLTxcPjk8HVoJPNMixzvrbms8OxNQPIT83DvAsTs8
ppMnPBdRHjyzlkA8mPY+POpnIDyDuWE8NxPPOyGuBzwtJBA82ybtO3oTCjzbnCE8N4wxPI/b
IzztfU08Lmc0PHTzRjw7Kx48AAcbPFFALjyxHDA8MbgLPHt9Cjy94iA8KBkgPPohNTy7Jwo8
+9YxPERICTxcMjQ8x4kXPOYwFzyrBiI8lzEdPGyBRTx6OyE8E204PJlJDzwoiB08CacAPHv8
aDyml2U8JRJZPIm7GTxGriM8+G9BPEIXcDyARCw8kGEXPF6AVjwXtBo8uA9GPHk6HTwpHdU7
Q1wJPNCzVjyKjxg8w5A5PAaH/TvuqjU8rawnPMVEXTwDeTE8OTk1PKkXKTxL1yM8IVsnPGmd
QjycDxI8oroXPCUSOjx7rVQ8r0k1PIKiNzytmik8Y6oZPIJfKDzXD1I80YkUPKIzOzw6yRU8
MqQVPLLRITwl8T48K8cAPOXySTyeC1c8hKcUPCTGRTx2N0E8QgE/PJFOMTw3ACk8ZKw4PGjH
HzyfL/c7PFYkPAFmJDziJQM8j8dJPFomCTz1/Ts8m/EuPJQoJTy1/jI8HacXPC5FJjzlH0Q8
NbIaPOuQZDy8M0g8KA83PPosKTzDzDw8a5w2PA8nDDzf4CM8PzV4PFTANTyoXzc8OWouPI1X
MTxbAzQ8Ua5NPKcqNTyfjBo8Wek3PA6rPDydWEE8CYpXPHd1YTwWZjY8V14IPC3SBzzEMl08
r8tEPBIeKjxLy2c8N1X/O//aETxLdyM8aq1DPEM9BzzPTCk8FBlCPGk7CjzEIgk8RXZPPIle
HDzyYD88iawpPPEDRjzG4V882SovPEX2ZDwBjiY8+OMRPK9pNzz4IUY8epQwPE6cUDwUgzk8
UJI3PNsXGjxodlk8F2srPBjrgDyJuk48I8tdPFMAYzzFEgA8Mg9WPMdfIDzVnTI8zdARPJH+
RDxSyfI7V1tAPLFUUzxghkI8DscJPCz5GzyPpyg8ngRCPMIORTwCO1k8mxFmPGkzTTz4txU8
iLsjPDWBPjxa3zc8v/UePMF+OzwYalQ8oNRAPJQ3Ljy8gBg8njkbPGijaDxbbBc8gWwxPGO0
LDxYMk0821llPMUZGDwBmRA8/U1QPJ5GOTwvPFI8ArAtPOYUPzxXESw8c4lQPFs4NTzLIRw8
gickPJ8BLDyp8TI8Lk8zPJOsGDwr6CE844BdPHS+Bjw3fEo8oRxIPG6euTvY+Ts8LfphPKuC
SDyxlC08zmMRPBmAJDxMTCQ8OmkmPNsnGjyjqh08oRJMPC+LajwVgyg80YYlPDctUzz+6Dc8
8Y87PNNMMDzh2kA85/lQPI+2Gjz+SyE8PkWJPMGdNjx0wjY8wjRBPMII7jsVnlU8oTNbPLfK
aTxWpzY8UcxiPErzGjz+jh48dyVvPGxoCDwxEjU8HSoqPCuyQDx4vUw84PB2PMc2FTxaYUI8
UaAePJDtTDy9w3Q8GCJFPLBDVjxVi0I8ANdGPLlACTxHL1c8zt48PHUzJjzGRU08tcsOPAGs
OzycW0U8NBIHPHO0HTxQWj08eK9gPJTULjy0aUg8LB+/O4NETzyvJDM8JeoZPGPjUTyVHC48
teuEPEolXTyzAhc8fe86PKv5QTwZsww8H6gsPMp4Xzxpn9I7TxwyPFhKHDwAnSE8nmszPBmq
DzyO1gc8ZXtjPDUSTjx3tFU8DvdDPLSKSjwNsVo80ro6PMJANTwVLC48nv8oPCgJPTyVcTw8
qpFRPMjiSjy6niI8HOsxPOqKFzzglzk8r7YaPFkeGjzuXTY8ZflCPPvcMjy4Z1o8LThLPFNg
YDyNY1I8B49RPGrtRjy03Vc83+U1PCKKJDzgAEU8GMxMPH2sNTwuMjY8hBU8PAWLJDw+/xI8
FPQsPB6pPjyOXgg8nhE+PDMuUDz0PjI8i3kyPILVZjwackU86eNPPE1qTTy/mjc8h25LPLr5
Kzy/SCg8k6UZPL7pMzygwC48lqsIPGK8MTwwWiI8hQtBPHI6VTw5ZAA86iUBPGl4KjxYiRM8
fNxMPEfNQTwY+ys82ANWPLfIaDy+Sxs8SD4lPAy8UDyzYkY8k6h3PAztRTzPFUo8sTpHPG1p
QTyQ/GE8xy8+PNCOMzxL/CQ8VLwNPG56NjwFdDw8aDQxPMi7GjwabCk8HTkqPCdufDydxig8
/N1fPBvPYzwB+QI8qZMfPLNxOTzQejI8pEw5PFHRVTy8Vyc8dxpFPPsDZzyWUV48Mm0HPMgW
FTwg/A48LnkZPE58Zzy1xBw808s7PCyKKDxo4Ig8q9JHPM60RjzaaCY8x+wIPGn7ODw7WFg8
iCtCPE1TSzzCjhw8sHU5PMmTOzzTjhQ8w1IYPFZLPTzVPTg8u2E/PE0MVDxY5lc8amczPDLd
DTwkmxY8nN5dPJ/JXTxi7RM8S45gPFi7QTxUWF48OXohPOslaTyFMUA8jgQSPAGnPDz1kik8
U+EQPKCTVjxrR0A8+dQdPPIU8Tv6JEw8ljtGPIokDTx1DDo8i4hRPCK/YzzLSRA8Y+krPNC8
Bzx950g8QogVPPDIODxAMz08Wb40PAoxHzypUx08Sb1GPMQuVTxr+m08t+NTPHeHIjyDLR08
ERofPBA/Qjy3Dj88bEVDPFzQcDy/LDI8tYBfPMh0XjzETjw8XvtaPMLMcjyo40881YRVPGn3
PTzMmlk8uotgPHR6CDw/9zk8tlc0PGiHODw/cGo8a7krPMHyUTywXSE842o+PLHuNzynOVY8
7sNBPGybTDwxWEc89mstPBxEQTwRcxE8iPILPGncCTzm3RU8</AssayYData></Step><Step><CommonData><SampleLocation>2</SampleLocation><SampleID>10mM Glycine pH1.7</SampleID><SampleGroup></SampleGroup><SampleInfo>or other Regeneration solution</SampleInfo><SampleRow>F</SampleRow><SamplePlate>1</SamplePlate><WellType>REGENERATION</WellType><Concentration>-1</Concentration><ConcentrationUnits>µg/ml</ConcentrationUnits><MolarConcentration>-1</MolarConcentration><MolarConcUnits>nM</MolarConcUnits><MolecularWeight>-1</MolecularWeight><Temperature>30</Temperature><StartTime>969006</StartTime><AssayTime>20</AssayTime></CommonData><FlowRate>1000</FlowRate><StepType>CUSTOM</StepType><StepName>condition</StepName><StepStatus>OK</StepStatus><ActualTime>20</ActualTime><CycleTime>0.2</CycleTime><AssayXData Points="100">vv8zQ/EyNEPjZTRDFpk0Q0nMNEN8/zRDsDI1Q+NlNUMWmTVDi8w1Q77/NUPxMjZDJGY2Q1iZ
NkNJzDZDfP82Q7AyN0PjZTdDWJk3Q0nMN0O+/zdDsDI4QyRmOENYmThD0s04Q3z/OEPxMjlD
JGY5QxaZOUNJzDlDvv85Q/EyOkPjZTpDFpk6Q0nMOkN8/zpDsDI7QyRmO0MWmTtDScw7Q3z/
O0OwMjxDJGY8Q1iZPENJzDxDfP88Q/EyPUPjZT1DFpk9Q0nMPUN8/z1DsDI+Q+NlPkMWmT5D
Scw+Q3z/PkOwMj9D42U/QxaZP0NJzD9DfP8/Q7AyQEPjZUBDn5pAQ0nMQEN8/0BD8TJBQ+Nl
QUNYmUFDi8xBQ77/QUPxMkJDJGZCQ1iZQkOLzEJDvv9CQ4E1Q0MkZkNDWJlDQ4vMQ0O+/0ND
8TJEQyRmRENYmURDi8xEQ77/REPxMkVDJGZFQ1iZRUPMzEVDfP9FQ/EyRkMxaEZDWJlGQ4vM
RkO+/0ZD8TJHQ+NlR0NYmUdDi8xHQw==</AssayXData><AssayYData Points="100">HH6CvtqYVb40HjC+J2sZvnn4Er7iUxO+VOISvsIlFr4oNxu+3VoeviusIr41lym+fFYsvnr8
Nb70ejS+BjI3vkoEPr4WCD++mpw+vvDlQ74oQUq+9mROvi8tTr5GKlK+vjdQvpMOV77e/Fa+
Lp5cvkllWr56zFe+Lf9gvvraYb7BBmO+FyhnvuLAZ75jKGq+ochovmDVab6+EG++wOhvvgMn
b77X1XS+IC50vrDJdr7agni+40l2viKifL6fvXy+R5B8vqsJfr4PHoC+Mh19vjd+gL7XsYC+
igWCvl8Egr7w2oK+DEiCvrcrhb5rNIS+NAiEvkfthr6U3Ie+rcSHvoAIh74bD4e+DYqJvqc3
ib7d+Im+B9SLvrpHib5xWIy+pg6NvlBSjb4hQ4y+BZCNvraljr6Y742+rzmOvlwzj76q04++
XryQvgxCkb69oZG+Ki2Svurakr4tFZK+owOSvixmk75Ny5S+QamTvtC2k779y5S+8I6Vvp/r
lL67sJS+y+OVvlzClb7+tpa++LWVvg==</AssayYData></Step><Step><CommonData><SampleLocation>1</SampleLocation><SampleID>Running Buffer</SampleID><SampleGroup></SampleGroup><SampleInfo></SampleInfo><SampleRow>F</SampleRow><SamplePlate>1</SamplePlate><WellType>BUFFER</WellType><Concentration>-1</Concentration><ConcentrationUnits>µg/ml</ConcentrationUnits><MolarConcentration>-1</MolarConcentration><MolarConcUnits>nM</MolarConcUnits><MolecularWeight>-1</MolecularWeight><Temperature>30</Temperature><StartTime>994350</StartTime><AssayTime>20</AssayTime></CommonData><FlowRate>1000</FlowRate><StepType>CUSTOM</StepType><StepName>condition</StepName><StepStatus>OK</StepStatus><ActualTime>20</ActualTime><CycleTime>0.2</CycleTime><AssayXData Points="100">vv9HQ7AySEPjZUhDFplIQ0nMSEN8/0hDsDJJQyRmSUMWmUlDScxJQ3z/SUOwMkpDJGZKQxaZ
SkOLzEpDvv9KQ/EyS0PjZUtDFplLQ0nMS0O+/0tDsDJMQ+NlTEMWmUxDi8xMQ3z/TEOwMk1D
42VNQxaZTUNJzE1DfP9NQ/EyTkMkZk5DmZlOQ4vMTkO+/05D8TJPQyRmT0NYmU9Di8xPQ77/
T0PxMlBDJGZQQ1iZUEOLzFBDvv9QQ7AyUUMkZlFDWJlRQ4vMUUN8/1FD8TJSQyRmUkNYmVJD
i8xSQ77/UkPxMlNDJGZTQ1iZU0NPzVNDvv9TQ/EyVEMkZlRDWJlUQ0nMVEN8/1RD8TJVQyRm
VUNYmVVDi8xVQ3z/VUPxMlZDZmZWQ1iZVkNJzFZDvv9WQ/EyV0MkZldDWJlXQ4vMV0O+/1dD
sDJYQ+NlWEMWmVhDScxYQ77/WEPxMllDJGZZQ1iZWUOLzFlDfP9ZQ/EyWkPjZVpDWJlaQ0nM
WkN8/1pDsDJbQ+NlW0NYmVtDi8xbQw==</AssayXData><AssayYData Points="100">qy+/PGEOLL2CGZm9sB+5vT/ky71ZWs+9QF/VvZI52b0N8My9ccvEveDov70Uhca90XLCvae2
vr2l+ra9SW65vTXStb14g7a9JmK0vdwYs70taKO9/o2qvQJopr0YM6y9JomivQ7epL1UHJ69
HH2kvWWUnr0NMZ290PyfvWwCor3a4Zu9dxyXvb3nm73m0pm96cmYvfucm72So5q9Hi+Svcjs
k72oho+94huRvcznlL2lp469Y+yMvb94kr39XZG9ILKUvXaxi72tF429BN6VvV1tkL1Swo29
0RSOvUc9jr2fR5C9Ds6Pvdn7j70KXIm9RbKWveuPjr27IIy9qIeHvZIPjb2bZo29kviNvRaf
jb3Y9IS9jM6KvSanib1Eo4K92ciBvYzihb1sAIe9eIGEvTFGhb14roO9wCeLvS4QiL2mXoK9
mg+FvWEphb1iPYO9+IeFva51gb0Md4m9nKuEvRhZhr1UKIC9eOF/vZ6Lgr3rQ4O9bjKIvSW+
gr2ytYm9fDiAvWnMfr2rY3+9Eu2BvQ==</AssayYData></Step><Step><CommonData><SampleLocation>2</SampleLocation><SampleID>10mM Glycine pH1.7</SampleID><SampleGroup></SampleGroup><SampleInfo>or other Regeneration solution</SampleInfo><SampleRow>F</SampleRow><SamplePlate>1</SamplePlate><WellType>REGENERATION</WellType><Concentration>-1</Concentration><ConcentrationUnits>µg/ml</ConcentrationUnits><MolarConcentration>-1</MolarConcentration><MolarConcUnits>nM</MolarConcUnits><MolecularWeight>-1</MolecularWeight><Temperature>30</Temperature><StartTime>1019966</StartTime><AssayTime>20</AssayTime></CommonData><FlowRate>1000</FlowRate><StepType>CUSTOM</StepType><StepName>condition</StepName><StepStatus>OK</StepStatus><ActualTime>20</ActualTime><CycleTime>0.2</CycleTime><AssayXData Points="100">v/9bQ7EyXEMlZlxDF5lcQ0rMXEN9/1xD8jJdQ+RlXUMXmV1DjMxdQ33/XUO3M15D5GVeQ1mZ
XkNKzF5Dff9eQ7EyX0MlZl9DWZlfQ0rMX0N9/19DsTJgQzhpYEMXmWBD2s5gQ7//YEPyMmFD
8GdhQ1mZYUNKzGFDv/9hQ7EyYkOoZmJDF5liQ0rMYkN9/2JDsTJjQ+RlY0MXmWNDSsxjQ33/
Y0OxMmRDJWZkQyObZENKzGRDff9kQ7EyZUMlZmVD3JllQ0rMZUPFAGZDsTJmQyVmZkNZmWZD
jMxmQ7//ZkPyMmdDJWZnQ5qZZ0OMzGdDv/9nQ/IyaEMlZmhDoJpoQ4zMaEO//2hD8jJpQyVm
aUNZmWlDjMxpQ7//aUPyMmpDJWZqQ1mZakOMzGpDv/9qQ/Iya0MlZmtDF5lrQ4zMa0O//2tD
sTJsQyVmbENZmWxDjMxsQ33/bEPyMm1DJWZtQ1mZbUNQzW1Dv/9tQ/IybkMlZm5DF5luQ4zM
bkN9/25D8jJvQyVmb0NZmW9DjMxvQw==</AssayXData><AssayYData Points="100">lMa7vuuwoL7Tg4u+9Jh/vtb8db6vAHS+tCdxvv5Id74wdXe+dFV4vtLJd74as36+XMp/vl/j
f77yjoO+kJKDvlbNhr4OBoe+2yaJvje6ib5mEIi+lpOIvhm9ir7WDou+WKyMvvHcjL7I3Y2+
gnuQvkU2jb4nQY++PnKRvi00kb4SW5G+rluQvj0Xkb4TI5O+Hi2UvkTqk756fpS+EiaVvsZU
lb45MJa+RS2Xvqjll7441Je+3u+XvtqimL6ndZm+RayZvv0gmr7be5q+a86avmJXm76H7py+
dsKbviIzm75IVp2+5eWcvvc6nb7S1p++vEidvr8nn77koZ6+vxSgvstln746FKG+uhmhvvqU
n75JbaC+mpegvnGPob7mQaK+3yKivq24pL6fSaS+sb2ivsYepL7vfaO+Egajvt+Upb52Y6W+
BHqlvnNgpb5vKaa+EiWlvuo8p75vZKa+yIqnvmlEqL7jmae+/lqnvqUGp76mEqi+uVynvqBe
qL6WD6q+1HipvuCsq76oFqu+uXuqvg==</AssayYData></Step><Step><CommonData><SampleLocation>1</SampleLocation><SampleID>Running Buffer</SampleID><SampleGroup></SampleGroup><SampleInfo></SampleInfo><SampleRow>F</SampleRow><SamplePlate>1</SamplePlate><WellType>BUFFER</WellType><Concentration>-1</Concentration><ConcentrationUnits>µg/ml</ConcentrationUnits><MolarConcentration>-1</MolarConcentration><MolarConcUnits>nM</MolarConcUnits><MolecularWeight>-1</MolecularWeight><Temperature>30</Temperature><StartTime>1045634</StartTime><AssayTime>20</AssayTime></CommonData><FlowRate>1000</FlowRate><StepType>CUSTOM</StepType><StepName>condition</StepName><StepStatus>OK</StepStatus><ActualTime>19.999</ActualTime><CycleTime>0.2</CycleTime><AssayXData Points="100">v/9vQ7EycEMlZnBDWZlwQ4zMcEN9/3BDsTJxQyVmcUNZmXFDSsxxQ7//cUPyMnJD5GVyQxeZ
ckOMzHJDff9yQ7Eyc0MlZnND3JlzQ0rMc0O//3NDsTJ0Q+RldEOamXRDSsx0QwcBdUPyMnVD
JWZ1Q1mZdUOMzHVDff91Q7EydkPBanZDWZl2Q4zMdkN9/3ZD/zR3QyVmd0MXmXdDSsx3Q33/
d0PyMnhD5GV4QxeZeENKzHhDv/94Q/IyeUPkZXlDF5l5QxXOeUO//3lDsTJ6Q+RlekMXmXpD
Ssx6Q33/ekOxMntDJWZ7Q1mZe0OMzHtDff97Q7EyfEMlZnxDF5l8Q0rMfEN9/3xD8jJ9Q+Rl
fUMXmX1DSsx9Q7//fUPyMn5D5GV+QxeZfkNKzH5DJQZ/Q7Eyf0PkZX9D4pp/Q0rMf0N9/39D
eRmAQ/EygEOLTIBDJWaAQ75/gEO6mYBD8bKAQzXOgEMl5oBD3/+AQ1gZgUPxMoFDi0yBQyVm
gUPff4FDeZmBQ/GygUOszIFDJeaBQw==</AssayXData><AssayYData Points="100">S5b8vHDjob2Mhde9CHLvvbCk/70B5vi9fK/5vYq18L12H/K9M1ztveBV7r3dcvC9zx3hvUR4
5r0qNuG96+nmvXjt2r2/Sdm9YmbZvbRN1b3fadq9irzXvfYG0L2zP8y9IsLNvQtNzL36P829
ocTNvaftyL1tM8q9ccDHvZBOzL3G/8a9fhbLvSfNyb2ezLy9YVjFvVAgwr1J5sG9AznDvRPN
uL08ksG9WijCvZSNwr0Rub29c9e5vR6jv72uIL+9yPS2vaGZwL1QaL29pFu4vZoftb1J0b29
sxO7vdMAvb3+R7K9mUy3vYjUtb1M2rq9MKO0vS4gvb1bpre9UXqwvWsBtr3NVrO9ene0vcNJ
uL0XCrW9kx2zvRnwsL31vbG9H/WzvVbVsr1jeK69g6y5vdKksr1viLW98xyxvaNqs70/J7W9
kvewvf+Crr2UJq29qletvSaBuL15lq29jPGsvXNOqr2Q+aq9IpivvTrZrb34NbS9fBCovQAd
qb0j6am9HTCsvU4or72Ima69hhGsvQ==</AssayYData></Step><Step><CommonData><SampleLocation>2</SampleLocation><SampleID>10mM Glycine pH1.7</SampleID><SampleGroup></SampleGroup><SampleInfo>or other Regeneration solution</SampleInfo><SampleRow>F</SampleRow><SamplePlate>1</SamplePlate><WellType>REGENERATION</WellType><Concentration>-1</Concentration><ConcentrationUnits>µg/ml</ConcentrationUnits><MolarConcentration>-1</MolarConcentration><MolarConcUnits>nM</MolarConcUnits><MolecularWeight>-1</MolecularWeight><Temperature>30</Temperature><StartTime>1071449</StartTime><AssayTime>20</AssayTime></CommonData><FlowRate>1000</FlowRate><StepType>CUSTOM</StepType><StepName>condition</StepName><StepStatus>OK</StepStatus><ActualTime>20</ActualTime><CycleTime>0.2</CycleTime><AssayXData Points="100">v/+BQzgZgkPRMoJDa0yCQwVmgkO/f4JDOJmCQ/KygkOMzIJDJeaCQ7//gkNZGYND8jKDQ4xM
g0MlZoNDv3+DQ1mZg0PysoNDa8yDQyXmg0O//4NDWRmEQ/IyhEOMTIRDyWaEQ79/hENZmYRD
8rKEQ4zMhEMl5oRDv/+EQ1kZhUM0M4VDjEyFQyVmhUOef4VDOJmFQ/KyhUOMzIVDJeaFQ7//
hUNZGYZD8jKGQ2tMhkMlZoZDv3+GQ1mZhkPysoZDjMyGQyXmhkO//4ZDWRmHQ/Iyh0NrTIdD
JWaHQ0KAh0NZmYdD0bKHQ4zMh0Ml5odDnv+HQ1kZiEPyMohDjEyIQyVmiEO/f4hDOJmIQ/Ky
iEOMzIhDBeaIQyEAiUM4GYlD8jKJQ2tMiUMlZolDv3+JQziZiUPysolDjMyJQyXmiUOe/4lD
XxqKQ/IyikOMTIpDJWaKQ79/ikNZmYpD0bKKQ2vMikMl5opDv/+KQzgZi0PRMotDa0yLQyVm
i0Oef4tDeZmLQ9Gyi0OMzItDJeaLQw==</AssayXData><AssayYData Points="100">EarNvnNMsr5cJ56+mh6UvllCkL5bVY2+7gyMvk5cjr4mkJC+Bo+Pvj6/kb67TZO+2uaSvuN8
lL6rVZa+Z52XvpxMl76JNJq+B9Kavls0m7580Ju+MGCbvmfInb4aT52+SdGcvvtynr7vy52+
SRugvs6dn76/8aC+AMqhvrzJob7fwKG+TYOkvnpBo77jO6S+SQmkvqFLpL7c96W+WqWnvhXz
pr7wyqa+kP2lvrIgqb5df6i+Ai6pvmulp74cjam+nIqqvhYrqr4njqq+jdupvmaVqr6zjqq+
9harvjJBrL7Uyq2+d/Csvr+Cq74k7q2+IL2tvlzprL6mGa6+4Tivvnqhr76R56++eeuvvnO8
sL7S1a6+gMmxvmFdsL4HTbG+pmOxvrXPsL4MbLK+SsWyvpsssr7E1LK+sveyvhcLs74AYrS+
dFSzvmbos77yjbO+0V+2vgb2tL75urS+gMW1vmKPtb5TxLW+qpCzvjlNtb4KN7S+3Zm3vrRM
tb6r6Le+uOi3vpX8t74mVbe+dg+3vg==</AssayYData></Step><Step><CommonData><SampleLocation>1</SampleLocation><SampleID>Running Buffer</SampleID><SampleGroup></SampleGroup><SampleInfo></SampleInfo><SampleRow>F</SampleRow><SamplePlate>1</SamplePlate><WellType>BUFFER</WellType><Concentration>-1</Concentration><ConcentrationUnits>µg/ml</ConcentrationUnits><MolarConcentration>-1</MolarConcentration><MolarConcUnits>nM</MolarConcUnits><MolecularWeight>-1</MolecularWeight><Temperature>30</Temperature><StartTime>1097009</StartTime><AssayTime>20</AssayTime></CommonData><FlowRate>1000</FlowRate><StepType>CUSTOM</StepType><StepName>condition</StepName><StepStatus>OK</StepStatus><ActualTime>20</ActualTime><CycleTime>0.2</CycleTime><AssayXData Points="100">v/+LQ1kZjEPRMoxDjEyMQwVmjEO/f4xDWZmMQ/KyjENrzIxDJeaMQ57/jEM4GY1D0TKNQ2tM
jUMFZo1Dnn+NQziZjUPyso1Da8yNQwXmjUOe/41DOBmOQ9EyjkOMTI5DBWaOQ79/jkM4mY5D
8rKOQ4zMjkMF5o5Dnv+OQzgZj0PRMo9Da0yPQwVmj0Oef49DOJmPQ9Gyj0NrzI9DBeaPQ57/
j0NZGZBD0TKQQ2tMkEMFZpBDv3+QQziZkEPRspBDjMyQQyXmkEO//5BDOBmRQ/IykUNrTJFD
BWaRQ55/kUM4mZFD0bKRQ4zMkUMF5pFDnv+RQ1kZkkPyMpJDjEySQwVmkkOef5JDOJmSQ9Gy
kkOMzJJDBeaSQ57/kkM4GZND0TKTQ2tMk0MFZpNDv3+TQziZk0PRspNDa8yTQwXmk0O//5ND
OBmUQ9EylEOMTJRDJWaUQ79/lENZmZRD8rKUQ4zMlEMl5pRDv/+UQ1kZlUPyMpVDjEyVQyVm
lUO/f5VDWZmVQ/KylUOMzJVDJeaVQw==</AssayXData><AssayYData Points="100">4dySvEMvpb2/D9S91f79vbwRBb6LAwe+Xe0Lvrq/DL4y2Ai+1VIGvhxhBb5IfQC+c2gAvlsM
Ab5iMAG+VcABvspl+L3dSfi9yDjyvV3Q8L0i2fK9/p3xvT6G7r20Gei9NpfqvSmj672U3fG9
q7vnvX+N5L00Ieu9osfpvZmO4719muW9O2rkvZpa471lYeW97VLavfHk3r3geeW9op7evQ9B
4L3udd29YLjcvadR373q+Nm9bRPdvdgg4L0uI9y96nXVvf+v1L2LLd29aEbgvXKY1L2//Ny9
cCHXvfTy1b0HCte9TlrivSg91L0yiM69mGTTvQnd2r3HOdi9iszQvVz50r0iFtG9xfvUvW4M
071Sw9K94M7avTep0L3LfM29c8vPvb0g0b39kc+9WSLVvdDW0b2Ih8y92XnNvbSjz700u8q9
VBnRvVfV0b1jrc+96SDWvZ5ayr3KHcy9TP/FvaDJzr1eXc6986fMvUsKz73Fps+9NE/DvSzW
xr20Nci9iOPPvRLlxr2ShM69OGPIvQ==</AssayYData></Step><Step><CommonData><SampleLocation>3</SampleLocation><SampleID>Running Buffer</SampleID><SampleGroup></SampleGroup><SampleInfo></SampleInfo><SampleRow>F</SampleRow><SamplePlate>1</SamplePlate><WellType>BUFFER</WellType><Concentration>-1</Concentration><ConcentrationUnits>µg/ml</ConcentrationUnits><MolarConcentration>-1</MolarConcentration><MolarConcUnits>nM</MolarConcUnits><MolecularWeight>-1</MolecularWeight><Temperature>30</Temperature><StartTime>1122973</StartTime><AssayTime>120</AssayTime></CommonData><FlowRate>1000</FlowRate><StepType>BASELINE</StepType><StepName>Baseline 120</StepName><StepStatus>OK</StepStatus><ActualTime>120</ActualTime><CycleTime>0.2</CycleTime><AssayXData Points="600">v/+VQ1kZlkPyMpZDjEyWQyVmlkO/f5ZDWZmWQ/KylkN3zpZDJeaWQ7//lkNZGZdD8jKXQ4xM
l0MFZpdDnn+XQ1mZl0PyspdDjMyXQwXml0O//5dDeRmYQ/IymENrTJhDBWaYQ2OAmENZmZhD
8rKYQ4zMmEMF5phDxQCZQ1kZmUPyMplDjEyZQyVmmUO/f5lDWZmZQ9GymUOMzJlDJeaZQ57/
mUM4GZpD0TKaQ2tMmkMlZppDv3+aQziZmkPetJpDa8yaQyXmmkOe/5pDWRmbQ/Iym0OMTJtD
JWabQ79/m0M4mZtD0bKbQ2vMm0MF5ptD4P+bQzgZnEPRMpxDjEycQyVmnEO/f5xDOJmcQ9Gy
nEMwzZxDLOecQ7//nEM4GZ1D8jKdQ2tMnUMFZp1Dv3+dQziZnUPysp1Da8ydQwXmnUOe/51D
WRmeQ9EynkOtTJ5DBWaeQ55/nkM4mZ5D0bKeQ2vMnkMl5p5Dv/+eQzgZn0PRMp9Da0yfQwVm
n0Oef59DOJmfQ9Gyn0NrzJ9DBeafQ57/n0M4GaBD0TKgQ7NNoEMFZqBDnn+gQziZoEPRsqBD
ks2gQwXmoEOe/6BDWRmhQ/IyoUNrTKFDBWahQ55/oUM4maFD0bKhQ2vMoUMl5qFDv/+hQzgZ
okPRMqJDa0yiQwVmokOef6JDOJmiQ9GyokNrzKJDqOaiQ7//okNZGaND8jKjQ4xMo0MlZqND
v3+jQ1mZo0PysqNDG8+jQyXmo0O//6NDWRmkQ/IypEOMTKRDJWakQ79/pEM4maRD+LOkQ4zM
pEMl5qRDv/+kQ1kZpUPyMqVDjEylQyVmpUPgf6VDWZmlQ/KypUOMzKVDJealQ7//pUNZGaZD
8jKmQ4xMpkMlZqZDv3+mQ1mZpkPRsqZDa8ymQyXmpkO//6ZDWRmnQ/Iyp0PNTKdDJWanQ79/
p0M4madD8rKnQ4zMp0MF5qdDnv+nQ9wZqEPyMqhDa0yoQyVmqEOef6hD3JmoQ/KyqENrzKhD
BeaoQ57/qENZGalD0TKpQ4xMqUMFZqlDv3+pQ1mZqUPRsqlDa8ypQwXmqUO//6lDOBmqQ/Iy
qkNrTKpDBWaqQ79/qkNZmapD0bKqQ2vMqkMl5qpDv/+qQzgZq0PRMqtDa0yrQwVmq0Oef6tD
OJmrQ9Gyq0OMzKtDBearQ7//q0M4GaxD8jKsQ4xMrEMFZqxDxYCsQziZrEPRsqxDa8ysQyXm
rEO//6xDWRmtQ9EyrUMPTa1DBWatQ55/rUM4ma1D0bKtQ2vMrUMl5q1Dv/+tQzgZrkMZNK5D
jEyuQwVmrkOef65DOJmuQ9GyrkNrzK5DJeauQ57/rkO7Ga9D0TKvQ2tMr0MlZq9Dnn+vQziZ
r0PRsq9Da8yvQ2fmr0Oe/69DWRmwQ9EysENrTLBDBWawQ55/sEM4mbBD0bKwQ2vMsEMF5rBD
nv+wQzgZsUPRMrFDa0yxQyVmsUO/f7FDWZmxQ1SzsUOMzLFDJeaxQ+D/sUNZGbJD8jKyQ4xM
skMlZrJDQoCyQ1mZskPysrJDjMyyQwXmskMAALNDOBmzQ/Iys0OMTLNDJWazQ79/s0M4mbND
8rKzQ63Ms0Ml5rNDv/+zQ5oZtEPRMrRDjEy0QyVmtEO/f7RDWZm0Q/KytEOMzLRDJea0Q7//
tEOaGbVD8jK1Q4xMtUOIZrVDnn+1Q1mZtUPysrVDjMy1QyXmtUO//7VDWBm2Q9IytkOMTLZD
qGa2Q55/tkM4mbZD8rK2Q2vMtkNn5rZDnv+2QzgZt0PyMrdDa0y3QyZmt0O/f7dDeZm3Q9Ky
t0OMzLdDBea3Q7//t0NYGbhD2DO4Q6xMuEMFZrhDv3+4Q7uZuEPysrhDa8y4QwXmuEO//7hD
OBm5Q9IyuUNxTblDBWa5Q79/uUNYmblD0rK5Q2vMuUMm5rlDnv+5QzgZukPSMrpDa0y6QyZm
ukOef7pDWJm6Q/KyukNQzbpDJua6Q57/ukNYGbtD0jK7Q2tMu0MmZrtDnn+7Q1iZu0PSsrtD
a8y7QwXmu0Oe/7tDPhq8Q9IyvENrTLxDBWa8Q55/vEM4mbxD0rK8Q2vMvEMF5rxDnv+8QzgZ
vUPSMr1Da0y9QwVmvUOef71DOJm9Q9KyvUOzzb1DBea9Q57/vUM4Gb5DdTO+Q2tMvkMFZr5D
v3++QziZvkPSsr5Da8y+QwXmvkOe/75DOBm/Q9Iyv0OMTL9DJma/Q+B/v0NYmb9D8rK/Q4zM
v0Mm5r9D5gDAQ1gZwEPSMsBDME3AQyZmwEO/f8BDWJnAQ/KywEM2zsBDJubAQ7//wEN5GcFD
0jLBQ4xMwUNGZsFDv3/BQ1iZwUPyssFDjMzBQybmwUO//8FD3BnCQ/IywkOMTMJDJmbCQ55/
wkN5mcJD8rLCQ4zMwkMm5sJDv//CQ1gZw0PSMsNDa0zDQyZmw0O/f8NDWJnDQ9Kyw0NrzMND
BebDQ7//w0M4GcRD8jLEQ4xMxEMmZsRDv3/EQ1iZxEPSssRDjMzEQybmxEO//8RDWBnFQ9Iy
xUOMTMVDJmbFQ55/xUMCm8VD8rLFQ4zMxUMm5sVDv//FQ1gZxkPSMsZDjEzGQwVmxkNCgMZD
WJnGQ/KyxkNrzMZDJubGQ57/xkNYGcdD0jLHQ+5Mx0MmZsdDnn/HQ1iZx0PSssdDcc3HQybm
x0Oe/8dDWBnIQ9IyyEOMTMhDBWbIQ55/yEM4mchD8rLIQ2vMyEMF5shDnv/IQ1gZyUPSMslD
a0zJQyZmyUOef8lDWJnJQzSzyUNrzMlDyebJQ57/yUNYGcpD0jLKQ2tMykMFZspD4H/KQziZ
ykPSsspDa8zKQwXmykOe/8pDWBnLQ9Iyy0NrTMtDJmbLQ55/y0M4mctD0rLLQ2vMy0MF5stD
nv/LQzgZzEPSMsxDjEzMQwVmzEOkgMxDOJnMQ9KyzENrzMxDJubMQ57/zENYGc1D0jLNQ2tM
zUMsZ81Dnn/NQ1iZzUPyss1DjMzNQybmzUO//81DWBnOQ/IyzkOsTM5DJmbOQ79/zkNYmc5D
8rLOQ4zMzkMm5s5Dv//OQ5oZz0PyMs9DjEzPQ0xnz0Oef89DWJnPQ/Kyz0OMzM9DJubPQ7//
z0NYGdBD8jLQQ4xM0EMmZtBDnn/QQ1iZ0EPystBDjMzQQybm0EO//9BDWBnRQ/Iy0UOMTNFD
BWbRQ55/0UNYmdFDVLPRQ2vM0UMm5tFD</AssayXData><AssayYData Points="600">PdPbvYFe0r37c9K98fnNvTYry72Djsm9w6bOvV+gyL0zh8m93TvHvaQpw72isci9wFDHvZWY
xb0N8sa9V07HvZI6v71Bes29DTa/vderwr0q98m9cUXCvS5rxr2GEMO9JRrAvRz6v72d68a9
zqC/vcQOy70+jMW9DZnBvZrfyL1DlcC9UCnHvWe7wr22gr69VDC8vQT0wL27tru9JDDBvYBm
wb1EE7+9HNPHvSYYxb2U3MW9mxnAvSTlxL2TMcO9EPK7vRz6u71bo769176+vc1Ywr1TzsO9
0PTCvaNHw70HPsS9qcW8vdT3v73+acS920C7vdMnvL0Gcby9LHnDvZblu73tN7u91GC+vV4Y
wL3Ko7m9p3m6vToywr3KIrq9mD+7vVhbvr1ZaLu96um6vczQtr1tM769Ugq9vVmSvL0S4Lu9
EAy3vQlevL1Avr29TCa+vS/mvL353r29fw28vT5IwL1KO7y9y2u/vVBaur1cQLy9Pm29veL7
wb0lHrW9eKC1vZFDtb1IJ7W9wja7vWwAuL2RFbu9dlK9vY7Dt71R5bq9d5e8vR5ivb3p77W9
O8u8vdzauL207b69hp26vR46vb3kFr29SRi5vS55vb2927G9P7SzvR3evb19mrW9J5G0vWBZ
ur2DZLq9foq3vQDwu735Jbu9ABG1vVdBr72Hob294666varEuL2IH7W9dJqzveDzsL2wkre9
ZZ25vXO9tb3uULy9lva0vUlMu72wCsC9Ali4vagduL3+tLS9OjS4vexgub2DA629ooa6vVjh
vL0MhLe9OJu5vRORt70hgrS9KWa5vdTOrr15n6+9a2W5vbAXuL3R17q9jfa2vXS+vr03aLa9
ozS0vVepur2FJLe9DLu0vStCtL3r47i9cHmyvYAttr2Ptba9wVu1vXipub2U07q9utGwvQXH
tL1yqrq9I++xvSUGt71Cn7G9Gyqvvc/At71nabS9gyS1ve+Oub3I4rS9Hmi0vZ1xtb2EorW9
5j26vaOItr0hc7q96mu5vQdHtL1dDbG9lQq0vV/csb2cVbO92maxvSV7tb2TdLi9wTi1vTFF
ur2MxLG9Nc+3vdJwur1vF7m92Eq1vRZGt70ykLe9eaa0vYQrsb3UgLS9Vmq9vYlkr70lQbW9
uUuwvXDDur0jMq+9X4O1vaGnsL1BWbe9GUW3vdyhsL3bHrO9vt+0vasBsL1+l7K9ZYCyvSl/
tL3DlLC99yGyvQd/tL0kqrG9G+myvRAEs70uZa699V6yvTlzrr0BSay9KoaxvSb/rr2MQ7G9
rgi2vTvaqL33+bO9lWSxvYOVsb0FPLC9IAGvvZ2jsL0+Zq+9QVS2vY0Etb1Vj7O9+BKyvXj1
tr0k3LW9YNuqvTbPsL2VEbO9uJKsvU8tsL3Zo7K9ol6tvZcvr73yf7O9FLSxvWpXrL2ZeLO9
+b+uvQmDqr2weLW9cfS0vYxps71SIqm9gnGtvZP7rb30E669M+uvvYIBrr3yUbC9vMG3vblh
rr2+t6m9xqWsvbk+r71t5Ku9ILG0vRKBr71Jzqq9wQavvdZyp72LAq+9SLOvvfmlr72zz7K9
vfCzvWt8rr0Rcq+99PiyvXIar73CcKy9kH21vWSLtL1JkbO9/GepvZBlrr0SG669aCazvYxz
q72dka69RXeqvfQdq70WoLO95QipvSvDrr0HjLK9o5exvSaXrL1R9a+9flCyvUserL1NgKy9
fSOuvXxlrL0Y8LO9OPOqvUycqb0Y8qu9uYWqvVfQrb3X3rO9VXmzvcQYtL2tQq69ZqypvY7E
qr22PKa9Dy+0vaC1rL1MFae9CsatvajbsL1p77K97PmrvSUcq72t3a29R1CxvbkQq71Ehay9
NrWpvbnOrL0MAK29eE2xvdvqrL0bw6+9vY6vvfcnqL1cZLC90n+ovbbAq70bsau9yX6svb1N
q73/May9TTSqvQFXrL335Ky9dhKwvdJXqL2xaK+9QTywvY2Srb1vuKy9U6+mvTSXqb3D36q9
iImnvVrErb1fFK29WJ2rvTkPrL0OsKq9yT2pvSkPr700TbG9TKqqvaGrsr2ooq69v0OtvZKG
qr0JEqy9h+urvaZMq732Q6+9+0GpvdGWpr2lBbC9YmyvvSGrrL0Lgqq9x2SqvYbPqL1ncK29
yhqlveSgrb2NXK+9VDGwvW/Kq72K9a+9tHCuvVZWrb3NAqy9SxGqveu0s70f5K29xTamvV0u
q72pi6q9pfKuvWkzsb3vIbC9x/OsvfG3rL0TD6+9fF+vvcaYpL2sWau9s1+0vUArsb2sTqu9
MYSsvVb2pL0yVa29fMekvSO9qL0m0qa9QKervYHCqL3Kcq+93furvfNqqr21Uqy9pk2ivZmP
pb3zC6m9iw+pve88pb161qK9QaekvZxhq714sKS985qrvaKxo72Uvqy9wRKvvUOppb0RIKu9
+eOhvVeQqb25ZqW9VK6lvWFnqL3CAaq9E2ysvWFsq71m2am9u56nvbX9sb0MFq69BGCnvaUQ
q72PG6i9+QqqvaGqq73gMa698JKovYZLqb3oqa+98k+qvYNSor2JX6e9cNypvQ9wp72/rKS9
IzCqvUYLqr1Kt6e9za6ovXHeq72Fiau9vNGyvUAqp70Pn6O9a8CrvfYsob0g2qi9pUqvvXUT
p70hU6u9b6umvZkwq71WMqe9nDKovXFcqL0lMqu9HLOgvThMqb16Lq+9ARSrvZw1rr0NQae9
/SKqvRgFq72VXaG9WWCsvV2prL15Rae9/cCpvZ0uqr0p4qi9AuSmvW7Rpb2mfaq9URiovWB/
rb1X5Km9UiulvaHXqr3mAae9iKWnvQNop73sT6i9hKunvdg6qb0WSrC91KSivVP/q73mzK29
2uWpvfiWpL32Uai9AJutvSCrqr37VKK9nAmtvfxdqr2/Taa9G+yjvfB5qb0ZRaW9BPeovVJz
p713xqm9jGCkvV5Uqb2eIaa92nSkvVcDp72rnaK94gmmvcpco71kMK+95z2svSQQrL3VMKq9
xZGlvcpNqL1rXqO9EKanveXCor0sq6S9RLupvXQxo72/6aS9gliuvS6Ep73NxKi96FipvVMo
pb2ykam9yBipvRlbpr08yqW9D52pvT7Gpb3hhKe9G06ovbtopb1L+qW9l36nvazjpL3ASp+9
jMaovZR0r72lba+97R6rvWXvrr1OJqq9</AssayYData></Step><Step><CommonData><SampleLocation>8</SampleLocation><SampleID></SampleID><SampleGroup></SampleGroup><SampleInfo></SampleInfo><SampleRow>F</SampleRow><SamplePlate>1</SamplePlate><WellType>KLOAD</WellType><Concentration>-1</Concentration><ConcentrationUnits>µg/ml</ConcentrationUnits><MolarConcentration>-1</MolarConcentration><MolarConcUnits>nM</MolarConcUnits><MolecularWeight>-1</MolecularWeight><Temperature>30</Temperature><StartTime>1251370</StartTime><AssayTime>20</AssayTime></CommonData><FlowRate>1000</FlowRate><StepType>LOADING</StepType><StepName>Loading</StepName><StepStatus>OK</StepStatus><ActualTime>20.003</ActualTime><CycleTime>0.2</CycleTime><AssayXData Points="100">wP/RQ1oZ0kPSMtJDbEzSQwZm0kOff9JDOZnSQ3az0kNszNJDBubSQ5//0kM5GdND0jLTQ2xM
00MmZtNDn3/TQzmZ00PzstNDbMzTQwbm00Of/9NDWhnUQ/My1ENsTNRDBmbUQ59/1EM5mdRD
0rLUQ2zM1EMG5tRDwP/UQ1oZ1UPzMtVDrkzVQyZm1UPAf9VDWpnVQ/Oy1UONzNVDJubVQ8D/
1UNaGdZD8zLWQ41M1kMmZtZDwH/WQ1qZ1kPzstZDjczWQ2jm1kPA/9ZDgBrXQ/My10ONTNdD
JmbXQ59/10NamddD87LXQ43M10NH5tdDwP/XQ1oZ2EPzMthDjUzYQ/do2EPAf9hDWpnYQ/Oy
2EONzNhDJubYQ5//2ENaGdlD8zLZQ9RN2UMmZtlDwH/ZQ1qZ2UN2s9lDjczZQwbm2UPA/9lD
WhnaQ9Iy2kONTNpDJmbaQwKA2kM5mdpD0rLaQ43M2kMm5tpDwP/aQzkZ20PzMttDjUzbQwZm
20Off9tDOZnbQ9Ky20ONzNtDiebbQw==</AssayXData><AssayYData Points="100">fQ/PvSFgy71SSsm9TE7GvRabxr2IKMK95x++vR3Twb2qi7u9UyDBvd+BwL3Bq8K9+6C6vRa6
wb3phLq9sfS6vccqvr1gsbm9dIXDvRN0wL2xSLa934G4vduTsr2gD7q9OhCzvaEPtr2si7W9
0Oa4vegusr0c9bS9+Pq5vQb4tr2evrS9GEq8vZc8vL31k7S9VqW5vQ/ku73ApLa9Hji1vXQz
v71vFbi9Q3+6vbaKtL3hdrS9l5GyvRYzvL0c/Ly94U+2vdyDuL0MI7i9xBWzvZbZub1cP729
1Wi0vdtQvb16cry9Xbi2vWz+tr20M7u9Njy2vbkFt71dFrq9K6u2vdvUtL0dB7W9hry4vbMy
r70BCbe9KWK2vZfes71YcrW9DGW0vdRqrr03ZbW94tu4vfRosr0goa69Jby3vaQ1sr1X4629
iqy7vZX9sr34z7a9jSW2vVratb1hSLS9AdC0vdUxvL05obS9D9i2vQNqur0knra95OK1vUIQ
r72afrS9NL+xvVC8tL3aibi9kHq9vQ==</AssayYData></Step><Step><CommonData><SampleLocation>9</SampleLocation><SampleID></SampleID><SampleGroup></SampleGroup><SampleInfo></SampleInfo><SampleRow>F</SampleRow><SamplePlate>1</SamplePlate><WellType>BUFFER</WellType><Concentration>-1</Concentration><ConcentrationUnits>µg/ml</ConcentrationUnits><MolarConcentration>-1</MolarConcentration><MolarConcUnits>nM</MolarConcUnits><MolecularWeight>-1</MolecularWeight><Temperature>30</Temperature><StartTime>1281161</StartTime><AssayTime>60</AssayTime></CommonData><FlowRate>1000</FlowRate><StepType>BASELINE</StepType><StepName>Baseline 60</StepName><StepStatus>OK</StepStatus><ActualTime>59.999</ActualTime><CycleTime>0.2</CycleTime><AssayXData Points="300">IwDcQ5wZ3EM1M9xDz0zcQ2lm3EMCgNxDvZncQzWz3EPPzNxDqubcQwIA3UOcGd1DNTPdQ89M
3UOJZt1DAoDdQ5yZ3UM1s91Dz8zdQ8vm3UMCAN5DvRneQzUz3kPPTN5DaWbeQwKA3kO9md5D
NbPeQ/DM3kOJ5t5DIwDfQ70Z30M8NN9D8EzfQ4lm30MjgN9DvZnfQ1az30PwzN9DiebfQ+gA
4EO9GeBDVjPgQ/BM4EOJZuBDI4DgQ72Z4ENWs+BDlM3gQ4nm4EMCAOFDvRnhQ1Yz4UPwTOFD
iWbhQyOA4UO9meFDNbPhQzHN4UOJ5uFDIwDiQ70Z4kNWM+JD8EziQ4lm4kMjgOJDrpziQ1az
4kPwzOJDiebiQwIA40OiGuNDNTPjQ/BM40OJZuNDI4DjQ72Z40NWs+NDz8zjQ4nm40MjAORD
vRnkQ1w05EPwTORDiWbkQyOA5EOcmeRDNbPkQ/DM5EOJ5uRDIwDlQ70Z5UM1M+VD8EzlQ2lm
5UMjgOVDvZnlQ7iz5UPPzOVDaeblQwIA5kO9GeZDVjPmQ/BM5kNpZuZDI4DmQ5yZ5kNWs+ZD
8MzmQ2nm5kMIAedDvRnnQ1Yz50PPTOdDiWbnQyOA50O9medDVrPnQ8/M50Np5udDAgDoQ5wZ
6EM1M+hDz0zoQ4lm6EMCgOhDnJnoQ7iz6EPwzOhDieboQwIA6UOcGelDGzTpQ89M6UNpZulD
AoDpQ5yZ6UM1s+lDz8zpQ2nm6UMCAOpDvRnqQzUz6kPPTOpDaWbqQwKA6kOcmepDNbPqQ2vR
6kOw5+pDAgDrQ5wZ60M1M+tDz0zrQ2lm60MCgOtDnJnrQzWz60PPzOtDiebrQwIA7EOcGexD
NTPsQ89M7ENpZuxDAoDsQ5yZ7EM1s+xD8MzsQ2nm7EMCAO1DnBntQ1Yz7UPwTO1DqmbtQyOA
7UO9me1DVrPtQ/DM7UOJ5u1DIwDuQ70Z7kNWM+5D8EzuQ4lm7kMjgO5DvZnuQ1az7kPPzO5D
iebuQyMA70O9Ge9DVjPvQ/BM70OJZu9DI4DvQ72Z70NWs+9D8MzvQ4nm70MjAPBDvRnwQ1Yz
8EPwTPBDaWbwQ4WA8EO9mfBDVrPwQ8/M8EOJ5vBDIwDxQ5wZ8UNWM/FD8EzxQ4lm8UMjgPFD
vZnxQ1az8UPwzPFDaebxQyMA8kO9GfJDNTPyQ/BM8kOJZvJDAoDyQ72Z8kM8tPJD8MzyQ2nm
8kMjAPNDvRnzQzUz80PwTPNDiWbzQwKA80O9mfNDNbPzQ8/M80OJ5vNDAgD0Q70Z9EM1M/RD
z0z0Q4lm9EMCgPRDnJn0Q1az9EPwzPRDieb0QwIA9UOcGfVDNTP1QzFN9UNpZvVDKYH1QwSb
9UM1s/VDz8z1Q4nm9UMjAPZDvRn2QzUz9kPPTPZDaWb2QyOA9kOcmfZDVrP2Q/DM9kNp5vZD
AgD3Q5wZ90NWM/dDz0z3Q2lm90MCgPdDvZn3QzWz90PPzPdDaeb3QyMA+EOcGfhDNTP4QxdO
+ENpZvhDI4D4Q72Z+EM1s/hDz8z4Q2nm+EMCAPlDvRn5Q3cz+UPwTPlDaWb5QwKA+UOcmflD
NbP5Q8/M+UNp5vlD</AssayXData><AssayYData Points="300">WWdKPvw8XT4vy2I+1gRoPkDPaD42m20+5n1qPkjMbD4tHWs+Ya1rPtHBaT50GGk+Y4JoPr77
Yz6Ax2U+K5tkPutdZD7ICmc+Hp1mPk+xYD6mU2I+YDdiPuVJZD5y2mY+4L1jPnfXYT4+a2I+
6xxiPpzdYD5OPWE+ToVkPguxYT4L5GA+7/FgPhrLYD56m18+8lRhPvaBXT7GsV4++ohhPh5i
Xz6ss14+kRFePhrtXz7lwWA+yMdePiulXT45Sl4+2d5gPpdUXj5M0F0+da5fPhxmYT5aVVw+
+NNePuE9Xz5vF18+ovRcPp2/Wz75Bl8+UQdcPrSUXT74PVo+tkBaPpn7Wj4oaFo+FSBbPhg9
XT7Lp1w+xMpXPlbIWj6ZS1k+VSZWPrv9WT7+S1o+G8xXPqpTWz4OXVg+RopYPsZQWD5jg1Y+
qTtaPi8oVz4VFFk+GqdaPhowWD5iglk+4ohaPph0WD6ZZFg++GBZPuWMVz6NaFU+ap9XPnmE
Uz43nlU+EhJZPhdeVj5pH1U+0rlWPgdWWD6bO1U+V6hSPl5yVT4hsVc+K7pWPvc5WT7zCVU+
r6FZPswRVT56UlQ+y2pYPv0ZWT5emFY+MtBVPsTSVT6Mv1g+9udSPnLlUz7n+lQ+5hlUPh65
Uz4kmVQ+vpxSPiovVj5cJ1E+13xTPokcUz6LzVQ+sPVRPkOFUj7+EVI+AcpTPn2mUz5MB1I+
XuFSPiPZUD721lI+5NxTPvdLUT5Ya1E+dbJSPjhQUT47BFE+CDhRPvAcUT5GI1I+PbdOPtAA
UD5HSFM+r29PPiefTz6CwFA+FL9OPpn4Tz4RIlA+BCNRPh5DUD58yU4+dDpOPlsLTz4QH04+
kylRPs/hUD6m5Ew+hw9OPqgrUT7uRVA+3StOPviyUD4X6lA+SNxLPh+0TD5hZk8+iCdMPh7X
Tj4OaE0+7TZMPiO9TT6GBE8+Yq9MPh8vTD4YHVA+U0dMPmOiTT5y0U8+GCZNPoQJTT7K90s+
B1pMPjlOTj5J7Ew+8hJKPpWfSz5hp0w+Q0lMPpJMTj4XwUs+AvxNPpG6TT7uSko+0zJMPn8D
TD4/Ikw+VYxLPpH3SD4Fhk0+bAxJPg8lSz6a40g+ymtKPkajST6vX0c+22RLPl1lSD6cWkk+
v3VIPpiGSj7I9UY+5JxHPgX6SD40hkc+9Z9IPjerSj6tSUg+llxJPhU2SD5K30o+qDhJPu9/
SD5oEEk+9z1GPii2Rj7tDUk+QytEPvdzRT6aQ0M+2/ZFPokCRj76MEg+s/VGPj7yRT47oEc+
BXNFPhAQSD7x70Y+2qNFPvkTQz77TUU+WtpEPsUwRj4dekY+TB9IPoh0RD5RzUQ+285HPnRi
Rz7HOUM+HIFEPs1hRD48/EM+tYtDPksSRT67dkE+buRCPs9wRD447UM+Ao5BPhTXRD76sEE+
IDE+PhqNRD7gm0E+TBNEPlJ8RT6jD0I+21VFPkEfQT6chkY+Sm5EPk6hRT7x60M+yGlFPopf
Qz7LMEM+b9RAPkNsRj4TXkI+St9BPsWDPz5YIUI+17dEPqRhQz5ibz4+1V1APhSCQT47fzw+
CWk/Pn8tPT4fbkA+</AssayYData></Step><Step><CommonData><SampleLocation>10</SampleLocation><SampleID></SampleID><SampleGroup></SampleGroup><SampleInfo></SampleInfo><SampleRow>F</SampleRow><SamplePlate>1</SamplePlate><WellType>BUFFER</WellType><Concentration>-1</Concentration><ConcentrationUnits>µg/ml</ConcentrationUnits><MolarConcentration>-1</MolarConcentration><MolarConcUnits>nM</MolarConcUnits><MolecularWeight>-1</MolecularWeight><Temperature>30</Temperature><StartTime>1351122</StartTime><AssayTime>20</AssayTime></CommonData><FlowRate>1000</FlowRate><StepType>BASELINE</StepType><StepName>Baseline 20</StepName><StepStatus>OK</StepStatus><ActualTime>19.999</ActualTime><CycleTime>0.2</CycleTime><AssayXData Points="100">AwD6Q50Z+kMVM/pDr0z6Q2lm+kPif/pDnZn6QxWz+kPQzPpDaeb6QwMA+0OdGftDNjP7Q69M
+0NJZvtDA4D7Q52Z+0MVs/tD0Mz7Q0nm+0MDAPxDfBn8QzYz/EOvTPxDSWb8QwOA/EOdmfxD
FbP8Q9DM/ENp5vxDAwD9Q50Z/UMVM/1Dr0z9Q2lm/UPif/1DnZn9QxWz/UPQzP1DSeb9Q+L/
/UOdGf5DNjP+Q69M/kNpZv5D4n/+Q52Z/kMVs/5Dr8z+Q2nm/kMDAP9DnRn/QxUz/0OvTP9D
aWb/Q+J//0Odmf9DFbP/Q6/M/0NJ5v9DAgAARL4MAESLGQBEWCYARDUzAETxPwBEvkwARItZ
AERYZgBEJHMARPF/AETOjABEm5kARFimAEQkswBEAsAARL7MAESL2QBEWOYARDXzAEQCAAFE
zgwBRIsZAURYJgFEJDMBRPE/AUS+TAFEi1kBRFhmAUQkcwFE8X8BRL6MAUSLmQFEaKYBRCSz
AUTxvwFEvswBRIvZAURY5gFEJPMBRA==</AssayXData><AssayYData Points="100">FHfuu1H4kr1k5dW96arqvSsf/72v3v69gi37vfsg+71sZPS9pWL0vUKE671xA+u9PGLrvS2h
570Db+m97wDsvZ1n471dLOS9Vo3jvbhT3r3RiuO9BlzjveZX373WtN+9crbXvdZk1L1S79i9
JqfXvYKp1r3wptq9UMXUvab02r3ZMNa94xDYvdAR3711ENa9CIXYvXeh0b3HXde9q1TQvVZx
070Gv9e92K7ZvfcQ0L2RqtG9LLLNvY2FyL2R7c2947DUvQ2y0r34JcK978XVveWxyb34iNC9
2CjOvS6jzL1ktsW9mCvRva4hy71n+tS9c2nCvVCUyr0aIM+9KwrGvexIx70b3My9VlfHvame
zL1NKci9mYjDvcVszr2uxse9dTbUvYjXzL36c8a9J0fBvS5nxr2iVsq9GsPRvQoawr1YM8e9
eHzFvWSXwr2Iqci9EazMvWo/yL1sJ8O9lGHIvTBfxr2DmcS9IpPFvQSIyb2mAcK9yS/MvWZ1
wr0BZsC9H5LGvTXaxb3dZ8S980vGvQ==</AssayYData></Step><Step><CommonData><SampleLocation>11</SampleLocation><SampleID></SampleID><SampleGroup></SampleGroup><SampleInfo></SampleInfo><SampleRow>F</SampleRow><SamplePlate>1</SamplePlate><WellType>KSAMPLE</WellType><Concentration>-1</Concentration><ConcentrationUnits>µg/ml</ConcentrationUnits><MolarConcentration>-1</MolarConcentration><MolarConcUnits>nM</MolarConcUnits><MolecularWeight>-1</MolecularWeight><Temperature>30</Temperature><StartTime>1382061</StartTime><AssayTime>120</AssayTime></CommonData><FlowRate>1000</FlowRate><StepType>ASSOC</StepType><StepName>Association</StepName><StepStatus>OK</StepStatus><ActualTime>119.999</ActualTime><CycleTime>0.2</CycleTime><AssayXData Points="600">8f8BRL4MAkQuGgJERyYCRCQzAkTxPwJErUwCRHpZAkRHZgJEJHMCROF/AkStjAJEepkCREem
AkQUswJEZMACRL7MAkR62QJER+YCRBTzAkTx/wJErQwDRHoZA0RHJgNEJDMDROE/A0StTANE
i1kDREdmA0QkcwNE4X8DRK2MA0SLmQNEV6YDRBSzA0ThvwNErcwDRHrZA0RH5gNEFPMDROH/
A0StDAREehkEREcmBEQUMwRE4T8ERK1MBESLWQRER2YERCRzBETxfwREvowERKuZBERXpgRE
2LMERPG/BES+zAREi9kERFfmBEQk8wRE8f8ERL4MBUR6GQVEVyYFRCQzBUTxPwVEvkwFRItZ
BURXZgVEFHMFRAGABUS+jAVEgJoFRFemBUQkswVE8b8FRL7MBUSL2QVER+YFRCTzBUTGAAZE
rQwGRIsZBkRXJgZEJDMGRPE/BkS+TAZEi1kGREdmBkQkcwZE8X8GRL6MBkR6mQZEqaYGRBSz
BkThvwZEvswGRIvZBkRX5gZEJPMGRPH/BkS+DAdEixkHRFcmB0QkMwdE8T8HRGJNB0R6WQdE
R2YHRCRzB0TxfwdEco0HRHqZB0RHpgdERbMHROG/B0StzAdEi9kHREfmB0Q18wdE8f8HRL4M
CESLGQhEVyYIRCQzCEThPwhErUwIRJtZCERHZghEFHMIROF/CEStjAhE3ZkIREemCEQUswhE
4b8IRL7MCESL2QhEV+YIRCTzCESEAAlErQwJRHoZCURXJglEFDMJRPE/CUStTAlEelkJREdm
CUQUcwlElYAJRK2MCUR6mQlEqaYJRBSzCUThvwlErcwJRHrZCURX5glEFPMJROH/CUStDApE
ehkKREcmCkQUMwpE4T8KRK1MCkR6WQpER2YKRBRzCkThfwpErYwKRHqZCkRHpgpEFLMKROG/
CkStzApEi9kKREfmCkQk8wpE4f8KRK0MC0R6GQtEHCcLRBQzC0TxPwtEvkwLRHpZC0RHZgtE
JHMLRPF/C0S+jAtEvJkLRFemC0QkswtE8b8LRL7MC0SL2QtEV+YLRCTzC0Tx/wtEvgwMRIsZ
DERXJgxEJDMMRPE/DES+TAxEi1kMRFdmDEQUcwxE8X8MRL6MDESLmQxEV6YMRCSzDETxvwxE
vswMRIvZDERX5gxEJPMMRPH/DES+DA1EixkNRFcmDUQkMw1E8T8NRL5MDUSLWQ1EDGcNRBRz
DUTxfw1EvowNRIuZDURXpg1EJLMNROG/DUS+zA1Ei9kNRFfmDUQU8w1E4f8NRL4MDkSLGQ5E
VyYORCQzDkTxPw5EvkwORItZDkRXZg5EFHMORPF/DkStjA5Em5kOREemDkQksw5E8b8ORL7M
DkSL2Q5EV+YORCTzDkTx/w5ErQwPRHoZD0RXJg9EFDMPRPE/D0StTA9EelkPREdmD0QUcw9E
4X8PRL6MD0SLmQ9ER6YPRBSzD0Txvw9ErcwPRHrZD0RH5g9EFPMPROH/D0StDBBEehkQRHgm
EEQkMxBE8T8QRK1MEER6WRBER2YQRBRzEEThfxBErYwQRIuZEERHphBEFLMQROG/EEStzBBE
i9kQREfmEEQU8xBE4f8QRK0MEUR6GRFERyYRRBQzEUThPxFErUwRRHpZEURHZhFEJHMRROF/
EUStjBFEepkRREemEUQUsxFE4b8RRL7MEUR62RFEV+YRRBTzEUTh/xFErQwSRHoZEkRHJhJE
JDMSROE/EkStTBJE/VkSRFdmEkQUcxJE4X8SRK2MEkSbmRJEV6YSRCSzEkTxvxJEvswSRIvZ
EkRX5hJEJPMSRBIAE0S+DBNEixkTRFcmE0TYMxNE8T8TRL5ME0SLWRNEV2YTRCRzE0TxfxNE
vowTRIuZE0RXphNEJLMTRITAE0S+zBNEi9kTRFfmE0Qk8xNE8f8TRL4MFESLGRRERyYURCQz
FETxPxRE/0wURItZFERXZhREJHMURPF/FES+jBREepkURFemFEQksxRE8b8URK3MFESL2RRE
R+YURCTzFETx/xRErQwVRIsZFURHJhVE3zQVRPE/FUS+TBVEelkVRFdmFUQkcxVE4X8VRK2M
FUSLmRVEV6YVRBSzFUTxvxVEvswVRKvZFURX5hVEFPMVROH/FUStDBZEixkWRFcmFkQkMxZE
Q0AWRK1MFkR6WRZER2YWRBRzFkThfxZErYwWRHqZFkTaphZEFLMWROG/FkStzBZEi9kWREfm
FkQk8xZE8f8WRK0MF0R6GRdERyYXRCQzF0ThPxdErUwXRItZF0RHZhdEFHMXROF/F0StjBdE
epkXREemF0QUsxdE8b8XRL7MF0R62RdEV+YXRBTzF0Tx/xdErQwYRHoZGERHJhhEjTQYROE/
GEStTBhEelkYRFdmGERVcxhE4X8YRK2MGER6mRhER6YYRBSzGEThvxhErcwYRC7aGERH5hhE
FPMYROH/GEStDBlEehkZREcmGUQkMxlE4T8ZRK1MGUSLWRlER2YZRCRzGUTxfxlErYwZRIuZ
GURXphlEJLMZRPG/GUS+zBlEi9kZRFfmGUQk8xlE8f8ZRL4MGkSLGRpE8ScaRCQzGkTxPxpE
vkwaRItZGkRXZhpEJHMaRPF/GkS+jBpEi5kaRFemGkQksxpE8b8aRL7MGkSL2RpEV+YaRCTz
GkTx/xpEvgwbRIsZG0RXJhtEJDMbRPE/G0S+TBtEi1kbREdmG0RFcxtE8X8bRL6MG0SLmRtE
V6YbRCSzG0TxvxtEvswbRIvZG0RX5htEFPMbROH/G0S+DBxEDhocRFcmHEQUMxxE8T8cRK1M
HER6WRxEV2YcRCRzHETxfxxEvowcRIuZHERXphxEJLMcROG/HES+zBxEi9kcREfmHEQU8xxE
ZAAdRL4MHUR6GR1EVyYdRI00HUTxPx1EvkwdRHpZHUSpZh1EFHMdRGCCHUSPjx1Em5kdREem
HUQksx1E8b8dRK3MHUSL2R1ER+YdRCTzHUTx/x1ErQweRHoZHkRHJh5EFDMeROE/HkStTB5E
elkeREdmHkQUcx5E4X8eRK2MHkSLmR5ER6YeRBSzHkThvx5EvsweRHrZHkRH5h5Ep/MeRPH/
HkStDB9EixkfREcmH0QUMx9E4T8fRK1MH0R6WR9ER2YfRCRzH0Thfx9ErYwfRHqZH0RHph9E
FLMfRHTAH0StzB9Ei9kfREfmH0QU8x9E</AssayXData><AssayYData Points="600">uMmpPQQWBD4Z4Rk+yQMlPp4nMD5SYjE+wQYzPrEiNT7nYzQ+gY8zPlGDMT5yVjE+uw8wPvcs
Mj6tXDE+hikuPv6BLT7RqCs+6EUvPjHELT7kZy0+Z/ktPp/HLD4v3Cs+fc8qPvZ2LD600Co+
VecqPodkJj4GKSg+188pPt6JKj7+vyY+VT4rPmXfKD5QISc+ZbYmPhlBJz4Deyo+bUUlPvAa
KD4yzCQ+khclPjTdJD6hNiQ+g6UnPti8JT7MXSM+MOYmPvabJT5xziI+J8YhPgTSJT54WyI+
HJ4iPpV8ID7IAyQ+Jo4kPkJxJT5bpB0+95klPmuHIj6w7SI+Dc4fPo3/Ij5suCQ+KvoiPjou
IT5mDiE+O0gkPlRUID7bwx8+3UchPoQuIj76pB8+o3IhPn4vIT7vYB8+tMUePmaEID6eVSI+
e60fPjheHz7JBx4+Y1oePj/sHT71sSA++2MaPpYdHz4EYx0+D8cdPgJ1Hj5nTSI+YAEhPkJK
Hz5fnh4+x4EePl1tHT4mlB4+eXIePj65Hz77Ux4+wOwePh4dGz7dVyA+yn0fPgQtHj6FjRw+
Xg0cPvz1HT6WEh0+pRsdPrfvGj67uxw+sxscPgO3Hj5iqhs+zPEcPn1UHD5sfhs+LqAbPvGv
HD7yDx4+/zwgPkQYHz5ysBo+oU4dPiwcGj5h0xo+hdsbPstSGz4f0Bo+0FwcPhmjGz6IFho+
tRUfPpxnHT5N1Rs+9y0ZPpcwHD6mKRo+RCEaPgREGD4hZBo+JHgaPtP2Gz4Hoh4+Qp4ZPrTr
GT7dnRw+rJMXPk6zGT4tQRk+Qt0bPjioGz5HWhw+XHgZPhTYHD7vnxg+VdoZPk3DGj4xQB0+
eGoZPuqSGT68vRg+jtUTPq9EGT4UWhw+5AUZPt/fFj6Pphs+LvoZPsnMFz5uBBk+jX8ZPpdE
Gz71thY+BoMcPgjcGT5VNBk+5UIZPo4VFz67JRs+RegVPp8LFj6urhY+LKwYPrJUGD5jCxg+
rWEYPgZHFT6TBRY+9fcXPu90GT71jRg+EusZPjv2GT4E5hU+lU4WPvnkFj7EjRg+hkoXPl2W
GD4oLRo+ThsXPgdtFj6P/xg+AIUXPrFeGj7SNhU+Jn0ZPhvEFD5DiBk+mJ4WPpPgFj6prRQ+
/NIZPs6fFz7VDBY+4oMWPgdaFD5IaBs+9wQXPknhFT5p3RY+3tcWPgY/Fz5uehY+mO4TPotQ
Fz45oxU+OosWPnkjFj41Uxg+iLgUPshCFz7pChY+D1gXPgLRFD5dfRY+0oUUPjtmFD5UFBE+
nCoUPlytFT6VWRY+VGcSPhRLFT5E3hU+od4WPstPGT4OuhY+LJoTPtUiFT6r9xg+OUkWPi1I
FT7mOBU+bN0VPgxYFT69sBQ+hb8VPlHRFD5bDhY+jTQUPsjuFD4+Bhc+CzgXPqcUFz5cHhY+
zLsVPocAFD6/vxU+L4MUPoerED5DehQ+QkUUPi5EFT44ZhU+VLMSPmvZFT7vfhs+SoETPlCQ
FT6ekhQ+BwMVPq5CFT7t4hQ+kCYWPoXnEj5oARU+EhwXPgJMFz5RURU+z40WPgruFD6B6hI+
KiMUPgZ3Fz6jzBQ+MOMRPi6AEz6okhU+SPIVPogjFz666RA+FU4UPl9GFj4DQxQ+5BIUPvzY
Dz5PhxQ+oIsSPoNbEz7iBxQ+FIcSPqDNEz4E9hQ+Mm8TPjLFEj4j+xM+DrMTPr0GFD61PhY+
17oTPq1eEz5RexY+aloQPqIiFT5dFRI+T4gVPm0TEz7KPhQ+mEQUPpVJGD7ibRA+KPQRPuIC
Fj42aBE+GKEUPhB5Ej618hU+a9ASPthRET4GDxQ+hvEOPiVpFD4mZRI+T04TPhNYEz7O8xQ+
sQ8SPrekEj4uRRM+2x0TPgNZEz7fsBQ+G38VPusEFT7HDBQ+uZsTPhgNEj4clhQ+/P8VPso1
FT4JfhQ+aykTPjDxFD6pHxE+NEoTPpXDEz6OrhE+PCoSPj7qEz6WmhY+lHcQPkQyEj58hRM+
fs4TPkIIED4tMRQ+jNwPPvyQET54yBA+OJwUPtg+Ej5yBBM+OzoSPp7zET6snRQ+MBwPPjLf
Ej5I2BI+7VsQPjLwED7G7xM+I5QUPlcCEz5PjRI+D3QSPq1VFT7QnhA+fAUUPpjfED4iXhM+
uiESPv/+ED4VGw8+i34SPofmDj6fURM+BEkRPuioEj4FVBE+RhAQPnWWET7q/hI+L3AVPiyO
Ez71thA+rWkRPu8KFD7P8hA+0sASPjeaED72Cg8+vtMPPrZ8Ez6ysRI+SwkSPhRzET6ijBA+
FpgRPpuSET43Nw4+mgwUPrEnET5xZRY+j1YTPjRUEz7PoBA+j+MUPoMtEj7a1xI+lxgUPl+0
FD4KlRE+nrMSPtZOED6/MxE+RnMSPnOXDz56XBA+8g0SPgJIFD7lCRQ+Y4oQPqciFT4vvhM+
EKATPgFmEj4qfRI+NBgTPmHqDz68YBM+5RkSPkijET4NlQ8+fCQRPkzRET53ZhQ+UyAPPnTl
Ez5F0Q8+gUoRPu/0ET4pew4+Bf0TPvZ3ED6t6xE+TJsPPu9dDj71DRA+WskSPhe+Ez7sXBE+
FlkPPrIuEz4Q8hA+C3gSPi/KED5kgBA++u0PPoucFD5rZhQ+8uoPPgFCET6rfQ8+1T8RPrRC
Dz6TGBA+RLYQPq+dED4gVxA+lmUQPtGXED7BgBM+K0cRPpi6ET4CdQ8+EhkQPuPPFD4MphI+
tDUPPp+1Dz7KXBE+xO0PPnZkFD6kOhA+JooOPncaEj46RhI+Gu8TPjYkEj6OYA0+PQMSPlxj
ET7E/xA+8VwMPsHFEz6EQhI+EZURPmriET5V9RM+jloTPtQEED7CKxE+lQMOPvE3ED5MZxI+
w/YPPq6uEj4vkw8+MjUUPg5mED7U2A4+mWsSPsxpED7UEg4+9s8QPsT1Dz5/ihE+rEMSPoEC
Ez63wRE+UOQQPlpfED4T3xE+i0oMPtKcEz4glxI+d4URPsaFED4FXBE+9x0PPqXcED7vTA8+
g84PPrs0ET5xfxI+52MSPsdZEz7v6xA+lQUSPmRYEz4IvBA+IkASPvYyDT4ZoBE+qYwQPkX9
ET721BM+lLUOPtwVDz4C5BA+xvYTPjVvET5ubg0+vCsUPgwFET49/gw+Oh0OPrftDz5A8Aw+
I7ITPmJnFT7rmxE+ZWUOPqz0ET4M1xE+</AssayYData></Step></KineticsData></ExperimentResults>
