<?xml version="1.0" encoding="UTF-8" standalone="yes"?>
<ExperimentResults><ExperimentInfo Name="20251008 UPFB0001"><ExpDescription>AHC example method - full characterization&#13;
Analyte titration series with reference channel</ExpDescription><RTDVersion>2.0</RTDVersion><RunID>44513BEA-5865-4B65-BE64-68D265EFB71C</RunID><ExperimentType>KINETICS</ExperimentType><ExperimentSubType>KBASIC</ExperimentSubType><StartDateTime>2025-10-08T15:13:15</StartDateTime><MachineName>BN7KX12</MachineName><UserName>octet</UserName><LotNumber></LotNumber><PlateName>251008</PlateName><PlateName2></PlateName2><SensorName>A1</SensorName><SensorPlate>1</SensorPlate><SensorType>AHC (Anti-hIgG Fc Capture)</SensorType><SensorRole>LIGAND</SensorRole><SensorInfo></SensorInfo><WritingSW>DataAcquisition.exe 11.0.2.1</WritingSW><InstrumentType>OctetRED96</InstrumentType><InstrumentSerial>FB-50284</InstrumentSerial><InstrumentFW></InstrumentFW><IntegrationTime>2.7</IntegrationTime><DSPType>CPF</DSPType><DSPStitching>1</DSPStitching><HasManifest>1</HasManifest><InfoHash>-117630275</InfoHash></ExperimentInfo><AssayParamsInfo/><KineticsData><Step><CommonData><SampleLocation>1</SampleLocation><SampleID>Running Buffer</SampleID><SampleGroup></SampleGroup><SampleInfo></SampleInfo><SampleRow>A</SampleRow><SamplePlate>1</SamplePlate><WellType>BUFFER</WellType><Concentration>-1</Concentration><ConcentrationUnits>µg/ml</ConcentrationUnits><MolarConcentration>-1</MolarConcentration><MolarConcUnits>nM</MolarConcUnits><MolecularWeight>-1</MolecularWeight><Temperature>30.2</Temperature><StartTime>0</StartTime><AssayTime>180</AssayTime></CommonData><FlowRate>1000</FlowRate><StepType>BASELINE</StepType><StepName>Baseline 1</StepName><StepStatus>OK</StepStatus><ActualTime>180</ActualTime><CycleTime>0.2</CycleTime><AssayXData Points="900">AAAAAKjGSz7NzMw+EFgZP0SLTD+JQYA/1XiZPzMzsz8IrMw/ZmbmPwAAAEDNzAxAmpkZQGZm
JkAzMzNAAABAQM3MTECamVlA8KdmQDMzc0AAAIBAZmaGQM3MjEAzM5NAmpmZQAAAoEBmZqZA
zcysQDMzs0CamblAAADAQI2XxkDNzMxAMzPTQJqZ2UAAAOBAZmbmQM3M7EAzM/NAmpn5QAAA
AEEzMwNBZmYGQZqZCUG0yAxBAAAQQTMzE0FOYhZBgZUZQbTIHEHn+x9BGy8jQWZmJkGamSlB
zcwsQQAAMEEbLzNBRIs2QZqZOUHNzDxBAABAQTMzQ0FOYkZBmplJQc3MTEEAAFBBGy9TQWZm
VkGBlVlBzcxcQZMYYEEzM2NBTmJmQZqZaUHNzGxB3SRwQRsvc0FmZnZBmpl5QbTIfEHn+39B
jZeBQScxg0HNzIRBZmaGQQAAiEGamYlBMzOLQcHKjEFaZI5B9P2PQZqZkUEnMZNBzcyUQWZm
lkH0/ZdBCKyZQTMzm0HNzJxBWmSeQfT9n0GNl6FBMzOjQcHKpEFmZqZB9P2nQY2XqUEnMatB
zcysQWZmrkH0/a9BmpmxQTMzs0HByrRBZma2QfT9t0GamblBMzO7QcHKvEFaZL5BAADAQY2X
wUEzM8NBwcrEQVpkxkH0/cdBjZfJQScxy0HBysxBWmTOQfT9z0GNl9FBJzHTQc3M1EFaZNZB
bxLYQY2X2UEnMdtBwcrcQVpk3kExCOBBjZfhQTMz40HByuRBWmTmQfT950GamelBJzHrQcHK
7EFaZO5BAADwQZqZ8UEzM/NBSOH0QWZm9kEAAPhBmpn5QTMz+0HNzPxBZmb+QQAAAELNzABC
mpkBQmZmAkIzMwNCAAAEQs3MBEKamQVCZmYGQjMzB0IAAAhCzcwIQpqZCUJmZgpCMzMLQvr+
C0LHywxCmpkNQmBlDkJGNg9CAAAQQs3MEEKamRFCZmYSQjMzE0IAABRCzcwUQpqZFUJgZRZC
MzMXQgAAGELNzBhCy6EZQmBlGkIzMxtCAAAcQsfLHEKamR1CZmYeQjMzH0IAACBCx8sgQpqZ
IUJgZSJCMzMjQvr+I0LHyyRCmpklQmZmJkIzMydC+v4nQs3MKEKTmClCZmYqQjMzK0IAACxC
x8ssQpOYLUJmZi5CMzMvQgAAMELHyzBCmpkxQmZmMkItMjNC+v4zQsfLNEKamTVCZmY2Qi0y
N0IAADhC/tQ4QpOYOUJgZTpCLTI7Qvr+O0LNzDxCoJo9QmBlPkI/NT9C+v4/QsfLQEKTmEFC
ZmZCQi0yQ0L6/kNCx8tEQpOYRUJgZUZCMzNHQvr+R0LHy0hCmplJQmBlSkItMktCAABMQsfL
TEKTmE1CZmZOQi0yT0L6/k9Cx8tQQpqZUUJgZVJCLTJTQgAAVELNzFRCmplVQmBlVkItMldC
BgFYQsfLWEKTmFlCYGVaQi0yW0L6/ltCzcxcQpOYXUJgZV5CLTJfQvr+X0LHy2BCk5hhQmBl
YkItMmNC+v5jQsfLZEKTmGVCYGVmQi0yZ0L6/mdCx8toQpqZaUJmZmpCMzNrQgAAbELl0GxC
mpltQmZmbkIzM29CAABwQs3McEKamXFCZmZyQjMzc0IAAHRCzcx0QpqZdUJmZnZCXjp3QgAA
eELHy3hCmpl5QmZmekIzM3tCAAB8Qs3MfEKamX1CZmZ+QjMzf0IAAIBCZmaAQs3MgEIzM4FC
mpmBQn3/gUJmZoJCSsyCQjMzg0KamYNCDAKEQuNlhEJKzIRCMzOFQheZhUIAAIZC42WGQs3M
hkIzM4dCmpmHQgAAiELjZYhCSsyIQrYziUKamYlCAACKQmZmikLNzIpCUjiLQpqZi0IAAIxC
Dm2MQs3MjEIzM41CmpmNQn3/jUJmZo5CzcyOQjMzj0IXmY9CAACQQmZmkEJKzJBCsDKRQpqZ
kUIAAJJCZmaSQs3MkkIzM5NCF5mTQgAAlELjZZRCzcyUQjMzlULjpZVCff+VQuNllkLNzJZC
MzOXQheZl0IAAJhC42WYQkrMmEKwMplCF5mZQn3/mUJmZppCzcyaQjMzm0KamZtCff+bQnNo
nELNzJxCsDKdQheZnUJ9/51C42WeQkrMnkKwMp9CF5mfQgAAoELjZaBCzcygQrAyoUKamaFC
ff+hQuNlokJKzKJCsDKjQheZo0J9/6NCZmakQkrMpELJNqVCF5mlQn3/pUJmZqZCzcymQjMz
p0IXmadCAACoQm1nqEJKzKhCsDKpQheZqUJ9/6lC/GmqQs3MqkIzM6tCF5mrQn3/q0JmZqxC
zcysQrAyrUKama1CAACuQmZmrkLNzK5CMzOvQpqZr0IAALBCZmawQs3MsEIzM7FCmpmxQgAA
skJmZrJC2c6yQjMzs0KambNCAAC0QmZmtELNzLRCMzO1QpqZtUIAALZCZma2Qs3MtkIzM7dC
mpm3QgAAuEJmZrhCzcy4QjMzuUKamblCff+5QuNlukLNzLpCOTS7QpqZu0IAALxCZma8Qs3M
vEKwMr1Cmpm9QgAAvkJmZr5Czcy+QjMzv0IXmb9CAADAQuNlwEJKzMBCsDLBQpqZwUJ9/8FC
42XCQkrMwkIzM8NCF5nDQgAAxELjZcRCzczEQrAyxUIXmcVCAADGQuNlxkLNzMZCMzPHQpqZ
x0IAAMhC42XIQs3MyEIzM8lCI5vJQgAAykJmZspCzczKQj81y0KamctCff/LQmZmzELNzMxC
sDLNQpqZzUIAAM5C42XOQs3MzkKwMs9CF5nPQgAA0ELjZdBCSszQQrAy0UIXmdFCgwDSQuNl
0kLNzNJCsDLTQheZ00KDANRCZmbUQkrM1EIzM9VCF5nVQn3/1ULjZdZCSszWQrAy10IXmddC
AADYQuNl2EJKzNhCsDLZQheZ2UJ9/9lC42XaQkrM2kKwMttCF5nbQn3/20JtZ9xCSszcQrAy
3UIXmd1CAADeQuNl3kJKzN5CMzPfQpqZ30J9/99CZmbgQs3M4EKwMuFCF5nhQgAA4kLjZeJC
zcziQrAy40IXmeNCff/jQuNl5EJKzORCsDLlQpqZ5UIAAOZCZmbmQs3M5kIzM+dCmpnnQgAA
6EJmZuhCYtDoQjMz6UKamelCAADqQmZm6kLNzOpCMzPrQpqZ60IAAOxCZmbsQs3M7EIzM+1C
mpntQgAA7kJmZu5CzczuQrAy70Kame9Cff/vQmZm8ELNzPBCUjjxQpqZ8UIAAPJCZmbyQs3M
8kK2M/NCF5nzQgAA9EJmZvRCSsz0QrAy9UKamfVCAAD2QmZm9kLNzPZCMzP3QpqZ90IAAPhC
Zmb4QkrM+EIzM/lCF5n5Qn3/+UJmZvpCzcz6QrAy+0Kmm/tCAAD8QmZm/ELNzPxCsDL9Qjuf
/UJ9//1CZmb+Qs3M/kIzM/9Cmpn/QgAAAEPyMgBDZmYAQ5qZAEPNzABDvv8AQ/IyAUOoZgFD
mpkBQ4vMAUO+/wFDMzMCQ2ZmAkNYmQJDi8wCQ4MAA0MzMwNDJWYDQ5qZA0OLzANDywEEQ/Iy
BEMlZgRDWJkEQ4vMBEO+/wRDMzMFQyVmBUOamQVDi8wFQ4MABkMzMwZDJWYGQ2qcBkOLzAZD
vv8GQ/IyB0NmZgdDWJkHQ83MB0O+/wdDtjMIQyVmCENYmQhDi8wIQwAACUN1MwlDJWYJQ1iZ
CUOLzAlDvv8JQ/IyCkMlZgpDWJkKQ4vMCkO+/wpD8jILQyVmC0NYmQtDmM4LQ77/C0PyMgxD
ZmYMQ1iZDEOLzAxDvv8MQ/IyDUMlZg1DmpkNQ4vMDUO+/w1D8jIOQyVmDkNYmQ5DzcwOQ77/
DkOBNQ9DZmYPQ5qZD0PNzA9DAAAQQzMzEENmZhBDmpkQQ83MEENCABFDMzMRQ2ZmEUPbmRFD
zcwRQwAAEkMzMxJDZmYSQ5qZEkPNzBJDAAATQzMzE0NmZhNDmpkTQ83ME0MAABRDMzMUQ2Zm
FEOamRRDzcwUQwAAFUPyMhVDZmYVQ5qZFUPNzBVDAAAWQzMzFkNmZhZDmpkWQ83MFkNOAhdD
MzMXQyVmF0NYmRdDzcwXQ4kBGEPyMhhDZmYYQ5qZGEPNzBhDvv8YQzMzGUMlZhlDmpkZQ83M
GUO+/xlDMzMaQ2ZmGkPunBpDi8waQ77/GkMzMxtDrmcbQ1iZG0PNzBtDvv8bQwQ2HENmZhxD
WJkcQ83MHEO+/xxD8jIdQyVmHUOamR1DzcwdQ4MAHkMzMx5DJWYeQ5qZHkPNzB5Dvv8eQ/Iy
H0MlZh9DWJkfQ4vMH0O+/x9DMzMgQ2ZmIENkmyBDzcwgQ77/IEPyMiFDJWYhQ1iZIUPNzCFD
AAAiQzMzIkMlZiJDWJkiQ83MIkMAACNDvDQjQyVmI0NYmSNDi8wjQ77/I0MzMyRDZmYkQ1iZ
JEOLzCRDvv8kQzMzJUMlZiVDmpklQ4vMJUO+/yVDMzMmQ2ZmJkNYmSZDi8wmQ77/JkPyMidD
JWYnQ+GaJ0PNzCdDvv8nQ/IyKEMlZihDWJkoQ83MKEMAAClD8jIpQyVmKUNYmSlDi8wpQ77/
KUPyMipDJWYqQ1iZKkPNzCpDvv8qQzMzK0NmZitDmpkrQ5HNK0MAACxDMzMsQ2ZmLEOamSxD
kc0sQwAALUMzMy1DZmYtQ5qZLUPNzC1DAAAuQzMzLkPwZy5DWJkuQ83MLkMAAC9DMzMvQ2Zm
L0OamS9DzcwvQwAAMEMzMzBDZmYwQ5qZMEPNzDBD0QIxQzMzMUPpZjFDmpkxQ83MMUOPAjJD
MzMyQyVmMkOamTJDzcwyQwAAM0MzMzNDZmYzQ9uZM0PNzDND</AssayXData><AssayYData Points="900">AAAAAIPqxrq2fDm7r0XkOdAm67o+OiK6J6y0ugyRK7pJYZ86kn7POzibCDuwKH064YuwOjWo
LTukZig7crkwOnEChjvv3p07/2hKO7yU3ju08LI73J+3O12VDDsHM9g5ACf9OpoLojvbw5k7
NGNsO1iMBjz5rcg7V+qRO6r25DvtA4Q7ZReVO6jKuzsFYQI8kSq4OyYlDjunRa47s7+sOx3b
Hjx6hLY7AxEdO8AjazsYEsU7rFwLPD7h5DtuAgo81M04OwkW5DsNe/U7N+QtPOTIKzyEpfU7
7WzgO+I8AjyeyNU7faEMPLgavjsciy48nXmqO+xpAzz6UTU8aJHuOy1LujtoaEI81WABPHoc
7ju0OBc8cTUMPPugNTwomQY88PkUPGV+FTx/wfM71u0dPBrDGDwUeww8rKIhPEs8BDxsKN87
zOo0PGOEDjzWRB88ALwHPAmS+zuYchM8IAdcPFvAOTzaGCo8UsomPJCNYDxdwhM8KrdOPKy1
Qjw4Ahk8cGYzPL73KzynFig8haUuPFdGXzy7dyI8BU4nPMjrIjwudiY8drILPDSaejwpikM8
Ux1DPCXSajx2b0U8baA2PPg8VTzoTyQ8myNKPBp1Mjyj/kw8tWBLPGgMQzw9+z889po5PPFj
Rjw8Gk88eVdaPAasWTzTsH085oxbPMm4LDzUcD48L6lQPJMSazwv0GA8ZVmfPNuddDxt1So8
dMxQPJiqhDyb1WI8meR0POBISDyD/0A8U+iNPLlTczytIYk8Mmt3PKClUzz9ZIA8InRFPLYn
UTxk1I08d9ZrPEq3VTz2UEs8hNRcPEPHXDw8M3k8jQByPNz8gjyAtoI8mKBkPDoCYzxWzmo8
4B1pPHisPDxOAXk8qwB/PF+ATzwuR5E8V8CQPLGphjycNFc8jJRMPBJybDyFB3Y8/p+ZPE5H
gjzKj208MRhZPNlTbTyvUI88f2eHPEQ5WjxzEmc8qhqBPNRabzxM5IQ8e4dwPETLijxYri88
5luUPKRpjTyUdXM8K6FKPMEAYjwif2w8PZd8PGY3gTwF55Y8T8KBPJeigDzKFIU8C51wPHbg
cjyac4k8y0SKPPivhjwgpoo8zbeEPP0Lmzx5vIY81u97PMSfgzw7L248y1ifPOmbjDyx6n48
inZkPOhsbjwC5448B2aOPN/2Wjz4QYU8p6CZPAlDkTyTUoA8FmeiPCx2mjwgr5M8zragPNVj
iTykBY084EORPEbwkzxJ7Jw8O0CEPIobdzwsdpM8qSZ8PFKamzxZ8oA852hZPHSCmDzR0Z08
0eKdPH+Nhjy+cKI8kQuFPL+srDx1yXw8WuSjPEMzrTx3m5w8S4KdPNNbhzxTS3Q8Qz7DPJLZ
mDx5NYs8vKeKPEUNgjyEanY8uOmjPHLbejxa2JA8uUKNPNqkmzznwoE8qT6QPK7TtTywepQ8
qbWRPBEShjziGHg8HuKEPDv2njy8+5w8xRCaPP/JmDzVTYw8WJ6PPBBFfDxuqZY8QKt/PD8+
jzwnU6M8HuuiPM/plTx8III8YoyhPFiHmjzViJo8LCaqPFY0mzxwA408tAWNPLGsmjyGHqE8
YVCsPChwvDyalbA8OGOWPB+pljwUR5A8Cu2yPMPrnjxCrZw8cwukPA0zhzy1uo08hDGOPIXx
nzxj8ZM87eCPPMrMiTwczYA8x7ehPEowoTxELps8FQe/PCSDpzwt07M81JuRPNM0nDz+2Jk8
Kh6PPD9xozxsbI88jM6LPCLfpjwlJZY8LuGaPHLLpzzPe4085D/CPCJilzw/lIU8qkesPEX1
pDxf5rg88dGXPJZFtDwoo5E8y92bPDyGnjzUFoY8r1uZPCUfqDzHbJM8St3BPI54nDyB7I88
aGKPPHMJxjyH15o8f2hgPDxCkDxxjIw8NcW7PM62pDz856E8dsS2PJv3oTyCTKQ8EaWPPANA
nzwrJXs8IIWePPh3rTzA0Z8836quPBeUejx9Oao8klGzPGx8jjyZbps8BZeePNQjkDwFt8A8
W2acPDGZoDw0u4g87v2EPAl1wjwFXJA8S5KBPCe3pzxF85U8ybStPEvJkzy5ndI808CRPF3I
rDxyXLY8AwCQPHOItzwkCJI8Z3mZPM59tTynOKw8LPqgPK0jkTxnkZU8m9CvPKclkjyx45g8
0z+JPBPXejxK5ok8RhufPCbpqjxDaqI81i6fPMxIhjxuko88+KmIPKvXlDzNbpQ8STykPGkR
rTyU4ok8RNqYPIzRrjx1r6Q8hlmtPIw3hjxPEKU80eCdPPO2cTzwBqM80jydPJRAozzTaa08
IYiaPPHbrDwYgJg8HZu1PCWfozzzl5c87NKpPOw+sjwSjYE8jEeNPN4xhTzfhoo8CvifPLcl
pjxyL5c8M4qTPERNnDyDt6A8k9qVPGBqkTxly4w8O7OaPGglmTwDvp0879aUPMwUtzwNOZg8
8/ufPJLIhzw+wJo8qAyKPFfqszz8J6U8h9SrPIOWkDzaO4w88bOhPKexvDys1bI8EbS6PEKD
njyrr4k8qHeXPFVquTwTYpM8H0uqPLuXvDzOL7I8DzauPA58kjxhs5g8yF+oPDmpnDzAX5U8
OlqwPPNDuDwTA6g8/i+fPBFOoDxuMq08btqcPPOWtTx0saY8rwiaPMDfojxSQ7E8yCqkPLwn
qjyVr6w8UEy1PLulvDwfVqE8KualPHIJrjz+x7Y8MXyEPJQqozwV8Jk8k/+EPIyrmjxD4ZA8
i/yePHCvpDzlWq486pyxPGwYlzwGaJE8VtGRPCI0nTz6B4k8v2aCPFrMnzzaJ4Y89UOuPKyJ
uTxgj6A8OkqOPG+xnzx9X488Ay6aPFGfgTzEiZ886IGePKCGtDz2sKI8wUKfPHZapzwN5pY8
CkioPNwggzzlhpM87hvEPNK2pzz3s5Q8vlKGPILXoDxZYo4811+fPFLIqzyg36g8WrinPPkP
kjzsz5g8RU6gPHgqhzzRBaw8aXWZPGjSrzyXCZk8L0itPCXfpDw00408yaewPB6UrDwUzLA8
hZ6nPBATmzzDXKQ84T+iPDKMrjyTMas8MzqwPKtSpzzhIKQ8NZZuPPJyizxm+KU87DyiPKxm
tDxJ3p88U9WiPNzlojw65KE8EV2lPBVtojx+J7w8e+WSPPC9ujxRCa88Yq+aPJQfrjz8N6I8
W++IPJ9huDxQCbE84BCYPO5RqTwa8bg8NUSdPAzynzwG+Kk8GEKbPIZIuTyg92g8ZQGmPGt/
nDx4s408Nv2VPP9lnDwBMYo8Gf6MPFj1rTxkTWI8fhSXPDXlnzxMtoo8ImGiPFdaojzMVqY8
01qLPFXypDzZ+Ys8SYiFPEELpDxUCpM8bI2XPDFOqjxMspI81M6ePABJrzx5KKc8uP6FPKRG
njwGI5s8ASqzPPh+szx3G5M8vHuqPGbtrDyE45A8BSh6PILTmjwGMqg831KwPNWHqDw8o2A8
3NqtPBfPpDz+bbI8rharPAw6mDxMRJU8ZBNvPMtrmzyzEKE8EKOnPACwqjwhaYc8Wia6PClh
nzwBn7I8qpKkPFI7tjxgHKw8kjynPAkxkjxuKpU8ifKLPJPkpjzHi5A8fKeiPK94nDxn37A8
JCKYPACljjxrzZU83xWhPA5lrzw1Q7I87HeTPCiknzzaoqo8BfiXPNVvozyE6KQ8DV2MPGTT
njwFUoA8I6qvPEnQqDxKGaA8/T2GPJDdqDwcLJc81DihPJLvnzxzaKM8PbWUPLgspjxWgq48
ZLKcPNn9rTwaNp88/a+FPH2Ipjzkwss8ffWePJT2pDzO1K48zXOoPPWgtDxXqpk8xdGePDiS
yDy0ApE8iPy5PFShizwTR4s8EYGZPKHQpjyqNJU8BcuePDlYYjxdtKg8hEOuPNDprzxEfLQ8
RIuHPJJ2qTzUpJg8ipCrPIx2oTzwALA833ikPAtdojwA9Yw8IDSXPOePmDxOwlE8OjSXPL8O
rTxpN6g8eTydPM+qnjyrEJk8vsigPMwZlTwETrU8TuqYPCLUozz0B5o8IsWOPObwmDxcraE8
9HORPJPagTzVhoo8LtyRPF/xgTxdaZI8KVLKPCHItjzukaE8AC2FPAVYmjz1xJk8fSGxPH1y
jTyleZg8NH+OPGf+xTynimQ8seKWPEChiDzcArw8LL+WPOK9mjzGqrg8AWGVPDkAljwrBqI8
gfabPILekTyib6w8ZIOvPKf5jDy/q5w8CJSIPLrPrTyttZ084EuVPETfmTy3Cqk8APKSPEeT
mTzF2p88l8CuPDTblzyHE6s8unOkPCxynDxHSpk8HyiHPMfUzDyjFaM8DUKjPJEBoDxa5qY8
nZuZPIOwnjzgC6g8GZWqPGtskDzb5pQ8DcGRPOponDx8T5E8jEqPPMGamzxRPKY8nLm/PKCi
ujwm3Kc8o3K0PIgrZDzdfJM8Nza+PCwKoDyvFp087Nd8PHirjTwG35A8XKauPIlpoDx/Ipc8
ul+WPH+1qjxVkJw85NeHPJaDnDwQXKg8d0WgPN7CjDy6Gpk8zsiUPP7lmDxaYrU8/16UPCYX
rDxCKo48E3SlPGGhhjzFyaE81oWZPOVjkDwHerg873eePMhDjzyn0448KVOGPOFjrzwz4508
3cOLPKWtpDxfJJA8B7GtPDarrTxOEKQ81/GhPOxjrTyHX5A8lgOmPAWSkDxsdIc8f7OyPPrN
mTzYT6E8Kp+XPEs+rjwGEo084RyoPOuJqTyky4E8g8ufPN9otzyAPqY8mjOjPGiYmTz7dIA8
m+GqPF7IkDyv96A8sxuiPHPxoTzRkZ887SScPBYEmzwh64Q8</AssayYData></Step><Step><CommonData><SampleLocation>2</SampleLocation><SampleID>10mM Glycine pH1.7</SampleID><SampleGroup></SampleGroup><SampleInfo>or other Regeneration solution</SampleInfo><SampleRow>A</SampleRow><SamplePlate>1</SamplePlate><WellType>REGENERATION</WellType><Concentration>-1</Concentration><ConcentrationUnits>µg/ml</ConcentrationUnits><MolarConcentration>-1</MolarConcentration><MolarConcUnits>nM</MolarConcUnits><MolecularWeight>-1</MolecularWeight><Temperature>30.1</Temperature><StartTime>207730</StartTime><AssayTime>20</AssayTime></CommonData><FlowRate>1000</FlowRate><StepType>CUSTOM</StepType><StepName>condition</StepName><StepStatus>OK</StepStatus><ActualTime>19.999</ActualTime><CycleTime>0.2</CycleTime><AssayXData Points="100">AAA0QzMzNENmZjRDmpk0Q83MNEMAADVDMzM1Q2ZmNUNYmTVDi8w1Q77/NUPyMjZDf2o2Q5qZ
NkPNzDZDvv82Q/IyN0NmZjdDWJk3Q83MN0MAADhD8jI4Q2ZmOEOamThDzcw4Q77/OEPyMjlD
ZmY5Q5qZOUPNzDlDvv85Q/IyOkNmZjpDmpk6Q4vMOkO+/zpD8jI7Q2ZmO0OamTtDi8w7Q5YD
PEPyMjxDJWY8Q1iZPEPNzDxDAAA9Q/IyPUNmZj1DHZo9Q83MPUO+/z1D8jI+QyVmPkNYmT5D
i8w+Q77/PkPyMj9DJWY/Q5qZP0PNzD9Dvv8/Q/IyQEMlZkBDWJlAQ4vMQEMAAEFD8jJBQyVm
QUNYmUFDi8xBQ77/QUMzM0JDJWZCQ1iZQkOLzEJDvv9CQzMzQ0MlZkNDWJlDQyHQQ0O+/0ND
8jJEQyVmRENYmURDi8xEQ77/REPyMkVDqGZFQ1iZRUOLzEVDvv9FQzMzRkNmZkZDWJlGQ83M
RkO+/0ZDBDZHQ2ZmR0OamUdDi8xHQw==</AssayXData><AssayYData Points="100">ZvCQvi8mhb7GSm6+U7JfviCHVr59j1K+lJFQvjwGUL72flS+IGVUvlRtVr66fli+k8xdvmmK
Xb41dmC+ACtmvr2OaL4odmy+m4dxvtADbb4co3K+GaV0vu5ld75+lXi+xwd6vuOher7z6Xq+
Y8eAvlxJgr6lPYK+oO2Avq4Chb6sQYG+Ci+DvmAGhL52Toa+Q+iHvgBBh74NAoe+2uGHvgZZ
iL6Gvoq+PAaKvjkci749rIy+BkqKvivEjL40hIy+jOuNvn9wjb5kGY2+dMyRvvSFkL7PTZK+
DFuQvrf6kr5o7pG+x+SRvk5skr5FK5O+O0WUvsaFlL56yZO+zQSWvn9Zlb5j/ZW+2pWVvlh1
mL62GJi+hYGWvr6ilb5SLJe+j7KYvmQ0mL6smpm+MAKZvi6Ymb48wZq+8uyZvhE+m74Ud5u+
1sCcvr1em74af52+XxGcvrDtn76H2pu+SWqevmg/n76z3Z6+F0WfvhIoor6du6G+EL+gvojK
ob5wAp++yzWjvhOTob6cuKG+gD6ivg==</AssayYData></Step><Step><CommonData><SampleLocation>1</SampleLocation><SampleID>Running Buffer</SampleID><SampleGroup></SampleGroup><SampleInfo></SampleInfo><SampleRow>A</SampleRow><SamplePlate>1</SamplePlate><WellType>BUFFER</WellType><Concentration>-1</Concentration><ConcentrationUnits>µg/ml</ConcentrationUnits><MolarConcentration>-1</MolarConcentration><MolarConcUnits>nM</MolarConcUnits><MolecularWeight>-1</MolecularWeight><Temperature>30</Temperature><StartTime>233413</StartTime><AssayTime>20</AssayTime></CommonData><FlowRate>1000</FlowRate><StepType>CUSTOM</StepType><StepName>condition</StepName><StepStatus>OK</StepStatus><ActualTime>20</ActualTime><CycleTime>0.2</CycleTime><AssayXData Points="100">vv9HQ/EySEPjZUhDWJlIQ4vMSEO+/0hDsDJJQyRmSUNYmUlDi8xJQ77/SUOwMkpDK2dKQxaZ
SkOLzEpDfP9KQ/EyS0MkZktDWJlLQ4vMS0N8/0tD8TJMQ+NlTEMWmUxDi8xMQ77/TEOwMk1D
JGZNQxaZTUOLzE1Dvv9NQ/EyTkMkZk5DFplOQ4vMTkO+/05D8TJPQyRmT0MWmU9DDs1PQ3z/
T0OwMlBDJGZQQ1iZUEOLzFBDfP9QQ7AyUUMrZ1FDFplRQ4vMUUN8/1FDsDJSQzFoUkNYmVJD
ScxSQ3z/UkPxMlNDJGZTQxaZU0NJzFNDvv9TQ7AyVEPjZVRDWJlUQ0nMVEOPAlVDsDJVQ+Nl
VUMWmVVDScxVQ3z/VUOwMlZD42VWQxaZVkOLzFZDfP9WQ7AyV0PjZVdDWJlXQ0nMV0N8/1dD
8TJYQyRmWEMWmVhDScxYQ3z/WEOANVlD42VZQxaZWUNJzFlDfP9ZQ7AyWkPjZVpDWJlaQ0nM
WkN8/1pDMzNbQ+NlW0MWmVtDi8xbQw==</AssayXData><AssayYData Points="100">aU8PvS5ahL3qiZm9eO+zvXS0sr2K4rO9j9azvVEIr72V57G9962pvS8MpL0Szai9xoOcvTc1
nr0+SJq9uL2YveRDm701JZq9RKOWvWS7lr0HBJm9jYuMvXm/kr00U5C9g6WOvQRQjL34Wo29
iPmEve3xhL3q14W9aVaEvQwCiL0iroK9EZuJvb76g70j8IW9S1ODvdqQc7158Ha9aXV+vQXL
gr0TGIC9c1huvSSofL3ZCIa97gZ6vfLjab24f3O9zOl8vXomeL1iS3e9/p92vVrjcr2EMXi9
TelzvQYcaL3PhGO9sK9fvQr9Yb16km+9fn5tvc3cXL3r9mG9EiZpvT/QaL2iG2K91lxlvZh9
c73qoHC9NIFlvffWcL38jmm9g+dcvTRTX72bHF29JPxevcJcab3f2mG9tA5dvZqETL0+0Gm9
IFx0vX0lZb30vmq986FUvRM7YL15PVa9F7RjvdDEWr0Z0Ve9HddOvSX1W70dHlW9/wJZvaIf
Yr3gcV69yDpTvY6SWb1WHVy9qpdRvQ==</AssayYData></Step><Step><CommonData><SampleLocation>2</SampleLocation><SampleID>10mM Glycine pH1.7</SampleID><SampleGroup></SampleGroup><SampleInfo>or other Regeneration solution</SampleInfo><SampleRow>A</SampleRow><SamplePlate>1</SamplePlate><WellType>REGENERATION</WellType><Concentration>-1</Concentration><ConcentrationUnits>µg/ml</ConcentrationUnits><MolarConcentration>-1</MolarConcentration><MolarConcUnits>nM</MolarConcUnits><MolecularWeight>-1</MolecularWeight><Temperature>30</Temperature><StartTime>259075</StartTime><AssayTime>20</AssayTime></CommonData><FlowRate>1000</FlowRate><StepType>CUSTOM</StepType><StepName>condition</StepName><StepStatus>OK</StepStatus><ActualTime>19.999</ActualTime><CycleTime>0.2</CycleTime><AssayXData Points="100">v/9bQ/IyXEMlZlxDWZlcQ4zMXEO//1xD8jJdQyVmXUNZmV1DjMxdQ7//XUPyMl5DJWZeQ1mZ
XkNKzF5Dv/9eQ/IyX0MlZl9DWZlfQ0rMX0MBAGBDsTJgQ+RlYENZmWBDjMxgQ7//YEPyMmFD
JWZhQ1mZYUOMzGFDff9hQ/IyYkPkZWJDWZliQ4zMYkN9/2JDsTJjQ+RlY0NZmWNDjMxjQ7//
Y0OxMmRDJWZkQxeZZENKzGRDff9kQ/IyZUMlZmVDF5llQ0rMZUN9/2VD8jJmQ+RlZkMXmWZD
jMxmQ33/ZkPyMmdD5GVnQxeZZ0Mbz2dDff9nQ7EyaEPkZWhDF5loQ4zMaEO//2hDsTJpQ+Rl
aUMXmWlDjMxpQ7//aUPyMmpDJWZqQxeZakNKzGpDff9qQ/Iya0PkZWtDF5lrQ0rMa0N9/2tD
sTJsQ+RlbEMXmWxDSsxsQ7//bEPyMm1D5GVtQxeZbUNKzG1Dff9tQ7EybkPkZW5DF5luQ0rM
bkO//25DsTJvQ+Rlb0NZmW9DSsxvQw==</AssayXData><AssayYData Points="100">urzEvq28sr6aop++toqUvv5oir7AJYe+nQaFvtF5hL6UCYS+k1mGvkF4h75jcIe+jlOKvrSw
i74Odoq+gUaKvraVjL6+Pou+TGaOvpcTj77CFI++aKqQvsBjkb5HSpO+Z1uUvrSQk75XJpa+
lleVvgNulb6LSJe+PuiVvv+zlr7E0Ji+caiXvhbamb4uOZu+FtWavrP1m74ahZq+bmCbvng/
nr6W9J2+3Zecvnu2nr6ViZ2+yaKfviNxnr7ocp++ZxKgvoyAoL7DB6G+gjGgvs3Io7551KG+
53GjvrZNob576qK+oVGivoyfpL42PaS+TEakvpEmpr6khqa+Y86mvrSSp77jPaa+K2ulvlXz
pb4cjqe+cV2ovoFBp77Z2qe+qSyrvm/+p76Vaai+1TWpvtSZqL4BR6q+GYyrvsFDq75b1aq+
Qr+ovkHerL4BW6y+IxqsvnKKq752P6y+/jKuvtOkrL5oM62+l6KuvgyMrL4RC62+e9Otvqtr
r76cO62+1P+vvtzSr76kMrC+RrKvvg==</AssayYData></Step><Step><CommonData><SampleLocation>1</SampleLocation><SampleID>Running Buffer</SampleID><SampleGroup></SampleGroup><SampleInfo></SampleInfo><SampleRow>A</SampleRow><SamplePlate>1</SamplePlate><WellType>BUFFER</WellType><Concentration>-1</Concentration><ConcentrationUnits>µg/ml</ConcentrationUnits><MolarConcentration>-1</MolarConcentration><MolarConcUnits>nM</MolarConcUnits><MolecularWeight>-1</MolecularWeight><Temperature>30</Temperature><StartTime>284742</StartTime><AssayTime>20</AssayTime></CommonData><FlowRate>1000</FlowRate><StepType>CUSTOM</StepType><StepName>condition</StepName><StepStatus>OK</StepStatus><ActualTime>20</ActualTime><CycleTime>0.2</CycleTime><AssayXData Points="100">ff9vQ7AycEOiZXBDF5lwQwjMcEM7/3BDbzJxQ6JlcUPVmHFDSsxxQ33/cUOwMnJD42VyQ9WY
ckMIzHJDO/9yQ7Ayc0OiZXNDF5lzQ0rMc0N9/3NDsDJ0Q+NldEMXmXRDCMx0Qzv/dENvMnVD
42V1Q9WYdUMIzHVDff91Q28ydkPjZXZD1Zh2Q0rMdkN9/3ZDbzJ3Q6Jld0PVmHdDSsx3Q33/
d0OwMnhDomV4Q1iZeEMIzHhDO/94Q28yeUOiZXlD1Zh5QwjMeUM7/3lDsDJ6Q6JlekPVmHpD
CMx6Qzv/ekNvMntDomV7Q9WYe0NKzHtDO/97Q28yfEOiZXxD1Zh8QwjMfEM7/3xDsDJ9Q6Jl
fUPVmH1DCMx9Qzv/fUOwMn5DomV+Q9WYfkMIzH5DO/9+Q28yf0PjZX9DF5l/Q0rMf0M7/39D
WBmAQ/EygEOLTIBDJGaAQ75/gENYmYBD8bKAQ4vMgEMk5oBDvv+AQ1gZgUPxMoFDakyBQyRm
gUO+f4FDWJmBQ/GygUOLzIFDJOaBQw==</AssayXData><AssayYData Points="100">pm7rvBYsir38uaa9kf6/vW2/y720Ade9pBLDvdRey707zMW91KnAvQwZvb3ZBca9RWKyvSFc
vL3Pmra9Rem3vZjesL3llK69r4mwvWIpr70iL6699ymqvYHUpL3VOKe93tWrvYrEqL2Zc5+9
07CtvdRSpb2hEqC93KSgvXpGn73qGqK9DoKhvdHin737NZq9tzqkvcawnb1NLpS9B0ubvWQg
n72Pgpu9H5WYvS5Al73zS5q9I7aZvVs5kb2m/Jq9nECSvTYmlL3IMpG9ufmNvQrtj73E+5W9
pkORvdxCkL17lpS9Ja6VvbLjkL3rvI69OeyUvVEYkr0PhI29HYyKvW1zkb0p+o+9TtCSvc6t
j72NKI29kciOvQ6+jb15ZY69/j+RvRKmkb3Vo469FYiNvYTok72A+4y9IFiLvUOhi72Ru5C9
ZZqNvZUKk708K4u9izSFvdRzjb2oY4O9du6Rvb/Bh72scIu9NECHvSCOh73uOYm9p2qMveqw
hr2dC4O9SmqHvXTijr0hLIq9SaCHvQ==</AssayYData></Step><Step><CommonData><SampleLocation>2</SampleLocation><SampleID>10mM Glycine pH1.7</SampleID><SampleGroup></SampleGroup><SampleInfo>or other Regeneration solution</SampleInfo><SampleRow>A</SampleRow><SamplePlate>1</SamplePlate><WellType>REGENERATION</WellType><Concentration>-1</Concentration><ConcentrationUnits>µg/ml</ConcentrationUnits><MolarConcentration>-1</MolarConcentration><MolarConcUnits>nM</MolarConcUnits><MolecularWeight>-1</MolecularWeight><Temperature>30</Temperature><StartTime>310554</StartTime><AssayTime>20</AssayTime></CommonData><FlowRate>1000</FlowRate><StepType>CUSTOM</StepType><StepName>condition</StepName><StepStatus>OK</StepStatus><ActualTime>19.998</ActualTime><CycleTime>0.2</CycleTime><AssayXData Points="100">3/+BQ1gZgkPxMoJDi0yCQwRmgkO+f4JDWJmCQ/GygkNqzIJDJOaCQ77/gkOZGYND8TKDQ2pM
g0MkZoNDnX+DQzeZg0PxsoNDasyDQwTmg0O+/4NDNxmEQ/EyhEOLTIRDJGaEQ51/hENYmYRD
8bKEQ+3MhEME5oRDnf+EQzcZhUPxMoVDi0yFQwRmhUOdf4VDWJmFQ/GyhUNqzIVDBOaFQ77/
hUM3GYZD0DKGQ4tMhkNFZoZDnX+GQzeZhkPxsoZDasyGQwTmhkOd/4ZDNxmHQ9Ayh0NqTIdD
BGaHQ51/h0NYmYdD0LKHQ4vMh0ME5odDnf+HQzcZiEPQMohDi0yIQwRmiEO+f4hDN5mIQzOz
iENqzIhDJOaIQ77/iEM3GYlD0DKJQ2pMiUMEZolDnX+JQzeZiUPQsolDi8yJQwTmiUOd/4lD
NxmKQ9AyikNqTIpDBGaKQ51/ikM3mYpD8bKKQ2rMikME5opDnf+KQzcZi0PQMotDakyLQwRm
i0Odf4tDWJmLQ/Gyi0PSzYtDBOaLQw==</AssayXData><AssayYData Points="100">tMfTvhG3v76a7a6+8zOhvoDCmb6WaZa+WUiTvrGck75f3JG+3o2SvpcJlL5J5pO+Gy+Xvjb5
lL476Je+KIOYvlyPmb7YXpm+6bGdviSUnL7LJ52+NReevsuVnr6tl6C+7GehvilpoL6J16K+
00ehvhpco77xT6K+ISijvvsio745z6W+LJmlvkVtpb6O56O+e/alvgT2qL4qjKa+OWqnvuDY
p74EmKm+3sipvgrFqr7BWKm+osGqvhYQq74jA6u+BZSpviW/rb7ceaq+kzGtvrJXrr6Y9qy+
xNervtxfrL5eeq++0Fevvuk3sr7SsrC+/+KwvpkisL5d9K++k2OwvjFIr74/vK6+4j6xvid4
sb7Ah7O+k6+xvsz6sb5Uh7C+1DGyvhMks77ST7O+J2GzvoeHsr5N27S+Wdu0vvIytb7YxbO+
zBe0vnwCtb6S4La+JRO1vmmttr6jxrW+wlK2vkXAtr4vVLa+Rr21vr9ntr4mjbm+d1W3vhRo
t773U7e+O+S3vhQiur7uZrm+ee+5vg==</AssayYData></Step><Step><CommonData><SampleLocation>1</SampleLocation><SampleID>Running Buffer</SampleID><SampleGroup></SampleGroup><SampleInfo></SampleInfo><SampleRow>A</SampleRow><SamplePlate>1</SamplePlate><WellType>BUFFER</WellType><Concentration>-1</Concentration><ConcentrationUnits>µg/ml</ConcentrationUnits><MolarConcentration>-1</MolarConcentration><MolarConcUnits>nM</MolarConcUnits><MolecularWeight>-1</MolecularWeight><Temperature>30</Temperature><StartTime>336358</StartTime><AssayTime>20</AssayTime></CommonData><FlowRate>1000</FlowRate><StepType>CUSTOM</StepType><StepName>condition</StepName><StepStatus>OK</StepStatus><ActualTime>20</ActualTime><CycleTime>0.2</CycleTime><AssayXData Points="100">nv+LQxcZjEOwMoxDSkyMQwRmjEOef4xDF5mMQ7CyjENKzIxD5OWMQ33/jEM4GY1DsDKNQ1BN
jUMEZo1Dnn+NQxeZjUOwso1Da8yNQ+TljUOe/41DOBmOQ9EyjkNKTI5D5GWOQ31/jkM4mY5D
sLKOQ2vMjkME5o5Dff+OQxcZj0OwMo9Da0yPQ+Rlj0N9f49DOJmPQ9Gyj0NrzI9DBOaPQ57/
j0M4GZBDNDOQQ2tMkEMEZpBDv3+QQziZkEP+tJBDa8yQQwTmkEOe/5BDOBmRQ9EykUNrTJFD
BGaRQ55/kUM4mZFD0bKRQ2vMkUME5pFDnv+RQzgZkkPRMpJDa0ySQ+RlkkOef5JDOJmSQ9Gy
kkNrzJJDBOaSQ57/kkMXGZND0TKTQ0pMk0MEZpNDnn+TQziZk0PRspNDv8+TQwTmk0N9/5ND
OBmUQ9EylENrTJRD5GWUQ55/lEMXmZRD0bKUQ2vMlEPk5ZRDnv+UQ7sZlUPRMpVDa0yVQwRm
lUOef5VDOJmVQ9GylUNKzJVDBOaVQw==</AssayXData><AssayYData Points="100">K7vEu9xGdb1yrae96cPTvdlX1738KeK9UPDevfbg472269+95ynbvRYv073uydm9uyjQvdR6
zr0EY8m9ERrOvVVjyr1L/se98ajFvRfmxL3jVsm9fN7FvXCRvr1EsLy9ApnIvUHwu72ul8G9
klnBvRrHv73ULrm987u6vRZXuL2SJL29FqG5vT26s71O6rO92mi2vS0LtL07sKa9NPOvvXSD
rb1eqK+93EmuvWOkqr2cG7G9AuywvQu2oL19may9yoatvcVcq70Qfqe90iOtvSusqr2jaam9
Z5exvcWNp70GaK292vmmvXuFrL1xTKe98EOpvUYFpb3Yi6u9DaOnvW2prb0Ba6m9u5aovXP9
o71kSKS9WPWsvdeJp71wY6m960aovQyQpb2p1Ki9ruKkvRD/p71vH669iAGkvewZpr22bqO9
sq2ivWDsob2/BKO9pUKlvSSeo70Bm6G9d/yhvZtGob33UKG9Ub2qvcKIn70iIJ29QeyjvbbI
o71RmJm9V3CevY6amb0K+5y9w8CbvQ==</AssayYData></Step><Step><CommonData><SampleLocation>3</SampleLocation><SampleID>Running Buffer</SampleID><SampleGroup></SampleGroup><SampleInfo></SampleInfo><SampleRow>A</SampleRow><SamplePlate>1</SamplePlate><WellType>BUFFER</WellType><Concentration>-1</Concentration><ConcentrationUnits>µg/ml</ConcentrationUnits><MolarConcentration>-1</MolarConcentration><MolarConcUnits>nM</MolarConcUnits><MolecularWeight>-1</MolecularWeight><Temperature>30</Temperature><StartTime>362533</StartTime><AssayTime>120</AssayTime></CommonData><FlowRate>1000</FlowRate><StepType>BASELINE</StepType><StepName>Baseline 120</StepName><StepStatus>OK</StepStatus><ActualTime>120</ActualTime><CycleTime>0.2</CycleTime><AssayXData Points="600">nv+VQxcZlkOwMpZDa0yWQwRmlkN9f5ZDF5mWQ9GylkNKzJZD5OWWQ33/lkM4GZdD0TKXQ0pM
l0PkZZdDnn+XQziZl0OwspdDSsyXQ+Tll0N9/5dDFxmYQ7AymENKTJhD5GWYQ55/mEMXmZhD
sLKYQ2vMmEPk5ZhDff+YQzgZmUOwMplDSkyZQ+RlmUN9f5lDF5mZQ7CymUNKzJlD5OWZQ33/
mUMXGZpDsDKaQ0pMmkMEZppDfX+aQxeZmkOwsppDa8yaQyXmmkN9/5pDOBmbQ7Aym0NrTJtD
JWabQ55/m0M4mZtD0bKbQ2vMm0ME5ptDnv+bQzgZnEPRMpxDa0ycQwRmnEOef5xDOJmcQ/Ky
nENrzJxDBOacQ57/nEM4GZ1DsDKdQ2tMnUMEZp1Dnn+dQziZnUPRsp1Da8ydQwTmnUOe/51D
FxmeQ9EynkNrTJ5DBGaeQ55/nkM4mZ5D0bKeQ2vMnkME5p5Dff+eQxcZn0PRMp9Da0yfQ+Rl
n0Oef59DOJmfQ9Gyn0NrzJ9DBOafQ57/n0MXGaBD0TKgQ0pMoEPkZaBDnn+gQx2aoEPRsqBD
a8ygQwTmoEOe/6BDOBmhQ7AyoUNrTKFDBGahQ55/oUM4maFDsLKhQ2vMoUPk5aFDff+hQxcZ
okOwMqJDa0yiQwRmokN9f6JDF5miQ9GyokNrzKJD5OWiQ33/okM4GaNDsDKjQ0pMo0PkZaND
nn+jQziZo0PRsqNDa8yjQwTmo0Oe/6NDFxmkQ7AypENrTKRDBGakQ31/pEMXmaRDsLKkQ0rM
pEPk5aRDff+kQxcZpUPRMqVDSkylQ+RlpUN9f6VDOJmlQ7CypUNKzKVD5OWlQ33/pUM4GaZD
0TKmQ0pMpkPkZaZDnn+mQxeZpkOwsqZDSsymQ+TlpkOe/6ZDFxmnQ7Ayp0NKTKdD5GWnQ31/
p0M4madD0bKnQ0rMp0Pk5adDff+nQxcZqEOwMqhDSkyoQ+RlqEN9f6hDOJmoQ7CyqENKzKhD
5OWoQ33/qEM4GalDsDKpQ0pMqUMEZqlDnn+pQziZqUPRsqlDa8ypQwTmqUOe/6lDOBmqQ9Ey
qkNrTKpDBGaqQ55/qkM4mapD0bKqQ2vMqkME5qpDnv+qQzgZq0OwMqtDa0yrQwRmq0Oef6tD
OJmrQ9Gyq0NrzKtD5OWrQ57/q0N5GaxD0TKsQ2tMrEMEZqxDfX+sQziZrEPRsqxDSsysQwTm
rEOe/6xDFxmtQ9EyrUNrTK1DBGatQ55/rUM4ma1DsLKtQ2vMrUME5q1Dff+tQxcZrkPRMq5D
SkyuQwRmrkN9f65DOJmuQ7CyrkNrzK5D5OWuQ33/rkMXGa9DsDKvQ2tMr0MEZq9DfX+vQziZ
r0PRsq9DSsyvQwTmr0Oe/69DFxmwQ9EysENKTLBD5GWwQ31/sEMXmbBD0bKwQ2vMsEME5rBD
nv+wQxcZsUPRMrFDa0yxQ+RlsUN9f7FDF5mxQ9GysUNrzLFDBOaxQ33/sUM4GbJDsDKyQ0pM
skPkZbJDfX+yQxeZskOwsrJDSsyyQ+TlskN9/7JDOBmzQ7Ays0NrTLND5GWzQ31/s0M4mbND
sLKzQ0rMs0Pk5bNDff+zQzgZtEPRMrRDa0y0Q+RltEN9f7RDOJm0Q9GytENKzLRD5OW0Q33/
tEMXGbVD0TK1Q2tMtUPkZbVDnn+1QxeZtUOwsrVDSsy1Q+TltUN9/7VDFxm2Q7AytkNKTLZD
BGa2Q31/tkMXmbZDsLK2Q2vMtkPk5bZDIQC3QxcZt0OwMrdDa0y3QwRmt0N9f7dDOJm3Q9Gy
t0NrzLdDBOa3Q57/t0M4GbhD0TK4Q2tMuEMEZrhDnn+4QziZuEPRsrhDa8y4QwTmuEOe/7hD
OBm5Q9EyuUNKTLlDBGa5Q55/uUM4mblDsLK5Q2vMuUME5rlDnv+5QzgZukPRMrpDa0y6QwRm
ukOef7pDOJm6Q9GyukNrzLpD5OW6Q33/ukM4GbtD0TK7Q2tMu0MEZrtDnn+7QziZu0OwsrtD
a8y7Q+Tlu0Oe/7tDOBm8Q7AyvENrTLxDBGa8Q55/vEMXmbxDsLK8Q0rMvEME5rxDff+8QzgZ
vUOwMr1Da0y9QwRmvUN9f71DOJm9Q7CyvUNrzL1D5OW9Q33/vUM4Gb5D0TK+Q0pMvkPkZb5D
nn++QziZvkPRsr5DSsy+QwTmvkOe/75DOBm/Q7Ayv0NrTL9DBGa/Q6SAv0MXmb9DsLK/Q2vM
v0ME5r9Dnv+/QxcZwEOwMsBDa0zAQ+RlwEN9f8BDF5nAQ9GywENKzMBD5OXAQ33/wEM4GcFD
0TLBQ0pMwUPkZcFDnn/BQziZwUOwssFDSszBQwTmwUN9/8FDOBnCQ7AywkNrTMJDBGbCQ31/
wkM4mcJD0bLCQ0rMwkPk5cJDnv/CQxcZw0OwMsNDSkzDQ+Rlw0N9f8NDF5nDQ7Cyw0NKzMND
5OXDQ33/w0MXGcRDsDLEQ0pMxEPkZcRDnn/EQxeZxEOwssRDa8zEQ+TlxEN9/8RDFxnFQ7Ay
xUNKTMVD5GXFQ31/xUMXmcVD0bLFQ4zMxUME5sVDnv/FQzgZxkPRMsZDa0zGQwRmxkOef8ZD
OJnGQ9GyxkNrzMZDBObGQ57/xkM4GcdD0TLHQ/pOx0MEZsdDfX/HQziZx0PRssdDa8zHQwTm
x0Oe/8dDOBnIQ9EyyENrTMhDBGbIQ55/yEM4mchD0bLIQ2vMyEME5shDnv/IQzgZyUPRMslD
SkzJQwRmyUN9f8lDOJnJQ9GyyUNrzMlDBObJQ57/yUM4GcpD0TLKQ2tMykMEZspDnn/KQxeZ
ykPRsspDa8zKQ+TlykN9/8pDFxnLQ9Eyy0NKTMtDBGbLQ55/y0M4mctD0bLLQ0rMy0ME5stD
nv/LQzgZzEOwMsxD7kzMQwRmzEOef8xDOJnMQ7CyzENrzMxD5OXMQ57/zEM4Gc1D0TLNQ0pM
zUPkZc1DfX/NQziZzUPRss1Da8zNQwTmzUN9/81DFxnOQ7AyzkNKTM5D5GXOQ31/zkMXmc5D
E7POQ0rMzkPk5c5Dnv/OQxcZz0OwMs9DSkzPQ2dmz0Oef89DF5nPQ7Cyz0NKzM9D5OXPQ33/
z0MXGdBDsDLQQ2tM0EMEZtBDfX/QQxeZ0EPystBDa8zQQ+Tl0EPg/9BDFxnRQ9Ey0UNKTNFD
5GXRQ31/0UMXmdFD0bLRQ0rM0UME5tFD</AssayXData><AssayYData Points="600">LLq8vZbEuL2Ny7q9uKWzvdAwsb0LXba9eYC2vSjtsr1apLW9xkuwvTgaqr2v0a+9IAuxvaQW
tL2LQLW9xEauvZOvsr0P1qu9T/GmvYcjs73q8ai9de6uve/MsL3qXKm9BhWpvRf7rr3dIq+9
sdWuvVVFp72NEbK9Un2xvTZTqb1IP7G9MVSsvVAXqL2ZiKe9njaovXbXrb0BxKu9y42tvdH3
qb3u8KS9mAilvXMCqL2Rtqe9PRSnvSOqqL0Xaqa9E5ujvb5Spr2KTqa9+ZOtve4Gq71yQqa9
aUCqvbsFor3anqa9ysSpvSRQpr2qxqK9wL+ivRUIo72eVam9byOkvT8Jqb3JQKW9GM6kvYfp
qb3akKO9ZPunvSxxor3SMKW9JmWnveWtn71zZKy9l5qovWmOo71SiKO9emGmvd/Vm73hvKa9
LQujvUOhnb0tkqa96dCpveSpo70FoaW9SVaovVhZor2j+p69ldudvTQ+pb0t4KO9WqOhvfd/
oL3sYKC9lF6ovVwDnL3O0Zy90+WovT1xnb1lPJ69TmGovTp5ob3Tnaq979mZvby4n717Zpy9
n5Ccvbr+m71WCZ29gpacvfPto72046K9sgymvdrxo70N95i9XWyjvYLlpb14M6G9I2mevaia
lb32rJm9V9iZvcRPoL2nlpm9FQievVojn73grJ+9VU+dvZIknr0Zv529jbqbvazLob2Qqpq9
g1KXvYD1or3/aJy98nKbvdrvnr2QJ529agOVvcWZmr2KmZy973eZvVJ7n70t2Z+94AycvRD3
oL0hkJq96FOcve98lr2TH5W9Priave4Xob3pNJ292gyfveDLoL3+Vpm9LjecvTPHk71NgKG9
lFWXvYBgmb3Qypq9/POYvY3umb3brJ29HGaZveL0m72O+5e98OugvbEqm72CgaG95TGZver7
m739t5u9GnKbvWvioL0IW5S9Nj+jvahPoL0glJu9HjCbvWKXlr2mtpq93O6VvWNSm71GjJy9
hw+WvbgenL0Q6Zm9WuWZvXBJl73OnZa9l7mVvStBmr1P7J29iZGLvd2bm73zOZy9NcKUvbuE
l72xq5e9vp6ZvS+Wlb3Yfpq9fxSTvQUSnr3foJS9FLWSvW1xnL0N25K96OKbvb/Tkr0R+ZW9
ITiYvY4Dl73ht5a9FsaRvZO/lb1ob5K9l+SWvZtgmb1+WZm9g1qVvXZAk718sJa9lJ2ZvX/j
nr3Lbpu9EbKXvYfAjr2tx5m9YtSWvTAVl728cJe9KKGMvXFAmr0Gu569y6aWvUo+k73Wq5a9
V9ObvQxXn72jvpG9JDqXvSjWl73FToy9wLGTvSmhlb1kDZe9u3OYvaPbl71aRpe9dV2OvZMf
lb0OtpC90JSVvXMyk73rI5i9OdqTvRuUmL2rTJC9ETmdvdIFkb1/e5K9mIGYvQ3Ljb140JK9
MiiRvUpFk70O1o+9SsKVvckMl70kuZO9uWyXvaiAkr1Q75C92ymOvYFJmr2EhpS9tQOXvblw
lL0FQpi998yOvS/bkr0v85e9NZCavfHMk72OopC98U2XvWUckL1Mv5O9NCyUvTh5lb0nZ5a9
PeeJveO5lL32vJG9h1SXvayskr3HlIy9ANiRvTwhl71T8ZW9ftaUvXAilL1urJO9hCGOvfwS
kb3W/Y69jHSKvRIylL2ANJG9evKQvf2Ljb0GBo69HQKRvdBjjr289Y29ji+HvZgejr1ahZO9
8LeLvSEMjL2HW5C9I0qTvXJVkr2a0oa9Cj6Pvdcjlb3NEJK9ku2PvX2VkL2JwpO902GavSs0
kL2mXo69rwCPvS/Xjb0g84i9WkOSvVv9j71KkZK9IFOLvQO0ir1XcpO9WOeNvcxwir2NJJe9
nGGQvX/mib3QS5C9zdKPvRXRkL2Mzo690ayNvfR3jb2sEJC9KHOLvYZzi734zo29Ag6MvZqH
i71As4u9XoeNvWD2kb1OR5K9EJeQvT6Kkb0OuYm9nGiSvUn+kr1GvI29VNCPvYBojL3df4u9
WyaPvQOFjr1/vpG9beaLvTKqkr2D6pG9GduNvUP+ib1nLo292YOFvUUdkb2XCoi9H2OTve1V
hb38goy9RG59vbVhkb3jEY29u/aJvYcoj734fIi9JD6NvdM+iL2hmY29feOOvU+Kib29vJK9
nA6MvSxMkL1v0Iq9Nf2PvUo+j70wOIy9X96MvQpxiL0JS4O91VCIvXR3h734AIq9Vn+LvZK5
i72lIo+9IveQva/kjL0/mI29RVaPvXhFjL3GAZC9nsmPvYwVk7064ZG9AfyQveJmjb30VpC9
8NiNvbuGj72INJC9M1yOvSCYjb0Jooy9tNCEvSM1jb0lIIu9+OiOvfn3iL3534a9iOWIvSvu
gb127469ismJvUTtiL2uIoi9+B+MvaU8i718LJC96ECIvbkqiL2qgJS9G8WYvYKthL3p/oa9
lo+NvcY5jL0XWI69kiWQvdd5i73WUIS9rVKKvRgoi70EAIq9rMyBvdSUir38uIq9kp+HvW64
jr0WCo+96VCHveUrjL3jUYm9Fa6MvaJlhb2Pnoq9pQWLvSbGiL2PYIy9gpmSvbVKjr0FKYS9
4bKLvXt+jr0XdYK9PKONvRY1jr0lVX29ydGMvQ8Oh70+m4q9svONvcipir1XQo29QIaLvUV6
i70+2oW9d9eLvY1aib0QEY29biiGvXMdkL0joYK94/qFvYpXg70aK4i9oUuPvUD9h70kUoi9
wHqIvSouhb3BOIW9LZGOvYR0i70pAou9V2iKve+Jhr39Bo29joSHvcWjhb0yVIm9b2aPvRU9
jL0SEYu9KnuJvZIri70qvIi9EMuKvSBEhr361Iu9G957vdNPg73BNoa9/KSEver2jb3r+oa9
lL+MvXwVib1kbYa9KMiKvQkiiL0Jx4O90HeCve39kL3UEYq93weGvU/pfr19FYK9PxSHvTIg
iL2CJIm9fGePvTXBhr3w3I69cqGIvSwmir1EI4a9LNaDvTrEhL0EGYu9lziFvbBxib2sLIy9
85WKvUgPib2sF4K930CKvSd3gb3MUYq9+VOEvcW3h73KHIm93k+DvRKni70AmoW9xMKFva9f
hL28c4i9ynOLvYb+hL0wzoK9Mt6JvdzPib0q7IK9azKJvVjyhr0qQoW98CqFvUUxhb32CYe9
ojuIvd9geL3UR4e9f1SIvblPh71QoIa9</AssayYData></Step><Step><CommonData><SampleLocation>4</SampleLocation><SampleID>AB</SampleID><SampleGroup></SampleGroup><SampleInfo>in Running Buffer</SampleInfo><SampleRow>A</SampleRow><SamplePlate>1</SamplePlate><WellType>KLOAD</WellType><Concentration>0</Concentration><ConcentrationUnits>µg/ml</ConcentrationUnits><MolarConcentration>0</MolarConcentration><MolarConcUnits>nM</MolarConcUnits><MolecularWeight>-1</MolecularWeight><Temperature>30</Temperature><StartTime>489491</StartTime><AssayTime>20</AssayTime></CommonData><FlowRate>1000</FlowRate><StepType>LOADING</StepType><StepName>Loading</StepName><StepStatus>OK</StepStatus><ActualTime>20</ActualTime><CycleTime>0.2</CycleTime><AssayXData Points="100">nv/RQzgZ0kPyMtJDSkzSQ7Vo0kN9f9JDOJnSQ9Gy0kNrzNJD5OXSQ57/0kMXGdNDsDLTQ2tM
00PkZdNDnn/TQxeZ00PRstNDa8zTQ+Tl00Oe/9NDFxnUQ7Ay1ENKTNRD5GXUQ55/1EMXmdRD
sLLUQ0rM1EPk5dRDnv/UQxcZ1UOwMtVDSkzVQwRm1UOqgdVDF5nVQ7Cy1UNKzNVD5OXVQ33/
1UM4GdZDsDLWQ2tM1kPkZdZDnn/WQxeZ1kOwstZDSszWQ+Tl1kN9/9ZDFxnXQ7Ay10NKTNdD
5GXXQ31/10M4mddDsLLXQ0rM10Pk5ddDff/XQz4a2EOwMthDSkzYQ+Rl2EN9f9hDF5nYQ7Cy
2ENKzNhDbefYQ33/2EMXGdlDsDLZQ0pM2UPkZdlDnn/ZQziZ2UPystlDa8zZQwTm2UOe/9lD
OBnaQ9Ey2kNrTNpDBGbaQ55/2kM4mdpDdbPaQ2vM2kME5tpDnv/aQzgZ20PRMttDSkzbQwRm
20Oef9tDOJnbQ9Gy20NrzNtDBObbQw==</AssayXData><AssayYData Points="100">7uUbvX0eILyj59M8/4+FPTJL4j2YmhA+X3M2PtXvWj4TBH0+4g+SPqc1oz7t8rM+B+7GPper
1j7bzeU+AhD5PhPdBD/qUAw/+/QTP2/ZHT8L9yQ/su0rP9PpMz/MdDo/V55CPxO1ST/ralE/
xu5XP9uKXj/SzmU/uhltP8EVdD89uXo/l1mAP6oMhD9hBIc/uzSKP637jD+KjZA/5kKTPxM3
lj/RdZk/txmcPw0Snz+IiKI/ChylPyLspz/yvqk/CR6tP3LYrz9Bu7I/0hO1P7VFtz8EIbo/
96G8P37+vj85KME/dMnDP8F7xj9Ursg/s5rKP6dXzT/Ij88/EhzSP/RG1D9439U/Kb3YP0yh
2j+e19w/kL/eP8LV4D90KOM/HZnlP2AS5z8/KOk/4tfqP3Fi7T9fUu8/jZfwPxHV8j+dX/Q/
uov2PwT19z8npfk/qK/7P2KP/T8VTf8/PJwAQFs3AUAYLgJAw+ACQBXqA0BHsQRATFUFQFZy
BkCFPQdAXecHQL+nCEDOdAlAPNQJQA==</AssayYData></Step><Step><CommonData><SampleLocation>5</SampleLocation><SampleID>AA</SampleID><SampleGroup></SampleGroup><SampleInfo></SampleInfo><SampleRow>A</SampleRow><SamplePlate>1</SamplePlate><WellType>BUFFER</WellType><Concentration>10</Concentration><ConcentrationUnits>µg/ml</ConcentrationUnits><MolarConcentration>10000</MolarConcentration><MolarConcUnits>nM</MolarConcUnits><MolecularWeight>-1</MolecularWeight><Temperature>30</Temperature><StartTime>516805</StartTime><AssayTime>60</AssayTime></CommonData><FlowRate>1000</FlowRate><StepType>BASELINE</StepType><StepName>Baseline 60</StepName><StepStatus>OK</StepStatus><ActualTime>59.999</ActualTime><CycleTime>0.2</CycleTime><AssayXData Points="300">nv/bQzgZ3EOwMtxDrEzcQ+Rl3EOkgNxDOJncQ7Cy3ENKzNxDBObcQ33/3EMXGd1D0TLdQ0pM
3UPkZd1DfX/dQxeZ3UOwst1DSszdQ+Tl3UN9/91DFxneQ9Ey3kNrTN5D5GXeQ31/3kMXmd5D
sLLeQ2vM3kPk5d5Dff/eQzgZ30PRMt9Da0zfQwRm30Oef99DOJnfQ9Gy30NrzN9DBObfQ57/
30NYGeBD0TLgQ2tM4EMlZuBDnn/gQziZ4EPRsuBDa8zgQwTm4EOe/+BDOBnhQ9Ey4UNrTOFD
BGbhQ55/4UM4meFD0bLhQ2vM4UME5uFDff/hQzgZ4kPRMuJDSkziQ+Rl4kOef+JDOJniQ9Gy
4kNrzOJDBObiQ57/4kM4GeND0TLjQ2tM40MEZuNDnn/jQziZ40OwsuNDss3jQwTm40Oe/+ND
OBnkQ7Ay5ENrTORDBGbkQ55/5EMXmeRD0bLkQ0rM5EME5uRDnv/kQzgZ5UOwMuVDa0zlQwRm
5UN9f+VDOJnlQ9Gy5UNKzOVD5OXlQ33/5UMXGeZDsDLmQ2tM5kMEZuZDnn/mQxeZ5kPRsuZD
SszmQ+Tl5kN9/+ZDFxnnQ7Ay50NrTOdD5GXnQ55/50M4medDsLLnQ2vM50Pk5edDff/nQxcZ
6EPXM+hDa0zoQ+Rl6EN9f+hDF5noQ9Gy6ENKzOhD5OXoQ0IA6UM4GelDsDLpQ0pM6UPkZelD
fX/pQxeZ6UOwsulDjMzpQ+Tl6UOe/+lDFxnqQ7Ay6kNKTOpD5GXqQ31/6kMXmepDsLLqQ83M
6kPk5epDff/qQxcZ60OwMutDjEzrQ+Rl60N9f+tDF5nrQ7Cy60NKzOtD5OXrQ33/60MXGexD
0TLsQ0pM7EMEZuxDfX/sQxeZ7EOwsuxDSszsQ+Tl7EOe/+xDOBntQ9Ey7UNrTO1DBGbtQ55/
7UM4me1D0bLtQ2vM7UME5u1Dnv/tQzgZ7kOWM+5Da0zuQwRm7kN9f+5DOJnuQ9Gy7kNrzO5D
BObuQ57/7kM4Ge9D0TLvQ2tM70MEZu9Dnn/vQziZ70PRsu9Da8zvQwTm70OkAPBDOBnwQ9Ey
8ENrTPBDBGbwQ31/8EM4mfBD0bLwQ1DN8EME5vBDff/wQxcZ8UOwMvFDa0zxQwRm8UOef/FD
OJnxQ9Gy8UNKzPFD5OXxQ57/8UMXGfJD0TLyQ2tM8kMEZvJDfX/yQziZ8kPRsvJDSszyQwTm
8kN9//JDFxnzQ9Ey80NrTPNDBGbzQ55/80M4mfND0bLzQ0rM80MK5/NDff/zQxcZ9EPRMvRD
a0z0QwRm9EN9f/RDOJn0Q7Cy9ENKzPRDBOb0Q57/9EM4GfVD0TL1Q2tM9UMEZvVDnn/1QziZ
9UOwsvVDjMz1Q+Tl9UN9//VDFxn2Q7Ay9kNKTPZD5GX2Q31/9kMXmfZD0bL2Q0rM9kME5vZD
ff/2QzgZ90OwMvdD0033QwRm90N9f/dDOJn3Q9Gy90OSzfdDBOb3Q33/90PBGvhDsDL4Q0pM
+EMEZvhDfX/4QxeZ+EOwsvhDSsz4Q+Tl+EN9//hDFxn5Q7Ay+UNrTPlD5GX5Q31/+UMXmflD
sLL5Q0rM+UPk5flD</AssayXData><AssayYData Points="300">Eqg2QKS9N0CEvThArBs5QN1dOUCgkDlAM645QAmaOUDHpjlA3os5QCj+OUAIjjlAIq45QFRZ
OUA7szlAnIM5QEOCOUDmnDlAlaE5QLrGOUBCsjlAfKI5QGixOUA6qTlAd3g5QDx4OUCvfjlA
ooc5QP13OUBidjlA03M5QLCaOUBgJjlA3Js5QOtGOUAORjlAxqU5QFtrOUBnmDlAYzY5QCI8
OUALQTlAjUo5QPAQOUBiTzlAtXo5QEoyOUCXbTlAkG45QNUgOUCEMjlAnlg5QAAeOUDBCTlA
0AY5QN0pOUA/KTlALuo4QN/YOEAkDTlA+Bo5QN3fOECq5jhACK84QGDDOEBPyDhApt44QOfl
OEAx2DhAW7I4QKHAOECj6zhA+dE4QAaJOEDvgzhA/Mw4QPO4OEDIsDhAc5k4QENWOECnaDhA
t4k4QAlpOECAUThA/mA4QHZBOEDVKjhAuTY4QG5GOEAPUThA3Ew4QKYCOEBSTDhA+P43QJs/
OEBZ+jdAoSE4QCIoOEBXEDhAMdk3QPfXN0CArDdA2cI3QJHCN0Ab/DdAr6Q3QIHkN0C68TdA
udA3QAN8N0BClDdA3383QAirN0DTizdAFYU3QA+fN0BQNzdAA5w3QLKSN0D3RjdAezQ3QIZJ
N0CRITdAxVA3QPkEN0CwEzdA1zM3QLYrN0CSMzdAcy03QKkbN0AzMjdA6xs3QHcSN0CfLzdA
e/c2QKutNkDH6zZALvg2QF7bNkAgvDZAHMM2QMisNkCohTZAVoU2QG3HNkAWxjZA4MQ2QJvO
NkDwmzZAEYk2QPWBNkDxoTZA8FE2QIyZNkCRUjZA4Gk2QO54NkC/LTZAamA2QHlONkDJHzZA
ymY2QFcrNkDmOzZAfk42QMg5NkCpYDZARxs2QIYrNkBwCzZASf41QNcQNkDBGjZAT/E1QGm7
NUAJyjVAxqg1QObNNUDo7zVAVrk1QLboNUCZsTVA8rk1QG6NNUDzzTVAIb01QADKNUB15DVA
mJk1QBSjNUBOaDVAzIs1QEVzNUDxmDVAYm41QBxKNUCGWjVA3n01QFttNUDjFDVAlEw1QJRi
NUANZDVAvWk1QPkvNUD+JTVAwiE1QBkVNUAoHjVAsj01QKwgNUBbLTVA++g0QPkINUDVzjRA
p/c0QDuqNEAj+zRARN00QNHlNECt1jRAHrY0QNjCNEDHkTRAbJc0QG2TNEAptzRASqM0QJHS
NECgrjRAb500QHh0NED5jzRA+l00QKhnNEB1zzRAj3A0QE2MNEAgaDRApko0QLopNEDheDRA
q0E0QFSKNEDDSDRArWU0QH9lNED2WTRARBg0QGtiNEDeHzRASBk0QJseNEABxTNAhNczQJPb
M0AhJTRAgxs0QEgHNEDFBDRAEeMzQNjZM0A0RzRAH9QzQCW7M0Be9zNApbczQNjLM0C7yjNA
E+IzQLfWM0AqtjNAAAc0QCirM0AbzjNAut4zQEDLM0B5ozNAG4IzQC2mM0BLrzNAsGYzQEt8
M0CYozNAXUAzQImKM0CUgjNA82EzQOSFM0AnRDNAZXszQKeCM0BJZjNAqzEzQNl7M0CPRzNA
AVIzQJ4MM0AKPzNA</AssayYData></Step><Step><CommonData><SampleLocation>6</SampleLocation><SampleID>Running Buffer</SampleID><SampleGroup></SampleGroup><SampleInfo>in Running Buffer</SampleInfo><SampleRow>A</SampleRow><SamplePlate>1</SamplePlate><WellType>BUFFER</WellType><Concentration>-1</Concentration><ConcentrationUnits>µg/ml</ConcentrationUnits><MolarConcentration>-1</MolarConcentration><MolarConcUnits>nM</MolarConcUnits><MolecularWeight>-1</MolecularWeight><Temperature>30</Temperature><StartTime>584648</StartTime><AssayTime>20</AssayTime></CommonData><FlowRate>1000</FlowRate><StepType>BASELINE</StepType><StepName>Baseline 20</StepName><StepStatus>OK</StepStatus><ActualTime>20</ActualTime><CycleTime>0.2</CycleTime><AssayXData Points="100">fv/5QxgZ+kOxMvpDKkz6Q8Rl+kN+f/pD95j6Q7Gy+kNLzPpD5OX6Q13/+kP3GPtDkDL7QypM
+0PEZftDXX/7Q/eY+0OxsvtDKsz7Q8Tl+0Nd//tD9xj8Q5Ay/ENLTPxDxGX8Q35//EMYmfxD
sbL8Q0vM/EPE5fxDXf/8Q/cY/UOQMv1DKkz9Q8Rl/UNdf/1DGJn9Q5Cy/UNLzP1DxOX9Q13/
/UP3GP5DkDL+Q0tM/kPEZf5DXX/+Q/eY/kOQsv5DKsz+Q8Tl/kN+//5D9xj/Q5Ay/0MqTP9D
xGX/Q11//0MYmf9DsbL/QyrM/0PE5f9Dfv//Q3sMAERZGQBEJSYAROIyAETPPwBEjEwARFlZ
AEQlZgBE8nIARL9/AESMjABEWZkARCWmAETysgBEv78ARIzMAERZ2QBEJeYARPLyAES//wBE
jAwBRFkZAUQlJgFE8jIBRL8/AUSMTAFESFkBRCVmAUTycgFEv38BRIyMAURZmQFEJaYBRPKy
AUS/vwFEjMwBREjZAUQl5gFE8vIBRA==</AssayXData><AssayYData Points="100">WsweQPZOGkBxpRhA9ocXQK0qF0DyFxdA00AXQHsQF0As2RZA3gkXQCgyF0D71xZAjUQXQI5h
F0CWcBdADTQXQHI0F0AmaxdAGG0XQHp2F0BclhdARngXQGJqF0DJcBdAZCIXQP96F0CqfhdA
JqgXQAk/F0BaJhdADkwXQHKFF0ACfBdAlGgXQBZLF0BKlRdAb5oXQFxBF0BNbxdACacXQC2G
F0CZghdAB7gXQENxF0BidhdAKGkXQAf0F0BviBdAtcIXQC2AF0Dp4BdAbo4XQCWlF0D1ohdA
cmMXQITNF0DfrhdANIUXQB+rF0D+xRdAPIUXQMWtF0CUtxdAjHgXQJWvF0CndBdAoogXQNx9
F0DIkBdA0l8XQLyvF0DriRdAmaQXQBt/F0CGQxdAWawXQFi7F0C4RRdAaX4XQFGKF0BKoBdA
sYMXQFufF0CWnxdACXQXQB5cF0B7qRdAimUXQKitF0CyaxdAlooXQLpaF0CteBdAsHcXQEGk
F0BvtRdArZAXQB6xF0DhchdAz5oXQA==</AssayYData></Step><Step><CommonData><SampleLocation>7</SampleLocation><SampleID>aKappa 50ug/ml</SampleID><SampleGroup></SampleGroup><SampleInfo></SampleInfo><SampleRow>A</SampleRow><SamplePlate>1</SamplePlate><WellType>KSAMPLE</WellType><Concentration>-1</Concentration><ConcentrationUnits>µg/ml</ConcentrationUnits><MolarConcentration>-1</MolarConcentration><MolarConcUnits>nM</MolarConcUnits><MolecularWeight>-1</MolecularWeight><Temperature>30</Temperature><StartTime>612973</StartTime><AssayTime>120</AssayTime></CommonData><FlowRate>1000</FlowRate><StepType>ASSOC</StepType><StepName>Association</StepName><StepStatus>OK</StepStatus><ActualTime>120</ActualTime><CycleTime>0.2</CycleTime><AssayXData Points="600">v/8BRIwMAkRZGQJEJSYCRPIyAkS/PwJEe0wCRFlZAkQlZgJE8nICRL9/AkSMjAJEWZkCRCWm
AkTysgJEv78CRHvMAkRZ2QJEJeYCRPLyAkS//wJEjAwDRFkZA0QlJgNE8jIDRL8/A0QfTQNE
WVkDRCVmA0TycgNEv38DRIyMA0RZmQNEJaYDRAOzA0S/vwNEjMwDREjZA0Ql5gNE4vIDRL//
A0SMDAREWRkERBUmBETyMgREvz8ERHtMBERZWQREJWYERPJyBESvfwREe4wEREiZBEQlpgRE
8rIERK+/BER7zAREWdkERCXmBETi8gREz/8ERIwMBURZGQVEFSYFROIyBURjQAVEe0wFREhZ
BUQVZgVE8nIFRK9/BUR7jAVESJkFRBWmBUTysgVEr78FRIzMBURI2QVEJeYFROLyBUS//wVE
ewwGRFkZBkQVJgZE4jIGRL8/BkR7TAZEkFoGRCVmBkTicgZEv38GRM2MBkRImQZEFaYGROKy
BkSvvwZEe8wGREjZBkQV5gZE4vIGRK//BkR7DAdEWRkHRBUmB0TiMgdEvz8HRHtMB0RZWQdE
FWYHROJyB0SvfwdEe4wHREiZB0QVpgdE4rIHRK+/B0R7zAdEWdkHRBXmB0Ti8gdEr/8HRHsM
CERZGQhEiCYIRPIyCES/PwhEe0wIRFlZCEQlZghE8nIIRAGACESMjAhEWZkIRCWmCETysghE
v78IRHvMCERZ2QhERuYIRPLyCES//whEjAwJREgZCUQlJglE8jIJRL8/CUSMTAlEWVkJRCVm
CUTycglEv38JRIyMCURZmQlEJaYJRPKyCUS/vwlEjMwJRFnZCUQl5glENPMJRK//CUSMDApE
SBkKRBUmCkTiMgpEvz8KRHtMCkRZWQpEJWYKRPJyCkS/fwpEjIwKREiZCkQlpgpE8rIKRL+/
CkR7zApESNkKRCXmCkTy8gpEv/8KRHsMC0RZGQtEJSYLROIyC0S/PwtEe0wLREpcC0RtZwtE
4nILROB/C0SMjAtEWZkLRCWmC0TysgtEv78LRHvMC0RZ2QtEJeYLROLyC0Sv/wtEewwMREgZ
DEQVJgxE4jIMRK8/DER7TAxESFkMRHdmDETicgxEv38MRIyMDERZmQxEFaYMRPKyDESvvwxE
nMwMRFnZDEQl5gxE8vIMRK//DETuDA1ESBkNRBUmDUTyMg1Erz8NRB9NDURZWQ1EJWYNROJy
DUS/fw1Ee4wNREiZDUQlpg1EA7MNRK+/DUR7zA1ESNkNRBXmDUTi8g1Er/8NRHsMDkRpGQ5E
FSYORPIyDkSvPw5Ee0wOREhZDkQVZg5E4nIORK9/DkR7jA5ESJkORBWmDkTisg5Er78ORHvM
DkRI2Q5EFeYOROLyDkSv/w5EjAwPRGkZD0QVJg9E4jIPRK8/D0SMTA9EWVkPRDZmD0Tycg9E
v38PRIyMD0RZmQ9EJaYPRPKyD0S/vw9EjMwPRFnZD0Ql5g9E8vIPRL//D0SMDBBESBkQRCUm
EETyMhBEvz8QRIxMEERZWRBEJWYQRPJyEES/fxBEjIwQRFmZEEQlphBE8rIQRK+/EESMzBBE
WdkQRCXmEES38xBEv/8QRIwMEURZGRFEFSYRRIYzEUS/PxFEjEwRRFlZEUQlZhFE8nIRRL9/
EUR7jBFEWZkRRBWmEUTyshFEv78RRIzMEURZ2RFEJeYRRPLyEUS//xFEewwSRFkZEkQVJhJE
4jISRK8/EkR7TBJEWVkSRCVmEkTichJEz38SRIyMEkRImRJEJaYSRBOzEkSvvxJEe8wSRFnZ
EkTJ5hJE4vISRL//EkSMDBNESBkTRKgmE0TiMhNEvz8TRIxME0RZWRNEJWYTRDRzE0S/fxNE
3owTRFmZE0QVphNE8rITRK+/E0SMzBNESNkTRBXmE0Ty8hNEr/8TRHsMFERZGRREFSYUROIy
FES/PxREjEwUREhZFEQVZhRE4nIURK9/FER7jBRESJkURBWmFETyshREv78URHvMFER52RRE
JeYUROLyFES//xREewwVRMsZFUQVJhVE4jIVRK8/FUR7TBVEWVkVREZmFUTichVEr38VRHuM
FURImRVEFaYVROKyFUSvvxVEe8wVRFnZFUQV5hVE8vIVRK//FUSMDBZESBkWRBUmFkTyMhZE
vz8WRIxMFkRIWRZEVmYWROJyFkS/fxZEjIwWRFmZFkQlphZE8rIWRL+/FkRQzRZEWdkWRCXm
FkTy8hZEv/8WRIwMF0RZGRdEJSYXRPIyF0S/PxdEe0wXREhZF0QlZhdE8nIXRL9/F0SMjBdE
WZkXRCWmF0TyshdEv78XRIzMF0RZ2RdEJeYXROLyF0S//xdEjAwYRFkZGEQlJhhE8jIYRL8/
GESMTBhESFkYRCVmGETychhEv38YRHuMGERZmRhEFaYYRPKyGERSwBhEjMwYREjZGEQl5hhE
8vIYRL//GESMDBlESBkZRCUmGUTiMhlEvz8ZRIxMGURZWRlEJWYZRPJyGUS/fxlEjIwZRFmZ
GUQVphlE8rIZRK+/GUSMzBlESNkZRBXmGUTi8hlEv/8ZRHsMGkRZGRpEJSYaROIyGkS/PxpE
nEwaREhZGkQlZhpE8nIaRL9/GkR7jBpEWZkaRBWmGkTyshpEr78aRIzMGkRZ2RpEJeYaRGXz
GkSv/xpEjAwbREgZG0QVJhtE4jIbRK8/G0SMTBtEmlkbRBVmG0TichtEr38bRIyMG0RImRtE
FaYbROKyG0SvvxtEe8wbREjZG0Ql5htE4vIbRK//G0R7DBxESBkcRCUmHETiMhxErz8cRIxM
HERIWRxEJWYcROJyHES/fxxEjIwcREiZHEQVphxE4rIcRK+/HER7zBxEWdkcRBXmHETi8hxE
r/8cRHsMHURIGR1EFSYdROIyHUS/Px1Ee0wdREhZHUQlZh1E4nIdRM9/HUSMjB1EWZkdRCWm
HUTysh1Ev78dRIzMHURZ2R1EJeYdRCPzHUS//x1EjAweRFkZHkQlJh5E8jIeRL8/HkSMTB5E
WVkeRCVmHkTych5Ev38eRIyMHkRZmR5EJaYeRPKyHkS/vx5EjMweRFnZHkQl5h5E8vIeRL//
HkSMDB9EWRkfRCUmH0TiMh9Evz8fRIxMH0RZWR9EJWYfROJyH0Svfx9Ee4wfRFmZH0Qlph9E
NLMfRL+/H0R7zB9EWdkfRCXmH0Ty8h9E</AssayXData><AssayYData Points="600">K9omQHACK0Cl7i1AevAvQBAeMkC+7zNAR3A1QBcfN0AtiDhAjvY5QD9kO0DDhDxAQfA9QJRP
P0DDbkBAYa1BQJoBQ0AxRERAFHhFQM6fRkBnmEdAIvZIQEDaSUCdREtADUtMQOdjTUC/uE5A
0IJPQEt6UEA2pVFA/GZSQDKoU0DMjFRAvXFVQMlhVkCrxFdAhoFYQAOEWUBieVpAPmZbQDZk
XECqMl1ALgJeQGTdXkBky19AxE1gQKZoYUATKGJAYBxjQOHgY0AXj2RAHz5lQAYDZkC9/GZA
dI1nQIegaECKJGlArSFqQF2YakDGi2tAqiZsQK3VbEC2mW1AdjZuQOIWb0AygW9AJztwQH3K
cED7anFANCtyQLzyckCdnXNAWVh0QGN2dEDyWHVARd11QBCadkBjL3dAyZd3QOtgeEDb73hA
VYl5QAvoeUCxuHpAGzJ7QFi+e0DfGXxAZtZ8QFkxfUCxf31AaJl+QPbafkABaX9AFdB/QJxK
gECLfIBAQ8eAQPv2gEAHKoFAZXOBQP+7gUCZ6IFA2UOCQJGCgkBPnIJAmrSCQAUGg0DBTYNA
NYuDQIewg0Az1YNApSSEQN5rhECXnIRAWtmEQOsFhUCBP4VAHHeFQPOPhUAN2oVAlw+GQGRD
hkDlgIZAtZOGQLTzhkCFGIdAADGHQMFwh0ANjodA7cOHQCwaiEBTFohA1E2IQHOTiEBAvohA
5PmIQNzsiECuSYlA21mJQGXAiUAg34lA6ROKQHAlikA0WIpATI2KQFuvikBfz4pAogWLQIYu
i0CxgItAq2GLQE+ei0BY/YtACf6LQG0ljEC8aYxA+nmMQMSPjECg2IxAf+uMQIcUjUBwVY1A
bWeNQFeUjUAsr41AC8+NQCYDjkA7D45Afl+OQNRujkAoi45ATcKOQNT0jkCU4o5AKS6PQIRQ
j0BEeI9ApaSPQJvGj0Dvz49AT/uPQFopkEAgYpBAfWWQQJOdkEBCypBA/76QQJMHkUDqGJFA
ei+RQHNNkUDpcJFAh4+RQPiykUB9z5FA4w2SQI8VkkBKQpJAAmWSQG19kkD9oJJA+4ySQDDZ
kkDt8ZJAYy6TQK82k0DgPpNAzniTQL9pk0AvopNAic2TQNoHlECnAJRA/SWUQCAglEB7UJRA
lVyUQMqQlEATyZRA/a2UQDfvlEBFEZVAtSWVQG9KlUBTZJVALX6VQIF0lUDuoZVAffeVQMDV
lUDo85VAuw2WQIxElkC1U5ZAiGCWQOWHlkAnkZZA3bSWQB3dlkCF3ZZAi/CWQHcrl0D0QZdA
cliXQHlol0Bmj5dAib+XQK7Jl0DGwpdAstuXQIoXmEBkOphA/0KYQIaJmECUgZhAq4iYQAKc
mEAmsZhApdyYQDDFmEAjBJlAdyGZQPsqmUBrSplA3XWZQAtzmUBnkJlABp+ZQLyqmUB9sJlA
9AqaQGPlmUAfAZpAVkGaQAU4mkBEZZpArmqaQJJ2mkDkn5pAGcGaQPy6mkBy+ppADxebQNgC
m0AkH5tAtUCbQGM2m0CfZJtAqVmbQKlwm0AyyptAur+bQCXHm0Dj0JtAvtybQOr7m0AGIJxA
5UecQLornEBoXJxARHGcQLR7nEAgp5xAlLScQBjAnECM2pxAO+qcQL3onEAFC51AYSWdQD49
nUCWUZ1AUG6dQHGOnUBpg51AX6+dQNK0nUDdvp1ATfadQHjpnUBR/Z1AVA6eQNkgnkAkP55A
n0CeQFZjnkAZW55AuHyeQLKmnkDBsp5A2MCeQGnEnkC78Z5A9OyeQAL/nkD0HZ9A6x2fQD0u
n0AaQJ9AjHCfQOh8n0DvdZ9AXXSfQBvIn0DWwZ9A2dWfQDzLn0Bt359AnhigQDwKoEBvJaBA
KTKgQKdFoECeaKBAVE6gQFKAoECJeKBAyX2gQK/JoEDv1qBA6dagQKnOoEDhCqFAKfOgQOgT
oUDwL6FA7C+hQJlIoUBCWqFAaGihQPttoUDRk6FAN56hQCjKoUDXu6FAB7+hQBu+oUB0/6FA
2vahQJslokC9CqJA2VCiQK8mokDPQaJAxjmiQONTokDNd6JAeKKiQLebokBYyqJAa66iQFud
okAU46JAXeCiQLYQo0C8RKNAGxWjQF0eo0AMRqNApU2jQOdjo0BZaqNANXijQPxao0DRuKNA
MsOjQC2po0DXqKNAYLejQBHzo0Aa96NAfwukQFkTpEC4AaRA/C2kQAITpEDDNqRAWGKkQOBw
pEDBVqRA9Y+kQMenpED9oqRA75+kQGSZpEAZ16RAJ96kQAzypEB186RAsQelQBUEpUAONKVA
7TClQI0+pUBwGqVA+zalQEM+pUBCZ6VAGnulQKR5pUDPkKVAycylQAOXpUDEuqVAd8KlQPDp
pUCc5qVAb/ulQJj7pUBoA6ZAciGmQBkMpkDrQqZAvjWmQNFWpkBFbqZAEkqmQCxopkDeiKZA
l4imQCuSpkADraZAlqSmQFK4pkDFxKZApuymQMjzpkABA6dAA/imQAktp0Ce/6ZABkKnQEk5
p0CwOqdAI1WnQABxp0DAe6dAE2GnQItqp0DhhKdAvYqnQJKmp0Bzr6dAL7OnQIjSp0AZ+KdA
U96nQJ36p0CyKahAUwSoQBAGqEC/IahAJS+oQAssqEDyX6hA3F6oQCFWqECBg6hAc4yoQEFe
qEBnjahAtMOoQFmvqEDqqqhAZsmoQAK9qECu3qhAwvGoQLz0qEB056hAj/eoQAMRqUA8HqlA
fSSpQDE1qUCNSalAfU6pQJ1TqUAZgalAB2OpQKKHqUD1fqlAl6GpQPOQqUBfuqlAG7upQNDf
qUA5zalAMtepQNPnqUAK5alAfAyqQHEcqkB6/KlA9SqqQEsoqkCWOKpA1jmqQGNRqkCeXapA
AmeqQLd0qkDjaKpAJm+qQDGDqkBWrqpAa6uqQMevqkD3rqpACcGqQPbVqkCO26pAhseqQGDe
qkAjA6tAjvyqQGgFq0DW9apAWSGrQKQbq0CgLqtA9SirQPpGq0C4WqtA83OrQLBWq0A5fatA
XXurQMWVq0Bgi6tA1K+rQI+rq0DxuatAM7mrQOLBq0AQ1atAPN2rQODbq0AI/KtA2/erQOsN
rEBQ8qtAzzesQJMTrEDgMKxAlCusQGMurEDhXKxAt1isQApbrEBkZ6xAXImsQFOErEA1z6xA
2aasQKyWrECUqKxA8MKsQIqlrEC6yqxA</AssayYData></Step></KineticsData></ExperimentResults>
