<?xml version="1.0" encoding="UTF-8" standalone="yes"?>
<ExperimentResults><ExperimentInfo Name="20251008 UPFB0001"><ExpDescription>AHC example method - full characterization&#13;
Analyte titration series with reference channel</ExpDescription><RTDVersion>2.0</RTDVersion><RunID>44513BEA-5865-4B65-BE64-68D265EFB71C</RunID><ExperimentType>KINETICS</ExperimentType><ExperimentSubType>KBASIC</ExperimentSubType><StartDateTime>2025-10-08T15:13:15</StartDateTime><MachineName>BN7KX12</MachineName><UserName>octet</UserName><LotNumber></LotNumber><PlateName>251008</PlateName><PlateName2></PlateName2><SensorName>H1</SensorName><SensorPlate>1</SensorPlate><SensorType>AHC (Anti-hIgG Fc Capture)</SensorType><SensorRole>LIGAND</SensorRole><SensorInfo></SensorInfo><WritingSW>DataAcquisition.exe 11.0.2.1</WritingSW><InstrumentType>OctetRED96</InstrumentType><InstrumentSerial>FB-50284</InstrumentSerial><InstrumentFW></InstrumentFW><IntegrationTime>2.3</IntegrationTime><DSPType>CPF</DSPType><DSPStitching>1</DSPStitching><HasManifest>1</HasManifest><InfoHash>-117630275</InfoHash></ExperimentInfo><AssayParamsInfo/><KineticsData><Step><CommonData><SampleLocation>1</SampleLocation><SampleID>Running Buffer</SampleID><SampleGroup></SampleGroup><SampleInfo></SampleInfo><SampleRow>H</SampleRow><SamplePlate>1</SamplePlate><WellType>BUFFER</WellType><Concentration>-1</Concentration><ConcentrationUnits>µg/ml</ConcentrationUnits><MolarConcentration>-1</MolarConcentration><MolarConcUnits>nM</MolarConcUnits><MolecularWeight>-1</MolecularWeight><Temperature>30.2</Temperature><StartTime>0</StartTime><AssayTime>180</AssayTime></CommonData><FlowRate>1000</FlowRate><StepType>BASELINE</StepType><StepName>Baseline 1</StepName><StepStatus>OK</StepStatus><ActualTime>180</ActualTime><CycleTime>0.2</CycleTime><AssayXData Points="900">AAAAAKjGSz7NzMw+EFgZP0SLTD+JQYA/1XiZPzMzsz8IrMw/ZmbmPwAAAEDNzAxAmpkZQGZm
JkAzMzNAAABAQM3MTECamVlA8KdmQDMzc0AAAIBAZmaGQM3MjEAzM5NAmpmZQAAAoEBmZqZA
zcysQDMzs0CamblAAADAQI2XxkDNzMxAMzPTQJqZ2UAAAOBAZmbmQM3M7EAzM/NAmpn5QAAA
AEEzMwNBZmYGQZqZCUG0yAxBAAAQQTMzE0FOYhZBgZUZQbTIHEHn+x9BGy8jQWZmJkGamSlB
zcwsQQAAMEEbLzNBRIs2QZqZOUHNzDxBAABAQTMzQ0FOYkZBmplJQc3MTEEAAFBBGy9TQWZm
VkGBlVlBzcxcQZMYYEEzM2NBTmJmQZqZaUHNzGxB3SRwQRsvc0FmZnZBmpl5QbTIfEHn+39B
jZeBQScxg0HNzIRBZmaGQQAAiEGamYlBMzOLQcHKjEFaZI5B9P2PQZqZkUEnMZNBzcyUQWZm
lkH0/ZdBCKyZQTMzm0HNzJxBWmSeQfT9n0GNl6FBMzOjQcHKpEFmZqZB9P2nQY2XqUEnMatB
zcysQWZmrkH0/a9BmpmxQTMzs0HByrRBZma2QfT9t0GamblBMzO7QcHKvEFaZL5BAADAQY2X
wUEzM8NBwcrEQVpkxkH0/cdBjZfJQScxy0HBysxBWmTOQfT9z0GNl9FBJzHTQc3M1EFaZNZB
bxLYQY2X2UEnMdtBwcrcQVpk3kExCOBBjZfhQTMz40HByuRBWmTmQfT950GamelBJzHrQcHK
7EFaZO5BAADwQZqZ8UEzM/NBSOH0QWZm9kEAAPhBmpn5QTMz+0HNzPxBZmb+QQAAAELNzABC
mpkBQmZmAkIzMwNCAAAEQs3MBEKamQVCZmYGQjMzB0IAAAhCzcwIQpqZCUJmZgpCMzMLQvr+
C0LHywxCmpkNQmBlDkJGNg9CAAAQQs3MEEKamRFCZmYSQjMzE0IAABRCzcwUQpqZFUJgZRZC
MzMXQgAAGELNzBhCy6EZQmBlGkIzMxtCAAAcQsfLHEKamR1CZmYeQjMzH0IAACBCx8sgQpqZ
IUJgZSJCMzMjQvr+I0LHyyRCmpklQmZmJkIzMydC+v4nQs3MKEKTmClCZmYqQjMzK0IAACxC
x8ssQpOYLUJmZi5CMzMvQgAAMELHyzBCmpkxQmZmMkItMjNC+v4zQsfLNEKamTVCZmY2Qi0y
N0IAADhC/tQ4QpOYOUJgZTpCLTI7Qvr+O0LNzDxCoJo9QmBlPkI/NT9C+v4/QsfLQEKTmEFC
ZmZCQi0yQ0L6/kNCx8tEQpOYRUJgZUZCMzNHQvr+R0LHy0hCmplJQmBlSkItMktCAABMQsfL
TEKTmE1CZmZOQi0yT0L6/k9Cx8tQQpqZUUJgZVJCLTJTQgAAVELNzFRCmplVQmBlVkItMldC
BgFYQsfLWEKTmFlCYGVaQi0yW0L6/ltCzcxcQpOYXUJgZV5CLTJfQvr+X0LHy2BCk5hhQmBl
YkItMmNC+v5jQsfLZEKTmGVCYGVmQi0yZ0L6/mdCx8toQpqZaUJmZmpCMzNrQgAAbELl0GxC
mpltQmZmbkIzM29CAABwQs3McEKamXFCZmZyQjMzc0IAAHRCzcx0QpqZdUJmZnZCXjp3QgAA
eELHy3hCmpl5QmZmekIzM3tCAAB8Qs3MfEKamX1CZmZ+QjMzf0IAAIBCZmaAQs3MgEIzM4FC
mpmBQn3/gUJmZoJCSsyCQjMzg0KamYNCDAKEQuNlhEJKzIRCMzOFQheZhUIAAIZC42WGQs3M
hkIzM4dCmpmHQgAAiELjZYhCSsyIQrYziUKamYlCAACKQmZmikLNzIpCUjiLQpqZi0IAAIxC
Dm2MQs3MjEIzM41CmpmNQn3/jUJmZo5CzcyOQjMzj0IXmY9CAACQQmZmkEJKzJBCsDKRQpqZ
kUIAAJJCZmaSQs3MkkIzM5NCF5mTQgAAlELjZZRCzcyUQjMzlULjpZVCff+VQuNllkLNzJZC
MzOXQheZl0IAAJhC42WYQkrMmEKwMplCF5mZQn3/mUJmZppCzcyaQjMzm0KamZtCff+bQnNo
nELNzJxCsDKdQheZnUJ9/51C42WeQkrMnkKwMp9CF5mfQgAAoELjZaBCzcygQrAyoUKamaFC
ff+hQuNlokJKzKJCsDKjQheZo0J9/6NCZmakQkrMpELJNqVCF5mlQn3/pUJmZqZCzcymQjMz
p0IXmadCAACoQm1nqEJKzKhCsDKpQheZqUJ9/6lC/GmqQs3MqkIzM6tCF5mrQn3/q0JmZqxC
zcysQrAyrUKama1CAACuQmZmrkLNzK5CMzOvQpqZr0IAALBCZmawQs3MsEIzM7FCmpmxQgAA
skJmZrJC2c6yQjMzs0KambNCAAC0QmZmtELNzLRCMzO1QpqZtUIAALZCZma2Qs3MtkIzM7dC
mpm3QgAAuEJmZrhCzcy4QjMzuUKamblCff+5QuNlukLNzLpCOTS7QpqZu0IAALxCZma8Qs3M
vEKwMr1Cmpm9QgAAvkJmZr5Czcy+QjMzv0IXmb9CAADAQuNlwEJKzMBCsDLBQpqZwUJ9/8FC
42XCQkrMwkIzM8NCF5nDQgAAxELjZcRCzczEQrAyxUIXmcVCAADGQuNlxkLNzMZCMzPHQpqZ
x0IAAMhC42XIQs3MyEIzM8lCI5vJQgAAykJmZspCzczKQj81y0KamctCff/LQmZmzELNzMxC
sDLNQpqZzUIAAM5C42XOQs3MzkKwMs9CF5nPQgAA0ELjZdBCSszQQrAy0UIXmdFCgwDSQuNl
0kLNzNJCsDLTQheZ00KDANRCZmbUQkrM1EIzM9VCF5nVQn3/1ULjZdZCSszWQrAy10IXmddC
AADYQuNl2EJKzNhCsDLZQheZ2UJ9/9lC42XaQkrM2kKwMttCF5nbQn3/20JtZ9xCSszcQrAy
3UIXmd1CAADeQuNl3kJKzN5CMzPfQpqZ30J9/99CZmbgQs3M4EKwMuFCF5nhQgAA4kLjZeJC
zcziQrAy40IXmeNCff/jQuNl5EJKzORCsDLlQpqZ5UIAAOZCZmbmQs3M5kIzM+dCmpnnQgAA
6EJmZuhCYtDoQjMz6UKamelCAADqQmZm6kLNzOpCMzPrQpqZ60IAAOxCZmbsQs3M7EIzM+1C
mpntQgAA7kJmZu5CzczuQrAy70Kame9Cff/vQmZm8ELNzPBCUjjxQpqZ8UIAAPJCZmbyQs3M
8kK2M/NCF5nzQgAA9EJmZvRCSsz0QrAy9UKamfVCAAD2QmZm9kLNzPZCMzP3QpqZ90IAAPhC
Zmb4QkrM+EIzM/lCF5n5Qn3/+UJmZvpCzcz6QrAy+0Kmm/tCAAD8QmZm/ELNzPxCsDL9Qjuf
/UJ9//1CZmb+Qs3M/kIzM/9Cmpn/QgAAAEPyMgBDZmYAQ5qZAEPNzABDvv8AQ/IyAUOoZgFD
mpkBQ4vMAUO+/wFDMzMCQ2ZmAkNYmQJDi8wCQ4MAA0MzMwNDJWYDQ5qZA0OLzANDywEEQ/Iy
BEMlZgRDWJkEQ4vMBEO+/wRDMzMFQyVmBUOamQVDi8wFQ4MABkMzMwZDJWYGQ2qcBkOLzAZD
vv8GQ/IyB0NmZgdDWJkHQ83MB0O+/wdDtjMIQyVmCENYmQhDi8wIQwAACUN1MwlDJWYJQ1iZ
CUOLzAlDvv8JQ/IyCkMlZgpDWJkKQ4vMCkO+/wpD8jILQyVmC0NYmQtDmM4LQ77/C0PyMgxD
ZmYMQ1iZDEOLzAxDvv8MQ/IyDUMlZg1DmpkNQ4vMDUO+/w1D8jIOQyVmDkNYmQ5DzcwOQ77/
DkOBNQ9DZmYPQ5qZD0PNzA9DAAAQQzMzEENmZhBDmpkQQ83MEENCABFDMzMRQ2ZmEUPbmRFD
zcwRQwAAEkMzMxJDZmYSQ5qZEkPNzBJDAAATQzMzE0NmZhNDmpkTQ83ME0MAABRDMzMUQ2Zm
FEOamRRDzcwUQwAAFUPyMhVDZmYVQ5qZFUPNzBVDAAAWQzMzFkNmZhZDmpkWQ83MFkNOAhdD
MzMXQyVmF0NYmRdDzcwXQ4kBGEPyMhhDZmYYQ5qZGEPNzBhDvv8YQzMzGUMlZhlDmpkZQ83M
GUO+/xlDMzMaQ2ZmGkPunBpDi8waQ77/GkMzMxtDrmcbQ1iZG0PNzBtDvv8bQwQ2HENmZhxD
WJkcQ83MHEO+/xxD8jIdQyVmHUOamR1DzcwdQ4MAHkMzMx5DJWYeQ5qZHkPNzB5Dvv8eQ/Iy
H0MlZh9DWJkfQ4vMH0O+/x9DMzMgQ2ZmIENkmyBDzcwgQ77/IEPyMiFDJWYhQ1iZIUPNzCFD
AAAiQzMzIkMlZiJDWJkiQ83MIkMAACNDvDQjQyVmI0NYmSNDi8wjQ77/I0MzMyRDZmYkQ1iZ
JEOLzCRDvv8kQzMzJUMlZiVDmpklQ4vMJUO+/yVDMzMmQ2ZmJkNYmSZDi8wmQ77/JkPyMidD
JWYnQ+GaJ0PNzCdDvv8nQ/IyKEMlZihDWJkoQ83MKEMAAClD8jIpQyVmKUNYmSlDi8wpQ77/
KUPyMipDJWYqQ1iZKkPNzCpDvv8qQzMzK0NmZitDmpkrQ5HNK0MAACxDMzMsQ2ZmLEOamSxD
kc0sQwAALUMzMy1DZmYtQ5qZLUPNzC1DAAAuQzMzLkPwZy5DWJkuQ83MLkMAAC9DMzMvQ2Zm
L0OamS9DzcwvQwAAMEMzMzBDZmYwQ5qZMEPNzDBD0QIxQzMzMUPpZjFDmpkxQ83MMUOPAjJD
MzMyQyVmMkOamTJDzcwyQwAAM0MzMzNDZmYzQ9uZM0PNzDND</AssayXData><AssayYData Points="900">AAAAAKH2BrsA0b86sGJ4OgURiTv810w7T9j5OuH5ezp8Dms6gkRQO+HSHDvAYs864z6JOoGv
fDuOB7I7BA88O74zwTsKfzc7FJ+DOxQ5JjuCH+470/mWOnceozuhXDg7dVeXOzO0HDrOzIo7
/WO1O0m40Dj1aNg72w7ZOw0CgDvufPc6EMGEO1MryzsVpX46TpaQO+USyDvZ/gQ7a581O7EJ
BTydGxQ7NXf8O/4/Djy/Srg7bwKAO75PBDwM6FA7IEeQO0WbPDuntdI71TQCO0SZuzvujLs7
6jVtO4QYyTuPTNY7FK72OYJxXjrrnKs7M4v0O2bs3jtSGbE7gFETPG/1ATznPiY7zSjAOxNZ
nTu+6n47NMcOPBRdMTvRyn07u/87O/v0RjuHJm07cr9eO0KJljvSJxE8pGMePKnfjjs6gO47
XGeQO0q9mju0Pxg834ABPHgQ2Dt36yQ7+JfgO4fZxDseg7s73v2oOwszKjxRqR88iuELPE6P
1DtrFy08GbvzO0pC+zt9IAU8A+TYOl94mTs3Z2Y7s07vOufHwDtvJUo7/KP3O0zD9zsF6y86
WqCTOwY32zuEXMo7aS8IPBiDdzu2SDw7jtMjPDqT6zsKL6I7d4BmOyI21DtlNKA7tDrtO5ey
2DtEULo7LMgtPJqVHDxLlfs7yX7CO+i8Bjx9TgI7EwiqO8+LFjwqWJA7eEfoOy7llTu7LP07
9SbeO4u75jtBh1w7XbbHO7b/xzseZZk7GYgLO9w++Dunjv47af6fOwqWwzudCOU7KATpO/DI
hDtSUCQ70uWWO2hr6Dsnj6E7gCs4O3ww1DtEhMk74kzKOxq2nDuBUrQ7opDBOyQNnjvFmEM7
2R8GPB+Zujssg407vd9dO9Kx0DtcllI35a9NOwavBzysT+g7gJrOO6A87Ts1trI7o1uOOs/n
ATz4kZ87lyIJPElxhzq6VPo7LOQjPOgbFTxhi4c7Qn/bOxSxszuTrRo8omUbO0SY+Durg607
kon4O8KiKTx8HQk87BDyO/UOZDsLX5g7XEYOO4so/Dvd3b87QotuO/RFITx6oiA8NRYBPFiR
7jv7xaI7fD7ZO3agEDzPxOg74z9WO9mt5DvH9og78W/wO75F9Dt/+ac7TrDeOJ12QjtBh+g7
oOz+OyJJ/Tv76Z87czcNPFoQuDv36p47moIWPBx4hjsELL47Uz8pPK+UIDyInOE7g397O2Li
vDutDAQ8eWoNPPjG0DsWuEI7vk0tPEB8LDu2jcc70/ghPF3hjDsLTwg8mGzVO9vUpjtW3hY7
qBgJPI07wDuLj6c7jLacO7LuBzzWrQQ8JwBYOyzBFzxvrLw7LosAPLpqhjv+u6M7U7VAOy97
4jtBPRI8DNqQOxtHxDuQNNw7dF/UO+mb5zvJ0To7e5SOO9JjGjsLBRo8CEshPKLM+zuC6QU8
uq+yO6Pd8ztyzas7cQvUO2uqAjxKENc7UXqkO4GzEDy5/4s7+yWEO+2o4zu+K5s7V4G8O9Wr
5zsinso73evGO+XyDjzLFjM7zEiwO5LNkztz56Q7EvDYO42dxzsmTig8cQaEOzmxKTx+hAQ8
j/JuOxI4vzudCwo8eGEBPASZ0zsSFK07wccCPGhAIzxuu4Y6ZrS0O04JwjvJLOw7v+7rO16K
FDxhBdk70mezO5356DtvCPM7lCupO81jgzuCkBo8/XbvOyzRCTzN/q07VIO9OxgSLDzKF8U7
JxfDO0DJmDtRNYI7ZDclPKG18zt7bNE71MrnO1rA+DvoqzQ8xJ+vO/MXwjuaYWI7VlQQPFqi
qjvYATI8F/j1O/yADTw/KEI7W/kMPNlhCDziIfw7+yeDO8dLzzu/gKQ7CiN9O6kI5DtDwjs7
jaCiO+CjgztmFfk7bV3sO96ZGzyQVcY7bVfXO8aW7zvl4cA7rwXGOzmd6DsZBvk7qxKjO/7m
EjwYdxw8iv/IOxapxTt+L8A72SPdOy7n9DuipbY7eTLMO4190Dvvy+o7YKAOPKHDxTvEVwg8
+8PoO+4gbDsmbtc7HwX0O3jb8zuYEfA7MnaXOyidCjw2gc47XtDaOxAY2DtHIcE7DH3ROwuF
BjySYhA8B643OzpSBjx+rvw7/eCbO4U5BjweUPM7+9K1OmvxBTwJOxM8L77QOx7skDrS8Ak8
mQlpOwECTjt37NE7VeyiO+Li0jvxy9o74HYBPKtVyju7sRw8yK7DO5eSzTvmrog7+3EhPB1E
wjtF1ZA7b6gTPO8fvDteeaM7XL70O7WfKTtbVZE7K7UHPOsXGDxoyjY8EVO8OyrYDTxpWME7
A7TxO5Eh8Tv7it874wRxO/4pOjrPVqk7r/OqO/t1SDsVjL87CyopPEEeAzyFvSY84nQIPKXo
qDvmv+A6kczKO6TzujuluF87lSidO+V0uTu4qcI7BzxgO9rv5juEzi87CDCUO5tx2TvKjrE7
LtfVOwKh4jv0Rgk8ljW0O1O7EDyf2BA8YV+3O0UVRDsspr07UPM4PGeVoDuOdXc7vk8aPKFg
uDu23Ac8/4C2O1MZjDvEg7M7o6VjO86/izvKvBs8/GUoPHNT8jse7LU7uQDeO0xp4zsHFtg7
xDypO5Xd5juFJNc7aEn2Oz94Bjytthc8DnkWPMRYCDsBRiE8o+yWOz2Z8TvkH1k6N25MO6GY
DDysiMA7KDX1OxcndjuCNnI7LiDDOwidATxM2MM7p3rWOwnAlDtqdyc8n0fNO6ZCkDuZm3Y7
CgvsO1ma6DsHEYQ7g9OtO442ojuqTDw8hdkAPBBnsDv2pn87og+fO/w+DTzVyd07mG/iOzTL
yTu3bJk7+ZvpO7asfjs/StY7rJiHO3rZzDtaYOU74TurO5/snztbuHY7TE+JO1+VAjyaSb87
XQzDO/Ke4jsYeu07D4kXPERLjDvBPJw7DBLzOzKJ6Tv8U9g7TLfjO1IimzuDIMw7y9raO1IG
3jvWo+U74asvO25XHzuvurQ7W6MPPIYVxTsKZfM70iG3OxAvxTs6Fsk6mdXxO6sP2Dt3QQk8
N4LHO2rkpjuq/Ng7lpO/O6JSrzuqiqA7tx5zOxvlgTsH7Ac8Ok2pO5Yl4TtgRhM8vgCiO4Wo
IDy6WPg7sljOOyr5ITxJu887OghwO1oRrDsnQiM8TNTiOzHW0zvhrug7k+CcO19H6zsc9eg7
Bs8APIuCwjsnDAE74F2PO+AkqTu6kJs7EqLjOylm6julRuo6TZTBO+mR8DsNFq874A3pO2KR
KTzOsxI8FG2lO0+pBTwwLgs8FpMtPBSO5DsxuXw7Oup6O+wRuzuWm7474r6cO5lO+ju80bM7
39qVO6Sb8jvqCQo8KAYAPK5A8Tu5CLQ7HRfBO4/xgzs+YoI7dV3RO0gjBjwbMKA7HtYIPMGA
5ztMCZw7lMu3O58S/TvjKq87g5DsOwhDvTv/+Go7ZN87O3ZBtjsfaXQ7KggjPKG5FTx6YoM7
hD+mO1T6CDxrv9s7LU2QOzSsejsINAw85nN1OwUYCzy29uQ7+VOYO+FD0jsMdmM7DRmRO0uc
wjt5Hus7hArXO3JKtzs3dWw7PTmxO0SemztKt2Q62KAEPKNOsDuIs/M7Bai+O1LsNDs47eQ7
WmvoO1TtTTtIuK87tam3O6zA3Duz3Lg7klrCO3kP6zqk49w7ACr2O7NZsDvMets73shYO+s3
JDtYbAA8b2IFPD0o3TuEAxo8+wGeOxSGdjtmsZ47ry2LO10KATwndPU7puWJO0GyqztljeI7
5q2DO3R9zDsgObI7aTECPNgJ5juIZTU7MePFOwJyRzs/r+w7PVuxO1B4hzthJN87ZdVmO9r6
+jsHJ+M7oj/rO2snDzwzBtg7QWrDO/q36Tsqmak7WYmpOwjWBDzkxrg7vIYEPJglHTvIYh87
NeEoPD5v0ztU91Q7DyCIO99uaTvWlcs7lJcBPEg5ozvOEno77IXZOxwhFjxVEnw7+rfnOwoR
lTtJU4s73FlCPOZPyDuANZY79T8YPMVgxjsEKO47/QmjO8BvBzsD2wY8LCbzO2i5YTtmNfE7
+RsOPGrVyjurwno7aeUBPBwd5zuJ0P47Bu6SO9xdtTutpKs7E4d7O5dDjzuXPSs8lQ/SOxrG
2zutZ1c7JaB9O7Jh1Du2hMw7izCDO37SzzsY2gM8aqm+O3H9WTtySAs8LA8NPN+6ZzsvpPY7
2w1+O9EXyDsV5447zKPkO6P0qTs55vk7V+2wO9gcujtNycg7aKoAPC85vztx6jE7GxmyO5l6
0TviduQ799UoPLox5Dsl8LI7GDIrPE+rEzxKe6c7XdbVOyXU9jsBFNQ6DL8PPBus5DvyO7E7
q/ijO3LbZjttOEY7mZnfO/1+ATtcK5A76g3aO95uiDtYb/A6ToMHO30sFzzxYBY8uSTnO6Kt
ajsdKNc79EOrO0F/mzvbzhI8Tta3OwTbxDrOIuk7ILHNO6bwyDvdP8c709qpOxXxDTxF94Y7
70ebO5vjozvQmN07SJ+cO5B3izup6gU8dYm5O3iG1juJAu87z0+cO/cBzDuipME7UubwOxZq
ITxCdNU76r0kO573BjwEn6Y7ACHJO4iihTs7hPk7HGU0O0/HSTviGLM724wbO4rI+TvyYpw7
gyDeO94gPDzTQD87xn24OwjnhzsUq5U7E0ARPDGSuDtpw9k717kFPFRQTjttsJQ7PrjGO/qZ
4jtbgcQ7+HjkO9z4sztemSs87IABPKzXBDvKCZg79ErBOzJD4ztckLc7lAEUPM0S5Dumx6o7
BszbO0Mfcjram5c7Z/tXO7C4ijtBFwI8vQi+OzxO2DsvOhQ8</AssayYData></Step><Step><CommonData><SampleLocation>2</SampleLocation><SampleID>10mM Glycine pH1.7</SampleID><SampleGroup></SampleGroup><SampleInfo>or other Regeneration solution</SampleInfo><SampleRow>H</SampleRow><SamplePlate>1</SamplePlate><WellType>REGENERATION</WellType><Concentration>-1</Concentration><ConcentrationUnits>µg/ml</ConcentrationUnits><MolarConcentration>-1</MolarConcentration><MolarConcUnits>nM</MolarConcUnits><MolecularWeight>-1</MolecularWeight><Temperature>30.1</Temperature><StartTime>207730</StartTime><AssayTime>20</AssayTime></CommonData><FlowRate>1000</FlowRate><StepType>CUSTOM</StepType><StepName>condition</StepName><StepStatus>OK</StepStatus><ActualTime>19.999</ActualTime><CycleTime>0.2</CycleTime><AssayXData Points="100">AAA0QzMzNENmZjRDmpk0Q83MNEMAADVDMzM1Q2ZmNUNYmTVDi8w1Q77/NUPyMjZDf2o2Q5qZ
NkPNzDZDvv82Q/IyN0NmZjdDWJk3Q83MN0MAADhD8jI4Q2ZmOEOamThDzcw4Q77/OEPyMjlD
ZmY5Q5qZOUPNzDlDvv85Q/IyOkNmZjpDmpk6Q4vMOkO+/zpD8jI7Q2ZmO0OamTtDi8w7Q5YD
PEPyMjxDJWY8Q1iZPEPNzDxDAAA9Q/IyPUNmZj1DHZo9Q83MPUO+/z1D8jI+QyVmPkNYmT5D
i8w+Q77/PkPyMj9DJWY/Q5qZP0PNzD9Dvv8/Q/IyQEMlZkBDWJlAQ4vMQEMAAEFD8jJBQyVm
QUNYmUFDi8xBQ77/QUMzM0JDJWZCQ1iZQkOLzEJDvv9CQzMzQ0MlZkNDWJlDQyHQQ0O+/0ND
8jJEQyVmRENYmURDi8xEQ77/REPyMkVDqGZFQ1iZRUOLzEVDvv9FQzMzRkNmZkZDWJlGQ83M
RkO+/0ZDBDZHQ2ZmR0OamUdDi8xHQw==</AssayXData><AssayYData Points="100">aFpavo+oIL7HGgm+bFLgvYkYzL2AMcC95lbLvRKYyr03y9G96x3evZ1a3r3Old29VTPwvXJP
6b2y3Pe9p4/2vQBZAL5vawS+D2UEvqBnBL7Jzwa+sHsJvk6lC76GOQu+n0ITvoA1E77irRO+
FMsVvtA0Fb7oDBq+sJwavomgF75o+Ry+ljYbvmRwG744fx2+NfcfvkfPJL6/MyG+67YgvtMS
Jb4AKie+ZqQnvo59Lb7p/ye+Cm8rvsZFKr7K0Sm+iGUtvpICMr5pMS++lxo2vmVCLb5dvjO+
qWkxvqIaNb6A0Ta+nt01voXVNb4WJjq+CSg5vvE9Nr6o+Di+iAM8vofBOb7kZDu+AMg8vrF2
Or7GTj2+/to/vrKBPr4oXEG+78NBvqqBPL7X4UG+YvBAvimlQ775dEW+in5AvjOERr7GrEm+
TS9DvkWnRr7j7ky+wcRHvnZBSL7Af0u+bVBKvof4Sr5Rt0u+FaNNvs8rTr7El06+KaJOvoxm
Ub5r/1C+69lNvlFsTL7N/FC+c0lPvg==</AssayYData></Step><Step><CommonData><SampleLocation>1</SampleLocation><SampleID>Running Buffer</SampleID><SampleGroup></SampleGroup><SampleInfo></SampleInfo><SampleRow>H</SampleRow><SamplePlate>1</SamplePlate><WellType>BUFFER</WellType><Concentration>-1</Concentration><ConcentrationUnits>µg/ml</ConcentrationUnits><MolarConcentration>-1</MolarConcentration><MolarConcUnits>nM</MolarConcUnits><MolecularWeight>-1</MolecularWeight><Temperature>30</Temperature><StartTime>233413</StartTime><AssayTime>20</AssayTime></CommonData><FlowRate>1000</FlowRate><StepType>CUSTOM</StepType><StepName>condition</StepName><StepStatus>OK</StepStatus><ActualTime>20</ActualTime><CycleTime>0.2</CycleTime><AssayXData Points="100">vv9HQ/EySEPjZUhDWJlIQ4vMSEO+/0hDsDJJQyRmSUNYmUlDi8xJQ77/SUOwMkpDK2dKQxaZ
SkOLzEpDfP9KQ/EyS0MkZktDWJlLQ4vMS0N8/0tD8TJMQ+NlTEMWmUxDi8xMQ77/TEOwMk1D
JGZNQxaZTUOLzE1Dvv9NQ/EyTkMkZk5DFplOQ4vMTkO+/05D8TJPQyRmT0MWmU9DDs1PQ3z/
T0OwMlBDJGZQQ1iZUEOLzFBDfP9QQ7AyUUMrZ1FDFplRQ4vMUUN8/1FDsDJSQzFoUkNYmVJD
ScxSQ3z/UkPxMlNDJGZTQxaZU0NJzFNDvv9TQ7AyVEPjZVRDWJlUQ0nMVEOPAlVDsDJVQ+Nl
VUMWmVVDScxVQ3z/VUOwMlZD42VWQxaZVkOLzFZDfP9WQ7AyV0PjZVdDWJlXQ0nMV0N8/1dD
8TJYQyRmWEMWmVhDScxYQ3z/WEOANVlD42VZQxaZWUNJzFlDfP9ZQ7AyWkPjZVpDWJlaQ0nM
WkN8/1pDMzNbQ+NlW0MWmVtDi8xbQw==</AssayXData><AssayYData Points="100">TpkivcuKmr0TwqK9wQO2vbYnvr1e/b+9Np+5vVLHub2liba9Fp+rvYzzqr1FX6O9O92mvbzG
m70TkqC9NZOevbTfl700d5e9OD2WvYifkr2cmZy9WQ6Wvai2kr0K3Im97hSKva3Kfb3D+oy9
EcSKvQhfib0BRI29qRuGvdUahr1jwIW9l5OCvWiRgr1uPnS9q3iFvX7Ngr1pjHq9BRGDvbJk
gb2lG4C9p0xwvWPsa73hp3S9qpZeveLghb1k/XK9+St+vd+Idb0e5YC9QAdxvYkjcb3O8WK9
nqRvvbirdL0YSXC98Xlqve6Bcr0yd1y9SbtnvQnjXr0pTmi9A+tevbOoa72s8GC9QuZbvXWq
T73H+Gu92LZYvUDNV70mv2C9GEhUvcOjW73uYl69qXBbvYiMX71X1li9fA1ZvYNeYL1d1FC9
WjVVvZE+Vb3AvlK9liFXvQSaTb0i0Ey9EZVJvXpvQ72fdkq9pXxOvfQwUL2I01y9FexLvf8l
Sr3JZky9mW5hvcwdO73bd0W9j3RIvQ==</AssayYData></Step><Step><CommonData><SampleLocation>2</SampleLocation><SampleID>10mM Glycine pH1.7</SampleID><SampleGroup></SampleGroup><SampleInfo>or other Regeneration solution</SampleInfo><SampleRow>H</SampleRow><SamplePlate>1</SamplePlate><WellType>REGENERATION</WellType><Concentration>-1</Concentration><ConcentrationUnits>µg/ml</ConcentrationUnits><MolarConcentration>-1</MolarConcentration><MolarConcUnits>nM</MolarConcUnits><MolecularWeight>-1</MolecularWeight><Temperature>30</Temperature><StartTime>259075</StartTime><AssayTime>20</AssayTime></CommonData><FlowRate>1000</FlowRate><StepType>CUSTOM</StepType><StepName>condition</StepName><StepStatus>OK</StepStatus><ActualTime>19.999</ActualTime><CycleTime>0.2</CycleTime><AssayXData Points="100">v/9bQ/IyXEMlZlxDWZlcQ4zMXEO//1xD8jJdQyVmXUNZmV1DjMxdQ7//XUPyMl5DJWZeQ1mZ
XkNKzF5Dv/9eQ/IyX0MlZl9DWZlfQ0rMX0MBAGBDsTJgQ+RlYENZmWBDjMxgQ7//YEPyMmFD
JWZhQ1mZYUOMzGFDff9hQ/IyYkPkZWJDWZliQ4zMYkN9/2JDsTJjQ+RlY0NZmWNDjMxjQ7//
Y0OxMmRDJWZkQxeZZENKzGRDff9kQ/IyZUMlZmVDF5llQ0rMZUN9/2VD8jJmQ+RlZkMXmWZD
jMxmQ33/ZkPyMmdD5GVnQxeZZ0Mbz2dDff9nQ7EyaEPkZWhDF5loQ4zMaEO//2hDsTJpQ+Rl
aUMXmWlDjMxpQ7//aUPyMmpDJWZqQxeZakNKzGpDff9qQ/Iya0PkZWtDF5lrQ0rMa0N9/2tD
sTJsQ+RlbEMXmWxDSsxsQ7//bEPyMm1D5GVtQxeZbUNKzG1Dff9tQ7EybkPkZW5DF5luQ0rM
bkO//25DsTJvQ+Rlb0NZmW9DSsxvQw==</AssayXData><AssayYData Points="100">9wWFvuu/U76BAS++tPAevlINEr4W1BC+9iMPvnZPDr7lKxO+R/cSvp6qGL42jBy+ZmsavvP5
Hr6i8x6+I5cgvheqJL49qie++EcnvnT1Jr4G2yq+WtUovvkPL76szi++9R0rvuODMb6nUjK+
d+0zvkD/NL7WQzi+k4s4vlRxOL7+Czm+s+c8vgmgOb5KqD2+qWI+vgEsPr7kvT++LuNCvqd7
Pr7ZJ0O+rrRCvtIFRb76FEW+PM1Fviu5Q76lnkS+WkNHviTYRb49BEm+pcBJvoo4SL4+Pki+
klVMvsi+TL7NJk2+3x9Qvo84UL5op02+xRhOvoJoT76XulG+/ZNPviqDU77KqVK+bkhVvouD
VL4IRlO+SctVvocZVr4c61i+njVXvoPyVr4islO++ZZZvmyFVr5qoVm+G6tYvjM/WL7ncFy+
sypZvhF/Yr5JDVi+DS5dvkiWYL6ibV++kg1YvqBVXr4eImK+jIJevrVgYr4c32K+FvtgvgSh
Yr4pC1++/+xkviq1YL4hHGW+RExhvg==</AssayYData></Step><Step><CommonData><SampleLocation>1</SampleLocation><SampleID>Running Buffer</SampleID><SampleGroup></SampleGroup><SampleInfo></SampleInfo><SampleRow>H</SampleRow><SamplePlate>1</SamplePlate><WellType>BUFFER</WellType><Concentration>-1</Concentration><ConcentrationUnits>µg/ml</ConcentrationUnits><MolarConcentration>-1</MolarConcentration><MolarConcUnits>nM</MolarConcUnits><MolecularWeight>-1</MolecularWeight><Temperature>30</Temperature><StartTime>284742</StartTime><AssayTime>20</AssayTime></CommonData><FlowRate>1000</FlowRate><StepType>CUSTOM</StepType><StepName>condition</StepName><StepStatus>OK</StepStatus><ActualTime>20</ActualTime><CycleTime>0.2</CycleTime><AssayXData Points="100">ff9vQ7AycEOiZXBDF5lwQwjMcEM7/3BDbzJxQ6JlcUPVmHFDSsxxQ33/cUOwMnJD42VyQ9WY
ckMIzHJDO/9yQ7Ayc0OiZXNDF5lzQ0rMc0N9/3NDsDJ0Q+NldEMXmXRDCMx0Qzv/dENvMnVD
42V1Q9WYdUMIzHVDff91Q28ydkPjZXZD1Zh2Q0rMdkN9/3ZDbzJ3Q6Jld0PVmHdDSsx3Q33/
d0OwMnhDomV4Q1iZeEMIzHhDO/94Q28yeUOiZXlD1Zh5QwjMeUM7/3lDsDJ6Q6JlekPVmHpD
CMx6Qzv/ekNvMntDomV7Q9WYe0NKzHtDO/97Q28yfEOiZXxD1Zh8QwjMfEM7/3xDsDJ9Q6Jl
fUPVmH1DCMx9Qzv/fUOwMn5DomV+Q9WYfkMIzH5DO/9+Q28yf0PjZX9DF5l/Q0rMf0M7/39D
WBmAQ/EygEOLTIBDJGaAQ75/gENYmYBD8bKAQ4vMgEMk5oBDvv+AQ1gZgUPxMoFDakyBQyRm
gUO+f4FDWJmBQ/GygUOLzIFDJOaBQw==</AssayXData><AssayYData Points="100">MFkovQj2nb1qyLG9faK7vWnbvL3ynce9ynm+vTcTxr1lgMK91hHAvbaGsr2SEbq9vTC1vXbP
sr0zEKi9i4ysvUw1sL1ac6W9fFysvZ+Oob1GRKe9ntaovQ0Vor0obJu9oeWavbcNoL1MJJy9
cieavUa9lr1JZ5S9fAKevT0znb0YF5S9V1uRvayrlL3AbJe9y0mMvaHZj70PspC980ySvaXy
jr2kroq9ftyPvWZPi7186o29stOIvQFikL2jXoi9fQCRva5gkb1RioW9twyLvTJuib0VC4q9
GlWFvcyXgr0ocYG9IE6FvWsrg719UoO9yNqBvQyRhL3mhnm9oS92vYVqer1ExoG9LuODvdQ5
gL16Noa9eBGBvYvqe73PN4e9rgGCvZ3Yf71LAX29PAmBvQtfdL35LG+99AeDvQLTgL3R0nm9
9eBqvdS3eb0KyWi9tmF5vZH8c73giXS9MgJxvdmGdr2FOXW9smJrvdqEfr1Exmu97p92vUYo
bL1UJXW9SzlxvT0EbL133nS9GZFyvQ==</AssayYData></Step><Step><CommonData><SampleLocation>2</SampleLocation><SampleID>10mM Glycine pH1.7</SampleID><SampleGroup></SampleGroup><SampleInfo>or other Regeneration solution</SampleInfo><SampleRow>H</SampleRow><SamplePlate>1</SamplePlate><WellType>REGENERATION</WellType><Concentration>-1</Concentration><ConcentrationUnits>µg/ml</ConcentrationUnits><MolarConcentration>-1</MolarConcentration><MolarConcUnits>nM</MolarConcUnits><MolecularWeight>-1</MolecularWeight><Temperature>30</Temperature><StartTime>310554</StartTime><AssayTime>20</AssayTime></CommonData><FlowRate>1000</FlowRate><StepType>CUSTOM</StepType><StepName>condition</StepName><StepStatus>OK</StepStatus><ActualTime>19.998</ActualTime><CycleTime>0.2</CycleTime><AssayXData Points="100">3/+BQ1gZgkPxMoJDi0yCQwRmgkO+f4JDWJmCQ/GygkNqzIJDJOaCQ77/gkOZGYND8TKDQ2pM
g0MkZoNDnX+DQzeZg0PxsoNDasyDQwTmg0O+/4NDNxmEQ/EyhEOLTIRDJGaEQ51/hENYmYRD
8bKEQ+3MhEME5oRDnf+EQzcZhUPxMoVDi0yFQwRmhUOdf4VDWJmFQ/GyhUNqzIVDBOaFQ77/
hUM3GYZD0DKGQ4tMhkNFZoZDnX+GQzeZhkPxsoZDasyGQwTmhkOd/4ZDNxmHQ9Ayh0NqTIdD
BGaHQ51/h0NYmYdD0LKHQ4vMh0ME5odDnf+HQzcZiEPQMohDi0yIQwRmiEO+f4hDN5mIQzOz
iENqzIhDJOaIQ77/iEM3GYlD0DKJQ2pMiUMEZolDnX+JQzeZiUPQsolDi8yJQwTmiUOd/4lD
NxmKQ9AyikNqTIpDBGaKQ51/ikM3mYpD8bKKQ2rMikME5opDnf+KQzcZi0PQMotDakyLQwRm
i0Odf4tDWJmLQ/Gyi0PSzYtDBOaLQw==</AssayXData><AssayYData Points="100">isaNvr5LYb6220K+ROwuvqauJL5rByO+EJ0hvoNjJ77soye+aIEqvkSMLb6V/Su+kq8vvnl9
ML40wDG+ZDk0vjSIOb47/ji+fVo7vqg3O77sgzu+1+NBvmzqPr7xR0K+rTA+vsfrR74DvEe+
bv9Fvo1pR75HpUm+nQVJvoaKTL4lkky+kLtLvhR9TL7hAU2+e6VOvvcITL4vTky+UvNNvgjT
UL7Y0lW+wBNWvlyvUr5eGVG+uw9Uvn0YV75Rdle+kF1avniUWL5JNFu+BQZcvnnLWr6Mz1m+
0xJevqTtWb4hRVu+o25bvrIIXb5FKV2++mlfvuOHYL6a52C+HjJhvknvXr5QxGK+tXJmvjoh
YL69lWG+Mj9jvidrZb7fS2O+jfVnvp3zaL4nw2i+nI1kvldSZ75n1mi+0udmvgMNaL60dmi+
YzNpvipyar77B2m+W/Bqvtagbb4PD22+8hJqvphDa76u8W++34NvvtCGbb4MzXK+2X9tvqV3
b74d3G++PPRuvgkrdL6TLXK+UNR0vg==</AssayYData></Step><Step><CommonData><SampleLocation>1</SampleLocation><SampleID>Running Buffer</SampleID><SampleGroup></SampleGroup><SampleInfo></SampleInfo><SampleRow>H</SampleRow><SamplePlate>1</SamplePlate><WellType>BUFFER</WellType><Concentration>-1</Concentration><ConcentrationUnits>µg/ml</ConcentrationUnits><MolarConcentration>-1</MolarConcentration><MolarConcUnits>nM</MolarConcUnits><MolecularWeight>-1</MolecularWeight><Temperature>30</Temperature><StartTime>336358</StartTime><AssayTime>20</AssayTime></CommonData><FlowRate>1000</FlowRate><StepType>CUSTOM</StepType><StepName>condition</StepName><StepStatus>OK</StepStatus><ActualTime>20</ActualTime><CycleTime>0.2</CycleTime><AssayXData Points="100">nv+LQxcZjEOwMoxDSkyMQwRmjEOef4xDF5mMQ7CyjENKzIxD5OWMQ33/jEM4GY1DsDKNQ1BN
jUMEZo1Dnn+NQxeZjUOwso1Da8yNQ+TljUOe/41DOBmOQ9EyjkNKTI5D5GWOQ31/jkM4mY5D
sLKOQ2vMjkME5o5Dff+OQxcZj0OwMo9Da0yPQ+Rlj0N9f49DOJmPQ9Gyj0NrzI9DBOaPQ57/
j0M4GZBDNDOQQ2tMkEMEZpBDv3+QQziZkEP+tJBDa8yQQwTmkEOe/5BDOBmRQ9EykUNrTJFD
BGaRQ55/kUM4mZFD0bKRQ2vMkUME5pFDnv+RQzgZkkPRMpJDa0ySQ+RlkkOef5JDOJmSQ9Gy
kkNrzJJDBOaSQ57/kkMXGZND0TKTQ0pMk0MEZpNDnn+TQziZk0PRspNDv8+TQwTmk0N9/5ND
OBmUQ9EylENrTJRD5GWUQ55/lEMXmZRD0bKUQ2vMlEPk5ZRDnv+UQ7sZlUPRMpVDa0yVQwRm
lUOef5VDOJmVQ9GylUNKzJVDBOaVQw==</AssayXData><AssayYData Points="100">ELqGvVyfw72dc8a9uKzUveae172A98+9ntTNvVq7x73kAcm9gKHJvRO+wb2Xd8C9Npi+vXBF
ub1TlLy92I+1vb+Du70Dea69CqizvZPht70R5bG9qNitvQL+pr2DKaS95PCsvbLdqb0Ps6e9
gk2mvVQZob2n0p29u6+mvUG+mb2GZ5u9r9ycvfSdl73vfpq9szyevRvnm737Gpy9g/ibvUU9
mr17EpW9/aKTve6om70JLpW9ekSWvardlr2L7429/ZiWvTt8jb1T1ZG9l4mQva5tkL2ZLZK9
vv+RvfTEmL04DJC96nSVvfLnjL3BnYu9OxeNvXNijr00T4+94LiKvUKLir06pZC9yAqIvWsw
jL3gVYu9rX2LvbyAir2lRIu9U5iOvXVgjL2Ljoa9zUiKvfeBjL0MIIm9kGqDvTyThb30WIa9
0hyHvW+BkL1UvIe9Fc+GvdfhgL38yYm9Vb6DvVyWgL079oO9mY+EvQ7ThL0mVYe9o+qFvQEI
gb0HaYS9blmHvZ4Rhb1jZIK97QqAvQ==</AssayYData></Step><Step><CommonData><SampleLocation>3</SampleLocation><SampleID>Running Buffer</SampleID><SampleGroup></SampleGroup><SampleInfo></SampleInfo><SampleRow>H</SampleRow><SamplePlate>1</SamplePlate><WellType>BUFFER</WellType><Concentration>-1</Concentration><ConcentrationUnits>µg/ml</ConcentrationUnits><MolarConcentration>-1</MolarConcentration><MolarConcUnits>nM</MolarConcUnits><MolecularWeight>-1</MolecularWeight><Temperature>30</Temperature><StartTime>362533</StartTime><AssayTime>120</AssayTime></CommonData><FlowRate>1000</FlowRate><StepType>BASELINE</StepType><StepName>Baseline 120</StepName><StepStatus>OK</StepStatus><ActualTime>120</ActualTime><CycleTime>0.2</CycleTime><AssayXData Points="600">nv+VQxcZlkOwMpZDa0yWQwRmlkN9f5ZDF5mWQ9GylkNKzJZD5OWWQ33/lkM4GZdD0TKXQ0pM
l0PkZZdDnn+XQziZl0OwspdDSsyXQ+Tll0N9/5dDFxmYQ7AymENKTJhD5GWYQ55/mEMXmZhD
sLKYQ2vMmEPk5ZhDff+YQzgZmUOwMplDSkyZQ+RlmUN9f5lDF5mZQ7CymUNKzJlD5OWZQ33/
mUMXGZpDsDKaQ0pMmkMEZppDfX+aQxeZmkOwsppDa8yaQyXmmkN9/5pDOBmbQ7Aym0NrTJtD
JWabQ55/m0M4mZtD0bKbQ2vMm0ME5ptDnv+bQzgZnEPRMpxDa0ycQwRmnEOef5xDOJmcQ/Ky
nENrzJxDBOacQ57/nEM4GZ1DsDKdQ2tMnUMEZp1Dnn+dQziZnUPRsp1Da8ydQwTmnUOe/51D
FxmeQ9EynkNrTJ5DBGaeQ55/nkM4mZ5D0bKeQ2vMnkME5p5Dff+eQxcZn0PRMp9Da0yfQ+Rl
n0Oef59DOJmfQ9Gyn0NrzJ9DBOafQ57/n0MXGaBD0TKgQ0pMoEPkZaBDnn+gQx2aoEPRsqBD
a8ygQwTmoEOe/6BDOBmhQ7AyoUNrTKFDBGahQ55/oUM4maFDsLKhQ2vMoUPk5aFDff+hQxcZ
okOwMqJDa0yiQwRmokN9f6JDF5miQ9GyokNrzKJD5OWiQ33/okM4GaNDsDKjQ0pMo0PkZaND
nn+jQziZo0PRsqNDa8yjQwTmo0Oe/6NDFxmkQ7AypENrTKRDBGakQ31/pEMXmaRDsLKkQ0rM
pEPk5aRDff+kQxcZpUPRMqVDSkylQ+RlpUN9f6VDOJmlQ7CypUNKzKVD5OWlQ33/pUM4GaZD
0TKmQ0pMpkPkZaZDnn+mQxeZpkOwsqZDSsymQ+TlpkOe/6ZDFxmnQ7Ayp0NKTKdD5GWnQ31/
p0M4madD0bKnQ0rMp0Pk5adDff+nQxcZqEOwMqhDSkyoQ+RlqEN9f6hDOJmoQ7CyqENKzKhD
5OWoQ33/qEM4GalDsDKpQ0pMqUMEZqlDnn+pQziZqUPRsqlDa8ypQwTmqUOe/6lDOBmqQ9Ey
qkNrTKpDBGaqQ55/qkM4mapD0bKqQ2vMqkME5qpDnv+qQzgZq0OwMqtDa0yrQwRmq0Oef6tD
OJmrQ9Gyq0NrzKtD5OWrQ57/q0N5GaxD0TKsQ2tMrEMEZqxDfX+sQziZrEPRsqxDSsysQwTm
rEOe/6xDFxmtQ9EyrUNrTK1DBGatQ55/rUM4ma1DsLKtQ2vMrUME5q1Dff+tQxcZrkPRMq5D
SkyuQwRmrkN9f65DOJmuQ7CyrkNrzK5D5OWuQ33/rkMXGa9DsDKvQ2tMr0MEZq9DfX+vQziZ
r0PRsq9DSsyvQwTmr0Oe/69DFxmwQ9EysENKTLBD5GWwQ31/sEMXmbBD0bKwQ2vMsEME5rBD
nv+wQxcZsUPRMrFDa0yxQ+RlsUN9f7FDF5mxQ9GysUNrzLFDBOaxQ33/sUM4GbJDsDKyQ0pM
skPkZbJDfX+yQxeZskOwsrJDSsyyQ+TlskN9/7JDOBmzQ7Ays0NrTLND5GWzQ31/s0M4mbND
sLKzQ0rMs0Pk5bNDff+zQzgZtEPRMrRDa0y0Q+RltEN9f7RDOJm0Q9GytENKzLRD5OW0Q33/
tEMXGbVD0TK1Q2tMtUPkZbVDnn+1QxeZtUOwsrVDSsy1Q+TltUN9/7VDFxm2Q7AytkNKTLZD
BGa2Q31/tkMXmbZDsLK2Q2vMtkPk5bZDIQC3QxcZt0OwMrdDa0y3QwRmt0N9f7dDOJm3Q9Gy
t0NrzLdDBOa3Q57/t0M4GbhD0TK4Q2tMuEMEZrhDnn+4QziZuEPRsrhDa8y4QwTmuEOe/7hD
OBm5Q9EyuUNKTLlDBGa5Q55/uUM4mblDsLK5Q2vMuUME5rlDnv+5QzgZukPRMrpDa0y6QwRm
ukOef7pDOJm6Q9GyukNrzLpD5OW6Q33/ukM4GbtD0TK7Q2tMu0MEZrtDnn+7QziZu0OwsrtD
a8y7Q+Tlu0Oe/7tDOBm8Q7AyvENrTLxDBGa8Q55/vEMXmbxDsLK8Q0rMvEME5rxDff+8QzgZ
vUOwMr1Da0y9QwRmvUN9f71DOJm9Q7CyvUNrzL1D5OW9Q33/vUM4Gb5D0TK+Q0pMvkPkZb5D
nn++QziZvkPRsr5DSsy+QwTmvkOe/75DOBm/Q7Ayv0NrTL9DBGa/Q6SAv0MXmb9DsLK/Q2vM
v0ME5r9Dnv+/QxcZwEOwMsBDa0zAQ+RlwEN9f8BDF5nAQ9GywENKzMBD5OXAQ33/wEM4GcFD
0TLBQ0pMwUPkZcFDnn/BQziZwUOwssFDSszBQwTmwUN9/8FDOBnCQ7AywkNrTMJDBGbCQ31/
wkM4mcJD0bLCQ0rMwkPk5cJDnv/CQxcZw0OwMsNDSkzDQ+Rlw0N9f8NDF5nDQ7Cyw0NKzMND
5OXDQ33/w0MXGcRDsDLEQ0pMxEPkZcRDnn/EQxeZxEOwssRDa8zEQ+TlxEN9/8RDFxnFQ7Ay
xUNKTMVD5GXFQ31/xUMXmcVD0bLFQ4zMxUME5sVDnv/FQzgZxkPRMsZDa0zGQwRmxkOef8ZD
OJnGQ9GyxkNrzMZDBObGQ57/xkM4GcdD0TLHQ/pOx0MEZsdDfX/HQziZx0PRssdDa8zHQwTm
x0Oe/8dDOBnIQ9EyyENrTMhDBGbIQ55/yEM4mchD0bLIQ2vMyEME5shDnv/IQzgZyUPRMslD
SkzJQwRmyUN9f8lDOJnJQ9GyyUNrzMlDBObJQ57/yUM4GcpD0TLKQ2tMykMEZspDnn/KQxeZ
ykPRsspDa8zKQ+TlykN9/8pDFxnLQ9Eyy0NKTMtDBGbLQ55/y0M4mctD0bLLQ0rMy0ME5stD
nv/LQzgZzEOwMsxD7kzMQwRmzEOef8xDOJnMQ7CyzENrzMxD5OXMQ57/zEM4Gc1D0TLNQ0pM
zUPkZc1DfX/NQziZzUPRss1Da8zNQwTmzUN9/81DFxnOQ7AyzkNKTM5D5GXOQ31/zkMXmc5D
E7POQ0rMzkPk5c5Dnv/OQxcZz0OwMs9DSkzPQ2dmz0Oef89DF5nPQ7Cyz0NKzM9D5OXPQ33/
z0MXGdBDsDLQQ2tM0EMEZtBDfX/QQxeZ0EPystBDa8zQQ+Tl0EPg/9BDFxnRQ9Ey0UNKTNFD
5GXRQ31/0UMXmdFD0bLRQ0rM0UME5tFD</AssayXData><AssayYData Points="600">LHGQvWoDi73i7Yy9wDKJvau9hL2X/Iu9elKJvWhthb2R0Iq9bJJ4vVEfhL0ueoS9fduFvQsH
g72FfYK9keCDvSjrhr1j8IC9qXV/vSG1gb0vDoS966VsvYBfgL3R13W9gOJtvViLgb3T3oK9
OoGAvUCjgL0Jzne91496vfzOdb3ZY3y9e5p3vbPBf72Po3O9Sah8vW2ub714VIe93lqAvVhZ
f70r6Xm9sVF6vdx1g71ianO9lH5/vb6tgb05enq93pl6vc+scL2EJX+9miZlvWyJeb2edXu9
4eVjveNJd72RhoG9wsp7vSnjcL0ET3e9Ce93vcxbdb3ET3S9xcJ6vRMPfL07Pny9eOhjvT/m
a73DNnG9NJdvvUGKcr20gXi98zR0vVE9cb2wsHe9Wcd9vbZcar3edXC9ToRpvQaGcL0TfHq9
CJBrvYWfX70N14G92jV0vRXFdb36jWW9ZspuvcoFdb0+KWS9Sj5vvfWIcr0g61292KJvvV6y
bb3ODWy920Z+vXq/eL1UH2G93oB0vWH8Zr3Wz2m9IYtnvazWXL1Ns2e9IHhwvXOzbb2Ih2m9
+rRfvSE7YL0lwXG941VgvY0QZr2jGmq9UmpovYmXar2HamO9RnJmvY3xYL0Eh3K9361tvYTh
br0xu2i9shNkvYweXr3LwW29aoNdvcsybb03a3G9xZlkvdBzcb02xFW9/S1ivZ0xW72YMWq9
qe56vVUBYb1byGS9q9VtvT0yab0FTVm9c5Jfvd8sZL0fFWO9gQxhvT/Ca72YYla9VWZevY2l
X736fnG9MCxavWFLa70y11K9gZJivbLYbL3AM2K9Rj9kvXvmWL0enmm9JnNavQ5QYL08Ele9
eb9rvdwmZr3CAVq9fSFbvQxSYb0apmW92n9evc3KUL0fXWq9b4JYvQ2KWb3brWm9N81avXQA
Zb0x+Wm9/nlmvfAwXL1LNE+9y8ZmvdYhbL1ZXEi9qupgvZxOXL1u1l+9YjlXvQFPXr0YjlG9
EUNNvcIHYL15Ulm9V0hYvenrYL1c6169yjFVvUKiVb2I41G9chhhveguc71A3FO90SJgvcrL
VL1DEE+9p+RSvYxlSr3NRlC9SONOvZXDWL2oDli9A5xSvfFST72Melm9aB1TvfMCVb2C6Ve9
cC9evVFkU711cVC9R41avdCqUr08zlW9HQVWvU9BXL0jf1S9WntdvY4kRb2Ywlm9EnpWvVFm
Xr2KFVG9qOpIvRfXV70wule9n6ZSvUXkTL3CTlu9EplUvXOVWr28ZFW9TGFSvVQbZ73mm1e9
P7NeveI6Wr0M+0W9d8lUvf3pT73sK0u9n1tjva6+T72g2VO9kKFWvedrVL0nq069DBdRveLd
SL2psla90pNYvS3nUb0/r1W9OdZZvc55R706CE69JiRZvQMlUr02bVy98vhRvW5WV72DJlG9
9xZgvcHuVr0bVkO9a7s8vVP9S71hA0q9MRlNvQuvRb1cHVy9zdhTvcj+Ub2KS1G9vqlOvUKP
RL1bbkS9ng5TvSmET70Gtk69bOVMvdLQRL1F21K96MBMvRDXSL3CYlO9KlI/vVRSU72poDy9
EsFTvaV3Qr1bJlm96KxevfbTX73RFFC95X5GvW1ZUb32jEO9tcFOvTU2XL2dKFC9NclQvTE9
Ur02+z69sapQvfJlUr08iFO9l9BDvejJTr3hSVG9o7xIvSB/Wr1dJ0O9JOhRveElSL1bjE29
VAJQva3AR72XPE+9tkNIvVsrOr2QGFO9yehMvY6/P70A+VO9ga9DvdtWTr3IskS9A6w/vXZG
Tr2HKjq9rmNAvWJsUb3mVEW97UlOvYU5Tr1XWkG9vgVUvcXaTL10kDu9Iz43vW10R70Oqj29
9C5AvdL+P73Aw1G9szBMvbj8QL0rp0i9YvdLvfHETb0+EES9cA08vfMpQ71L7D29cupHvZtK
RL0LWky99Vs6vVNeUL22bDq92KxKvZ5MPr3u00K9LRFAvfwfO73PCFq9CkNNvVXKUL0A9jm9
GqtKvYexRL13ZEu9VI5EvYY5Rr3FDkW9kpc8vfgjRb3mQ0O9yPlEvaPRO712aU+9Xx1BvSJb
Nr2fo029zE9LvfIHUb0SUky9h5U1vfE7QL028S69q0tDvSleRr2dZky9wcY4vXthPr2AxDi9
k7JJvazEPb1uojm97/g8vRPNOr0xJDS92lFPvQ4kTb3W1Em9WEI9veaDVL3Wlzu97Mg+vYpp
Or398EC95KVEvbsdSL1flk+9LXE+vQr0Q71LXTK9g300vbQRNr3llTq94dlEvXI6RL2uNzq9
Of1HvU0ERr1srDq9ffc7vU2kNb13zze91R08vdnUL70l3za9DnI5vYZrQL3/mEm9roRFvaur
NL1usE29fIcvvXOnPb2Xo0C9sJpNvTQIP707qDi9kf5FvUHmSL038UG9/R85vVMfOL3zAji9
9W00vRZ6Pb04zTG9NEUxvR+gMr24YUq9E+Q8vUBpPr3vFka9uqhJvRiiOL3PzkG9IQEwvd2C
Sr26PzK9g5c3vcY9SL1CJkO97D4/va0UML1+AUG9vW05vY7sOr3cFDu9pC1DvTmMLr1Xmzm9
lqpFvSbuOb0Rt0a9nJNAvdQWQr3PASa9mQdHvVr9N71tlTe9Ey8/vXxaOL1vrTa9DJAsvZzK
Pb1oTEK9DyA/vd5cML0ASyu9zWlAvf4tRL0RFS69udE2vc5AO73ZaUG9qus9vbggNL01PzW9
1UFEvQO+Nb3EYSi95OkzvVvJM722/0C9rZ1EvXw9SL2aDCe9VQExvXisRb0f9Da9L+E+vVXw
Nb1iazq9m+09vZhmOL3KEjC93S8zvVOSLr2+6jK9JaY5vVQMM73DsD69+oYsvdOLQb070T+9
5LA6vQytMb2z+z29rjU2vUCVJb2wOjW9fPgyvY5yOr0cnjK9RlozvRAkNb2AgEK9Jl1AveOH
R71dJji9YWtAvZyGNr3nODK9m2A9vQuiKb0rZji97g5AvSGSLr3XnDW9t9Q5ve1uM70l/SC9
Yk0xvSpLPL0R/jO9Gq4lvYQbIr3dFT+97yw4vRiLL719xjG9jNwkvUaKMr2drTe9wKYvvXQF
Lr0Y/DW9exc7vc9hLL3E/i+91XM/vX2hJL17akK9NBA0vQhyN71Hui+9Sr0/vVw0SL1v7zS9
Gu88vbkzP71PLz69K8kyvQHYMr1ORC29</AssayYData></Step><Step><CommonData><SampleLocation>4</SampleLocation><SampleID>AB</SampleID><SampleGroup></SampleGroup><SampleInfo>in Running Buffer</SampleInfo><SampleRow>H</SampleRow><SamplePlate>1</SamplePlate><WellType>KLOAD</WellType><Concentration>0.15</Concentration><ConcentrationUnits>µg/ml</ConcentrationUnits><MolarConcentration>150</MolarConcentration><MolarConcUnits>nM</MolarConcUnits><MolecularWeight>-1</MolecularWeight><Temperature>30</Temperature><StartTime>489491</StartTime><AssayTime>20</AssayTime></CommonData><FlowRate>1000</FlowRate><StepType>LOADING</StepType><StepName>Loading</StepName><StepStatus>OK</StepStatus><ActualTime>20</ActualTime><CycleTime>0.2</CycleTime><AssayXData Points="100">nv/RQzgZ0kPyMtJDSkzSQ7Vo0kN9f9JDOJnSQ9Gy0kNrzNJD5OXSQ57/0kMXGdNDsDLTQ2tM
00PkZdNDnn/TQxeZ00PRstNDa8zTQ+Tl00Oe/9NDFxnUQ7Ay1ENKTNRD5GXUQ55/1EMXmdRD
sLLUQ0rM1EPk5dRDnv/UQxcZ1UOwMtVDSkzVQwRm1UOqgdVDF5nVQ7Cy1UNKzNVD5OXVQ33/
1UM4GdZDsDLWQ2tM1kPkZdZDnn/WQxeZ1kOwstZDSszWQ+Tl1kN9/9ZDFxnXQ7Ay10NKTNdD
5GXXQ31/10M4mddDsLLXQ0rM10Pk5ddDff/XQz4a2EOwMthDSkzYQ+Rl2EN9f9hDF5nYQ7Cy
2ENKzNhDbefYQ33/2EMXGdlDsDLZQ0pM2UPkZdlDnn/ZQziZ2UPystlDa8zZQwTm2UOe/9lD
OBnaQ9Ey2kNrTNpDBGbaQ55/2kM4mdpDdbPaQ2vM2kME5tpDnv/aQzgZ20PRMttDSkzbQwRm
20Oef9tDOJnbQ9Gy20NrzNtDBObbQw==</AssayXData><AssayYData Points="100">p5RQvfx/UL2hJVS9J+BJvSn2Sr3CSli9qPI6vZHbS72Btk697phIvVpKRr2WMkK9Umc2vf+q
P71QB0q9BEM5vaN5TL2eyDm9OTpJvdU0P711oUu9aEs7va5SNL3ujEy9G2M/vZTpTr1tcEC9
tCpBvTscT73Jaki9xVQ6va0INL2aHDa9pdJJvUuDMr1N8kC9Scc8vfiOPr0N6TG9tvU/vZq3
Pb2asUK9Z4g/vTfHT71DwDu95yA8vcfQN73a4Da9SNI/vRN6P70U3Di9jtM6vaTeP71F/Ty9
urM2vVsERb1rE1C9TC85vU08Ob1J7EC9rnMzvZ9TNr2T8jm970I1vXjuSb0/FUy9FbE2veUn
P712xSm9irFIvWLuMr09qje9Wjc5vdiXL7228Tq9JP4qvS+SPL2Vdi298wBFvT1qOb3NhDi9
im1Evd87Nr3LEjW9kGEzvRtSLr0i0kS9hSE5vbKqPr1MrTi9fBo6vRwrPb3dLke99BYnvftg
N73ba029j7Y5vb4GP72JTkK9zKVAvQ==</AssayYData></Step><Step><CommonData><SampleLocation>5</SampleLocation><SampleID>BB</SampleID><SampleGroup></SampleGroup><SampleInfo></SampleInfo><SampleRow>H</SampleRow><SamplePlate>1</SamplePlate><WellType>BUFFER</WellType><Concentration>1.25</Concentration><ConcentrationUnits>µg/ml</ConcentrationUnits><MolarConcentration>1250</MolarConcentration><MolarConcUnits>nM</MolarConcUnits><MolecularWeight>-1</MolecularWeight><Temperature>30</Temperature><StartTime>516805</StartTime><AssayTime>60</AssayTime></CommonData><FlowRate>1000</FlowRate><StepType>BASELINE</StepType><StepName>Baseline 60</StepName><StepStatus>OK</StepStatus><ActualTime>59.999</ActualTime><CycleTime>0.2</CycleTime><AssayXData Points="300">nv/bQzgZ3EOwMtxDrEzcQ+Rl3EOkgNxDOJncQ7Cy3ENKzNxDBObcQ33/3EMXGd1D0TLdQ0pM
3UPkZd1DfX/dQxeZ3UOwst1DSszdQ+Tl3UN9/91DFxneQ9Ey3kNrTN5D5GXeQ31/3kMXmd5D
sLLeQ2vM3kPk5d5Dff/eQzgZ30PRMt9Da0zfQwRm30Oef99DOJnfQ9Gy30NrzN9DBObfQ57/
30NYGeBD0TLgQ2tM4EMlZuBDnn/gQziZ4EPRsuBDa8zgQwTm4EOe/+BDOBnhQ9Ey4UNrTOFD
BGbhQ55/4UM4meFD0bLhQ2vM4UME5uFDff/hQzgZ4kPRMuJDSkziQ+Rl4kOef+JDOJniQ9Gy
4kNrzOJDBObiQ57/4kM4GeND0TLjQ2tM40MEZuNDnn/jQziZ40OwsuNDss3jQwTm40Oe/+ND
OBnkQ7Ay5ENrTORDBGbkQ55/5EMXmeRD0bLkQ0rM5EME5uRDnv/kQzgZ5UOwMuVDa0zlQwRm
5UN9f+VDOJnlQ9Gy5UNKzOVD5OXlQ33/5UMXGeZDsDLmQ2tM5kMEZuZDnn/mQxeZ5kPRsuZD
SszmQ+Tl5kN9/+ZDFxnnQ7Ay50NrTOdD5GXnQ55/50M4medDsLLnQ2vM50Pk5edDff/nQxcZ
6EPXM+hDa0zoQ+Rl6EN9f+hDF5noQ9Gy6ENKzOhD5OXoQ0IA6UM4GelDsDLpQ0pM6UPkZelD
fX/pQxeZ6UOwsulDjMzpQ+Tl6UOe/+lDFxnqQ7Ay6kNKTOpD5GXqQ31/6kMXmepDsLLqQ83M
6kPk5epDff/qQxcZ60OwMutDjEzrQ+Rl60N9f+tDF5nrQ7Cy60NKzOtD5OXrQ33/60MXGexD
0TLsQ0pM7EMEZuxDfX/sQxeZ7EOwsuxDSszsQ+Tl7EOe/+xDOBntQ9Ey7UNrTO1DBGbtQ55/
7UM4me1D0bLtQ2vM7UME5u1Dnv/tQzgZ7kOWM+5Da0zuQwRm7kN9f+5DOJnuQ9Gy7kNrzO5D
BObuQ57/7kM4Ge9D0TLvQ2tM70MEZu9Dnn/vQziZ70PRsu9Da8zvQwTm70OkAPBDOBnwQ9Ey
8ENrTPBDBGbwQ31/8EM4mfBD0bLwQ1DN8EME5vBDff/wQxcZ8UOwMvFDa0zxQwRm8UOef/FD
OJnxQ9Gy8UNKzPFD5OXxQ57/8UMXGfJD0TLyQ2tM8kMEZvJDfX/yQziZ8kPRsvJDSszyQwTm
8kN9//JDFxnzQ9Ey80NrTPNDBGbzQ55/80M4mfND0bLzQ0rM80MK5/NDff/zQxcZ9EPRMvRD
a0z0QwRm9EN9f/RDOJn0Q7Cy9ENKzPRDBOb0Q57/9EM4GfVD0TL1Q2tM9UMEZvVDnn/1QziZ
9UOwsvVDjMz1Q+Tl9UN9//VDFxn2Q7Ay9kNKTPZD5GX2Q31/9kMXmfZD0bL2Q0rM9kME5vZD
ff/2QzgZ90OwMvdD0033QwRm90N9f/dDOJn3Q9Gy90OSzfdDBOb3Q33/90PBGvhDsDL4Q0pM
+EMEZvhDfX/4QxeZ+EOwsvhDSsz4Q+Tl+EN9//hDFxn5Q7Ay+UNrTPlD5GX5Q31/+UMXmflD
sLL5Q0rM+UPk5flD</AssayXData><AssayYData Points="300">4rM8Pl+YST5ppUw+aVhRPhOrTD4W7kg+ENNKPuajSz4SQEg+IE9IPu+aSj6V6Ek+yiNHPuCa
RT7k9kk+DKVJPuG+SD5iSEI+ZqtHPjc0Qz5hrks+uPFFPmlzRD5G+EE+qzdBPsD+RD77skE+
b3xCPr+DQj4ZTEM+D4VCPi1sQj6PTEI+6rpEPhqWQz5eHEQ+fus/PjHDQz4onEI+XFA9PrYW
Qz7B9j4+kpk9PhjeQD7nVkA+vZhBPjCSPj4lKD4+S3xBPjEPOz4L4z0+FVxAPk0qPj5bMDs+
Zoc/PoeqPj4HdT8+Ho08PkofPT6bkD0+ZCs8PuVYPT686T0+RiU7PnY8QD7RmDs+HD48PrmZ
Pz7cdTw+wA89PnmMOj7BTzw+SrE9PvgJPD7aqjc+ETg8PuVfPz64CTY+0S03PlpbOD7i9Tw+
odo4PtOaNj61cDw+p7s4Poh/OT6ABTo+SZU5PoosPT5sSDo+srk+Pq9HOT4CVDo+lrg6PoVl
OD6Vzzg+fOY5Pp9LNT74Yzk+0kY0PiM7NT4Ewzk+M2M6PgOsNT4ifTc+y183PjGaNT6i6jU+
nw82PpHHMz4v4zY+XJw4PrOhND6DfDM+wVQ2PhxkNz5VBTU+YMoxPgRDOT4I3DM+4Ss3PiHb
Nj7s6zQ+BrkxPuX8Lz45MjU+v5Q2Pml6Nz7AqjE+iRUwPvRyMT46pDc+3IkzPh1xMT750DI+
Q7gwPvhlND5TujE+YHQyPoDsMD73ajU+giwvPlYAMz4E3DA+DbE0PqPCLj7mhDQ+5ZMzPv+0
ND6A+zE+A/MvPhp3MD5bQi0+iOgvPi6BLz6OODE+IhAxPq79MT4V7S4+XWIxPoFOLz7T/yw+
lwkwPr34Kz41nSw+pz0sPoUWLz6KGS0+Z8EtPiwAND49jC4+TocwPp2OLj4SMi4+p4oqPuyO
LT5jMS0+RMYpPkyDLD6aEy4+h+MnPhATLj4MgCs+RX0nPpMbKj6qhCc+ff0nPi+zKz5EjCs+
QSgpPjFzKT4MBCw+kMEsPt/OKz4URys+V0AoPsmTKj6s6io+HjArPjqbJz5+oSg+eS0qPgrd
JT7eByY+42soPrfbKT5UUSk+6J4pPgZyKj5AUSo+qesqPnDRJD6WoiU+JjgoPkKzJD4aSic+
vM0nPuvHJj5ajCk+3JwmPvejJj55vyk+YsUmPjj0Jz5xBSU+exEoPnQ/Jz67kiU+8vEkPn/w
Iz4vCCQ+09omPpQjJD7rkSo+7yghPixFJj5glSE+opkjPu0BJz4uOyU+Xr0lPi1YIz5gVCY+
MbkjPvF7Jz7DNSE+tfQlPjDJID6i0iQ+q3kiPgZ2JD4BpSQ+VB8jPqs5ID6ZbyY+nUMlPj8Z
JT4euCY+Ik0hPoWkHz5VkyM+Z/MjPl7nIj5Xih4+DQogPu7OID5JtSA++EwePulKIz4t2Rw+
orYjPp/FHD6uWxw++d8jPiLJIz5CXSE+MaMfPrevID6hkyE+h3UjPumSID7uaR8+Hv0hPmJD
Iz7wORw+gb8dPljjHz7jZSE+iLEdPuNgIT5t6hw+w8MfPvp6Hz6RjSA+elUkPpJGHj5GVB8+
Nz4aPq59Hj5lTCA+</AssayYData></Step><Step><CommonData><SampleLocation>6</SampleLocation><SampleID>Running Buffer</SampleID><SampleGroup></SampleGroup><SampleInfo>in Running Buffer</SampleInfo><SampleRow>H</SampleRow><SamplePlate>1</SamplePlate><WellType>BUFFER</WellType><Concentration>-1</Concentration><ConcentrationUnits>µg/ml</ConcentrationUnits><MolarConcentration>-1</MolarConcentration><MolarConcUnits>nM</MolarConcUnits><MolecularWeight>-1</MolecularWeight><Temperature>30</Temperature><StartTime>584648</StartTime><AssayTime>20</AssayTime></CommonData><FlowRate>1000</FlowRate><StepType>BASELINE</StepType><StepName>Baseline 20</StepName><StepStatus>OK</StepStatus><ActualTime>20</ActualTime><CycleTime>0.2</CycleTime><AssayXData Points="100">fv/5QxgZ+kOxMvpDKkz6Q8Rl+kN+f/pD95j6Q7Gy+kNLzPpD5OX6Q13/+kP3GPtDkDL7QypM
+0PEZftDXX/7Q/eY+0OxsvtDKsz7Q8Tl+0Nd//tD9xj8Q5Ay/ENLTPxDxGX8Q35//EMYmfxD
sbL8Q0vM/EPE5fxDXf/8Q/cY/UOQMv1DKkz9Q8Rl/UNdf/1DGJn9Q5Cy/UNLzP1DxOX9Q13/
/UP3GP5DkDL+Q0tM/kPEZf5DXX/+Q/eY/kOQsv5DKsz+Q8Tl/kN+//5D9xj/Q5Ay/0MqTP9D
xGX/Q11//0MYmf9DsbL/QyrM/0PE5f9Dfv//Q3sMAERZGQBEJSYAROIyAETPPwBEjEwARFlZ
AEQlZgBE8nIARL9/AESMjABEWZkARCWmAETysgBEv78ARIzMAERZ2QBEJeYARPLyAES//wBE
jAwBRFkZAUQlJgFE8jIBRL8/AUSMTAFESFkBRCVmAUTycgFEv38BRIyMAURZmQFEJaYBRPKy
AUS/vwFEjMwBREjZAUQl5gFE8vIBRA==</AssayXData><AssayYData Points="100">lRAHPSVcKr1Pr5O9AmOwvakstb0KVre9DU+uvZ8LqL19V6y9Ck6sveixoL0T/pm9nEidvfZR
mb0ENpW9WniZvVKUmL12ipG9lo6SvaMDk73PE5i9keKIvfnDk70Fr4y95s6NvVTmhr0vl429
sgWLvSvyjL1IYYe9B+ONvdg5jr2vLoe9xSqLvXTCgb1zfoe9RWiHvSFWhL0FP329WSF/vVMu
gb0If4m942KBvfekgL191oG9Q4KCvWUwhr2CwYG9rSCCvbxZfb3dqGa9e0p6vcb8gr3p/He9
3th1vbmIfL28PnO9taxwvTQ8eb3Yi3y95gt5vRunf71GY3e9huh7vc4kdr25J2G9LZt7vcoG
aL19dnG99B5oveZ1d71yrni9wbZqveYng71Zg2697rJ0vSCNcL3s3XO9SNh5vTqIbL3rynG9
a6RovU7Ibr3OTG+9a+1xvZVZeb1Q6Wi9gTl0vdfOdr2t6Wu9yHBrvdy0br35KXi9HaNjvSnj
e73Ktme9BXNsvTNYab1Tqli91xRqvQ==</AssayYData></Step><Step><CommonData><SampleLocation>7</SampleLocation><SampleID>aKappa 50ug/ml</SampleID><SampleGroup></SampleGroup><SampleInfo></SampleInfo><SampleRow>H</SampleRow><SamplePlate>1</SamplePlate><WellType>KSAMPLE</WellType><Concentration>-1</Concentration><ConcentrationUnits>µg/ml</ConcentrationUnits><MolarConcentration>-1</MolarConcentration><MolarConcUnits>nM</MolarConcUnits><MolecularWeight>-1</MolecularWeight><Temperature>30</Temperature><StartTime>612973</StartTime><AssayTime>120</AssayTime></CommonData><FlowRate>1000</FlowRate><StepType>ASSOC</StepType><StepName>Association</StepName><StepStatus>OK</StepStatus><ActualTime>120</ActualTime><CycleTime>0.2</CycleTime><AssayXData Points="600">v/8BRIwMAkRZGQJEJSYCRPIyAkS/PwJEe0wCRFlZAkQlZgJE8nICRL9/AkSMjAJEWZkCRCWm
AkTysgJEv78CRHvMAkRZ2QJEJeYCRPLyAkS//wJEjAwDRFkZA0QlJgNE8jIDRL8/A0QfTQNE
WVkDRCVmA0TycgNEv38DRIyMA0RZmQNEJaYDRAOzA0S/vwNEjMwDREjZA0Ql5gNE4vIDRL//
A0SMDAREWRkERBUmBETyMgREvz8ERHtMBERZWQREJWYERPJyBESvfwREe4wEREiZBEQlpgRE
8rIERK+/BER7zAREWdkERCXmBETi8gREz/8ERIwMBURZGQVEFSYFROIyBURjQAVEe0wFREhZ
BUQVZgVE8nIFRK9/BUR7jAVESJkFRBWmBUTysgVEr78FRIzMBURI2QVEJeYFROLyBUS//wVE
ewwGRFkZBkQVJgZE4jIGRL8/BkR7TAZEkFoGRCVmBkTicgZEv38GRM2MBkRImQZEFaYGROKy
BkSvvwZEe8wGREjZBkQV5gZE4vIGRK//BkR7DAdEWRkHRBUmB0TiMgdEvz8HRHtMB0RZWQdE
FWYHROJyB0SvfwdEe4wHREiZB0QVpgdE4rIHRK+/B0R7zAdEWdkHRBXmB0Ti8gdEr/8HRHsM
CERZGQhEiCYIRPIyCES/PwhEe0wIRFlZCEQlZghE8nIIRAGACESMjAhEWZkIRCWmCETysghE
v78IRHvMCERZ2QhERuYIRPLyCES//whEjAwJREgZCUQlJglE8jIJRL8/CUSMTAlEWVkJRCVm
CUTycglEv38JRIyMCURZmQlEJaYJRPKyCUS/vwlEjMwJRFnZCUQl5glENPMJRK//CUSMDApE
SBkKRBUmCkTiMgpEvz8KRHtMCkRZWQpEJWYKRPJyCkS/fwpEjIwKREiZCkQlpgpE8rIKRL+/
CkR7zApESNkKRCXmCkTy8gpEv/8KRHsMC0RZGQtEJSYLROIyC0S/PwtEe0wLREpcC0RtZwtE
4nILROB/C0SMjAtEWZkLRCWmC0TysgtEv78LRHvMC0RZ2QtEJeYLROLyC0Sv/wtEewwMREgZ
DEQVJgxE4jIMRK8/DER7TAxESFkMRHdmDETicgxEv38MRIyMDERZmQxEFaYMRPKyDESvvwxE
nMwMRFnZDEQl5gxE8vIMRK//DETuDA1ESBkNRBUmDUTyMg1Erz8NRB9NDURZWQ1EJWYNROJy
DUS/fw1Ee4wNREiZDUQlpg1EA7MNRK+/DUR7zA1ESNkNRBXmDUTi8g1Er/8NRHsMDkRpGQ5E
FSYORPIyDkSvPw5Ee0wOREhZDkQVZg5E4nIORK9/DkR7jA5ESJkORBWmDkTisg5Er78ORHvM
DkRI2Q5EFeYOROLyDkSv/w5EjAwPRGkZD0QVJg9E4jIPRK8/D0SMTA9EWVkPRDZmD0Tycg9E
v38PRIyMD0RZmQ9EJaYPRPKyD0S/vw9EjMwPRFnZD0Ql5g9E8vIPRL//D0SMDBBESBkQRCUm
EETyMhBEvz8QRIxMEERZWRBEJWYQRPJyEES/fxBEjIwQRFmZEEQlphBE8rIQRK+/EESMzBBE
WdkQRCXmEES38xBEv/8QRIwMEURZGRFEFSYRRIYzEUS/PxFEjEwRRFlZEUQlZhFE8nIRRL9/
EUR7jBFEWZkRRBWmEUTyshFEv78RRIzMEURZ2RFEJeYRRPLyEUS//xFEewwSRFkZEkQVJhJE
4jISRK8/EkR7TBJEWVkSRCVmEkTichJEz38SRIyMEkRImRJEJaYSRBOzEkSvvxJEe8wSRFnZ
EkTJ5hJE4vISRL//EkSMDBNESBkTRKgmE0TiMhNEvz8TRIxME0RZWRNEJWYTRDRzE0S/fxNE
3owTRFmZE0QVphNE8rITRK+/E0SMzBNESNkTRBXmE0Ty8hNEr/8TRHsMFERZGRREFSYUROIy
FES/PxREjEwUREhZFEQVZhRE4nIURK9/FER7jBRESJkURBWmFETyshREv78URHvMFER52RRE
JeYUROLyFES//xREewwVRMsZFUQVJhVE4jIVRK8/FUR7TBVEWVkVREZmFUTichVEr38VRHuM
FURImRVEFaYVROKyFUSvvxVEe8wVRFnZFUQV5hVE8vIVRK//FUSMDBZESBkWRBUmFkTyMhZE
vz8WRIxMFkRIWRZEVmYWROJyFkS/fxZEjIwWRFmZFkQlphZE8rIWRL+/FkRQzRZEWdkWRCXm
FkTy8hZEv/8WRIwMF0RZGRdEJSYXRPIyF0S/PxdEe0wXREhZF0QlZhdE8nIXRL9/F0SMjBdE
WZkXRCWmF0TyshdEv78XRIzMF0RZ2RdEJeYXROLyF0S//xdEjAwYRFkZGEQlJhhE8jIYRL8/
GESMTBhESFkYRCVmGETychhEv38YRHuMGERZmRhEFaYYRPKyGERSwBhEjMwYREjZGEQl5hhE
8vIYRL//GESMDBlESBkZRCUmGUTiMhlEvz8ZRIxMGURZWRlEJWYZRPJyGUS/fxlEjIwZRFmZ
GUQVphlE8rIZRK+/GUSMzBlESNkZRBXmGUTi8hlEv/8ZRHsMGkRZGRpEJSYaROIyGkS/PxpE
nEwaREhZGkQlZhpE8nIaRL9/GkR7jBpEWZkaRBWmGkTyshpEr78aRIzMGkRZ2RpEJeYaRGXz
GkSv/xpEjAwbREgZG0QVJhtE4jIbRK8/G0SMTBtEmlkbRBVmG0TichtEr38bRIyMG0RImRtE
FaYbROKyG0SvvxtEe8wbREjZG0Ql5htE4vIbRK//G0R7DBxESBkcRCUmHETiMhxErz8cRIxM
HERIWRxEJWYcROJyHES/fxxEjIwcREiZHEQVphxE4rIcRK+/HER7zBxEWdkcRBXmHETi8hxE
r/8cRHsMHURIGR1EFSYdROIyHUS/Px1Ee0wdREhZHUQlZh1E4nIdRM9/HUSMjB1EWZkdRCWm
HUTysh1Ev78dRIzMHURZ2R1EJeYdRCPzHUS//x1EjAweRFkZHkQlJh5E8jIeRL8/HkSMTB5E
WVkeRCVmHkTych5Ev38eRIyMHkRZmR5EJaYeRPKyHkS/vx5EjMweRFnZHkQl5h5E8vIeRL//
HkSMDB9EWRkfRCUmH0TiMh9Evz8fRIxMH0RZWR9EJWYfROJyH0Svfx9Ee4wfRFmZH0Qlph9E
NLMfRL+/H0R7zB9EWdkfRCXmH0Ty8h9E</AssayXData><AssayYData Points="600">ICxrPQiK6z16KBQ+az0iPoNiJz7jAys+crUrPjlUKj6aJio+E6IoPvvYKj5tEik+K/MqPkIj
Kz5T0Cc+S5glPlS5Iz5Pvic+ieIlPufsIT6gKic+S/YlPiNZJz5DDCU+O08hPlwdJj7BYiA+
5f0lPuioIT69RSQ+YncePr26JT7PVx4+mXsjPn/9IT66hSM+lacfPlK9JT5tbiQ+6ycjPr38
ID4MoRs+Tt4bPlb/ID65TiI+rkciPrEAHD6EVCA+CfQdPmowHT7OyR4+fGgcPsUyHD64jBw+
CtEaPmN6Ij6wiB4+MPgePi3lHT4JXB4+fgEgPpvkID6g5Bg+pN8aPv1yIT5GMBo+yP8YPrYo
Hj4m7Bk+by4gPgs7HT5HDBo+XXAdPgSUHj5Tkho+4nIcPpK/GT63XR4+OMUbPgBxHT7clhw+
O7QcPhD/GD4sTBw+Fb8bPoytGz5NsRs+kn4YPu4NGz4B8Rs+IpgaPhVcGD4VeRk+VV4bPpdI
GT5QSBs+WW4bPilqFj4LdBg+VsEWPphAGD6GWxU+9fIcPvi2Gj7liRs+BmcYPr6GGj6unRc+
trIaPsMpFj4yxxg+IG0XPg1gGz5X9hc+R5caPh34HD62WBk+ca4bPsKxGD6tFhs+HkIXPqSC
Fz4DYRw+Z54TPpHdFj56LRc+Z8kWPukOGT6/QRY+D5YaPnGIFz6w2RI+4oUVPt5BFj4psxk+
nhMWPjz7GD5TORQ+fGsWPgZ1GD4yPBo+K34ZPqlPFj6Jfhc+SSMYPlefFD53pBk+0TQVPkEc
Gz6JThY+TBMXPjTMFT761hc+T68YPnPXFz5DVhU+eLYYPsmgFj6jHhU+5NMVPufiEj56ORc+
VUgTPi0XFz44bBc+594VPkSVFT4BeRY+6JsUPlSZEz4Lahk+VwkTPh5pFT7ViRY+BxkUPiyF
Fj6ONRg+cr8XPnFeDz6d+xU+BYgVPu3+Dz6O7RQ+nPkUPqI6Fz4h9BE++NYOPopWEz5NOhU+
bYMVPmNMFj4NmxI+8CgXPnYmFD46dRM+h/gRPmZEFj5sxg8+ohQSPi9BEz7YzhI+kbcQPoN2
FT6n3RE+x/0UPoeBEj7UaBU+8esSPo6BET6fEhA+DscOPpm9Ej4zGBQ+ZM4TPuAYFD70fBY+
RJ0PPvngEz5NsRQ+56QUPgb2ET4kIBQ+zbEWPlOMET76UxI+N0oQPnl1Ez5g5xQ+RGEQPv1X
Ej6JjhI+GF4QPn1TED5zERE+BWMSPv6pFD4DOhA+dJETPmpEEj4KdxM+XMYPPllbEj7TTxQ+
yBMSPn2MET4EkQ8+UdAQPmtmED5N5hA+SqASPv5+ED7CnBQ+Me0RPk7qDz4XpxM+8w0RPhw9
ED5EQxA+nsYSPq7TET7LrQ0+50cPPnJwED5OfBM+wbIQPmkgDz6F5xE+enMQPttmDz6XiQ0+
WFwRPipNDj6Y0ww+xw0SPoLgED5u3BA+q4gQPtH4ED6q9hA+vmsPPlw3Dz5+5BA++MsOPl2+
ED7NghA+sZgOPjHpDz5+mQ8+V+0MPi4ZFD7OVA0+7X4QPum4FD7JZxA+XT4MPr6VDz7aEw8+
WDoSPu65DD4H0BE+zDMRPtYgDD4UeBE+W4gRPiN1ED5jWg4+eYwSPlOkDD7Rfws+NF4RPv2U
DD5Xvw8+i8UQPr/fDD4xHgw+r0oPPiBsDj5C5Qk+DJwSPuisDj6eCQ0+u1ULPhEeDj7BkQ8+
u6oPPkTqDD4vGA4+kqkLPhRbDD4UCBM+gIQMPn7lED7NKxE+DZ4MPtSqDT54/w4+o3AOPpK7
Dj6VDhA+/ZoMPs6oED5C9A8+tV8RPoBJDz5ogg8+f/UKPjk+Dz68qw0+M98OPmhBDT4tdg8+
OlgMPpqjDT6LHw8+VjITPi88Dz4h2Qw+QecMPlKaDj6mdgw+TsIPPmzYDz6CjQ0+6NYPPk+F
Cj4MJA4+SQwOPoUADz7c1gs+JN8KPnwzDD5P3w8+j9UOPjAxDz4u3ww+6wEPPm/kDj5fiQo+
VOALPn6wET5xYBA+hqcNPlotDj7G3xA+gd0PPntLDT4aFw8+vHQKPq2NDz4lhww+0zEOPjxT
Cj7vLw0+k3EMPtoODT4EBBE+SO0RPhT9DD63Wgw+DLEJPlQYCz760gs+pNEMPhVMDz7cnQo+
2/8NPrPPDD6buA4+PXMKPhJ1DT51Aw4+KmUMPvhVCz55qgw+5NsMPgH+DT6+5wk+f1gOPq+R
Cz7r7Q0+V/sLPul8DD6l+Aw+8JoKPvxGCT7qbgw+plUJPlcuDz6ZQws+t7oKPicaDD7ikAw+
W5MNPgawCj4nBg8+ry4MPjbzDT739Qw+eJgPPp1PCj4vpgk+XeEJPoHfCD6InA0+80cNPrdK
DT7qbw0+BxYLPqIcCz4Ptwk+HbQNPm0zDT4jSww+aewMPiToCT5vYwg+Hm8OPnmwCz57yw4+
WiMKPvg9Dj4N5w0+kk4JPkAwED43QAw+x2cKPkCeDz4aewk+imsOPmTwDT7EJQk+55MMPnbU
Cz5FcAs+b28KPg5yDT48Bw0+XroPPsDGCz6aVgw+WAMJPvCFDj5E2Ak+cUYPPpitDT4QNAs+
9QgJPkKyCD7rtQg+QtkLPvc9Dz5WSQs+9nMNPpUIDz7ImQs+ItALPvbGCj6OGws+/rALPnS5
CT7+AQs+npQJPq+zDj4e6gw+ozsLPsdsDD6sFAk+eNMJPjE3Cj7vzQ4+UNwLPnByCT7TuQc+
qksLPiwNDT7sBAk+WDsIPquiCj5P/Qc+c1UMPn3+BT7t4Ak+Xm8MPrGzCD5jugw+Qv0MPpI8
Dj5h7Qo+T0UJPhw8DT77WQs+5b8LPm4ZDT6gwAo+qlkHPsApCz4EPwo+rtUKPuMsDD6zogo+
NqQMPkuCCz4gxAo+wxULPh6BDT6bMAo+FXkLPpykDD6gGA4++N8HPlwHDD4wEQw+G1QLPiHn
Bz6fYgs+wIULPsJYBj6XsAg+30QMPiN4DT7Jmgw+xRAKPgFcCj773Qc+NVsNPkl7CD6NHQs+
Rr0KPvg9CT4huQ0+8EgJPjSJCj6kowo+0X0LPubGCz6aNgs+zUYLPvhyCj5ragw+FUwRPpvT
Cj7iOQk+nCoLPqeuDj6xZgo+Dz8MPjWMCz7e9gc+0QgNPlpLCz4UYwk+O/IPPiOlDT5vRQg+
JVQKPjcQCj5Ynwk+UNIIPjdlCz5CZQg+</AssayYData></Step></KineticsData></ExperimentResults>
