<?xml version="1.0" encoding="UTF-8" standalone="yes"?>
<ExperimentResults><ExperimentInfo Name="20251008 UPFB0001"><ExpDescription>AHC example method - full characterization&#13;
Analyte titration series with reference channel</ExpDescription><RTDVersion>2.0</RTDVersion><RunID>44513BEA-5865-4B65-BE64-68D265EFB71C</RunID><ExperimentType>KINETICS</ExperimentType><ExperimentSubType>KBASIC</ExperimentSubType><StartDateTime>2025-10-08T15:26:04</StartDateTime><MachineName>BN7KX12</MachineName><UserName>octet</UserName><LotNumber></LotNumber><PlateName>251008</PlateName><PlateName2></PlateName2><SensorName>H2</SensorName><SensorPlate>1</SensorPlate><SensorType>AHC (Anti-hIgG Fc Capture)</SensorType><SensorRole>LIGAND</SensorRole><SensorInfo></SensorInfo><WritingSW>DataAcquisition.exe 11.0.2.1</WritingSW><InstrumentType>OctetRED96</InstrumentType><InstrumentSerial>FB-50284</InstrumentSerial><InstrumentFW></InstrumentFW><IntegrationTime>2.3</IntegrationTime><DSPType>CPF</DSPType><DSPStitching>1</DSPStitching><HasManifest>1</HasManifest><InfoHash>-1324819486</InfoHash></ExperimentInfo><AssayParamsInfo/><KineticsData><Step><CommonData><SampleLocation>1</SampleLocation><SampleID>Running Buffer</SampleID><SampleGroup></SampleGroup><SampleInfo></SampleInfo><SampleRow>H</SampleRow><SamplePlate>1</SamplePlate><WellType>BUFFER</WellType><Concentration>-1</Concentration><ConcentrationUnits>µg/ml</ConcentrationUnits><MolarConcentration>-1</MolarConcentration><MolarConcUnits>nM</MolarConcUnits><MolecularWeight>-1</MolecularWeight><Temperature>30</Temperature><StartTime>612973</StartTime><AssayTime>180</AssayTime></CommonData><FlowRate>1000</FlowRate><StepType>BASELINE</StepType><StepName>Baseline 1</StepName><StepStatus>OK</StepStatus><ActualTime>179.999</ActualTime><CycleTime>0.2</CycleTime><AssayXData Points="900">AAAAAM3MTD7NzMw+mpkZP0SLTD8AAIA/mpmZP28Ssz8IrMw/okXmP05iAEDNzAxAN4kZQARW
JkAzMzNAAABAQGq8TECamVlAyXZmQDMzc0Ce739ANV6GQM3MjEACK5NAmpmZQM/3n0BmZqZA
nMSsQDMzs0BokblAAADAQDVexkCcxMxAMzPTQJqZ2UAAAOBAmG7mQJzE7EACK/NAmpn5QM/3
/0AzMwNBZmYGQYGVCUG0yAxB5/sPQRsvE0FOYhZBmpkZQc3MHEEAACBBGy8jQU5iJkGamSlB
tMgsQef7L0EbLzNBTmI2QYGVOUG0yDxB5/s/QRsvQ0GNl0ZBgZVJQbTITEHn+09BMzNTQU5i
VkGBlVlBtMhcQQAAYEEbL2NBTmJmQYGVaUG0yGxBGQRwQRsvc0FOYnZBgZV5QbTIfEHn+39B
ppuBQScxg0HByoRBWmSGQfT9h0GamYlBMzOLQeXQjEFmZo5BAACQQZqZkUEzM5NBzcyUQWZm
lkEAAJhBppuZQTMzm0HNzJxBZmaeQQAAoEEtsqFBMzOjQc3MpEFmZqZBAACoQZqZqUEzM6tB
zcysQWZmrkEAALBBmpmxQTMzs0HNzLRBi2y2QfT9t0GamblBMzO7Qc3MvEFmZr5BAADAQZqZ
wUFkO8NBwcrEQVpkxkEAAMhBmpnJQTMzy0HNzMxBZmbOQQAA0EGamdFBJzHTQc3M1EFmZtZB
AADYQZqZ2UEzM9tBzczcQVpk3kGHFuBBmpnhQTMz40HByuRBZmbmQQAA6EGamelBJzHrQdnO
7EFmZu5BAADwQY2X8UEzM/NBzcz0QWZm9kH0/fdBjZf5QTMz+0HByvxBZmb+QfT9/0HHywBC
mpkBQmBlAkIzMwNC+v4DQtPNBEKTmAVCYGUGQjMzB0IAAAhCzcwIQpOYCUJmZgpCLTILQvr+
C0LHywxCk5gNQmBlDkJ3Pg9CAAAQQsfLEEKamRFCkW0SQi0yE0L6/hNCx8sUQpqZFUJgZRZC
MzMXQvr+F0J/6hhCrJwZQmBlGkItMhtC+v4bQsfLHEKTmB1CYGUeQi0yH0IAACBCx8sgQpOY
IUJgZSJCLTIjQvr+I0LHyyRCmpklQmZmJkI5NCdC+v4nQsfLKEKTmClCYGUqQi0yK0L6/itC
x8ssQpOYLUKqcS5CLTIvQvr+L0LHyzBCk5gxQmBlMkIzMzNC+v4zQsfLNEKamTVCZmY2QjMz
N0IAADhCzcw4QpqZOUJmZjpCMzM7QgAAPELNzDxCmpk9QmZmPkIzMz9C+v4/Qs3MQEKamUFC
ZmZCQjMzQ0IAAERCzcxEQpqZRUJmZkZCMzNHQgAASELNzEhCmplJQmBlSkIzM0tCAABMQs3M
TEKTmE1CZmZOQjMzT0IAAFBCx8tQQpOYUUJmZlJCMzNTQvr+U0LHy1RCmplVQmZmVkIzM1dC
+v5XQs3MWEKamVlCZmZaQi0yW0IAAFxCzcxcQpqZXUJmZl5CMzNfQgAAYELZzmBCmplhQmBl
YkItMmNCAABkQs3MZEKTmGVCZmZmQjMzZ0IAAGhCzcxoQrieaUJgZWpCMzNrQvr+a0LHy2xC
mpltQmZmbkItMm9C+v5vQsfLcEKTmHFCYGVyQjMzc0IAAHRCx8t0QpqZdUJmZnZCTDd3QgAA
eELNzHhCmpl5QmZmekIzM3tC+v57Qs3MfEKamX1CYGV+Qi0yf0KDAIBC42WAQt/PgEIzM4FC
F5mBQn3/gULjZYJCzcyCQrAyg0IXmYNCjwKEQuNlhEJKzIRCMzOFQheZhUIAAIZCZmaGQkrM
hkKwModCF5mHQn3/h0JmZohCSsyIQjMziUKamYlCAACKQuNlikJKzIpCsDKLQheZi0IAAIxC
42WMQkrMjEKwMo1CF5mNQn3/jUJmZo5CzcyOQrAyj0IXmY9Cff+PQuNlkEJKzJBCsDKRQheZ
kUJ9/5FCZmaSQkrMkkIzM5NCmpmTQgAAlEJmZpRCzcyUQjMzlUK4npVCAACWQmZmlkLNzJZC
MzOXQpqZl0IAAJhCZmaYQs3MmEIzM5lCmpmZQgAAmkJmZppCVs6aQjMzm0KamZtCAACcQulm
nEJKzJxCMzOdQpqZnUIAAJ5CAmueQs3MnkIzM59CmpmfQoMAoELjZaBCzcygQjMzoUKamaFC
AACiQuNlokLNzKJCMzOjQheZo0IAAKRCf2qkQs3MpEJSOKVCF5mlQgAApkLjZaZCzcymQjMz
p0IXmadCff+nQuNlqELNzKhCsDKpQpqZqUJ9/6lCG2+qQs3MqkIzM6tCF5mrQn3/q0LjZaxC
SsysQjMzrUIdmq1CAACuQuNlrkLNzK5CsDKvQpqZr0IAALBCZmawQkrMsEKwMrFCmpmxQn3/
sUJmZrJCSsyyQjMzs0KambNCAAC0QuNltEJKzLRCsDK1QqCatUJ9/7VCZma2Qs3MtkKwMrdC
F5m3Qn3/t0LjZbhCzcy4QrAyuUKamblCAAC6QuNlukJKzLpCsDK7QheZu0J9/7tC42W8QkrM
vEKwMr1CF5m9Qn3/vULjZb5CSsy+QrAyv0IXmb9CAADAQuNlwELNzMBCsDLBQheZwUJ9/8FC
42XCQkrMwkKwMsNCF5nDQn3/w0KFa8RCzczEQjMzxUKamcVCff/FQuNlxkLNzMZCMzPHQheZ
x0IAAMhC42XIQkrMyEKwMslCppvJQn3/yULjZcpC2c7KQrAyy0KamctCAADMQmZmzELs0cxC
MzPNQpqZzUIAAM5CZmbOQs3MzkIzM89CmpnPQgAA0EJmZtBCzczQQjMz0UKamdFCAADSQmZm
0kLNzNJCMzPTQpqZ00IfBdRCZmbUQs3M1EIzM9VCmpnVQn3/1UJmZtZCzczWQjMz10KamddC
AADYQmZm2EJKzNhCMzPZQpqZ2UJ9/9lC42XaQs3M2kKwMttCmpnbQgAA3EJmZtxCzczcQjMz
3UKamd1CAADeQvZo3kLNzN5CsDLfQpqZ30J9/99C42XgQs3M4EIzM+FCmpnhQgAA4kJmZuJC
zcziQjMz40I1nuNCff/jQuNl5EJKzORCsDLlQheZ5UIAAOZCZmbmQuXQ5kKwMudCmpnnQgAA
6ELjZehCzczoQrAy6UIXmelCff/pQuNl6kJKzOpCsDLrQpqZ60J9/+tCZmbsQkrM7EKwMu1C
F5ntQoMA7kLjZe5CSszuQrAy70Kame9CAADwQuNl8ELNzPBCsDLxQheZ8UJ9//FCZmbyQkrM
8kLPN/NCF5nzQn3/80JmZvRCzcz0Qmo89UIXmfVCff/1QvBn9kLNzPZCsDL3QheZ90J9//dC
42X4Qs3M+EKwMvlCF5n5Qn3/+ULjZfpCSsz6QjMz+0IXmftCHwX8QuNl/EJKzPxCsDL9QheZ
/UJ9//1C42X+QkrM/kKwMv9Cmpn/Qn3//0IzMwBDJWYAQ1iZAEOLzABDvv8AQ/IyAUO0aAFD
mpkBQ4vMAUO+/wFD8jICQ3NoAkOamQJDzcwCQwAAA0MzMwNDZmYDQ5qZA0PNzANDAAAEQzMz
BENmZgRDmpkEQ83MBEMAAAVDMzMFQ2ZmBUOamQVDzcwFQwAABkMzMwZDZmYGQ5qZBkPNzAZD
AAAHQzMzB0NmZgdDmpkHQ83MB0MAAAhDMzMIQ2ZmCEOamQhDzcwIQwAACUMzMwlDZmYJQ1iZ
CUPNzAlDvv8JQzMzCkNmZgpDmpkKQ4vMCkMAAAtDMzMLQ2ZmC0OamQtDi8wLQwAADEPyMgxD
ZmYMQ5qZDEPNzAxDAAANQ/IyDUMlZg1DmpkNQ83MDUMAAA5D8jIOQyVmDkNYmQ5DzcwOQwAA
D0PyMg9DJWYPQ5qZD0PNzA9DAAAQQ/IyEENmZhBDmpkQQ83MEENCABFDMzMRQ2ZmEUOamRFD
zcwRQwAAEkPyMhJDJWYSQ5qZEkPTzRJDvv8SQzMzE0MlZhNDmpkTQ83ME0MAABRD8jIUQ2Zm
FENYmRRDi8wUQ77/FEPyMhVDZmYVQ1iZFUPNzBVDvv8VQ/IyFkMlZhZDWJkWQ4vMFkMAABdD
tjMXQyVmF0NYmRdDi8wXQ77/F0PyMhhDJWYYQ1iZGEOLzBhDvv8YQzMzGUMlZhlDWJkZQ83M
GUO+/xlD8jIaQ6hmGkNYmRpDi8waQ77/GkPyMhtDJWYbQ1iZG0OLzBtDvv8bQ/IyHENmZhxD
WJkcQ4vMHEO+/xxD8jIdQyVmHUOamR1DzcwdQwYBHkPyMh5DZmYeQ1iZHkPNzB5DAAAfQzMz
H0NmZh9DmpkfQ83MH0MAACBDMzMgQ2ZmIEPbmSBDzcwgQwAAIUMzMyFDZmYhQ5qZIUPNzCFD
AAAiQ/IyIkNmZiJDmpkiQ4vMIkO+/yJDMzMjQ2ZmI0OamSNDzcwjQwAAJEMzMyRDZmYkQ5qZ
JEPNzCRDAAAlQzMzJUNmZiVDmpklQ83MJUMAACZDMzMmQ2ZmJkNYmSZDUM0mQwAAJ0MzMydD
ZmYnQ5qZJ0PNzCdDvv8nQzMzKENmZihDmpkoQ83MKEMAAClDMzMpQyVmKUOamSlDzcwpQ77/
KUMzMypDZmYqQx2aKkPNzCpDywErQzMzK0MlZitDmpkrQ83MK0MAACxD8jIsQ2ZmLENYmSxD
zcwsQ77/LEMzMy1DZmYtQ6CaLUOLzC1Dvv8tQzMzLkMlZi5DmpkuQ4vMLkMAAC9DMzMvQ2Zm
L0NYmS9Di8wvQwAAMEN7NDBDJWYwQ1iZMEOLzDBDvv8wQ/IyMUNmZjFDWJkxQ83MMUO+/zFD
MzMyQyVmMkNYmTJDkc0yQ77/MkMzMzNDJWYzQ5qZM0OLzDND</AssayXData><AssayYData Points="900">AAAAAE5Dd7rodiO6k3pFu3Ptprqkvj87pVluOpZCcDs4yiQ5O38NubSMZztjIQw7tcYLu3GP
Q7p/xJC6K2BlO1oGTDtaMcK6Ov90OkqMQbosJg07qsaQuNS6mDqYXI47JqKDO+H6rDtndZA6
jokbOgA4YDvImp87V8SjO+hChjsnS5A6XnzNO72ixjuNrJG6ARVbO7bvZjuansQ7agQ5O0dR
RTtquMc7xZoPO8mFezuKWNA77gyWO2JnnzvQ7RU7vYbdO2iJcjvxS8A71tetO7666TtFCwE8
+HnsO5AI/jukHu47dEbFO96bzTtvbfw7UZOqO1La7Du/KxU8FozuO9GEnDvcxQk8zDDWO+oz
qDtC1ek7m7AaPCZ9LjznU/U7A+sHPJDC2jsS6fc7tL0XPFV66jsaJ6Y7KSu9OyvAIDxAJ/c7
0Q0rPHHltzuaKh08H4o1PI3dGzy3FKE7OEUXPAZyBzz42EY8p6fuO+hfCjzXLIg7Raz3O8kP
HzwA1wA8KfgNPNXxCDyJ4jo8kXRBPKplKTzZuu47C2gJPLNV0DthRCE89dsePIK0IzxYeAk8
kJH4OyxzvDtQSUo8+TEaPP7U9jukH687c/VAPCkcOjxtSig8Y3MqPDjYMDyoxCs8cIhyPJ92
2TssJXA8s2DxO1kpPzx/hnY8KTxWPKiiYDzg33M85pd5PFpjSjw2bgI8wq1kPIb4OTx4RCc8
DsWEPCJ5JzzEh2k83VRfPNouZjy7NHc80y83PIEfdTz/GkY8mLhwPO9DaDyjQ4M8TgZbPM3g
Njzl0T481d1jPCcSKzz9/SI8CNh7PChOeTxVEj08qjdYPDuYfjzQVzs868VIPIzSRjwa3Vs8
A8o7PAVsfTyNnnA8qIw2PFU9Xjziuw08rcqAPJFGIjwy2BA88V5vPBxGRjxtP3M8lyKQPDrB
gjw1U0w8xWOFPBxeiDzVzjw8ZMJbPFE4kzyPyoE8UvSHPC2LfDz4cFA8/meTPOhXgjyxrXQ8
cVFfPAPfYzz81Wk8SvUePKP3cTy4GkQ82m2gPIKoczxfx388Bx1qPFaKSTwnRng8xjuVPIQA
izxD9lI8+luEPPiTmDz3el08lVCgPHXPmzzghYs8ibV6PMZXhDzXJZA8uYFIPEi9lDzhV448
fz2DPPDliDzmHJA89OB+PGCEgDyjUX488kyDPDszfDyGFZs8ZTScPBankzw21YM8Wo2iPCnD
gDyDsYc84aaTPKaEkTw2AaI8WMCbPN15hzyO8ZE8+Z+TPADslDzdn1s84t2LPJeSjDw0L8M8
aCSaPBqbojy6gpw861qtPArpozx1tb88XwVuPF9YrDxRoK08PkKcPG0dwTxX8o48jjqSPM/X
hDwU36o8i8ynPJApozwFMaA8Ub6WPCwOhzyGOZw8MMiiPLcOrDzRgZ48o/SePGv/rzyX0b48
WOO/PPrCqDyJA648sqSXPBm4kzw/fag8ZhGaPIKdnzz7E4s8WYmlPB5OjTxEd408niihPACa
jzyIAqE8UVucPH8inDza9Yk8n9DEPKPeqDxzYrE8lQqfPLin0zzDTp88BjK5PFDQqTwWlME8
NBXBPJFDtzz9uJg879a+PFGarzxEYpo8tF20PBQ+xTz4XZY8gnayPMpVuzw7a588osTGPKW9
lTyUTKU85wyrPAucpjxZU748SxWtPOdVujxEVrU81ImwPOtBqjwZW5w8AbGzPL6GmDzoOcM8
rp6oPEa8rjyHjbo8H5C5PGjiqTwJ3q48homiPE1XxDzdt7A85GKwPGnqoTx7o7k8t9uVPIVX
sTwpl7s8h9bLPPf+qjzqRpY8nezMPN0N1zw2ErE88vizPCHYyTxvmro8sSKYPBifrzw3eLg8
JK6mPLWpwzzRyrM89vGdPLZxyjzAk6M8jkDRPMUorzxEPMI8PSvTPNuCuDyXu7A8hNG6PIs5
tTxIq7g8353QPFmIqzwQWMc8rDm3PAvMvjz7ErI8nvzVPNwEwjwDkdE8YJmzPHxYwzxyV8k8
Xhu+PKB1ozwrF7s8rM22PBr3zDx4x9g89o3ZPGcyvTyboNA8RwqmPBCOxDw868E8rgbFPF4g
pTy6NbE8QlLNPGu83jydoPE83+HWPMFYyjyzBMk8xfzaPPCtxDwGEr08Ace4PMj1vTz6fLs8
OUmkPHJpujyYXsc8VbHfPM+vpjyXxdg8x/TEPCpMwjzKa7c8dXbkPIRrxDxvcco8QpC9PPMR
xDwcedU80XLKPLUwtTxEib881n6vPF4B3Dx2h9Y8zzjSPNuy/jwsv7o84BCiPJzHxDzHXNc8
YqzFPMpYxjzmseI8PvzHPO+X4jzxods8iZjoPNBE7zzCw8Q8qq3TPJVIwTw9V9Q8FdjQPBZh
1Tz/ZLY8+3fSPN4Z2zyFO8A8HWbZPEZzxzxBsLs8b+7GPGrTvDyI7dQ83XjJPLuY4TzD/bo8
MAToPDTlxTyr38k8cUfSPKoL0Dy2V9M8uBfIPFHS3Dxl7PY8YprDPCAu1DzzsNM8ly7DPJ/f
1DzQVtA88vLrPIAaxDxlYtk8Zz3pPCdm2DyjBds8aVnLPNGj2DyO1uE8FILzPNMPzTwI3eg8
RxHrPJXg7jxHDtY86wfRPBqZzjxkBvw89ansPPexyzxXas88cZ/pPM0FvzzhINE8DpTlPCNc
7Txz2tM8p5HlPEor1zxaxuU88GjPPC/t1jwpee88eHq5PM9a1DyWmt08zI3ZPNx10zxt/do8
fOnHPNvOzjw4mss8krbaPBK8vjzGBN485pvTPL0j1DzBwrw8DHvLPPoqAT1a4Oc8k53ePBQH
/TwbOM48TCr7PFgn8jylXOw84sTDPHvQ0zyKj9U8VdfZPFBS5zyGTuU85L3tPC4+3TxM5tU8
lJn9PMcy4zztIfE8xmzUPP/uvTzcfd88oEPrPHwI8zx8MtQ8sSXUPEVN4TxcgsM8EGTWPAfY
7jzsius8rRfwPHN05jzQBuI8vhTcPNhkzTxyTgg95uDfPCgS8zw4Xf88czvjPK0y7TySuvQ8
7UHxPGjn1TzoP8g82TziPGtK9TzrWO08ADvTPIpY7zyQCgA9aFvXPDWv6Tz07N08C7DRPBAs
2jyRQAA9bxjkPJhM5jwy4Pc8y7b1PFa0+DxoHNw8ca/IPJaT6Txfi+o8jPPoPC/o6TyPyPg8
8XvfPLtc+Tw/Ae48HuXePP9i+jxM6d08OsvaPM1nAT1OP8A8x2YEPRtE0zy/e/E8zDfVPEJh
1zzHvb88/fb3PMwdED1qMM0836bsPIETwDzCuOA8QR3cPFVS/Dy5oeI865jePPJr4zxI+vc8
lMDUPLGl1Dx4y+08ZXLlPD736zxPBgU9ykH9PMjb/Ty96OU8+1T4PLvh2zwrueQ8r9oAPTLF
5zzI3wI9uKLoPMBm4Dz0DPY8KEPZPLba9zyLvQE9UNm3PH237Txao+08XOb+PJri/jyS+eM8
SW3fPJEkBT3KnfQ8P/fZPG4p3DxCKQA9GH3zPGed0zx5LfM80TD0PITYAz3q+gs9CZ7uPFx4
+TwgIfA8reALPbqd/Tw5++08IuXpPFRNBD1PNeM8bbPlPFth9Dz7h9884HzTPOw+3zyvAA09
uFXuPDpT4DxH2eo8mkv4PM6b9DzIUv48xlfZPHR/5TxucfE8hSjsPCZs6jyWa9c8wrvqPNlD
/TxfQf483mfwPIRR9DxTkAc99kH0PL6F8jw97vc8CXz/POkt2zyUEuQ8cSX2PIDu7jzMI/c8
4YL5PCzSAD35ff483uHbPEaKCD35bwg9DMjsPLQYAj2jy+k8USP1POcmBT1YIvs8hDz0PPGa
+zz5IeM8y9jrPI4pAz1S9+I8T6f3PLbU9zwC9wI9Wc/4PFzXBD0XB/A8+aIGPTeeBD13/gM9
93/yPK9wAD2V6+g8st/uPFKcAT2t9ww9cdQIPTLU6jxFo/88BXvwPNzOBz0BZ/E83eIAPUf/
CT2rDAY9TzcCPenk/zzohQA9sF3rPNAwAz3G0Ac9um4EPR7U9zxFYfc8k+HlPLeeCz1w3fo8
EvgDPfzO/zz7k/g8l2kGPaG18DwcIAk9ciEFPWT++zyPQO48s1zzPESI7DxgJQg99KsGPVgE
Az36BgU9jyD0PKcCAT3DwO48KfP/PIbG9DyhgwI9TQECPd8FDD1BNwc9TioAPd7L7TxbxAs9
hiQIPeFdCz3gigQ9VRwBPc44Bj1OLQc9qxIJPRH88zwxBvQ8ktHbPGgiAz19zgk9ltoGPQYG
DD2mNAk9eaT8PEv5Az3TLeE8bzT6PH1DBj1Tt+s8Hlz/PINN2jxfbAo9o2vnPBa/ED0u3xU9
5bH0PLz0/jzG6fg8XtABPQR9/zx5Xe08cgv6PAdPET2kegA9keQFPUz0Fj14Dwo9Q3INPUEk
Ez1d+xI91hvpPBUiET1i2+w81FkIPdEQBT35FhM9ORfzPFlW/Tx0FwM90m0APcnnEz35ogw9
8JbpPP3UAT0B7hg901UFPYNj7zxQbAk9PNUDPS2HGD0Cc/08cbf9PNBXAD1Jev484hH6PPO6
CT0IfQ49atMRPYtu6zw/xOg8UrUJPRxKAj0g0QU9mvkFPdkCDj0/NQk9MHcIPc8HEz1KGwg9
+jcFPffYDT1vMv48fCcGPU4V/jzVWgw91YMJPcqV/DzzTQs9nn35PEwOBj2X1wc9cvECPRst
Cj1mlfc8lCAJPQm8AD2jf/88unwOPd804DwmdAw9T5ILPe53FD2n0fA8XPoIPdx0DD1Qjv88
ow4YPYhxEz3P/gM91KgUPRfcHz3usAg9N0wOPVb3/zz+ORI9</AssayYData></Step><Step><CommonData><SampleLocation>2</SampleLocation><SampleID>10mM Glycine pH1.7</SampleID><SampleGroup></SampleGroup><SampleInfo>or other Regeneration solution</SampleInfo><SampleRow>H</SampleRow><SamplePlate>1</SamplePlate><WellType>REGENERATION</WellType><Concentration>-1</Concentration><ConcentrationUnits>µg/ml</ConcentrationUnits><MolarConcentration>-1</MolarConcentration><MolarConcUnits>nM</MolarConcUnits><MolecularWeight>-1</MolecularWeight><Temperature>30</Temperature><StartTime>969006</StartTime><AssayTime>20</AssayTime></CommonData><FlowRate>1000</FlowRate><StepType>CUSTOM</StepType><StepName>condition</StepName><StepStatus>OK</StepStatus><ActualTime>20</ActualTime><CycleTime>0.2</CycleTime><AssayXData Points="100">vv8zQ/EyNEPjZTRDFpk0Q0nMNEN8/zRDsDI1Q+NlNUMWmTVDi8w1Q77/NUPxMjZDJGY2Q1iZ
NkNJzDZDfP82Q7AyN0PjZTdDWJk3Q0nMN0O+/zdDsDI4QyRmOENYmThD0s04Q3z/OEPxMjlD
JGY5QxaZOUNJzDlDvv85Q/EyOkPjZTpDFpk6Q0nMOkN8/zpDsDI7QyRmO0MWmTtDScw7Q3z/
O0OwMjxDJGY8Q1iZPENJzDxDfP88Q/EyPUPjZT1DFpk9Q0nMPUN8/z1DsDI+Q+NlPkMWmT5D
Scw+Q3z/PkOwMj9D42U/QxaZP0NJzD9DfP8/Q7AyQEPjZUBDn5pAQ0nMQEN8/0BD8TJBQ+Nl
QUNYmUFDi8xBQ77/QUPxMkJDJGZCQ1iZQkOLzEJDvv9CQ4E1Q0MkZkNDWJlDQ4vMQ0O+/0ND
8TJEQyRmRENYmURDi8xEQ77/REPxMkVDJGZFQ1iZRUPMzEVDfP9FQ/EyRkMxaEZDWJlGQ4vM
RkO+/0ZD8TJHQ+NlR0NYmUdDi8xHQw==</AssayXData><AssayYData Points="100">hvUUvsTiuL0qkWq9qN4cvTDXCr2XvRC9odYWvS9dGr00UT29bLw4vdwAYr1aV1u9//ZgvTHn
fb0KQYS9beCPvb3Ck73gUZ69olicvcYJpL3lpKa9IjSwvRXeq72EPLa9ONG+vS3Zwb1M+8G9
GlfIvWQUzb3klMi9Dk3WvRHI070xhdG9a13gvTZg3r0GZt293xTlvcae673qjOW9awfovd/E
8r2XW/C9b6P5vaDj+b0qCP69AeL9vf7S+r3MYAO+jjD/vbnBAL6rdwK+/pYEvhDXBb5d/we+
pNsFvoBbCr6vUgi++8INvmShDL5Mnw2+ioYPviKqDb41FBC+aCIRvts3D744WRG+8+USvvFe
GL6kohW+5NMbvtpIF74Ibxe+9AMWvg9ZHr4vQx2+e0khvvcuIL7PbR2+DKgavlYtHr7Hkx6+
TjIfvqYwJL46eSS+x4sivmdkI774sCO+M2kivieWI7440ii+xecnvnM+Jr7faie+Zykovlr9
Jr5tZym+CTwsviwFKr6AyS6+Fzotvg==</AssayYData></Step><Step><CommonData><SampleLocation>1</SampleLocation><SampleID>Running Buffer</SampleID><SampleGroup></SampleGroup><SampleInfo></SampleInfo><SampleRow>H</SampleRow><SamplePlate>1</SamplePlate><WellType>BUFFER</WellType><Concentration>-1</Concentration><ConcentrationUnits>µg/ml</ConcentrationUnits><MolarConcentration>-1</MolarConcentration><MolarConcUnits>nM</MolarConcUnits><MolecularWeight>-1</MolecularWeight><Temperature>30</Temperature><StartTime>994350</StartTime><AssayTime>20</AssayTime></CommonData><FlowRate>1000</FlowRate><StepType>CUSTOM</StepType><StepName>condition</StepName><StepStatus>OK</StepStatus><ActualTime>20</ActualTime><CycleTime>0.2</CycleTime><AssayXData Points="100">vv9HQ7AySEPjZUhDFplIQ0nMSEN8/0hDsDJJQyRmSUMWmUlDScxJQ3z/SUOwMkpDJGZKQxaZ
SkOLzEpDvv9KQ/EyS0PjZUtDFplLQ0nMS0O+/0tDsDJMQ+NlTEMWmUxDi8xMQ3z/TEOwMk1D
42VNQxaZTUNJzE1DfP9NQ/EyTkMkZk5DmZlOQ4vMTkO+/05D8TJPQyRmT0NYmU9Di8xPQ77/
T0PxMlBDJGZQQ1iZUEOLzFBDvv9QQ7AyUUMkZlFDWJlRQ4vMUUN8/1FD8TJSQyRmUkNYmVJD
i8xSQ77/UkPxMlNDJGZTQ1iZU0NPzVNDvv9TQ/EyVEMkZlRDWJlUQ0nMVEN8/1RD8TJVQyRm
VUNYmVVDi8xVQ3z/VUPxMlZDZmZWQ1iZVkNJzFZDvv9WQ/EyV0MkZldDWJlXQ4vMV0O+/1dD
sDJYQ+NlWEMWmVhDScxYQ77/WEPxMllDJGZZQ1iZWUOLzFlDfP9ZQ/EyWkPjZVpDWJlaQ0nM
WkN8/1pDsDJbQ+NlW0NYmVtDi8xbQw==</AssayXData><AssayYData Points="100">BcRePNeWC70uklu9nA6BvUCHfr0O6oO9kvWIvRisd714Snm9PudevQt8Z71R2VK9s1JXvcf3
Wb15lDq9A/U4vc+KOr1Y8Dy9REQqvUXzML3KvCu94rYrvZo3Kb33+yS97sYkvb34F71TWQ69
Fy0KvWlmHr3Nfv282SITvR6dAb0khQG9FkL9vHqT9Lyv/vq8PFDivM+E37x5ju68KzTgvAQa
4LwNR8a8I9TXvPjM1bxqH7a8pPvHvMPky7zCts68ayPKvDHvzLyCm9K8nEOTvFpYyryqaq68
H1euvBZYwbx06Ne8XEyqvE2X5bwOr7C8diabvHvq0LyhHKS8a+qxvCJVobzApqy8niGZvMFi
mrwop4C8EF6WvKDjaLxOD6K8cAiMvGxDnryef6S8SQmnvND+ebyJjXy8a9B5vI+0lLzuBFO8
yyaFvI2/kbyhNJG8vXSPvGLES7z7TXW8ESx3vAKES7xC1YO8bSZLvL+dW7yX8Vu8+IRQvM7W
OrxYx0W8qxtYvBT9W7wbqWi8pURmvA==</AssayYData></Step><Step><CommonData><SampleLocation>2</SampleLocation><SampleID>10mM Glycine pH1.7</SampleID><SampleGroup></SampleGroup><SampleInfo>or other Regeneration solution</SampleInfo><SampleRow>H</SampleRow><SamplePlate>1</SamplePlate><WellType>REGENERATION</WellType><Concentration>-1</Concentration><ConcentrationUnits>µg/ml</ConcentrationUnits><MolarConcentration>-1</MolarConcentration><MolarConcUnits>nM</MolarConcUnits><MolecularWeight>-1</MolecularWeight><Temperature>30</Temperature><StartTime>1019966</StartTime><AssayTime>20</AssayTime></CommonData><FlowRate>1000</FlowRate><StepType>CUSTOM</StepType><StepName>condition</StepName><StepStatus>OK</StepStatus><ActualTime>20</ActualTime><CycleTime>0.2</CycleTime><AssayXData Points="100">v/9bQ7EyXEMlZlxDF5lcQ0rMXEN9/1xD8jJdQ+RlXUMXmV1DjMxdQ33/XUO3M15D5GVeQ1mZ
XkNKzF5Dff9eQ7EyX0MlZl9DWZlfQ0rMX0N9/19DsTJgQzhpYEMXmWBD2s5gQ7//YEPyMmFD
8GdhQ1mZYUNKzGFDv/9hQ7EyYkOoZmJDF5liQ0rMYkN9/2JDsTJjQ+RlY0MXmWNDSsxjQ33/
Y0OxMmRDJWZkQyObZENKzGRDff9kQ7EyZUMlZmVD3JllQ0rMZUPFAGZDsTJmQyVmZkNZmWZD
jMxmQ7//ZkPyMmdDJWZnQ5qZZ0OMzGdDv/9nQ/IyaEMlZmhDoJpoQ4zMaEO//2hD8jJpQyVm
aUNZmWlDjMxpQ7//aUPyMmpDJWZqQ1mZakOMzGpDv/9qQ/Iya0MlZmtDF5lrQ4zMa0O//2tD
sTJsQyVmbENZmWxDjMxsQ33/bEPyMm1DJWZtQ1mZbUNQzW1Dv/9tQ/IybkMlZm5DF5luQ4zM
bkN9/25D8jJvQyVmb0NZmW9DjMxvQw==</AssayXData><AssayYData Points="100">av9gvlAOIL5qU/W9Rh3QvQ4zvr1Zir69M1e8vdqmxb2+Jb69r2PKvQ5u1r2JudO9itvZvcZY
5L2RgN69m0Hrva2s772n6/O9eJf4vV6W9730HP+9C/n8vUUL+73dhwC+ZLMGvqiBBL5ucQW+
mbwDvnt+Cr6wcga+TQYLvilfDL4qcQi+I04OvleBDr7/LhC+C28Rvu0jEb7OERa+kMoVvsph
Fb53+BK+sWcdvimYGb4k8hu+TI8avqDhGb6v9Ru+UgkbvtraHb6RIBy+5bQivtY4Hr4cIx6+
pJcjvnAJI75wkh6+Umgiviy/IL5FPCa+9EcnvrWhKL6R4yi+Pr4svi6fLL5fAyy+YMsnvvEs
Kb5ylCy+UxAsvi3kLL4UHjC+X6suviw0LL4oeS2+/aUvvi8RML4rojG+CzUyvlZlMr6ghjK+
fXc0vl4nNL42VjS+Lk80vtM4Nb4A7zS+BA87vhgwN75qkTW+29U5vhniNr764zi+Zbc7vq1E
OL6x0ju+lDM8vuCKOr6cwDy+kvQ5vg==</AssayYData></Step><Step><CommonData><SampleLocation>1</SampleLocation><SampleID>Running Buffer</SampleID><SampleGroup></SampleGroup><SampleInfo></SampleInfo><SampleRow>H</SampleRow><SamplePlate>1</SamplePlate><WellType>BUFFER</WellType><Concentration>-1</Concentration><ConcentrationUnits>µg/ml</ConcentrationUnits><MolarConcentration>-1</MolarConcentration><MolarConcUnits>nM</MolarConcUnits><MolecularWeight>-1</MolecularWeight><Temperature>30</Temperature><StartTime>1045634</StartTime><AssayTime>20</AssayTime></CommonData><FlowRate>1000</FlowRate><StepType>CUSTOM</StepType><StepName>condition</StepName><StepStatus>OK</StepStatus><ActualTime>19.999</ActualTime><CycleTime>0.2</CycleTime><AssayXData Points="100">v/9vQ7EycEMlZnBDWZlwQ4zMcEN9/3BDsTJxQyVmcUNZmXFDSsxxQ7//cUPyMnJD5GVyQxeZ
ckOMzHJDff9yQ7Eyc0MlZnND3JlzQ0rMc0O//3NDsTJ0Q+RldEOamXRDSsx0QwcBdUPyMnVD
JWZ1Q1mZdUOMzHVDff91Q7EydkPBanZDWZl2Q4zMdkN9/3ZD/zR3QyVmd0MXmXdDSsx3Q33/
d0PyMnhD5GV4QxeZeENKzHhDv/94Q/IyeUPkZXlDF5l5QxXOeUO//3lDsTJ6Q+RlekMXmXpD
Ssx6Q33/ekOxMntDJWZ7Q1mZe0OMzHtDff97Q7EyfEMlZnxDF5l8Q0rMfEN9/3xD8jJ9Q+Rl
fUMXmX1DSsx9Q7//fUPyMn5D5GV+QxeZfkNKzH5DJQZ/Q7Eyf0PkZX9D4pp/Q0rMf0N9/39D
eRmAQ/EygEOLTIBDJWaAQ75/gEO6mYBD8bKAQzXOgEMl5oBD3/+AQ1gZgUPxMoFDi0yBQyVm
gUPff4FDeZmBQ/GygUOszIFDJeaBQw==</AssayXData><AssayYData Points="100">37R9vMmmTb1dpHy9WHGOvXq9g70mVo69NLSGvQNZfL1qzoG9C9BzvXRHVL2rUW69+kFdvVN+
Xb38PFu972lTvVIlVL3YJUq9u5FNva0zUL0hXUC9Q9k4vdErRr1PWTy9KMwyvfIsKb2ZnR29
vRgZvdQxKr24rze9yfYXvV88Jr0ZJh694V0fvX44HL3pGh2937QavQF6Jb3ckgy9dRQNvWjb
DL0rZRO9KOMFvWppCb2LkQq9XxkJvQe0Cr3KtAy9uv38vBFSEL31jBC9/i7jvDXV37xQE+W8
2IwEvSoA+Lxjuu+817zkvNX3/bzkF+S8Q7AKvTKVA70Cju+86u/GvNnt5LzTre+8R2jqvJGk
Ab0aDNC8zL3JvAqD5bxoVem8uMPUvNP+1bxtt+i8UGDdvClJ2bzEYNW8WfynvLpF3LxCt8W8
WCC/vHDv0bxoUda8DuKuvCBz0rwHcMa8zb/avMTCt7yDobG8RX66vEkwwLwoVYe8CR7GvH0c
xrx6iqa89eKtvGvvoLwItaK8lFG5vA==</AssayYData></Step><Step><CommonData><SampleLocation>2</SampleLocation><SampleID>10mM Glycine pH1.7</SampleID><SampleGroup></SampleGroup><SampleInfo>or other Regeneration solution</SampleInfo><SampleRow>H</SampleRow><SamplePlate>1</SamplePlate><WellType>REGENERATION</WellType><Concentration>-1</Concentration><ConcentrationUnits>µg/ml</ConcentrationUnits><MolarConcentration>-1</MolarConcentration><MolarConcUnits>nM</MolarConcUnits><MolecularWeight>-1</MolecularWeight><Temperature>30</Temperature><StartTime>1071449</StartTime><AssayTime>20</AssayTime></CommonData><FlowRate>1000</FlowRate><StepType>CUSTOM</StepType><StepName>condition</StepName><StepStatus>OK</StepStatus><ActualTime>20</ActualTime><CycleTime>0.2</CycleTime><AssayXData Points="100">v/+BQzgZgkPRMoJDa0yCQwVmgkO/f4JDOJmCQ/KygkOMzIJDJeaCQ7//gkNZGYND8jKDQ4xM
g0MlZoNDv3+DQ1mZg0PysoNDa8yDQyXmg0O//4NDWRmEQ/IyhEOMTIRDyWaEQ79/hENZmYRD
8rKEQ4zMhEMl5oRDv/+EQ1kZhUM0M4VDjEyFQyVmhUOef4VDOJmFQ/KyhUOMzIVDJeaFQ7//
hUNZGYZD8jKGQ2tMhkMlZoZDv3+GQ1mZhkPysoZDjMyGQyXmhkO//4ZDWRmHQ/Iyh0NrTIdD
JWaHQ0KAh0NZmYdD0bKHQ4zMh0Ml5odDnv+HQ1kZiEPyMohDjEyIQyVmiEO/f4hDOJmIQ/Ky
iEOMzIhDBeaIQyEAiUM4GYlD8jKJQ2tMiUMlZolDv3+JQziZiUPysolDjMyJQyXmiUOe/4lD
XxqKQ/IyikOMTIpDJWaKQ79/ikNZmYpD0bKKQ2vMikMl5opDv/+KQzgZi0PRMotDa0yLQyVm
i0Oef4tDeZmLQ9Gyi0OMzItDJeaLQw==</AssayXData><AssayYData Points="100">feB0vrTENL5GcBO+xjn7vX2E7b3L0+y9fNjqvWFf+b2mDfq9T9QBvvsUA75KgAi+2KYJvnhO
B77h1gu+IxEOvlDIEb5H6wy+ab8VvvV0Fb5rWhS+gZEYvooEGb47Xxy+iQcavkMrGb7PXR2+
dhkfviMDJb4G3B6+4qYfvs6lJL5GHiG+q0okvjFYJL5GxSK+kOoivoYsKr5q3ya+3G4qvpWS
L75XMCu+STYuvtmzML4GDS2+7MIuvr4qLb7wGzW+k/UyvggUL75pyDK+tvAyvm0FLr59RjO+
b1IzvuIQN77pGDe+VoU1vrFwOL6irzu+jDY7vinIPL7jpjq+N+86vqWIOr4bMD6+KMQ4vlK+
PL6sgkG+qms6vp8PQr4+1j2+w2FAvjyjPL4DWkK+rEQ/vgdCPr4aR0W+dT5DvmA9Q75D8kG+
m7ZDvoQsR75nvEa+FdlDvljGSL4ihkq+wpVKvlnLRb6oxkq+koBJvq7MSr547ky++zJMvt9s
S75Ln0y+AfJMvjbdTr6Rm0++qIRKvg==</AssayYData></Step><Step><CommonData><SampleLocation>1</SampleLocation><SampleID>Running Buffer</SampleID><SampleGroup></SampleGroup><SampleInfo></SampleInfo><SampleRow>H</SampleRow><SamplePlate>1</SamplePlate><WellType>BUFFER</WellType><Concentration>-1</Concentration><ConcentrationUnits>µg/ml</ConcentrationUnits><MolarConcentration>-1</MolarConcentration><MolarConcUnits>nM</MolarConcUnits><MolecularWeight>-1</MolecularWeight><Temperature>30</Temperature><StartTime>1097009</StartTime><AssayTime>20</AssayTime></CommonData><FlowRate>1000</FlowRate><StepType>CUSTOM</StepType><StepName>condition</StepName><StepStatus>OK</StepStatus><ActualTime>20</ActualTime><CycleTime>0.2</CycleTime><AssayXData Points="100">v/+LQ1kZjEPRMoxDjEyMQwVmjEO/f4xDWZmMQ/KyjENrzIxDJeaMQ57/jEM4GY1D0TKNQ2tM
jUMFZo1Dnn+NQziZjUPyso1Da8yNQwXmjUOe/41DOBmOQ9EyjkOMTI5DBWaOQ79/jkM4mY5D
8rKOQ4zMjkMF5o5Dnv+OQzgZj0PRMo9Da0yPQwVmj0Oef49DOJmPQ9Gyj0NrzI9DBeaPQ57/
j0NZGZBD0TKQQ2tMkEMFZpBDv3+QQziZkEPRspBDjMyQQyXmkEO//5BDOBmRQ/IykUNrTJFD
BWaRQ55/kUM4mZFD0bKRQ4zMkUMF5pFDnv+RQ1kZkkPyMpJDjEySQwVmkkOef5JDOJmSQ9Gy
kkOMzJJDBeaSQ57/kkM4GZND0TKTQ2tMk0MFZpNDv3+TQziZk0PRspNDa8yTQwXmk0O//5ND
OBmUQ9EylEOMTJRDJWaUQ79/lENZmZRD8rKUQ4zMlEMl5pRDv/+UQ1kZlUPyMpVDjEyVQyVm
lUO/f5VDWZmVQ/KylUOMzJVDJeaVQw==</AssayXData><AssayYData Points="100">lv/6PEzv0Lx7EGO93LiGvTwumL36i429i++Vvflimb0q+oy9nryJvQagib2QPYa9PHuAvfGS
er0S6IC9BzNovWmOfL0ThGu9R1ZtvalJTb1Ce1a9n1FevWeCYr3dElu92yFJvfS2Xb2LUlu9
OrRJvX8lPL2BVU+9X7hCvfVvP71J1TS9mwA1veZTQr34PDW9IswtvboaNb1xOjy9mfkzvaio
Kr31Jye9PMo4vY+mMr34Iiy9+cwevdTdGb1CSCu9HQ4ovQsIIr08IBG9PwsWvd1UF72QwhK9
IBQavcTXIr0LOBa9LzsMvTxaGr3SeRK9GykhvUM4Kb1r6hW9GuQGvdzCEr3kARq9FZsHvTUF
FL34bPq81jwVvZ52C71qyA+9HYn0vOAnCL16iPy8yCEFvXk8DL2VjBO9beQKvfY3HL2/JRG9
kkwQvV0qC70J3gS9kS4GveAi/bxwqgq9m48LvVRzAr2XY+m8yk0HvYkC8bwZEgK9gqcKvfbd
+7xoR968MKfVvBf/77yqCAG9rjHyvA==</AssayYData></Step><Step><CommonData><SampleLocation>3</SampleLocation><SampleID>Running Buffer</SampleID><SampleGroup></SampleGroup><SampleInfo></SampleInfo><SampleRow>H</SampleRow><SamplePlate>1</SamplePlate><WellType>BUFFER</WellType><Concentration>-1</Concentration><ConcentrationUnits>µg/ml</ConcentrationUnits><MolarConcentration>-1</MolarConcentration><MolarConcUnits>nM</MolarConcUnits><MolecularWeight>-1</MolecularWeight><Temperature>30</Temperature><StartTime>1122973</StartTime><AssayTime>120</AssayTime></CommonData><FlowRate>1000</FlowRate><StepType>BASELINE</StepType><StepName>Baseline 120</StepName><StepStatus>OK</StepStatus><ActualTime>120</ActualTime><CycleTime>0.2</CycleTime><AssayXData Points="600">v/+VQ1kZlkPyMpZDjEyWQyVmlkO/f5ZDWZmWQ/KylkN3zpZDJeaWQ7//lkNZGZdD8jKXQ4xM
l0MFZpdDnn+XQ1mZl0PyspdDjMyXQwXml0O//5dDeRmYQ/IymENrTJhDBWaYQ2OAmENZmZhD
8rKYQ4zMmEMF5phDxQCZQ1kZmUPyMplDjEyZQyVmmUO/f5lDWZmZQ9GymUOMzJlDJeaZQ57/
mUM4GZpD0TKaQ2tMmkMlZppDv3+aQziZmkPetJpDa8yaQyXmmkOe/5pDWRmbQ/Iym0OMTJtD
JWabQ79/m0M4mZtD0bKbQ2vMm0MF5ptD4P+bQzgZnEPRMpxDjEycQyVmnEO/f5xDOJmcQ9Gy
nEMwzZxDLOecQ7//nEM4GZ1D8jKdQ2tMnUMFZp1Dv3+dQziZnUPysp1Da8ydQwXmnUOe/51D
WRmeQ9EynkOtTJ5DBWaeQ55/nkM4mZ5D0bKeQ2vMnkMl5p5Dv/+eQzgZn0PRMp9Da0yfQwVm
n0Oef59DOJmfQ9Gyn0NrzJ9DBeafQ57/n0M4GaBD0TKgQ7NNoEMFZqBDnn+gQziZoEPRsqBD
ks2gQwXmoEOe/6BDWRmhQ/IyoUNrTKFDBWahQ55/oUM4maFD0bKhQ2vMoUMl5qFDv/+hQzgZ
okPRMqJDa0yiQwVmokOef6JDOJmiQ9GyokNrzKJDqOaiQ7//okNZGaND8jKjQ4xMo0MlZqND
v3+jQ1mZo0PysqNDG8+jQyXmo0O//6NDWRmkQ/IypEOMTKRDJWakQ79/pEM4maRD+LOkQ4zM
pEMl5qRDv/+kQ1kZpUPyMqVDjEylQyVmpUPgf6VDWZmlQ/KypUOMzKVDJealQ7//pUNZGaZD
8jKmQ4xMpkMlZqZDv3+mQ1mZpkPRsqZDa8ymQyXmpkO//6ZDWRmnQ/Iyp0PNTKdDJWanQ79/
p0M4madD8rKnQ4zMp0MF5qdDnv+nQ9wZqEPyMqhDa0yoQyVmqEOef6hD3JmoQ/KyqENrzKhD
BeaoQ57/qENZGalD0TKpQ4xMqUMFZqlDv3+pQ1mZqUPRsqlDa8ypQwXmqUO//6lDOBmqQ/Iy
qkNrTKpDBWaqQ79/qkNZmapD0bKqQ2vMqkMl5qpDv/+qQzgZq0PRMqtDa0yrQwVmq0Oef6tD
OJmrQ9Gyq0OMzKtDBearQ7//q0M4GaxD8jKsQ4xMrEMFZqxDxYCsQziZrEPRsqxDa8ysQyXm
rEO//6xDWRmtQ9EyrUMPTa1DBWatQ55/rUM4ma1D0bKtQ2vMrUMl5q1Dv/+tQzgZrkMZNK5D
jEyuQwVmrkOef65DOJmuQ9GyrkNrzK5DJeauQ57/rkO7Ga9D0TKvQ2tMr0MlZq9Dnn+vQziZ
r0PRsq9Da8yvQ2fmr0Oe/69DWRmwQ9EysENrTLBDBWawQ55/sEM4mbBD0bKwQ2vMsEMF5rBD
nv+wQzgZsUPRMrFDa0yxQyVmsUO/f7FDWZmxQ1SzsUOMzLFDJeaxQ+D/sUNZGbJD8jKyQ4xM
skMlZrJDQoCyQ1mZskPysrJDjMyyQwXmskMAALNDOBmzQ/Iys0OMTLNDJWazQ79/s0M4mbND
8rKzQ63Ms0Ml5rNDv/+zQ5oZtEPRMrRDjEy0QyVmtEO/f7RDWZm0Q/KytEOMzLRDJea0Q7//
tEOaGbVD8jK1Q4xMtUOIZrVDnn+1Q1mZtUPysrVDjMy1QyXmtUO//7VDWBm2Q9IytkOMTLZD
qGa2Q55/tkM4mbZD8rK2Q2vMtkNn5rZDnv+2QzgZt0PyMrdDa0y3QyZmt0O/f7dDeZm3Q9Ky
t0OMzLdDBea3Q7//t0NYGbhD2DO4Q6xMuEMFZrhDv3+4Q7uZuEPysrhDa8y4QwXmuEO//7hD
OBm5Q9IyuUNxTblDBWa5Q79/uUNYmblD0rK5Q2vMuUMm5rlDnv+5QzgZukPSMrpDa0y6QyZm
ukOef7pDWJm6Q/KyukNQzbpDJua6Q57/ukNYGbtD0jK7Q2tMu0MmZrtDnn+7Q1iZu0PSsrtD
a8y7QwXmu0Oe/7tDPhq8Q9IyvENrTLxDBWa8Q55/vEM4mbxD0rK8Q2vMvEMF5rxDnv+8QzgZ
vUPSMr1Da0y9QwVmvUOef71DOJm9Q9KyvUOzzb1DBea9Q57/vUM4Gb5DdTO+Q2tMvkMFZr5D
v3++QziZvkPSsr5Da8y+QwXmvkOe/75DOBm/Q9Iyv0OMTL9DJma/Q+B/v0NYmb9D8rK/Q4zM
v0Mm5r9D5gDAQ1gZwEPSMsBDME3AQyZmwEO/f8BDWJnAQ/KywEM2zsBDJubAQ7//wEN5GcFD
0jLBQ4xMwUNGZsFDv3/BQ1iZwUPyssFDjMzBQybmwUO//8FD3BnCQ/IywkOMTMJDJmbCQ55/
wkN5mcJD8rLCQ4zMwkMm5sJDv//CQ1gZw0PSMsNDa0zDQyZmw0O/f8NDWJnDQ9Kyw0NrzMND
BebDQ7//w0M4GcRD8jLEQ4xMxEMmZsRDv3/EQ1iZxEPSssRDjMzEQybmxEO//8RDWBnFQ9Iy
xUOMTMVDJmbFQ55/xUMCm8VD8rLFQ4zMxUMm5sVDv//FQ1gZxkPSMsZDjEzGQwVmxkNCgMZD
WJnGQ/KyxkNrzMZDJubGQ57/xkNYGcdD0jLHQ+5Mx0MmZsdDnn/HQ1iZx0PSssdDcc3HQybm
x0Oe/8dDWBnIQ9IyyEOMTMhDBWbIQ55/yEM4mchD8rLIQ2vMyEMF5shDnv/IQ1gZyUPSMslD
a0zJQyZmyUOef8lDWJnJQzSzyUNrzMlDyebJQ57/yUNYGcpD0jLKQ2tMykMFZspD4H/KQziZ
ykPSsspDa8zKQwXmykOe/8pDWBnLQ9Iyy0NrTMtDJmbLQ55/y0M4mctD0rLLQ2vMy0MF5stD
nv/LQzgZzEPSMsxDjEzMQwVmzEOkgMxDOJnMQ9KyzENrzMxDJubMQ57/zENYGc1D0jLNQ2tM
zUMsZ81Dnn/NQ1iZzUPyss1DjMzNQybmzUO//81DWBnOQ/IyzkOsTM5DJmbOQ79/zkNYmc5D
8rLOQ4zMzkMm5s5Dv//OQ5oZz0PyMs9DjEzPQ0xnz0Oef89DWJnPQ/Kyz0OMzM9DJubPQ7//
z0NYGdBD8jLQQ4xM0EMmZtBDnn/QQ1iZ0EPystBDjMzQQybm0EO//9BDWBnRQ/Iy0UOMTNFD
BWbRQ55/0UNYmdFDVLPRQ2vM0UMm5tFD</AssayXData><AssayYData Points="600">WZoSvayBCb236RO9c9cGvc5PFL3UvgS91M/4vKSS97zGNwG9kwb4vIta37ym2ve8v2cCvUee
A71VBfS8ki/gvBGu4rxel+y8zfMBvZS84ry70tm8ewnyvGIT3rza8ty8bx8Dvcn717zPeN68
WDYAvbn1A72RoPm8M5jbvHcI7Lws8ta80jHjvEaA67wghPW84d6+vIG807wh2728ZyT1vO3Q
27z+osO8U/HfvDVdvrwlPbe8M2XuvFqM17y9jLi8hp/HvAkV27xhFsm8Lh/gvP+9xby2Vua8
eX66vPZiAb3Oftm8WZ2+vFmO0LyLPca8K/rkvEwqAL18VfO875/KvFm88rw287m8Fl7SvAmR
6bys8bi8eyqxvEKCs7w+osi8seucvHf1xbwgSMC8Qge+vGefwrzxNtq8wLSzvF1myrw9Fsy8
b+fZvHex07xe7bO8FBDQvOqA3rwm+cS8R5vivIVD27zOULS8XibIvDAb0rw3YKK8+njXvP+a
prxEkru8xuzUvH6lpry7n4y8V6urvFuPzLzJ5by8DCOwvEwx17wgXdO8kwqsvNq4ubzUIda8
bhafvNayqryKS8y8C0+nvHBinLxw/5e8RU6dvEK0o7ypubC8J2e3vJuCtrxSbJu8MvGpvKzy
tbzY6KC8HOOlvN1qoLzHJsa8eIGhvFxwj7x97668wUWsvCcxoLxW65+8RO2NvHr5qbx2raq8
VCOXvLKUubzeA7S86j28vLWgtLzUpaG8Y5+mvFBEsryBR568MwuuvDl+l7xgr4G8xcKPvCyJ
hLxTm6C8YLigvA8lmrwxOaC8wNOkvAZ8h7wB3rW8Oqy4vOKQqryDe2m8PVCFvPY4trwf6Xu8
RoKSvI0Be7wcapG8NRKevCIQkbwyHJi8bX2WvJSNorzKR7e8z2WmvP8lpryAEpC83++tvGPf
urwVxoe853KUvHEbobxUsYa8EP+FvMdtm7xB74a80MWBvGPpqLxD2pK8LLGVvCgMmLwQqZy8
WAhovHgLjbxVjoC8TN2VvCmZg7y9pqy8C1RUvM8bjLxia0q8r1G6vBNfjLzPZTe885l2vCwO
gryosIu8URR6vEhNibwe9Vu8r2Y7vHconbzPbZu8u2w+vOFshLxVnHe8WwSRvL1QirwcuYC8
p3iHvPYve7zCM4W8WVxpvPVAXrz6B1S8uGiZvPBHnLwhQ4m8ouYqvENoZ7x1X4S8ayqTvFDk
WLyRlU28kq9kvAarlrzsMIO8Wq2RvIjObbz9t4C8WwB5vLgYlrx0o4O8kehuvNOphLy+imS8
81gvvJmNVLzL8J28uIJ3vLNpRLyZSFy8meZovH9CW7yL+IK8/utMvF1Za7xlX3S8acyHvOJa
dLyYAV28za50vLvWg7zw2kC8t90yvHKGcbwyi0+80uUovD+3I7wLHk+8tfZOvCTTSLyg6I28
JvSIvCLzXrxhx0a8R/EfvOKribz291a8BmRwvKqsT7z3aE+8KkWBvHF6WbxAjUS8BWBPvFlG
erxwbHC8tf5IvOV6WLwtSWG8eklfvJ+ALbzhmVy80q9HvOzsP7yfcl28f9wivDIGQbw1pTW8
zRkKvP/lTbymLEG8r60uvI19f7y8jiu8/o0IvGAsR7wqgGi87O0WvEifMLyQVYC8IqZBvFy+
RLzlQVy84q1WvF7GCLwP2DS87YFbvO+2RLwJqxq8w8UkvO4CF7xeKjm8BaYlvCgzabyl0z+8
neMyvO+sYLzIdFa8WMcmvEWxb7yMAS68+6sOvJzVKLxCMFW8I3UjvFuhF7zi9ky8J+BSvCJ5
LbyIT0S848EmvH4+VbwM9Gy8LdBkvGHgWby1SFe8ZA0yvHqDWLws7BO8eeQ3vFLJGLxCiwS8
lwwsvEyPE7x2NiG8hjU2vLlqKLzniQa8/G0wvE+ED7yfxvG7UN4mvCyeH7yjbGi8aiNnvBoB
M7x88iO86pssvNMAzbtOUwS8Hi0PvKKVErzmVRG8sJ74uzNHSrynET+8MaspvNQ9OLyDFV68
oR04vDKJ2buDJQO8z50kvFssI7zYxTO8ACwYvMzcg7wAfAu8ElACvIC2PLwZAvy733JSvIhT
M7x8UlO8SPRFvMO/A7zQxyG8HSQTvPBZCbyDSEq8kUM3vIALSbzhHCG8DUVCvGQ3ILwWI0S8
ZCw2vKKbB7xro2O8GQ5WvPJtIbzS5Vy84FcLvAKAFLx6wkK8HJRdvAv6AbzlAfe7fXUqvPXP
ILwb2g68TV0GvGwNSLyKWi68j+YcvI4kG7wdzfK7XRzuu39G1bss6gS8aDILvLM+lLvddiu8
QAhqvCQi67uCnAq8k3EdvLt6IbxDMBy8H3+3u3+ZHrywM8+75EUQvORTNbz0jSu8TJQivKPG
2bvpRzC8UN1VvFFg/7tCDhy8+KjZu2hYvLsNtPO7PrQYvAgZIryWKYC89rkqvCGTArybmqC7
ntcWvJPmMLwUfQy8qAVjvEP1RLzEEKe7+UwtvHuN67uZYwS8NRDOu0UuELwP8My7y2BFvFDa
Irxgmve73aMfvECaO7whbei7x+EovBUdFbyamzG8IDcevM45/7snAxW8wov0u5aQBrxqaQu8
41gFvE7nRLzRa5G74gjqu8002bsVkCO8yhH5ux3n6bsoig+8OST+ux9I37sOyvi7kl+0u8sD
+rsdcIa7TTgLvIpd77sv9AC851gqvGSLrrsxDTW7ETEtvJuoqbv1AQu8c34fvNC2Prxtqtu7
Ome/u/ADtLqvBSS8XrMAvCtyBbwmTvW7Rt+Xu9Z01rtjPfq7CMPLuxTxGbyARPm7l5ASvEp7
Ery0ZT28J3Peu0MdKLwVkVq7UbmPu8QYH7wbUSO88xcjvOQnprt0/QO8x4unu4/gvrufL8m7
j8zMuxNm3bsbq+y7byKVu/HBxLtp0b+7P6/5u0lIGbyCuee7plX5u3KrI7wArjC8L8U6vH/T
G7wqaBi8kh1+u5cqLrzLHQO89PXwu//vAby8Mfa7ptcxvLlAm7te1wC8Cpbgu3kyDLyQziW8
6Am7u1E2A7zZi9O7n58xu1ehf7tUgqS7fAuPu6TpwLvNjbS7QIwDu3xdNbxvh427oVHuu1PU
xrsIM+W70Vepu5XYibuCan67+NUQuwbo0btX5qW7deW9u0m8qruEPOi7pNbGu6KD7LszaqO7
gTkCvJ+QxLsQpQW8l8YNvF5u27sQ0/+7</AssayYData></Step><Step><CommonData><SampleLocation>8</SampleLocation><SampleID></SampleID><SampleGroup></SampleGroup><SampleInfo></SampleInfo><SampleRow>H</SampleRow><SamplePlate>1</SamplePlate><WellType>KLOAD</WellType><Concentration>-1</Concentration><ConcentrationUnits>µg/ml</ConcentrationUnits><MolarConcentration>-1</MolarConcentration><MolarConcUnits>nM</MolarConcUnits><MolecularWeight>-1</MolecularWeight><Temperature>30</Temperature><StartTime>1251370</StartTime><AssayTime>20</AssayTime></CommonData><FlowRate>1000</FlowRate><StepType>LOADING</StepType><StepName>Loading</StepName><StepStatus>OK</StepStatus><ActualTime>20.003</ActualTime><CycleTime>0.2</CycleTime><AssayXData Points="100">wP/RQ1oZ0kPSMtJDbEzSQwZm0kOff9JDOZnSQ3az0kNszNJDBubSQ5//0kM5GdND0jLTQ2xM
00MmZtNDn3/TQzmZ00PzstNDbMzTQwbm00Of/9NDWhnUQ/My1ENsTNRDBmbUQ59/1EM5mdRD
0rLUQ2zM1EMG5tRDwP/UQ1oZ1UPzMtVDrkzVQyZm1UPAf9VDWpnVQ/Oy1UONzNVDJubVQ8D/
1UNaGdZD8zLWQ41M1kMmZtZDwH/WQ1qZ1kPzstZDjczWQ2jm1kPA/9ZDgBrXQ/My10ONTNdD
JmbXQ59/10NamddD87LXQ43M10NH5tdDwP/XQ1oZ2EPzMthDjUzYQ/do2EPAf9hDWpnYQ/Oy
2EONzNhDJubYQ5//2ENaGdlD8zLZQ9RN2UMmZtlDwH/ZQ1qZ2UN2s9lDjczZQwbm2UPA/9lD
WhnaQ9Iy2kONTNpDJmbaQwKA2kM5mdpD0rLaQ43M2kMm5tpDwP/aQzkZ20PzMttDjUzbQwZm
20Off9tDOZnbQ9Ky20ONzNtDiebbQw==</AssayXData><AssayYData Points="100">HANwvE9TBbyvnQW8+dQLvAh3AbxtvIC7mvMMvFaE1bsPS0a7jUCMu6Mi/7vpbtK7EoUEvFwt
t7sxz0y7u/O+uxXUgLtxFIe7pkB3u42rxrudlE27XHGku/lrULv8EbK7K2rgusI1m7otrwC7
g+reuveMxbuvZze7jBmqux4eirtguxW7ZDO1u/OgTbsoZNy7X3cNu2FWnLpseJQ6yWrauqgN
Q7vQmHO70PyUuZoLibkfA5O6wK+Ju0U/Abr56IW6H7ztu3RcoLqOppo5/6tJu7gNR7tPSKI6
1h9DuzBTPjuS+iO5cOTROWpFnznVr6K6/ilqOoJ4/bonIh+4OiGwumvTvLvEeJC6ndozuxXF
E7rjTwo6ZOZJu05xXjp18ly6cKriOtFNDjtCfH66ZWM9u1cNGbvKk966AHJWO/3QXTnWVCC6
VrmFux0ckrurVli6wa4Iu9A3n7kGQZG5DSubuiIsiDtUdOm5LZweu+o8OjtTrSo7NI1Mu80S
Pjv8O466BzCTuqc2/7pSLcs6UfOuug==</AssayYData></Step><Step><CommonData><SampleLocation>9</SampleLocation><SampleID></SampleID><SampleGroup></SampleGroup><SampleInfo></SampleInfo><SampleRow>H</SampleRow><SamplePlate>1</SamplePlate><WellType>BUFFER</WellType><Concentration>-1</Concentration><ConcentrationUnits>µg/ml</ConcentrationUnits><MolarConcentration>-1</MolarConcentration><MolarConcUnits>nM</MolarConcUnits><MolecularWeight>-1</MolecularWeight><Temperature>30</Temperature><StartTime>1281161</StartTime><AssayTime>60</AssayTime></CommonData><FlowRate>1000</FlowRate><StepType>BASELINE</StepType><StepName>Baseline 60</StepName><StepStatus>OK</StepStatus><ActualTime>59.999</ActualTime><CycleTime>0.2</CycleTime><AssayXData Points="300">IwDcQ5wZ3EM1M9xDz0zcQ2lm3EMCgNxDvZncQzWz3EPPzNxDqubcQwIA3UOcGd1DNTPdQ89M
3UOJZt1DAoDdQ5yZ3UM1s91Dz8zdQ8vm3UMCAN5DvRneQzUz3kPPTN5DaWbeQwKA3kO9md5D
NbPeQ/DM3kOJ5t5DIwDfQ70Z30M8NN9D8EzfQ4lm30MjgN9DvZnfQ1az30PwzN9DiebfQ+gA
4EO9GeBDVjPgQ/BM4EOJZuBDI4DgQ72Z4ENWs+BDlM3gQ4nm4EMCAOFDvRnhQ1Yz4UPwTOFD
iWbhQyOA4UO9meFDNbPhQzHN4UOJ5uFDIwDiQ70Z4kNWM+JD8EziQ4lm4kMjgOJDrpziQ1az
4kPwzOJDiebiQwIA40OiGuNDNTPjQ/BM40OJZuNDI4DjQ72Z40NWs+NDz8zjQ4nm40MjAORD
vRnkQ1w05EPwTORDiWbkQyOA5EOcmeRDNbPkQ/DM5EOJ5uRDIwDlQ70Z5UM1M+VD8EzlQ2lm
5UMjgOVDvZnlQ7iz5UPPzOVDaeblQwIA5kO9GeZDVjPmQ/BM5kNpZuZDI4DmQ5yZ5kNWs+ZD
8MzmQ2nm5kMIAedDvRnnQ1Yz50PPTOdDiWbnQyOA50O9medDVrPnQ8/M50Np5udDAgDoQ5wZ
6EM1M+hDz0zoQ4lm6EMCgOhDnJnoQ7iz6EPwzOhDieboQwIA6UOcGelDGzTpQ89M6UNpZulD
AoDpQ5yZ6UM1s+lDz8zpQ2nm6UMCAOpDvRnqQzUz6kPPTOpDaWbqQwKA6kOcmepDNbPqQ2vR
6kOw5+pDAgDrQ5wZ60M1M+tDz0zrQ2lm60MCgOtDnJnrQzWz60PPzOtDiebrQwIA7EOcGexD
NTPsQ89M7ENpZuxDAoDsQ5yZ7EM1s+xD8MzsQ2nm7EMCAO1DnBntQ1Yz7UPwTO1DqmbtQyOA
7UO9me1DVrPtQ/DM7UOJ5u1DIwDuQ70Z7kNWM+5D8EzuQ4lm7kMjgO5DvZnuQ1az7kPPzO5D
iebuQyMA70O9Ge9DVjPvQ/BM70OJZu9DI4DvQ72Z70NWs+9D8MzvQ4nm70MjAPBDvRnwQ1Yz
8EPwTPBDaWbwQ4WA8EO9mfBDVrPwQ8/M8EOJ5vBDIwDxQ5wZ8UNWM/FD8EzxQ4lm8UMjgPFD
vZnxQ1az8UPwzPFDaebxQyMA8kO9GfJDNTPyQ/BM8kOJZvJDAoDyQ72Z8kM8tPJD8MzyQ2nm
8kMjAPNDvRnzQzUz80PwTPNDiWbzQwKA80O9mfNDNbPzQ8/M80OJ5vNDAgD0Q70Z9EM1M/RD
z0z0Q4lm9EMCgPRDnJn0Q1az9EPwzPRDieb0QwIA9UOcGfVDNTP1QzFN9UNpZvVDKYH1QwSb
9UM1s/VDz8z1Q4nm9UMjAPZDvRn2QzUz9kPPTPZDaWb2QyOA9kOcmfZDVrP2Q/DM9kNp5vZD
AgD3Q5wZ90NWM/dDz0z3Q2lm90MCgPdDvZn3QzWz90PPzPdDaeb3QyMA+EOcGfhDNTP4QxdO
+ENpZvhDI4D4Q72Z+EM1s/hDz8z4Q2nm+EMCAPlDvRn5Q3cz+UPwTPlDaWb5QwKA+UOcmflD
NbP5Q8/M+UNp5vlD</AssayXData><AssayYData Points="300">chJhPgMlcz7Ec3Y+vUl5Plg2eD6kQXg+cXZzPtNVeT6ToXU+d2B3PjxKdT4BIHM+GmVyPjPL
dD5X/XY+1WpvPiUhcj6b/W4+PQt2PlwqdT6R5HM+edptPrnucT4X2m4+9rJyPgaYcD5uXWo+
YlhrPqppcT76Em8+7KtuPqlibT7slm8+/dRtPn2BbT41Q24+SeBtPjJhaj5Jbm0+f9xrPnkF
bj6mBW4+tVltPrEQaz6m/24+sShvPsXXaz5grWo+mAFsPgRDcD7XX3E+n+JoPjEyaj6SnW8+
+oRqPsqvbD6lvWk+SxdrPiA2bD5irmY+H65qPvVyaz6Ermw+PQ1pPrjdbT7dbmc+BexpPqhC
aT6u82g+RBtlPkoCZj4PSWg+wjpnPhJyZz7tEmk+DM9oPqBBaT4q7Wc+obdlPrN1Zz4pbmk+
D5piPgQPZj4EDWI+cvhlPjwFaD4tRWM+QgtpPszkZT7+52I+0W5jPnoUZD6RKGc+dNBkPvN9
ZD7QwWg+sPViPg3aYj53vmM+u0JjPpcHYj5OcmI+j35hPsuLZD790GE+cPZgPguaZz70yGQ+
EVVjPjY7YT4J0GE+Z6hiPq40YT5Nh2M+D81ePvVAZD6mN2M+oFRhPhj1ZT7jbV8+EMZkPg2V
YT6H0WA+HOdiPvaVXj7rXl4+QVFgPgjXWT5fN2M+ngZdPqwIXj5XLWI+GSNePkxbXD4YD18+
yoNdPr5wXj5/c14+gaxfPnSlXD4qI2E+HuRePhgJYT5fOGI+Sy5ZPvljXj6iqFo+1VdePtYI
Wj7HlV8+HO1bPvskXz5CGGI+r1pYPhGvXj5CuVs+ktBWPvhUWT4d9lg+kVVcPvnrXT5A4lc+
5gRhPk/vXD6BXlg+ovBbPj39Wz6/SVs+o9lbPqpDXT6VX1k+5VVdPkXVWz4dElw+JzlbPsXP
WT4GiF4+X3dZPq/2Vz6m1Fw+wZVZPrfUWj5Cs1s+r3xbPt5sWD6SdFs+nwtaPnGPVz4mwlY+
BtxWPklfWz7ckFg++mRYPm9KWD5s71o+TLdaPobaVj4fKFc+7mtYPhj+Vz6Q7Fo+kS1YPvjj
Wz5wblk+QYxWPmXqVj5Q71s+USlYPg7tVj5djlc++8tXPlacVj4I1Fc+eOxVPmN8VT7KUFk+
vi5VPvVrVj4YGFQ+BMhXPlovVj5VBlY+9g5XPgL6Uz6sslM+mNBTPtwoVj4d/VI+LGtPPnGw
Uz46KVg+d5FQPuk+VD7MfFI+Q7dRPocjUz4r91Q+JkhRPuqjVT4JqVY+UupPPhYMVT6JtFE+
ja1TPrJFUz5KYFQ+NgZNPgGJUj4KyU4+dbVPPq0/VT4P5FI+2JFSPmC+Uz7+AFA+YwRTPjlT
UD6oZlA+dp5PPvDlUD4SqE4+islTPmAxUz4L01E+3cROPqy4Tj7pmlE+kSBTPpSUSj64Lk8+
z6dSPhk1UD6XQU8+NNxPPqvGUD6Mx04+o1lPPngVUT7uIVI+7xZQPt0NTT6nWU4+KGZSPoUy
TT5P7ks+37ZSPp3yUT427lI+0y9PPrxoTD6vHU4+C5xNPos6Sz7WBU4+VsdOPp6cUD4JvE4+
Wj1QPi3CTj5pE0w+</AssayYData></Step><Step><CommonData><SampleLocation>10</SampleLocation><SampleID></SampleID><SampleGroup></SampleGroup><SampleInfo></SampleInfo><SampleRow>H</SampleRow><SamplePlate>1</SamplePlate><WellType>BUFFER</WellType><Concentration>-1</Concentration><ConcentrationUnits>µg/ml</ConcentrationUnits><MolarConcentration>-1</MolarConcentration><MolarConcUnits>nM</MolarConcUnits><MolecularWeight>-1</MolecularWeight><Temperature>30</Temperature><StartTime>1351122</StartTime><AssayTime>20</AssayTime></CommonData><FlowRate>1000</FlowRate><StepType>BASELINE</StepType><StepName>Baseline 20</StepName><StepStatus>OK</StepStatus><ActualTime>19.999</ActualTime><CycleTime>0.2</CycleTime><AssayXData Points="100">AwD6Q50Z+kMVM/pDr0z6Q2lm+kPif/pDnZn6QxWz+kPQzPpDaeb6QwMA+0OdGftDNjP7Q69M
+0NJZvtDA4D7Q52Z+0MVs/tD0Mz7Q0nm+0MDAPxDfBn8QzYz/EOvTPxDSWb8QwOA/EOdmfxD
FbP8Q9DM/ENp5vxDAwD9Q50Z/UMVM/1Dr0z9Q2lm/UPif/1DnZn9QxWz/UPQzP1DSeb9Q+L/
/UOdGf5DNjP+Q69M/kNpZv5D4n/+Q52Z/kMVs/5Dr8z+Q2nm/kMDAP9DnRn/QxUz/0OvTP9D
aWb/Q+J//0Odmf9DFbP/Q6/M/0NJ5v9DAgAARL4MAESLGQBEWCYARDUzAETxPwBEvkwARItZ
AERYZgBEJHMARPF/AETOjABEm5kARFimAEQkswBEAsAARL7MAESL2QBEWOYARDXzAEQCAAFE
zgwBRIsZAURYJgFEJDMBRPE/AUS+TAFEi1kBRFhmAUQkcwFE8X8BRL6MAUSLmQFEaKYBRCSz
AUTxvwFEvswBRIvZAURY5gFEJPMBRA==</AssayXData><AssayYData Points="100">ufP5PEn8nbwaDSG9m0EtvXUoFL0hQg+9gOgMvQzpAL0rouy8lP7XvIoIA70vhO68N3PZvFzn
yryzVb68skLNvI7QtLx6ap+8z1GyvFPQwLx9uK28AG6XvJj9vry9SKG81+iIvLkdibzUyYy8
WKBPvI0ZgrxabnW87ZByvDnLcrwg7ou8v+6EvBr6ZLwrvIO8+5eUvDRUbbz1I3+8MqUBvBWm
brx4Why8iyo0vJ34MLyYK4m8m5cvvA2JTbw/Rk68ybM7vMo/O7z26we8vLdMvOxrOLxUMUm8
BAqRuxINWrz3VBe8q3UAvNRqJ7xqkbe7fd/Lu6mdELxf1wu85iH5u/SOGrzPSwS8WKvru8ff
pruAChC8yw/Au79ZfrsE8hC8pk7Fu8X1/bvL8fq7q/6mu7UkCLwLhpO6xm/eu9Vs+buPUJy7
ofi9u86zD7zIb7S7St3Uu4DAjrsPsIe7mRASvEISvLsy9O26ZVsTuzVrK7uF9+m6dbyGu7M6
Y7voOvK6ZHJ9u+Vccrs2I827H4xCuw==</AssayYData></Step><Step><CommonData><SampleLocation>11</SampleLocation><SampleID></SampleID><SampleGroup></SampleGroup><SampleInfo></SampleInfo><SampleRow>H</SampleRow><SamplePlate>1</SamplePlate><WellType>KSAMPLE</WellType><Concentration>-1</Concentration><ConcentrationUnits>µg/ml</ConcentrationUnits><MolarConcentration>-1</MolarConcentration><MolarConcUnits>nM</MolarConcUnits><MolecularWeight>-1</MolecularWeight><Temperature>30</Temperature><StartTime>1382061</StartTime><AssayTime>120</AssayTime></CommonData><FlowRate>1000</FlowRate><StepType>ASSOC</StepType><StepName>Association</StepName><StepStatus>OK</StepStatus><ActualTime>119.999</ActualTime><CycleTime>0.2</CycleTime><AssayXData Points="600">8f8BRL4MAkQuGgJERyYCRCQzAkTxPwJErUwCRHpZAkRHZgJEJHMCROF/AkStjAJEepkCREem
AkQUswJEZMACRL7MAkR62QJER+YCRBTzAkTx/wJErQwDRHoZA0RHJgNEJDMDROE/A0StTANE
i1kDREdmA0QkcwNE4X8DRK2MA0SLmQNEV6YDRBSzA0ThvwNErcwDRHrZA0RH5gNEFPMDROH/
A0StDAREehkEREcmBEQUMwRE4T8ERK1MBESLWQRER2YERCRzBETxfwREvowERKuZBERXpgRE
2LMERPG/BES+zAREi9kERFfmBEQk8wRE8f8ERL4MBUR6GQVEVyYFRCQzBUTxPwVEvkwFRItZ
BURXZgVEFHMFRAGABUS+jAVEgJoFRFemBUQkswVE8b8FRL7MBUSL2QVER+YFRCTzBUTGAAZE
rQwGRIsZBkRXJgZEJDMGRPE/BkS+TAZEi1kGREdmBkQkcwZE8X8GRL6MBkR6mQZEqaYGRBSz
BkThvwZEvswGRIvZBkRX5gZEJPMGRPH/BkS+DAdEixkHRFcmB0QkMwdE8T8HRGJNB0R6WQdE
R2YHRCRzB0TxfwdEco0HRHqZB0RHpgdERbMHROG/B0StzAdEi9kHREfmB0Q18wdE8f8HRL4M
CESLGQhEVyYIRCQzCEThPwhErUwIRJtZCERHZghEFHMIROF/CEStjAhE3ZkIREemCEQUswhE
4b8IRL7MCESL2QhEV+YIRCTzCESEAAlErQwJRHoZCURXJglEFDMJRPE/CUStTAlEelkJREdm
CUQUcwlElYAJRK2MCUR6mQlEqaYJRBSzCUThvwlErcwJRHrZCURX5glEFPMJROH/CUStDApE
ehkKREcmCkQUMwpE4T8KRK1MCkR6WQpER2YKRBRzCkThfwpErYwKRHqZCkRHpgpEFLMKROG/
CkStzApEi9kKREfmCkQk8wpE4f8KRK0MC0R6GQtEHCcLRBQzC0TxPwtEvkwLRHpZC0RHZgtE
JHMLRPF/C0S+jAtEvJkLRFemC0QkswtE8b8LRL7MC0SL2QtEV+YLRCTzC0Tx/wtEvgwMRIsZ
DERXJgxEJDMMRPE/DES+TAxEi1kMRFdmDEQUcwxE8X8MRL6MDESLmQxEV6YMRCSzDETxvwxE
vswMRIvZDERX5gxEJPMMRPH/DES+DA1EixkNRFcmDUQkMw1E8T8NRL5MDUSLWQ1EDGcNRBRz
DUTxfw1EvowNRIuZDURXpg1EJLMNROG/DUS+zA1Ei9kNRFfmDUQU8w1E4f8NRL4MDkSLGQ5E
VyYORCQzDkTxPw5EvkwORItZDkRXZg5EFHMORPF/DkStjA5Em5kOREemDkQksw5E8b8ORL7M
DkSL2Q5EV+YORCTzDkTx/w5ErQwPRHoZD0RXJg9EFDMPRPE/D0StTA9EelkPREdmD0QUcw9E
4X8PRL6MD0SLmQ9ER6YPRBSzD0Txvw9ErcwPRHrZD0RH5g9EFPMPROH/D0StDBBEehkQRHgm
EEQkMxBE8T8QRK1MEER6WRBER2YQRBRzEEThfxBErYwQRIuZEERHphBEFLMQROG/EEStzBBE
i9kQREfmEEQU8xBE4f8QRK0MEUR6GRFERyYRRBQzEUThPxFErUwRRHpZEURHZhFEJHMRROF/
EUStjBFEepkRREemEUQUsxFE4b8RRL7MEUR62RFEV+YRRBTzEUTh/xFErQwSRHoZEkRHJhJE
JDMSROE/EkStTBJE/VkSRFdmEkQUcxJE4X8SRK2MEkSbmRJEV6YSRCSzEkTxvxJEvswSRIvZ
EkRX5hJEJPMSRBIAE0S+DBNEixkTRFcmE0TYMxNE8T8TRL5ME0SLWRNEV2YTRCRzE0TxfxNE
vowTRIuZE0RXphNEJLMTRITAE0S+zBNEi9kTRFfmE0Qk8xNE8f8TRL4MFESLGRRERyYURCQz
FETxPxRE/0wURItZFERXZhREJHMURPF/FES+jBREepkURFemFEQksxRE8b8URK3MFESL2RRE
R+YURCTzFETx/xRErQwVRIsZFURHJhVE3zQVRPE/FUS+TBVEelkVRFdmFUQkcxVE4X8VRK2M
FUSLmRVEV6YVRBSzFUTxvxVEvswVRKvZFURX5hVEFPMVROH/FUStDBZEixkWRFcmFkQkMxZE
Q0AWRK1MFkR6WRZER2YWRBRzFkThfxZErYwWRHqZFkTaphZEFLMWROG/FkStzBZEi9kWREfm
FkQk8xZE8f8WRK0MF0R6GRdERyYXRCQzF0ThPxdErUwXRItZF0RHZhdEFHMXROF/F0StjBdE
epkXREemF0QUsxdE8b8XRL7MF0R62RdEV+YXRBTzF0Tx/xdErQwYRHoZGERHJhhEjTQYROE/
GEStTBhEelkYRFdmGERVcxhE4X8YRK2MGER6mRhER6YYRBSzGEThvxhErcwYRC7aGERH5hhE
FPMYROH/GEStDBlEehkZREcmGUQkMxlE4T8ZRK1MGUSLWRlER2YZRCRzGUTxfxlErYwZRIuZ
GURXphlEJLMZRPG/GUS+zBlEi9kZRFfmGUQk8xlE8f8ZRL4MGkSLGRpE8ScaRCQzGkTxPxpE
vkwaRItZGkRXZhpEJHMaRPF/GkS+jBpEi5kaRFemGkQksxpE8b8aRL7MGkSL2RpEV+YaRCTz
GkTx/xpEvgwbRIsZG0RXJhtEJDMbRPE/G0S+TBtEi1kbREdmG0RFcxtE8X8bRL6MG0SLmRtE
V6YbRCSzG0TxvxtEvswbRIvZG0RX5htEFPMbROH/G0S+DBxEDhocRFcmHEQUMxxE8T8cRK1M
HER6WRxEV2YcRCRzHETxfxxEvowcRIuZHERXphxEJLMcROG/HES+zBxEi9kcREfmHEQU8xxE
ZAAdRL4MHUR6GR1EVyYdRI00HUTxPx1EvkwdRHpZHUSpZh1EFHMdRGCCHUSPjx1Em5kdREem
HUQksx1E8b8dRK3MHUSL2R1ER+YdRCTzHUTx/x1ErQweRHoZHkRHJh5EFDMeROE/HkStTB5E
elkeREdmHkQUcx5E4X8eRK2MHkSLmR5ER6YeRBSzHkThvx5EvsweRHrZHkRH5h5Ep/MeRPH/
HkStDB9EixkfREcmH0QUMx9E4T8fRK1MH0R6WR9ER2YfRCRzH0Thfx9ErYwfRHqZH0RHph9E
FLMfRHTAH0StzB9Ei9kfREfmH0QU8x9E</AssayXData><AssayYData Points="600">6MALPu+SNT59tUw+wpZWPvjpWz6lNVs+QDRfPlYFYD4Fb2A+5qpaPvZ1XT4atlw+0qRVPvV4
WT77clQ+VYlXPogvWj53P1k+y/lWPjlgVT7jmFY+EmlTPlxhVj4gplg+vH1XPpM8VT7491M+
jA5VPv9lUD7nOFU+3C9VPln1UT6fXk8+M5lRPtwVUT5VNVI+wTBLPlUaTj7NSU8+IMBPPn99
UT7xwE0+zJtMPtNQSz7fDEw+5stLPuKnTT7Z0ks+M11QPurWSz4cF0s+N/9OPoEaTT69Ik0+
3a1NPtHSTj6shkg+hKRKPmd3Sj64A0s+83xJPtvHSj56GEw+R61LPq24Rj7rW0c+e25KPh19
TD5dyEU+aNNMPqsKST5Rz0s++lxMPmLqSD6njEs+eFBKPnmUST4JS0U+PPBFPgQsRT4U6UU+
datHPiCEQj7fm0Y+lydJPjvsRD6w8kU+zmJDPhNLQz4G7UE+/5REPu8ZRD4W6T8+yFRJPixA
RT4KZUc+WvxCPkI2QT6N/0I+Y2BCPpc+Rz6W20M+BoJFPqnBRT4uEkY+/ZhDPpE4RD5kLEE+
C/BEPrNpRT76bEg+A9xCPn7YQj7LvEI+lphAPpvPQz6PmkE+aNJFPqm/RD7ymUY+FiRCPuDK
Pz491z4+54VAPnG8QT4DwT4+lXdBPu7OQT7R60A+XL5DPu30QT7YkDw+YTdDPou+RT5YfEI+
y8VCPsgqQj40gT4+sKJAPjkvPT4lZEE+1DxCPqltQT737UA+ZMw8PvRuQj6sQT8+YktAPmAY
QD6i3j8+bMVAPjO8RD51wT4+eUhBPrR6Pj7B7j4+2itBPs7pQz4EZEI+/zRCPu5oPz5RxEI+
7bo8Pn6SOz4wbkA+NHNAPmLiQD42TEE+Qrs+PnPAOj46Rz4+/6w8PmXlQT7BsT8+Jr5BPicq
QD5te0A+RuA+PoMHPD4ICz8+oA0/Pv/OOz7L8z4+ccU+PpiAPT7FOzw+1F5BPjeyPz5lkDk+
kgVCPuZtPj45ekM+bTA+PjGdPz7+sD0+KQ0+PhLPPT6/xjw+vv8/PlnRPD58qD4+NqM+PsFx
Pz6fGDw+EdhAPtjAOz6v5Dw+p4hBPkUdPT5TVDw+2gQ+PpESPT7Vu0A+Suo9PmOLOj4btz4+
/ds/Pr+jPT4Ifj4+Abk+PrR3Oj615EA+ikQ8PpQEPT4C6T0+SZg+Pq1cPz7azjw+aO49Pgo0
Nz7FuDc+D+07PhamNj5kWDk+4586Po7EPD7knDk+MR07PrqfNz46Qj4+iQE5PtMiOj5Nszo+
V1w7Pqq8Oz4jLTs+4+E7Phr6Oj7FFD0+juM/PsxXOj4x0T0+p7o4PkOhOj5VDDc+dCE8Pimg
Nj7SEj4+OZM8PkVvOz6sODw+OJ86PpyZOj7cHDs+LHU6PpQCOD7FSjk+3EQ9PmEDPj7Odjc+
tvc1Pg3wOT7j/Tc+1JE6PqMeOD5/WDk+U+45PpJiOD4gIzo+vYU3PogLOT7NTTs+9bc6PjCG
PT6pSDw+8yM+PhvhOT5L/Tk+GBM5PtxPOT4Knzs+6Cc2Ph+7Oj7aVz0+Jrc6Pr9QOj4tHzc+
zSc5PvS+OD5jJzY+8q43PmDqOz6K1Tg+QZc4PglKOD7JuzU+P7A3Pv0zOj7Rsjs+HNM5PgC9
OT5AUjo+9To3PpdSPj63Fzw+jeQ3PpKtOT5OhDo+piQ6PsH9Nz5iOjg+ues6PhF3Oz4SEDw+
L4k3PgQOOT4zbTw+l6Y6PpjIOj5nLDo+uLs4Pp7IPD7lozg+Wcc5Pv4NOz7sWTc+Tas4Pmn9
PD61Ojg+B+Y5PmZnOD7D2TU+XxM5PlAzNz6v6Tc+RnE7PsdPOj7pDzo+5/Q4Pp4sNT7x6zk+
GZY3PkuVOD4W5jc+11A3Pl2qNz5EfTo+F/s3PoMpNz4QUjQ+QKs8Pn3eNz6sqDU+O8o2Pk17
OD5wEjg+k5o4PmmkOj7Rqjg+1xg4PgcTND4Ujzg+c7o0PruUNj4S9TY+1kc6PriZMD599zk+
KDA3PikrNT4xLzg+l0gxPkd5Mz7DiDQ+oOg2PsLnNj68HjI+dr43Pv6bMj52IzU+B8E1PvFX
NT6xBzw+yFc5PtCsNT790Dg+ncY2PqRLOD7HFTU+0T86Ph7wOT4yFTc+YT43PmkDNz6TazM+
tlIyPs5ZNj4s4DQ+/So5PmQCMz6o6DU+AZw4PrQuNz6tSzY+yQM2PtrzNj5jqzU+ArY4PuFp
Nj4QGjU+LcI1PgUVOT6diDY+B8o0Pl6cNj7onTQ+1I05PmWsPD5S+zQ+MPsyPsX0ND4Xjjk+
UrE4PgX+Nj6cGjg+3ZY2PnrmNT5E0jI+x7kzPrwCNj52UDQ+5zE3Pv3JNj4gqzU+LqM1PoIH
NT4byjY+8vs2PijSNj44+TU+Tvk1PgO0Nz4+Pjg+Hkk1PpGXNz7MLTc+9Hg3Po0qNz6+1DQ+
5EM3Pp7VNj4ifDY+rA00PlJ1Mz5HHTI+AF8zPvRkNj5nYjQ+REo3PllEOD7pJjc+lys3PgxT
Mz44hjQ+G5s3PqhSNT7jHjg+8Jw3PrfMNT7m7DY+B402Pt9wMz5E4DU+/9A7PmHdNT5wJjc+
8t4wPjyoMj6LKTk++BM3PpnqOD7DMzc+iP0wPsT0MT7Y1jU+P/03PveyNT4kuzQ+5CwzPiD+
Mz4gCjI+amUyPsaZND5RhzQ+ET82PnnkND5+NjY+ekEwPu80NT7flTA+uls2PhqbMT5JLTA+
NC4zPlHGNj7Q4TQ+9zcyPrDPMj5CcTI+9DA5Ps+NOD6uBjU+pCA1Pm3vMT6RbjE+OqgxPtQt
NT57YDQ+SLY0PrEhMj6ARjU+AuQ1PpiZMz4NUy8+h3EyPjEhNj6swjc+5hU0PijXMj6XDTY+
Hc03PjApND5GPjY+mJk3PkqWND5uuTM+IWkxPjY9Mj4fnzk+lgE4PhFTNj6s7DE+xUczPsmw
Nj63yTU+9Qo0PnaHMj41+DM+qT00PjomND6xvDQ+2NQ1PmGGNj5O7jY+3FA0Pj0QMj4MFjI+
PLIyPilvNj7EATI+fHUxPu1rMj5VHzQ+ukIyPnYeMD4B1jU+bJM2Pn0PMz6x+zA+77s1Pm3L
Nz5nTTE+LxwvPs+ZMD72FzA+jsw0PsMCNj7KjzU+0PkzPgRgNT4YzDY+OjA4PgbkNT4FiDE+
7AQ0PvjoMT53bDE+d94uPmA/OD6aSzI+</AssayYData></Step></KineticsData></ExperimentResults>
