<?xml version="1.0" encoding="UTF-8" standalone="yes"?>
<ExperimentResults><ExperimentInfo Name="20251008 UPFB0001"><ExpDescription>AHC example method - full characterization&#13;
Analyte titration series with reference channel</ExpDescription><RTDVersion>2.0</RTDVersion><RunID>44513BEA-5865-4B65-BE64-68D265EFB71C</RunID><ExperimentType>KINETICS</ExperimentType><ExperimentSubType>KBASIC</ExperimentSubType><StartDateTime>2025-10-08T15:13:15</StartDateTime><MachineName>BN7KX12</MachineName><UserName>octet</UserName><LotNumber></LotNumber><PlateName>251008</PlateName><PlateName2></PlateName2><SensorName>E1</SensorName><SensorPlate>1</SensorPlate><SensorType>AHC (Anti-hIgG Fc Capture)</SensorType><SensorRole>LIGAND</SensorRole><SensorInfo></SensorInfo><WritingSW>DataAcquisition.exe 11.0.2.1</WritingSW><InstrumentType>OctetRED96</InstrumentType><InstrumentSerial>FB-50284</InstrumentSerial><InstrumentFW></InstrumentFW><IntegrationTime>3.2</IntegrationTime><DSPType>CPF</DSPType><DSPStitching>1</DSPStitching><HasManifest>1</HasManifest><InfoHash>-117630275</InfoHash></ExperimentInfo><AssayParamsInfo/><KineticsData><Step><CommonData><SampleLocation>1</SampleLocation><SampleID>Running Buffer</SampleID><SampleGroup></SampleGroup><SampleInfo></SampleInfo><SampleRow>E</SampleRow><SamplePlate>1</SamplePlate><WellType>BUFFER</WellType><Concentration>-1</Concentration><ConcentrationUnits>µg/ml</ConcentrationUnits><MolarConcentration>-1</MolarConcentration><MolarConcUnits>nM</MolarConcUnits><MolecularWeight>-1</MolecularWeight><Temperature>30.2</Temperature><StartTime>0</StartTime><AssayTime>180</AssayTime></CommonData><FlowRate>1000</FlowRate><StepType>BASELINE</StepType><StepName>Baseline 1</StepName><StepStatus>OK</StepStatus><ActualTime>180</ActualTime><CycleTime>0.2</CycleTime><AssayXData Points="900">AAAAAKjGSz7NzMw+EFgZP0SLTD+JQYA/1XiZPzMzsz8IrMw/ZmbmPwAAAEDNzAxAmpkZQGZm
JkAzMzNAAABAQM3MTECamVlA8KdmQDMzc0AAAIBAZmaGQM3MjEAzM5NAmpmZQAAAoEBmZqZA
zcysQDMzs0CamblAAADAQI2XxkDNzMxAMzPTQJqZ2UAAAOBAZmbmQM3M7EAzM/NAmpn5QAAA
AEEzMwNBZmYGQZqZCUG0yAxBAAAQQTMzE0FOYhZBgZUZQbTIHEHn+x9BGy8jQWZmJkGamSlB
zcwsQQAAMEEbLzNBRIs2QZqZOUHNzDxBAABAQTMzQ0FOYkZBmplJQc3MTEEAAFBBGy9TQWZm
VkGBlVlBzcxcQZMYYEEzM2NBTmJmQZqZaUHNzGxB3SRwQRsvc0FmZnZBmpl5QbTIfEHn+39B
jZeBQScxg0HNzIRBZmaGQQAAiEGamYlBMzOLQcHKjEFaZI5B9P2PQZqZkUEnMZNBzcyUQWZm
lkH0/ZdBCKyZQTMzm0HNzJxBWmSeQfT9n0GNl6FBMzOjQcHKpEFmZqZB9P2nQY2XqUEnMatB
zcysQWZmrkH0/a9BmpmxQTMzs0HByrRBZma2QfT9t0GamblBMzO7QcHKvEFaZL5BAADAQY2X
wUEzM8NBwcrEQVpkxkH0/cdBjZfJQScxy0HBysxBWmTOQfT9z0GNl9FBJzHTQc3M1EFaZNZB
bxLYQY2X2UEnMdtBwcrcQVpk3kExCOBBjZfhQTMz40HByuRBWmTmQfT950GamelBJzHrQcHK
7EFaZO5BAADwQZqZ8UEzM/NBSOH0QWZm9kEAAPhBmpn5QTMz+0HNzPxBZmb+QQAAAELNzABC
mpkBQmZmAkIzMwNCAAAEQs3MBEKamQVCZmYGQjMzB0IAAAhCzcwIQpqZCUJmZgpCMzMLQvr+
C0LHywxCmpkNQmBlDkJGNg9CAAAQQs3MEEKamRFCZmYSQjMzE0IAABRCzcwUQpqZFUJgZRZC
MzMXQgAAGELNzBhCy6EZQmBlGkIzMxtCAAAcQsfLHEKamR1CZmYeQjMzH0IAACBCx8sgQpqZ
IUJgZSJCMzMjQvr+I0LHyyRCmpklQmZmJkIzMydC+v4nQs3MKEKTmClCZmYqQjMzK0IAACxC
x8ssQpOYLUJmZi5CMzMvQgAAMELHyzBCmpkxQmZmMkItMjNC+v4zQsfLNEKamTVCZmY2Qi0y
N0IAADhC/tQ4QpOYOUJgZTpCLTI7Qvr+O0LNzDxCoJo9QmBlPkI/NT9C+v4/QsfLQEKTmEFC
ZmZCQi0yQ0L6/kNCx8tEQpOYRUJgZUZCMzNHQvr+R0LHy0hCmplJQmBlSkItMktCAABMQsfL
TEKTmE1CZmZOQi0yT0L6/k9Cx8tQQpqZUUJgZVJCLTJTQgAAVELNzFRCmplVQmBlVkItMldC
BgFYQsfLWEKTmFlCYGVaQi0yW0L6/ltCzcxcQpOYXUJgZV5CLTJfQvr+X0LHy2BCk5hhQmBl
YkItMmNC+v5jQsfLZEKTmGVCYGVmQi0yZ0L6/mdCx8toQpqZaUJmZmpCMzNrQgAAbELl0GxC
mpltQmZmbkIzM29CAABwQs3McEKamXFCZmZyQjMzc0IAAHRCzcx0QpqZdUJmZnZCXjp3QgAA
eELHy3hCmpl5QmZmekIzM3tCAAB8Qs3MfEKamX1CZmZ+QjMzf0IAAIBCZmaAQs3MgEIzM4FC
mpmBQn3/gUJmZoJCSsyCQjMzg0KamYNCDAKEQuNlhEJKzIRCMzOFQheZhUIAAIZC42WGQs3M
hkIzM4dCmpmHQgAAiELjZYhCSsyIQrYziUKamYlCAACKQmZmikLNzIpCUjiLQpqZi0IAAIxC
Dm2MQs3MjEIzM41CmpmNQn3/jUJmZo5CzcyOQjMzj0IXmY9CAACQQmZmkEJKzJBCsDKRQpqZ
kUIAAJJCZmaSQs3MkkIzM5NCF5mTQgAAlELjZZRCzcyUQjMzlULjpZVCff+VQuNllkLNzJZC
MzOXQheZl0IAAJhC42WYQkrMmEKwMplCF5mZQn3/mUJmZppCzcyaQjMzm0KamZtCff+bQnNo
nELNzJxCsDKdQheZnUJ9/51C42WeQkrMnkKwMp9CF5mfQgAAoELjZaBCzcygQrAyoUKamaFC
ff+hQuNlokJKzKJCsDKjQheZo0J9/6NCZmakQkrMpELJNqVCF5mlQn3/pUJmZqZCzcymQjMz
p0IXmadCAACoQm1nqEJKzKhCsDKpQheZqUJ9/6lC/GmqQs3MqkIzM6tCF5mrQn3/q0JmZqxC
zcysQrAyrUKama1CAACuQmZmrkLNzK5CMzOvQpqZr0IAALBCZmawQs3MsEIzM7FCmpmxQgAA
skJmZrJC2c6yQjMzs0KambNCAAC0QmZmtELNzLRCMzO1QpqZtUIAALZCZma2Qs3MtkIzM7dC
mpm3QgAAuEJmZrhCzcy4QjMzuUKamblCff+5QuNlukLNzLpCOTS7QpqZu0IAALxCZma8Qs3M
vEKwMr1Cmpm9QgAAvkJmZr5Czcy+QjMzv0IXmb9CAADAQuNlwEJKzMBCsDLBQpqZwUJ9/8FC
42XCQkrMwkIzM8NCF5nDQgAAxELjZcRCzczEQrAyxUIXmcVCAADGQuNlxkLNzMZCMzPHQpqZ
x0IAAMhC42XIQs3MyEIzM8lCI5vJQgAAykJmZspCzczKQj81y0KamctCff/LQmZmzELNzMxC
sDLNQpqZzUIAAM5C42XOQs3MzkKwMs9CF5nPQgAA0ELjZdBCSszQQrAy0UIXmdFCgwDSQuNl
0kLNzNJCsDLTQheZ00KDANRCZmbUQkrM1EIzM9VCF5nVQn3/1ULjZdZCSszWQrAy10IXmddC
AADYQuNl2EJKzNhCsDLZQheZ2UJ9/9lC42XaQkrM2kKwMttCF5nbQn3/20JtZ9xCSszcQrAy
3UIXmd1CAADeQuNl3kJKzN5CMzPfQpqZ30J9/99CZmbgQs3M4EKwMuFCF5nhQgAA4kLjZeJC
zcziQrAy40IXmeNCff/jQuNl5EJKzORCsDLlQpqZ5UIAAOZCZmbmQs3M5kIzM+dCmpnnQgAA
6EJmZuhCYtDoQjMz6UKamelCAADqQmZm6kLNzOpCMzPrQpqZ60IAAOxCZmbsQs3M7EIzM+1C
mpntQgAA7kJmZu5CzczuQrAy70Kame9Cff/vQmZm8ELNzPBCUjjxQpqZ8UIAAPJCZmbyQs3M
8kK2M/NCF5nzQgAA9EJmZvRCSsz0QrAy9UKamfVCAAD2QmZm9kLNzPZCMzP3QpqZ90IAAPhC
Zmb4QkrM+EIzM/lCF5n5Qn3/+UJmZvpCzcz6QrAy+0Kmm/tCAAD8QmZm/ELNzPxCsDL9Qjuf
/UJ9//1CZmb+Qs3M/kIzM/9Cmpn/QgAAAEPyMgBDZmYAQ5qZAEPNzABDvv8AQ/IyAUOoZgFD
mpkBQ4vMAUO+/wFDMzMCQ2ZmAkNYmQJDi8wCQ4MAA0MzMwNDJWYDQ5qZA0OLzANDywEEQ/Iy
BEMlZgRDWJkEQ4vMBEO+/wRDMzMFQyVmBUOamQVDi8wFQ4MABkMzMwZDJWYGQ2qcBkOLzAZD
vv8GQ/IyB0NmZgdDWJkHQ83MB0O+/wdDtjMIQyVmCENYmQhDi8wIQwAACUN1MwlDJWYJQ1iZ
CUOLzAlDvv8JQ/IyCkMlZgpDWJkKQ4vMCkO+/wpD8jILQyVmC0NYmQtDmM4LQ77/C0PyMgxD
ZmYMQ1iZDEOLzAxDvv8MQ/IyDUMlZg1DmpkNQ4vMDUO+/w1D8jIOQyVmDkNYmQ5DzcwOQ77/
DkOBNQ9DZmYPQ5qZD0PNzA9DAAAQQzMzEENmZhBDmpkQQ83MEENCABFDMzMRQ2ZmEUPbmRFD
zcwRQwAAEkMzMxJDZmYSQ5qZEkPNzBJDAAATQzMzE0NmZhNDmpkTQ83ME0MAABRDMzMUQ2Zm
FEOamRRDzcwUQwAAFUPyMhVDZmYVQ5qZFUPNzBVDAAAWQzMzFkNmZhZDmpkWQ83MFkNOAhdD
MzMXQyVmF0NYmRdDzcwXQ4kBGEPyMhhDZmYYQ5qZGEPNzBhDvv8YQzMzGUMlZhlDmpkZQ83M
GUO+/xlDMzMaQ2ZmGkPunBpDi8waQ77/GkMzMxtDrmcbQ1iZG0PNzBtDvv8bQwQ2HENmZhxD
WJkcQ83MHEO+/xxD8jIdQyVmHUOamR1DzcwdQ4MAHkMzMx5DJWYeQ5qZHkPNzB5Dvv8eQ/Iy
H0MlZh9DWJkfQ4vMH0O+/x9DMzMgQ2ZmIENkmyBDzcwgQ77/IEPyMiFDJWYhQ1iZIUPNzCFD
AAAiQzMzIkMlZiJDWJkiQ83MIkMAACNDvDQjQyVmI0NYmSNDi8wjQ77/I0MzMyRDZmYkQ1iZ
JEOLzCRDvv8kQzMzJUMlZiVDmpklQ4vMJUO+/yVDMzMmQ2ZmJkNYmSZDi8wmQ77/JkPyMidD
JWYnQ+GaJ0PNzCdDvv8nQ/IyKEMlZihDWJkoQ83MKEMAAClD8jIpQyVmKUNYmSlDi8wpQ77/
KUPyMipDJWYqQ1iZKkPNzCpDvv8qQzMzK0NmZitDmpkrQ5HNK0MAACxDMzMsQ2ZmLEOamSxD
kc0sQwAALUMzMy1DZmYtQ5qZLUPNzC1DAAAuQzMzLkPwZy5DWJkuQ83MLkMAAC9DMzMvQ2Zm
L0OamS9DzcwvQwAAMEMzMzBDZmYwQ5qZMEPNzDBD0QIxQzMzMUPpZjFDmpkxQ83MMUOPAjJD
MzMyQyVmMkOamTJDzcwyQwAAM0MzMzNDZmYzQ9uZM0PNzDND</AssayXData><AssayYData Points="900">AAAAABGx+jmSGt05yTwbO54hKbmAs385KiUBOnWj2TkZjsk62hLEO1Kqlzuvp7w7llWcO8n+
ETuJaMM7/yQeO71HzztKVS077YuoOyHZzTvxjHQ724yCO9rCqjvxIWs6pG+lO+gHwjvAIMI7
Ld8pOy7OBDxI/x07gFvAO/+zgTsyyTc7cZDBO7o9vTuXELw7dxuhOyVrmTvf+pU7UXKFO3AX
yzt5WM47ooS/O1wsujqgIqE7v03yOzb1CzsKw4Q75iOxO8rPizsVpcQ7+ls1O38rqDrycdM7
DAtxO6oOZTsPxIQ75ip2O6kl6DsPjj87oUWaO3f4Tzo4eW87IMdtOzWBzDtA3eg7d5HaO7DS
eDtYQ7Y72InfOxFatzt0wE07VlOWO9CTljs/VJo7aQI6Oy74mTsccZc7U9DeO7Sqozu7kac6
i8LRO8HWuDvtOYo7O/8LPFEw1TvIbb47Q/G0OvpRtjtX86A7CMBSO88jkzsWgnE76w1sO+HT
6Tu4Kh472PTIOgUDYjv8Xjg7GY+VOyNyZjvdnB07NUxKO3eV1TvrPwA865rMO5SAsjt/0oY7
6APnOyvSZjsE3UA7r5eHO+dqozvhy5I71fDSO+AynzuPLrQ7OXbYO5zEyTsIcJA7l554O+C1
VjtV++I6y4t6O8ZWszsyirE7G+8kO6/EjTuU++Q7PFAfO98PuzuJGJg7k2auOllcjzvdAGU7
s87QO+0VpTt2y+k7iIoEO/htIjvU0PQ7Nu6lO8bIkzvBNdA7jAvPO7rg3ztAFqA7UOURO0gD
ljtXJfQ7X2CDOpow5jqcB9a6zJbYO51WzTutJB871ksuOzGo3zuJ75A7wqqgOzx4YjvKwks7
TE4RO1vP2jv3+dY7Lgz9OxTXBzxEsSY72HnSO3sTqTt7/po7/lqJO+cRqDupcos7jjjfO5Ny
qTuzgJU7x2zPOx0ydzttPhA7DsxSO3WAlDsg5Kg7L2z4O5CZtTt+E387S0ipOkT2nTveNak7
0sDIOwtGvDvoD6o77a6BO4nBrzsuD5g7Z3NgO/IHqDs1Upg7xzyXOi90JDtLr287oRzEO5aS
+Tp4iqU7llazO8AD9zsIkZo7JhPUOwtGxTtYDKM7D3ZhO8SBojuR7ps7kjcePBlI1jtke5Q7
+W+oOylWeztKTY87UGWsO7w5QTvO2sU7AlUyOxq7STt2dOs7gDjUO8CEVDu9j5g7vOIRPDRG
kDu36W07ybuaO123cTv42os794yTOySE3jvc43U7jJ3RO4w1lzt+JqQ7SGmJO24OtDsFQo87
h7YaOyPe7DuBcJA7PiCsOzmbXjtJxZo7f0eyO4gyZDvzspM7LePlO7y7gzv/62k7yxmjO1Sg
PDsAnNA7FQixO5QEtzvpcaM7QCK7O5ALwTupP2Y7OjMPO6yvfDvWAXg7ZRZCOzNkhjrjnvo7
84EUO1cTWjvRXY07B1HaO26RGjt8ht87TIUEO6PHjDsSg5A6v2S6OBJmhTtPbJc79og5Ow/G
gDsTg7Q7wu97O1szoDsoX5U6qr42O11OxTsaCsE7KuYvOzX98TvEL8A77OJQOyohsjtcoQY7
5ex1OxGThDtJpK87JHyZO+2LcTvZifc7U1beO7G0STuW6YU7mVa0OwvvJDs9l5o6ObDeOqqT
IDtluMY59G0LO6wcJDvTBQE8qGqgOuorrzusP7c73wzFOgKy6jsRC5c73SHzO5gFmTnW1s47
qHv9OiWyQztz/so7UWdCO4aBHDtDp1U7uU0lO5qH8jqI4sA78/DLO4MwpDsquK87lFpeO/cQ
fjvuKIU7rOapOxbGGzvjHrw7slwDO0yzWDtD5HM60/t9O5jP8TvOXQ485sBoOjkXoDssfls7
wuuuO0ZKsDtX4Ds7MsfNO+WY2Lg3IX46hQLyO0OlbDu/LEY7JIIJPFzMnDsxd4Q7sXOZOx8e
JzlvyI47b7yXOT9Jwjtw79M7JdeeO9SCuDtzw1I6mnGNOwgEsTvGhsw7iU3jOeakxTpq4AI8
1984O3y1RDtp1XM7jaU5O0kedzvXMqg70BmIO3r3hzsFDdc6ZEdkOmYapDu4RlE7nNFxO07i
Szoe+ik7ov15Oz3irTtW82g7rpl+O+3IuTo9rle6ZvtsO+J6bTuuZ+c7GrSsOx8Ibju4xUw7
TgfIOx2SNroEF7k7iQWzOxB+tTvm2UO6HCmqO4qffjtVVhY7vY0vO6Z+xLqAFwY4lWGsuEA6
wTqyaIU7nvwZOmlZZzvaZTY7H7RjOjbg0jvU23I6fDLwOhsDxDv1qm07OdLcOYOeBTvjYHY7
fTOPO2wepjrvlCg7VP+AO/3v8Dm70J07UWjpOt2UTjs24mI6k9mFO4XTiTv42Og6Of3UO2Ah
ajudqzA7qgdFOwqjczu4Z0Q6T6ocOlPjAjltEkM7IV5mO2qzWzsk8jw7HQ+EO7ySeDsh0xU7
VX+NO0P9XDsJSS471igNO2QoOjptmB877/KFOr9dTzoKk9u5mMdoO8JtNzqrGCI7BKP/Orbk
WztJ7UA7wWIWO0HezLrJmr85nuCVOZIVMDp3blM7spX4OwatUjo8UZw7ZhJeO26ugjtBuos7
xLi3OpkQD7uSKIU7lKIiOx11IzqXESG7/ZZiOzM9ZzuNHjM7pZU+Ou+dTTsV+vU6QGYBOx90
ProxzHU7mxhqOm03VzuzIIo7nv8kusjUFju8bgA6SrYnO1AwkzpErv46E857O/m5ZTv7eMM7
LDSTO0sHtjtUFJQ7GTuEO8RbUTuMK0g7l47JOn6uJzu9WtA7awwAO0pa6Tq8lFQ58mSBOVot
QDt/vLA6xzupOj9o0rpWrLc72pcCOlgntzqO8yI6NzhmukCkZzsgI4k7g3GAO4UNmzv4zH65
5khsO1CesjqxDTg6NpOPO1sjPju5IWg69PYwO5MVhjt7eE26ozI/O9bHEDthD/46B403uvyN
ibpJZA87RyDmOsDh+DoDQ+s64sa3uSznEDtlL9o6orJcOz6VOjog+5I7aj0ROy60GTuhSNg5
aLwIO4QJDru5JpI6m1a1O4agpzp8V+44AfQWOaaZrzs1x+S6rMyWO3+WNDqQrry5enW4Op9o
YLv1WrA7XXecOHjTILvOhjI7i1tUO3RODDsQzu86M4oCOypfFjrkMqA6zlAVO5FiBbtmXrs5
HF7quUqVBjukjCc7LaiCO88JdztdTQo7UyZTutAehToWPio75aYKO2/glTpw00s7S6SiOq9L
wLpvZcK6VhAZOzT/KTq8QHU7vg5vOu7oNzovLxO5g26pO/9oLzuUZDA7LPl1Ox/dyjs25ms6
3QhuO0+j5DpILkI7t/c1O2+jODvKSZy5bSjOOuDxkDpVvh47Ofc9OZqnCDu6iXu4JxSlOY0K
9DoQC+g6lJBmOttuhDv0F3I7KZZ9OnxgZztc5zw7LrwKu1RbsrrTmjA6crAMO/QTyDtvRhM7
wYEOurvUkznfA/Q5k3yTO/hImLoA2xQ78aKoOhGy6Dqi4sA619lJuWcZgDuzcuu6SM8auRdQ
Cbqt3Kq6sam/Ot1XnDqslJU6MfvSOnXDVro9z9a6KY1JOtXBUDs0+v+6bq65Ov9YpzqdIb46
2XttO6R2OTuVqGM6lUdTOlaNlTtnOf86CEaPOgkUxDr3qsQ6LCgWO6ucybpGYA46ftDiunzB
pzsZNBG4Fx4DOXMjHbunkgi7HH25uca3HLrnIpO5j1eBO/JEaju3Fvs7nJ4ju4tWaTrqtp06
6wp8uz/V67rQ7qG5HlvuuZkVGDsetuC60bCfuR+6PzrGoXI6JJbEOs8qmTs5FlU7pkGXuv2i
6zrXfYY6UrLeusfrQjuuAB47JIICO+BxuTreqsU4ObgEuxO9OrtOZGs4a0m8OkWLNzt6XPE6
GpupOh6X3zqkLAe6BJ4fOyaIeTvxWhI6uvbEOXqNPzv0rd07vk/1OpEgSrowFDA74BQyulUU
Dzv6oHI7VHuWurRbJDuc9Qm6h29DOo72i7nb0l86pfFIO95FWDvdIvc6i++JO42q97phs2S6
NPHuuW7XMTsz3j46gqriuglYBDjH0xO72sM4OVs7WLqt/Rg6sg2fOY6dcDsZJBM7xws2uiTc
gLq74E+6D/j8OHRJojrumSm5zQeDOIetlbgVyYO6UEBTO5S3YjqqF6y6l+B0u5SXeLul6fW5
xqMguLgDVDp7F/u6GGfKuUwfhDobycA74kyDO7XMOjt6GkC7Bz2Bu7J9Ajs6QBm7QXFfO7PW
g7pwSIK6Ink5Or54Tji7WeO6vGflue2t9To0Pl85+Azhun2QvrrP83g6Nj8KO0OHjjqMKSk2
zc0EOjUcGDs5cjK5HV4sO5DUjbqVYsk6bayBOPI87DrPJj86SA5Zu7eLBbtbJYw6PiobuuR6
g7rHD8w7DL3oun+wSboYumU6hZEou9C/dTnaT0q70i2vukOI07ozCE05LiimOQI/mzpEpZK6
kBGKuyCaQTs9fBS6zl8xO8aozLkbgkE7b4AoOoIBvjmrByI62hpvu2XwhjrQIF07S3OPuvnf
KDsEc3s6t8zuOom0vzqbDKI6bxZDOkJpETktoDY73YJmO+qVlztY8bm6WIUqurSBnbqdnvy6
EyBVuzWJkTlyBBU7vjK/uV9OGjslpAq6npxTO4zOoLoNdh85v9TluQd9NLu4tfk6/OmcuozY
SjlnRhW74TgdO8O2Yrk4t5e6O6AnOivSvbmRWuS777F3O2QIrzil15E4s+pDOp8ShLrwBbA5
eT2SO8R1yjjU49W5zphZuvvyATkpEac6idaNu7h9wbf+GC64</AssayYData></Step><Step><CommonData><SampleLocation>2</SampleLocation><SampleID>10mM Glycine pH1.7</SampleID><SampleGroup></SampleGroup><SampleInfo>or other Regeneration solution</SampleInfo><SampleRow>E</SampleRow><SamplePlate>1</SamplePlate><WellType>REGENERATION</WellType><Concentration>-1</Concentration><ConcentrationUnits>µg/ml</ConcentrationUnits><MolarConcentration>-1</MolarConcentration><MolarConcUnits>nM</MolarConcUnits><MolecularWeight>-1</MolecularWeight><Temperature>30.1</Temperature><StartTime>207730</StartTime><AssayTime>20</AssayTime></CommonData><FlowRate>1000</FlowRate><StepType>CUSTOM</StepType><StepName>condition</StepName><StepStatus>OK</StepStatus><ActualTime>19.999</ActualTime><CycleTime>0.2</CycleTime><AssayXData Points="100">AAA0QzMzNENmZjRDmpk0Q83MNEMAADVDMzM1Q2ZmNUNYmTVDi8w1Q77/NUPyMjZDf2o2Q5qZ
NkPNzDZDvv82Q/IyN0NmZjdDWJk3Q83MN0MAADhD8jI4Q2ZmOEOamThDzcw4Q77/OEPyMjlD
ZmY5Q5qZOUPNzDlDvv85Q/IyOkNmZjpDmpk6Q4vMOkO+/zpD8jI7Q2ZmO0OamTtDi8w7Q5YD
PEPyMjxDJWY8Q1iZPEPNzDxDAAA9Q/IyPUNmZj1DHZo9Q83MPUO+/z1D8jI+QyVmPkNYmT5D
i8w+Q77/PkPyMj9DJWY/Q5qZP0PNzD9Dvv8/Q/IyQEMlZkBDWJlAQ4vMQEMAAEFD8jJBQyVm
QUNYmUFDi8xBQ77/QUMzM0JDJWZCQ1iZQkOLzEJDvv9CQzMzQ0MlZkNDWJlDQyHQQ0O+/0ND
8jJEQyVmRENYmURDi8xEQ77/REPyMkVDqGZFQ1iZRUOLzEVDvv9FQzMzRkNmZkZDWJlGQ83M
RkO+/0ZDBDZHQ2ZmR0OamUdDi8xHQw==</AssayXData><AssayYData Points="100">nExEvteAJ77rkw6+nO4Avndt+b3E9fm99OTyvSLG973gePu9XyP9vfd9Ab47VAW+0f0Ivh3x
Cr59BxG+t6USvjK/FL45ehi+Ay0gvqgSHL5ldB6+ZtQhvu/MJ77tLyi+AksqviBoKb4yBy2+
/8A1vjYUMr7k5DG+UAg1vlezOb6dUzi+bEI8vnOZQL4ARj++eoJAvja8RL4iEUS+iK9Fvqki
SL4S7kq+3VBKvmujSb6rGk++wIJMvvY1UL5GTVG+qtJQvpy7T76+lVK+L/FTvrEAWb75VVe+
ZxxbvpI7Wr7DDF2+TzRfvqjbXb51QWC+Setfvhx/Xr6STWC+5iZhvqhdZr6192S+54xnvnOE
ZL5rFmy+KDJkvnk+ab4Eh2y+HgZpvsbgbb7Jdm6+kaBrvguobb44M26+13BxvsgqcL4n+3O+
4RB0vqRFcr6QF3i+44B1vlDtdb5M3Xm+E794vt20d75UA3q+bOV8vivifb7omHm+27B8vrb8
fr4I2X6+DyOAvpzyfr4St4C+c9eAvg==</AssayYData></Step><Step><CommonData><SampleLocation>1</SampleLocation><SampleID>Running Buffer</SampleID><SampleGroup></SampleGroup><SampleInfo></SampleInfo><SampleRow>E</SampleRow><SamplePlate>1</SamplePlate><WellType>BUFFER</WellType><Concentration>-1</Concentration><ConcentrationUnits>µg/ml</ConcentrationUnits><MolarConcentration>-1</MolarConcentration><MolarConcUnits>nM</MolarConcUnits><MolecularWeight>-1</MolecularWeight><Temperature>30</Temperature><StartTime>233413</StartTime><AssayTime>20</AssayTime></CommonData><FlowRate>1000</FlowRate><StepType>CUSTOM</StepType><StepName>condition</StepName><StepStatus>OK</StepStatus><ActualTime>20</ActualTime><CycleTime>0.2</CycleTime><AssayXData Points="100">vv9HQ/EySEPjZUhDWJlIQ4vMSEO+/0hDsDJJQyRmSUNYmUlDi8xJQ77/SUOwMkpDK2dKQxaZ
SkOLzEpDfP9KQ/EyS0MkZktDWJlLQ4vMS0N8/0tD8TJMQ+NlTEMWmUxDi8xMQ77/TEOwMk1D
JGZNQxaZTUOLzE1Dvv9NQ/EyTkMkZk5DFplOQ4vMTkO+/05D8TJPQyRmT0MWmU9DDs1PQ3z/
T0OwMlBDJGZQQ1iZUEOLzFBDfP9QQ7AyUUMrZ1FDFplRQ4vMUUN8/1FDsDJSQzFoUkNYmVJD
ScxSQ3z/UkPxMlNDJGZTQxaZU0NJzFNDvv9TQ7AyVEPjZVRDWJlUQ0nMVEOPAlVDsDJVQ+Nl
VUMWmVVDScxVQ3z/VUOwMlZD42VWQxaZVkOLzFZDfP9WQ7AyV0PjZVdDWJlXQ0nMV0N8/1dD
8TJYQyRmWEMWmVhDScxYQ3z/WEOANVlD42VZQxaZWUNJzFlDfP9ZQ7AyWkPjZVpDWJlaQ0nM
WkN8/1pDMzNbQ+NlW0MWmVtDi8xbQw==</AssayXData><AssayYData Points="100">1DBEvanFmr0QeMW93zTNvfnH2L0mUNm9nfvevcQ8172w5ta9xLjUvQ4u072nCMi9bQXMvach
w70kJsu9wfDCvcp3wL2VS769dKO8vVpIur1Ywbi96kisvekgtb2fS7C9sSSzvbzVrr09jqm9
xj2tvdG8rL2MtKe9dgCqvceasL0KvKi9lmeovWsFqr3R86S9RUervc8Ip71tAKW9l0OcvSOU
p72ti6O9m4mqvfoznb1uhp29VqOqvUaPor09Bp29kIGhvVKKnb1dQKK9JqGXvWXNnL2ku5u9
K2OdvbDKl70h+JS9ELqcvZ2Sl71yDY+94l2Wvf63k73eWp29vTSVvfpVkb3dopy9iQWUvW3k
kL02ypm97fWYvUSgk71mAZK9hFeSvUFmlL3vgI+9juWPvWlElb0B0Iu9kYyNvfVWlb39HpK9
GVmMvUYdkL1oZIy9uRSEvV7Kkr0Zt4e9l/eJveWlkL1FIpG9wjmWvZsAkb1LQ429McGGvfoG
hL2rto+9AZ2SvSkIj73UFYm9TuKQvQ==</AssayYData></Step><Step><CommonData><SampleLocation>2</SampleLocation><SampleID>10mM Glycine pH1.7</SampleID><SampleGroup></SampleGroup><SampleInfo>or other Regeneration solution</SampleInfo><SampleRow>E</SampleRow><SamplePlate>1</SamplePlate><WellType>REGENERATION</WellType><Concentration>-1</Concentration><ConcentrationUnits>µg/ml</ConcentrationUnits><MolarConcentration>-1</MolarConcentration><MolarConcUnits>nM</MolarConcUnits><MolecularWeight>-1</MolecularWeight><Temperature>30</Temperature><StartTime>259075</StartTime><AssayTime>20</AssayTime></CommonData><FlowRate>1000</FlowRate><StepType>CUSTOM</StepType><StepName>condition</StepName><StepStatus>OK</StepStatus><ActualTime>19.999</ActualTime><CycleTime>0.2</CycleTime><AssayXData Points="100">v/9bQ/IyXEMlZlxDWZlcQ4zMXEO//1xD8jJdQyVmXUNZmV1DjMxdQ7//XUPyMl5DJWZeQ1mZ
XkNKzF5Dv/9eQ/IyX0MlZl9DWZlfQ0rMX0MBAGBDsTJgQ+RlYENZmWBDjMxgQ7//YEPyMmFD
JWZhQ1mZYUOMzGFDff9hQ/IyYkPkZWJDWZliQ4zMYkN9/2JDsTJjQ+RlY0NZmWNDjMxjQ7//
Y0OxMmRDJWZkQxeZZENKzGRDff9kQ/IyZUMlZmVDF5llQ0rMZUN9/2VD8jJmQ+RlZkMXmWZD
jMxmQ33/ZkPyMmdD5GVnQxeZZ0Mbz2dDff9nQ7EyaEPkZWhDF5loQ4zMaEO//2hDsTJpQ+Rl
aUMXmWlDjMxpQ7//aUPyMmpDJWZqQxeZakNKzGpDff9qQ/Iya0PkZWtDF5lrQ0rMa0N9/2tD
sTJsQ+RlbEMXmWxDSsxsQ7//bEPyMm1D5GVtQxeZbUNKzG1Dff9tQ7EybkPkZW5DF5luQ0rM
bkO//25DsTJvQ+Rlb0NZmW9DSsxvQw==</AssayXData><AssayYData Points="100">HaSTviPSgL71UWu+fatZvgp5Ur6ao02+6iVNvoisSr5VFUy+aXpKvihbTb7Qxk6+tgVVvt/Y
Ub7si1W+BFtZvhi2V75bUly+v+Rgvi92Yr5cUWC+KFdovmIZY76tEWe+U5lmvnSxa74/oGq+
+1lwvmpJcL7bC26+FqhxvlnOc76N52++pOtwvl6hdb7yt3a+5WR2vtaTeb5cXnm+JOl5voBq
fb4x7X2+QQ5+vtvhfb5Rv4C+vQGAvrXvgr4xcoK+5N6BvgW/gL78IoK+3EiDvusbhL4THoS+
ioqDvhF0hb4UXIO+PVeFvhqthb7SJIS+ZReIvslMhr59+4a+7sKGvq7hhr6/qIi+UcaFvqvd
ib6wL4i+O3WKvpopir5TAIq+ek+MviX+iL47gIq+jymNvimojL4VR42+4KuNvuzsjL7TxY2+
FjiNvkk0jb6Cmo2+hJKNvjpQjb6T346++ZaPvqADjr6MWZC+DgyRvp20jr6gUY++pBqRvpFj
kr7iGpK+ue2QvlrxkL5JlZK+RRaSvg==</AssayYData></Step><Step><CommonData><SampleLocation>1</SampleLocation><SampleID>Running Buffer</SampleID><SampleGroup></SampleGroup><SampleInfo></SampleInfo><SampleRow>E</SampleRow><SamplePlate>1</SamplePlate><WellType>BUFFER</WellType><Concentration>-1</Concentration><ConcentrationUnits>µg/ml</ConcentrationUnits><MolarConcentration>-1</MolarConcentration><MolarConcUnits>nM</MolarConcUnits><MolecularWeight>-1</MolecularWeight><Temperature>30</Temperature><StartTime>284742</StartTime><AssayTime>20</AssayTime></CommonData><FlowRate>1000</FlowRate><StepType>CUSTOM</StepType><StepName>condition</StepName><StepStatus>OK</StepStatus><ActualTime>20</ActualTime><CycleTime>0.2</CycleTime><AssayXData Points="100">ff9vQ7AycEOiZXBDF5lwQwjMcEM7/3BDbzJxQ6JlcUPVmHFDSsxxQ33/cUOwMnJD42VyQ9WY
ckMIzHJDO/9yQ7Ayc0OiZXNDF5lzQ0rMc0N9/3NDsDJ0Q+NldEMXmXRDCMx0Qzv/dENvMnVD
42V1Q9WYdUMIzHVDff91Q28ydkPjZXZD1Zh2Q0rMdkN9/3ZDbzJ3Q6Jld0PVmHdDSsx3Q33/
d0OwMnhDomV4Q1iZeEMIzHhDO/94Q28yeUOiZXlD1Zh5QwjMeUM7/3lDsDJ6Q6JlekPVmHpD
CMx6Qzv/ekNvMntDomV7Q9WYe0NKzHtDO/97Q28yfEOiZXxD1Zh8QwjMfEM7/3xDsDJ9Q6Jl
fUPVmH1DCMx9Qzv/fUOwMn5DomV+Q9WYfkMIzH5DO/9+Q28yf0PjZX9DF5l/Q0rMf0M7/39D
WBmAQ/EygEOLTIBDJGaAQ75/gENYmYBD8bKAQ4vMgEMk5oBDvv+AQ1gZgUPxMoFDakyBQyRm
gUO+f4FDWJmBQ/GygUOLzIFDJOaBQw==</AssayXData><AssayYData Points="100">gLdOvT7IvL3q79m9+LTsvXmR9r3pMvW9ngH9vUu39700l/S9yFT3vXfI8L1Aqei9q03vvVpX
5b1YveS9UQ3lveK64L30Jd29A3HcvUAn4r1aUuC9AVHYvVnz0r3mw9S9SmLXvStt1b34dNm9
8XDTvU000L3YyMu9yvHPvVTIz70LqNO95fbOvRQAzb2NYMa9f5THvQvgyb0mh8i9o37EvS5B
zL1+r8C9JZHFvcA0xb0J6L+9SDHGvaU/yr3QlsW9EufDvfOnyb0vOsG9SgLEvQKgwb1l2r69
pR7CvRFiur3PXbu9xvG6vcleur2vm729en+6vX5SxL1K0rW9zzq0vU7TuL3nGb69ABS+vR40
u70xvsG9z7u9vSEpu71xI7q9dR67vbK6u72VXra9WkW5vaSXwb3BCL+9bzq7vTdau70bUrC9
VEa3vR6SrL261Le9o++yvW4Xtr3XC7a9Ja+1vfPvtr2TmbS9hcW/vVG8sL0/ibS9nci1vXdt
tr0JoLe9cLizvQT3sL2M/rO9z5qxvQ==</AssayYData></Step><Step><CommonData><SampleLocation>2</SampleLocation><SampleID>10mM Glycine pH1.7</SampleID><SampleGroup></SampleGroup><SampleInfo>or other Regeneration solution</SampleInfo><SampleRow>E</SampleRow><SamplePlate>1</SamplePlate><WellType>REGENERATION</WellType><Concentration>-1</Concentration><ConcentrationUnits>µg/ml</ConcentrationUnits><MolarConcentration>-1</MolarConcentration><MolarConcUnits>nM</MolarConcUnits><MolecularWeight>-1</MolecularWeight><Temperature>30</Temperature><StartTime>310554</StartTime><AssayTime>20</AssayTime></CommonData><FlowRate>1000</FlowRate><StepType>CUSTOM</StepType><StepName>condition</StepName><StepStatus>OK</StepStatus><ActualTime>19.998</ActualTime><CycleTime>0.2</CycleTime><AssayXData Points="100">3/+BQ1gZgkPxMoJDi0yCQwRmgkO+f4JDWJmCQ/GygkNqzIJDJOaCQ77/gkOZGYND8TKDQ2pM
g0MkZoNDnX+DQzeZg0PxsoNDasyDQwTmg0O+/4NDNxmEQ/EyhEOLTIRDJGaEQ51/hENYmYRD
8bKEQ+3MhEME5oRDnf+EQzcZhUPxMoVDi0yFQwRmhUOdf4VDWJmFQ/GyhUNqzIVDBOaFQ77/
hUM3GYZD0DKGQ4tMhkNFZoZDnX+GQzeZhkPxsoZDasyGQwTmhkOd/4ZDNxmHQ9Ayh0NqTIdD
BGaHQ51/h0NYmYdD0LKHQ4vMh0ME5odDnf+HQzcZiEPQMohDi0yIQwRmiEO+f4hDN5mIQzOz
iENqzIhDJOaIQ77/iEM3GYlD0DKJQ2pMiUMEZolDnX+JQzeZiUPQsolDi8yJQwTmiUOd/4lD
NxmKQ9AyikNqTIpDBGaKQ51/ikM3mYpD8bKKQ2rMikME5opDnf+KQzcZi0PQMotDakyLQwRm
i0Odf4tDWJmLQ/Gyi0PSzYtDBOaLQw==</AssayXData><AssayYData Points="100">U2+mvqCZk74774a+EkR/vgw2d74jeXG+HEttvgOebL5OnXG+x/V0vukgdL7Cenm+Qwx3vkA7
e76hVnq+72WAvr/Dfb5fVH2+rMaAvmTmgL7C3oG+d7SEvhFDhL534oO+IvyFvgiBhb7oL4a+
BseHvtJph77fZIi+6HyGvqX4iL4zNoq+KZaLvnm/ir4dw4y+KXCMvqxii74ado2+SguMvquB
jr6fD4++9G2OvuHpj76c7o++skaQvkfskb6p9JC+ezCQvgmnkr4LGJO+E7CSvonhk74Rk5O+
VNaTvpwsk771E5S+93CVvha3lL50e5a++UOXvi4Olb5TxpW+l5aWviVElr4PI5i+DQ+WvkX8
lb5wKpm+YlWYvgDLlr4tgJm+IGGavnkjmL5z2Ji+NkOZvnD4mL64TZq+BuGZvrn2mb6ns5y+
nSGbvsTInL7ZsJu+8eSbvsn5m773t5y+NLqbvpWsnb7cGZ2+d2qevoh3n74dOJ2+ycGevqCl
nr4gTJ6+Ip6gvhx2n775OKC+8VKgvg==</AssayYData></Step><Step><CommonData><SampleLocation>1</SampleLocation><SampleID>Running Buffer</SampleID><SampleGroup></SampleGroup><SampleInfo></SampleInfo><SampleRow>E</SampleRow><SamplePlate>1</SamplePlate><WellType>BUFFER</WellType><Concentration>-1</Concentration><ConcentrationUnits>µg/ml</ConcentrationUnits><MolarConcentration>-1</MolarConcentration><MolarConcUnits>nM</MolarConcUnits><MolecularWeight>-1</MolecularWeight><Temperature>30</Temperature><StartTime>336358</StartTime><AssayTime>20</AssayTime></CommonData><FlowRate>1000</FlowRate><StepType>CUSTOM</StepType><StepName>condition</StepName><StepStatus>OK</StepStatus><ActualTime>20</ActualTime><CycleTime>0.2</CycleTime><AssayXData Points="100">nv+LQxcZjEOwMoxDSkyMQwRmjEOef4xDF5mMQ7CyjENKzIxD5OWMQ33/jEM4GY1DsDKNQ1BN
jUMEZo1Dnn+NQxeZjUOwso1Da8yNQ+TljUOe/41DOBmOQ9EyjkNKTI5D5GWOQ31/jkM4mY5D
sLKOQ2vMjkME5o5Dff+OQxcZj0OwMo9Da0yPQ+Rlj0N9f49DOJmPQ9Gyj0NrzI9DBOaPQ57/
j0M4GZBDNDOQQ2tMkEMEZpBDv3+QQziZkEP+tJBDa8yQQwTmkEOe/5BDOBmRQ9EykUNrTJFD
BGaRQ55/kUM4mZFD0bKRQ2vMkUME5pFDnv+RQzgZkkPRMpJDa0ySQ+RlkkOef5JDOJmSQ9Gy
kkNrzJJDBOaSQ57/kkMXGZND0TKTQ0pMk0MEZpNDnn+TQziZk0PRspNDv8+TQwTmk0N9/5ND
OBmUQ9EylENrTJRD5GWUQ55/lEMXmZRD0bKUQ2vMlEPk5ZRDnv+UQ7sZlUPRMpVDa0yVQwRm
lUOef5VDOJmVQ9GylUNKzJVDBOaVQw==</AssayXData><AssayYData Points="100">IyZxvWjnwr1mR+69trgEvvO0B779Zga+AH8JvhKNCb7m5wm+Z4ECvicWBb48IwG+kOoAvibE
Ar5oEQK+Gf/9vReE+72MEv+9Q570vWhA9b1ixOy9zif0vT7O9L1MofO9e0Pyvfm5870ms+29
1wbsvev6672s+e29rVfkvTdV6L26/+W9bDLlvZ0w5L05V+m9xMbkvRiu4r3RY+a90l/ovWmE
3r2ip+K9QcvlvZNb3b3EXd+9ABnevWEr4r1PDOO9zInfve2U1r3wh9+9dTzlvSCQ3r3uKty9
DiLhvbpW4L3tMNq9uHjcvRfx3b3kGeK9y6bZvXYd2r0oUN296h7avbj52b04/NS9a/rSvRgC
0r3Gqti9AMncvbSlz70xus+9aNzPvYVZ172sQtC9qYTZvZfHz71VJdu9PhvVvUcW3L2YWNO9
41XRvReHzb2jfdS9iyHWvRJz170dbdS9nZPVvb1P0b11Zs+9VwXPvWy0zL2tws+9NqLNvSUN
2L35Pse93NzMve8L1L3aZsW9xK3FvQ==</AssayYData></Step><Step><CommonData><SampleLocation>3</SampleLocation><SampleID>Running Buffer</SampleID><SampleGroup></SampleGroup><SampleInfo></SampleInfo><SampleRow>E</SampleRow><SamplePlate>1</SamplePlate><WellType>BUFFER</WellType><Concentration>-1</Concentration><ConcentrationUnits>µg/ml</ConcentrationUnits><MolarConcentration>-1</MolarConcentration><MolarConcUnits>nM</MolarConcUnits><MolecularWeight>-1</MolecularWeight><Temperature>30</Temperature><StartTime>362533</StartTime><AssayTime>120</AssayTime></CommonData><FlowRate>1000</FlowRate><StepType>BASELINE</StepType><StepName>Baseline 120</StepName><StepStatus>OK</StepStatus><ActualTime>120</ActualTime><CycleTime>0.2</CycleTime><AssayXData Points="600">nv+VQxcZlkOwMpZDa0yWQwRmlkN9f5ZDF5mWQ9GylkNKzJZD5OWWQ33/lkM4GZdD0TKXQ0pM
l0PkZZdDnn+XQziZl0OwspdDSsyXQ+Tll0N9/5dDFxmYQ7AymENKTJhD5GWYQ55/mEMXmZhD
sLKYQ2vMmEPk5ZhDff+YQzgZmUOwMplDSkyZQ+RlmUN9f5lDF5mZQ7CymUNKzJlD5OWZQ33/
mUMXGZpDsDKaQ0pMmkMEZppDfX+aQxeZmkOwsppDa8yaQyXmmkN9/5pDOBmbQ7Aym0NrTJtD
JWabQ55/m0M4mZtD0bKbQ2vMm0ME5ptDnv+bQzgZnEPRMpxDa0ycQwRmnEOef5xDOJmcQ/Ky
nENrzJxDBOacQ57/nEM4GZ1DsDKdQ2tMnUMEZp1Dnn+dQziZnUPRsp1Da8ydQwTmnUOe/51D
FxmeQ9EynkNrTJ5DBGaeQ55/nkM4mZ5D0bKeQ2vMnkME5p5Dff+eQxcZn0PRMp9Da0yfQ+Rl
n0Oef59DOJmfQ9Gyn0NrzJ9DBOafQ57/n0MXGaBD0TKgQ0pMoEPkZaBDnn+gQx2aoEPRsqBD
a8ygQwTmoEOe/6BDOBmhQ7AyoUNrTKFDBGahQ55/oUM4maFDsLKhQ2vMoUPk5aFDff+hQxcZ
okOwMqJDa0yiQwRmokN9f6JDF5miQ9GyokNrzKJD5OWiQ33/okM4GaNDsDKjQ0pMo0PkZaND
nn+jQziZo0PRsqNDa8yjQwTmo0Oe/6NDFxmkQ7AypENrTKRDBGakQ31/pEMXmaRDsLKkQ0rM
pEPk5aRDff+kQxcZpUPRMqVDSkylQ+RlpUN9f6VDOJmlQ7CypUNKzKVD5OWlQ33/pUM4GaZD
0TKmQ0pMpkPkZaZDnn+mQxeZpkOwsqZDSsymQ+TlpkOe/6ZDFxmnQ7Ayp0NKTKdD5GWnQ31/
p0M4madD0bKnQ0rMp0Pk5adDff+nQxcZqEOwMqhDSkyoQ+RlqEN9f6hDOJmoQ7CyqENKzKhD
5OWoQ33/qEM4GalDsDKpQ0pMqUMEZqlDnn+pQziZqUPRsqlDa8ypQwTmqUOe/6lDOBmqQ9Ey
qkNrTKpDBGaqQ55/qkM4mapD0bKqQ2vMqkME5qpDnv+qQzgZq0OwMqtDa0yrQwRmq0Oef6tD
OJmrQ9Gyq0NrzKtD5OWrQ57/q0N5GaxD0TKsQ2tMrEMEZqxDfX+sQziZrEPRsqxDSsysQwTm
rEOe/6xDFxmtQ9EyrUNrTK1DBGatQ55/rUM4ma1DsLKtQ2vMrUME5q1Dff+tQxcZrkPRMq5D
SkyuQwRmrkN9f65DOJmuQ7CyrkNrzK5D5OWuQ33/rkMXGa9DsDKvQ2tMr0MEZq9DfX+vQziZ
r0PRsq9DSsyvQwTmr0Oe/69DFxmwQ9EysENKTLBD5GWwQ31/sEMXmbBD0bKwQ2vMsEME5rBD
nv+wQxcZsUPRMrFDa0yxQ+RlsUN9f7FDF5mxQ9GysUNrzLFDBOaxQ33/sUM4GbJDsDKyQ0pM
skPkZbJDfX+yQxeZskOwsrJDSsyyQ+TlskN9/7JDOBmzQ7Ays0NrTLND5GWzQ31/s0M4mbND
sLKzQ0rMs0Pk5bNDff+zQzgZtEPRMrRDa0y0Q+RltEN9f7RDOJm0Q9GytENKzLRD5OW0Q33/
tEMXGbVD0TK1Q2tMtUPkZbVDnn+1QxeZtUOwsrVDSsy1Q+TltUN9/7VDFxm2Q7AytkNKTLZD
BGa2Q31/tkMXmbZDsLK2Q2vMtkPk5bZDIQC3QxcZt0OwMrdDa0y3QwRmt0N9f7dDOJm3Q9Gy
t0NrzLdDBOa3Q57/t0M4GbhD0TK4Q2tMuEMEZrhDnn+4QziZuEPRsrhDa8y4QwTmuEOe/7hD
OBm5Q9EyuUNKTLlDBGa5Q55/uUM4mblDsLK5Q2vMuUME5rlDnv+5QzgZukPRMrpDa0y6QwRm
ukOef7pDOJm6Q9GyukNrzLpD5OW6Q33/ukM4GbtD0TK7Q2tMu0MEZrtDnn+7QziZu0OwsrtD
a8y7Q+Tlu0Oe/7tDOBm8Q7AyvENrTLxDBGa8Q55/vEMXmbxDsLK8Q0rMvEME5rxDff+8QzgZ
vUOwMr1Da0y9QwRmvUN9f71DOJm9Q7CyvUNrzL1D5OW9Q33/vUM4Gb5D0TK+Q0pMvkPkZb5D
nn++QziZvkPRsr5DSsy+QwTmvkOe/75DOBm/Q7Ayv0NrTL9DBGa/Q6SAv0MXmb9DsLK/Q2vM
v0ME5r9Dnv+/QxcZwEOwMsBDa0zAQ+RlwEN9f8BDF5nAQ9GywENKzMBD5OXAQ33/wEM4GcFD
0TLBQ0pMwUPkZcFDnn/BQziZwUOwssFDSszBQwTmwUN9/8FDOBnCQ7AywkNrTMJDBGbCQ31/
wkM4mcJD0bLCQ0rMwkPk5cJDnv/CQxcZw0OwMsNDSkzDQ+Rlw0N9f8NDF5nDQ7Cyw0NKzMND
5OXDQ33/w0MXGcRDsDLEQ0pMxEPkZcRDnn/EQxeZxEOwssRDa8zEQ+TlxEN9/8RDFxnFQ7Ay
xUNKTMVD5GXFQ31/xUMXmcVD0bLFQ4zMxUME5sVDnv/FQzgZxkPRMsZDa0zGQwRmxkOef8ZD
OJnGQ9GyxkNrzMZDBObGQ57/xkM4GcdD0TLHQ/pOx0MEZsdDfX/HQziZx0PRssdDa8zHQwTm
x0Oe/8dDOBnIQ9EyyENrTMhDBGbIQ55/yEM4mchD0bLIQ2vMyEME5shDnv/IQzgZyUPRMslD
SkzJQwRmyUN9f8lDOJnJQ9GyyUNrzMlDBObJQ57/yUM4GcpD0TLKQ2tMykMEZspDnn/KQxeZ
ykPRsspDa8zKQ+TlykN9/8pDFxnLQ9Eyy0NKTMtDBGbLQ55/y0M4mctD0bLLQ0rMy0ME5stD
nv/LQzgZzEOwMsxD7kzMQwRmzEOef8xDOJnMQ7CyzENrzMxD5OXMQ57/zEM4Gc1D0TLNQ0pM
zUPkZc1DfX/NQziZzUPRss1Da8zNQwTmzUN9/81DFxnOQ7AyzkNKTM5D5GXOQ31/zkMXmc5D
E7POQ0rMzkPk5c5Dnv/OQxcZz0OwMs9DSkzPQ2dmz0Oef89DF5nPQ7Cyz0NKzM9D5OXPQ33/
z0MXGdBDsDLQQ2tM0EMEZtBDfX/QQxeZ0EPystBDa8zQQ+Tl0EPg/9BDFxnRQ9Ey0UNKTNFD
5GXRQ31/0UMXmdFD0bLRQ0rM0UME5tFD</AssayXData><AssayYData Points="600">JvvuvZpl7L1PCOi9vFvtvcHc7b3A6+a9Mq3mvSgw4b1CeeK9RKLbvfgj4L233d+9jo/evXrx
2r1QrtW9y+jevWo3372b1tK9Uzrcva3Q2L0qjeG9FOjevVXK172SSOG9OFzfvSjf2L3LLtm9
oVDZvc6m2b1QGt69ILXavWQ30L2antS9jQXYvRLu2L074d+98QbZvdUK2L3d0dq9OHvZvVhR
3b3QmtK969/cvS2b4r1yYNm9W/nWvYRj0L1Sa9G9jcLWvb+e2b2wStS9EMnPvb0h171zp9W9
CmbRvUhL1b11LdO9ZIDXvftS1b03X9K9+w7WvSe20r3mD9q9BajPvSeW1L35Rda9i5zQvaYP
1r1c1ta9kO3LvUCiy70+EdS9bDvXvXag170v5s69r73LvbR+07025tC951TSvTp+z73D4tG9
JLzLveLF0b1metC9zrXRveZXzr3Nc9O9j6LQvXfyzL1yv9O9yUHSvVpA0b396M69+VbMvarB
0b3P4s+9w4zKvdiezb15A9G9tw/SvSiPzb0yas29dW/Vvdbv0L1TUM690eHHvT6yyb3IYs+9
ePXRvdtD072TzcW9WpPJvQxyzL2oKNC9shDQvZeZ2L3HlNO9SHfRvc7fzL2oU9C9gPjQvSwj
y70X/c69vtnRvXeJ073dkNC9xNTMvWgV171Jqc69tEbNvWPizr2T6cy9jgfRvWO1z70AnM29
nfHQvS830L0Tpce9shLHvRGQyb29EdK9KEXKvZmuyL2UxNC9W+XDvRbLzr1jG9G9HlPPvbcW
0r24Uci95nHLvfA9zL3z38m9OUDOvTYnx73WYM29n/bOvY3+zr0/+sy9aTrOvZiMzb1vfcy9
JlPLvZiSw71ZSM+9YK7MvcZdzb1QuMy96+HJvUklzL1y1s69ubfQvYBDw72km8+96gvPvRZq
yL3DqMG9y2HGvcbJyr0hSMa9SxbIvbWVy72b1cu9XHzCvbxmzr1lSsq9waTLvRTny70TXcu9
UyTHvdOOx70T6cu93frMvUEoyL13Msm9JgnOvXutw73Dy829IK/JvVxwzb3C/8W9UMrFvWn7
x71Pbsq96tXFvR17x73eN8y9UsrJvULAwb31wci9M3XGvVFgy73VpMq92qrNvXbSx73Z5sW9
NaLEvTKwyL3Ajsa937nIvcrZwL2lJ8a924bFvR0fx72yvMi9JiXDvVjfxr2q88e9BHPEvS/g
wL0hRs29CvDMvbDh0L0SL8i9h/PJvb7Uyb3Jksa9FZrKvWbSzr2zsb290SDBvTCayr171si9
q/TFvefXwb0tdMu90kzDvUOkw70XqsK9LbDFvasmxr23vMm90DK8vez+wL3XKMS94CjFvSZ6
xb1+WsS9w5/EvasZyL2TRsG936/IvYCizL1rmcm94q26vfSdvr0Xe8e9lzbDvYE7xL2EksG9
kvXKvSwMw73suca9GsbBvZBxxb0/T8S9JUvAveCfwb27YcK9SFPFvQVGwr0Qdb29zxTHvdCv
xL0DhMO9NjLJvWatwb0GkcW9OW/Cvbjvxb0Hmci9VorFvZdSx73qsMK9UGDJvcQFx73e8r+9
FmzJvTTNvb2LFMq9wkPJvRMfwL13Gry9EQ7EvVvZwb12bMK90wzFvUxlx70ui8e9JzjFvVN2
yb1IaMO9hTPFvQkFwb1zicS9u3LFvS79vr3ehsG9QzDBvYZqwL1ktcK93ZC7vZSBw730cMS9
vCLJvR/yvL1eucC9hRLBvQa4vr2ws8C99pW/vfBXyL28w7y9NEbHvTWdvL2qlL69qBrBvSIS
v70EGsG9cMfAvdp3vL38xbu9VDS6vdYRxb1/Cb69H23FvZuSwb36LLq9LUzCvdmrxb1Ezce9
YG/EvZZFwr3bz7q9tVO/vbKfv73Khsm9TQO9vYIywr3vkMS9HUO/vUzQvb0KJ8G9F8m4vVac
wL21Wbe9SE69vWgxv72AbL29Dta+vWOcxL2NpcW9NSfDvR1Lwr12zL69txLHvVsnvr3PCr+9
Gvi/vQ63ub2UxcC9F4W9vcgLwL2XCcS9gYm/vUoewb0FSLy94uC/vd/Yxr2UNb69SLS9vfKl
wb1lgMG9M+u7vecUwL0+7bi92HvAvSHJvr1p4b69ZiW/vSkXvb0LdcC9lde/vdQkw730icC9
DXG+vT5iwr2FN769v/K7vR2Fwb165MW9olPAvfcVwL02/sS9d6C5vSKavr3C1729tjq8vS5f
vL24Cr+9+4C8vV/Awr1B9cO9Dfe7vXjzur0/nLu9Cwq9vSj9ur33p7y9VpO/vWfeur2viL+9
pgu9vc2nvr2P17+9Kb28vahtvr3aIby9FlnAvauUv73XJ7y9VUXEvR9yvb17zby9AzG6vYbE
u71qqr+9zTW9vf9dwL2l8r69K425vXPdwr254cG9dCG+vc/zs71AZr69D1nAva1pvL3E2bm9
dVG4vUIUvb0sYcG9lfu8vTN0vr1lSLa9oTq5vSNBv71BZLy9WEnAvV13v73PY7m9hJS+vXES
vb0nRbu9Ta63vY5dvL0IycG9oMS5vZC+ur1jZr29PPzDvfs/u720gcK9sn+7vcZruL3xs7+9
dYO9vVrlur3karq92Kq4vVgDub1qsL+9vGy9vZpGvb3i8LO9/Oi8vehKw71lkr29AB67vR+t
tr0i9L29NwG6vcMPxL0ex769Ru64vf3Mub3/sLq9YmS4vQyqub2HbcO983a9vYZtvb325bm9
EKy4vZGpuL1Mk7+95grBvaVcu71jvcW9twzAvduDv70a97S95be2vboZur08/rm9Jr2+vWsk
ub2KMr69vWm7vcqev715k7y9nD+2vZ7ptr1dBLq9SbO9vfLBvL3rhb69ajG0vQ4qwL3nYby9
QB65vfYft70r87a9+jS5vZPStb2nvr29/NS9vVintb2Gfr+9fRy6vbscvb3gQbm93BS7vSil
u72IBLe9GKW/vbmXwb2Dt7m9dG7DvaEiur1kDrq9UfS4ve4iub0PEri9Qn6zvfaour37FLm9
RM++vbnNvr1NR7+9oR66vU63v70S17a9Doy5vbaGub1Fdr29C6K/vegovr2dlLy9tvS4veU8
s71vI7m94zu4vR+xu709wbe9ls68vXx8sL1JTbi9kxKyvVuMub0ov7q98z+xvfEFu70IsLa9
sJq5vdYfw71XkbS9sTe+vTOYur1AUb29</AssayYData></Step><Step><CommonData><SampleLocation>4</SampleLocation><SampleID>AB</SampleID><SampleGroup></SampleGroup><SampleInfo>in Running Buffer</SampleInfo><SampleRow>E</SampleRow><SamplePlate>1</SamplePlate><WellType>KLOAD</WellType><Concentration>1.25</Concentration><ConcentrationUnits>µg/ml</ConcentrationUnits><MolarConcentration>1250</MolarConcentration><MolarConcUnits>nM</MolarConcUnits><MolecularWeight>-1</MolecularWeight><Temperature>30</Temperature><StartTime>489491</StartTime><AssayTime>20</AssayTime></CommonData><FlowRate>1000</FlowRate><StepType>LOADING</StepType><StepName>Loading</StepName><StepStatus>OK</StepStatus><ActualTime>20</ActualTime><CycleTime>0.2</CycleTime><AssayXData Points="100">nv/RQzgZ0kPyMtJDSkzSQ7Vo0kN9f9JDOJnSQ9Gy0kNrzNJD5OXSQ57/0kMXGdNDsDLTQ2tM
00PkZdNDnn/TQxeZ00PRstNDa8zTQ+Tl00Oe/9NDFxnUQ7Ay1ENKTNRD5GXUQ55/1EMXmdRD
sLLUQ0rM1EPk5dRDnv/UQxcZ1UOwMtVDSkzVQwRm1UOqgdVDF5nVQ7Cy1UNKzNVD5OXVQ33/
1UM4GdZDsDLWQ2tM1kPkZdZDnn/WQxeZ1kOwstZDSszWQ+Tl1kN9/9ZDFxnXQ7Ay10NKTNdD
5GXXQ31/10M4mddDsLLXQ0rM10Pk5ddDff/XQz4a2EOwMthDSkzYQ+Rl2EN9f9hDF5nYQ7Cy
2ENKzNhDbefYQ33/2EMXGdlDsDLZQ0pM2UPkZdlDnn/ZQziZ2UPystlDa8zZQwTm2UOe/9lD
OBnaQ9Ey2kNrTNpDBGbaQ55/2kM4mdpDdbPaQ2vM2kME5tpDnv/aQzgZ20PRMttDSkzbQwRm
20Oef9tDOJnbQ9Gy20NrzNtDBObbQw==</AssayXData><AssayYData Points="100">MOGrvRRFhb0RqyK9WnH+u3mYzzxVuFc90taoPdKC7D10xRM+fUozPrE6Uj43iXA+/gGGPik3
mD5SDqU+QtmzPqfEwj7mhtI+lFrePuAu7j7F/vk+hVMEP3ikCz9bIxI/40EYP8ioHz99/SU/
jN8sP46SMj+NzDg/F/E+P7o/RT8bNEs/DQZSP189WD8wt14/LltjP7UGaT/vSG4/5pB0P7pJ
ej/qCYA/WuCCP8tvhT9f14c/m+eKP/pbjT/Sj5A/M1GSP1irlD9ba5c/NUaaP+JonD+Ek54/
OHShPwCvoz8v8KU/EoeoPxwmqz/uHa0/vxCvP3jwsT89gLM/Gba1P4LYtz8Jy7k/zya8PwZn
vj9tCMA/DaPCP/RHxD/1d8Y/3FPIPzA3yj8jbcw/kYvOPyFa0D9DQNI/8n7TP++X1T/Gatc/
5jnZP2/b2j9AMd0/8DTfP54z4D/GjOI/bB3kP7gM5j/thOc/5R7pP0vz6j96U+w/hRzuPy/e
7z8NcfE/tc7yPwZX9D8hfPU/dl72Pw==</AssayYData></Step><Step><CommonData><SampleLocation>5</SampleLocation><SampleID>BB</SampleID><SampleGroup></SampleGroup><SampleInfo></SampleInfo><SampleRow>E</SampleRow><SamplePlate>1</SamplePlate><WellType>BUFFER</WellType><Concentration>10</Concentration><ConcentrationUnits>µg/ml</ConcentrationUnits><MolarConcentration>10000</MolarConcentration><MolarConcUnits>nM</MolarConcUnits><MolecularWeight>-1</MolecularWeight><Temperature>30</Temperature><StartTime>516805</StartTime><AssayTime>60</AssayTime></CommonData><FlowRate>1000</FlowRate><StepType>BASELINE</StepType><StepName>Baseline 60</StepName><StepStatus>OK</StepStatus><ActualTime>59.999</ActualTime><CycleTime>0.2</CycleTime><AssayXData Points="300">nv/bQzgZ3EOwMtxDrEzcQ+Rl3EOkgNxDOJncQ7Cy3ENKzNxDBObcQ33/3EMXGd1D0TLdQ0pM
3UPkZd1DfX/dQxeZ3UOwst1DSszdQ+Tl3UN9/91DFxneQ9Ey3kNrTN5D5GXeQ31/3kMXmd5D
sLLeQ2vM3kPk5d5Dff/eQzgZ30PRMt9Da0zfQwRm30Oef99DOJnfQ9Gy30NrzN9DBObfQ57/
30NYGeBD0TLgQ2tM4EMlZuBDnn/gQziZ4EPRsuBDa8zgQwTm4EOe/+BDOBnhQ9Ey4UNrTOFD
BGbhQ55/4UM4meFD0bLhQ2vM4UME5uFDff/hQzgZ4kPRMuJDSkziQ+Rl4kOef+JDOJniQ9Gy
4kNrzOJDBObiQ57/4kM4GeND0TLjQ2tM40MEZuNDnn/jQziZ40OwsuNDss3jQwTm40Oe/+ND
OBnkQ7Ay5ENrTORDBGbkQ55/5EMXmeRD0bLkQ0rM5EME5uRDnv/kQzgZ5UOwMuVDa0zlQwRm
5UN9f+VDOJnlQ9Gy5UNKzOVD5OXlQ33/5UMXGeZDsDLmQ2tM5kMEZuZDnn/mQxeZ5kPRsuZD
SszmQ+Tl5kN9/+ZDFxnnQ7Ay50NrTOdD5GXnQ55/50M4medDsLLnQ2vM50Pk5edDff/nQxcZ
6EPXM+hDa0zoQ+Rl6EN9f+hDF5noQ9Gy6ENKzOhD5OXoQ0IA6UM4GelDsDLpQ0pM6UPkZelD
fX/pQxeZ6UOwsulDjMzpQ+Tl6UOe/+lDFxnqQ7Ay6kNKTOpD5GXqQ31/6kMXmepDsLLqQ83M
6kPk5epDff/qQxcZ60OwMutDjEzrQ+Rl60N9f+tDF5nrQ7Cy60NKzOtD5OXrQ33/60MXGexD
0TLsQ0pM7EMEZuxDfX/sQxeZ7EOwsuxDSszsQ+Tl7EOe/+xDOBntQ9Ey7UNrTO1DBGbtQ55/
7UM4me1D0bLtQ2vM7UME5u1Dnv/tQzgZ7kOWM+5Da0zuQwRm7kN9f+5DOJnuQ9Gy7kNrzO5D
BObuQ57/7kM4Ge9D0TLvQ2tM70MEZu9Dnn/vQziZ70PRsu9Da8zvQwTm70OkAPBDOBnwQ9Ey
8ENrTPBDBGbwQ31/8EM4mfBD0bLwQ1DN8EME5vBDff/wQxcZ8UOwMvFDa0zxQwRm8UOef/FD
OJnxQ9Gy8UNKzPFD5OXxQ57/8UMXGfJD0TLyQ2tM8kMEZvJDfX/yQziZ8kPRsvJDSszyQwTm
8kN9//JDFxnzQ9Ey80NrTPNDBGbzQ55/80M4mfND0bLzQ0rM80MK5/NDff/zQxcZ9EPRMvRD
a0z0QwRm9EN9f/RDOJn0Q7Cy9ENKzPRDBOb0Q57/9EM4GfVD0TL1Q2tM9UMEZvVDnn/1QziZ
9UOwsvVDjMz1Q+Tl9UN9//VDFxn2Q7Ay9kNKTPZD5GX2Q31/9kMXmfZD0bL2Q0rM9kME5vZD
ff/2QzgZ90OwMvdD0033QwRm90N9f/dDOJn3Q9Gy90OSzfdDBOb3Q33/90PBGvhDsDL4Q0pM
+EMEZvhDfX/4QxeZ+EOwsvhDSsz4Q+Tl+EN9//hDFxn5Q7Ay+UNrTPlD5GX5Q31/+UMXmflD
sLL5Q0rM+UPk5flD</AssayXData><AssayYData Points="300">YcAsQCDZLkDSxC9ASJUwQNLTMED0YzFAVYYxQJd1MUCQhjFALuQxQDmQMUAldjFAgpIxQB+0
MUBbszFAX6QxQHOwMUC7qDFAs2cxQK5tMUDcvjFAm44xQGNzMUA+2DFAGWMxQB6/MUAnhDFA
LrIxQKkrMUCFmjFAAXQxQNlpMUAcUTFAuocxQCJLMUD9QzFAGKExQM18MUCjhzFAVHYxQHFx
MUD0pjFA1pExQCF9MUAspzFA5FoxQC1LMUBKtDFAw0QxQDlwMUCCWzFAC0ExQHRJMUDJLDFA
Q3kxQK18MUCZVjFAZkMxQDh9MUCKJjFAVoYxQGx3MUD/aDFA8zQxQKFZMUA0UjFAx3kxQBBg
MUAqWjFA6T4xQC9hMUCbKjFA6VoxQElfMUCsTzFATF8xQJVkMUD6SjFAeEcxQC1pMUBEPDFA
IDwxQLw/MUBDWDFArSkxQMdfMUAzQTFADxExQLILMUBVEjFAMyoxQJBPMUBvazFAsBkxQN/j
MECDFjFATg0xQJAwMUBpHDFATyExQOgdMUD09jBAAuwwQHPsMEBBHzFAywExQKcEMUDS7DBA
+dowQP/OMECM9DBAzvUwQDcLMUAbxTBAkPAwQDTgMEC2CzFANtYwQLm+MEBy5jBAsq4wQNEP
MUApAzFASO8wQLTFMECw1DBAj+swQOCCMEAs3jBAOd0wQJ3lMEA/nzBAmKwwQAjbMED7nDBA
QqwwQNp+MECorjBAW70wQCqDMEA66DBA/6kwQFqdMEBJnjBAbp0wQFWFMEBznjBADcEwQCiT
MEDLgDBABbEwQF5nMEAHmzBAb4swQM1+MEAhtTBANXAwQLNYMEDdUzBAwJMwQGBOMECrcjBA
nn4wQNtDMEAKnjBAMnIwQHU+MEAuYjBArzgwQIIpMEBbWjBAvWYwQC6GMEAfHDBAL20wQIs7
MEBGBTBAsQswQKM+MECagzBAbBYwQCDuL0B8LDBA20cwQAE0MECiVjBAtf4vQAQKMEBeBDBA
UygwQH5EMEBVajBAsjUwQL7iL0Cc5y9AOxIwQKs1MED1AjBAOPgvQDYIMEAkEzBA0vwvQAj3
L0C/0C9AmgAwQATIL0Cy/C9A99QvQFPKL0Db3S9A5qwvQBfyL0DUqC9AhM0vQJ7PL0AFqi9A
a9AvQILcL0C52i9AmMQvQEHYL0Du4i9AfOYvQKTGL0D37y9ARb0vQOLWL0Bwyi9AQfkvQDx6
L0DFmS9A05gvQEiTL0DcsS9A9HcvQL6WL0Bzdi9A4ZsvQAR+L0AGZC9A2H0vQHdeL0C9XS9A
DzkvQPZVL0CekC9A/JgvQJSfL0AAvi9AvnkvQAJqL0DxWy9A53ovQIWEL0CuTy9A2WAvQKdf
L0BGYS9A/G0vQIKIL0BvqC9AEVovQP1DL0DxLS9AmUMvQF1YL0BiWy9AvVwvQOxkL0A/Ny9A
nl0vQLhDL0COHS9Axz8vQHc7L0CkQC9ARAEvQPIrL0A6AS9AXxIvQHIlL0BIRi9A2C8vQD8m
L0DeRy9AnAQvQDIGL0DNCS9AswovQL4ML0D+Wy9AHT0vQPTnLkAwDS9ADesuQDUbL0D97C5A
UhAvQF3oLkBR7S5A</AssayYData></Step><Step><CommonData><SampleLocation>6</SampleLocation><SampleID>Running Buffer</SampleID><SampleGroup></SampleGroup><SampleInfo>in Running Buffer</SampleInfo><SampleRow>E</SampleRow><SamplePlate>1</SamplePlate><WellType>BUFFER</WellType><Concentration>-1</Concentration><ConcentrationUnits>µg/ml</ConcentrationUnits><MolarConcentration>-1</MolarConcentration><MolarConcUnits>nM</MolarConcUnits><MolecularWeight>-1</MolecularWeight><Temperature>30</Temperature><StartTime>584648</StartTime><AssayTime>20</AssayTime></CommonData><FlowRate>1000</FlowRate><StepType>BASELINE</StepType><StepName>Baseline 20</StepName><StepStatus>OK</StepStatus><ActualTime>20</ActualTime><CycleTime>0.2</CycleTime><AssayXData Points="100">fv/5QxgZ+kOxMvpDKkz6Q8Rl+kN+f/pD95j6Q7Gy+kNLzPpD5OX6Q13/+kP3GPtDkDL7QypM
+0PEZftDXX/7Q/eY+0OxsvtDKsz7Q8Tl+0Nd//tD9xj8Q5Ay/ENLTPxDxGX8Q35//EMYmfxD
sbL8Q0vM/EPE5fxDXf/8Q/cY/UOQMv1DKkz9Q8Rl/UNdf/1DGJn9Q5Cy/UNLzP1DxOX9Q13/
/UP3GP5DkDL+Q0tM/kPEZf5DXX/+Q/eY/kOQsv5DKsz+Q8Tl/kN+//5D9xj/Q5Ay/0MqTP9D
xGX/Q11//0MYmf9DsbL/QyrM/0PE5f9Dfv//Q3sMAERZGQBEJSYAROIyAETPPwBEjEwARFlZ
AEQlZgBE8nIARL9/AESMjABEWZkARCWmAETysgBEv78ARIzMAERZ2QBEJeYARPLyAES//wBE
jAwBRFkZAUQlJgFE8jIBRL8/AUSMTAFESFkBRCVmAUTycgFEv38BRIyMAURZmQFEJaYBRPKy
AUS/vwFEjMwBREjZAUQl5gFE8vIBRA==</AssayXData><AssayYData Points="100">u6waQGP3FEAR1BJA5y8RQCnGEEDqbBBAtEYQQLBhEEDbJxBAazEQQAZ8EEBtahBA6IEQQC+W
EEAwkRBAaKYQQAehEECmfhBAmbcQQNB4EED3fhBAAYcQQLiEEEAvqhBAsuIQQM2OEEBe4xBA
l7YQQF2vEEAovxBARsoQQAy6EEAUehBARrsQQJf5EECi0xBAeOoQQGvEEEC5kRBAT4UQQJnZ
EEAVtxBApN0QQJbOEEDBjhBApdIQQIm+EECExhBAy5gQQIQPEUA9wBBAWNcQQGLqEEDszhBA
LtcQQDSuEEBYyxBAyq4QQK6pEECPshBAWaUQQL2dEECv1xBA9wgRQLDdEEDsrxBAEtgQQJzL
EEAX0xBAl/oQQIraEEBRyRBA1/AQQB+bEEBtoxBAHboQQGiiEECKvhBAHL0QQA/pEED+1xBA
ZbYQQFB3EEBTzRBALccQQGPwEEBwzxBA0rwQQHPNEEC90hBA69AQQBrEEEBAthBABaoQQHjF
EEB8uxBAmQcRQA/zEEAnxhBAR9gQQA==</AssayYData></Step><Step><CommonData><SampleLocation>7</SampleLocation><SampleID>aKappa 50ug/ml</SampleID><SampleGroup></SampleGroup><SampleInfo></SampleInfo><SampleRow>E</SampleRow><SamplePlate>1</SamplePlate><WellType>KSAMPLE</WellType><Concentration>-1</Concentration><ConcentrationUnits>µg/ml</ConcentrationUnits><MolarConcentration>-1</MolarConcentration><MolarConcUnits>nM</MolarConcUnits><MolecularWeight>-1</MolecularWeight><Temperature>30</Temperature><StartTime>612973</StartTime><AssayTime>120</AssayTime></CommonData><FlowRate>1000</FlowRate><StepType>ASSOC</StepType><StepName>Association</StepName><StepStatus>OK</StepStatus><ActualTime>120</ActualTime><CycleTime>0.2</CycleTime><AssayXData Points="600">v/8BRIwMAkRZGQJEJSYCRPIyAkS/PwJEe0wCRFlZAkQlZgJE8nICRL9/AkSMjAJEWZkCRCWm
AkTysgJEv78CRHvMAkRZ2QJEJeYCRPLyAkS//wJEjAwDRFkZA0QlJgNE8jIDRL8/A0QfTQNE
WVkDRCVmA0TycgNEv38DRIyMA0RZmQNEJaYDRAOzA0S/vwNEjMwDREjZA0Ql5gNE4vIDRL//
A0SMDAREWRkERBUmBETyMgREvz8ERHtMBERZWQREJWYERPJyBESvfwREe4wEREiZBEQlpgRE
8rIERK+/BER7zAREWdkERCXmBETi8gREz/8ERIwMBURZGQVEFSYFROIyBURjQAVEe0wFREhZ
BUQVZgVE8nIFRK9/BUR7jAVESJkFRBWmBUTysgVEr78FRIzMBURI2QVEJeYFROLyBUS//wVE
ewwGRFkZBkQVJgZE4jIGRL8/BkR7TAZEkFoGRCVmBkTicgZEv38GRM2MBkRImQZEFaYGROKy
BkSvvwZEe8wGREjZBkQV5gZE4vIGRK//BkR7DAdEWRkHRBUmB0TiMgdEvz8HRHtMB0RZWQdE
FWYHROJyB0SvfwdEe4wHREiZB0QVpgdE4rIHRK+/B0R7zAdEWdkHRBXmB0Ti8gdEr/8HRHsM
CERZGQhEiCYIRPIyCES/PwhEe0wIRFlZCEQlZghE8nIIRAGACESMjAhEWZkIRCWmCETysghE
v78IRHvMCERZ2QhERuYIRPLyCES//whEjAwJREgZCUQlJglE8jIJRL8/CUSMTAlEWVkJRCVm
CUTycglEv38JRIyMCURZmQlEJaYJRPKyCUS/vwlEjMwJRFnZCUQl5glENPMJRK//CUSMDApE
SBkKRBUmCkTiMgpEvz8KRHtMCkRZWQpEJWYKRPJyCkS/fwpEjIwKREiZCkQlpgpE8rIKRL+/
CkR7zApESNkKRCXmCkTy8gpEv/8KRHsMC0RZGQtEJSYLROIyC0S/PwtEe0wLREpcC0RtZwtE
4nILROB/C0SMjAtEWZkLRCWmC0TysgtEv78LRHvMC0RZ2QtEJeYLROLyC0Sv/wtEewwMREgZ
DEQVJgxE4jIMRK8/DER7TAxESFkMRHdmDETicgxEv38MRIyMDERZmQxEFaYMRPKyDESvvwxE
nMwMRFnZDEQl5gxE8vIMRK//DETuDA1ESBkNRBUmDUTyMg1Erz8NRB9NDURZWQ1EJWYNROJy
DUS/fw1Ee4wNREiZDUQlpg1EA7MNRK+/DUR7zA1ESNkNRBXmDUTi8g1Er/8NRHsMDkRpGQ5E
FSYORPIyDkSvPw5Ee0wOREhZDkQVZg5E4nIORK9/DkR7jA5ESJkORBWmDkTisg5Er78ORHvM
DkRI2Q5EFeYOROLyDkSv/w5EjAwPRGkZD0QVJg9E4jIPRK8/D0SMTA9EWVkPRDZmD0Tycg9E
v38PRIyMD0RZmQ9EJaYPRPKyD0S/vw9EjMwPRFnZD0Ql5g9E8vIPRL//D0SMDBBESBkQRCUm
EETyMhBEvz8QRIxMEERZWRBEJWYQRPJyEES/fxBEjIwQRFmZEEQlphBE8rIQRK+/EESMzBBE
WdkQRCXmEES38xBEv/8QRIwMEURZGRFEFSYRRIYzEUS/PxFEjEwRRFlZEUQlZhFE8nIRRL9/
EUR7jBFEWZkRRBWmEUTyshFEv78RRIzMEURZ2RFEJeYRRPLyEUS//xFEewwSRFkZEkQVJhJE
4jISRK8/EkR7TBJEWVkSRCVmEkTichJEz38SRIyMEkRImRJEJaYSRBOzEkSvvxJEe8wSRFnZ
EkTJ5hJE4vISRL//EkSMDBNESBkTRKgmE0TiMhNEvz8TRIxME0RZWRNEJWYTRDRzE0S/fxNE
3owTRFmZE0QVphNE8rITRK+/E0SMzBNESNkTRBXmE0Ty8hNEr/8TRHsMFERZGRREFSYUROIy
FES/PxREjEwUREhZFEQVZhRE4nIURK9/FER7jBRESJkURBWmFETyshREv78URHvMFER52RRE
JeYUROLyFES//xREewwVRMsZFUQVJhVE4jIVRK8/FUR7TBVEWVkVREZmFUTichVEr38VRHuM
FURImRVEFaYVROKyFUSvvxVEe8wVRFnZFUQV5hVE8vIVRK//FUSMDBZESBkWRBUmFkTyMhZE
vz8WRIxMFkRIWRZEVmYWROJyFkS/fxZEjIwWRFmZFkQlphZE8rIWRL+/FkRQzRZEWdkWRCXm
FkTy8hZEv/8WRIwMF0RZGRdEJSYXRPIyF0S/PxdEe0wXREhZF0QlZhdE8nIXRL9/F0SMjBdE
WZkXRCWmF0TyshdEv78XRIzMF0RZ2RdEJeYXROLyF0S//xdEjAwYRFkZGEQlJhhE8jIYRL8/
GESMTBhESFkYRCVmGETychhEv38YRHuMGERZmRhEFaYYRPKyGERSwBhEjMwYREjZGEQl5hhE
8vIYRL//GESMDBlESBkZRCUmGUTiMhlEvz8ZRIxMGURZWRlEJWYZRPJyGUS/fxlEjIwZRFmZ
GUQVphlE8rIZRK+/GUSMzBlESNkZRBXmGUTi8hlEv/8ZRHsMGkRZGRpEJSYaROIyGkS/PxpE
nEwaREhZGkQlZhpE8nIaRL9/GkR7jBpEWZkaRBWmGkTyshpEr78aRIzMGkRZ2RpEJeYaRGXz
GkSv/xpEjAwbREgZG0QVJhtE4jIbRK8/G0SMTBtEmlkbRBVmG0TichtEr38bRIyMG0RImRtE
FaYbROKyG0SvvxtEe8wbREjZG0Ql5htE4vIbRK//G0R7DBxESBkcRCUmHETiMhxErz8cRIxM
HERIWRxEJWYcROJyHES/fxxEjIwcREiZHEQVphxE4rIcRK+/HER7zBxEWdkcRBXmHETi8hxE
r/8cRHsMHURIGR1EFSYdROIyHUS/Px1Ee0wdREhZHUQlZh1E4nIdRM9/HUSMjB1EWZkdRCWm
HUTysh1Ev78dRIzMHURZ2R1EJeYdRCPzHUS//x1EjAweRFkZHkQlJh5E8jIeRL8/HkSMTB5E
WVkeRCVmHkTych5Ev38eRIyMHkRZmR5EJaYeRPKyHkS/vx5EjMweRFnZHkQl5h5E8vIeRL//
HkSMDB9EWRkfRCUmH0TiMh9Evz8fRIxMH0RZWR9EJWYfROJyH0Svfx9Ee4wfRFmZH0Qlph9E
NLMfRL+/H0R7zB9EWdkfRCXmH0Ty8h9E</AssayXData><AssayYData Points="600">6/wfQHeDJEAnoSdA0tUpQA2XK0DpYy1Av9EuQK4xMEBgqjFAtfcyQAhHNEA1vjVAJfA2QDv8
N0CWejlACXs6QL/LO0AjuzxAbbc9QMn5PkAlIEBAX0FBQIFgQkCkg0NAnXZEQH1yRUAOg0ZA
Hl5HQEVJSEDeX0lAlkhKQFyFS0DiQUxA5QlNQFM8TkAN/U5Ab9JPQD7PUEAJoFFAvKBSQH4v
U0CF+lNA0d9UQK2eVUArZFZAbk1XQPPwV0Ar+FhA6LJZQAFmWkATDVtAdR1cQP16XEAvLl1A
Ku1dQIjvXkC7al9ACh5gQMivYEAuc2FA+A5iQBjvYkBIQGNAlvJjQB1NZEC8QGVA6OVlQPWJ
ZkB64mZAaMlnQAEfaEC8yWhALl9pQIPsaUD9sGpA+RtrQL+Ka0CeLGxAXONsQHgUbUBjpW1A
AWxuQG/EbkDabG9A8vhvQNxwcEBDwnBAAENxQNSZcUAyS3JAhYpyQDQTc0B473NAEzV0QHR9
dEBjPnVA8nJ1QCEmdkBBWnZAG6p2QF9cd0BI1ndAAA14QJKXeEBBAnlAtXl5QGYSekAmYnpA
5uR6QKnxekAIf3tAJAd8QFU5fED36XxA4Qd9QPhUfUAgvX1Avxh+QIObfkDTzn5AgWl/QOK8
f0AnBIBAOByAQDRugEBvnIBAoruAQMzmgEBGGIFAVx6BQK1qgUCjroFA68yBQM/wgUAIH4JA
gj6CQEV1gkCeqoJAdNWCQAPlgkBLIINAKj+DQBBSg0D3f4NAJ72DQEnqg0BB3oNA3weEQEZf
hEDggIRAsXOEQO+zhECDz4RABgyFQIg5hUDeQoVA33SFQCOhhUBF1YVA9+aFQMb2hUBMNYZA
OHKGQNR2hkAhqoZAktOGQJISh0An/IZAvRSHQH9Gh0Ara4dAloSHQD6jh0BdvodAmf+HQKct
iEAeR4hAp1CIQDpsiEC0nIhAzqqIQMfTiECw9IhAd/aIQOUziUB2P4lANXWJQKiIiUC21IlA
gq+JQMPriUBeFIpAAwqKQKs8ikCoXopAlY6KQI+QikBXqIpAtsmKQJQHi0CT/4pAKz2LQEdv
i0AgZYtAW4iLQNKgi0CxpotAZMeLQJrki0DX+4tAW0CMQMkrjECHQYxARXmMQL+LjECLq4xA
YsyMQNbcjEBC5oxA3gmNQMk2jUCEOI1AMFmNQB5/jUAwuI1AlbWNQC3GjUCW+o1ACP6NQLci
jkDLJ45AA0eOQA9njkDylY5AYn2OQMi6jkBbto5Aab+OQBHhjkAg/o5A3zSPQE9Jj0CRWo9A
kXKPQOhwj0BMvY9AH6ePQBLNj0AL6Y9AM/uPQDITkED2GJBAlkuQQIJMkEDzcZBAJ2aQQHGP
kEBjnJBA78+QQBDYkEDG85BAg+WQQO0bkUAOE5FA3juRQNNGkUBTdJFAEnqRQISFkUCMlJFA
8MSRQIO9kUC+5JFAN/eRQOUAkkCqFJJALi6SQHsekkBnhJJAxIqSQJ2EkkBSgpJAkKKSQGvA
kkAPw5JAQMySQO4Dk0BFDJNAuB2TQCBLk0AIcpNAEFWTQJxVk0B1bpNA0JmTQHuhk0BTq5NA
0cGTQOLPk0Bn/5NAZyeUQGM0lED8M5RAxT+UQFJMlECnbpRAKGiUQNl0lEBgl5RALqWUQGjH
lEA82pRAlc2UQGAPlUAaKJVAnh+VQCUplUCoMpVADluVQPVilUBDhJVAHZeVQEOflUDGupVA
spOVQKHJlUAM1JVAhAeWQA8MlkB7D5ZAYhSWQNEglkD1OZZApE+WQEphlkA9gZZAvouWQHaV
lkDxkJZAVpqWQGLDlkBg7ZZAEfOWQDMEl0AeGJdASESXQGw/l0CcRpdAtEOXQMtUl0CLV5dA
k5yXQECDl0D1npdAkpyXQJCnl0BO0ZdAhd+XQAThl0Dd35dA2v+XQDMZmEBZLphAlU+YQJtP
mECaSZhAk3qYQGF5mEARoZhA1paYQL+qmEBXsphA6q+YQGPbmEAE8ZhAiBOZQB4JmUA8KZlA
EyGZQNRHmUC/OplAGUWZQBlKmUASV5lAll2ZQB+AmUCZm5lAcbmZQMmsmUCctJlAdMmZQE7O
mUAl5ZlAddyZQDcumkAbFppAuAWaQOw6mkBRGppAV0SaQKFKmkDzZZpA5G+aQBuFmkC/qJpA
t5GaQHqlmkBbtZpAzc2aQDfYmkB17ppA79SaQAbhmkD//ppAtBubQBIdm0BbIptAdEqbQPdf
m0BWSJtAnoCbQLuLm0AAg5tA2oSbQKCem0A9vptAU7ObQASwm0Cku5tAQdGbQMnsm0AdApxA
uQGcQF0CnEBAMJxAqh+cQGconEA+IZxA/FmcQJJlnECDU5xAl2ycQPJznEDqd5xAY4WcQIKx
nEBfnZxAvsycQCmznECl6pxACeCcQJbunECcEZ1AGvScQC8tnUCjBJ1AezydQOEWnUCTNp1A
NFOdQG5dnUCcX51AQmidQB50nUCPeZ1AuY2dQLiKnUA8n51AKqidQOa1nUBHzZ1AUdidQELY
nUBu451AN/2dQBz3nUC5BZ5AuBOeQKQpnkC1K55AZkmeQPc7nkB8XZ5A1WueQFhxnkCNaJ5A
AXieQAx+nkDXlZ5AqcyeQKy+nkDJtZ5AZLCeQBfZnkCQ255AdvCeQLLinkCYFp9ASw2fQBsv
n0B9NJ9Ah0efQLNEn0CCNJ9ANlWfQJJVn0B9ap9AmmefQA12n0CDiJ9ACYafQDeyn0AGs59A
Y7OfQO+yn0Agy59AE8afQHvGn0AB5Z9A0e+fQCgPoEAlAKBAgx2gQJQYoEA8OKBARi2gQJ43
oEA9S6BAP0GgQHpkoEBie6BATH2gQDZkoEBudqBA6KGgQBiToEDvhaBATpOgQBq1oED0sqBA
BLygQIvfoEDOxqBAKNCgQKf7oEDa6KBAT/+gQCT4oEDy/KBAAxyhQP8WoUAbRqFA9UmhQKk9
oUBsWKFArkShQH1boUAYbaFA5YOhQLuHoUAPpKFA46ihQMq8oUB0raFA0JChQMvOoUBbyaFA
uNuhQGP7oUDFv6FAV/mhQPzgoUAMC6JAqxWiQJAOokBFNaJAAReiQBQiokDlPqJAYz6iQCl2
okAdW6JAbTSiQC5vokBCX6JASYOiQBmWokDNnaJAWpiiQFqxokC6uaJAU6+iQP3AokBPyqJA
jNeiQBDIokC14qJAc96iQAn5okByAaNA</AssayYData></Step></KineticsData></ExperimentResults>
