<?xml version="1.0" encoding="UTF-8" standalone="yes"?>
<ExperimentResults><ExperimentInfo Name="20251008 UPFB0001"><ExpDescription>AHC example method - full characterization&#13;
Analyte titration series with reference channel</ExpDescription><RTDVersion>2.0</RTDVersion><RunID>44513BEA-5865-4B65-BE64-68D265EFB71C</RunID><ExperimentType>KINETICS</ExperimentType><ExperimentSubType>KBASIC</ExperimentSubType><StartDateTime>2025-10-08T15:26:04</StartDateTime><MachineName>BN7KX12</MachineName><UserName>octet</UserName><LotNumber></LotNumber><PlateName>251008</PlateName><PlateName2></PlateName2><SensorName>C2</SensorName><SensorPlate>1</SensorPlate><SensorType>AHC (Anti-hIgG Fc Capture)</SensorType><SensorRole>LIGAND</SensorRole><SensorInfo></SensorInfo><WritingSW>DataAcquisition.exe 11.0.2.1</WritingSW><InstrumentType>OctetRED96</InstrumentType><InstrumentSerial>FB-50284</InstrumentSerial><InstrumentFW></InstrumentFW><IntegrationTime>2.2</IntegrationTime><DSPType>CPF</DSPType><DSPStitching>1</DSPStitching><HasManifest>1</HasManifest><InfoHash>-1324819486</InfoHash></ExperimentInfo><AssayParamsInfo/><KineticsData><Step><CommonData><SampleLocation>1</SampleLocation><SampleID>Running Buffer</SampleID><SampleGroup></SampleGroup><SampleInfo></SampleInfo><SampleRow>C</SampleRow><SamplePlate>1</SamplePlate><WellType>BUFFER</WellType><Concentration>-1</Concentration><ConcentrationUnits>µg/ml</ConcentrationUnits><MolarConcentration>-1</MolarConcentration><MolarConcUnits>nM</MolarConcUnits><MolecularWeight>-1</MolecularWeight><Temperature>30</Temperature><StartTime>612973</StartTime><AssayTime>180</AssayTime></CommonData><FlowRate>1000</FlowRate><StepType>BASELINE</StepType><StepName>Baseline 1</StepName><StepStatus>OK</StepStatus><ActualTime>179.999</ActualTime><CycleTime>0.2</CycleTime><AssayXData Points="900">AAAAAM3MTD7NzMw+mpkZP0SLTD8AAIA/mpmZP28Ssz8IrMw/okXmP05iAEDNzAxAN4kZQARW
JkAzMzNAAABAQGq8TECamVlAyXZmQDMzc0Ce739ANV6GQM3MjEACK5NAmpmZQM/3n0BmZqZA
nMSsQDMzs0BokblAAADAQDVexkCcxMxAMzPTQJqZ2UAAAOBAmG7mQJzE7EACK/NAmpn5QM/3
/0AzMwNBZmYGQYGVCUG0yAxB5/sPQRsvE0FOYhZBmpkZQc3MHEEAACBBGy8jQU5iJkGamSlB
tMgsQef7L0EbLzNBTmI2QYGVOUG0yDxB5/s/QRsvQ0GNl0ZBgZVJQbTITEHn+09BMzNTQU5i
VkGBlVlBtMhcQQAAYEEbL2NBTmJmQYGVaUG0yGxBGQRwQRsvc0FOYnZBgZV5QbTIfEHn+39B
ppuBQScxg0HByoRBWmSGQfT9h0GamYlBMzOLQeXQjEFmZo5BAACQQZqZkUEzM5NBzcyUQWZm
lkEAAJhBppuZQTMzm0HNzJxBZmaeQQAAoEEtsqFBMzOjQc3MpEFmZqZBAACoQZqZqUEzM6tB
zcysQWZmrkEAALBBmpmxQTMzs0HNzLRBi2y2QfT9t0GamblBMzO7Qc3MvEFmZr5BAADAQZqZ
wUFkO8NBwcrEQVpkxkEAAMhBmpnJQTMzy0HNzMxBZmbOQQAA0EGamdFBJzHTQc3M1EFmZtZB
AADYQZqZ2UEzM9tBzczcQVpk3kGHFuBBmpnhQTMz40HByuRBZmbmQQAA6EGamelBJzHrQdnO
7EFmZu5BAADwQY2X8UEzM/NBzcz0QWZm9kH0/fdBjZf5QTMz+0HByvxBZmb+QfT9/0HHywBC
mpkBQmBlAkIzMwNC+v4DQtPNBEKTmAVCYGUGQjMzB0IAAAhCzcwIQpOYCUJmZgpCLTILQvr+
C0LHywxCk5gNQmBlDkJ3Pg9CAAAQQsfLEEKamRFCkW0SQi0yE0L6/hNCx8sUQpqZFUJgZRZC
MzMXQvr+F0J/6hhCrJwZQmBlGkItMhtC+v4bQsfLHEKTmB1CYGUeQi0yH0IAACBCx8sgQpOY
IUJgZSJCLTIjQvr+I0LHyyRCmpklQmZmJkI5NCdC+v4nQsfLKEKTmClCYGUqQi0yK0L6/itC
x8ssQpOYLUKqcS5CLTIvQvr+L0LHyzBCk5gxQmBlMkIzMzNC+v4zQsfLNEKamTVCZmY2QjMz
N0IAADhCzcw4QpqZOUJmZjpCMzM7QgAAPELNzDxCmpk9QmZmPkIzMz9C+v4/Qs3MQEKamUFC
ZmZCQjMzQ0IAAERCzcxEQpqZRUJmZkZCMzNHQgAASELNzEhCmplJQmBlSkIzM0tCAABMQs3M
TEKTmE1CZmZOQjMzT0IAAFBCx8tQQpOYUUJmZlJCMzNTQvr+U0LHy1RCmplVQmZmVkIzM1dC
+v5XQs3MWEKamVlCZmZaQi0yW0IAAFxCzcxcQpqZXUJmZl5CMzNfQgAAYELZzmBCmplhQmBl
YkItMmNCAABkQs3MZEKTmGVCZmZmQjMzZ0IAAGhCzcxoQrieaUJgZWpCMzNrQvr+a0LHy2xC
mpltQmZmbkItMm9C+v5vQsfLcEKTmHFCYGVyQjMzc0IAAHRCx8t0QpqZdUJmZnZCTDd3QgAA
eELNzHhCmpl5QmZmekIzM3tC+v57Qs3MfEKamX1CYGV+Qi0yf0KDAIBC42WAQt/PgEIzM4FC
F5mBQn3/gULjZYJCzcyCQrAyg0IXmYNCjwKEQuNlhEJKzIRCMzOFQheZhUIAAIZCZmaGQkrM
hkKwModCF5mHQn3/h0JmZohCSsyIQjMziUKamYlCAACKQuNlikJKzIpCsDKLQheZi0IAAIxC
42WMQkrMjEKwMo1CF5mNQn3/jUJmZo5CzcyOQrAyj0IXmY9Cff+PQuNlkEJKzJBCsDKRQheZ
kUJ9/5FCZmaSQkrMkkIzM5NCmpmTQgAAlEJmZpRCzcyUQjMzlUK4npVCAACWQmZmlkLNzJZC
MzOXQpqZl0IAAJhCZmaYQs3MmEIzM5lCmpmZQgAAmkJmZppCVs6aQjMzm0KamZtCAACcQulm
nEJKzJxCMzOdQpqZnUIAAJ5CAmueQs3MnkIzM59CmpmfQoMAoELjZaBCzcygQjMzoUKamaFC
AACiQuNlokLNzKJCMzOjQheZo0IAAKRCf2qkQs3MpEJSOKVCF5mlQgAApkLjZaZCzcymQjMz
p0IXmadCff+nQuNlqELNzKhCsDKpQpqZqUJ9/6lCG2+qQs3MqkIzM6tCF5mrQn3/q0LjZaxC
SsysQjMzrUIdmq1CAACuQuNlrkLNzK5CsDKvQpqZr0IAALBCZmawQkrMsEKwMrFCmpmxQn3/
sUJmZrJCSsyyQjMzs0KambNCAAC0QuNltEJKzLRCsDK1QqCatUJ9/7VCZma2Qs3MtkKwMrdC
F5m3Qn3/t0LjZbhCzcy4QrAyuUKamblCAAC6QuNlukJKzLpCsDK7QheZu0J9/7tC42W8QkrM
vEKwMr1CF5m9Qn3/vULjZb5CSsy+QrAyv0IXmb9CAADAQuNlwELNzMBCsDLBQheZwUJ9/8FC
42XCQkrMwkKwMsNCF5nDQn3/w0KFa8RCzczEQjMzxUKamcVCff/FQuNlxkLNzMZCMzPHQheZ
x0IAAMhC42XIQkrMyEKwMslCppvJQn3/yULjZcpC2c7KQrAyy0KamctCAADMQmZmzELs0cxC
MzPNQpqZzUIAAM5CZmbOQs3MzkIzM89CmpnPQgAA0EJmZtBCzczQQjMz0UKamdFCAADSQmZm
0kLNzNJCMzPTQpqZ00IfBdRCZmbUQs3M1EIzM9VCmpnVQn3/1UJmZtZCzczWQjMz10KamddC
AADYQmZm2EJKzNhCMzPZQpqZ2UJ9/9lC42XaQs3M2kKwMttCmpnbQgAA3EJmZtxCzczcQjMz
3UKamd1CAADeQvZo3kLNzN5CsDLfQpqZ30J9/99C42XgQs3M4EIzM+FCmpnhQgAA4kJmZuJC
zcziQjMz40I1nuNCff/jQuNl5EJKzORCsDLlQheZ5UIAAOZCZmbmQuXQ5kKwMudCmpnnQgAA
6ELjZehCzczoQrAy6UIXmelCff/pQuNl6kJKzOpCsDLrQpqZ60J9/+tCZmbsQkrM7EKwMu1C
F5ntQoMA7kLjZe5CSszuQrAy70Kame9CAADwQuNl8ELNzPBCsDLxQheZ8UJ9//FCZmbyQkrM
8kLPN/NCF5nzQn3/80JmZvRCzcz0Qmo89UIXmfVCff/1QvBn9kLNzPZCsDL3QheZ90J9//dC
42X4Qs3M+EKwMvlCF5n5Qn3/+ULjZfpCSsz6QjMz+0IXmftCHwX8QuNl/EJKzPxCsDL9QheZ
/UJ9//1C42X+QkrM/kKwMv9Cmpn/Qn3//0IzMwBDJWYAQ1iZAEOLzABDvv8AQ/IyAUO0aAFD
mpkBQ4vMAUO+/wFD8jICQ3NoAkOamQJDzcwCQwAAA0MzMwNDZmYDQ5qZA0PNzANDAAAEQzMz
BENmZgRDmpkEQ83MBEMAAAVDMzMFQ2ZmBUOamQVDzcwFQwAABkMzMwZDZmYGQ5qZBkPNzAZD
AAAHQzMzB0NmZgdDmpkHQ83MB0MAAAhDMzMIQ2ZmCEOamQhDzcwIQwAACUMzMwlDZmYJQ1iZ
CUPNzAlDvv8JQzMzCkNmZgpDmpkKQ4vMCkMAAAtDMzMLQ2ZmC0OamQtDi8wLQwAADEPyMgxD
ZmYMQ5qZDEPNzAxDAAANQ/IyDUMlZg1DmpkNQ83MDUMAAA5D8jIOQyVmDkNYmQ5DzcwOQwAA
D0PyMg9DJWYPQ5qZD0PNzA9DAAAQQ/IyEENmZhBDmpkQQ83MEENCABFDMzMRQ2ZmEUOamRFD
zcwRQwAAEkPyMhJDJWYSQ5qZEkPTzRJDvv8SQzMzE0MlZhNDmpkTQ83ME0MAABRD8jIUQ2Zm
FENYmRRDi8wUQ77/FEPyMhVDZmYVQ1iZFUPNzBVDvv8VQ/IyFkMlZhZDWJkWQ4vMFkMAABdD
tjMXQyVmF0NYmRdDi8wXQ77/F0PyMhhDJWYYQ1iZGEOLzBhDvv8YQzMzGUMlZhlDWJkZQ83M
GUO+/xlD8jIaQ6hmGkNYmRpDi8waQ77/GkPyMhtDJWYbQ1iZG0OLzBtDvv8bQ/IyHENmZhxD
WJkcQ4vMHEO+/xxD8jIdQyVmHUOamR1DzcwdQwYBHkPyMh5DZmYeQ1iZHkPNzB5DAAAfQzMz
H0NmZh9DmpkfQ83MH0MAACBDMzMgQ2ZmIEPbmSBDzcwgQwAAIUMzMyFDZmYhQ5qZIUPNzCFD
AAAiQ/IyIkNmZiJDmpkiQ4vMIkO+/yJDMzMjQ2ZmI0OamSNDzcwjQwAAJEMzMyRDZmYkQ5qZ
JEPNzCRDAAAlQzMzJUNmZiVDmpklQ83MJUMAACZDMzMmQ2ZmJkNYmSZDUM0mQwAAJ0MzMydD
ZmYnQ5qZJ0PNzCdDvv8nQzMzKENmZihDmpkoQ83MKEMAAClDMzMpQyVmKUOamSlDzcwpQ77/
KUMzMypDZmYqQx2aKkPNzCpDywErQzMzK0MlZitDmpkrQ83MK0MAACxD8jIsQ2ZmLENYmSxD
zcwsQ77/LEMzMy1DZmYtQ6CaLUOLzC1Dvv8tQzMzLkMlZi5DmpkuQ4vMLkMAAC9DMzMvQ2Zm
L0NYmS9Di8wvQwAAMEN7NDBDJWYwQ1iZMEOLzDBDvv8wQ/IyMUNmZjFDWJkxQ83MMUO+/zFD
MzMyQyVmMkNYmTJDkc0yQ77/MkMzMzNDJWYzQ5qZM0OLzDND</AssayXData><AssayYData Points="900">AAAAAB6bpLkdrVo7H5EDOgPWWjmD7dM5K3YhO49kjzug/Mw7MyXQO8BSijsjkyI7AFHeO0Ee
ezusmGQ7knxYO0IXbDsBCLQ7NfRJPPWukjtSoOY7Cx4LPO7/DTzuFQ48vBwUPFsmFzwKXQA8
nw7fO3EBNjyVgxs8//cjPFrl2DtT6MQ72Pz1O5M2NzyoZPM7QUo2PJEPCzx88is8WtE3PNkY
KzxsASg8QTIiPNkXWDxXUSw8s4pJPAltATyPiCw8wqtHPPljSDz04fU7lQTDO3fiKDx7igM8
cHs3PLqnPTziSSM8J2h2POjm/zuPryo80rouPHWpAjzD9G88sW0wPL4UIDzGbV08XIk2PCVz
Ejy8gTw8rQxgPNmIUjw6QCA8StQyPOn3SDxTAmI8bGg0PEkEbDz+zms8e5VPPJwULjwnHjo8
OBMPPFSRRDzLrVE8H34VPIImFjySghM8uMxdPFBEWzxJJiU8l7s+PBspCjxXKzo8MsFOPGQw
PjwXGCM8EulSPFRYKjxiCv87Lx+CPNZROzzG+io86fAlPMenMjwYOGk8idk9PLSBFTzwGCU8
FuAtPCUkjDw1dHs8wXFnPH2oXDy8UHw8r/RqPEImZjyUwEc8rwo3PAFSUjzm0k88k7JKPNW+
gzwXons8f8JIPMicUTwUDTs88LdWPN3kbzy1z1k8HKROPC80XzxNkVM8vGZYPFdrODynkE88
j2p5PEcoezzjCXE8ZTlSPArOiTx704I8NyE1PGJwMDxoXl88kw9RPGuBiTyWkkA8yY2PPA9g
bzyAym88s4VdPC5oQzyHQm48e8SEPP5ycDxrSYI8R6JgPEQSZDwTb0E8h1lUPEd3fTxwXHo8
YWNvPNEVTzyh+Xw8ckGEPN9WWTzKcJI8Rg17PHTOJTxUMjU8+G0oPHxdcjyobJw8+Rk3PKn6
gTxYFiw8EN1hPKaAhzxC4mU8c9xYPBJfkTyVJH88jvo5PGblbTypLRs8RpVyPKUdmjyLnDc8
1MFqPK6vVzylIV88VCOIPFGJjzxh6VA8yOxyPNmajjxzaWA8gAt5PO6HgTwBjoY8AOaHPNaA
PzxE1YY8Wm1tPAMjfjw8eio8kJ54PPqwZjwA8oo8rU6EPC3dbTwEK2Y8WmOOPHEzfjzrsTs8
ooN1PPKhhTx5Vmw8vYpVPJeDkjx0ros8N8CRPLVDiTzy1JE8f6pkPGUUmTwbXYk8p7OOPIvw
XTywX6A8ICx/PDMyhzy3Ll8833B8PGsZkjwKipc8NlaPPJzTijyginw8XsiTPAhFdjxqHYc8
txiHPLx1qDzE2pk8NEpkPAIcXDy8O4I80VicPHKglzyydng8teeRPERpUDwQMJA8gv6OPBj3
cDyYw3c82SV+PH0gjTwOAI88ppa1PK0wfTzp/548AreXPOMSizxmeJc8AtOhPDaqgDyH0IE8
606UPFywkDznl5U8ijiAPHbKbDxMOm487+yRPKtamDx4FpI8cqiKPBqNkjwX2HY8bMh3PJaK
hTz6dIQ8i3SlPHNBoDzNrXU8L2CZPLtzezwf6o48FZqWPFvhojyjxpQ8MaVoPBytmDw0upE8
anWUPOVEhzxJ1Y0824KBPC6PlDwXtIQ8RNO4PHvHlDwUnr88DbKtPKnXjTxEcYc8uRSHPJgR
kTxljpU8+BuOPMzBizws0ZA8C9yEPDkUozwNRl88viKjPIxLsjw37no880qZPHT/jDwsWp08
kSWQPIKtkDxwm6E8/FmRPHjtZzws56E8iemTPEHhpjwAL5o8JGaCPEZzhTxoH2Q8+JiePNe7
kjyAF448wB2NPFhPlDzIeYE8QcS9PIaOmDwvbJg8RXSSPOJBjTzw0qA883+ePC0bmjx0aIs8
3JyVPLNQiTyP9ps84JCdPIXSkTyBgIY8Oy2fPLvJrDysh5c85dGgPCkLsjwGyqM8uUd0PNla
kzzsGYk84lKTPL9cZDz4Z7Q8SkiPPF/TiTzt7IY8clWlPIC5lzxXhLg83eyqPPVwqDyaWqQ8
IZmhPBrBUjwyDKw8XcOhPOMRkjzdPJo8GrRuPMTUrjz5bo88QHGVPC2qlzx2QZ88NTiIPCO2
hTyVebA8NCiRPB4GkDxNJIw8V06IPIlziTyi3II86Nq5PEujnjwgF5o8ZoypPNgWqjwFibY8
6NmrPKhWmDyD0KY8/62LPAuJrzz2QK88f0evPPzikDz1hp88Q9ubPDHWhDzs6oc8WCenPNXa
hTyocp889sCjPJ2xrTw40JM8BRqwPOhmljwlWZo86sqYPB2nuDzzuKM805JrPLoAoTyheYQ8
PSKZPAzjijyVV4M8wli0POJmqjwseaU8QbuSPIXasTwLv288uuW2PMPPqzxdr7k8PB6EPGAH
rzz3RbY8l1KiPFOMjjxLnIQ8bvbEPNlvlDwGHJM8IiGXPNR3pzyjOpA8RLibPIUDdzzS8aY8
I9aqPKx+vTwZxL48Y7CqPHISlzyOAZs8WO2qPM/OkzxYEbI8aF+oPKfvyDxDTZQ8ieKtPF1g
rjwzpI88UT6YPN2pjTxhv6o8VleZPLtJmTxg0JI8FqzAPP7xnDwUW6E8uEOmPHeijDz0JZI8
TOaJPL96iTxRo4c8y6u2PHS6iDzpW508FriiPGSKlzxBgqo8S7CRPAAZrTxdSJs8CHi/PNZz
pTwoXKY8cQyXPNYgqDw1UZk828+QPLAGpzwsTqU89xyrPAVqvDy/KIw8PxbBPB8PizxDu6c8
7VOVPDe7nTyTaaA8VfeePBsznjw6I6g8116KPDkMsDyDWJg8FAGjPJX3ozxZxq88Uw+lPNyD
hTyDxL08oimPPLovlzwWQLo8zyOUPBKMsjw/jqA8qeunPAfJxDz+hpA8JM+mPDNguTxHQKE8
HaquPMSWpzxUraI8017BPGocnDwY2qc8hQamPEOFqjwamao8kQy1PEXnjDzLL7A86mGzPK5Y
pzxVX6U8wdi5PB1+nzxFo5M8hXiEPBdlsDxEUK08PzSKPEy2qjwFobY8J1yvPFmHtTxUYKg8
eiWTPBldyDwB/Io8cfadPO9KvDw+Pag8tuC4PBotozz7ybQ8ovClPBVdsTw2Tbk8i4CUPB9Z
pTyI9KY8KhmzPASvojz5BrA89jiqPK37kjx+7Io8Wd6WPK8StjwDDrA8+8y0PLxVnDxM7K88
/W6uPF6WoTxsr7w8E/ygPB7xpzyEJ5g8CXmhPHoqrDy/dsA8UW+cPJzHoTwHB6U8BjycPCN8
njyO9Zs8vx/NPI9HnzwAsLM8MW2nPEBZoDzxicY80pOdPHxjszzv1bY8RdSsPNjmpjyW8Jc8
AyyzPPS0vTzaULU8zB++PAU6pDyvsao8mjm8PEEPqjwfH6g8GNG1PEkHxTxzF7c8CRWmPFBm
qjyqwKw8EniiPCFrtzygSaI8JKycPKZ3oDwnMbs8oyqvPFsPmjyGqZk89E66PBtGpjzFVLo8
qrDEPDsPrDx7+ag8HLu6PCSexTxyNqc8CSGZPE5csjxCMbY8lfC0PF/utDypTac8VLGxPGp1
tjwbLME80qW/POZfsTy5XKc8+dK6PDAkmjwuEYs89SylPC/IwzyNUq88n3W4PKKBmDxWbpg8
qaupPLoNwjxHArA8Z6ivPBIhwzx4A748D56nPBL0nTySyqI8aiSkPIHAuTxDia48tsC9PF4H
wTwrKsA80NC/PFvdrTyNpqI8zNqoPNShjzzI16c8L8KmPCMDnzxqX6M85uunPNAyqjxMFMc8
+fGsPESYizxRn6Y82Yy9PNfPpTzuKqk8Sg+rPLnzwjyjrLo8MVWnPIkbszzuRbE81eaYPCUo
uTzMt6I8/PWSPMzwgzzr8Jo8aAelPDVTjTxux6U8tsWpPC5IkDxoYqM81eerPFbWtzzgZZQ8
bHrMPKJOyTznBs88MDi5PEn2mDyi1J88KuGrPNe2tzxwMcc8RQTCPK8jkjyOdp484nq1PJi/
lTwXRM08ltuoPH8kkjzzS4g8nwagPK4auDy0U6E8Lyq3PBeApDySINc8xQ6xPLlIzzzmu5o8
/OmpPC5aqTzE8LE8arWnPNaJuDywo4c8wee1PK0urjx4ua08DyiuPBGvtjyRarM8zkydPI+k
oTz3ors8jRfAPKngojyxE7k8VIGpPAHksjxCGa88KfWqPA2RtzzFxMg8QGjKPN96pzydFLU8
zJ/GPGQ3ojw3xqc8JdOqPAaQojyPZak8pUm4PFlaqTyGt6U81+m2PFxOsDzs/tA8Egy8PGYX
tTzk+Lo86RGuPAyyyDxe1Mw8A3SyPOUoxjy2A7o83xGiPP+LuTxD7qQ8F7fPPOlLkDypxcg8
tQ7APHA9pDxT5qg8Hg+sPLbZszy73MI8rQjFPPShmzygnrw8zZiwPKv3rDw5NKg87vuuPCzC
jzwfhdI8/xXDPE2opTyfGq08fQ+YPPO7tDx625g8qU3LPGcIqzw+yaU8zNK8PNvjtjx66K48
Vji7PISOtjzNOqE8FmnDPNxOzTw2p8M8VNOpPN7rxTwYLJo8QoTGPCdSrTzXKrg8C+CkPCaZ
qTwhA6k8rMCmPK8UqTzrZNE830+6POY0sTyRWbE8Z7nDPMNMojxNuqU8t+SvPCl7rjwUdb88
FTmmPMjDvjykFJI8JsfLPOUkpzx057A8TRitPFaVlzwljaY8H4y0PK6p1zz1yL88XC+zPPvo
wDxFC488zzK0PKFhrDxsbqw8Mvy0PPtczjxEZZs88gWrPFcSxjwEVc88KAXFPP5Dxjzw47w8
+M2hPBN2qzycILg8f4+yPC1grjzgIMM8Rd3WPB+CxTzR16g8</AssayYData></Step><Step><CommonData><SampleLocation>2</SampleLocation><SampleID>10mM Glycine pH1.7</SampleID><SampleGroup></SampleGroup><SampleInfo>or other Regeneration solution</SampleInfo><SampleRow>C</SampleRow><SamplePlate>1</SamplePlate><WellType>REGENERATION</WellType><Concentration>-1</Concentration><ConcentrationUnits>µg/ml</ConcentrationUnits><MolarConcentration>-1</MolarConcentration><MolarConcUnits>nM</MolarConcUnits><MolecularWeight>-1</MolecularWeight><Temperature>30</Temperature><StartTime>969006</StartTime><AssayTime>20</AssayTime></CommonData><FlowRate>1000</FlowRate><StepType>CUSTOM</StepType><StepName>condition</StepName><StepStatus>OK</StepStatus><ActualTime>20</ActualTime><CycleTime>0.2</CycleTime><AssayXData Points="100">vv8zQ/EyNEPjZTRDFpk0Q0nMNEN8/zRDsDI1Q+NlNUMWmTVDi8w1Q77/NUPxMjZDJGY2Q1iZ
NkNJzDZDfP82Q7AyN0PjZTdDWJk3Q0nMN0O+/zdDsDI4QyRmOENYmThD0s04Q3z/OEPxMjlD
JGY5QxaZOUNJzDlDvv85Q/EyOkPjZTpDFpk6Q0nMOkN8/zpDsDI7QyRmO0MWmTtDScw7Q3z/
O0OwMjxDJGY8Q1iZPENJzDxDfP88Q/EyPUPjZT1DFpk9Q0nMPUN8/z1DsDI+Q+NlPkMWmT5D
Scw+Q3z/PkOwMj9D42U/QxaZP0NJzD9DfP8/Q7AyQEPjZUBDn5pAQ0nMQEN8/0BD8TJBQ+Nl
QUNYmUFDi8xBQ77/QUPxMkJDJGZCQ1iZQkOLzEJDvv9CQ4E1Q0MkZkNDWJlDQ4vMQ0O+/0ND
8TJEQyRmRENYmURDi8xEQ77/REPxMkVDJGZFQ1iZRUPMzEVDfP9FQ/EyRkMxaEZDWJlGQ4vM
RkO+/0ZD8TJHQ+NlR0NYmUdDi8xHQw==</AssayXData><AssayYData Points="100">8IBuvvp5Qr5kPR++CNUKvv2GAL4h4vS9+tLzvWBC+b2mPQC+JWsCvkRRBb6z0QW+xGsLvhmp
Eb6ewBe+rd4YvuBZHL4rqx6+qF0hvvhMI773hyW+YMYnvhLOLL4i5C2+WfwwvtvuNL5ROjO+
R+M2vlTFOb5Gsje+WNY+vhHhQb5lSj2+a0xBvvpeSL6xeUq+KM1CvtwfSL7bT06+oKxKvpK8
Tr4gKlC+ZHhUvpwlU741IlO+72RXvupNVb4RiVm+dGJZvmGcWb57flq+BxddvhGJXr63SF2+
291ivu54ZL7CNGW+DHhivmLwY74jP2i+TXllvsxYZb6pUmi+5hhtvu3kZ75HmGy+zXxsvrBD
bb6Nkmy+fN1uvoQ3cr63QnS+4eRzvoV0cL75NXO+uiF1vnSKd74sTHW+tpR4vgXgeb7Veni+
4qd6vlZRfL5RjXq+J2h+vuqtgL6/on++WQ58vuRvf76E7IG+epGCvuqygr433YG+wXKBvuZj
gr4T7YG+u3SDvpiYg76UJYO+ny2Evg==</AssayYData></Step><Step><CommonData><SampleLocation>1</SampleLocation><SampleID>Running Buffer</SampleID><SampleGroup></SampleGroup><SampleInfo></SampleInfo><SampleRow>C</SampleRow><SamplePlate>1</SamplePlate><WellType>BUFFER</WellType><Concentration>-1</Concentration><ConcentrationUnits>µg/ml</ConcentrationUnits><MolarConcentration>-1</MolarConcentration><MolarConcUnits>nM</MolarConcUnits><MolecularWeight>-1</MolecularWeight><Temperature>30</Temperature><StartTime>994350</StartTime><AssayTime>20</AssayTime></CommonData><FlowRate>1000</FlowRate><StepType>CUSTOM</StepType><StepName>condition</StepName><StepStatus>OK</StepStatus><ActualTime>20</ActualTime><CycleTime>0.2</CycleTime><AssayXData Points="100">vv9HQ7AySEPjZUhDFplIQ0nMSEN8/0hDsDJJQyRmSUMWmUlDScxJQ3z/SUOwMkpDJGZKQxaZ
SkOLzEpDvv9KQ/EyS0PjZUtDFplLQ0nMS0O+/0tDsDJMQ+NlTEMWmUxDi8xMQ3z/TEOwMk1D
42VNQxaZTUNJzE1DfP9NQ/EyTkMkZk5DmZlOQ4vMTkO+/05D8TJPQyRmT0NYmU9Di8xPQ77/
T0PxMlBDJGZQQ1iZUEOLzFBDvv9QQ7AyUUMkZlFDWJlRQ4vMUUN8/1FD8TJSQyRmUkNYmVJD
i8xSQ77/UkPxMlNDJGZTQ1iZU0NPzVNDvv9TQ/EyVEMkZlRDWJlUQ0nMVEN8/1RD8TJVQyRm
VUNYmVVDi8xVQ3z/VUPxMlZDZmZWQ1iZVkNJzFZDvv9WQ/EyV0MkZldDWJlXQ4vMV0O+/1dD
sDJYQ+NlWEMWmVhDScxYQ77/WEPxMllDJGZZQ1iZWUOLzFlDfP9ZQ/EyWkPjZVpDWJlaQ0nM
WkN8/1pDsDJbQ+NlW0NYmVtDi8xbQw==</AssayXData><AssayYData Points="100">V3MEPJJhOb1rHYy9PYynvWW5p70o1q+9n4mrvS3uqr0BWK29bIervYBQo72Qipq9jJqcvWt2
n72fmJO9BQObveP2kL3nq5K9bbeNvTs9iL2a2om9UsqEve3hhr3KQ4u9zZuEvQizhr0gbIS9
gRZ5vf/+e726moC9L/p+vS66bb3XlX690RxyvelHdb0af3C9rzh4vSNrc71/AG29y5lwvQ7+
e709I2m9vZxpvc/0YL0YGV69FZpgvdV8ZL3GGWq96Ch1vdhRWb3GQVS97vFWve0raL3t3Gm9
dk5vvc74VL2QFmC9K9VXveBfUL1cqWC95kJKvZJdS726ZlK9VXNlvcTWTL3NcFG9F2pWvQvI
UL0kilS9rQFMvT81Sr2OlVm9f2BNvQYjTr2B4VS9ZM5KveFfSb3P0Ui9EEtNva0nSb0a1kO9
wjVKvfZcUr1rP1m9sVNUvV2EQ73MPFC9w9pWva70Sb18ID69tCU/vfaoPr2qLEG92mxCvT9m
Rr0Yoz29QEZEva3+Tr2xikO9gLk8vQ==</AssayYData></Step><Step><CommonData><SampleLocation>2</SampleLocation><SampleID>10mM Glycine pH1.7</SampleID><SampleGroup></SampleGroup><SampleInfo>or other Regeneration solution</SampleInfo><SampleRow>C</SampleRow><SamplePlate>1</SamplePlate><WellType>REGENERATION</WellType><Concentration>-1</Concentration><ConcentrationUnits>µg/ml</ConcentrationUnits><MolarConcentration>-1</MolarConcentration><MolarConcUnits>nM</MolarConcUnits><MolecularWeight>-1</MolecularWeight><Temperature>30</Temperature><StartTime>1019966</StartTime><AssayTime>20</AssayTime></CommonData><FlowRate>1000</FlowRate><StepType>CUSTOM</StepType><StepName>condition</StepName><StepStatus>OK</StepStatus><ActualTime>20</ActualTime><CycleTime>0.2</CycleTime><AssayXData Points="100">v/9bQ7EyXEMlZlxDF5lcQ0rMXEN9/1xD8jJdQ+RlXUMXmV1DjMxdQ33/XUO3M15D5GVeQ1mZ
XkNKzF5Dff9eQ7EyX0MlZl9DWZlfQ0rMX0N9/19DsTJgQzhpYEMXmWBD2s5gQ7//YEPyMmFD
8GdhQ1mZYUNKzGFDv/9hQ7EyYkOoZmJDF5liQ0rMYkN9/2JDsTJjQ+RlY0MXmWNDSsxjQ33/
Y0OxMmRDJWZkQyObZENKzGRDff9kQ7EyZUMlZmVD3JllQ0rMZUPFAGZDsTJmQyVmZkNZmWZD
jMxmQ7//ZkPyMmdDJWZnQ5qZZ0OMzGdDv/9nQ/IyaEMlZmhDoJpoQ4zMaEO//2hD8jJpQyVm
aUNZmWlDjMxpQ7//aUPyMmpDJWZqQ1mZakOMzGpDv/9qQ/Iya0MlZmtDF5lrQ4zMa0O//2tD
sTJsQyVmbENZmWxDjMxsQ33/bEPyMm1DJWZtQ1mZbUNQzW1Dv/9tQ/IybkMlZm5DF5luQ4zM
bkN9/25D8jJvQyVmb0NZmW9DjMxvQw==</AssayXData><AssayYData Points="100">Vsanvs8Ykr5MFnu+nr5evkDfVb7b4VK+691Ovl9bUL5/FlG+VDVRvlYMVb4RkVe+ICNbvqk5
YL6R9mC+5SdjvkBvZr6pBGa+u21rvjTVZr7OwGi+40Frvg8XcL4xgnC+UVt0voZYdb7Vem6+
ldByvhO6eL6NxXW+BHl2vuI/fL55WXu+KFJ8vrewfL5FLIC+gFqBvk9Kgb4qeoG+MRCCvlQM
gb7d2oK+sa6Cvtkkg74liIS+aKuDvl0Ihr7qI4W+9XmFvvd1hL74ZYS+x2aGvgekh740w4a+
DyqIvimqhr7bQoe+Ax+Jvk+Uib7PT4m+fzOLviP4ib6D04u+etyIvnG0i77CX4q+PbmKvqBl
ir7eKo6+ymyMvtnPjb7KjI6+v/CMvhoejr7jD4++s3aPvtuzj75lJJC+wfWQvpSOj7790o6+
Tx+Rvr4NkL45SpC+QmeQvjBLk76Z8pK+9tiTvnrVkb5O+ZG+jleSvoo3k774hJS+WmWTvmtp
k743l5K+rLSUvgqMk75sjpS+bFuUvg==</AssayYData></Step><Step><CommonData><SampleLocation>1</SampleLocation><SampleID>Running Buffer</SampleID><SampleGroup></SampleGroup><SampleInfo></SampleInfo><SampleRow>C</SampleRow><SamplePlate>1</SamplePlate><WellType>BUFFER</WellType><Concentration>-1</Concentration><ConcentrationUnits>µg/ml</ConcentrationUnits><MolarConcentration>-1</MolarConcentration><MolarConcUnits>nM</MolarConcUnits><MolecularWeight>-1</MolecularWeight><Temperature>30</Temperature><StartTime>1045634</StartTime><AssayTime>20</AssayTime></CommonData><FlowRate>1000</FlowRate><StepType>CUSTOM</StepType><StepName>condition</StepName><StepStatus>OK</StepStatus><ActualTime>19.999</ActualTime><CycleTime>0.2</CycleTime><AssayXData Points="100">v/9vQ7EycEMlZnBDWZlwQ4zMcEN9/3BDsTJxQyVmcUNZmXFDSsxxQ7//cUPyMnJD5GVyQxeZ
ckOMzHJDff9yQ7Eyc0MlZnND3JlzQ0rMc0O//3NDsTJ0Q+RldEOamXRDSsx0QwcBdUPyMnVD
JWZ1Q1mZdUOMzHVDff91Q7EydkPBanZDWZl2Q4zMdkN9/3ZD/zR3QyVmd0MXmXdDSsx3Q33/
d0PyMnhD5GV4QxeZeENKzHhDv/94Q/IyeUPkZXlDF5l5QxXOeUO//3lDsTJ6Q+RlekMXmXpD
Ssx6Q33/ekOxMntDJWZ7Q1mZe0OMzHtDff97Q7EyfEMlZnxDF5l8Q0rMfEN9/3xD8jJ9Q+Rl
fUMXmX1DSsx9Q7//fUPyMn5D5GV+QxeZfkNKzH5DJQZ/Q7Eyf0PkZX9D4pp/Q0rMf0N9/39D
eRmAQ/EygEOLTIBDJWaAQ75/gEO6mYBD8bKAQzXOgEMl5oBD3/+AQ1gZgUPxMoFDi0yBQyVm
gUPff4FDeZmBQ/GygUOszIFDJeaBQw==</AssayXData><AssayYData Points="100">f8YhvQZ/n71wMry9nHHHvYgQz73a+s29nQXNvWiayr1Hw8W9TjDMvf3pxL3c4by9vk+/vWFP
wb370L29nxW3vSe2u72UHry9rJa0vaKNu71mALC9/pOzvbXLqr3eabS91PWqvQvxp70xHam9
x86fvXk9ob38Iqi95luhveohp72Hspi93b2jvSkdmb1pEai9FSOlvZidob2leZ292teXvfXZ
nb06Fp29YiOXvSlWn71miJ+9kOCVvU6plb02RZ+95vuVvdK2mL0Wbo+9Sxycvezvkr2Jv5m9
RWiOvRbykb2xGpa9nmObvRzjl73r9Y+9w86Zveotkb2ysIm9GgqQvQsflL1y1ZS962OVvQOO
kb3RNY+97g+Pvaz+lL0s3o69SryWvUeZj705RJC9jzqLvRxdlL2gH4u9Dk2QvWCzhb1rVoe9
bCiVvZKTib24nnq9oayKvfN4jb0/3o69iXiKvRhVkb01sIS98wqLvWJMhr1K/Ie9ZqaNvYDS
jb398Yi9zSCJvXMCib1p44e9KVSMvQ==</AssayYData></Step><Step><CommonData><SampleLocation>2</SampleLocation><SampleID>10mM Glycine pH1.7</SampleID><SampleGroup></SampleGroup><SampleInfo>or other Regeneration solution</SampleInfo><SampleRow>C</SampleRow><SamplePlate>1</SamplePlate><WellType>REGENERATION</WellType><Concentration>-1</Concentration><ConcentrationUnits>µg/ml</ConcentrationUnits><MolarConcentration>-1</MolarConcentration><MolarConcUnits>nM</MolarConcUnits><MolecularWeight>-1</MolecularWeight><Temperature>30</Temperature><StartTime>1071449</StartTime><AssayTime>20</AssayTime></CommonData><FlowRate>1000</FlowRate><StepType>CUSTOM</StepType><StepName>condition</StepName><StepStatus>OK</StepStatus><ActualTime>20</ActualTime><CycleTime>0.2</CycleTime><AssayXData Points="100">v/+BQzgZgkPRMoJDa0yCQwVmgkO/f4JDOJmCQ/KygkOMzIJDJeaCQ7//gkNZGYND8jKDQ4xM
g0MlZoNDv3+DQ1mZg0PysoNDa8yDQyXmg0O//4NDWRmEQ/IyhEOMTIRDyWaEQ79/hENZmYRD
8rKEQ4zMhEMl5oRDv/+EQ1kZhUM0M4VDjEyFQyVmhUOef4VDOJmFQ/KyhUOMzIVDJeaFQ7//
hUNZGYZD8jKGQ2tMhkMlZoZDv3+GQ1mZhkPysoZDjMyGQyXmhkO//4ZDWRmHQ/Iyh0NrTIdD
JWaHQ0KAh0NZmYdD0bKHQ4zMh0Ml5odDnv+HQ1kZiEPyMohDjEyIQyVmiEO/f4hDOJmIQ/Ky
iEOMzIhDBeaIQyEAiUM4GYlD8jKJQ2tMiUMlZolDv3+JQziZiUPysolDjMyJQyXmiUOe/4lD
XxqKQ/IyikOMTIpDJWaKQ79/ikNZmYpD0bKKQ2vMikMl5opDv/+KQzgZi0PRMotDa0yLQyVm
i0Oef4tDeZmLQ9Gyi0OMzItDJeaLQw==</AssayXData><AssayYData Points="100">8Ry4vpyyn756zIu+iE2BvoAOdb5VEHG+YABvviHfcL7G6Xa+O3V0voCheb4DXH2+/gl+vnNG
gL4ueH++bMF/vp+Hgr40MoO+bWGDvv2Nhr5yMoa+MQSIvuTahr4De4i+Ab2Ivk3Mib7EPoq+
PbyLvtZci75iUom+SeWLvl0Qi77BYYy+ni2Pvvn2jb5qeoq+cAyNvh+2kL5JX46+/NCPvq1c
k77qx5C+hhmSvsLvjr6/35G+mfySvnvtkr4eyZO+m96Uvp16lL7xcpS+FrmSvhRKk77PaJG+
OduVvqDklb6oL5W+0OOVvg11l74M3Zi+u/+XvkHZl76EBJi+/62Xvmpsmr7WqZi+OgSZvgPN
mb4UNZm+fB6ZvstWmr7AVpq++SiavjJ8mr7B+Zu+PaeavqJJnL7Pb52+Lhydvsbfm75BdJ2+
D6mdvib0nL5x5Z2+5ZudvlDnnb5TIZ6+LNaevpnwnb5hlJy+idqgvspUn77tL5++n2KfviZ2
n771eKC+DGeivvsjob6G4KG+2tSgvg==</AssayYData></Step><Step><CommonData><SampleLocation>1</SampleLocation><SampleID>Running Buffer</SampleID><SampleGroup></SampleGroup><SampleInfo></SampleInfo><SampleRow>C</SampleRow><SamplePlate>1</SamplePlate><WellType>BUFFER</WellType><Concentration>-1</Concentration><ConcentrationUnits>µg/ml</ConcentrationUnits><MolarConcentration>-1</MolarConcentration><MolarConcUnits>nM</MolarConcUnits><MolecularWeight>-1</MolecularWeight><Temperature>30</Temperature><StartTime>1097009</StartTime><AssayTime>20</AssayTime></CommonData><FlowRate>1000</FlowRate><StepType>CUSTOM</StepType><StepName>condition</StepName><StepStatus>OK</StepStatus><ActualTime>20</ActualTime><CycleTime>0.2</CycleTime><AssayXData Points="100">v/+LQ1kZjEPRMoxDjEyMQwVmjEO/f4xDWZmMQ/KyjENrzIxDJeaMQ57/jEM4GY1D0TKNQ2tM
jUMFZo1Dnn+NQziZjUPyso1Da8yNQwXmjUOe/41DOBmOQ9EyjkOMTI5DBWaOQ79/jkM4mY5D
8rKOQ4zMjkMF5o5Dnv+OQzgZj0PRMo9Da0yPQwVmj0Oef49DOJmPQ9Gyj0NrzI9DBeaPQ57/
j0NZGZBD0TKQQ2tMkEMFZpBDv3+QQziZkEPRspBDjMyQQyXmkEO//5BDOBmRQ/IykUNrTJFD
BWaRQ55/kUM4mZFD0bKRQ4zMkUMF5pFDnv+RQ1kZkkPyMpJDjEySQwVmkkOef5JDOJmSQ9Gy
kkOMzJJDBeaSQ57/kkM4GZND0TKTQ2tMk0MFZpNDv3+TQziZk0PRspNDa8yTQwXmk0O//5ND
OBmUQ9EylEOMTJRDJWaUQ79/lENZmZRD8rKUQ4zMlEMl5pRDv/+UQ1kZlUPyMpVDjEyVQyVm
lUO/f5VDWZmVQ/KylUOMzJVDJeaVQw==</AssayXData><AssayYData Points="100">qPEcvOGgg72f5729LSrSvfju5739vey9EEvqvTao6b1Ih9y92ezhvZhO5r3dhtu9V+XbvXgq
2r3w1NW9mUHXvV5J1L0pR8+90Y3NvUWtzL023NC9uWnKvRXMxr1sNsK9VZHJvfqPyr1+0sK9
Hti/ve3jwL3TEsS9O+nCvb59xb3C2sa9LgO7vfx0v70eU8C9o525vd/hub3vubi96zK6vcM0
vL3IrrW9I3S2vXkEub1B9rO9tIe+vYv1ub3Eu7S9JFayvS1LsL2N3bi9Au2uvZ+Jtr1M+LO9
az64vcjus70HX7K9QGKwvUN/rr1MELK9myqwvXeUtL3Ww6y9wIO3vSb2ur0HGba9+IGrvSja
q710iaW995S3vT/Urb2PXqu99/mqvTMaqr2V/qi9rDWyvb8nrb3JTa69CpmsvUWjqb0oVKq9
s72rva2Irr2Eia29r1KmvZBUpr2It6q9D7qqvTOLpL1kk6a9EbWqvTunpr0YG6+9CzGmvf1d
pL0Pxai9HjipvXx4pb3IdKu9iFWsvQ==</AssayYData></Step><Step><CommonData><SampleLocation>3</SampleLocation><SampleID>Running Buffer</SampleID><SampleGroup></SampleGroup><SampleInfo></SampleInfo><SampleRow>C</SampleRow><SamplePlate>1</SamplePlate><WellType>BUFFER</WellType><Concentration>-1</Concentration><ConcentrationUnits>µg/ml</ConcentrationUnits><MolarConcentration>-1</MolarConcentration><MolarConcUnits>nM</MolarConcUnits><MolecularWeight>-1</MolecularWeight><Temperature>30</Temperature><StartTime>1122973</StartTime><AssayTime>120</AssayTime></CommonData><FlowRate>1000</FlowRate><StepType>BASELINE</StepType><StepName>Baseline 120</StepName><StepStatus>OK</StepStatus><ActualTime>120</ActualTime><CycleTime>0.2</CycleTime><AssayXData Points="600">v/+VQ1kZlkPyMpZDjEyWQyVmlkO/f5ZDWZmWQ/KylkN3zpZDJeaWQ7//lkNZGZdD8jKXQ4xM
l0MFZpdDnn+XQ1mZl0PyspdDjMyXQwXml0O//5dDeRmYQ/IymENrTJhDBWaYQ2OAmENZmZhD
8rKYQ4zMmEMF5phDxQCZQ1kZmUPyMplDjEyZQyVmmUO/f5lDWZmZQ9GymUOMzJlDJeaZQ57/
mUM4GZpD0TKaQ2tMmkMlZppDv3+aQziZmkPetJpDa8yaQyXmmkOe/5pDWRmbQ/Iym0OMTJtD
JWabQ79/m0M4mZtD0bKbQ2vMm0MF5ptD4P+bQzgZnEPRMpxDjEycQyVmnEO/f5xDOJmcQ9Gy
nEMwzZxDLOecQ7//nEM4GZ1D8jKdQ2tMnUMFZp1Dv3+dQziZnUPysp1Da8ydQwXmnUOe/51D
WRmeQ9EynkOtTJ5DBWaeQ55/nkM4mZ5D0bKeQ2vMnkMl5p5Dv/+eQzgZn0PRMp9Da0yfQwVm
n0Oef59DOJmfQ9Gyn0NrzJ9DBeafQ57/n0M4GaBD0TKgQ7NNoEMFZqBDnn+gQziZoEPRsqBD
ks2gQwXmoEOe/6BDWRmhQ/IyoUNrTKFDBWahQ55/oUM4maFD0bKhQ2vMoUMl5qFDv/+hQzgZ
okPRMqJDa0yiQwVmokOef6JDOJmiQ9GyokNrzKJDqOaiQ7//okNZGaND8jKjQ4xMo0MlZqND
v3+jQ1mZo0PysqNDG8+jQyXmo0O//6NDWRmkQ/IypEOMTKRDJWakQ79/pEM4maRD+LOkQ4zM
pEMl5qRDv/+kQ1kZpUPyMqVDjEylQyVmpUPgf6VDWZmlQ/KypUOMzKVDJealQ7//pUNZGaZD
8jKmQ4xMpkMlZqZDv3+mQ1mZpkPRsqZDa8ymQyXmpkO//6ZDWRmnQ/Iyp0PNTKdDJWanQ79/
p0M4madD8rKnQ4zMp0MF5qdDnv+nQ9wZqEPyMqhDa0yoQyVmqEOef6hD3JmoQ/KyqENrzKhD
BeaoQ57/qENZGalD0TKpQ4xMqUMFZqlDv3+pQ1mZqUPRsqlDa8ypQwXmqUO//6lDOBmqQ/Iy
qkNrTKpDBWaqQ79/qkNZmapD0bKqQ2vMqkMl5qpDv/+qQzgZq0PRMqtDa0yrQwVmq0Oef6tD
OJmrQ9Gyq0OMzKtDBearQ7//q0M4GaxD8jKsQ4xMrEMFZqxDxYCsQziZrEPRsqxDa8ysQyXm
rEO//6xDWRmtQ9EyrUMPTa1DBWatQ55/rUM4ma1D0bKtQ2vMrUMl5q1Dv/+tQzgZrkMZNK5D
jEyuQwVmrkOef65DOJmuQ9GyrkNrzK5DJeauQ57/rkO7Ga9D0TKvQ2tMr0MlZq9Dnn+vQziZ
r0PRsq9Da8yvQ2fmr0Oe/69DWRmwQ9EysENrTLBDBWawQ55/sEM4mbBD0bKwQ2vMsEMF5rBD
nv+wQzgZsUPRMrFDa0yxQyVmsUO/f7FDWZmxQ1SzsUOMzLFDJeaxQ+D/sUNZGbJD8jKyQ4xM
skMlZrJDQoCyQ1mZskPysrJDjMyyQwXmskMAALNDOBmzQ/Iys0OMTLNDJWazQ79/s0M4mbND
8rKzQ63Ms0Ml5rNDv/+zQ5oZtEPRMrRDjEy0QyVmtEO/f7RDWZm0Q/KytEOMzLRDJea0Q7//
tEOaGbVD8jK1Q4xMtUOIZrVDnn+1Q1mZtUPysrVDjMy1QyXmtUO//7VDWBm2Q9IytkOMTLZD
qGa2Q55/tkM4mbZD8rK2Q2vMtkNn5rZDnv+2QzgZt0PyMrdDa0y3QyZmt0O/f7dDeZm3Q9Ky
t0OMzLdDBea3Q7//t0NYGbhD2DO4Q6xMuEMFZrhDv3+4Q7uZuEPysrhDa8y4QwXmuEO//7hD
OBm5Q9IyuUNxTblDBWa5Q79/uUNYmblD0rK5Q2vMuUMm5rlDnv+5QzgZukPSMrpDa0y6QyZm
ukOef7pDWJm6Q/KyukNQzbpDJua6Q57/ukNYGbtD0jK7Q2tMu0MmZrtDnn+7Q1iZu0PSsrtD
a8y7QwXmu0Oe/7tDPhq8Q9IyvENrTLxDBWa8Q55/vEM4mbxD0rK8Q2vMvEMF5rxDnv+8QzgZ
vUPSMr1Da0y9QwVmvUOef71DOJm9Q9KyvUOzzb1DBea9Q57/vUM4Gb5DdTO+Q2tMvkMFZr5D
v3++QziZvkPSsr5Da8y+QwXmvkOe/75DOBm/Q9Iyv0OMTL9DJma/Q+B/v0NYmb9D8rK/Q4zM
v0Mm5r9D5gDAQ1gZwEPSMsBDME3AQyZmwEO/f8BDWJnAQ/KywEM2zsBDJubAQ7//wEN5GcFD
0jLBQ4xMwUNGZsFDv3/BQ1iZwUPyssFDjMzBQybmwUO//8FD3BnCQ/IywkOMTMJDJmbCQ55/
wkN5mcJD8rLCQ4zMwkMm5sJDv//CQ1gZw0PSMsNDa0zDQyZmw0O/f8NDWJnDQ9Kyw0NrzMND
BebDQ7//w0M4GcRD8jLEQ4xMxEMmZsRDv3/EQ1iZxEPSssRDjMzEQybmxEO//8RDWBnFQ9Iy
xUOMTMVDJmbFQ55/xUMCm8VD8rLFQ4zMxUMm5sVDv//FQ1gZxkPSMsZDjEzGQwVmxkNCgMZD
WJnGQ/KyxkNrzMZDJubGQ57/xkNYGcdD0jLHQ+5Mx0MmZsdDnn/HQ1iZx0PSssdDcc3HQybm
x0Oe/8dDWBnIQ9IyyEOMTMhDBWbIQ55/yEM4mchD8rLIQ2vMyEMF5shDnv/IQ1gZyUPSMslD
a0zJQyZmyUOef8lDWJnJQzSzyUNrzMlDyebJQ57/yUNYGcpD0jLKQ2tMykMFZspD4H/KQziZ
ykPSsspDa8zKQwXmykOe/8pDWBnLQ9Iyy0NrTMtDJmbLQ55/y0M4mctD0rLLQ2vMy0MF5stD
nv/LQzgZzEPSMsxDjEzMQwVmzEOkgMxDOJnMQ9KyzENrzMxDJubMQ57/zENYGc1D0jLNQ2tM
zUMsZ81Dnn/NQ1iZzUPyss1DjMzNQybmzUO//81DWBnOQ/IyzkOsTM5DJmbOQ79/zkNYmc5D
8rLOQ4zMzkMm5s5Dv//OQ5oZz0PyMs9DjEzPQ0xnz0Oef89DWJnPQ/Kyz0OMzM9DJubPQ7//
z0NYGdBD8jLQQ4xM0EMmZtBDnn/QQ1iZ0EPystBDjMzQQybm0EO//9BDWBnRQ/Iy0UOMTNFD
BWbRQ55/0UNYmdFDVLPRQ2vM0UMm5tFD</AssayXData><AssayYData Points="600">MabQvelmwL07pse9+qzGvTL3y73R5b693Ca8vaqbvL0aHr+9m0LDvSLRvb17VLu9Cie6vbBx
ub0YHb+9Jcq4vWAUvr2YYb29K9u/vcb7tb1NyLW9XV+2vcyPv715YLq9cMy2vSgrub2KZ729
OVq7vW7ztb2atbi91cu2vRLMt70Bk7e948y3vaQkub3/Dry9fhG5velnsr1Km7e9JyKzvfBS
s71l7Le9H72xvX/Ku7022Le9bRKvvehks71vYLW9m3ezvWbqsL2877i9qnS1vcuQtb3Vtbu9
UoK4vTIRuL2xabi9P6O0vbbbsb2k67a9HZjBvc45tr2tebO9NQOvveBktr11Srm9OD68vaCd
q714rLS9zA62vXK+rb3ajbO9THG2vSgHsb0e7LS9+i+1ve0rr71cxLa9/fuyvUM9uL2DWrG9
HRexvbtNs71zi7G9+WSwvS4Apb1pQ6y9OVu0vdAUq70HXbK9LZqyvWjgtb2EJbC9cim0vZqK
rL29Zqy9dyywvTZisb2biqm9zBuvvXCssL1tBbC9zr6wvXKct73W+6+9O1CvvW5Dsb0k36e9
p1ixvS5Ysb2Tk7e9JqWtvbNQqb0ckK+9pzGvvcrhrb1nJqm9mqOuvWkZtL1yM6y9qZiqvWoe
rb3+xq690euovZEWq72zuri9dzS0vbaQsL2NBa29lpCqvfzjpr24sK+93uOtvUdBrb1ClKy9
952jvZg9r70upK29+hKqvRMTrr0Du7G9csKuvdkDrb3d+rO9W3SqvTB1r71ryau9TeewvZif
q73J7qm9g5KsvX3EsL2eMay9dL2vvecvpb0trKe9xhujve5Sp73ruqu9hDaovWvmsL2kBq69
MMixvWQJrb3t6Ky9AvWtveqFp73LqKy9H/uuvVjurL2i6Ky9cH2svfbJpL0Tkqi9HM2ovVMV
sr3x4rK9MrekvVi3o72Y2qu9EauuveKMpL0EqKe96jivvdWMob0SIrC9IX6rvQbSsr2+xbC9
XwKqvTsrr72Sdqu9g1CsvfCVor2oDqe91d2ovS/Ap73kDKy9oWmlvXmqqL2LjKu9KUqqvZh9
qL3RcKW9QYKtvaQSob3dp6a94VmnvbBVqb0d2KG9d8yivf3tpb3GSqy9T9GnvWTpp72j96i9
BvWlvd0BrL0SdbG9AnKzvXQRp70T+KO9qAOpve0hpL0rTK+9S3KlvSWsqb2M9Ki9xcinvft4
sb0z2Ki9YkKovWywpL3nLai9iXyvvYnao72Itai9NX+gvfXpqL37iqe9hSKnvdw/ob3xraa9
C3epvQteoL3i16e9dEWnvbLBm71w56m9NLWsvYbQn71ri6G9GbGfva/wo72hqp+92iamvTx+
qb33fZy9oT6lvUBFor1v4qe9RI+lvdJBqb0BzJ69txehvTuXq71qEKK94XmhvazMpL0V4aS9
QS6gvbRHo71O0aS90F2lvUG6pL1rKaW9dXKlvaD/o70Mp6W9piajvW5hoL3GXaK9XI+lvYGA
ob35uZ+9zQOgvYQpp73HAaW9IFqlvcBrnL3SHp69mH2jveJwor1gFaO978OevRP7oL21eKS9
jp2hvWTtp73hX569DHKgvalNpL0npKO9YzCjvUpGpb3jUKO9ieikvc7/qb3ejKC9iMuZvdgk
nb2JG6W9ucecvfyUnb0G96e9+a+dvbrJob2Qo6W9/IuovdtLqr2bqZy9gXOgvZlUn72u86K9
bcShverhpL2MJKy9oWSpvbL5pb3wpKO9UUynvUGinr1HiZ+9rpKpvSLqob1giKW93vCdvWS7
n72oF6C9+XyfvZu6nr2JA6K99vCpvdQDob1rGqO9RqSgvXtvpr1smqG9zbyfvQDOoL0/oae9
3L2evXTHo70zg6C9ZfWdvQWvnr37uKG9BhGgvRzwnL3IHaO9lmWmvf/xn730HqO91Z2kvYAZ
pb26Hae9V/+cvdLdpr1QLKK9JRagve/5ob1tlZ+9otGcvVoEob0tVKK9RdOevdEmnr0BwqO9
PY+kvdIAmr3+CqS9uPGcvXg1mr2Br5+9DFKUvXFqnL1plZ69VBimvXhknb1eyZ69BZ2gvesi
nb2sgJ+9DXycvZf1pL2k66S9RHWdvSovpL1wI6C9KVCavUHcoL2HlJq9mhafvYNDpL0xpKC9
zWyhvQNTnr3LA6C9eAmovaF7mb3J35q9Fn6fvTYSmr2dZJy9ik6mvTi7pb2BCqO9FQChvTRu
lb2Dup69HiugvenKoL0uRJu9i3mavS/VnL13DZ+9Om2jvYxMmL3Z3KG97N6kvYjcor0a7J+9
ZdGWvQ04mb0+EKS9xRijvR4rm70aNp29Do6gvce4nb2OQKC9GBmfvR9glr3sRaC9T52evXqO
nr3jX6C9njubveADoL0CfKC9VeKhvTG5mr0czqG9DQubvaaEor1K/py9LT2kvRA8oL1Ax5y9
iJKfvXu1m71rFZq9f/+SvdLAm72vwJi9cLadvdsDoL2F6pW9cHCivWmYoL0knZq9Rb6everS
nL3k+qW9fzSZvT7rm702V6a97l6cvacTnb1SVqC9gcKbvaVSnL2pZJi9Ln+avThHnr0bNZ69
q++ivdFNn70pBZe9eI6XvUo/kb2eDKK94X2bvSYmnL1ZE5y9f4OkvdlDnb07p6C9oW6YvQsk
ob3Ug5O92qqkvaH8mL1u2Jy9bHeZveW6lr2fEpi9KbuYvUfeo72sx6O9DMqevVCvoL0v4Ju9
B3Kfvbr7mr3u45q97PeVvV7+oL0Z4p+92+uavdVEnr2ZRZi9ALCbvaz3nb0tJaG9Imehvbjl
n73LY5y9EA2gvZ9anb0vpaK99iabvTMjnL05F5i92gmcvb/Gmb2EW5+9BTCRvduYmL22OZq9
Jb+ivYpqmr1oEJu9NKihvZMBnb3lAp696A6Rvb6Xnr30tpm9MKmavXsEor0LS6W9OX+ZvZ0r
nL2k9J69QbycvVMInr1QS5y92bKdvfpEm72njJm9+GiYvcKMmr3HbKO9wgucvbzGmL2rAKO9
XwicvRE2ob1UoJm9zKibvdQ+mL3PPJ69YaSbvSlAm72P65y9lGqcvUY0lL0tQJa91imZvRoh
nb3/kJq9SZmavaa6or1pN5e98FegvZMVn71Qupm97mWhvWd6k70bspa9x96Xve7io71nap+9
wSGUvVjSkr1L86O9oQeYvYdBnL3uYJ29</AssayYData></Step><Step><CommonData><SampleLocation>8</SampleLocation><SampleID></SampleID><SampleGroup></SampleGroup><SampleInfo></SampleInfo><SampleRow>C</SampleRow><SamplePlate>1</SamplePlate><WellType>KLOAD</WellType><Concentration>-1</Concentration><ConcentrationUnits>µg/ml</ConcentrationUnits><MolarConcentration>-1</MolarConcentration><MolarConcUnits>nM</MolarConcUnits><MolecularWeight>-1</MolecularWeight><Temperature>30</Temperature><StartTime>1251370</StartTime><AssayTime>20</AssayTime></CommonData><FlowRate>1000</FlowRate><StepType>LOADING</StepType><StepName>Loading</StepName><StepStatus>OK</StepStatus><ActualTime>20.003</ActualTime><CycleTime>0.2</CycleTime><AssayXData Points="100">wP/RQ1oZ0kPSMtJDbEzSQwZm0kOff9JDOZnSQ3az0kNszNJDBubSQ5//0kM5GdND0jLTQ2xM
00MmZtNDn3/TQzmZ00PzstNDbMzTQwbm00Of/9NDWhnUQ/My1ENsTNRDBmbUQ59/1EM5mdRD
0rLUQ2zM1EMG5tRDwP/UQ1oZ1UPzMtVDrkzVQyZm1UPAf9VDWpnVQ/Oy1UONzNVDJubVQ8D/
1UNaGdZD8zLWQ41M1kMmZtZDwH/WQ1qZ1kPzstZDjczWQ2jm1kPA/9ZDgBrXQ/My10ONTNdD
JmbXQ59/10NamddD87LXQ43M10NH5tdDwP/XQ1oZ2EPzMthDjUzYQ/do2EPAf9hDWpnYQ/Oy
2EONzNhDJubYQ5//2ENaGdlD8zLZQ9RN2UMmZtlDwH/ZQ1qZ2UN2s9lDjczZQwbm2UPA/9lD
WhnaQ9Iy2kONTNpDJmbaQwKA2kM5mdpD0rLaQ43M2kMm5tpDwP/aQzkZ20PzMttDjUzbQwZm
20Off9tDOZnbQ9Ky20ONzNtDiebbQw==</AssayXData><AssayYData Points="100">GxCHvYUOQL05nw29VLCOvGzJyrsjRxA8OeHEPJ54GT3g3UY9oFCAPZnIkz3kHLU99F7LPfeG
4D25QQI+bRkPPmeaFz4zBSk+JhIzPkUnQj6PPU8+bH5dPnlFZT6IkHI+5pB+PjkJhz62p4w+
MEqVPnUQmT7+R6A+L+umPiBqrT4OsbI+y1S6Pnl8vj4E1MU+89/JPtb10T5Pvtc+O3/ePjV1
4j5rc+k+zIbxPvKl9z4Aavw+7WEAP6HBBD/khAc/ZkQKP6HtDT8wwBA/RIgVP4T2Fj8yRRo/
BAwdPwgKHz86VSM/V4klP5r4KD/PQCs/+b0uP4FNMj+DjjU/Md83Py7AOj9lKD0/ML8/P/NA
Qz/wgkY/Rh5JP52XSz/SSU8/7X1RP5X/VD/QOVg/Rt1aP4nDXD/AMmE/kjdkP1DhZT8iomk/
qrNrP0fCbz/QnHI/GT51Pz0Vdz9LIXo/jfJ8P1EJgD+c0oE/MwuDP/CshD+tmYU/vkCHP8Ko
iD/mBYo/nKeLP8T3jD9hC44/QN6OPw==</AssayYData></Step><Step><CommonData><SampleLocation>9</SampleLocation><SampleID></SampleID><SampleGroup></SampleGroup><SampleInfo></SampleInfo><SampleRow>C</SampleRow><SamplePlate>1</SamplePlate><WellType>BUFFER</WellType><Concentration>-1</Concentration><ConcentrationUnits>µg/ml</ConcentrationUnits><MolarConcentration>-1</MolarConcentration><MolarConcUnits>nM</MolarConcUnits><MolecularWeight>-1</MolecularWeight><Temperature>30</Temperature><StartTime>1281161</StartTime><AssayTime>60</AssayTime></CommonData><FlowRate>1000</FlowRate><StepType>BASELINE</StepType><StepName>Baseline 60</StepName><StepStatus>OK</StepStatus><ActualTime>59.999</ActualTime><CycleTime>0.2</CycleTime><AssayXData Points="300">IwDcQ5wZ3EM1M9xDz0zcQ2lm3EMCgNxDvZncQzWz3EPPzNxDqubcQwIA3UOcGd1DNTPdQ89M
3UOJZt1DAoDdQ5yZ3UM1s91Dz8zdQ8vm3UMCAN5DvRneQzUz3kPPTN5DaWbeQwKA3kO9md5D
NbPeQ/DM3kOJ5t5DIwDfQ70Z30M8NN9D8EzfQ4lm30MjgN9DvZnfQ1az30PwzN9DiebfQ+gA
4EO9GeBDVjPgQ/BM4EOJZuBDI4DgQ72Z4ENWs+BDlM3gQ4nm4EMCAOFDvRnhQ1Yz4UPwTOFD
iWbhQyOA4UO9meFDNbPhQzHN4UOJ5uFDIwDiQ70Z4kNWM+JD8EziQ4lm4kMjgOJDrpziQ1az
4kPwzOJDiebiQwIA40OiGuNDNTPjQ/BM40OJZuNDI4DjQ72Z40NWs+NDz8zjQ4nm40MjAORD
vRnkQ1w05EPwTORDiWbkQyOA5EOcmeRDNbPkQ/DM5EOJ5uRDIwDlQ70Z5UM1M+VD8EzlQ2lm
5UMjgOVDvZnlQ7iz5UPPzOVDaeblQwIA5kO9GeZDVjPmQ/BM5kNpZuZDI4DmQ5yZ5kNWs+ZD
8MzmQ2nm5kMIAedDvRnnQ1Yz50PPTOdDiWbnQyOA50O9medDVrPnQ8/M50Np5udDAgDoQ5wZ
6EM1M+hDz0zoQ4lm6EMCgOhDnJnoQ7iz6EPwzOhDieboQwIA6UOcGelDGzTpQ89M6UNpZulD
AoDpQ5yZ6UM1s+lDz8zpQ2nm6UMCAOpDvRnqQzUz6kPPTOpDaWbqQwKA6kOcmepDNbPqQ2vR
6kOw5+pDAgDrQ5wZ60M1M+tDz0zrQ2lm60MCgOtDnJnrQzWz60PPzOtDiebrQwIA7EOcGexD
NTPsQ89M7ENpZuxDAoDsQ5yZ7EM1s+xD8MzsQ2nm7EMCAO1DnBntQ1Yz7UPwTO1DqmbtQyOA
7UO9me1DVrPtQ/DM7UOJ5u1DIwDuQ70Z7kNWM+5D8EzuQ4lm7kMjgO5DvZnuQ1az7kPPzO5D
iebuQyMA70O9Ge9DVjPvQ/BM70OJZu9DI4DvQ72Z70NWs+9D8MzvQ4nm70MjAPBDvRnwQ1Yz
8EPwTPBDaWbwQ4WA8EO9mfBDVrPwQ8/M8EOJ5vBDIwDxQ5wZ8UNWM/FD8EzxQ4lm8UMjgPFD
vZnxQ1az8UPwzPFDaebxQyMA8kO9GfJDNTPyQ/BM8kOJZvJDAoDyQ72Z8kM8tPJD8MzyQ2nm
8kMjAPNDvRnzQzUz80PwTPNDiWbzQwKA80O9mfNDNbPzQ8/M80OJ5vNDAgD0Q70Z9EM1M/RD
z0z0Q4lm9EMCgPRDnJn0Q1az9EPwzPRDieb0QwIA9UOcGfVDNTP1QzFN9UNpZvVDKYH1QwSb
9UM1s/VDz8z1Q4nm9UMjAPZDvRn2QzUz9kPPTPZDaWb2QyOA9kOcmfZDVrP2Q/DM9kNp5vZD
AgD3Q5wZ90NWM/dDz0z3Q2lm90MCgPdDvZn3QzWz90PPzPdDaeb3QyMA+EOcGfhDNTP4QxdO
+ENpZvhDI4D4Q72Z+EM1s/hDz8z4Q2nm+EMCAPlDvRn5Q3cz+UPwTPlDaWb5QwKA+UOcmflD
NbP5Q8/M+UNp5vlD</AssayXData><AssayYData Points="300">QuSrP2QdoT8thpY/R6uQP6llij/+/YQ/4KB+P3DudD94tGs/rk1jP878Wz+xBlQ/rypOP3BE
SD+XvUI/jH89PwbHNz/uYjQ/OYYvP8suKz9tgyc/YXAkP770ID8Nkhw/+DwZP3ACGD92MBQ/
JOIQP6PdDj+u/ww/b4UKPyFxCD8QCgY/z0AEPwiZAj+uUgA/lZT9Phz9+j6ZhPU+rRr0PsbY
7z47ge4+g4XsPhKh6j6j3eY+UhHlPjzB5D6/u+E+LrXfPqkL3z5wY9o+nX7aPkPY1z5d49U+
Ne7TPp8H0z5HAdA+lzzOPtsXzT5jZMw+Dj3OPm9vzD4G+Mk+esLHPm+1xj7vc8Y+FXLCPvhe
wz51VsQ+2v/APl+3vz4TIL8+nU2+PqtCvT4ZqLw+F4S9PjP5uj7FCbo+A6O7PqO9uD4iiLc+
8Zu4PoD9tT4sxrU+Pzy0PokStT6oSbM+Np2zPtMasz4z1LQ+EY2xPrNgsT7AKLA+SWKxPti5
rz4wtLA+uLawPlxXsD6aYq4+OB+uPm40rz7nX64+IpKtPkwhrj76M6w+pz6rPlxBqz7urqo+
zLOrPrp1rD41Tqs+aBWqPmxSqD5QoKo+rz6oPgtfqT5rf6g+51CoPkU9qT7Um6g+qHqlPkZI
pj7A7aY+M/KmPiTYpz776KU+EuumPr16pT4bP6Y+0tKlPoFApD6Z0KQ+4FmmPlUepD4QV6U+
6aejPoEbpj7qV6M+TEGkPnpypD6wKqQ+8jaiPkVapD6OOqI+a7SiPnshoD48/qI+Pe+gPo3T
oz4x26I+qwCkPvOHoT6CSaM+wICiPp/ooj7K+aA+fGyhPi91nz4US6E+/e6fPjC4oD7tTKA+
NIWgPiRpoD7R558+Y7GhPg4poD6VRaA+crucPgdHnz5ulp8+LTWgPrO9oT6deqA+rcedPkgL
nj4nDZ8+wjqfPluXnj56g54+UQ+dPjQVnD5SqZ0+M8KfPoICnD6maJ4+0++cPugknz6/eJ4+
szuePlS3nT5vFJw+kCqdPgbbnT5ivJ4+SdWcPiiDmz69oZ0+zHWbPip0nD5Cx5w+r7ycPsIb
nT76oJk+XgWdPnZnnj6hXZ0+uBedPuMTnj4TnJw+NnCbPnmbnD7MHps+TsucPuUInD7yJ5w+
XkGbPnoGmj5hs5o+uKKcPjFvnT7NQ5o+Z52aPqeXmj4ApJk+UO2ZPv5emj6lyZg+9j2aPoqP
mj6ApJo+m3uZPv0umj6RF5k+mYqZPm+YmT46Vpo+S2abPld3mj5bBpo+ZvCYPrb8mT5dfZk+
bxaaPt8Pmz709pk+Z7eZPq/blz6eI5o+vSCaPiA6mj73Bpg+qR6ZPlkxmD5t75c+Pi6ZPgIr
mj4m0Jc+0AGbPt4umT7iR5g+6YWWPuFYlj6gdZg+OGSXPmznlz52PZg+VeaXPogUlz4PWpY+
aTCZPrtRmT5aeZg+PriXPvhtlj4IC5c+3hiXPhP0lT795pY+PvCYPmKimD6qM5Y+3jyXPgFs
mD6HUpg+xreWPpOQlz4OJZc+AoKWPk/dlT7+vZc+q0yWPvZPlj4Aspc+jrOYPu/3lT7O7ZY+
H3SVPhoElj4AtpY+</AssayYData></Step><Step><CommonData><SampleLocation>10</SampleLocation><SampleID></SampleID><SampleGroup></SampleGroup><SampleInfo></SampleInfo><SampleRow>C</SampleRow><SamplePlate>1</SamplePlate><WellType>BUFFER</WellType><Concentration>-1</Concentration><ConcentrationUnits>µg/ml</ConcentrationUnits><MolarConcentration>-1</MolarConcentration><MolarConcUnits>nM</MolarConcUnits><MolecularWeight>-1</MolecularWeight><Temperature>30</Temperature><StartTime>1351122</StartTime><AssayTime>20</AssayTime></CommonData><FlowRate>1000</FlowRate><StepType>BASELINE</StepType><StepName>Baseline 20</StepName><StepStatus>OK</StepStatus><ActualTime>19.999</ActualTime><CycleTime>0.2</CycleTime><AssayXData Points="100">AwD6Q50Z+kMVM/pDr0z6Q2lm+kPif/pDnZn6QxWz+kPQzPpDaeb6QwMA+0OdGftDNjP7Q69M
+0NJZvtDA4D7Q52Z+0MVs/tD0Mz7Q0nm+0MDAPxDfBn8QzYz/EOvTPxDSWb8QwOA/EOdmfxD
FbP8Q9DM/ENp5vxDAwD9Q50Z/UMVM/1Dr0z9Q2lm/UPif/1DnZn9QxWz/UPQzP1DSeb9Q+L/
/UOdGf5DNjP+Q69M/kNpZv5D4n/+Q52Z/kMVs/5Dr8z+Q2nm/kMDAP9DnRn/QxUz/0OvTP9D
aWb/Q+J//0Odmf9DFbP/Q6/M/0NJ5v9DAgAARL4MAESLGQBEWCYARDUzAETxPwBEvkwARItZ
AERYZgBEJHMARPF/AETOjABEm5kARFimAEQkswBEAsAARL7MAESL2QBEWOYARDXzAEQCAAFE
zgwBRIsZAURYJgFEJDMBRPE/AUS+TAFEi1kBRFhmAUQkcwFE8X8BRL6MAUSLmQFEaKYBRCSz
AUTxvwFEvswBRIvZAURY5gFEJPMBRA==</AssayXData><AssayYData Points="100">3rvmPTFzJj3Edms8kjrBuqs95bvavTK8FhqJu33z67oLFp67lTZLuxiiMjsqviQ7r3M3ux3G
IjuXHZ07w2ezOxspezvsebU7SVWOO7r4MjzMOyc8EZMNPDeFHTzc++k7cIWYO3IbMTx9Wko8
RLIpPIPsJDzJ80U8rytQPHZTKzx6oyk86gl4PPd9QzxEEV88gRM7PHhWaDxdhVI8sj2GPOCK
izycS4A8wE1rPCdmWDwicyU8eI+APOCqdzwAl1w8X+SFPKWfezxWiZg8WqpIPBKybDwAmII8
iCKsPF8tlzzn4JE8BRtpPGXUhTxXL4Y8zhKAPPcCmTyYLZQ87cqOPFSjijwl4JY89616PAyj
TDxAvqo8a2WaPIFTlTwLGGw8vFSFPGhIhDxbxaE8NyGpPEWbaDz9H7c8cpePPLutlDzpVpo8
rHeOPEg1tTzwE6c8fQSOPENToTwN9J88qD6lPDeXnjwn3Zc8o56ePOhojDxTn7A8X2+QPL+y
njwLLa88WGKkPGiCyTxjLLI85lSjPA==</AssayYData></Step><Step><CommonData><SampleLocation>11</SampleLocation><SampleID></SampleID><SampleGroup></SampleGroup><SampleInfo></SampleInfo><SampleRow>C</SampleRow><SamplePlate>1</SamplePlate><WellType>KSAMPLE</WellType><Concentration>-1</Concentration><ConcentrationUnits>µg/ml</ConcentrationUnits><MolarConcentration>-1</MolarConcentration><MolarConcUnits>nM</MolarConcUnits><MolecularWeight>-1</MolecularWeight><Temperature>30</Temperature><StartTime>1382061</StartTime><AssayTime>120</AssayTime></CommonData><FlowRate>1000</FlowRate><StepType>ASSOC</StepType><StepName>Association</StepName><StepStatus>OK</StepStatus><ActualTime>119.999</ActualTime><CycleTime>0.2</CycleTime><AssayXData Points="600">8f8BRL4MAkQuGgJERyYCRCQzAkTxPwJErUwCRHpZAkRHZgJEJHMCROF/AkStjAJEepkCREem
AkQUswJEZMACRL7MAkR62QJER+YCRBTzAkTx/wJErQwDRHoZA0RHJgNEJDMDROE/A0StTANE
i1kDREdmA0QkcwNE4X8DRK2MA0SLmQNEV6YDRBSzA0ThvwNErcwDRHrZA0RH5gNEFPMDROH/
A0StDAREehkEREcmBEQUMwRE4T8ERK1MBESLWQRER2YERCRzBETxfwREvowERKuZBERXpgRE
2LMERPG/BES+zAREi9kERFfmBEQk8wRE8f8ERL4MBUR6GQVEVyYFRCQzBUTxPwVEvkwFRItZ
BURXZgVEFHMFRAGABUS+jAVEgJoFRFemBUQkswVE8b8FRL7MBUSL2QVER+YFRCTzBUTGAAZE
rQwGRIsZBkRXJgZEJDMGRPE/BkS+TAZEi1kGREdmBkQkcwZE8X8GRL6MBkR6mQZEqaYGRBSz
BkThvwZEvswGRIvZBkRX5gZEJPMGRPH/BkS+DAdEixkHRFcmB0QkMwdE8T8HRGJNB0R6WQdE
R2YHRCRzB0TxfwdEco0HRHqZB0RHpgdERbMHROG/B0StzAdEi9kHREfmB0Q18wdE8f8HRL4M
CESLGQhEVyYIRCQzCEThPwhErUwIRJtZCERHZghEFHMIROF/CEStjAhE3ZkIREemCEQUswhE
4b8IRL7MCESL2QhEV+YIRCTzCESEAAlErQwJRHoZCURXJglEFDMJRPE/CUStTAlEelkJREdm
CUQUcwlElYAJRK2MCUR6mQlEqaYJRBSzCUThvwlErcwJRHrZCURX5glEFPMJROH/CUStDApE
ehkKREcmCkQUMwpE4T8KRK1MCkR6WQpER2YKRBRzCkThfwpErYwKRHqZCkRHpgpEFLMKROG/
CkStzApEi9kKREfmCkQk8wpE4f8KRK0MC0R6GQtEHCcLRBQzC0TxPwtEvkwLRHpZC0RHZgtE
JHMLRPF/C0S+jAtEvJkLRFemC0QkswtE8b8LRL7MC0SL2QtEV+YLRCTzC0Tx/wtEvgwMRIsZ
DERXJgxEJDMMRPE/DES+TAxEi1kMRFdmDEQUcwxE8X8MRL6MDESLmQxEV6YMRCSzDETxvwxE
vswMRIvZDERX5gxEJPMMRPH/DES+DA1EixkNRFcmDUQkMw1E8T8NRL5MDUSLWQ1EDGcNRBRz
DUTxfw1EvowNRIuZDURXpg1EJLMNROG/DUS+zA1Ei9kNRFfmDUQU8w1E4f8NRL4MDkSLGQ5E
VyYORCQzDkTxPw5EvkwORItZDkRXZg5EFHMORPF/DkStjA5Em5kOREemDkQksw5E8b8ORL7M
DkSL2Q5EV+YORCTzDkTx/w5ErQwPRHoZD0RXJg9EFDMPRPE/D0StTA9EelkPREdmD0QUcw9E
4X8PRL6MD0SLmQ9ER6YPRBSzD0Txvw9ErcwPRHrZD0RH5g9EFPMPROH/D0StDBBEehkQRHgm
EEQkMxBE8T8QRK1MEER6WRBER2YQRBRzEEThfxBErYwQRIuZEERHphBEFLMQROG/EEStzBBE
i9kQREfmEEQU8xBE4f8QRK0MEUR6GRFERyYRRBQzEUThPxFErUwRRHpZEURHZhFEJHMRROF/
EUStjBFEepkRREemEUQUsxFE4b8RRL7MEUR62RFEV+YRRBTzEUTh/xFErQwSRHoZEkRHJhJE
JDMSROE/EkStTBJE/VkSRFdmEkQUcxJE4X8SRK2MEkSbmRJEV6YSRCSzEkTxvxJEvswSRIvZ
EkRX5hJEJPMSRBIAE0S+DBNEixkTRFcmE0TYMxNE8T8TRL5ME0SLWRNEV2YTRCRzE0TxfxNE
vowTRIuZE0RXphNEJLMTRITAE0S+zBNEi9kTRFfmE0Qk8xNE8f8TRL4MFESLGRRERyYURCQz
FETxPxRE/0wURItZFERXZhREJHMURPF/FES+jBREepkURFemFEQksxRE8b8URK3MFESL2RRE
R+YURCTzFETx/xRErQwVRIsZFURHJhVE3zQVRPE/FUS+TBVEelkVRFdmFUQkcxVE4X8VRK2M
FUSLmRVEV6YVRBSzFUTxvxVEvswVRKvZFURX5hVEFPMVROH/FUStDBZEixkWRFcmFkQkMxZE
Q0AWRK1MFkR6WRZER2YWRBRzFkThfxZErYwWRHqZFkTaphZEFLMWROG/FkStzBZEi9kWREfm
FkQk8xZE8f8WRK0MF0R6GRdERyYXRCQzF0ThPxdErUwXRItZF0RHZhdEFHMXROF/F0StjBdE
epkXREemF0QUsxdE8b8XRL7MF0R62RdEV+YXRBTzF0Tx/xdErQwYRHoZGERHJhhEjTQYROE/
GEStTBhEelkYRFdmGERVcxhE4X8YRK2MGER6mRhER6YYRBSzGEThvxhErcwYRC7aGERH5hhE
FPMYROH/GEStDBlEehkZREcmGUQkMxlE4T8ZRK1MGUSLWRlER2YZRCRzGUTxfxlErYwZRIuZ
GURXphlEJLMZRPG/GUS+zBlEi9kZRFfmGUQk8xlE8f8ZRL4MGkSLGRpE8ScaRCQzGkTxPxpE
vkwaRItZGkRXZhpEJHMaRPF/GkS+jBpEi5kaRFemGkQksxpE8b8aRL7MGkSL2RpEV+YaRCTz
GkTx/xpEvgwbRIsZG0RXJhtEJDMbRPE/G0S+TBtEi1kbREdmG0RFcxtE8X8bRL6MG0SLmRtE
V6YbRCSzG0TxvxtEvswbRIvZG0RX5htEFPMbROH/G0S+DBxEDhocRFcmHEQUMxxE8T8cRK1M
HER6WRxEV2YcRCRzHETxfxxEvowcRIuZHERXphxEJLMcROG/HES+zBxEi9kcREfmHEQU8xxE
ZAAdRL4MHUR6GR1EVyYdRI00HUTxPx1EvkwdRHpZHUSpZh1EFHMdRGCCHUSPjx1Em5kdREem
HUQksx1E8b8dRK3MHUSL2R1ER+YdRCTzHUTx/x1ErQweRHoZHkRHJh5EFDMeROE/HkStTB5E
elkeREdmHkQUcx5E4X8eRK2MHkSLmR5ER6YeRBSzHkThvx5EvsweRHrZHkRH5h5Ep/MeRPH/
HkStDB9EixkfREcmH0QUMx9E4T8fRK1MH0R6WR9ER2YfRCRzH0Thfx9ErYwfRHqZH0RHph9E
FLMfRHTAH0StzB9Ei9kfREfmH0QU8x9E</AssayXData><AssayYData Points="600">e7wvPnV/ZT4b2IA+ydCJPpiFjz6GCZM+gZiXPuI7mz6g3pw+UDSgPgLgnz7NtaM+sHKmPvw7
pj6CHKk+sJSpPnNkqj5TTa0+7FisPgJErz4hIa8+oMyvPn9Wsj5fFrQ+Orq0PlYntT6T0Lc+
aAy3PttYuT7pGbo+b5W5PhRGvD4/Lr0+pW+9PhDlvz7ns8A+VNm/Pte7vz6bGME+IdvDPnD5
xD53BcU+lEvFPuiuxj4wmsc+iTTHPj9IyD7/Isk+Tc3IPuogyj41Qss+AWXLPnZkyz4rvco+
qgPNPvFa0D4ud88+TPHOPkUfzz6q5c8+Pc3PPqe8zz4kndE+LPvRPnbR0z70DdM+Ip/TPuOh
1T4KD9M+FyjUPqyA1D5tVtc+d5vVPmf21j4cR9c+gGnYPgWz1z6L89g+0+LaPkD82D518dk+
1I3YPqdt2j6z5dk+kq7bPlye2j6Op9w+JjfbPqx+3D59Ldw+6YfdPiD43D69dd4+P6vdPpF3
3T734tw++3jhPorS3z5tJN8+TQTfPq0K4T4WEOE+C3fhPhBz4z7ljeE+22DiPizf4D7POOQ+
RvnhPvpQ4z65SeQ+M4/jPnCk4z7TTuQ+c9HiPs8P5T6WCuc+osfnPt8v5z5j6eU+ePXlPrX1
5T4xIug+4HbmPtaC5j6dwuc+Ko7mPsDx5z5snug+nCzpPoh/6j5w5ec+B9LoPm8T6j7uA+o+
WjLrPvC96D50Tus+RTTrPiw16j4L+eo+6BvqPqkt7D5Ahuo+i8vrPh4t7T6yEuo+8FjsPqnf
6z543u0+RUbtPvhj7D4q4O0+C/7sPnhO7T7NNe0+76nuPjmj7z6Uiu4+tALvPolz7j6wBPA+
Cj7uPgb57D4jMPA+BzLvPuTt7j4KcfE+z5zwPr5p8D4tAvA+vsfvPhRS8z4A0/A+E7/vPsp0
8D6d8fA+9TLxPmyQ8T7E7vA+mp3zPjDy8D6rCvM+syrzPpRN9D49JPI++4ryPivG9D5QAfM+
mDT0PiUw8z7XwPM+YWbzPp7+8z5LPPM+RiH0PoMA9D58NPI+qF/0Pq/n8j5GI/U+im72Ppxl
8z4YxfQ+mov0PpE69j6g7PQ+jBP1Pm+T9j4ohPQ+zPb1PrsT9z7el/U+suf0PlTd9z6iDfY+
Qfj0PnS19z5MVPY+Aj/3PvHi9j4pqfU+gnb3PpwL+T5JovU+4m33PgdU+D6hV/k+x2j5Ps2O
9j61NPg+G2X2Pkzs+T7Tqvc+91T4PrM8+T61VPo+IdT4Pg+8+T4Vqvk+Hu34PiVg+z6PDvg+
FVf5PpF6+T4f6vk+ErT4Ph+u+j6zffs+olX8PtEQ+z7xZ/o+gFv5PmWO+j5pzvs+VRz5Pp7Q
+T4K3fs+e2f8PvxA/D7/uvo+eAX6PtsI+z61Cvo+1bD8PlTB+z6pB/0+VRP9PiGZ+j5X+Pw+
O/n8Phz0+j67nvs+Fjj9Pi/C/D4RzPw+gl79Pn5y/T7hIf0+F/b+PviR/T73pPs+V1L+PgYE
/T4X1/w+/Gv9PrvN/z5UEf4+Rkr9Pl6p/j7jXf8+/m3+Pk4M/z7UV/4+KHL+Pvzv/z5Cr/w+
7Yv/PsRd/z70Hf4+QMX/PoQuAD8xRgA/JUj+Pq8RAT/pfAA/bRH/Pgyf/z6Agv8+gxUAP3Nl
AD/1Hv8+Krv+Pr0YAD/jbAA/ty8AP7RbAD/sJf8+VeAAP4QPAD9kYP8+d3MAP1LYAD9b5AA/
pm0BP3NdAD9ZQwA/u68AP6DvAD90BgE/wKsBPxt6AD8LwAA/88kAP8ICAj9ZwAE/Pc4AP5yo
AT8UWgE/WmcBP+CAAD8z+gA/7/wAP6FjAT/dygA/UqABP+hOAT9LMwA/q90BP3FNAj8x2wE/
ls0BP6v9AD9RrAE/uM0AP6SrAT8YsAE/WxsCP1wgAT9zjAE/DQMCPxWyAT9f9wA/iaQBPxjG
Aj86kwE/uY4CPyprAT9P9QE/LgMCP0s3Aj8r5wE/LD4CP+2EAT9JkgE/PGcCPxm3Aj+rXAE/
6ZcBP2IbAj8IjgE/zgwCPxbNAj/EmQI/YGcCP4nDAj8JwAE/2egCPxtsAj/67AE/VQQDPwer
Aj8xswI/E50CP7pgAj8W8gI/takDPyuWAj+bCAM/+oYCPycEAz91iQI/Nu8BP0CrAz8HdQM/
TR0EP5QLAz85JgQ/H78CPy+CAz9pgQM/k2gDP6V4Az84NgM/NFMEP6oPBD+yzgM/e8QDP0SO
Az9YJAQ/xgUDP2fKAz+VDwQ/kP4DP00XBD+v1QM/bgoEP1U7BD8JUwQ/nX4DP1EsAz9BkQM/
t3sDP2xeBD8kWQQ/bIMEP9l/BD+HCQQ/uNMDP6lVAz9lnwU/iwEFP0rhAz+HCgQ/5DUFP9Vs
Az818wM/PJUDPxxKBD/nRgQ/DFYEPwwLBD+8hAQ/37kFPxCjBD+UCAQ/Es4EP7ijBD/E2gU/
lOcDP5jPBD+uVQU/7B4EP5yIBT9H3gQ/7K8DPyICBD+VcwU/yNAEPwMTBT8/jAU/bBoFPwyM
BD+DTAU/FzQFP9jdBT+QTQU/fswFPyPwBD/ZWAY/p7sEP1woBT/3lQU/iK4FP7dPBT+58AQ/
Ab4FPx2sBT+OCwU/LDcFPxz7BD+VHAY/zlcFP8CyBT/4eAY/OMQFPwAeBj/BZAU/GMMGP4qX
BT97VgU/0yIGP8ABBj/WZgU/U4EFP5UEBT+8ZAU/AowFP1KrBT9dhAY/QZwGP2IzBj/dSgY/
+jcGP4TmBT9qHQY/ZYEGP3ORBT8CvgY/Jz8GP6bBBT/eYwY/7U0GP71BBz9nLwY/vfAGP6kz
BT8GugY/yOoFPyOKBj91cQY/ruEFPzQCBz8pCQc/WgkHP5VLBj9kxwY/Zi8GP3CYBj87Zgc/
k94GP/1pBz8FvwU/N+cGP57xBj/8kwY/GIAHP7v9Bj+RVgc/PYgGPzEMBz88QgY/nKYHP2PH
Bj8Ktgc/veQHP/zeBz/aYQc/amcGPw7OBz8kjwY/7k4GPx37Bj8iAgg/nhoHP1yqBj+Hpgc/
c0AHP3DCBz+jiwc/ezwHP71DBz8ZsQc/JVoHP7pyBz9vYgc/ahQIPw4ECD+tGgc/zl0GP+AO
CD9PpQc/rJAHP22gBz+Bhwc/C+EHPyT+Bz9XSQg/FewGPxhiCD8WQwg/+UEIPwN1Bj+lkQc/
4mAIPxkOCD8++wc/XlcHP8r/CD+cWwg/</AssayYData></Step></KineticsData></ExperimentResults>
