<?xml version="1.0" encoding="UTF-8" standalone="yes"?>
<ExperimentResults><ExperimentInfo Name="20251008 UPFB0001"><ExpDescription>AHC example method - full characterization&#13;
Analyte titration series with reference channel</ExpDescription><RTDVersion>2.0</RTDVersion><RunID>44513BEA-5865-4B65-BE64-68D265EFB71C</RunID><ExperimentType>KINETICS</ExperimentType><ExperimentSubType>KBASIC</ExperimentSubType><StartDateTime>2025-10-08T15:13:15</StartDateTime><MachineName>BN7KX12</MachineName><UserName>octet</UserName><LotNumber></LotNumber><PlateName>251008</PlateName><PlateName2></PlateName2><SensorName>D1</SensorName><SensorPlate>1</SensorPlate><SensorType>AHC (Anti-hIgG Fc Capture)</SensorType><SensorRole>LIGAND</SensorRole><SensorInfo></SensorInfo><WritingSW>DataAcquisition.exe 11.0.2.1</WritingSW><InstrumentType>OctetRED96</InstrumentType><InstrumentSerial>FB-50284</InstrumentSerial><InstrumentFW></InstrumentFW><IntegrationTime>2.6</IntegrationTime><DSPType>CPF</DSPType><DSPStitching>1</DSPStitching><HasManifest>1</HasManifest><InfoHash>-117630275</InfoHash></ExperimentInfo><AssayParamsInfo/><KineticsData><Step><CommonData><SampleLocation>1</SampleLocation><SampleID>Running Buffer</SampleID><SampleGroup></SampleGroup><SampleInfo></SampleInfo><SampleRow>D</SampleRow><SamplePlate>1</SamplePlate><WellType>BUFFER</WellType><Concentration>-1</Concentration><ConcentrationUnits>µg/ml</ConcentrationUnits><MolarConcentration>-1</MolarConcentration><MolarConcUnits>nM</MolarConcUnits><MolecularWeight>-1</MolecularWeight><Temperature>30.2</Temperature><StartTime>0</StartTime><AssayTime>180</AssayTime></CommonData><FlowRate>1000</FlowRate><StepType>BASELINE</StepType><StepName>Baseline 1</StepName><StepStatus>OK</StepStatus><ActualTime>180</ActualTime><CycleTime>0.2</CycleTime><AssayXData Points="900">AAAAAKjGSz7NzMw+EFgZP0SLTD+JQYA/1XiZPzMzsz8IrMw/ZmbmPwAAAEDNzAxAmpkZQGZm
JkAzMzNAAABAQM3MTECamVlA8KdmQDMzc0AAAIBAZmaGQM3MjEAzM5NAmpmZQAAAoEBmZqZA
zcysQDMzs0CamblAAADAQI2XxkDNzMxAMzPTQJqZ2UAAAOBAZmbmQM3M7EAzM/NAmpn5QAAA
AEEzMwNBZmYGQZqZCUG0yAxBAAAQQTMzE0FOYhZBgZUZQbTIHEHn+x9BGy8jQWZmJkGamSlB
zcwsQQAAMEEbLzNBRIs2QZqZOUHNzDxBAABAQTMzQ0FOYkZBmplJQc3MTEEAAFBBGy9TQWZm
VkGBlVlBzcxcQZMYYEEzM2NBTmJmQZqZaUHNzGxB3SRwQRsvc0FmZnZBmpl5QbTIfEHn+39B
jZeBQScxg0HNzIRBZmaGQQAAiEGamYlBMzOLQcHKjEFaZI5B9P2PQZqZkUEnMZNBzcyUQWZm
lkH0/ZdBCKyZQTMzm0HNzJxBWmSeQfT9n0GNl6FBMzOjQcHKpEFmZqZB9P2nQY2XqUEnMatB
zcysQWZmrkH0/a9BmpmxQTMzs0HByrRBZma2QfT9t0GamblBMzO7QcHKvEFaZL5BAADAQY2X
wUEzM8NBwcrEQVpkxkH0/cdBjZfJQScxy0HBysxBWmTOQfT9z0GNl9FBJzHTQc3M1EFaZNZB
bxLYQY2X2UEnMdtBwcrcQVpk3kExCOBBjZfhQTMz40HByuRBWmTmQfT950GamelBJzHrQcHK
7EFaZO5BAADwQZqZ8UEzM/NBSOH0QWZm9kEAAPhBmpn5QTMz+0HNzPxBZmb+QQAAAELNzABC
mpkBQmZmAkIzMwNCAAAEQs3MBEKamQVCZmYGQjMzB0IAAAhCzcwIQpqZCUJmZgpCMzMLQvr+
C0LHywxCmpkNQmBlDkJGNg9CAAAQQs3MEEKamRFCZmYSQjMzE0IAABRCzcwUQpqZFUJgZRZC
MzMXQgAAGELNzBhCy6EZQmBlGkIzMxtCAAAcQsfLHEKamR1CZmYeQjMzH0IAACBCx8sgQpqZ
IUJgZSJCMzMjQvr+I0LHyyRCmpklQmZmJkIzMydC+v4nQs3MKEKTmClCZmYqQjMzK0IAACxC
x8ssQpOYLUJmZi5CMzMvQgAAMELHyzBCmpkxQmZmMkItMjNC+v4zQsfLNEKamTVCZmY2Qi0y
N0IAADhC/tQ4QpOYOUJgZTpCLTI7Qvr+O0LNzDxCoJo9QmBlPkI/NT9C+v4/QsfLQEKTmEFC
ZmZCQi0yQ0L6/kNCx8tEQpOYRUJgZUZCMzNHQvr+R0LHy0hCmplJQmBlSkItMktCAABMQsfL
TEKTmE1CZmZOQi0yT0L6/k9Cx8tQQpqZUUJgZVJCLTJTQgAAVELNzFRCmplVQmBlVkItMldC
BgFYQsfLWEKTmFlCYGVaQi0yW0L6/ltCzcxcQpOYXUJgZV5CLTJfQvr+X0LHy2BCk5hhQmBl
YkItMmNC+v5jQsfLZEKTmGVCYGVmQi0yZ0L6/mdCx8toQpqZaUJmZmpCMzNrQgAAbELl0GxC
mpltQmZmbkIzM29CAABwQs3McEKamXFCZmZyQjMzc0IAAHRCzcx0QpqZdUJmZnZCXjp3QgAA
eELHy3hCmpl5QmZmekIzM3tCAAB8Qs3MfEKamX1CZmZ+QjMzf0IAAIBCZmaAQs3MgEIzM4FC
mpmBQn3/gUJmZoJCSsyCQjMzg0KamYNCDAKEQuNlhEJKzIRCMzOFQheZhUIAAIZC42WGQs3M
hkIzM4dCmpmHQgAAiELjZYhCSsyIQrYziUKamYlCAACKQmZmikLNzIpCUjiLQpqZi0IAAIxC
Dm2MQs3MjEIzM41CmpmNQn3/jUJmZo5CzcyOQjMzj0IXmY9CAACQQmZmkEJKzJBCsDKRQpqZ
kUIAAJJCZmaSQs3MkkIzM5NCF5mTQgAAlELjZZRCzcyUQjMzlULjpZVCff+VQuNllkLNzJZC
MzOXQheZl0IAAJhC42WYQkrMmEKwMplCF5mZQn3/mUJmZppCzcyaQjMzm0KamZtCff+bQnNo
nELNzJxCsDKdQheZnUJ9/51C42WeQkrMnkKwMp9CF5mfQgAAoELjZaBCzcygQrAyoUKamaFC
ff+hQuNlokJKzKJCsDKjQheZo0J9/6NCZmakQkrMpELJNqVCF5mlQn3/pUJmZqZCzcymQjMz
p0IXmadCAACoQm1nqEJKzKhCsDKpQheZqUJ9/6lC/GmqQs3MqkIzM6tCF5mrQn3/q0JmZqxC
zcysQrAyrUKama1CAACuQmZmrkLNzK5CMzOvQpqZr0IAALBCZmawQs3MsEIzM7FCmpmxQgAA
skJmZrJC2c6yQjMzs0KambNCAAC0QmZmtELNzLRCMzO1QpqZtUIAALZCZma2Qs3MtkIzM7dC
mpm3QgAAuEJmZrhCzcy4QjMzuUKamblCff+5QuNlukLNzLpCOTS7QpqZu0IAALxCZma8Qs3M
vEKwMr1Cmpm9QgAAvkJmZr5Czcy+QjMzv0IXmb9CAADAQuNlwEJKzMBCsDLBQpqZwUJ9/8FC
42XCQkrMwkIzM8NCF5nDQgAAxELjZcRCzczEQrAyxUIXmcVCAADGQuNlxkLNzMZCMzPHQpqZ
x0IAAMhC42XIQs3MyEIzM8lCI5vJQgAAykJmZspCzczKQj81y0KamctCff/LQmZmzELNzMxC
sDLNQpqZzUIAAM5C42XOQs3MzkKwMs9CF5nPQgAA0ELjZdBCSszQQrAy0UIXmdFCgwDSQuNl
0kLNzNJCsDLTQheZ00KDANRCZmbUQkrM1EIzM9VCF5nVQn3/1ULjZdZCSszWQrAy10IXmddC
AADYQuNl2EJKzNhCsDLZQheZ2UJ9/9lC42XaQkrM2kKwMttCF5nbQn3/20JtZ9xCSszcQrAy
3UIXmd1CAADeQuNl3kJKzN5CMzPfQpqZ30J9/99CZmbgQs3M4EKwMuFCF5nhQgAA4kLjZeJC
zcziQrAy40IXmeNCff/jQuNl5EJKzORCsDLlQpqZ5UIAAOZCZmbmQs3M5kIzM+dCmpnnQgAA
6EJmZuhCYtDoQjMz6UKamelCAADqQmZm6kLNzOpCMzPrQpqZ60IAAOxCZmbsQs3M7EIzM+1C
mpntQgAA7kJmZu5CzczuQrAy70Kame9Cff/vQmZm8ELNzPBCUjjxQpqZ8UIAAPJCZmbyQs3M
8kK2M/NCF5nzQgAA9EJmZvRCSsz0QrAy9UKamfVCAAD2QmZm9kLNzPZCMzP3QpqZ90IAAPhC
Zmb4QkrM+EIzM/lCF5n5Qn3/+UJmZvpCzcz6QrAy+0Kmm/tCAAD8QmZm/ELNzPxCsDL9Qjuf
/UJ9//1CZmb+Qs3M/kIzM/9Cmpn/QgAAAEPyMgBDZmYAQ5qZAEPNzABDvv8AQ/IyAUOoZgFD
mpkBQ4vMAUO+/wFDMzMCQ2ZmAkNYmQJDi8wCQ4MAA0MzMwNDJWYDQ5qZA0OLzANDywEEQ/Iy
BEMlZgRDWJkEQ4vMBEO+/wRDMzMFQyVmBUOamQVDi8wFQ4MABkMzMwZDJWYGQ2qcBkOLzAZD
vv8GQ/IyB0NmZgdDWJkHQ83MB0O+/wdDtjMIQyVmCENYmQhDi8wIQwAACUN1MwlDJWYJQ1iZ
CUOLzAlDvv8JQ/IyCkMlZgpDWJkKQ4vMCkO+/wpD8jILQyVmC0NYmQtDmM4LQ77/C0PyMgxD
ZmYMQ1iZDEOLzAxDvv8MQ/IyDUMlZg1DmpkNQ4vMDUO+/w1D8jIOQyVmDkNYmQ5DzcwOQ77/
DkOBNQ9DZmYPQ5qZD0PNzA9DAAAQQzMzEENmZhBDmpkQQ83MEENCABFDMzMRQ2ZmEUPbmRFD
zcwRQwAAEkMzMxJDZmYSQ5qZEkPNzBJDAAATQzMzE0NmZhNDmpkTQ83ME0MAABRDMzMUQ2Zm
FEOamRRDzcwUQwAAFUPyMhVDZmYVQ5qZFUPNzBVDAAAWQzMzFkNmZhZDmpkWQ83MFkNOAhdD
MzMXQyVmF0NYmRdDzcwXQ4kBGEPyMhhDZmYYQ5qZGEPNzBhDvv8YQzMzGUMlZhlDmpkZQ83M
GUO+/xlDMzMaQ2ZmGkPunBpDi8waQ77/GkMzMxtDrmcbQ1iZG0PNzBtDvv8bQwQ2HENmZhxD
WJkcQ83MHEO+/xxD8jIdQyVmHUOamR1DzcwdQ4MAHkMzMx5DJWYeQ5qZHkPNzB5Dvv8eQ/Iy
H0MlZh9DWJkfQ4vMH0O+/x9DMzMgQ2ZmIENkmyBDzcwgQ77/IEPyMiFDJWYhQ1iZIUPNzCFD
AAAiQzMzIkMlZiJDWJkiQ83MIkMAACNDvDQjQyVmI0NYmSNDi8wjQ77/I0MzMyRDZmYkQ1iZ
JEOLzCRDvv8kQzMzJUMlZiVDmpklQ4vMJUO+/yVDMzMmQ2ZmJkNYmSZDi8wmQ77/JkPyMidD
JWYnQ+GaJ0PNzCdDvv8nQ/IyKEMlZihDWJkoQ83MKEMAAClD8jIpQyVmKUNYmSlDi8wpQ77/
KUPyMipDJWYqQ1iZKkPNzCpDvv8qQzMzK0NmZitDmpkrQ5HNK0MAACxDMzMsQ2ZmLEOamSxD
kc0sQwAALUMzMy1DZmYtQ5qZLUPNzC1DAAAuQzMzLkPwZy5DWJkuQ83MLkMAAC9DMzMvQ2Zm
L0OamS9DzcwvQwAAMEMzMzBDZmYwQ5qZMEPNzDBD0QIxQzMzMUPpZjFDmpkxQ83MMUOPAjJD
MzMyQyVmMkOamTJDzcwyQwAAM0MzMzNDZmYzQ9uZM0PNzDND</AssayXData><AssayYData Points="900">AAAAAOG3FrqOAFc7reGHO44rBjwU4n27zxEGOwmkhTs7DhA7B1ttOw04azpkuMA7A1m3Oq8d
DTygGbU61IhXuq8jdzuTn2c7vs7LO/2WsjtK/7Q7VxH8O2+Dgjuf9qo7lJf7O1HcBjxH+KE7
SHIBPNmLsjsJxes7PaoWPGFGADvA8dg7iB/dOwfHOjx/KDE7JsnbO+fvIDxXZ9Q7zrcRPLyv
DjyWAgI8UQktPHWRQjxN3b47396/Oz5E3Du/2xY88LlBPCmLIDyIYBo8CEAkPBDf+zuHawE8
qgUjPNN5RTyMlBU8SonYOyfpMDwJABE86gEKPLI8pzviQDI8h3EmPFDy8ztEmi48+Q/EO0Fc
Qjzn/is8nVg1PJpKRjw3Pg48Vc8yPPH2IDyCSik87G64O+BB0TsY7uY7x8PkO+6RCDxHYis8
pwcNPK6Y8juHGwI89XsNPAIJFzyozOE7KFIJPBmTHTwXJDc8F50ZPKPmIDwe5gg8Ih7vOyh1
LDzhpSE8/QKeO0JSNDwxQUM8x2ElPNPWAzzz5Og7ZvUlPBiNCjxJ3a07c+BCPCMObjwIESo8
r14KPDYxPzxW0wo8OEb4O7YR5jucszk8ezoaPMq4IDx3IgI89WkcPKxqDDxMGyc86KlLPMxg
ODyZuV88cTQ4PGR6Wzxv6rw7uDJQPHSsBTx3x/A7tbxRPFzvSDyfQvI79+NBPCc0OjxYSyM8
hTovPJ+POjwr6cw76nUUPAXKKjytuAo8nDFLPCHwRTwHVGU8z+RBPJO5DTwu12o8WV9OPL/e
zTsIjE88e6NBPHs6LDxJlQ88Wp9OPDiNKjzUnt47oHcvPAe8XDwqUSI8UdUgPEx4UTyIa0w8
gSl3PNkNbTzUECk8WrRnPFIHfzwTEU88FS09PMMsOTzn7ng8xeuAPBOdKTz65Vc8Nl1dPO8G
TDyv9mk8uGcsPJLVTzwLGzM8dslgPFS6JDx0DWE8esksPCS8NTxkMT08VNNxPEm6hjwWjE88
LVxQPBPYGzwp82I81a5uPNlGeTxkjk88DaY8PPsiXDxGyWc8UeptPOK2YjyGPv472fldPAxw
gTymakY8GZ5EPEM7Dzw3mQk809UlPKD0TDwu3Dk85zU8PJYafjwLoSc88kogPKTeYjyIzjE8
2IFcPCjAaDyGJGk8Z0xWPA6iJDzm2HE8nsSFPGWrYjwLqGU8nPw6PB0jfTxG8IE8SDwtPI5z
TzxZEHo8EtdePJRGODwul148+yI6PGJ7KTydcl08GGpSPDP5bjzCDDc8+II7PKWnSzx/K3k8
HsOEPHtCWDy9mEI8J9mRPL2ahjy+Kyc8zDliPA10YDwxToA8aywsPGjDWDw0qE88ZcqBPEFt
ejzGKGk8iAc8PHBXGjydppw8uR5MPAUcUTzCtGs8saRmPINORjyWiT88Q41xPE9wDzyn1z48
0R4bPL5cRzxT7Xg8HtNlPLIZgzwp+nI8sm5vPIc4VTzi/l08K7qMPHzdZTwQ+EU8o1JrPAHM
VjzW/088kEhgPDw9STz06CE8ScKBPPBMYzy1eX08ZE1QPBSFZzyDl0g8Ie5ZPAqyYjznlm88
MvlfPMK9Vzx1G0g8zLVLPL/rQDxpgTU8ltNrPEXZMzzA+4A8HRAIPLCaJDz4aGQ8rIdVPPvB
TDy1Ugw8T/uAPAJ3GTzV/2k8k2Z+PO0dczwKgTk8ZDY9POL3ITwnL0s8+sZvPKeDgzxIFEY8
hlhBPFEIbTxJjDU83D52PC08QTwaEFA8AUdwPA17Ljw+ixo8lQaJPNwHXTw1S1Q8S5uTPEZR
fTyDwlc8mi5OPOLRajyD4Gs8QbRdPMI5Wjz55Gw8dWlbPB1zbzyGAIw8uh2LPDiFTjy9CV08
Vd1kPJmZgjwKRXs8JpxtPC5HRjx0/1085phXPFXKIzwa9FA8ScpbPBBHjTzcyEw8k1BLPGCs
UjwZbYU8D9hEPFJyhjzi+Wo8nUAhPOWYOjxuCWE8tywjPFTkQjyrvkk8a685PGaTezwEkXQ8
1pt1PKiObjxPszQ8LCyFPCa+Hjx/2Hg8D16PPBi0ZDw6fFk8vU9JPPTwdzynV2A8QVdIPDox
SzyxOEs8AItCPE/Bazya1jY8dSBePNl7Zjy8OnI8Iz8gPMpLfDwYA2A8DVtTPOjlRDxMKGo8
7JE0PC91NjyuS5g8w0xbPJU8Yjxkyn88LH2FPNdcaDxPgnE8XKNMPHk+LzxyGV48Sa9oPDpx
iDyB7WE8peCGPEeMeDyHKIY8Z6YiPCZYdzwWc288k7FgPFh3XDzLt4I88RdxPHX1iDwTbgI8
xcE4PMaJYTy48Tk8T3owPPfdfDxoN1k8Ee9wPIBtFzxvojc8RxpJPBqJVDwxv2M85BtiPE4W
ajwBh008twZGPIW6Sjxg5RE8asRFPEttLzx1wT88DE5wPMQVdzwm6mM8EnMPPKN/ezwVZWk8
GTdJPDstcjx1F1A8rU4MPJ40Yjwc2k08ORdAPDMIeDxYt1Q80fw2PGyNYTxW4ls8IJeyO8WC
cDwAXoQ81Z5IPOhghTwEnEE8NPRFPPipYDywz2s8NMlmPJpFOTxCUIA8yvoMPDTYGTzpJ3k8
DL0gPFpoUTx9o308BfZAPOI2IzxOYVk8FHk+PJr+NzyYlYQ8KolUPGT7YDwCMlU8cG16PPJ2
gzxuXTU8H7aTPA1eRDyaoVw8/kVOPOFLkzzxSUU8AgBcPHqRhTxU7X88FNAiPG1BSTx0hF08
gg95PENWIjz2H3k8RixDPFDLNDw+l308abx8PKv1gTx9SDE8jJ07POEQXjyRJoE8SkxnPPDQ
gTxJAYY8hO1NPPWJXjzMhlw8ZrM2PEXuaDxEsGg84pl9PJmqQjzHb0s8I487POJujzzA4lc8
My1MPCNabzyTS0o8x64yPAZqcDytaGY8J2R2PNALgTzmn3Q8nIBlPOxnODyyOkE8MI5fPGVT
IzzcF4g8XUpWPCz4iTyaxj48JzQ2PCqiKjwE6o887eaAPP5XRzxTlVg8yIaMPBZBOjyeYmg8
XARsPOSnYTy59zQ8IlEtPAPTUTx3roQ8uur5OyJqPjwnUoo8sftHPNaycjwPr4Q8bIAYPEMX
RjwP8ko8V5YrPPQpIDyGLUc8qNFnPCfAhzxb8xY8hkxuPEEuYTxjMYM8BgJHPGAKbjxtvoM8
HPg9POddlTwS7WU80ycmPBb2WDxStYY8bnqDPNIQTjyeAGA8Vm9ZPKaQJDzvG0o8ueSLPFcG
WjxER0c884tLPKW2TjyMbZE8YBRpPK4KVjzh6D88RxwoPGoHUTz7Yyc8rTBzPBhTOjzZw3s8
NS5JPIEnbDy9AUY8w65IPNwHWDwuCnY8O0U/PGR6FjxOT4E8ApVYPJE4RjxrG1k8z7dkPDbj
TzxolDE8kZ5aPBJcdjxsams8c31dPJV1IjwbMkE8L3VYPNUlVzz+L3k8dsR9PIMQfTwBTDc8
CUJiPJR1RDx94T08BlJAPIE2azwlAxk8+adEPDpPUzxY31s8+L5gPHVBSDwKwGE8d29qPJa1
VDyUOkU8vPNKPFwMUjyFd308TON+PNpTSjzI00w8S1wlPKjGXjwwLDo8++YiPJMoYDyXeX88
/443PNPXMzwE/Sg8Yn9JPPajMTyqH3U843xLPF90LjxG50g81OBlPLxONzyWZWw8xcxMPHg5
Yjx5zlQ8GRl5PMGKHzwIL3s8hLIwPIj6LzzUj4A8L1ZmPLSPWTzCFnk8U8lVPOHhgzy1v3g8
gAF0PPuebjw9fFM822RePFGrIDzyc208DtxyPHQGZjyVg1M8IR45PAwxhTy8T048faZPPBxY
fjx1o0U8qtB4PMRDVzwPIDk8VEhbPMN5Yjy44FI80gE3PK4GczzcY1Q8I5g+PMtJQDzbs+47
CShmPKX/cTxF0Fc8XbY4PBKyezx+VU08YyNJPAN7BzxuwTU8NeJrPJU6Zjwfp1Y8FJ4/PCyv
PDwQ9jc8LceAPED8czzEdmk8ekk7PInWWDzrUHM86jqDPIrvSzwH4oQ8wv5NPOFwWTw2vVM8
CqqJPEJhdzzXUU88ZQgmPNSObzw/ozs8vgMJPASRWDyxVnU8UxCJPPZFWTxZV4A8KDtbPALU
UjwJGjs88Ao4PBKgRzwQSow8FP4+PGLKZDwTNxw8OUsGPM8uUjwZLCk8TgJQPOJ8Rjx6dGw8
ALI+PFPFUDzpd0o8XBI0POXpdjwDbVw8Rhs+PJh6MzwtvVU8vOZ9PP+ARDxUzHY8de9UPLid
Tjx352Q8LkI9PLiSTDwgmTQ8OYqFPPdpRDwDF0s8cnNNPE6FeTyY5S886x1vPE6vOzwV/lc8
tqNwPD0jXDwGJeQ7/uAtPC6YOTwjBXI8ZHQhPDT8gTy9UWQ8AiJiPJZXSzzagXs8NOxNPNP4
fzzhaoY8unA0POzHkDwpMks85xJJPLVNSDw5Ql48/OM1PMpbfTwBOYI8JdKbPKDpVjwoP0k8
S61BPA2qgjx0xHk8SRWEPEQxQzzET108gFptPCovcDzTUV48b+lHPEr9PDx9cFI8dZNoPEwM
kzxZy4I8ZCWGPBchYzyj/uk7JcVuPHiaQTyKkV48Xa2CPBStazzKdk88KXtJPP5RLTwy+zA8
7mZNPBPDTTxNy208Lv5YPGEBcjysV1Y8KChkPDCYXjzBeY48lGkiPIm6Tzw5fk884y0+PIjR
VzyYo0s8Wd8sPHLpMDwm0Zk8/sKDPMUzdjyplzU8wvpZPNu8ezwn/mk8HAFOPC6rPTyo90Y8
9J5HPLY5UDxBwWw8Ay16POQpSTy3z4Q8xRcqPAZTPjxGp0s8</AssayYData></Step><Step><CommonData><SampleLocation>2</SampleLocation><SampleID>10mM Glycine pH1.7</SampleID><SampleGroup></SampleGroup><SampleInfo>or other Regeneration solution</SampleInfo><SampleRow>D</SampleRow><SamplePlate>1</SamplePlate><WellType>REGENERATION</WellType><Concentration>-1</Concentration><ConcentrationUnits>µg/ml</ConcentrationUnits><MolarConcentration>-1</MolarConcentration><MolarConcUnits>nM</MolarConcUnits><MolecularWeight>-1</MolecularWeight><Temperature>30.1</Temperature><StartTime>207730</StartTime><AssayTime>20</AssayTime></CommonData><FlowRate>1000</FlowRate><StepType>CUSTOM</StepType><StepName>condition</StepName><StepStatus>OK</StepStatus><ActualTime>19.999</ActualTime><CycleTime>0.2</CycleTime><AssayXData Points="100">AAA0QzMzNENmZjRDmpk0Q83MNEMAADVDMzM1Q2ZmNUNYmTVDi8w1Q77/NUPyMjZDf2o2Q5qZ
NkPNzDZDvv82Q/IyN0NmZjdDWJk3Q83MN0MAADhD8jI4Q2ZmOEOamThDzcw4Q77/OEPyMjlD
ZmY5Q5qZOUPNzDlDvv85Q/IyOkNmZjpDmpk6Q4vMOkO+/zpD8jI7Q2ZmO0OamTtDi8w7Q5YD
PEPyMjxDJWY8Q1iZPEPNzDxDAAA9Q/IyPUNmZj1DHZo9Q83MPUO+/z1D8jI+QyVmPkNYmT5D
i8w+Q77/PkPyMj9DJWY/Q5qZP0PNzD9Dvv8/Q/IyQEMlZkBDWJlAQ4vMQEMAAEFD8jJBQyVm
QUNYmUFDi8xBQ77/QUMzM0JDJWZCQ1iZQkOLzEJDvv9CQzMzQ0MlZkNDWJlDQyHQQ0O+/0ND
8jJEQyVmRENYmURDi8xEQ77/REPyMkVDqGZFQ1iZRUOLzEVDvv9FQzMzRkNmZkZDWJlGQ83M
RkO+/0ZDBDZHQ2ZmR0OamUdDi8xHQw==</AssayXData><AssayYData Points="100">iURqvneXRL7J2ia+ZKQLvrncAb6hcue9MHbuva/x7L3bNfG9lbPxvUdh972jDwS+gNgHvjZI
Cb4aEwm+LM0QvqIdE76ykxe+kjUbvkpRH77h3hm+xlggvllYJL5c9SO+H1snvvd5Kb6Sji2+
2QYtvlYjLL5K1jO+g801vrsvNr7okjm+ri85vj+cPL4CdDu+Ujo9vjvpPL7UREG+7FxCvngE
Rr72tki+3a5EvpaCSb7aZUe+fjtLvmqbRr6jY06+juNPvo9ZUr6M90++6D1UvomzVL4Dhla+
4H1Zvvz/V74BlVy+jcxaviHvXb5Arla+mZFZvlRNXr4J7Fy+1EJhvhpiYL7qUGa+r3FevjQQ
Zr4xKGW+7jhnvtMFZr62GGq+lIVovg2xaL6ZV22+W8ttvraibr4DjG++hkhwvm53c75/F3O+
0R9tvnFYcr4Pjm2+5hdwvu5kcL4jWHW+wWx1vktMdr7n+nO+yvR1vuO+eb4rp3q+6SN9vnDq
d77ODX2+k/d8vnXYfL4Mj36+MbeAvg==</AssayYData></Step><Step><CommonData><SampleLocation>1</SampleLocation><SampleID>Running Buffer</SampleID><SampleGroup></SampleGroup><SampleInfo></SampleInfo><SampleRow>D</SampleRow><SamplePlate>1</SamplePlate><WellType>BUFFER</WellType><Concentration>-1</Concentration><ConcentrationUnits>µg/ml</ConcentrationUnits><MolarConcentration>-1</MolarConcentration><MolarConcUnits>nM</MolarConcUnits><MolecularWeight>-1</MolecularWeight><Temperature>30</Temperature><StartTime>233413</StartTime><AssayTime>20</AssayTime></CommonData><FlowRate>1000</FlowRate><StepType>CUSTOM</StepType><StepName>condition</StepName><StepStatus>OK</StepStatus><ActualTime>20</ActualTime><CycleTime>0.2</CycleTime><AssayXData Points="100">vv9HQ/EySEPjZUhDWJlIQ4vMSEO+/0hDsDJJQyRmSUNYmUlDi8xJQ77/SUOwMkpDK2dKQxaZ
SkOLzEpDfP9KQ/EyS0MkZktDWJlLQ4vMS0N8/0tD8TJMQ+NlTEMWmUxDi8xMQ77/TEOwMk1D
JGZNQxaZTUOLzE1Dvv9NQ/EyTkMkZk5DFplOQ4vMTkO+/05D8TJPQyRmT0MWmU9DDs1PQ3z/
T0OwMlBDJGZQQ1iZUEOLzFBDfP9QQ7AyUUMrZ1FDFplRQ4vMUUN8/1FDsDJSQzFoUkNYmVJD
ScxSQ3z/UkPxMlNDJGZTQxaZU0NJzFNDvv9TQ7AyVEPjZVRDWJlUQ0nMVEOPAlVDsDJVQ+Nl
VUMWmVVDScxVQ3z/VUOwMlZD42VWQxaZVkOLzFZDfP9WQ7AyV0PjZVdDWJlXQ0nMV0N8/1dD
8TJYQyRmWEMWmVhDScxYQ3z/WEOANVlD42VZQxaZWUNJzFlDfP9ZQ7AyWkPjZVpDWJlaQ0nM
WkN8/1pDMzNbQ+NlW0MWmVtDi8xbQw==</AssayXData><AssayYData Points="100">ZxzhvERHh730+Jy9jw+zvXU+u71becC9VVC8vemtv723Cba96DmyveP+vL1k/ra93XyovSQ9
qr2F/Ki9y6SovZqQsL0B15i9FSWfvZ+Fnb2AGJ69KfKavaSQl71VXpa9DiCbvdbOlb3wOZC9
5IyTvZOFlb2ML4+9xtGKvSCSkL1KWY69leOMvdcrir19uIa94CWHvSnbiL2gy4W9gLGAvdJC
hL0wEoW93ZGIvdTzhb2emYW93X5/vQGeeb3zlYK91CN+vc6kf70eKYO9tsB4vZ7hf71n/W+9
pnCBvWMncr2ZD2+9uRN1veOtgb1UzHK9WdZ4vf1gd71Va2e9fbZovTgnbb00NWO96kJ6vefO
dr0rT2S9liByvUKPcb0ln2u94dhevdJVX72TIHC9XjNrvbUDYb3st2q95RRrvRu2Yb0FyGS9
t21kvR/sb73yOGO90LhwvXH9aL1aJFq9DeJYvbf4Vb1nIle9nY9jvQ94WL1I8Fm9EsttvSYO
VL0RA1y92y5evbI0U70YN2G9SlZbvQ==</AssayYData></Step><Step><CommonData><SampleLocation>2</SampleLocation><SampleID>10mM Glycine pH1.7</SampleID><SampleGroup></SampleGroup><SampleInfo>or other Regeneration solution</SampleInfo><SampleRow>D</SampleRow><SamplePlate>1</SamplePlate><WellType>REGENERATION</WellType><Concentration>-1</Concentration><ConcentrationUnits>µg/ml</ConcentrationUnits><MolarConcentration>-1</MolarConcentration><MolarConcUnits>nM</MolarConcUnits><MolecularWeight>-1</MolecularWeight><Temperature>30</Temperature><StartTime>259075</StartTime><AssayTime>20</AssayTime></CommonData><FlowRate>1000</FlowRate><StepType>CUSTOM</StepType><StepName>condition</StepName><StepStatus>OK</StepStatus><ActualTime>19.999</ActualTime><CycleTime>0.2</CycleTime><AssayXData Points="100">v/9bQ/IyXEMlZlxDWZlcQ4zMXEO//1xD8jJdQyVmXUNZmV1DjMxdQ7//XUPyMl5DJWZeQ1mZ
XkNKzF5Dv/9eQ/IyX0MlZl9DWZlfQ0rMX0MBAGBDsTJgQ+RlYENZmWBDjMxgQ7//YEPyMmFD
JWZhQ1mZYUOMzGFDff9hQ/IyYkPkZWJDWZliQ4zMYkN9/2JDsTJjQ+RlY0NZmWNDjMxjQ7//
Y0OxMmRDJWZkQxeZZENKzGRDff9kQ/IyZUMlZmVDF5llQ0rMZUN9/2VD8jJmQ+RlZkMXmWZD
jMxmQ33/ZkPyMmdD5GVnQxeZZ0Mbz2dDff9nQ7EyaEPkZWhDF5loQ4zMaEO//2hDsTJpQ+Rl
aUMXmWlDjMxpQ7//aUPyMmpDJWZqQxeZakNKzGpDff9qQ/Iya0PkZWtDF5lrQ0rMa0N9/2tD
sTJsQ+RlbEMXmWxDSsxsQ7//bEPyMm1D5GVtQxeZbUNKzG1Dff9tQ7EybkPkZW5DF5luQ0rM
bkO//25DsTJvQ+Rlb0NZmW9DSsxvQw==</AssayXData><AssayYData Points="100">Unynvog9kL7sLne+bDRlvhnMTr6g60e+KGdIvuIWSb4QMki+NQJHvoLfSL7c2ky+woZNvj5U
Ub4lIVa+QuNTvkZhWL4C8VO+nlNbvjUEXL5wMWG+Kl9hvmP6Xb6fxWG+EqBjvmkdZ77uTmi+
SJNovkb7ab45h2q+dCRpvp5wbb7lYW++S5Ftvv9Jcr6s5nC+tFpuviJ0cb4HqnW+iHh5vsug
eb7wMXi+eWR7vmWPfL7Fqnq+qfx8vpOXd75upX2+xsR+vt68fb40GYG+bNCAvjPogb7spn++
aliCvjVhgb4WxoO+mayDvoD/g76RlYK+JBuDvhXmhb4mDoW+cMCDvj9Xhb5eFYa+2iGGvkXF
hb6C6oa+jbeGvhosiL7DjIS+RWyGvkBoib7lPIu+NzGIvnoRiL42A4y+3NqIviQ2ib5+BIq+
ROeKvrfQir78Toq+S0aLvk6oi77wK4u++umLvkyGjr4mDoy+bUONvmvCjr60Moy+qdyPvlEP
jr4BDI2+e+ONvqgujr6v9I6+662Pvg==</AssayYData></Step><Step><CommonData><SampleLocation>1</SampleLocation><SampleID>Running Buffer</SampleID><SampleGroup></SampleGroup><SampleInfo></SampleInfo><SampleRow>D</SampleRow><SamplePlate>1</SamplePlate><WellType>BUFFER</WellType><Concentration>-1</Concentration><ConcentrationUnits>µg/ml</ConcentrationUnits><MolarConcentration>-1</MolarConcentration><MolarConcUnits>nM</MolarConcUnits><MolecularWeight>-1</MolecularWeight><Temperature>30</Temperature><StartTime>284742</StartTime><AssayTime>20</AssayTime></CommonData><FlowRate>1000</FlowRate><StepType>CUSTOM</StepType><StepName>condition</StepName><StepStatus>OK</StepStatus><ActualTime>20</ActualTime><CycleTime>0.2</CycleTime><AssayXData Points="100">ff9vQ7AycEOiZXBDF5lwQwjMcEM7/3BDbzJxQ6JlcUPVmHFDSsxxQ33/cUOwMnJD42VyQ9WY
ckMIzHJDO/9yQ7Ayc0OiZXNDF5lzQ0rMc0N9/3NDsDJ0Q+NldEMXmXRDCMx0Qzv/dENvMnVD
42V1Q9WYdUMIzHVDff91Q28ydkPjZXZD1Zh2Q0rMdkN9/3ZDbzJ3Q6Jld0PVmHdDSsx3Q33/
d0OwMnhDomV4Q1iZeEMIzHhDO/94Q28yeUOiZXlD1Zh5QwjMeUM7/3lDsDJ6Q6JlekPVmHpD
CMx6Qzv/ekNvMntDomV7Q9WYe0NKzHtDO/97Q28yfEOiZXxD1Zh8QwjMfEM7/3xDsDJ9Q6Jl
fUPVmH1DCMx9Qzv/fUOwMn5DomV+Q9WYfkMIzH5DO/9+Q28yf0PjZX9DF5l/Q0rMf0M7/39D
WBmAQ/EygEOLTIBDJGaAQ75/gENYmYBD8bKAQ4vMgEMk5oBDvv+AQ1gZgUPxMoFDakyBQyRm
gUO+f4FDWJmBQ/GygUOLzIFDJOaBQw==</AssayXData><AssayYData Points="100">3MP4vIQqiL0RQ7a9wLrNvZ+6273wGOK9AlDWvbOB0L2OJtG9mPbTvbAi0L3Be8W9KtLIvWRu
zL1jfsK9JSDEvUcTwL3/0r69d1vCvUQ+u7048K295V2xvfLMsb1wnbW9v1qzvf+XuL3Hm7G9
daavvZShtr2CTrS9vOytvfM6q70sUrC986CsvdCOr70aH6+9pXOtvaOGq70Egqq9vt2ovbEE
or32Kam9NyqjvS0Vor37iqC9QOShvarfpb2pGZu9Iyafvevenb0Uqpy9O+ecvep3ob26x5m9
7GOivX6hpL1rE569BrihveInoL3WCKe9ZhecvapWmr11gJ+9qmuhvc4Cl713UpC9LvibvewG
l70ePZq9eQubvYkrk71qvp29lhGVvdP9nb2PCJi9asCUvekDmL2DxpO93WGavSUGl713vqa9
RcWQvWtkl70LGpy94FGRvUwwm710t5q9BXabvTzwoL1WVpS9dP2UvS5xjr2IT5W9Bc+QvTwV
kr3jVJW9ajqSvTEKkr0UQJe9XimZvQ==</AssayYData></Step><Step><CommonData><SampleLocation>2</SampleLocation><SampleID>10mM Glycine pH1.7</SampleID><SampleGroup></SampleGroup><SampleInfo>or other Regeneration solution</SampleInfo><SampleRow>D</SampleRow><SamplePlate>1</SamplePlate><WellType>REGENERATION</WellType><Concentration>-1</Concentration><ConcentrationUnits>µg/ml</ConcentrationUnits><MolarConcentration>-1</MolarConcentration><MolarConcUnits>nM</MolarConcUnits><MolecularWeight>-1</MolecularWeight><Temperature>30</Temperature><StartTime>310554</StartTime><AssayTime>20</AssayTime></CommonData><FlowRate>1000</FlowRate><StepType>CUSTOM</StepType><StepName>condition</StepName><StepStatus>OK</StepStatus><ActualTime>19.998</ActualTime><CycleTime>0.2</CycleTime><AssayXData Points="100">3/+BQ1gZgkPxMoJDi0yCQwRmgkO+f4JDWJmCQ/GygkNqzIJDJOaCQ77/gkOZGYND8TKDQ2pM
g0MkZoNDnX+DQzeZg0PxsoNDasyDQwTmg0O+/4NDNxmEQ/EyhEOLTIRDJGaEQ51/hENYmYRD
8bKEQ+3MhEME5oRDnf+EQzcZhUPxMoVDi0yFQwRmhUOdf4VDWJmFQ/GyhUNqzIVDBOaFQ77/
hUM3GYZD0DKGQ4tMhkNFZoZDnX+GQzeZhkPxsoZDasyGQwTmhkOd/4ZDNxmHQ9Ayh0NqTIdD
BGaHQ51/h0NYmYdD0LKHQ4vMh0ME5odDnf+HQzcZiEPQMohDi0yIQwRmiEO+f4hDN5mIQzOz
iENqzIhDJOaIQ77/iEM3GYlD0DKJQ2pMiUMEZolDnX+JQzeZiUPQsolDi8yJQwTmiUOd/4lD
NxmKQ9AyikNqTIpDBGaKQ51/ikM3mYpD8bKKQ2rMikME5opDnf+KQzcZi0PQMotDakyLQwRm
i0Odf4tDWJmLQ/Gyi0PSzYtDBOaLQw==</AssayXData><AssayYData Points="100">dwe5vkkknr5YCYu+7RWBvpWTcr7ud2m+aCxtvvQua76CDGm+QiVrvkJbbb75V26++0Byvrgb
d74zlXe+tq93vrJRf75HOny+s92AvrmRfr4dJ36+m3GDvhdhg74mM4O+aeqEvuAhg75AN4a+
CqmEvqpFh74qV4e+PN+Hvuo+ir6Uyom+ntKIvviOib5AS4m+PvuKvqOAi76LwYm+PcSMvsMs
jL4RaIu+RA6Mvl6vkL44aY6+qyOPvvREjb7U2o++ANKOvl2Yj77/UI++V7aRvmQ1kr4kTJG+
Ao+Svj+Gk74gO5O+5gyTvtGRk779VJK+4HOTvglEk76kX5O+mCOUvv9Dk76TYJS+yQyWvrPF
lr59Z5e+amKUvnuqlr56AJi+/u2WvsXzlr4b55W+cIaXvqZTl75qHJq+pRubvtxlmr4P4Jm+
0VyXvv98mb5595m+u8CZvjDHmb75opm+eieavkkem74BCZu+G3ubvicmm74JzJy+6daavhHY
mr7py5y+DBqevvO1nL6VdJy+anudvg==</AssayYData></Step><Step><CommonData><SampleLocation>1</SampleLocation><SampleID>Running Buffer</SampleID><SampleGroup></SampleGroup><SampleInfo></SampleInfo><SampleRow>D</SampleRow><SamplePlate>1</SamplePlate><WellType>BUFFER</WellType><Concentration>-1</Concentration><ConcentrationUnits>µg/ml</ConcentrationUnits><MolarConcentration>-1</MolarConcentration><MolarConcUnits>nM</MolarConcUnits><MolecularWeight>-1</MolecularWeight><Temperature>30</Temperature><StartTime>336358</StartTime><AssayTime>20</AssayTime></CommonData><FlowRate>1000</FlowRate><StepType>CUSTOM</StepType><StepName>condition</StepName><StepStatus>OK</StepStatus><ActualTime>20</ActualTime><CycleTime>0.2</CycleTime><AssayXData Points="100">nv+LQxcZjEOwMoxDSkyMQwRmjEOef4xDF5mMQ7CyjENKzIxD5OWMQ33/jEM4GY1DsDKNQ1BN
jUMEZo1Dnn+NQxeZjUOwso1Da8yNQ+TljUOe/41DOBmOQ9EyjkNKTI5D5GWOQ31/jkM4mY5D
sLKOQ2vMjkME5o5Dff+OQxcZj0OwMo9Da0yPQ+Rlj0N9f49DOJmPQ9Gyj0NrzI9DBOaPQ57/
j0M4GZBDNDOQQ2tMkEMEZpBDv3+QQziZkEP+tJBDa8yQQwTmkEOe/5BDOBmRQ9EykUNrTJFD
BGaRQ55/kUM4mZFD0bKRQ2vMkUME5pFDnv+RQzgZkkPRMpJDa0ySQ+RlkkOef5JDOJmSQ9Gy
kkNrzJJDBOaSQ57/kkMXGZND0TKTQ0pMk0MEZpNDnn+TQziZk0PRspNDv8+TQwTmk0N9/5ND
OBmUQ9EylENrTJRD5GWUQ55/lEMXmZRD0bKUQ2vMlEPk5ZRDnv+UQ7sZlUPRMpVDa0yVQwRm
lUOef5VDOJmVQ9GylUNKzJVDBOaVQw==</AssayXData><AssayYData Points="100">RpVwvaxpw73TYdm9XaHtvZ/R970zS/O9xH3xva6V9b0Aeuq9AQz0vSls8L3tKuK9bibnveCM
4r34EuK9Rq7VvRRg3L3aQti9khDVvVxT1b1ra9m9gffRve6Bzr05sNK9e5vRvbqN072ni9K9
1OfLvYBwyr2ez8a99ynOvRYBzb3RHMq96oDIvfNvyr3jbMi90g/Jvd1hxL3V5MO9e53EvR5y
xr07NMG9IpG6vetZv71zZMW96BHDvTS0v73Z3sS9LL3CvYg4w71nLr69TsHDvYtpu70vKLm9
jFS9vfLOu73fqri9mUG8vWGYtr2BQr69Rxy4vQ8Btr3/qrW9UGjBvWlmuL2JL8G9+/6zvbnZ
tL0rt769NBm9vdKTtb2PWLS9h2ezvaIYtr0+TLa9YhC0ve1juL10zbi9x0O1veRNtL1eEra9
Qcm3vVK9sr1m7a69N42vvYpkr73w8ay97uazvf0dub0PJbm9Zkmtvb7Orb1GPam9CzStvYjG
tb0bKLS9x8+tvY2oq7097Ku9L/itvQ==</AssayYData></Step><Step><CommonData><SampleLocation>3</SampleLocation><SampleID>Running Buffer</SampleID><SampleGroup></SampleGroup><SampleInfo></SampleInfo><SampleRow>D</SampleRow><SamplePlate>1</SamplePlate><WellType>BUFFER</WellType><Concentration>-1</Concentration><ConcentrationUnits>µg/ml</ConcentrationUnits><MolarConcentration>-1</MolarConcentration><MolarConcUnits>nM</MolarConcUnits><MolecularWeight>-1</MolecularWeight><Temperature>30</Temperature><StartTime>362533</StartTime><AssayTime>120</AssayTime></CommonData><FlowRate>1000</FlowRate><StepType>BASELINE</StepType><StepName>Baseline 120</StepName><StepStatus>OK</StepStatus><ActualTime>120</ActualTime><CycleTime>0.2</CycleTime><AssayXData Points="600">nv+VQxcZlkOwMpZDa0yWQwRmlkN9f5ZDF5mWQ9GylkNKzJZD5OWWQ33/lkM4GZdD0TKXQ0pM
l0PkZZdDnn+XQziZl0OwspdDSsyXQ+Tll0N9/5dDFxmYQ7AymENKTJhD5GWYQ55/mEMXmZhD
sLKYQ2vMmEPk5ZhDff+YQzgZmUOwMplDSkyZQ+RlmUN9f5lDF5mZQ7CymUNKzJlD5OWZQ33/
mUMXGZpDsDKaQ0pMmkMEZppDfX+aQxeZmkOwsppDa8yaQyXmmkN9/5pDOBmbQ7Aym0NrTJtD
JWabQ55/m0M4mZtD0bKbQ2vMm0ME5ptDnv+bQzgZnEPRMpxDa0ycQwRmnEOef5xDOJmcQ/Ky
nENrzJxDBOacQ57/nEM4GZ1DsDKdQ2tMnUMEZp1Dnn+dQziZnUPRsp1Da8ydQwTmnUOe/51D
FxmeQ9EynkNrTJ5DBGaeQ55/nkM4mZ5D0bKeQ2vMnkME5p5Dff+eQxcZn0PRMp9Da0yfQ+Rl
n0Oef59DOJmfQ9Gyn0NrzJ9DBOafQ57/n0MXGaBD0TKgQ0pMoEPkZaBDnn+gQx2aoEPRsqBD
a8ygQwTmoEOe/6BDOBmhQ7AyoUNrTKFDBGahQ55/oUM4maFDsLKhQ2vMoUPk5aFDff+hQxcZ
okOwMqJDa0yiQwRmokN9f6JDF5miQ9GyokNrzKJD5OWiQ33/okM4GaNDsDKjQ0pMo0PkZaND
nn+jQziZo0PRsqNDa8yjQwTmo0Oe/6NDFxmkQ7AypENrTKRDBGakQ31/pEMXmaRDsLKkQ0rM
pEPk5aRDff+kQxcZpUPRMqVDSkylQ+RlpUN9f6VDOJmlQ7CypUNKzKVD5OWlQ33/pUM4GaZD
0TKmQ0pMpkPkZaZDnn+mQxeZpkOwsqZDSsymQ+TlpkOe/6ZDFxmnQ7Ayp0NKTKdD5GWnQ31/
p0M4madD0bKnQ0rMp0Pk5adDff+nQxcZqEOwMqhDSkyoQ+RlqEN9f6hDOJmoQ7CyqENKzKhD
5OWoQ33/qEM4GalDsDKpQ0pMqUMEZqlDnn+pQziZqUPRsqlDa8ypQwTmqUOe/6lDOBmqQ9Ey
qkNrTKpDBGaqQ55/qkM4mapD0bKqQ2vMqkME5qpDnv+qQzgZq0OwMqtDa0yrQwRmq0Oef6tD
OJmrQ9Gyq0NrzKtD5OWrQ57/q0N5GaxD0TKsQ2tMrEMEZqxDfX+sQziZrEPRsqxDSsysQwTm
rEOe/6xDFxmtQ9EyrUNrTK1DBGatQ55/rUM4ma1DsLKtQ2vMrUME5q1Dff+tQxcZrkPRMq5D
SkyuQwRmrkN9f65DOJmuQ7CyrkNrzK5D5OWuQ33/rkMXGa9DsDKvQ2tMr0MEZq9DfX+vQziZ
r0PRsq9DSsyvQwTmr0Oe/69DFxmwQ9EysENKTLBD5GWwQ31/sEMXmbBD0bKwQ2vMsEME5rBD
nv+wQxcZsUPRMrFDa0yxQ+RlsUN9f7FDF5mxQ9GysUNrzLFDBOaxQ33/sUM4GbJDsDKyQ0pM
skPkZbJDfX+yQxeZskOwsrJDSsyyQ+TlskN9/7JDOBmzQ7Ays0NrTLND5GWzQ31/s0M4mbND
sLKzQ0rMs0Pk5bNDff+zQzgZtEPRMrRDa0y0Q+RltEN9f7RDOJm0Q9GytENKzLRD5OW0Q33/
tEMXGbVD0TK1Q2tMtUPkZbVDnn+1QxeZtUOwsrVDSsy1Q+TltUN9/7VDFxm2Q7AytkNKTLZD
BGa2Q31/tkMXmbZDsLK2Q2vMtkPk5bZDIQC3QxcZt0OwMrdDa0y3QwRmt0N9f7dDOJm3Q9Gy
t0NrzLdDBOa3Q57/t0M4GbhD0TK4Q2tMuEMEZrhDnn+4QziZuEPRsrhDa8y4QwTmuEOe/7hD
OBm5Q9EyuUNKTLlDBGa5Q55/uUM4mblDsLK5Q2vMuUME5rlDnv+5QzgZukPRMrpDa0y6QwRm
ukOef7pDOJm6Q9GyukNrzLpD5OW6Q33/ukM4GbtD0TK7Q2tMu0MEZrtDnn+7QziZu0OwsrtD
a8y7Q+Tlu0Oe/7tDOBm8Q7AyvENrTLxDBGa8Q55/vEMXmbxDsLK8Q0rMvEME5rxDff+8QzgZ
vUOwMr1Da0y9QwRmvUN9f71DOJm9Q7CyvUNrzL1D5OW9Q33/vUM4Gb5D0TK+Q0pMvkPkZb5D
nn++QziZvkPRsr5DSsy+QwTmvkOe/75DOBm/Q7Ayv0NrTL9DBGa/Q6SAv0MXmb9DsLK/Q2vM
v0ME5r9Dnv+/QxcZwEOwMsBDa0zAQ+RlwEN9f8BDF5nAQ9GywENKzMBD5OXAQ33/wEM4GcFD
0TLBQ0pMwUPkZcFDnn/BQziZwUOwssFDSszBQwTmwUN9/8FDOBnCQ7AywkNrTMJDBGbCQ31/
wkM4mcJD0bLCQ0rMwkPk5cJDnv/CQxcZw0OwMsNDSkzDQ+Rlw0N9f8NDF5nDQ7Cyw0NKzMND
5OXDQ33/w0MXGcRDsDLEQ0pMxEPkZcRDnn/EQxeZxEOwssRDa8zEQ+TlxEN9/8RDFxnFQ7Ay
xUNKTMVD5GXFQ31/xUMXmcVD0bLFQ4zMxUME5sVDnv/FQzgZxkPRMsZDa0zGQwRmxkOef8ZD
OJnGQ9GyxkNrzMZDBObGQ57/xkM4GcdD0TLHQ/pOx0MEZsdDfX/HQziZx0PRssdDa8zHQwTm
x0Oe/8dDOBnIQ9EyyENrTMhDBGbIQ55/yEM4mchD0bLIQ2vMyEME5shDnv/IQzgZyUPRMslD
SkzJQwRmyUN9f8lDOJnJQ9GyyUNrzMlDBObJQ57/yUM4GcpD0TLKQ2tMykMEZspDnn/KQxeZ
ykPRsspDa8zKQ+TlykN9/8pDFxnLQ9Eyy0NKTMtDBGbLQ55/y0M4mctD0bLLQ0rMy0ME5stD
nv/LQzgZzEOwMsxD7kzMQwRmzEOef8xDOJnMQ7CyzENrzMxD5OXMQ57/zEM4Gc1D0TLNQ0pM
zUPkZc1DfX/NQziZzUPRss1Da8zNQwTmzUN9/81DFxnOQ7AyzkNKTM5D5GXOQ31/zkMXmc5D
E7POQ0rMzkPk5c5Dnv/OQxcZz0OwMs9DSkzPQ2dmz0Oef89DF5nPQ7Cyz0NKzM9D5OXPQ33/
z0MXGdBDsDLQQ2tM0EMEZtBDfX/QQxeZ0EPystBDa8zQQ+Tl0EPg/9BDFxnRQ9Ey0UNKTNFD
5GXRQ31/0UMXmdFD0bLRQ0rM0UME5tFD</AssayXData><AssayYData Points="600">QYjUvdP61L2nH9K9epvMvQcXyL1NDMe9kQPIvY9FxL01T9C92V/EvdUwx736A8a9OR3AvYNk
yb0Osr29nUTGvaTiwr2bu8C9lma6vQSxyL35/sW9DyHCvfkiwL1Liby9UYy9vWVAvb0kFL+9
ZAO8va/9wb0HHb297Iu6vYaUwL0c47+9ij69vcunvr3fery9Yna7vdtIw70kZru9xTm9vcoM
ur2ToLu9kGC/vQRpx72//by9qVbGvYYKvL1XBry9Dui6vWTnsb38Dr298ne8vfvpvr1Ytre9
s3S/vdX0tL3RqLm9a8q1vebkv70AubS9kSu5vdEfs71C7769bhixvWSHtr0jZr691Y+5vUUx
u70dGrq9rxy0vXIbt72gy7i9Jga5vaEOu70EHLO9jva2vYSzvb2Tv7S9me+yvWNMsb3Hx7e9
BUGwvQUUs72nL7K9Bmu2vc3nur1qtrW95Ti6vdlYtr2JOLe9l0mzvfUttb3KK7K9z3a4vdFn
tL2fibm9V5auvWqcsr2cd7i9VlSyvQfkrb32XrG9aKa+varNtb1xpbO9dgWzvTUgrr0eVrS9
kSa1vS/hs731iLS9kGyzvYmOsr1MQru9wsu0vSWSsb1H0bG9ToW1vcvzu72L86u9wuC2vZUc
sL1Zn6y967q2vbrHrr2a5am9QuWzvbeqsL1PWrG9b9KvvVI2sL1Jq7W9h3qvvcJttr0bl629
TeOwvQxDq70vo7K9oq+qvQ7Usr333LS9P5G1vbKJtr0gf6m9kIqqvfUCsL3TL6u9LwazvWSL
r72rDK+9lOKuverLr709WKu9U1KsvdBcpb0y2qu9G1GovVJNt72fsK29X5uxvTIbqr0k0Km9
IFOvvR2jq739wbW9iqawvfQpsb2b+LG9IRCkvd1qrr2hx629dQyxvZZ9rb1FKKu95UiwvSJR
qr36RbG9srCsvZyksb2TOqK9CleyvVngrr1qOaq9HG+2vZ1Wtb2W5Ka9BgKzvSUYuL1kRa69
5pCnvascq70rfqO9GQWvvTLgrr2Wv7S9mYusvfD+rL1sNKm9MT2hvWNUrL0GMau9ohypvQND
q70dgay9CvOuvf6dsL3OAqi9MrmmvSt0qr1kjKi9WkGmvaUiq711KrG9SyOovXvAq73wa6e9
0F6kvV5GrL2bzai9sISjvTogp70vmqW9GFKuveFKsL1TiKi9qjKmvX7mqb3bLKu9iKavvQun
p72asKa9ouCjvasBo71fK6+9d4asvQX9qL34Kam9bTWovcscrb0L9Ky9OsmnvdtTor0XAaW9
F4aovRKbqb15Wa29eSypvYzEqb1UVa29PompvTprq70Xo6a9d1SqvUv7rL35V6G9KhmrvbLh
q73MzKm9TGmnvcK4qL2Ik6e9opSxvf6ysb00jaS9T1arvY20r70euaC9qqymvS5Hrr2cm6e9
nButvYz1o70OCKK9sR+jvcrMqL3YCqu9PyOmvZ8yqL3Z4ae9mcamvV65p73wwqW92jSivW/I
pL1QO6u9XeGhvf42pb3F6qq9xyuovT4mpL2Y1aW9iGqnvWhDpL1mt6m9qiitvQJfp726jqu9
FrmnvfJrp73dXK69dYulvbAFpL16vaa9LsKkvQnCq71aba29Vt6nvQsRpb0U36G9ZNGkvTK1
or2mBae9uRasvS7Gor3EpJ+9YbepvefHpb1C3Ku9zCauvcvkpL0tsKy9H1CwvZX9pb1yr6m9
3xervdNKoL0Qc6a9T9ymvea5qL3WlKq9n6ChvRupp73GuJ69KWmlvexnn71yCp29+ryhvRS+
pb1ckqC96WakvXKPo71+kqu9/bKavVZwpb1TdJ69zCSlvc1QrL0FW6K9/l6kvUKaq72uIqy9
5Giivc/Go70CyKa9LIKcvdnqpr3fNqK9zS6pvSPAnr1iWKW9W++tvTb1ob0JUau9PRWdvYf1
oL1TMJu9Y3uivdMjpb3u9Ka970iivbu3qb0j8aC942yivUV2o718sae9gQGqvap6m72SI6G9
cISavf7LoL00gqS9LqGlvcR7or16lqG9nH2mvVPBob0F2ai90PqcvRJMr72IV6q9nVmivbZW
pb0CsaW9MEinvW5Qo71H9ai9m9WovZMjoL3Jgqm9teulvd+Yor1JXqW9f9KivfYYob2Dcaa9
Q76hvUtsob17IqG9sxajvQ42or00tKa9BIGevaGEor34tqC9AwmkvTaQq72UuKO9aAGlvT35
qL04fKG9CLOkvdeKp73dD5+9oCymvV/Qpb2KaJ29SE6hvdcOnL1EuaW97I6jvYxGnr1qIKC9
Po6kveBXo72+D6C9n1mgvVt8or1UpqG9qWSlvfrFnb0pSay94S2hvbyUn71aUKK93W+dvcjW
qr3kl5698NmcvatDoL05x6W9yOegvYrPn71chKC9Tm6jvcLDl72Mkp29a/qhvWXhpr3PWam9
UKSgvV9mpL2Bp6S9KkugvTxNpb2A7py9UfKhvSRcpL1+rqK9QQqgveJbo71AgaG9HXeivSy4
qb0zf5y9muynvXz9o73Hnp69IkmYvci2nL1wZaK9EFWgvQdxm71gtJ295yGZvXznnL2adqK9
rCmbvZwOor1T0aG9EZSovTGJmb2h5pW9SYGhvdmunL3G3aC97h+jvXJ6nb22G5y9NQCWvdAZ
nb1+Jpm9Ed6hvWhHor0Grpy9hDmfvVkvpL1YpZq9tuKovQwDob3ckJ29Ad+WvYjhnr33mJ29
hq2dvcRZoL2+jJm9n9GlvZpwob1rXp29LP+ive85mb0uS6C9HTqevTqlnr0wKJm9h6+fvcks
mb0B0529kEeYvRUYm734qai9lESevZ0ymb3U6qW9VP+gvQEfmL0DGqO9na6XvS43ob0G5KC9
7nObvTw4ob3eVZ29yAqWvfM3nb2WD569/ZedvbPym70PTaK9afSbvX6Mn70VBZ293kSYvfo5
o70N+py9TYOmvWm/pL3CzaK9T/ycvZHckr1yk5u9SySdvY5ynb08E5i9Dg2Xvf2snr0a/5G9
oV6dvU+gmb073qO9FieZvcosmb3dOpy9fGSfvVJEor0/JZ295fqUvQWpmb2yMpq9iX2UvQSL
nL0wg569U9mkvT4Qnb2M3Z691aWkvbM7pL1wRZm9ReqcvQRZm71I0qa9lW+dvYdGk71tsZi9
mK2dvdcmlb2SCJ+99hiovVw7mL1HNqC9</AssayYData></Step><Step><CommonData><SampleLocation>4</SampleLocation><SampleID>AB</SampleID><SampleGroup></SampleGroup><SampleInfo>in Running Buffer</SampleInfo><SampleRow>D</SampleRow><SamplePlate>1</SamplePlate><WellType>KLOAD</WellType><Concentration>2.5</Concentration><ConcentrationUnits>µg/ml</ConcentrationUnits><MolarConcentration>2500</MolarConcentration><MolarConcUnits>nM</MolarConcUnits><MolecularWeight>-1</MolecularWeight><Temperature>30</Temperature><StartTime>489491</StartTime><AssayTime>20</AssayTime></CommonData><FlowRate>1000</FlowRate><StepType>LOADING</StepType><StepName>Loading</StepName><StepStatus>OK</StepStatus><ActualTime>20</ActualTime><CycleTime>0.2</CycleTime><AssayXData Points="100">nv/RQzgZ0kPyMtJDSkzSQ7Vo0kN9f9JDOJnSQ9Gy0kNrzNJD5OXSQ57/0kMXGdNDsDLTQ2tM
00PkZdNDnn/TQxeZ00PRstNDa8zTQ+Tl00Oe/9NDFxnUQ7Ay1ENKTNRD5GXUQ55/1EMXmdRD
sLLUQ0rM1EPk5dRDnv/UQxcZ1UOwMtVDSkzVQwRm1UOqgdVDF5nVQ7Cy1UNKzNVD5OXVQ33/
1UM4GdZDsDLWQ2tM1kPkZdZDnn/WQxeZ1kOwstZDSszWQ+Tl1kN9/9ZDFxnXQ7Ay10NKTNdD
5GXXQ31/10M4mddDsLLXQ0rM10Pk5ddDff/XQz4a2EOwMthDSkzYQ+Rl2EN9f9hDF5nYQ7Cy
2ENKzNhDbefYQ33/2EMXGdlDsDLZQ0pM2UPkZdlDnn/ZQziZ2UPystlDa8zZQwTm2UOe/9lD
OBnaQ9Ey2kNrTNpDBGbaQ55/2kM4mdpDdbPaQ2vM2kME5tpDnv/aQzgZ20PRMttDSkzbQwRm
20Oef9tDOJnbQ9Gy20NrzNtDBObbQw==</AssayXData><AssayYData Points="100">aPiRvUY9Gr1GS5a7DM3hPHFFjD2K5N49pqoTPpfMMz4jtlc+6od/PslZkj4J96M+XSm2Pg/T
xj6du9g+A/joPkTk+D4+GAQ/mLIOP5SsFj8/sx4/tcklP9QeLj+O1DY/TjM+P06ART+NZ0w/
8YJVPzGBXD++umI/TQ1qP8j5cD900ng/mpN+Pwxbgj+X0IY/GHeJP0VojT8RUpA/pWWTP50e
lz+9WJk/YQydP5W5nz9/vKI/SuelP6gPqT/kh6s/etauP4q4sD+1YbQ/Xfe2PyfDuT9OF7w/
/cq+P8/kwD/R0MM/ZlfGP90ByT/kwss/shXOP9SZ0D/3IdM/7mjVP4jT1z+MkNk/h0TcP7ZQ
3j/LpeA/rXbiP5Uk5T9F4uY/M+7oP2vu6j/dQO0/VYDvP1mN8T8YrvM/qYX1Pxr19z+Nofk/
GHP7P3kU/T/+AP8/zJAAQFCsAUBAKAJAeGsDQPFsBEBL8ARAp+4FQPYXB0DJwQdA3z4IQNY2
CUDvFgpA/jQLQCvgC0CcqQxA2O8MQA==</AssayYData></Step><Step><CommonData><SampleLocation>5</SampleLocation><SampleID>AA</SampleID><SampleGroup></SampleGroup><SampleInfo></SampleInfo><SampleRow>D</SampleRow><SamplePlate>1</SamplePlate><WellType>BUFFER</WellType><Concentration>1.25</Concentration><ConcentrationUnits>µg/ml</ConcentrationUnits><MolarConcentration>1250</MolarConcentration><MolarConcUnits>nM</MolarConcUnits><MolecularWeight>-1</MolecularWeight><Temperature>30</Temperature><StartTime>516805</StartTime><AssayTime>60</AssayTime></CommonData><FlowRate>1000</FlowRate><StepType>BASELINE</StepType><StepName>Baseline 60</StepName><StepStatus>OK</StepStatus><ActualTime>59.999</ActualTime><CycleTime>0.2</CycleTime><AssayXData Points="300">nv/bQzgZ3EOwMtxDrEzcQ+Rl3EOkgNxDOJncQ7Cy3ENKzNxDBObcQ33/3EMXGd1D0TLdQ0pM
3UPkZd1DfX/dQxeZ3UOwst1DSszdQ+Tl3UN9/91DFxneQ9Ey3kNrTN5D5GXeQ31/3kMXmd5D
sLLeQ2vM3kPk5d5Dff/eQzgZ30PRMt9Da0zfQwRm30Oef99DOJnfQ9Gy30NrzN9DBObfQ57/
30NYGeBD0TLgQ2tM4EMlZuBDnn/gQziZ4EPRsuBDa8zgQwTm4EOe/+BDOBnhQ9Ey4UNrTOFD
BGbhQ55/4UM4meFD0bLhQ2vM4UME5uFDff/hQzgZ4kPRMuJDSkziQ+Rl4kOef+JDOJniQ9Gy
4kNrzOJDBObiQ57/4kM4GeND0TLjQ2tM40MEZuNDnn/jQziZ40OwsuNDss3jQwTm40Oe/+ND
OBnkQ7Ay5ENrTORDBGbkQ55/5EMXmeRD0bLkQ0rM5EME5uRDnv/kQzgZ5UOwMuVDa0zlQwRm
5UN9f+VDOJnlQ9Gy5UNKzOVD5OXlQ33/5UMXGeZDsDLmQ2tM5kMEZuZDnn/mQxeZ5kPRsuZD
SszmQ+Tl5kN9/+ZDFxnnQ7Ay50NrTOdD5GXnQ55/50M4medDsLLnQ2vM50Pk5edDff/nQxcZ
6EPXM+hDa0zoQ+Rl6EN9f+hDF5noQ9Gy6ENKzOhD5OXoQ0IA6UM4GelDsDLpQ0pM6UPkZelD
fX/pQxeZ6UOwsulDjMzpQ+Tl6UOe/+lDFxnqQ7Ay6kNKTOpD5GXqQ31/6kMXmepDsLLqQ83M
6kPk5epDff/qQxcZ60OwMutDjEzrQ+Rl60N9f+tDF5nrQ7Cy60NKzOtD5OXrQ33/60MXGexD
0TLsQ0pM7EMEZuxDfX/sQxeZ7EOwsuxDSszsQ+Tl7EOe/+xDOBntQ9Ey7UNrTO1DBGbtQ55/
7UM4me1D0bLtQ2vM7UME5u1Dnv/tQzgZ7kOWM+5Da0zuQwRm7kN9f+5DOJnuQ9Gy7kNrzO5D
BObuQ57/7kM4Ge9D0TLvQ2tM70MEZu9Dnn/vQziZ70PRsu9Da8zvQwTm70OkAPBDOBnwQ9Ey
8ENrTPBDBGbwQ31/8EM4mfBD0bLwQ1DN8EME5vBDff/wQxcZ8UOwMvFDa0zxQwRm8UOef/FD
OJnxQ9Gy8UNKzPFD5OXxQ57/8UMXGfJD0TLyQ2tM8kMEZvJDfX/yQziZ8kPRsvJDSszyQwTm
8kN9//JDFxnzQ9Ey80NrTPNDBGbzQ55/80M4mfND0bLzQ0rM80MK5/NDff/zQxcZ9EPRMvRD
a0z0QwRm9EN9f/RDOJn0Q7Cy9ENKzPRDBOb0Q57/9EM4GfVD0TL1Q2tM9UMEZvVDnn/1QziZ
9UOwsvVDjMz1Q+Tl9UN9//VDFxn2Q7Ay9kNKTPZD5GX2Q31/9kMXmfZD0bL2Q0rM9kME5vZD
ff/2QzgZ90OwMvdD0033QwRm90N9f/dDOJn3Q9Gy90OSzfdDBOb3Q33/90PBGvhDsDL4Q0pM
+EMEZvhDfX/4QxeZ+EOwsvhDSsz4Q+Tl+EN9//hDFxn5Q7Ay+UNrTPlD5GX5Q31/+UMXmflD
sLL5Q0rM+UPk5flD</AssayXData><AssayYData Points="300">JpM6QPkIPUDdMz5Ac6U+QLT2PkCfJD9Ad24/QB+zP0ApqD9AOsQ/QP+zP0D8gj9ATqE/QC9j
P0CvnD9AY2c/QDbCP0AGcj9Ah60/QDhjP0BtiT9AS68/QAxpP0CbjD9AQW4/QCOvP0DBjD9A
Fpo/QK5CP0CQjD9AG9c/QMCWP0AoeT9A94c/QOKXP0BEbz9Aemo/QEeeP0Aj3z9AWH4/QI9v
P0AseT9ASkU/QFirP0CDbz9A8Xw/QC51P0DZeT9AA1s/QDSEP0D9WD9ABXQ/QBYxP0BXxD9A
T1o/QLNxP0AEVD9At0E/QGsjP0DFKD9AUZs/QAMtP0Dgfz9AiSo/QJWRP0Alej9AIDo/QJXu
PkCtAj9AiRg/QPofP0BEBj9ADjY/QKsIP0B9ED9ARkM/QFNoP0D75D5AqDg/QB8UP0BNPz9A
/gw/QFwxP0DdGD9AkM8+QLbQPkA36j5AHQ0/QFwbP0BU5D5A4gM/QDvHPkCL8D5Autw+QKUI
P0DUzD5AnuA+QNjqPkBnwT5AttE+QF0UP0DT4T5APs0+QDWXPkCP5z5A45U+QFWgPkCyzD5A
nNY+QK/JPkCezz5ADNY+QPimPkAecD5A8Mc+QIOOPkBEoD5Alxc/QBOJPkB1sT5Ajpk+QD2N
PkAOYz5A8qY+QJeGPkBosj5AsYQ+QEmTPkDhIj5Ah3Y+QBVjPkAuGD5AcS0+QLtcPkC/Wj5A
JVg+QIlvPkChbT5Axlg+QJRQPkC/Sz5A6CU+QGr6PUBNRD5AKhw+QKhDPkB39j1Ajj4+QDkn
PkCwJD5AKk4+QFZFPkDfHj5AO0Q+QEEzPkBASD5AOAU+QIMCPkDK4D1A6tQ9QLf6PUD34D1A
pe49QJLZPUD8Cz5APOs9QBn1PUDg7D1Awf89QILgPUB77T1A3rI9QPvTPUDN7D1Ac5Y9QIq7
PUB47z1AcrY9QBHOPUADuj1AQrU9QNa/PUBzZz1A7709QNaPPUCRwD1AzKg9QPOBPUCxfj1A
t289QG5JPUAddD1A4z09QHiVPUBjbz1AI3k9QGc0PUDEhj1Ahlk9QHRePUA7UT1A9Gk9QJRv
PUBpdD1A6289QHkfPUCPWD1AVl49QK1NPUBsaT1AYWE9QONUPUCiJz1A9AM9QIA3PUD9bD1A
7iQ9QOoSPUCqGj1Amf88QMLpPEBixzxAxSc9QLYyPUDLFT1A6+o8QITPPEBj1zxAxc88QPfk
PEBV6DxAuNI8QDvYPEDI4TxA/Lk8QJ7yPEDE4TxAxos8QKl6PEApCj1A+NA8QI6NPEC2kDxA
qZ88QAGKPEChvjxAX3A8QCuRPEBs0jxABng8QEvOPEBEfjxAJos8QBa8PEAvfzxA0p08QLWJ
PEAUgzxACmM8QMeSPECqmjxAtnU8QLtfPEBoRjxASlo8QHc6PEDwdDxAgVk8QPR6PEBOWTxA
JxQ8QOlEPECLVTxAsTI8QPE6PEDpgjxAAys8QHQiPEAH1TtAdew7QIMXPEBlSDxABRM8QIRG
PEDL5TtAeRg8QFcIPED8GzxAcso7QJwCPEB/+TtAGsA7QE4JPEA5HDxA66E7QETKO0DG6ztA
Fv47QDTsO0DnBjxA</AssayYData></Step><Step><CommonData><SampleLocation>6</SampleLocation><SampleID>Running Buffer</SampleID><SampleGroup></SampleGroup><SampleInfo>in Running Buffer</SampleInfo><SampleRow>D</SampleRow><SamplePlate>1</SamplePlate><WellType>BUFFER</WellType><Concentration>-1</Concentration><ConcentrationUnits>µg/ml</ConcentrationUnits><MolarConcentration>-1</MolarConcentration><MolarConcUnits>nM</MolarConcUnits><MolecularWeight>-1</MolecularWeight><Temperature>30</Temperature><StartTime>584648</StartTime><AssayTime>20</AssayTime></CommonData><FlowRate>1000</FlowRate><StepType>BASELINE</StepType><StepName>Baseline 20</StepName><StepStatus>OK</StepStatus><ActualTime>20</ActualTime><CycleTime>0.2</CycleTime><AssayXData Points="100">fv/5QxgZ+kOxMvpDKkz6Q8Rl+kN+f/pD95j6Q7Gy+kNLzPpD5OX6Q13/+kP3GPtDkDL7QypM
+0PEZftDXX/7Q/eY+0OxsvtDKsz7Q8Tl+0Nd//tD9xj8Q5Ay/ENLTPxDxGX8Q35//EMYmfxD
sbL8Q0vM/EPE5fxDXf/8Q/cY/UOQMv1DKkz9Q8Rl/UNdf/1DGJn9Q5Cy/UNLzP1DxOX9Q13/
/UP3GP5DkDL+Q0tM/kPEZf5DXX/+Q/eY/kOQsv5DKsz+Q8Tl/kN+//5D9xj/Q5Ay/0MqTP9D
xGX/Q11//0MYmf9DsbL/QyrM/0PE5f9Dfv//Q3sMAERZGQBEJSYAROIyAETPPwBEjEwARFlZ
AEQlZgBE8nIARL9/AESMjABEWZkARCWmAETysgBEv78ARIzMAERZ2QBEJeYARPLyAES//wBE
jAwBRFkZAUQlJgFE8jIBRL8/AUSMTAFESFkBRCVmAUTycgFEv38BRIyMAURZmQFEJaYBRPKy
AUS/vwFEjMwBREjZAUQl5gFE8vIBRA==</AssayXData><AssayYData Points="100">ElYoQMAMJEAIbSJAqFAhQKb1IEDmriBAtaMgQMT2IECw2iBAK+EgQK7SIEC2IiFAY1MhQMY/
IUA+iCFAs2UhQIMMIUBtaSFAyX0hQDpvIUCWeiFAWnMhQHx5IUCDmiFAap4hQBOnIUAo2yFA
4wsiQH23IUAlzCFAFJshQMqnIUBxAiJAFt8hQDXIIUCH9iFACMwhQHAWIkBBACJASAEiQKYu
IkA7BiJA7NEhQGhAIkDoESJA6BwiQE48IkB8PiJAdRgiQE4iIkDFVCJA4V0iQFpuIkC+PSJA
cF4iQPhGIkDuTCJAKz8iQOJ4IkDbMiJAFGMiQMmYIkCVQiJAnHQiQBliIkCRdiJAfksiQLC7
IkAPkyJAG20iQKp8IkAtXyJAZZYiQMNVIkDAkyJATOkiQMybIkDoqiJAt70iQLLoIkAIlCJA
aLQiQFy3IkDa3SJA+toiQP3hIkBsziJAQ+0iQKesIkDNvSJAcbEiQATaIkCl9iJAsPkiQHr0
IkCADCNACwYjQMXMIkAlESNA4toiQA==</AssayYData></Step><Step><CommonData><SampleLocation>7</SampleLocation><SampleID>aKappa 50ug/ml</SampleID><SampleGroup></SampleGroup><SampleInfo></SampleInfo><SampleRow>D</SampleRow><SamplePlate>1</SamplePlate><WellType>KSAMPLE</WellType><Concentration>-1</Concentration><ConcentrationUnits>µg/ml</ConcentrationUnits><MolarConcentration>-1</MolarConcentration><MolarConcUnits>nM</MolarConcUnits><MolecularWeight>-1</MolecularWeight><Temperature>30</Temperature><StartTime>612973</StartTime><AssayTime>120</AssayTime></CommonData><FlowRate>1000</FlowRate><StepType>ASSOC</StepType><StepName>Association</StepName><StepStatus>OK</StepStatus><ActualTime>120</ActualTime><CycleTime>0.2</CycleTime><AssayXData Points="600">v/8BRIwMAkRZGQJEJSYCRPIyAkS/PwJEe0wCRFlZAkQlZgJE8nICRL9/AkSMjAJEWZkCRCWm
AkTysgJEv78CRHvMAkRZ2QJEJeYCRPLyAkS//wJEjAwDRFkZA0QlJgNE8jIDRL8/A0QfTQNE
WVkDRCVmA0TycgNEv38DRIyMA0RZmQNEJaYDRAOzA0S/vwNEjMwDREjZA0Ql5gNE4vIDRL//
A0SMDAREWRkERBUmBETyMgREvz8ERHtMBERZWQREJWYERPJyBESvfwREe4wEREiZBEQlpgRE
8rIERK+/BER7zAREWdkERCXmBETi8gREz/8ERIwMBURZGQVEFSYFROIyBURjQAVEe0wFREhZ
BUQVZgVE8nIFRK9/BUR7jAVESJkFRBWmBUTysgVEr78FRIzMBURI2QVEJeYFROLyBUS//wVE
ewwGRFkZBkQVJgZE4jIGRL8/BkR7TAZEkFoGRCVmBkTicgZEv38GRM2MBkRImQZEFaYGROKy
BkSvvwZEe8wGREjZBkQV5gZE4vIGRK//BkR7DAdEWRkHRBUmB0TiMgdEvz8HRHtMB0RZWQdE
FWYHROJyB0SvfwdEe4wHREiZB0QVpgdE4rIHRK+/B0R7zAdEWdkHRBXmB0Ti8gdEr/8HRHsM
CERZGQhEiCYIRPIyCES/PwhEe0wIRFlZCEQlZghE8nIIRAGACESMjAhEWZkIRCWmCETysghE
v78IRHvMCERZ2QhERuYIRPLyCES//whEjAwJREgZCUQlJglE8jIJRL8/CUSMTAlEWVkJRCVm
CUTycglEv38JRIyMCURZmQlEJaYJRPKyCUS/vwlEjMwJRFnZCUQl5glENPMJRK//CUSMDApE
SBkKRBUmCkTiMgpEvz8KRHtMCkRZWQpEJWYKRPJyCkS/fwpEjIwKREiZCkQlpgpE8rIKRL+/
CkR7zApESNkKRCXmCkTy8gpEv/8KRHsMC0RZGQtEJSYLROIyC0S/PwtEe0wLREpcC0RtZwtE
4nILROB/C0SMjAtEWZkLRCWmC0TysgtEv78LRHvMC0RZ2QtEJeYLROLyC0Sv/wtEewwMREgZ
DEQVJgxE4jIMRK8/DER7TAxESFkMRHdmDETicgxEv38MRIyMDERZmQxEFaYMRPKyDESvvwxE
nMwMRFnZDEQl5gxE8vIMRK//DETuDA1ESBkNRBUmDUTyMg1Erz8NRB9NDURZWQ1EJWYNROJy
DUS/fw1Ee4wNREiZDUQlpg1EA7MNRK+/DUR7zA1ESNkNRBXmDUTi8g1Er/8NRHsMDkRpGQ5E
FSYORPIyDkSvPw5Ee0wOREhZDkQVZg5E4nIORK9/DkR7jA5ESJkORBWmDkTisg5Er78ORHvM
DkRI2Q5EFeYOROLyDkSv/w5EjAwPRGkZD0QVJg9E4jIPRK8/D0SMTA9EWVkPRDZmD0Tycg9E
v38PRIyMD0RZmQ9EJaYPRPKyD0S/vw9EjMwPRFnZD0Ql5g9E8vIPRL//D0SMDBBESBkQRCUm
EETyMhBEvz8QRIxMEERZWRBEJWYQRPJyEES/fxBEjIwQRFmZEEQlphBE8rIQRK+/EESMzBBE
WdkQRCXmEES38xBEv/8QRIwMEURZGRFEFSYRRIYzEUS/PxFEjEwRRFlZEUQlZhFE8nIRRL9/
EUR7jBFEWZkRRBWmEUTyshFEv78RRIzMEURZ2RFEJeYRRPLyEUS//xFEewwSRFkZEkQVJhJE
4jISRK8/EkR7TBJEWVkSRCVmEkTichJEz38SRIyMEkRImRJEJaYSRBOzEkSvvxJEe8wSRFnZ
EkTJ5hJE4vISRL//EkSMDBNESBkTRKgmE0TiMhNEvz8TRIxME0RZWRNEJWYTRDRzE0S/fxNE
3owTRFmZE0QVphNE8rITRK+/E0SMzBNESNkTRBXmE0Ty8hNEr/8TRHsMFERZGRREFSYUROIy
FES/PxREjEwUREhZFEQVZhRE4nIURK9/FER7jBRESJkURBWmFETyshREv78URHvMFER52RRE
JeYUROLyFES//xREewwVRMsZFUQVJhVE4jIVRK8/FUR7TBVEWVkVREZmFUTichVEr38VRHuM
FURImRVEFaYVROKyFUSvvxVEe8wVRFnZFUQV5hVE8vIVRK//FUSMDBZESBkWRBUmFkTyMhZE
vz8WRIxMFkRIWRZEVmYWROJyFkS/fxZEjIwWRFmZFkQlphZE8rIWRL+/FkRQzRZEWdkWRCXm
FkTy8hZEv/8WRIwMF0RZGRdEJSYXRPIyF0S/PxdEe0wXREhZF0QlZhdE8nIXRL9/F0SMjBdE
WZkXRCWmF0TyshdEv78XRIzMF0RZ2RdEJeYXROLyF0S//xdEjAwYRFkZGEQlJhhE8jIYRL8/
GESMTBhESFkYRCVmGETychhEv38YRHuMGERZmRhEFaYYRPKyGERSwBhEjMwYREjZGEQl5hhE
8vIYRL//GESMDBlESBkZRCUmGUTiMhlEvz8ZRIxMGURZWRlEJWYZRPJyGUS/fxlEjIwZRFmZ
GUQVphlE8rIZRK+/GUSMzBlESNkZRBXmGUTi8hlEv/8ZRHsMGkRZGRpEJSYaROIyGkS/PxpE
nEwaREhZGkQlZhpE8nIaRL9/GkR7jBpEWZkaRBWmGkTyshpEr78aRIzMGkRZ2RpEJeYaRGXz
GkSv/xpEjAwbREgZG0QVJhtE4jIbRK8/G0SMTBtEmlkbRBVmG0TichtEr38bRIyMG0RImRtE
FaYbROKyG0SvvxtEe8wbREjZG0Ql5htE4vIbRK//G0R7DBxESBkcRCUmHETiMhxErz8cRIxM
HERIWRxEJWYcROJyHES/fxxEjIwcREiZHEQVphxE4rIcRK+/HER7zBxEWdkcRBXmHETi8hxE
r/8cRHsMHURIGR1EFSYdROIyHUS/Px1Ee0wdREhZHUQlZh1E4nIdRM9/HUSMjB1EWZkdRCWm
HUTysh1Ev78dRIzMHURZ2R1EJeYdRCPzHUS//x1EjAweRFkZHkQlJh5E8jIeRL8/HkSMTB5E
WVkeRCVmHkTych5Ev38eRIyMHkRZmR5EJaYeRPKyHkS/vx5EjMweRFnZHkQl5h5E8vIeRL//
HkSMDB9EWRkfRCUmH0TiMh9Evz8fRIxMH0RZWR9EJWYfROJyH0Svfx9Ee4wfRFmZH0Qlph9E
NLMfRL+/H0R7zB9EWdkfRCXmH0Ty8h9E</AssayXData><AssayYData Points="600">HpoyQNhPNkDHKTlAzIQ7QElwPUBR3T5AfzBAQAOlQUCnLkNAZoJEQHn2RUBsJEdAdWJIQGxx
SUAhzEpAo6NLQLgnTUCpd05Aub1PQEqMUEABt1FAjYpSQImkU0DO7FRATd5VQGHdVkCaJVhA
0/9YQMLiWUB6wVpA775bQHvIXECX2F1ARrheQA23X0ABfGBA4mZhQM/VYkAkKmNAohxkQO77
ZEDhnGVA3JlmQGt6Z0CZaWhA5HFpQLr7aUDtz2pAC5lrQBcwbEDqI21AJbVtQAKlbkCqS29A
lS5wQGGucEDdXXFA5AxyQBHOckCtwXNAxTJ0QO21dEDHwnVATGh2QKEDd0BakXdAxCp4QGwQ
eUDCNXlApR16QPH0ekB37HpAY7Z7QHZ9fECeLX1ANFN9QGk8fkBGnn5AmIB/QFbKf0AuQIBA
8HCAQHnQgEAiEYFAGkuBQNF7gUCs24FA2CKCQHZcgkClnIJAGt2CQGT5gkAJNoNA5ZODQMK3
g0DV5oNAlyqEQKtzhEDppIRAYReFQN4shUBzcIVA0pKFQIaxhUCmMIZAXUGGQDiJhkBJq4ZA
a9uGQDc8h0CwU4dAUpmHQGLFh0As/YdAkyCIQLFniEBwn4hAmJOIQAnviECRK4lAWnWJQCl6
iUASwolAowaKQLcyikCiTYpABJCKQE62ikA174pAcQ2LQLMbi0AfbotA+piLQF7Oi0B6AYxA
6R2MQMBXjEC/YYxAfn2MQOnRjEBD5IxA6hKNQExIjUDQgY1AnWyNQN/PjUDa4I1ANB2OQLc7
jkBOYo5AnIGOQMWTjkCY4o5AchGPQCQoj0B7RY9AsnuPQCO9j0AY649Ag+mPQIkCkEDxI5BA
4kyQQDOTkEBlnpBAieCQQIbakECqKpFAETKRQGCCkUCdkJFA/6SRQL+/kUDa+5FA+y+SQA5d
kkCHUJJAEFuSQA+fkkAaxJJAs8KSQKkPk0DNMJNA/CeTQClyk0B8hJNAXKWTQGXDk0D39JNA
aAOUQEtMlECvQ5RAFpiUQMOqlEDimpRAacWUQDLqlEAO+5RAliiVQCUylUDKOJVALHGVQNOX
lUBFyZVAH7aVQCXolUDG9JVAmzOWQBcRlkA8VZZAH4GWQKNulkDOm5ZAEOWWQL/ulkBdCZdA
FgWXQOtKl0Dma5dAxHCXQBqPl0BSrZdAX8mXQATwl0Bz/JdASBeYQDwtmEBDUZhA+G2YQJd5
mECJr5hAMLGYQAq0mEBd+JhAtieZQEYMmUBWTplAkUiZQGhMmUBnh5lADI2ZQK6YmUCk5JlA
8duZQEnrmUDXC5pASSiaQPlSmkAcP5pAJ2OaQIaQmkBBj5pAed6aQGncmkC6/ppAt/KaQKQ0
m0D5HptAsUCbQGCDm0CafptAEZSbQC+0m0Bts5tAsNmbQPoRnEDaNpxArg+cQBgnnED4QZxA
mEecQFZ0nECWbpxArqqcQNOnnEB/q5xAnN2cQMcJnUBnHJ1AvgOdQBUUnUCQUJ1AOEedQLZq
nUCKmJ1AMIedQGaXnUB8wJ1Af+WdQOPZnUC5AZ5ADAqeQDEXnkBuRp5AMk+eQIxdnkD+j55A
G4CeQNConkCIxZ5AWcmeQIvjnkCX/55ABQyfQJ4An0A+Op9AbkqfQIVZn0Dta59AKnyfQHuf
n0B+eJ9A/5KfQN/bn0BWwJ9ARsqfQOfpn0BXG6BAQiigQFIsoEAsZKBAc3CgQBVOoECQaKBA
B7ugQJ+0oEBcu6BA9r2gQDrwoECx8qBAIxmhQJMnoUBDI6FAwTyhQMFWoUD4YKFAMGChQBxz
oUAFjaFAZ5ehQOOaoUDMqqFAPM+hQPwFokAJ66FA2QaiQMsDokDBK6JASSqiQCw+okD6f6JA
93aiQPV6okD+i6JABaaiQKK2okDtrqJAl+uiQC3sokC61qJAi/miQPgOo0BAE6NA2TCjQIlC
o0DTZ6NAy1ujQF5so0B8laNA4oajQPyfo0DN6aNAXsyjQJDZo0Br+6NAsvejQDP/o0DPIqRA
yDikQMo8pEDhPqRA0FqkQCNdpEDkaaRAMmikQH5apECxsqRAHbKkQKu/pEDS16RAwuKkQCzV
pEDkAqVAnxSlQOAapUC+DqVAejmlQH82pUCuTaVAY0qlQEKDpUBwjaVAg52lQLqWpUDMkKVA
Iq+lQMm3pUDds6VAQcKlQPfrpUA7DaZAgvilQMcdpkCiBqZAUz2mQM1DpkAdUaZASkymQIRh
pkB5bKZAAJ+mQF+WpkD/qaZAIramQI+9pkDDtaZAbdmmQI3XpkDRFqdANg6nQI8gp0DVNqdA
3yKnQKFap0DAJqdAdIGnQGxcp0BIY6dAMHanQLGYp0AEnqdAf6SnQO22p0D9rqdAbOqnQLfF
p0Cf26dA6+qnQHf7p0DmFKhAhzKoQBE3qEA9RKhAGjqoQBRUqEA6U6hAiWaoQHGYqEDIjKhA
33OoQGO9qEB+uahASbKoQIqsqEAZ3KhAB9yoQILcqEAd6qhAM/uoQPftqECUEalAdzCpQFBN
qUC7QKlAYTupQCRkqUAQUqlAAF6pQEBlqUBDh6lA8oKpQOidqUApr6lAG6upQDKpqUBTv6lA
4OGpQLfTqUCG+KlAUheqQC0GqkCoCqpAJySqQBAqqkCFJ6pA5CiqQAFgqkASUKpA/l2qQEh9
qkBKeapAMJSqQF+fqkBis6pAKZeqQJq6qkBtsqpAg9eqQB/9qkAO+KpA0OWqQAgNq0Dm/6pA
IhKrQHUuq0CNIKtAlD2rQJZFq0D1UqtAjV2rQM1Aq0CLS6tAb4mrQB+Dq0BiZatABKSrQGrE
q0ASx6tAQN+rQBnWq0DJ9KtAZ9+rQMTVq0BfEqxAMgCsQFwZrEDp8qtAt0GsQBM1rEAMHaxA
AkCsQFBerEBvWKxAImisQKJIrEAVbKxAXICsQJd/rEABl6xAnMKsQES7rEAqu6xA2bCsQMHO
rEChv6xABdKsQGIHrUAE3KxAIgutQPr4rED+Aa1ACzmtQMkjrUDYJK1AuWCtQDhJrUACQq1A
43GtQHhXrUCaZq1Ag2utQOiarUD9e61Af6CtQGGnrUDVqK1ABpWtQFW2rUAQqa1A+OatQI3p
rUAB/61ALPCtQEMCrkBrAa5A/BGuQAntrUAzQK5A61auQH0UrkDhP65ApEeuQHRjrkD0YK5A
X3uuQNFJrkAvZ65ALHmuQPi1rkBWl65A</AssayYData></Step></KineticsData></ExperimentResults>
