<?xml version="1.0" encoding="UTF-8" standalone="yes"?>
<ExperimentResults><ExperimentInfo Name="20251008 UPFB0001"><ExpDescription>AHC example method - full characterization&#13;
Analyte titration series with reference channel</ExpDescription><RTDVersion>2.0</RTDVersion><RunID>44513BEA-5865-4B65-BE64-68D265EFB71C</RunID><ExperimentType>KINETICS</ExperimentType><ExperimentSubType>KBASIC</ExperimentSubType><StartDateTime>2025-10-08T15:13:15</StartDateTime><MachineName>BN7KX12</MachineName><UserName>octet</UserName><LotNumber></LotNumber><PlateName>251008</PlateName><PlateName2></PlateName2><SensorName>G1</SensorName><SensorPlate>1</SensorPlate><SensorType>AHC (Anti-hIgG Fc Capture)</SensorType><SensorRole>LIGAND</SensorRole><SensorInfo></SensorInfo><WritingSW>DataAcquisition.exe 11.0.2.1</WritingSW><InstrumentType>OctetRED96</InstrumentType><InstrumentSerial>FB-50284</InstrumentSerial><InstrumentFW></InstrumentFW><IntegrationTime>2.3</IntegrationTime><DSPType>CPF</DSPType><DSPStitching>1</DSPStitching><HasManifest>1</HasManifest><InfoHash>-117630275</InfoHash></ExperimentInfo><AssayParamsInfo/><KineticsData><Step><CommonData><SampleLocation>1</SampleLocation><SampleID>Running Buffer</SampleID><SampleGroup></SampleGroup><SampleInfo></SampleInfo><SampleRow>G</SampleRow><SamplePlate>1</SamplePlate><WellType>BUFFER</WellType><Concentration>-1</Concentration><ConcentrationUnits>µg/ml</ConcentrationUnits><MolarConcentration>-1</MolarConcentration><MolarConcUnits>nM</MolarConcUnits><MolecularWeight>-1</MolecularWeight><Temperature>30.2</Temperature><StartTime>0</StartTime><AssayTime>180</AssayTime></CommonData><FlowRate>1000</FlowRate><StepType>BASELINE</StepType><StepName>Baseline 1</StepName><StepStatus>OK</StepStatus><ActualTime>180</ActualTime><CycleTime>0.2</CycleTime><AssayXData Points="900">AAAAAKjGSz7NzMw+EFgZP0SLTD+JQYA/1XiZPzMzsz8IrMw/ZmbmPwAAAEDNzAxAmpkZQGZm
JkAzMzNAAABAQM3MTECamVlA8KdmQDMzc0AAAIBAZmaGQM3MjEAzM5NAmpmZQAAAoEBmZqZA
zcysQDMzs0CamblAAADAQI2XxkDNzMxAMzPTQJqZ2UAAAOBAZmbmQM3M7EAzM/NAmpn5QAAA
AEEzMwNBZmYGQZqZCUG0yAxBAAAQQTMzE0FOYhZBgZUZQbTIHEHn+x9BGy8jQWZmJkGamSlB
zcwsQQAAMEEbLzNBRIs2QZqZOUHNzDxBAABAQTMzQ0FOYkZBmplJQc3MTEEAAFBBGy9TQWZm
VkGBlVlBzcxcQZMYYEEzM2NBTmJmQZqZaUHNzGxB3SRwQRsvc0FmZnZBmpl5QbTIfEHn+39B
jZeBQScxg0HNzIRBZmaGQQAAiEGamYlBMzOLQcHKjEFaZI5B9P2PQZqZkUEnMZNBzcyUQWZm
lkH0/ZdBCKyZQTMzm0HNzJxBWmSeQfT9n0GNl6FBMzOjQcHKpEFmZqZB9P2nQY2XqUEnMatB
zcysQWZmrkH0/a9BmpmxQTMzs0HByrRBZma2QfT9t0GamblBMzO7QcHKvEFaZL5BAADAQY2X
wUEzM8NBwcrEQVpkxkH0/cdBjZfJQScxy0HBysxBWmTOQfT9z0GNl9FBJzHTQc3M1EFaZNZB
bxLYQY2X2UEnMdtBwcrcQVpk3kExCOBBjZfhQTMz40HByuRBWmTmQfT950GamelBJzHrQcHK
7EFaZO5BAADwQZqZ8UEzM/NBSOH0QWZm9kEAAPhBmpn5QTMz+0HNzPxBZmb+QQAAAELNzABC
mpkBQmZmAkIzMwNCAAAEQs3MBEKamQVCZmYGQjMzB0IAAAhCzcwIQpqZCUJmZgpCMzMLQvr+
C0LHywxCmpkNQmBlDkJGNg9CAAAQQs3MEEKamRFCZmYSQjMzE0IAABRCzcwUQpqZFUJgZRZC
MzMXQgAAGELNzBhCy6EZQmBlGkIzMxtCAAAcQsfLHEKamR1CZmYeQjMzH0IAACBCx8sgQpqZ
IUJgZSJCMzMjQvr+I0LHyyRCmpklQmZmJkIzMydC+v4nQs3MKEKTmClCZmYqQjMzK0IAACxC
x8ssQpOYLUJmZi5CMzMvQgAAMELHyzBCmpkxQmZmMkItMjNC+v4zQsfLNEKamTVCZmY2Qi0y
N0IAADhC/tQ4QpOYOUJgZTpCLTI7Qvr+O0LNzDxCoJo9QmBlPkI/NT9C+v4/QsfLQEKTmEFC
ZmZCQi0yQ0L6/kNCx8tEQpOYRUJgZUZCMzNHQvr+R0LHy0hCmplJQmBlSkItMktCAABMQsfL
TEKTmE1CZmZOQi0yT0L6/k9Cx8tQQpqZUUJgZVJCLTJTQgAAVELNzFRCmplVQmBlVkItMldC
BgFYQsfLWEKTmFlCYGVaQi0yW0L6/ltCzcxcQpOYXUJgZV5CLTJfQvr+X0LHy2BCk5hhQmBl
YkItMmNC+v5jQsfLZEKTmGVCYGVmQi0yZ0L6/mdCx8toQpqZaUJmZmpCMzNrQgAAbELl0GxC
mpltQmZmbkIzM29CAABwQs3McEKamXFCZmZyQjMzc0IAAHRCzcx0QpqZdUJmZnZCXjp3QgAA
eELHy3hCmpl5QmZmekIzM3tCAAB8Qs3MfEKamX1CZmZ+QjMzf0IAAIBCZmaAQs3MgEIzM4FC
mpmBQn3/gUJmZoJCSsyCQjMzg0KamYNCDAKEQuNlhEJKzIRCMzOFQheZhUIAAIZC42WGQs3M
hkIzM4dCmpmHQgAAiELjZYhCSsyIQrYziUKamYlCAACKQmZmikLNzIpCUjiLQpqZi0IAAIxC
Dm2MQs3MjEIzM41CmpmNQn3/jUJmZo5CzcyOQjMzj0IXmY9CAACQQmZmkEJKzJBCsDKRQpqZ
kUIAAJJCZmaSQs3MkkIzM5NCF5mTQgAAlELjZZRCzcyUQjMzlULjpZVCff+VQuNllkLNzJZC
MzOXQheZl0IAAJhC42WYQkrMmEKwMplCF5mZQn3/mUJmZppCzcyaQjMzm0KamZtCff+bQnNo
nELNzJxCsDKdQheZnUJ9/51C42WeQkrMnkKwMp9CF5mfQgAAoELjZaBCzcygQrAyoUKamaFC
ff+hQuNlokJKzKJCsDKjQheZo0J9/6NCZmakQkrMpELJNqVCF5mlQn3/pUJmZqZCzcymQjMz
p0IXmadCAACoQm1nqEJKzKhCsDKpQheZqUJ9/6lC/GmqQs3MqkIzM6tCF5mrQn3/q0JmZqxC
zcysQrAyrUKama1CAACuQmZmrkLNzK5CMzOvQpqZr0IAALBCZmawQs3MsEIzM7FCmpmxQgAA
skJmZrJC2c6yQjMzs0KambNCAAC0QmZmtELNzLRCMzO1QpqZtUIAALZCZma2Qs3MtkIzM7dC
mpm3QgAAuEJmZrhCzcy4QjMzuUKamblCff+5QuNlukLNzLpCOTS7QpqZu0IAALxCZma8Qs3M
vEKwMr1Cmpm9QgAAvkJmZr5Czcy+QjMzv0IXmb9CAADAQuNlwEJKzMBCsDLBQpqZwUJ9/8FC
42XCQkrMwkIzM8NCF5nDQgAAxELjZcRCzczEQrAyxUIXmcVCAADGQuNlxkLNzMZCMzPHQpqZ
x0IAAMhC42XIQs3MyEIzM8lCI5vJQgAAykJmZspCzczKQj81y0KamctCff/LQmZmzELNzMxC
sDLNQpqZzUIAAM5C42XOQs3MzkKwMs9CF5nPQgAA0ELjZdBCSszQQrAy0UIXmdFCgwDSQuNl
0kLNzNJCsDLTQheZ00KDANRCZmbUQkrM1EIzM9VCF5nVQn3/1ULjZdZCSszWQrAy10IXmddC
AADYQuNl2EJKzNhCsDLZQheZ2UJ9/9lC42XaQkrM2kKwMttCF5nbQn3/20JtZ9xCSszcQrAy
3UIXmd1CAADeQuNl3kJKzN5CMzPfQpqZ30J9/99CZmbgQs3M4EKwMuFCF5nhQgAA4kLjZeJC
zcziQrAy40IXmeNCff/jQuNl5EJKzORCsDLlQpqZ5UIAAOZCZmbmQs3M5kIzM+dCmpnnQgAA
6EJmZuhCYtDoQjMz6UKamelCAADqQmZm6kLNzOpCMzPrQpqZ60IAAOxCZmbsQs3M7EIzM+1C
mpntQgAA7kJmZu5CzczuQrAy70Kame9Cff/vQmZm8ELNzPBCUjjxQpqZ8UIAAPJCZmbyQs3M
8kK2M/NCF5nzQgAA9EJmZvRCSsz0QrAy9UKamfVCAAD2QmZm9kLNzPZCMzP3QpqZ90IAAPhC
Zmb4QkrM+EIzM/lCF5n5Qn3/+UJmZvpCzcz6QrAy+0Kmm/tCAAD8QmZm/ELNzPxCsDL9Qjuf
/UJ9//1CZmb+Qs3M/kIzM/9Cmpn/QgAAAEPyMgBDZmYAQ5qZAEPNzABDvv8AQ/IyAUOoZgFD
mpkBQ4vMAUO+/wFDMzMCQ2ZmAkNYmQJDi8wCQ4MAA0MzMwNDJWYDQ5qZA0OLzANDywEEQ/Iy
BEMlZgRDWJkEQ4vMBEO+/wRDMzMFQyVmBUOamQVDi8wFQ4MABkMzMwZDJWYGQ2qcBkOLzAZD
vv8GQ/IyB0NmZgdDWJkHQ83MB0O+/wdDtjMIQyVmCENYmQhDi8wIQwAACUN1MwlDJWYJQ1iZ
CUOLzAlDvv8JQ/IyCkMlZgpDWJkKQ4vMCkO+/wpD8jILQyVmC0NYmQtDmM4LQ77/C0PyMgxD
ZmYMQ1iZDEOLzAxDvv8MQ/IyDUMlZg1DmpkNQ4vMDUO+/w1D8jIOQyVmDkNYmQ5DzcwOQ77/
DkOBNQ9DZmYPQ5qZD0PNzA9DAAAQQzMzEENmZhBDmpkQQ83MEENCABFDMzMRQ2ZmEUPbmRFD
zcwRQwAAEkMzMxJDZmYSQ5qZEkPNzBJDAAATQzMzE0NmZhNDmpkTQ83ME0MAABRDMzMUQ2Zm
FEOamRRDzcwUQwAAFUPyMhVDZmYVQ5qZFUPNzBVDAAAWQzMzFkNmZhZDmpkWQ83MFkNOAhdD
MzMXQyVmF0NYmRdDzcwXQ4kBGEPyMhhDZmYYQ5qZGEPNzBhDvv8YQzMzGUMlZhlDmpkZQ83M
GUO+/xlDMzMaQ2ZmGkPunBpDi8waQ77/GkMzMxtDrmcbQ1iZG0PNzBtDvv8bQwQ2HENmZhxD
WJkcQ83MHEO+/xxD8jIdQyVmHUOamR1DzcwdQ4MAHkMzMx5DJWYeQ5qZHkPNzB5Dvv8eQ/Iy
H0MlZh9DWJkfQ4vMH0O+/x9DMzMgQ2ZmIENkmyBDzcwgQ77/IEPyMiFDJWYhQ1iZIUPNzCFD
AAAiQzMzIkMlZiJDWJkiQ83MIkMAACNDvDQjQyVmI0NYmSNDi8wjQ77/I0MzMyRDZmYkQ1iZ
JEOLzCRDvv8kQzMzJUMlZiVDmpklQ4vMJUO+/yVDMzMmQ2ZmJkNYmSZDi8wmQ77/JkPyMidD
JWYnQ+GaJ0PNzCdDvv8nQ/IyKEMlZihDWJkoQ83MKEMAAClD8jIpQyVmKUNYmSlDi8wpQ77/
KUPyMipDJWYqQ1iZKkPNzCpDvv8qQzMzK0NmZitDmpkrQ5HNK0MAACxDMzMsQ2ZmLEOamSxD
kc0sQwAALUMzMy1DZmYtQ5qZLUPNzC1DAAAuQzMzLkPwZy5DWJkuQ83MLkMAAC9DMzMvQ2Zm
L0OamS9DzcwvQwAAMEMzMzBDZmYwQ5qZMEPNzDBD0QIxQzMzMUPpZjFDmpkxQ83MMUOPAjJD
MzMyQyVmMkOamTJDzcwyQwAAM0MzMzNDZmYzQ9uZM0PNzDND</AssayXData><AssayYData Points="900">AAAAAN7T/zl7vSC7ONqhu6NeUjsTwDQ7QUt2OzYLproon4I7MaROOyc5WjpUGEw7rcmMOoH1
qjpSE4o6qOVhO8jGbzoNYps63ObtOaBfYjqKqjw7+mfMO4k2eTuHE1u5DQT1OgzfxzrPibs7
7PwOO32HRDtPPo47aw0DOzValjqbDm46PRYSPNj6pTtlCxC607fzO4pUZjtnkKk7dmNBPHXj
QDt0ka47tHL6OlVLUju2uRo7JucwO97tCTypQLk7FpfMOxzjbDsaUoA7BxqNO9L4GTtI0WY7
45upO1arjTvBibM7r/ehO8539zt6qAQ7diL6OwyQCztMPwI7VbDVO3EBtTt+PK074GusOz2R
/zsPcGI7+CLCO5PNmztCPmw7jLUwO92OILrORok7q3nyO1BTkDsBJAA8P4KKO3/pezvIfdY7
v4kVPMuyojuULyw7TLQzPPgnUjuZ5Qg8qAT5O2WyuTvIXbU7jsGDO95ukzsC6aA7gC8EPFAb
gjuPv/Q7CO5BO5UEiTuKDhM8504oO0ihrzuH2eU7AUUPPExdbjuWIeY7uN8MPMewxjtr+Ro8
BCcfPA6HhDuPPpk7VmrpOzqXJTxXZQ480/cYPD14zDttGwk8mxKEO56OCjwebis89SumO0kq
zjuyH6073ClFPJ/SADwdCXc6leztO6uQyTuzJ+k7dyDFOwIzvzsRHPg7NbSRO6k81zsD1g48
DRMZPO01/TtRWws8CJkoPOBwAjwGRV0751qIO1ZuODzwzRI8Gt4MPDTnvjuMifw7LmxCPEGe
Ijw5XQc8FNfDO9GVzDsIoxQ8iSbiO2H+KDwefN07ZqHxO4WBETy5EeU7yCQzPE6+ODw7Iyc8
HSyKOwisTjzB69Q7Q9XvO8JcDDylUuc7qaieO0/+Izy90MY7gmkAPLOVMzxRZz488JECPPSD
KjwZTh88RhMjPJH3ITwVVhY8+SAPPMoKGjwgleo73B5LPIHPDTw07Dc81p1vPAZwUDzpfg88
fZI/PEQYDjxtVCg87spHPImpTDylMec72CAPPHpOHDweRAQ8algePG09KjzIZm48PqgHPHTk
TTwCnEM8xu32O7wxKjx//FY8JZouPK5GQjzwwSs8VCpJPC68JjykiWM8GPlaPCEKRzyjlP47
e88APEAKEzz4KC88wXgZPB1uTzw22yQ83CVRPCAe7jsTrDM8eR6OPMdoNTz8O0A8Cy5VPI3H
UjzdVR88ve0rPLxKAjwEVzI81ghyPDpYiDyYxSg8WxQkPL4Fgzzgx2Y8fr6BPIssGjyMixg8
ABEwPAq7azz0qS48eds2PKBiiTwb1IU8S482PGXrOTzxBXo8K8swPK+kYjzwcy889kQsPJXO
7jtBc0Y8uLOAPKKsQTxrPYA8WhOdOzns9zvifyo8q685PHFWLjynKFc8MiwsPDT0WzxxSDo8
Z7sQPOg7ATzl1Tg8hlBuPN0MDzwtIw88LhNYPPrkgTxRKk08cxNHPBN4JjwM2HM8PiEmPOuM
HTwt2m88z1xTPDEZPzy4cWg8R09RPLDMRTwiIGY8rslmPCurUzwxWmY8TDhVPBh5ZTxC7VQ8
FLZGPI5HUDyaaFA80l0dPD6LUzwgQls80gprPPMwTzzPnY08zZJJPCtcYjwMZUs8rER3PKZs
Wzy1MV487lVMPBRBiDyZtRU8tchVPN+ciDyjwEo83JN3PBMtbzzqiz48tRN0PAQYazyOXms8
XyREPONVbzwLJ4A8C447PArmPTw0uDE8H+RSPHzudTycK3A8ZQNsPLegaTwDRD88QRltPNeH
PjyskSo8td8tPE+1VjzE+S08vM10POROQTw/E4g89r99PAdvVDzOESo8hNGMPKjheDyanHM8
+KN6PKLWRzzv2Xc8UPkjPNwXQjyUM2w8oNROPCz7WTwv93s87VeDPHqtKDyfoYA8+DOBPJ06
fjxyIYU8B9pWPKJAUzzhbFI8T5FAPPwoQTx0zIw8e32UPDaEYzwttlw86QKBPMASnTyr71E8
cQZ1PBRyjTyacmA8AbgsPCD5kTyqUxo8FtKAPES6eDwUnUI849Q5POQsiDyKv3Q85XOKPEu0
WjxUKW48SAF6PI8HZTxCdEg8Wd6PPAtbgDwPS5E83O5oPPYQWDz9l208630ZPHVtgjxt+Gg8
0OFvPE3kODx5B5s8uTZ2PE/jSDwEM3I8hTNjPFkxQTxxyIQ8/IdUPOOgdDwbgHA8b3VwPNIA
XDwipoE8rWKFPE3mljwzOXE8ewWIPJc0lTw8dJE8uU+aPA0BfTzggXg81nigPPRBizxN3Fs8
dedrPEVclTwV1Vo8vxJsPK2LhDxUa5U8/zRaPLa7dTwwyJM8r4J/PHJ0ejyAIV48pruEPF+2
jjz4fGQ8ntBVPGRwcjzYm3w8LXVPPPLliTzXSHw8eiFbPKx4XDwr1W48qtmJPMU8ljzinpY8
64aLPGzlaTzYNoE8psSbPMwBhjyP5lg8l5dTPHH3Xzxp9lY8DId4PCQOmTzt2nA8yQ12PPK7
hTzNEJs834pePAoEczxfe2c8SjpFPCKfmzxzejI83XWSPKRrVTwD9mk8x5dHPKGvgzyDiIg8
AoVoPFT0kDw0yVs8lJhUPI60mTx6Lmo8y02KPPialjwfxIM8nEuHPFf0aTx6e0M8ClSAPPVu
jzwFx3g8agxHPFankTxI4JQ8H4aIPAyWeTxnE3w81AanPLFegjxYg4w8Af+PPPVEnTxqzn48
CDlmPDCgQzwr/D88ZyyHPBtyfzwvqno85cyFPK2ahzxrjJo87YuXPHaujjyWvZI881R4PP8s
fjyO8o08lh5ZPJKLhTy+koA8k4lpPOc5ijwhDoE8hpCAPD6Phjyyfow8255UPPJbjzwghIw8
bIq2PPFiiDwINnk8bByCPAUoYTxe6Ww8UayaPPJKojwY7o48PKFqPPyqhDwMAJQ8/FOZPH1H
qzzO2X483eGQPFTqbzy7sHQ8uF+LPIlSkzxUNWw8u/WFPD6skTxhapE8t7CdPB8WgTyj41g8
UlGSPBSFljydMZk8PneQPEAfhDwUT4Q8qQllPOgOizx/KWI8M8x7PHoyqzwPYaU8QNeFPMFg
ozwIdJI8+Wx7PEX/jDzCxoI8oCp3PGj9dDwCk5g8JfmVPO6whjy1Fng88RB6PIqKkzxvU4c8
nqQsPGOiYjww25w8D3CGPIggsDwk24c8zpp/PORjdTz/Qac8kPCRPIxnbzwrP548xfChPGj2
hzwBGWE8Qn2QPPqZhzwTEI08OImJPKxTpDxZQIU8kieKPHPhfDwNToc8K1eUPN8mhDxDRHk8
mS1sPP1AhjzeAE48SoyPPCUkgzy77p08Y5J/PIH+hDzGAHg8FjigPNarlTx+1Yo8UwWqPFlk
eTxl8YY845KOPKPmdDw0RIA8kS6QPBIckzwu34k8SICKPF3oejxtS1U86lKZPONfjTxEe588
ADWaPIjkpDwgfIQ8q2ONPOIVkTxd8Wk8t9pyPL2FjzzyxqM8eo2UPGF2bTyM3bM8DRyQPOTU
qzx3lLQ8LFazPB3IhTwtnaA803SUPDmsgDyjcZ88mjNUPLzafzyDgok8DE2rPKE2kzzms3Y8
ImyVPOIXjjwW7bE8OxGQPL6+fTzBY448Y5GBPCzolzxr5as8EaW2PAi3cTxsqoA8+XydPBn/
rjxbKK88OVB/PBsjkDzNYFU8JCSkPEihozyNmIU8Cua9PBCUYTw8tGI8QVqLPGRypzzdSpk8
Hr1tPDeFlzzMq588ZhaLPJTBjTx0F488UgyLPNeZaDwdXrY8j6KVPJZHozzM5J08JtWkPOYF
kTxJIqA8o9inPIC4jzyk/Y48aWSYPEMfbjw8JaM8l8qcPAj3nDwDH308FoWhPDtgpDxy8a88
RtiSPEyfmDw4O1E8FmWtPL8NdjzcDJc8UaOSPIjDtTwxXIE8ceKmPM78aDx186E8aq2ZPCRv
fTxbSaU8Df6dPAY/lTxzg4k8ktKPPD4LqDyK/3s8lpCjPGzvkDzv15s8ym6GPP7VmTwgW608
lGOZPMq6rTxUhpQ8VECXPEhRaDxSJac8+F6VPNpKlTyuqYQ8uQG1PJxfqDx+4IA8fviePBYW
mzwKVqE8ISKPPDwVtjz7JrA8wdS7PKUBiDwYnqI8xemZPNwHqzywh6A8xbWtPAfolDyOLJE8
qF5yPLV4TjwG7Kg8L9agPPWRgzxOYaU8z/yXPHe5UTyv2pg8EnisPFH4pTwaLqY8dL2WPLOQ
mDzBNKs8hd2iPELIgjy1+5U8wZGlPGa3kjz4nH08m72MPCjQiDxzA648qyusPNF9qTxeb4k8
yMeePMjHlzwRtos8xmWXPBqcoDwLIqA8QCCwPNoirjzLpLU8KxaiPKVpsjyPMY88lWumPKW9
mTwUha88Qv+gPGuClDxjfJU8IXyaPNDDhzzttIc8+WmQPB3/YTyb5rE8qliaPJptqTxwma48
wd1xPCFVmzxWTbE82I2fPKtRsjx9mpU8QKWqPMEGpTw9fJE89qqUPPA3hzx/FZk8rRujPOOn
pDxKe5s8f7CZPGP9ijym4KA8bz+mPKy9uTxFeJQ80M2wPDvwpzwbVIE8D/CAPGyYojxlv6M8
lJHAPAShqTwwQ5M82yWBPJI1ojxcBbo8oPKwPFfzozyVO5Q8wyqgPIRlpTy97L0889R4PPIF
sjwn9Is8Fp2oPH5wljxNELs8Xe+YPHKJbDzWPsM8il2xPOgNnjzD9qU8Lf+MPOQerzzIv4w8
wDCoPJNNpjyiS5Y853qwPMYvrDyuto08Pb+VPLHLkjwiZYs8</AssayYData></Step><Step><CommonData><SampleLocation>2</SampleLocation><SampleID>10mM Glycine pH1.7</SampleID><SampleGroup></SampleGroup><SampleInfo>or other Regeneration solution</SampleInfo><SampleRow>G</SampleRow><SamplePlate>1</SamplePlate><WellType>REGENERATION</WellType><Concentration>-1</Concentration><ConcentrationUnits>µg/ml</ConcentrationUnits><MolarConcentration>-1</MolarConcentration><MolarConcUnits>nM</MolarConcUnits><MolecularWeight>-1</MolecularWeight><Temperature>30.1</Temperature><StartTime>207730</StartTime><AssayTime>20</AssayTime></CommonData><FlowRate>1000</FlowRate><StepType>CUSTOM</StepType><StepName>condition</StepName><StepStatus>OK</StepStatus><ActualTime>19.999</ActualTime><CycleTime>0.2</CycleTime><AssayXData Points="100">AAA0QzMzNENmZjRDmpk0Q83MNEMAADVDMzM1Q2ZmNUNYmTVDi8w1Q77/NUPyMjZDf2o2Q5qZ
NkPNzDZDvv82Q/IyN0NmZjdDWJk3Q83MN0MAADhD8jI4Q2ZmOEOamThDzcw4Q77/OEPyMjlD
ZmY5Q5qZOUPNzDlDvv85Q/IyOkNmZjpDmpk6Q4vMOkO+/zpD8jI7Q2ZmO0OamTtDi8w7Q5YD
PEPyMjxDJWY8Q1iZPEPNzDxDAAA9Q/IyPUNmZj1DHZo9Q83MPUO+/z1D8jI+QyVmPkNYmT5D
i8w+Q77/PkPyMj9DJWY/Q5qZP0PNzD9Dvv8/Q/IyQEMlZkBDWJlAQ4vMQEMAAEFD8jJBQyVm
QUNYmUFDi8xBQ77/QUMzM0JDJWZCQ1iZQkOLzEJDvv9CQzMzQ0MlZkNDWJlDQyHQQ0O+/0ND
8jJEQyVmRENYmURDi8xEQ77/REPyMkVDqGZFQ1iZRUOLzEVDvv9FQzMzRkNmZkZDWJlGQ83M
RkO+/0ZDBDZHQ2ZmR0OamUdDi8xHQw==</AssayXData><AssayYData Points="100">kPcQvgt5tb089oe973FKvZ6AI72jyhm9ONEdvQ70M71PNy69/zRCvcx+Sb0Cg3a90TxrvaY6
dL0UgIu9VRqKvbSNi70ZEJa9u7uYvQysnL0Lp6W9CuKovSnMpL3+5K69SnuuvXuAur07jbu9
LUzBvbNhxb3Y0ci9mjnCvcWezb0K4Mm98yPXvVfu4L0YZN29qjjavZ0G2b2JCee9qA7ove8y
5r1ICOa9js3svb376r3dVO+96p33vVG/8b2qpPS9NQbuvSRV/L0wxPu9YXICvoMqAr5cgQW+
KmwFvkoOBL5e5gW+ZIkHvhixCL7GOwy+H8gKvovXCb5PAwy+KSwNvpiKEr7Ckw2+AoQQvixn
Eb5+vxK+/zAOvvaSE74GUw++hpwVvmH/FL6ZOBu+bFAWvr9jFr7UzRq+uwcbvjV/G76tBxq+
5pAZvpv0G76f3B2+Qa4fvp6wIr7Kgh+++0civhKrIL67cB6+dgckviF9Ib5vxiC+EiknvgMw
Kr5a7Cq+g/IkvrAQKL5TGCq+Tu8mvg==</AssayYData></Step><Step><CommonData><SampleLocation>1</SampleLocation><SampleID>Running Buffer</SampleID><SampleGroup></SampleGroup><SampleInfo></SampleInfo><SampleRow>G</SampleRow><SamplePlate>1</SamplePlate><WellType>BUFFER</WellType><Concentration>-1</Concentration><ConcentrationUnits>µg/ml</ConcentrationUnits><MolarConcentration>-1</MolarConcentration><MolarConcUnits>nM</MolarConcUnits><MolecularWeight>-1</MolecularWeight><Temperature>30</Temperature><StartTime>233413</StartTime><AssayTime>20</AssayTime></CommonData><FlowRate>1000</FlowRate><StepType>CUSTOM</StepType><StepName>condition</StepName><StepStatus>OK</StepStatus><ActualTime>20</ActualTime><CycleTime>0.2</CycleTime><AssayXData Points="100">vv9HQ/EySEPjZUhDWJlIQ4vMSEO+/0hDsDJJQyRmSUNYmUlDi8xJQ77/SUOwMkpDK2dKQxaZ
SkOLzEpDfP9KQ/EyS0MkZktDWJlLQ4vMS0N8/0tD8TJMQ+NlTEMWmUxDi8xMQ77/TEOwMk1D
JGZNQxaZTUOLzE1Dvv9NQ/EyTkMkZk5DFplOQ4vMTkO+/05D8TJPQyRmT0MWmU9DDs1PQ3z/
T0OwMlBDJGZQQ1iZUEOLzFBDfP9QQ7AyUUMrZ1FDFplRQ4vMUUN8/1FDsDJSQzFoUkNYmVJD
ScxSQ3z/UkPxMlNDJGZTQxaZU0NJzFNDvv9TQ7AyVEPjZVRDWJlUQ0nMVEOPAlVDsDJVQ+Nl
VUMWmVVDScxVQ3z/VUOwMlZD42VWQxaZVkOLzFZDfP9WQ7AyV0PjZVdDWJlXQ0nMV0N8/1dD
8TJYQyRmWEMWmVhDScxYQ3z/WEOANVlD42VZQxaZWUNJzFlDfP9ZQ7AyWkPjZVpDWJlaQ0nM
WkN8/1pDMzNbQ+NlW0MWmVtDi8xbQw==</AssayXData><AssayYData Points="100">JvvGvCwGXr0cfIK9mh+LvWH1jb18H4u9Mo+PvXw9jb0cGJK9ost6vVKEfL15VnG95GlqvdXw
bL1vV2S9OrBjvZXEYb1We1a9Ao9ivfaqTb2/rFe9dVpIvdsgU7145T69LEpJvfx0RL3MfU29
vvgxvTLHNb3MuC69XnA3vQ/wJr0DvCe9nBwrvevRP73MsSy9TxkhvS4DHb1cDyy9bw4bvRRz
G70PeRe9WycdvaEyJL15Iwu9YbYGvfJhCr2/OhS9tZ0dvSyh/rx98Ae9OykTva/NCr2Ypui8
q9b3vAcE8LyYLRO9i+72vEIA/LwNzea8rI76vC/a+7wcqP28uejxvJc98Lw1zd28u0TrvL+8
zLyB6AC9tqjtvCA807yJxtO8SgvRvFOx8ryZkNO8lOzcvPvz4Lxm/de8dYLQvLzKsLz8kse8
KpHDvD/M0bxAgdS8A065vCNuw7zObL28p/jWvAg9zLz4WdO8OdXFvGuDsrwaWrm8o87CvK9u
urx2LaG84bu5vHImy7yg/868Fki3vA==</AssayYData></Step><Step><CommonData><SampleLocation>2</SampleLocation><SampleID>10mM Glycine pH1.7</SampleID><SampleGroup></SampleGroup><SampleInfo>or other Regeneration solution</SampleInfo><SampleRow>G</SampleRow><SamplePlate>1</SamplePlate><WellType>REGENERATION</WellType><Concentration>-1</Concentration><ConcentrationUnits>µg/ml</ConcentrationUnits><MolarConcentration>-1</MolarConcentration><MolarConcUnits>nM</MolarConcUnits><MolecularWeight>-1</MolecularWeight><Temperature>30</Temperature><StartTime>259075</StartTime><AssayTime>20</AssayTime></CommonData><FlowRate>1000</FlowRate><StepType>CUSTOM</StepType><StepName>condition</StepName><StepStatus>OK</StepStatus><ActualTime>19.999</ActualTime><CycleTime>0.2</CycleTime><AssayXData Points="100">v/9bQ/IyXEMlZlxDWZlcQ4zMXEO//1xD8jJdQyVmXUNZmV1DjMxdQ7//XUPyMl5DJWZeQ1mZ
XkNKzF5Dv/9eQ/IyX0MlZl9DWZlfQ0rMX0MBAGBDsTJgQ+RlYENZmWBDjMxgQ7//YEPyMmFD
JWZhQ1mZYUOMzGFDff9hQ/IyYkPkZWJDWZliQ4zMYkN9/2JDsTJjQ+RlY0NZmWNDjMxjQ7//
Y0OxMmRDJWZkQxeZZENKzGRDff9kQ/IyZUMlZmVDF5llQ0rMZUN9/2VD8jJmQ+RlZkMXmWZD
jMxmQ33/ZkPyMmdD5GVnQxeZZ0Mbz2dDff9nQ7EyaEPkZWhDF5loQ4zMaEO//2hDsTJpQ+Rl
aUMXmWlDjMxpQ7//aUPyMmpDJWZqQxeZakNKzGpDff9qQ/Iya0PkZWtDF5lrQ0rMa0N9/2tD
sTJsQ+RlbEMXmWxDSsxsQ7//bEPyMm1D5GVtQxeZbUNKzG1Dff9tQ7EybkPkZW5DF5luQ0rM
bkO//25DsTJvQ+Rlb0NZmW9DSsxvQw==</AssayXData><AssayYData Points="100">eS1hvgy3KL77JgW+2cfgvQFDxL1gxrq94euwvRPAt72MZ7e9v0K5vV/zxb3BK8i9a+7PveJP
0r3hgtq9BobcvQY4471O/eK9r/jnvfyB6r1D5O+97YDzvWM4772CS/u9q3P4vceG+b1DqgC+
CncAvv/6Ar4YyAK+qy0DvibOCL4+BQm+P1QLvqLkCL4o3w6+0+MJvimADL6LMg++erwOvhLb
Er6sHxG+ThEUvoUlFb4CDhG+32AUvqjsFL6nQxe+qC8avpFzFr45Gh6+ASkbvjI8G74mpRy+
6ggevi/gHb4psCC+C0Ucvj1SJL6yRiK+lRAcvt+aIr4x5iS+IbcivrS4Hr7DeiK+7sMkvriW
JL6lmim+WWYmvlLSJr6YFim+Yxsnvp69KL6Xfym+iIAtvr5TL76tFCy+cZYtvn6HML7Hfi2+
PdYqvtZCL745Wy++2jgwvkYuL76D1S++1hoxvvIyLr7ibzG+eoAzvsqaNL4MJzS+ABI0vjlv
Mr6NFja+iuY0votdOb4GIDS+itM3vg==</AssayYData></Step><Step><CommonData><SampleLocation>1</SampleLocation><SampleID>Running Buffer</SampleID><SampleGroup></SampleGroup><SampleInfo></SampleInfo><SampleRow>G</SampleRow><SamplePlate>1</SamplePlate><WellType>BUFFER</WellType><Concentration>-1</Concentration><ConcentrationUnits>µg/ml</ConcentrationUnits><MolarConcentration>-1</MolarConcentration><MolarConcUnits>nM</MolarConcUnits><MolecularWeight>-1</MolecularWeight><Temperature>30</Temperature><StartTime>284742</StartTime><AssayTime>20</AssayTime></CommonData><FlowRate>1000</FlowRate><StepType>CUSTOM</StepType><StepName>condition</StepName><StepStatus>OK</StepStatus><ActualTime>20</ActualTime><CycleTime>0.2</CycleTime><AssayXData Points="100">ff9vQ7AycEOiZXBDF5lwQwjMcEM7/3BDbzJxQ6JlcUPVmHFDSsxxQ33/cUOwMnJD42VyQ9WY
ckMIzHJDO/9yQ7Ayc0OiZXNDF5lzQ0rMc0N9/3NDsDJ0Q+NldEMXmXRDCMx0Qzv/dENvMnVD
42V1Q9WYdUMIzHVDff91Q28ydkPjZXZD1Zh2Q0rMdkN9/3ZDbzJ3Q6Jld0PVmHdDSsx3Q33/
d0OwMnhDomV4Q1iZeEMIzHhDO/94Q28yeUOiZXlD1Zh5QwjMeUM7/3lDsDJ6Q6JlekPVmHpD
CMx6Qzv/ekNvMntDomV7Q9WYe0NKzHtDO/97Q28yfEOiZXxD1Zh8QwjMfEM7/3xDsDJ9Q6Jl
fUPVmH1DCMx9Qzv/fUOwMn5DomV+Q9WYfkMIzH5DO/9+Q28yf0PjZX9DF5l/Q0rMf0M7/39D
WBmAQ/EygEOLTIBDJGaAQ75/gENYmYBD8bKAQ4vMgEMk5oBDvv+AQ1gZgUPxMoFDakyBQyRm
gUO+f4FDWJmBQ/GygUOLzIFDJOaBQw==</AssayXData><AssayYData Points="100">HRrHOlVVJL1+lXK9+DeIvatdib2U3I69yhGUvTwwir3iuIu9Q+aLvbneiL0B5X29mEWAval5
b70ASHK9HHNmvdlEdb0Y6WS9rKFdvXoUWL3kaUi91JE+vUX7X72XmFS9f4dTvXz9O71PNkm9
fO0+vSM/Xr1G31a9/DdNvZ4fQr38f0W95vFGvWpFRb2AeDu9BeAyvfdFO73d8CS9szsvvQSk
Jb3q5TO9fdssvfo3Kr3rbjG9lGgsvTFXML22pyO9UgoivSI/Fr2j0wu9DT82vaQmEb0AiCy9
gT8hvZKHIL1bMBe96FYdvWvqK73hpB+9a9ASvTlmE70QfQ+9F+MYvZhsEr0lYRu9FB0dvTTU
Hr2EWAu9d1MRvfIKC73BNxG9dbASvVYQDb1zjQK9IzMTvUi0Dr2JTgi9FCkNvQo2AL1SrfO8
Evr/vFedAL2T6ga9eOIBvYkl8rzXuQa925bivGTIBr3nnwu9UfcCvY9iB70uzv28o/vuvA2k
7LySSAG9VGrWvKhk87wH/+m8yVrtvA==</AssayYData></Step><Step><CommonData><SampleLocation>2</SampleLocation><SampleID>10mM Glycine pH1.7</SampleID><SampleGroup></SampleGroup><SampleInfo>or other Regeneration solution</SampleInfo><SampleRow>G</SampleRow><SamplePlate>1</SamplePlate><WellType>REGENERATION</WellType><Concentration>-1</Concentration><ConcentrationUnits>µg/ml</ConcentrationUnits><MolarConcentration>-1</MolarConcentration><MolarConcUnits>nM</MolarConcUnits><MolecularWeight>-1</MolecularWeight><Temperature>30</Temperature><StartTime>310554</StartTime><AssayTime>20</AssayTime></CommonData><FlowRate>1000</FlowRate><StepType>CUSTOM</StepType><StepName>condition</StepName><StepStatus>OK</StepStatus><ActualTime>19.998</ActualTime><CycleTime>0.2</CycleTime><AssayXData Points="100">3/+BQ1gZgkPxMoJDi0yCQwRmgkO+f4JDWJmCQ/GygkNqzIJDJOaCQ77/gkOZGYND8TKDQ2pM
g0MkZoNDnX+DQzeZg0PxsoNDasyDQwTmg0O+/4NDNxmEQ/EyhEOLTIRDJGaEQ51/hENYmYRD
8bKEQ+3MhEME5oRDnf+EQzcZhUPxMoVDi0yFQwRmhUOdf4VDWJmFQ/GyhUNqzIVDBOaFQ77/
hUM3GYZD0DKGQ4tMhkNFZoZDnX+GQzeZhkPxsoZDasyGQwTmhkOd/4ZDNxmHQ9Ayh0NqTIdD
BGaHQ51/h0NYmYdD0LKHQ4vMh0ME5odDnf+HQzcZiEPQMohDi0yIQwRmiEO+f4hDN5mIQzOz
iENqzIhDJOaIQ77/iEM3GYlD0DKJQ2pMiUMEZolDnX+JQzeZiUPQsolDi8yJQwTmiUOd/4lD
NxmKQ9AyikNqTIpDBGaKQ51/ikM3mYpD8bKKQ2rMikME5opDnf+KQzcZi0PQMotDakyLQwRm
i0Odf4tDWJmLQ/Gyi0PSzYtDBOaLQw==</AssayXData><AssayYData Points="100">xp16vgA+O75ykB2+E1MKvmhY/L1UQPK9J2PxvdgC873NOui9GcX1vWZs971t5/69woAAvjg8
Ar57+we+w7UIvt9iCb5IAg2+p6gKvvpiEL5r9Q++JDsTvupvEL7laRO+tVgSvuYOGr553xS+
CC8avuPEGL6Vfhi+PQcfvp39HL6Szxy+6pEhvuvRGr4zoCG+0W0hvpt1JL6oniG+NLQkvgdP
J74lgia+cFcovqtmJL6obiS+IjkpvjOvKb5cNyy+mPQsvhgNLb7wwC++DfQvvgh8L75GRTG+
afkuvmuYLr4qxDG+CuUxvhxhNL5X7zC+j0wxvkeqNL70xDW+nV82vl5dOb4N6za+0Ns0vk/m
N765Azi+8a84vtOHN77Hdjm+YCA7vpFyO742szm++O02vpYDP75O7z2+nxI+vpuBPr4yLz6+
W0BEvj/bPr6Y8kG+SsdBvuFqQL7cWEO+OFQ+vkvnPb7j9EK+JmJCvoCfR76cIEO+fk5Cvv6i
Rb7vJkW+UR1Gvm0dRL7LcEO+EnFIvg==</AssayYData></Step><Step><CommonData><SampleLocation>1</SampleLocation><SampleID>Running Buffer</SampleID><SampleGroup></SampleGroup><SampleInfo></SampleInfo><SampleRow>G</SampleRow><SamplePlate>1</SamplePlate><WellType>BUFFER</WellType><Concentration>-1</Concentration><ConcentrationUnits>µg/ml</ConcentrationUnits><MolarConcentration>-1</MolarConcentration><MolarConcUnits>nM</MolarConcUnits><MolecularWeight>-1</MolecularWeight><Temperature>30</Temperature><StartTime>336358</StartTime><AssayTime>20</AssayTime></CommonData><FlowRate>1000</FlowRate><StepType>CUSTOM</StepType><StepName>condition</StepName><StepStatus>OK</StepStatus><ActualTime>20</ActualTime><CycleTime>0.2</CycleTime><AssayXData Points="100">nv+LQxcZjEOwMoxDSkyMQwRmjEOef4xDF5mMQ7CyjENKzIxD5OWMQ33/jEM4GY1DsDKNQ1BN
jUMEZo1Dnn+NQxeZjUOwso1Da8yNQ+TljUOe/41DOBmOQ9EyjkNKTI5D5GWOQ31/jkM4mY5D
sLKOQ2vMjkME5o5Dff+OQxcZj0OwMo9Da0yPQ+Rlj0N9f49DOJmPQ9Gyj0NrzI9DBOaPQ57/
j0M4GZBDNDOQQ2tMkEMEZpBDv3+QQziZkEP+tJBDa8yQQwTmkEOe/5BDOBmRQ9EykUNrTJFD
BGaRQ55/kUM4mZFD0bKRQ2vMkUME5pFDnv+RQzgZkkPRMpJDa0ySQ+RlkkOef5JDOJmSQ9Gy
kkNrzJJDBOaSQ57/kkMXGZND0TKTQ0pMk0MEZpNDnn+TQziZk0PRspNDv8+TQwTmk0N9/5ND
OBmUQ9EylENrTJRD5GWUQ55/lEMXmZRD0bKUQ2vMlEPk5ZRDnv+UQ7sZlUPRMpVDa0yVQwRm
lUOef5VDOJmVQ9GylUNKzJVDBOaVQw==</AssayXData><AssayYData Points="100">xjaEvHxTRr3s74a9inCZvZOTkb1gJ5a9kGqRvVyfkb1SFpK9mVmOvY8vhb0x2Iq9P6qNvQi6
h732iIS9+0yCvWKkhL1ua2+9Odd7vatodL2S2Gi9k0Vkvd/kaL1C7l+9eShyvUP3ZL1+WVu9
phRnve9xTr2mTla9sslSvdQPYL2e8F69VU1VvQeVSb1sw0699Q9NvZiNQL2y4j+9Yt8yvaCU
Sb2w/U696JhCvUQVMr0lezq98S8zvTrsP70J/UC9r6s+vZGTOr3mNjm9IlAovXBAKb3QTTy9
2j8xvV13Or19hU+98kM3vbU1Lb0hSyi9azMrvRbYN711mSq9If8wvW1aIb00rTK9I6slvSOD
Pr2GsSy96DkuvcvoHr2VvzK9nDwavY23M71qNhy9An4jvcETJL0rIym9Wl8jvS7GG708NTa9
pZkZvVREJr1bZw69l0cWvbhwGL0//xS955EWvXXIHb11dBu9EsUZvedIIL3UBBe9KUkTvZvX
IL1SAhO9zP4OvfUCE71B7Rq9hosbvQ==</AssayYData></Step><Step><CommonData><SampleLocation>3</SampleLocation><SampleID>Running Buffer</SampleID><SampleGroup></SampleGroup><SampleInfo></SampleInfo><SampleRow>G</SampleRow><SamplePlate>1</SamplePlate><WellType>BUFFER</WellType><Concentration>-1</Concentration><ConcentrationUnits>µg/ml</ConcentrationUnits><MolarConcentration>-1</MolarConcentration><MolarConcUnits>nM</MolarConcUnits><MolecularWeight>-1</MolecularWeight><Temperature>30</Temperature><StartTime>362533</StartTime><AssayTime>120</AssayTime></CommonData><FlowRate>1000</FlowRate><StepType>BASELINE</StepType><StepName>Baseline 120</StepName><StepStatus>OK</StepStatus><ActualTime>120</ActualTime><CycleTime>0.2</CycleTime><AssayXData Points="600">nv+VQxcZlkOwMpZDa0yWQwRmlkN9f5ZDF5mWQ9GylkNKzJZD5OWWQ33/lkM4GZdD0TKXQ0pM
l0PkZZdDnn+XQziZl0OwspdDSsyXQ+Tll0N9/5dDFxmYQ7AymENKTJhD5GWYQ55/mEMXmZhD
sLKYQ2vMmEPk5ZhDff+YQzgZmUOwMplDSkyZQ+RlmUN9f5lDF5mZQ7CymUNKzJlD5OWZQ33/
mUMXGZpDsDKaQ0pMmkMEZppDfX+aQxeZmkOwsppDa8yaQyXmmkN9/5pDOBmbQ7Aym0NrTJtD
JWabQ55/m0M4mZtD0bKbQ2vMm0ME5ptDnv+bQzgZnEPRMpxDa0ycQwRmnEOef5xDOJmcQ/Ky
nENrzJxDBOacQ57/nEM4GZ1DsDKdQ2tMnUMEZp1Dnn+dQziZnUPRsp1Da8ydQwTmnUOe/51D
FxmeQ9EynkNrTJ5DBGaeQ55/nkM4mZ5D0bKeQ2vMnkME5p5Dff+eQxcZn0PRMp9Da0yfQ+Rl
n0Oef59DOJmfQ9Gyn0NrzJ9DBOafQ57/n0MXGaBD0TKgQ0pMoEPkZaBDnn+gQx2aoEPRsqBD
a8ygQwTmoEOe/6BDOBmhQ7AyoUNrTKFDBGahQ55/oUM4maFDsLKhQ2vMoUPk5aFDff+hQxcZ
okOwMqJDa0yiQwRmokN9f6JDF5miQ9GyokNrzKJD5OWiQ33/okM4GaNDsDKjQ0pMo0PkZaND
nn+jQziZo0PRsqNDa8yjQwTmo0Oe/6NDFxmkQ7AypENrTKRDBGakQ31/pEMXmaRDsLKkQ0rM
pEPk5aRDff+kQxcZpUPRMqVDSkylQ+RlpUN9f6VDOJmlQ7CypUNKzKVD5OWlQ33/pUM4GaZD
0TKmQ0pMpkPkZaZDnn+mQxeZpkOwsqZDSsymQ+TlpkOe/6ZDFxmnQ7Ayp0NKTKdD5GWnQ31/
p0M4madD0bKnQ0rMp0Pk5adDff+nQxcZqEOwMqhDSkyoQ+RlqEN9f6hDOJmoQ7CyqENKzKhD
5OWoQ33/qEM4GalDsDKpQ0pMqUMEZqlDnn+pQziZqUPRsqlDa8ypQwTmqUOe/6lDOBmqQ9Ey
qkNrTKpDBGaqQ55/qkM4mapD0bKqQ2vMqkME5qpDnv+qQzgZq0OwMqtDa0yrQwRmq0Oef6tD
OJmrQ9Gyq0NrzKtD5OWrQ57/q0N5GaxD0TKsQ2tMrEMEZqxDfX+sQziZrEPRsqxDSsysQwTm
rEOe/6xDFxmtQ9EyrUNrTK1DBGatQ55/rUM4ma1DsLKtQ2vMrUME5q1Dff+tQxcZrkPRMq5D
SkyuQwRmrkN9f65DOJmuQ7CyrkNrzK5D5OWuQ33/rkMXGa9DsDKvQ2tMr0MEZq9DfX+vQziZ
r0PRsq9DSsyvQwTmr0Oe/69DFxmwQ9EysENKTLBD5GWwQ31/sEMXmbBD0bKwQ2vMsEME5rBD
nv+wQxcZsUPRMrFDa0yxQ+RlsUN9f7FDF5mxQ9GysUNrzLFDBOaxQ33/sUM4GbJDsDKyQ0pM
skPkZbJDfX+yQxeZskOwsrJDSsyyQ+TlskN9/7JDOBmzQ7Ays0NrTLND5GWzQ31/s0M4mbND
sLKzQ0rMs0Pk5bNDff+zQzgZtEPRMrRDa0y0Q+RltEN9f7RDOJm0Q9GytENKzLRD5OW0Q33/
tEMXGbVD0TK1Q2tMtUPkZbVDnn+1QxeZtUOwsrVDSsy1Q+TltUN9/7VDFxm2Q7AytkNKTLZD
BGa2Q31/tkMXmbZDsLK2Q2vMtkPk5bZDIQC3QxcZt0OwMrdDa0y3QwRmt0N9f7dDOJm3Q9Gy
t0NrzLdDBOa3Q57/t0M4GbhD0TK4Q2tMuEMEZrhDnn+4QziZuEPRsrhDa8y4QwTmuEOe/7hD
OBm5Q9EyuUNKTLlDBGa5Q55/uUM4mblDsLK5Q2vMuUME5rlDnv+5QzgZukPRMrpDa0y6QwRm
ukOef7pDOJm6Q9GyukNrzLpD5OW6Q33/ukM4GbtD0TK7Q2tMu0MEZrtDnn+7QziZu0OwsrtD
a8y7Q+Tlu0Oe/7tDOBm8Q7AyvENrTLxDBGa8Q55/vEMXmbxDsLK8Q0rMvEME5rxDff+8QzgZ
vUOwMr1Da0y9QwRmvUN9f71DOJm9Q7CyvUNrzL1D5OW9Q33/vUM4Gb5D0TK+Q0pMvkPkZb5D
nn++QziZvkPRsr5DSsy+QwTmvkOe/75DOBm/Q7Ayv0NrTL9DBGa/Q6SAv0MXmb9DsLK/Q2vM
v0ME5r9Dnv+/QxcZwEOwMsBDa0zAQ+RlwEN9f8BDF5nAQ9GywENKzMBD5OXAQ33/wEM4GcFD
0TLBQ0pMwUPkZcFDnn/BQziZwUOwssFDSszBQwTmwUN9/8FDOBnCQ7AywkNrTMJDBGbCQ31/
wkM4mcJD0bLCQ0rMwkPk5cJDnv/CQxcZw0OwMsNDSkzDQ+Rlw0N9f8NDF5nDQ7Cyw0NKzMND
5OXDQ33/w0MXGcRDsDLEQ0pMxEPkZcRDnn/EQxeZxEOwssRDa8zEQ+TlxEN9/8RDFxnFQ7Ay
xUNKTMVD5GXFQ31/xUMXmcVD0bLFQ4zMxUME5sVDnv/FQzgZxkPRMsZDa0zGQwRmxkOef8ZD
OJnGQ9GyxkNrzMZDBObGQ57/xkM4GcdD0TLHQ/pOx0MEZsdDfX/HQziZx0PRssdDa8zHQwTm
x0Oe/8dDOBnIQ9EyyENrTMhDBGbIQ55/yEM4mchD0bLIQ2vMyEME5shDnv/IQzgZyUPRMslD
SkzJQwRmyUN9f8lDOJnJQ9GyyUNrzMlDBObJQ57/yUM4GcpD0TLKQ2tMykMEZspDnn/KQxeZ
ykPRsspDa8zKQ+TlykN9/8pDFxnLQ9Eyy0NKTMtDBGbLQ55/y0M4mctD0bLLQ0rMy0ME5stD
nv/LQzgZzEOwMsxD7kzMQwRmzEOef8xDOJnMQ7CyzENrzMxD5OXMQ57/zEM4Gc1D0TLNQ0pM
zUPkZc1DfX/NQziZzUPRss1Da8zNQwTmzUN9/81DFxnOQ7AyzkNKTM5D5GXOQ31/zkMXmc5D
E7POQ0rMzkPk5c5Dnv/OQxcZz0OwMs9DSkzPQ2dmz0Oef89DF5nPQ7Cyz0NKzM9D5OXPQ33/
z0MXGdBDsDLQQ2tM0EMEZtBDfX/QQxeZ0EPystBDa8zQQ+Tl0EPg/9BDFxnRQ9Ey0UNKTNFD
5GXRQ31/0UMXmdFD0bLRQ0rM0UME5tFD</AssayXData><AssayYData Points="600">ML8uvRSGLr2n9w+9ckEfvS/VE72eCAq9mx4UvbGnEb3VfgW9ZpUPvSHwBb0WQx69vqEQve5B
DL0cNhO9Ko4HvaC29LzWoQS9D6oDvf3dCb2+hgi9oqkLvUro/bzwxRu9H8P5vCi8+7wunAq9
ukj/vOtl7bzMlAi97EzsvNZC8rzqKgS93i4GvWzTDb1oOQm9+RP5vAJ9AL2v69u8Ib/zvF+v
3rymYgS9y/XlvE3iBL2oSfC8jl7pvJlZB71q7e28PSrrvBLyD71zfva8G932vIiZ/bwCY+e8
rFfjvHTm67wZyvW8g3TgvNZe67zulPy8UnbgvGgN2ryOSuK8v00Fvcya2ryEr+m846P1vBuB
47zucs68kPnkvApg8Ly33d68pPbVvIwA5rzL4b+8C5LYvDCy0byqU9y8LCTlvGDD7bxk9tC8
ymbnvId41bzVG828uAzSvOZL3Lyr7eq8wEfQvDfY1bwaRcW8AtzdvB7Ox7w6hMi8FlHWvE14
37xxNdO8y7fKvLuEv7wZb7O8xca9vJ9vyLxcjsi80aPQvPGBr7wVM9S8iWLAvPReq7xAM9O8
haXXvGPS2bwxkuu8YIu3vMPLxrwnqta8+vjJvMV1sLxNH8C8ryvGvIQ5q7xNnbG8OL/BvJB7
07yHSMS8M1cDvYq5urxVocu8RaicvF8PuLzf36G8mbKkvLGMt7zGONK8Kbm8vLUx1rylIKW8
USmvvDyvv7wVkLi8Yc7XvF60vbzpAZ68MEy6vBLPlrw4QI28TPbAvM3GtLx+a5y87EV+vGRI
xbwn/Lu8SOXIvLmOqLyW07C82iGevHejmrzLPby8DtanvJ/MnLz5Msm8kH6yvL7dorwkpJ68
pgGUvADpuLw1q7m8NoesvF0Cz7wZFKa847OIvJPLrLzLaZm80xi2vCBNr7wgO6+8m8m6vLSg
nbyV/aW8gSG3vGYNr7w+oYq8Jwm4vODYpLwydrW8pbzEvEDDrrx+U5i8PkGjvNmVlrzd8pK8
VTKpvC2MoryKibC8oQeevMvRurwwpbO8HZ+/vKy+kbx51Z68tnfCvPKEnrx/4668yqSevLTj
orwKIZS8Zo2bvIfEo7y1iKy8zaeovCeZk7z64Kq8xOSZvAVxn7y1L4i8BDeHvPiGnbwyNY68
nl2bvAZyi7yNmHy8KMaLvP3BurzoWXO82wOYvCcfj7ylhYK84uOlvImXlbzaL5W87LOUvLdg
qrwuJJC8IqCBvKPGv7zeDom8cnqXvDqJmLz2xXu8yAuFvAH2r7wHQIW8M4GSvB/Rgbxz3KO8
VHGgvF66k7xB1bi8wHimvIFWgrxus7K8lX53vBx2l7xkP2y8A/6ivBlrq7wVmIe8GTKavAz6
obx2oJS8C/aGvN1lgrwKwIe8VyaNvK53arzLe2q8Yw2KvGiRUbxuA4+8cJicvBFThbxnOlW8
QzGKvN7LhrxhAou8yJqQvPBTgLw3kXe8B2OZvAszmrzfEoG85GanvGuAh7zhFp+8QzyPvCHd
QrwhvZm83ZRBvDShdbzMVG+8MlR/vGUcg7zHLIS8iA2XvHMNSrztI3C8USJ0vLAAkryeO1+8
9SxxvOMniLzsnYq8eBxTvLyDL7wFsIi8LY6PvIyhSby35YG87W2CvIIQZrydSSu85ZtDvJ1a
dLypwne8KERwvEJXary0sXO8wm6BvKU4FLyERoW8mMmLvPdxi7wxKl28oS9bvJswTLym+X28
Oe56vLlTVLyEVi68KT+CvAIiibxI/IC8DlFIvC5HRry92Ci8JBdTvPsVg7yEzIi8m7VivM2E
Q7wpNZi8ijo3vCdIYLz612O8Vp9FvJ7NhbwwVVy8ebYovBuZV7zuHUq8TFBXvGi6Wbwa1WC8
QX05vC/4XLwIsjm8nbFsvFYsa7yELDe86dE1vFr5gLyo7Yu87gZHvFNBf7wVZ0m8HTxVvDBk
MbzpVlO8u+s4vJqTarzdAWG8rE4cvEz5Z7xlB2O8Jk01vJJpY7wP8m280XxBvH/oR7werFS8
+mBvvDkRbLxxwli8fU5svF+xObzJtCO88n5BvLVyRLxBs2m8ZSZ4vFhdE7yvky686DsVvHXx
WLxgboK8HVI6vBzvPLxL5xy8ereDvPdUbrwF6iK85vg9vMu5PLx8g1e8oAEovIIqg7zT1Re8
z89JvGBflrzEkw68TW4wvIp1Y7zn++27kxlVvI9F/bvKblK80ER1vIi5UrwUDkm8gpl7vKf7
N7zFTeS7uz4evDb9bLxNmzO8UMs8vClxI7xnxkC8IhwUvODJPbzu7D68xen7u6ZsKLzFi4G8
P8VdvH+bFbzX2lC8G8olvJl6UryE/zW8YmVNvB45crzyom28U6cTvAleMbxmezS8AltrvA8S
Crz3U2C8q1AuvHu2JbwwZmG8RK1xvNYjJbzED0e83KkzvFQ+VLzEqie8e0gtvKHQ6bvvGoW8
LXnXu7AbI7w99uG7NKBCvEXoE7xJHgu8Pdryu/XKFbwyCA+84h8xvE2gPrw6kBi8u0FmvAbm
6budOyu8s29IvLGdD7xwGyi8IvpBvHP1D7xO+1e8/bMQvCyU6rumnwS8uiUsvEYMNby00Qq8
JftWvMimQ7yuFk+8gIHgu8z/UryFDC28OfYqvCUgLrwNvji8juwrvKMP/btxAjK80wI/vPCG
RLxyDAC84MQ1vDbFK7xdQTW8VXAgvM4hI7zr0DG8+xoevAJWBLziMya8n5zMuyJ/KbzmpN+7
79QJvMs9FrwVDCK8dTMEvPASC7yAWRq8tRBavHLWKLxb/Ka78py8uxjSFLuAzhO8vzNkvOHz
s7vOhUS8P8jXu/fEE7wnEUK8pFRou6VJ97vafum7sgX0u8gD17ua7xK8CwkNvFoKF7wUMg+8
BjfPu8rJILzvrgW8jRDYu4pPKLxEqe27J6QIvGACLbzPTxK8xvcHvF6LyrvyDB28PXMyvEUG
ALxWzrC6+FcvvIbYKbyEmAe879dHvC3ElLu8d9C71+cnvCNMyrsQW1G8loD2u8koLbwuOgu8
4PwevJVtL7zBTSi8ZC4SvLu0z7vhD/G7ZQzqu63tE7xUCxS8sQh6u+IoEbx1wQS8k1/Ou44L
HLyvx7y7GYQZvHW6Erx9xEi8nq0KvFsD87vEKwS8zkYPvDmRGrycCcO73T7du8BkMrxmnCu8
d4savKAu6LvkkRq8JkwavB3p9rv9eQW8</AssayYData></Step><Step><CommonData><SampleLocation>4</SampleLocation><SampleID>AB</SampleID><SampleGroup></SampleGroup><SampleInfo>in Running Buffer</SampleInfo><SampleRow>G</SampleRow><SamplePlate>1</SamplePlate><WellType>KLOAD</WellType><Concentration>0.307</Concentration><ConcentrationUnits>µg/ml</ConcentrationUnits><MolarConcentration>307</MolarConcentration><MolarConcUnits>nM</MolarConcUnits><MolecularWeight>-1</MolecularWeight><Temperature>30</Temperature><StartTime>489491</StartTime><AssayTime>20</AssayTime></CommonData><FlowRate>1000</FlowRate><StepType>LOADING</StepType><StepName>Loading</StepName><StepStatus>OK</StepStatus><ActualTime>20</ActualTime><CycleTime>0.2</CycleTime><AssayXData Points="100">nv/RQzgZ0kPyMtJDSkzSQ7Vo0kN9f9JDOJnSQ9Gy0kNrzNJD5OXSQ57/0kMXGdNDsDLTQ2tM
00PkZdNDnn/TQxeZ00PRstNDa8zTQ+Tl00Oe/9NDFxnUQ7Ay1ENKTNRD5GXUQ55/1EMXmdRD
sLLUQ0rM1EPk5dRDnv/UQxcZ1UOwMtVDSkzVQwRm1UOqgdVDF5nVQ7Cy1UNKzNVD5OXVQ33/
1UM4GdZDsDLWQ2tM1kPkZdZDnn/WQxeZ1kOwstZDSszWQ+Tl1kN9/9ZDFxnXQ7Ay10NKTNdD
5GXXQ31/10M4mddDsLLXQ0rM10Pk5ddDff/XQz4a2EOwMthDSkzYQ+Rl2EN9f9hDF5nYQ7Cy
2ENKzNhDbefYQ33/2EMXGdlDsDLZQ0pM2UPkZdlDnn/ZQziZ2UPystlDa8zZQwTm2UOe/9lD
OBnaQ9Ey2kNrTNpDBGbaQ55/2kM4mdpDdbPaQ2vM2kME5tpDnv/aQzgZ20PRMttDSkzbQwRm
20Oef9tDOJnbQ9Gy20NrzNtDBObbQw==</AssayXData><AssayYData Points="100">0MQVvKU5HrxWGxq8oYmAu4PgmLszCSg7Hx2Zu0apfroSR687l7oIPNX0rzseDvg7j1c2PKFv
RTxDBIE8A2URPP5rcDznTGw8r341PPrUijwR3KY8JcySPINkzjye/rY86YvKPDli1jwO0/M8
1aXlPKHTCT2lvgM9MSoQPRKBCD3O/RE9I/kYPVl8Ej1jOhU9oskSPaNOID1J3y49m7sqPfBg
Nz0/0Tw9/4hGPVPYPD1hvDw9q0hQPduFVz2WTGE9zUhpPft8Wj0S0Hc9NHx0PaKOdT35cn89
G0FxPbFAgT3m1YE9b7yKPcGTjz1DU5M9k7aRPe+/mz0XI5g9NQ6NPT+7oD1DbZw9UFGcPe5b
oj0Y+qc9kHqjPTtdqT20uao9sBaxPTjHsT11Brk9+Aa/PVA5uT2Ku7o9gkzAPVNFvT1QFcE9
duvGPe9BxD2ZTMs9+oPPPbX11j2wo8Y9rlnUPf1c2T2OPdc9j1LlPV++4D3nxd49VDzmPT8+
5T1Nfe895UXkPclq7z1O2fA9COTwPQ==</AssayYData></Step><Step><CommonData><SampleLocation>5</SampleLocation><SampleID>BB</SampleID><SampleGroup></SampleGroup><SampleInfo></SampleInfo><SampleRow>G</SampleRow><SamplePlate>1</SamplePlate><WellType>BUFFER</WellType><Concentration>2.5</Concentration><ConcentrationUnits>µg/ml</ConcentrationUnits><MolarConcentration>2500</MolarConcentration><MolarConcUnits>nM</MolarConcUnits><MolecularWeight>-1</MolecularWeight><Temperature>30</Temperature><StartTime>516805</StartTime><AssayTime>60</AssayTime></CommonData><FlowRate>1000</FlowRate><StepType>BASELINE</StepType><StepName>Baseline 60</StepName><StepStatus>OK</StepStatus><ActualTime>59.999</ActualTime><CycleTime>0.2</CycleTime><AssayXData Points="300">nv/bQzgZ3EOwMtxDrEzcQ+Rl3EOkgNxDOJncQ7Cy3ENKzNxDBObcQ33/3EMXGd1D0TLdQ0pM
3UPkZd1DfX/dQxeZ3UOwst1DSszdQ+Tl3UN9/91DFxneQ9Ey3kNrTN5D5GXeQ31/3kMXmd5D
sLLeQ2vM3kPk5d5Dff/eQzgZ30PRMt9Da0zfQwRm30Oef99DOJnfQ9Gy30NrzN9DBObfQ57/
30NYGeBD0TLgQ2tM4EMlZuBDnn/gQziZ4EPRsuBDa8zgQwTm4EOe/+BDOBnhQ9Ey4UNrTOFD
BGbhQ55/4UM4meFD0bLhQ2vM4UME5uFDff/hQzgZ4kPRMuJDSkziQ+Rl4kOef+JDOJniQ9Gy
4kNrzOJDBObiQ57/4kM4GeND0TLjQ2tM40MEZuNDnn/jQziZ40OwsuNDss3jQwTm40Oe/+ND
OBnkQ7Ay5ENrTORDBGbkQ55/5EMXmeRD0bLkQ0rM5EME5uRDnv/kQzgZ5UOwMuVDa0zlQwRm
5UN9f+VDOJnlQ9Gy5UNKzOVD5OXlQ33/5UMXGeZDsDLmQ2tM5kMEZuZDnn/mQxeZ5kPRsuZD
SszmQ+Tl5kN9/+ZDFxnnQ7Ay50NrTOdD5GXnQ55/50M4medDsLLnQ2vM50Pk5edDff/nQxcZ
6EPXM+hDa0zoQ+Rl6EN9f+hDF5noQ9Gy6ENKzOhD5OXoQ0IA6UM4GelDsDLpQ0pM6UPkZelD
fX/pQxeZ6UOwsulDjMzpQ+Tl6UOe/+lDFxnqQ7Ay6kNKTOpD5GXqQ31/6kMXmepDsLLqQ83M
6kPk5epDff/qQxcZ60OwMutDjEzrQ+Rl60N9f+tDF5nrQ7Cy60NKzOtD5OXrQ33/60MXGexD
0TLsQ0pM7EMEZuxDfX/sQxeZ7EOwsuxDSszsQ+Tl7EOe/+xDOBntQ9Ey7UNrTO1DBGbtQ55/
7UM4me1D0bLtQ2vM7UME5u1Dnv/tQzgZ7kOWM+5Da0zuQwRm7kN9f+5DOJnuQ9Gy7kNrzO5D
BObuQ57/7kM4Ge9D0TLvQ2tM70MEZu9Dnn/vQziZ70PRsu9Da8zvQwTm70OkAPBDOBnwQ9Ey
8ENrTPBDBGbwQ31/8EM4mfBD0bLwQ1DN8EME5vBDff/wQxcZ8UOwMvFDa0zxQwRm8UOef/FD
OJnxQ9Gy8UNKzPFD5OXxQ57/8UMXGfJD0TLyQ2tM8kMEZvJDfX/yQziZ8kPRsvJDSszyQwTm
8kN9//JDFxnzQ9Ey80NrTPNDBGbzQ55/80M4mfND0bLzQ0rM80MK5/NDff/zQxcZ9EPRMvRD
a0z0QwRm9EN9f/RDOJn0Q7Cy9ENKzPRDBOb0Q57/9EM4GfVD0TL1Q2tM9UMEZvVDnn/1QziZ
9UOwsvVDjMz1Q+Tl9UN9//VDFxn2Q7Ay9kNKTPZD5GX2Q31/9kMXmfZD0bL2Q0rM9kME5vZD
ff/2QzgZ90OwMvdD0033QwRm90N9f/dDOJn3Q9Gy90OSzfdDBOb3Q33/90PBGvhDsDL4Q0pM
+EMEZvhDfX/4QxeZ+EOwsvhDSsz4Q+Tl+EN9//hDFxn5Q7Ay+UNrTPlD5GX5Q31/+UMXmflD
sLL5Q0rM+UPk5flD</AssayXData><AssayYData Points="300">x2zEPmdZyD6y2sw++XzNPjmMzj5/JM4+DwvPPgYqzz6ouM4++1fPPhlEzj5QP84+VF7NPhR9
zT7a7sw+kHXNPjSCyz4pQ8w+FMbKPmWlzD68ack+Oz3KPh7Eyz5MAMk+wavLPo6yyT6weMo+
zNPLPsOsyj4oAss+k2vKPrdXyT4Z5Mo+4sXKPm4xyz5R/cg++qfJPslLyz6rrso+/bvKPtyc
yT5AV8c+PWzJPmGsyj5LnMg+5Z7KPul6yj7SPso+pOvKPmZmyD6j/co+XkrJPhokyj7YxsY+
edPGPspXyD7l7cU+82PIPt5LyD7sAMg+gk/HPj57xz5UTsk+xj3GPsA0yD41FMU+4MnHPkFp
xj7D9cc+5mvHPn/oxj72i8c+hLLHPjBExj42c8g+/EfGPh9UyD6GJ8k+znDEPib/xj4+2cc+
bjTHPkrtxj5kxsU+NJfHPgyNxz7W4sU+Ul3GPtpjxz778cQ+mGnGPnuyxD50ocU+M3jGPuR3
xD4gMsQ+0bPGPmerwj6S9sU+bqrEPquqxD7RIMY+pt3FPtuFxD6fvcM+OgnFPiZgxT6HkMY+
gzfEPm/IxD6LUMU+x+HFPhVwwz4AMcY+7WTEPmiNxD7mr8Q+NnbDPk44xT7QVsQ+2qrEPrLT
wz4Xn8M+RwzDPt+2wz64XsM+j9TCPkcQwj62AsQ+CLTCPsWDwj4gE8I++yHBPhyhwz5rKsI+
eN/CPlTIwj56TcQ+QpHDPovqwT4qWMM+zkbCPnNIwj6THsI+9gHDPhIOwT7yXcA+BjfCPkeX
wT6fQ8E+UF7APtWXvz6CecA+dmTAPhq7wT7OPME+nJG+Pjd6wj54ar8+xv6/PtFFwD6exb8+
uYnBPg+6wT5MOcA+4e2/Pi3CwD4OncE+R03BPsIpwT7/RcI+SP7APvI/wj7pSMA+RNi+PmH6
vz6dHcE+bKbAPqWlwD52fb8+2HG/PmFZwD5yH78+QW7BPi5hvz4fzL4+Ymy+PlXDvj7d6L8+
MnO+PrS0wD6uhr0+sbq9Pswcvz5MZr8+9Qa/Puw1wD5aGL4+TXm+PotJvT7Lu78+XYO+Pt2I
vz7bAsA+y6O+PsVQvT7fob0+4j69PqPYvT7PzL8+3mC9Pt21vj7Hrb4+Atu8Pl4dvj63dr0+
TF+7PtCOvj47Mb8+3ua+Pjawvz5isL4+PkC9PuUFvD6jIb4+Kie7PgCmvD56xr0++R+9Pjcy
vD6fwrw+WCq8Pvf3vD7xH7w+bji8PiZwuj7Qw7w+t2W6PqRxuj5oUbs+3K69Pnz/uz5yubs+
Ls66PunrvD4qCbw+fHa+Pp9Duz7XuLk+9b26PrB5vD6bmrs+7pS8Phdkuz6L1Ls+HKm7PhGm
uz6bHLs+RVC7PiwLuz5RHbw+EfK7PnJpuz4v1Lo+w366Ppp8uj4nu7o+Tam7Pgs1vD46E70+
n9m7PhBXuD7+17s+rBO7PjYBuz7rprs+ZhO6Pusnuj5NAro+fyq8PmVYtz4fBLw+X4u5PjLr
uT7RJ7w+ZIa5PjNfuT5Klro+kh+6PhAEuj5Kj7o+weC7PuDjtz4jf7s+/Ku6PvQ4uD7hE7o+
KTW6Pqpyuz4pHro+</AssayYData></Step><Step><CommonData><SampleLocation>6</SampleLocation><SampleID>Running Buffer</SampleID><SampleGroup></SampleGroup><SampleInfo>in Running Buffer</SampleInfo><SampleRow>G</SampleRow><SamplePlate>1</SamplePlate><WellType>BUFFER</WellType><Concentration>-1</Concentration><ConcentrationUnits>µg/ml</ConcentrationUnits><MolarConcentration>-1</MolarConcentration><MolarConcUnits>nM</MolarConcUnits><MolecularWeight>-1</MolecularWeight><Temperature>30</Temperature><StartTime>584648</StartTime><AssayTime>20</AssayTime></CommonData><FlowRate>1000</FlowRate><StepType>BASELINE</StepType><StepName>Baseline 20</StepName><StepStatus>OK</StepStatus><ActualTime>20</ActualTime><CycleTime>0.2</CycleTime><AssayXData Points="100">fv/5QxgZ+kOxMvpDKkz6Q8Rl+kN+f/pD95j6Q7Gy+kNLzPpD5OX6Q13/+kP3GPtDkDL7QypM
+0PEZftDXX/7Q/eY+0OxsvtDKsz7Q8Tl+0Nd//tD9xj8Q5Ay/ENLTPxDxGX8Q35//EMYmfxD
sbL8Q0vM/EPE5fxDXf/8Q/cY/UOQMv1DKkz9Q8Rl/UNdf/1DGJn9Q5Cy/UNLzP1DxOX9Q13/
/UP3GP5DkDL+Q0tM/kPEZf5DXX/+Q/eY/kOQsv5DKsz+Q8Tl/kN+//5D9xj/Q5Ay/0MqTP9D
xGX/Q11//0MYmf9DsbL/QyrM/0PE5f9Dfv//Q3sMAERZGQBEJSYAROIyAETPPwBEjEwARFlZ
AEQlZgBE8nIARL9/AESMjABEWZkARCWmAETysgBEv78ARIzMAERZ2QBEJeYARPLyAES//wBE
jAwBRFkZAUQlJgFE8jIBRL8/AUSMTAFESFkBRCVmAUTycgFEv38BRIyMAURZmQFEJaYBRPKy
AUS/vwFEjMwBREjZAUQl5gFE8vIBRA==</AssayXData><AssayYData Points="100">BLdFPimAGD5z7AM+G/T0PaXb3z0ott8954bfPa0E7j3Ne+c9tBHzPdNw6j0v/vI9TibnPY2u
/j2C7/A9CKkAPpXF+D1UCPg9roP/Peks+z3ZXf09ZAwBPkah+z15+v09upEBPosOAz74BAI+
eQwDPs20AD477AI+svwBPtuoAj413wU+kQ4JPrVpAz4iUwQ+zm8CPoIEBT6negU+Q/EFPgmb
BT5jGgM+LAcIPsCIBD6zHQU+hMwHPiyKCj7HDQk+vV8HPgZFCD7UdAc+vgcFPtpLCT6L7wY+
Ip8IPtyCBz5UDwk+UqoGPgFqCD6kIQo+NpwGPgmcBT7rzww+lg0JPvMHCT5qjAc+a3gMPqBt
CT7flwg+/kAHPt5FED4ArAs+z8IGPhTFCT4tswo+VIEJPl6fBD4org0+A18MPkKhCT7evQc+
tssMPhyjCT6nIAs+f0EOPlWGCz7jqgs+bJkMPivOCT6J5ww+XwIMPsJCDj6QTAs+r6QLPkv5
DD7CmQo+Af8OPgESDD7E8gs+1PIMPg==</AssayYData></Step><Step><CommonData><SampleLocation>7</SampleLocation><SampleID>aKappa 50ug/ml</SampleID><SampleGroup></SampleGroup><SampleInfo></SampleInfo><SampleRow>G</SampleRow><SamplePlate>1</SamplePlate><WellType>KSAMPLE</WellType><Concentration>-1</Concentration><ConcentrationUnits>µg/ml</ConcentrationUnits><MolarConcentration>-1</MolarConcentration><MolarConcUnits>nM</MolarConcUnits><MolecularWeight>-1</MolecularWeight><Temperature>30</Temperature><StartTime>612973</StartTime><AssayTime>120</AssayTime></CommonData><FlowRate>1000</FlowRate><StepType>ASSOC</StepType><StepName>Association</StepName><StepStatus>OK</StepStatus><ActualTime>120</ActualTime><CycleTime>0.2</CycleTime><AssayXData Points="600">v/8BRIwMAkRZGQJEJSYCRPIyAkS/PwJEe0wCRFlZAkQlZgJE8nICRL9/AkSMjAJEWZkCRCWm
AkTysgJEv78CRHvMAkRZ2QJEJeYCRPLyAkS//wJEjAwDRFkZA0QlJgNE8jIDRL8/A0QfTQNE
WVkDRCVmA0TycgNEv38DRIyMA0RZmQNEJaYDRAOzA0S/vwNEjMwDREjZA0Ql5gNE4vIDRL//
A0SMDAREWRkERBUmBETyMgREvz8ERHtMBERZWQREJWYERPJyBESvfwREe4wEREiZBEQlpgRE
8rIERK+/BER7zAREWdkERCXmBETi8gREz/8ERIwMBURZGQVEFSYFROIyBURjQAVEe0wFREhZ
BUQVZgVE8nIFRK9/BUR7jAVESJkFRBWmBUTysgVEr78FRIzMBURI2QVEJeYFROLyBUS//wVE
ewwGRFkZBkQVJgZE4jIGRL8/BkR7TAZEkFoGRCVmBkTicgZEv38GRM2MBkRImQZEFaYGROKy
BkSvvwZEe8wGREjZBkQV5gZE4vIGRK//BkR7DAdEWRkHRBUmB0TiMgdEvz8HRHtMB0RZWQdE
FWYHROJyB0SvfwdEe4wHREiZB0QVpgdE4rIHRK+/B0R7zAdEWdkHRBXmB0Ti8gdEr/8HRHsM
CERZGQhEiCYIRPIyCES/PwhEe0wIRFlZCEQlZghE8nIIRAGACESMjAhEWZkIRCWmCETysghE
v78IRHvMCERZ2QhERuYIRPLyCES//whEjAwJREgZCUQlJglE8jIJRL8/CUSMTAlEWVkJRCVm
CUTycglEv38JRIyMCURZmQlEJaYJRPKyCUS/vwlEjMwJRFnZCUQl5glENPMJRK//CUSMDApE
SBkKRBUmCkTiMgpEvz8KRHtMCkRZWQpEJWYKRPJyCkS/fwpEjIwKREiZCkQlpgpE8rIKRL+/
CkR7zApESNkKRCXmCkTy8gpEv/8KRHsMC0RZGQtEJSYLROIyC0S/PwtEe0wLREpcC0RtZwtE
4nILROB/C0SMjAtEWZkLRCWmC0TysgtEv78LRHvMC0RZ2QtEJeYLROLyC0Sv/wtEewwMREgZ
DEQVJgxE4jIMRK8/DER7TAxESFkMRHdmDETicgxEv38MRIyMDERZmQxEFaYMRPKyDESvvwxE
nMwMRFnZDEQl5gxE8vIMRK//DETuDA1ESBkNRBUmDUTyMg1Erz8NRB9NDURZWQ1EJWYNROJy
DUS/fw1Ee4wNREiZDUQlpg1EA7MNRK+/DUR7zA1ESNkNRBXmDUTi8g1Er/8NRHsMDkRpGQ5E
FSYORPIyDkSvPw5Ee0wOREhZDkQVZg5E4nIORK9/DkR7jA5ESJkORBWmDkTisg5Er78ORHvM
DkRI2Q5EFeYOROLyDkSv/w5EjAwPRGkZD0QVJg9E4jIPRK8/D0SMTA9EWVkPRDZmD0Tycg9E
v38PRIyMD0RZmQ9EJaYPRPKyD0S/vw9EjMwPRFnZD0Ql5g9E8vIPRL//D0SMDBBESBkQRCUm
EETyMhBEvz8QRIxMEERZWRBEJWYQRPJyEES/fxBEjIwQRFmZEEQlphBE8rIQRK+/EESMzBBE
WdkQRCXmEES38xBEv/8QRIwMEURZGRFEFSYRRIYzEUS/PxFEjEwRRFlZEUQlZhFE8nIRRL9/
EUR7jBFEWZkRRBWmEUTyshFEv78RRIzMEURZ2RFEJeYRRPLyEUS//xFEewwSRFkZEkQVJhJE
4jISRK8/EkR7TBJEWVkSRCVmEkTichJEz38SRIyMEkRImRJEJaYSRBOzEkSvvxJEe8wSRFnZ
EkTJ5hJE4vISRL//EkSMDBNESBkTRKgmE0TiMhNEvz8TRIxME0RZWRNEJWYTRDRzE0S/fxNE
3owTRFmZE0QVphNE8rITRK+/E0SMzBNESNkTRBXmE0Ty8hNEr/8TRHsMFERZGRREFSYUROIy
FES/PxREjEwUREhZFEQVZhRE4nIURK9/FER7jBRESJkURBWmFETyshREv78URHvMFER52RRE
JeYUROLyFES//xREewwVRMsZFUQVJhVE4jIVRK8/FUR7TBVEWVkVREZmFUTichVEr38VRHuM
FURImRVEFaYVROKyFUSvvxVEe8wVRFnZFUQV5hVE8vIVRK//FUSMDBZESBkWRBUmFkTyMhZE
vz8WRIxMFkRIWRZEVmYWROJyFkS/fxZEjIwWRFmZFkQlphZE8rIWRL+/FkRQzRZEWdkWRCXm
FkTy8hZEv/8WRIwMF0RZGRdEJSYXRPIyF0S/PxdEe0wXREhZF0QlZhdE8nIXRL9/F0SMjBdE
WZkXRCWmF0TyshdEv78XRIzMF0RZ2RdEJeYXROLyF0S//xdEjAwYRFkZGEQlJhhE8jIYRL8/
GESMTBhESFkYRCVmGETychhEv38YRHuMGERZmRhEFaYYRPKyGERSwBhEjMwYREjZGEQl5hhE
8vIYRL//GESMDBlESBkZRCUmGUTiMhlEvz8ZRIxMGURZWRlEJWYZRPJyGUS/fxlEjIwZRFmZ
GUQVphlE8rIZRK+/GUSMzBlESNkZRBXmGUTi8hlEv/8ZRHsMGkRZGRpEJSYaROIyGkS/PxpE
nEwaREhZGkQlZhpE8nIaRL9/GkR7jBpEWZkaRBWmGkTyshpEr78aRIzMGkRZ2RpEJeYaRGXz
GkSv/xpEjAwbREgZG0QVJhtE4jIbRK8/G0SMTBtEmlkbRBVmG0TichtEr38bRIyMG0RImRtE
FaYbROKyG0SvvxtEe8wbREjZG0Ql5htE4vIbRK//G0R7DBxESBkcRCUmHETiMhxErz8cRIxM
HERIWRxEJWYcROJyHES/fxxEjIwcREiZHEQVphxE4rIcRK+/HER7zBxEWdkcRBXmHETi8hxE
r/8cRHsMHURIGR1EFSYdROIyHUS/Px1Ee0wdREhZHUQlZh1E4nIdRM9/HUSMjB1EWZkdRCWm
HUTysh1Ev78dRIzMHURZ2R1EJeYdRCPzHUS//x1EjAweRFkZHkQlJh5E8jIeRL8/HkSMTB5E
WVkeRCVmHkTych5Ev38eRIyMHkRZmR5EJaYeRPKyHkS/vx5EjMweRFnZHkQl5h5E8vIeRL//
HkSMDB9EWRkfRCUmH0TiMh9Evz8fRIxMH0RZWR9EJWYfROJyH0Svfx9Ee4wfRFmZH0Qlph9E
NLMfRL+/H0R7zB9EWdkfRCXmH0Ty8h9E</AssayXData><AssayYData Points="600">1m6aPkOMrD6owrU+2xG7PqUTvj7JYME+n9DDPqZ6xD7Fnsc+wePFPpHNyz5UIMo+tYTOPlMY
zD6En88+ZETQPjY60j65WNQ+R9zUPtAO1z7EPtc+z6vWPqf11z63Rdk+zyzcPjWT2z5Woto+
zcTcPp792z6kjd0+LKTfPk0V3z7c0+E+myTfPtYg5D534uM+OHPjPvKJ5D5Mv+Q+UUfmPqhF
5j5W8OU+5s7mPuZk6D7doOg+Ln7pPtJK6j6xkOo+TYjrPh/h6z7jL+0+MqTuPqPx7D5Sg+8+
f2zuPpCF7z59evA+amXxPvnl7z749vE+8/PyPoIn8j4eBPM+uy70Pqoq9D6VsfI+Hbz0PgEb
8z6brPU+acbzPvoe9z4jTfU+ohz3Pjkj9j5xavc+4V/4PlWQ9z7gk/o+uez6PuJm+j50Dfs+
cU36PsMK+T6KAfs+Vob7Plqv+z5x/fs+2PP8PjK++z51Hfw+U9/9Ptvf/T4plf0+jpP8PoRr
/j7+xf4+K6IAPzkd/j7i4P4+LX//PjOH/z6RSwA/LQ4BP1zYAD9Bd/8+DFIBP+ToAD+T5QA/
aRABP1KFAT9ZUQE/AuUBP+OyAT8poQA/yTkBP8WpAT+c4QE/DOcCPzP9AT+VVAI/DHoCPw6v
AT/mhAM/EgECPw1/Az/4vwI/d6gCP0wgAz8nqAM/A2gEP5RmAz/ABQQ/WEgEP9nrBD8bEAQ/
zN8DP0XsAz+qRQQ/zNYDP/FYBD/z3wM/uW4EP18ABT8H5QQ/P3sDPzEUBT8MTQU/DpEEP6Jm
BD8RTwY/J0YFP/v1Bj+dOQU/4eoGP4cVBT+uKAY/GzcGP6AKBT9LUgY/hgcGP48/Bj/G8QY/
PbwGPxm8Bj9gCgY/DF8GP9qHBz+prQc/Z6QHP146Bz9bwAc/hzwHP2hOBz+kqAc/COQGP1Pu
Bz8g/wY/I3UIP402CD9/Qwg/GN4HP/ztCD9dMwg/knAHP7bxBz8hgQg/Xp8IP8P0Bz//AQg/
sjIJP3UhCT9qtAg/QsgIP6IRCT+hjQg/aDQJPykFCT9JGAo/19QHP56eCj/RJgg/BC4JP/G3
Cj/lfAo/orgJPw6cCj93Bgk/l90JP9cTCD8TZgo/lbYJP+7DCj+M4wo/06cJP9/xCT9HnAo/
LwgLP3FFCj8+ggo/iHkJP5H2CT95Iww/GUQJP2qsCj9MmQo/lXMLP4ADDD/pswo/R5YKP1fw
Cj9JWww/WXALPwyJCz97+ws/ga8LP3C9Cz92uQs/eMQLPxwFCz9A9gs/EcUMPxk0DD/HXAw/
n2gMP+01DD8hvgw/DBAMPyIIDD8LTAs/M2kMP0xpCz9KFAw/PcYMPzVHDD/Vygw/tG4MP+Ze
DD9W8Qs/FLoLP6ZjDD8R0ww/VQ8MPy7iDD+twQs/8tQLP2HbCz9sqQ0/mnINP/u5DD8JxA0/
ZksMPx+IDT9opw0/2WYNP8seDT8QMw0/ZvQLP63yDT+gdw0/WbAMP1VEDT+1qw0/FhwOP3jt
DT++jQ4/nVENP1hMDj9NSg4/SvQNP/MRDj+pOw0/oRANP+BpDj/Gig4/Zx4OPzs/DT9aBA8/
OFQOP9ocDz8cZA4/2pUOP81nDj/ZqQ4/hTkOP6GjDj8W4w4/1I4OP6rSDj+05Q0/jnkOP4XE
Dj95/g0/AP0NP41kDj8FoA4/l68PP9iiDz/ucw4/8esOPzwRED9Uaw8/KYINP9z8Dz+PHA8/
z/oOPyYqED+acg8/nz8PP5zZDj/NAA8/3bUPPyXwDj+UVxA/kv0PP1GDDz8XNw8/DZEQP82e
Dz/N+A8/IHMPP5VTDz+AGBA/Db8PPxnCDz+csQ8/aiEQP+L1Dz8xPxA/k/EPP8MQET+3YBA/
8J0PP93OED9QHhA/oqUQP/X+Dz8zfRA/ILgQP7GQET/8jRE/tgkRP7mwDz+3VxA/1qMQPxwa
ED+AnxA/7roQP8vYED8cexA/IP0PP37fED+edRA/bFwRP67mED8qcxA/0NIQP8OkET+01xE/
iNwRP8LyET/JsA8/2ewQPyIZEj8MXRI/fyERPz4gED/SeRE/fbMRP8HuED9aGxE/FxsTPywQ
Ej8vVBE/eRATP9bcED+eaBI/vbYRP6d3ET/uyBE/FBcSPzYDEj+zfBE/YlQSP76uET+5NxI/
tVsSP225ET993RE/600SP8+zEj+/ShI/8tcRP6hIEj8UaxM/6FsRP353Ej/y+xI/yKkSP3h1
Ej+PyBI/zzISP6QLEj/xrhI/XgYSP6CIEj/fKBI/EA4TP+MWEz+QnxI/+lQSP+jNEj9rpxI/
IocSPzghEz9C6xI/UKISP8crEj9TLxM/mTUTP0MUEz975BI/bywTP4gUEz8EwxQ/SsMTP7LG
Ez/r7BI/RcUSP7D3Ej+VDhQ/d6UTPwELEz+0ihM/Y+ETP8DSFD/OnhQ/x2YTP5wjFD9/+xM/
VyUUPzLBEz/oEBM/EXsTPwGCEz/OHhM/+MwTP9MjEz+OOxQ/7iQVP3+5FD9gjBQ/Ga4TP8mC
FD8VCxQ/WPsUP2e+FD9ffBQ/v24UP4KDFD9SXBQ/AXcUPw0rEz+xAxU/u/8TP+8IFD8EfRU/
9TcUPwuTFD8uFhQ/8joUP0l+FT87QhU/X7sTP/KKFD81NRU/itUUP/C3FD82dxQ/LPcUP+1a
FT8epBU/zFIVPz7tFD9L+xU/3GIUPxycFT+p6RM/cj0VP3xrFT/r7hQ/WmAVP+aYFD8zcxU/
pswUP1aOFT/T6RU/DUwUP3j8Ez8jMBU/M2sVPwz8FT8idRQ/RSUWPw94FT+BbhQ/eOcVP+sa
FT+BYhY/mxMWPwPJFD/wqhU/FAcVPxtEFj9iSBY/aJgVP/ZaFj9l1BY/8e0VPwSTFD8g/xQ/
Oa0VP+IvFj+FORU/DSEWPyASFT9WlRU/08wVP+OcFT9vgxY/mAIXP1cNFj/lZRY/qlgVP2ER
Fj8JGxY/XbYWP9FFFj96lxY/PMcXP6b0FT8/RhY/+BsXP0T7Fj+VWxU/ghIWP1NhFj+GaBU/
XaQVP2yOFz8oFRY/v8QVP9HCFj9pkxY/r/wVP139Fj/EvRY/OaMWP4n9Fj/HZBY/RugWP58N
GD9DxBY/H7gWP7bMFj9HUBc/2FYXP497Fj+MsRY/2UwWPxqXFz9jtRY/kMkWP7+vFj8/Jhc/
fDQYPyBMFz9+bBc/Uw8XPyn4Fz+3KRc/</AssayYData></Step></KineticsData></ExperimentResults>
