<?xml version="1.0" encoding="UTF-8" standalone="yes"?>
<ExperimentResults><ExperimentInfo Name="20251008 UPFB0001"><ExpDescription>AHC example method - full characterization&#13;
Analyte titration series with reference channel</ExpDescription><RTDVersion>2.0</RTDVersion><RunID>44513BEA-5865-4B65-BE64-68D265EFB71C</RunID><ExperimentType>KINETICS</ExperimentType><ExperimentSubType>KBASIC</ExperimentSubType><StartDateTime>2025-10-08T15:13:15</StartDateTime><MachineName>BN7KX12</MachineName><UserName>octet</UserName><LotNumber></LotNumber><PlateName>251008</PlateName><PlateName2></PlateName2><SensorName>B1</SensorName><SensorPlate>1</SensorPlate><SensorType>AHC (Anti-hIgG Fc Capture)</SensorType><SensorRole>LIGAND</SensorRole><SensorInfo></SensorInfo><WritingSW>DataAcquisition.exe 11.0.2.1</WritingSW><InstrumentType>OctetRED96</InstrumentType><InstrumentSerial>FB-50284</InstrumentSerial><InstrumentFW></InstrumentFW><IntegrationTime>3.1</IntegrationTime><DSPType>CPF</DSPType><DSPStitching>1</DSPStitching><HasManifest>1</HasManifest><InfoHash>-117630275</InfoHash></ExperimentInfo><AssayParamsInfo/><KineticsData><Step><CommonData><SampleLocation>1</SampleLocation><SampleID>Running Buffer</SampleID><SampleGroup></SampleGroup><SampleInfo></SampleInfo><SampleRow>B</SampleRow><SamplePlate>1</SamplePlate><WellType>BUFFER</WellType><Concentration>-1</Concentration><ConcentrationUnits>µg/ml</ConcentrationUnits><MolarConcentration>-1</MolarConcentration><MolarConcUnits>nM</MolarConcUnits><MolecularWeight>-1</MolecularWeight><Temperature>30.2</Temperature><StartTime>0</StartTime><AssayTime>180</AssayTime></CommonData><FlowRate>1000</FlowRate><StepType>BASELINE</StepType><StepName>Baseline 1</StepName><StepStatus>OK</StepStatus><ActualTime>180</ActualTime><CycleTime>0.2</CycleTime><AssayXData Points="900">AAAAAKjGSz7NzMw+EFgZP0SLTD+JQYA/1XiZPzMzsz8IrMw/ZmbmPwAAAEDNzAxAmpkZQGZm
JkAzMzNAAABAQM3MTECamVlA8KdmQDMzc0AAAIBAZmaGQM3MjEAzM5NAmpmZQAAAoEBmZqZA
zcysQDMzs0CamblAAADAQI2XxkDNzMxAMzPTQJqZ2UAAAOBAZmbmQM3M7EAzM/NAmpn5QAAA
AEEzMwNBZmYGQZqZCUG0yAxBAAAQQTMzE0FOYhZBgZUZQbTIHEHn+x9BGy8jQWZmJkGamSlB
zcwsQQAAMEEbLzNBRIs2QZqZOUHNzDxBAABAQTMzQ0FOYkZBmplJQc3MTEEAAFBBGy9TQWZm
VkGBlVlBzcxcQZMYYEEzM2NBTmJmQZqZaUHNzGxB3SRwQRsvc0FmZnZBmpl5QbTIfEHn+39B
jZeBQScxg0HNzIRBZmaGQQAAiEGamYlBMzOLQcHKjEFaZI5B9P2PQZqZkUEnMZNBzcyUQWZm
lkH0/ZdBCKyZQTMzm0HNzJxBWmSeQfT9n0GNl6FBMzOjQcHKpEFmZqZB9P2nQY2XqUEnMatB
zcysQWZmrkH0/a9BmpmxQTMzs0HByrRBZma2QfT9t0GamblBMzO7QcHKvEFaZL5BAADAQY2X
wUEzM8NBwcrEQVpkxkH0/cdBjZfJQScxy0HBysxBWmTOQfT9z0GNl9FBJzHTQc3M1EFaZNZB
bxLYQY2X2UEnMdtBwcrcQVpk3kExCOBBjZfhQTMz40HByuRBWmTmQfT950GamelBJzHrQcHK
7EFaZO5BAADwQZqZ8UEzM/NBSOH0QWZm9kEAAPhBmpn5QTMz+0HNzPxBZmb+QQAAAELNzABC
mpkBQmZmAkIzMwNCAAAEQs3MBEKamQVCZmYGQjMzB0IAAAhCzcwIQpqZCUJmZgpCMzMLQvr+
C0LHywxCmpkNQmBlDkJGNg9CAAAQQs3MEEKamRFCZmYSQjMzE0IAABRCzcwUQpqZFUJgZRZC
MzMXQgAAGELNzBhCy6EZQmBlGkIzMxtCAAAcQsfLHEKamR1CZmYeQjMzH0IAACBCx8sgQpqZ
IUJgZSJCMzMjQvr+I0LHyyRCmpklQmZmJkIzMydC+v4nQs3MKEKTmClCZmYqQjMzK0IAACxC
x8ssQpOYLUJmZi5CMzMvQgAAMELHyzBCmpkxQmZmMkItMjNC+v4zQsfLNEKamTVCZmY2Qi0y
N0IAADhC/tQ4QpOYOUJgZTpCLTI7Qvr+O0LNzDxCoJo9QmBlPkI/NT9C+v4/QsfLQEKTmEFC
ZmZCQi0yQ0L6/kNCx8tEQpOYRUJgZUZCMzNHQvr+R0LHy0hCmplJQmBlSkItMktCAABMQsfL
TEKTmE1CZmZOQi0yT0L6/k9Cx8tQQpqZUUJgZVJCLTJTQgAAVELNzFRCmplVQmBlVkItMldC
BgFYQsfLWEKTmFlCYGVaQi0yW0L6/ltCzcxcQpOYXUJgZV5CLTJfQvr+X0LHy2BCk5hhQmBl
YkItMmNC+v5jQsfLZEKTmGVCYGVmQi0yZ0L6/mdCx8toQpqZaUJmZmpCMzNrQgAAbELl0GxC
mpltQmZmbkIzM29CAABwQs3McEKamXFCZmZyQjMzc0IAAHRCzcx0QpqZdUJmZnZCXjp3QgAA
eELHy3hCmpl5QmZmekIzM3tCAAB8Qs3MfEKamX1CZmZ+QjMzf0IAAIBCZmaAQs3MgEIzM4FC
mpmBQn3/gUJmZoJCSsyCQjMzg0KamYNCDAKEQuNlhEJKzIRCMzOFQheZhUIAAIZC42WGQs3M
hkIzM4dCmpmHQgAAiELjZYhCSsyIQrYziUKamYlCAACKQmZmikLNzIpCUjiLQpqZi0IAAIxC
Dm2MQs3MjEIzM41CmpmNQn3/jUJmZo5CzcyOQjMzj0IXmY9CAACQQmZmkEJKzJBCsDKRQpqZ
kUIAAJJCZmaSQs3MkkIzM5NCF5mTQgAAlELjZZRCzcyUQjMzlULjpZVCff+VQuNllkLNzJZC
MzOXQheZl0IAAJhC42WYQkrMmEKwMplCF5mZQn3/mUJmZppCzcyaQjMzm0KamZtCff+bQnNo
nELNzJxCsDKdQheZnUJ9/51C42WeQkrMnkKwMp9CF5mfQgAAoELjZaBCzcygQrAyoUKamaFC
ff+hQuNlokJKzKJCsDKjQheZo0J9/6NCZmakQkrMpELJNqVCF5mlQn3/pUJmZqZCzcymQjMz
p0IXmadCAACoQm1nqEJKzKhCsDKpQheZqUJ9/6lC/GmqQs3MqkIzM6tCF5mrQn3/q0JmZqxC
zcysQrAyrUKama1CAACuQmZmrkLNzK5CMzOvQpqZr0IAALBCZmawQs3MsEIzM7FCmpmxQgAA
skJmZrJC2c6yQjMzs0KambNCAAC0QmZmtELNzLRCMzO1QpqZtUIAALZCZma2Qs3MtkIzM7dC
mpm3QgAAuEJmZrhCzcy4QjMzuUKamblCff+5QuNlukLNzLpCOTS7QpqZu0IAALxCZma8Qs3M
vEKwMr1Cmpm9QgAAvkJmZr5Czcy+QjMzv0IXmb9CAADAQuNlwEJKzMBCsDLBQpqZwUJ9/8FC
42XCQkrMwkIzM8NCF5nDQgAAxELjZcRCzczEQrAyxUIXmcVCAADGQuNlxkLNzMZCMzPHQpqZ
x0IAAMhC42XIQs3MyEIzM8lCI5vJQgAAykJmZspCzczKQj81y0KamctCff/LQmZmzELNzMxC
sDLNQpqZzUIAAM5C42XOQs3MzkKwMs9CF5nPQgAA0ELjZdBCSszQQrAy0UIXmdFCgwDSQuNl
0kLNzNJCsDLTQheZ00KDANRCZmbUQkrM1EIzM9VCF5nVQn3/1ULjZdZCSszWQrAy10IXmddC
AADYQuNl2EJKzNhCsDLZQheZ2UJ9/9lC42XaQkrM2kKwMttCF5nbQn3/20JtZ9xCSszcQrAy
3UIXmd1CAADeQuNl3kJKzN5CMzPfQpqZ30J9/99CZmbgQs3M4EKwMuFCF5nhQgAA4kLjZeJC
zcziQrAy40IXmeNCff/jQuNl5EJKzORCsDLlQpqZ5UIAAOZCZmbmQs3M5kIzM+dCmpnnQgAA
6EJmZuhCYtDoQjMz6UKamelCAADqQmZm6kLNzOpCMzPrQpqZ60IAAOxCZmbsQs3M7EIzM+1C
mpntQgAA7kJmZu5CzczuQrAy70Kame9Cff/vQmZm8ELNzPBCUjjxQpqZ8UIAAPJCZmbyQs3M
8kK2M/NCF5nzQgAA9EJmZvRCSsz0QrAy9UKamfVCAAD2QmZm9kLNzPZCMzP3QpqZ90IAAPhC
Zmb4QkrM+EIzM/lCF5n5Qn3/+UJmZvpCzcz6QrAy+0Kmm/tCAAD8QmZm/ELNzPxCsDL9Qjuf
/UJ9//1CZmb+Qs3M/kIzM/9Cmpn/QgAAAEPyMgBDZmYAQ5qZAEPNzABDvv8AQ/IyAUOoZgFD
mpkBQ4vMAUO+/wFDMzMCQ2ZmAkNYmQJDi8wCQ4MAA0MzMwNDJWYDQ5qZA0OLzANDywEEQ/Iy
BEMlZgRDWJkEQ4vMBEO+/wRDMzMFQyVmBUOamQVDi8wFQ4MABkMzMwZDJWYGQ2qcBkOLzAZD
vv8GQ/IyB0NmZgdDWJkHQ83MB0O+/wdDtjMIQyVmCENYmQhDi8wIQwAACUN1MwlDJWYJQ1iZ
CUOLzAlDvv8JQ/IyCkMlZgpDWJkKQ4vMCkO+/wpD8jILQyVmC0NYmQtDmM4LQ77/C0PyMgxD
ZmYMQ1iZDEOLzAxDvv8MQ/IyDUMlZg1DmpkNQ4vMDUO+/w1D8jIOQyVmDkNYmQ5DzcwOQ77/
DkOBNQ9DZmYPQ5qZD0PNzA9DAAAQQzMzEENmZhBDmpkQQ83MEENCABFDMzMRQ2ZmEUPbmRFD
zcwRQwAAEkMzMxJDZmYSQ5qZEkPNzBJDAAATQzMzE0NmZhNDmpkTQ83ME0MAABRDMzMUQ2Zm
FEOamRRDzcwUQwAAFUPyMhVDZmYVQ5qZFUPNzBVDAAAWQzMzFkNmZhZDmpkWQ83MFkNOAhdD
MzMXQyVmF0NYmRdDzcwXQ4kBGEPyMhhDZmYYQ5qZGEPNzBhDvv8YQzMzGUMlZhlDmpkZQ83M
GUO+/xlDMzMaQ2ZmGkPunBpDi8waQ77/GkMzMxtDrmcbQ1iZG0PNzBtDvv8bQwQ2HENmZhxD
WJkcQ83MHEO+/xxD8jIdQyVmHUOamR1DzcwdQ4MAHkMzMx5DJWYeQ5qZHkPNzB5Dvv8eQ/Iy
H0MlZh9DWJkfQ4vMH0O+/x9DMzMgQ2ZmIENkmyBDzcwgQ77/IEPyMiFDJWYhQ1iZIUPNzCFD
AAAiQzMzIkMlZiJDWJkiQ83MIkMAACNDvDQjQyVmI0NYmSNDi8wjQ77/I0MzMyRDZmYkQ1iZ
JEOLzCRDvv8kQzMzJUMlZiVDmpklQ4vMJUO+/yVDMzMmQ2ZmJkNYmSZDi8wmQ77/JkPyMidD
JWYnQ+GaJ0PNzCdDvv8nQ/IyKEMlZihDWJkoQ83MKEMAAClD8jIpQyVmKUNYmSlDi8wpQ77/
KUPyMipDJWYqQ1iZKkPNzCpDvv8qQzMzK0NmZitDmpkrQ5HNK0MAACxDMzMsQ2ZmLEOamSxD
kc0sQwAALUMzMy1DZmYtQ5qZLUPNzC1DAAAuQzMzLkPwZy5DWJkuQ83MLkMAAC9DMzMvQ2Zm
L0OamS9DzcwvQwAAMEMzMzBDZmYwQ5qZMEPNzDBD0QIxQzMzMUPpZjFDmpkxQ83MMUOPAjJD
MzMyQyVmMkOamTJDzcwyQwAAM0MzMzNDZmYzQ9uZM0PNzDND</AssayXData><AssayYData Points="900">AAAAABG0LTsJ45k6fdElO1yzgLqhqBM7X1OuupU7nzuhaqQ6nnSuO0wV4TkiEWc7SaWCO7tl
OLoxVig7Z4iVO+eqAjwO2+U6e1TcOoGOlDt8jRo7N0BQOvDqzDq7hmc72x2VO6YJMTsqt4Y7
ZN57Oy+H3rofYwM7pQ53OxqSVTur6zE7c8H7OFo4qDvE5hY6k5UYOz+Y6joOEKo7hi5Wu8P2
tjv5keI7DyCAO/qpJjs3FxQ74hWXO6oZkDjk2ZS6gpOjO5uHYDv55FE7TV8sO/DDBjzEHkc7
UhQiO2pRazpHMxG7L6iQO7kHnTqACe25av18Owkupjq+AQ86aJo+O310Eztn5906S7n0ORd7
dLkCR486pzBAO/BMmzkXQA+3gkY7O+ks1zpKaOO6bXSOuebtLDtARKc5KuPeOkdNiTr8sS+7
XMRLO8YcNzqEGyo7lx4Du1my57qCbnY7qL8Ku9bbqzqaxqe4OuDjOtwLazoyV1i6qOQTuZnE
3rlVACC7e08AO+HKfLtmp2K65lCOOU04XjpRaju68wEwO1i6dDtmzhQ7ZaEGOgXgJzkYkXy5
0VKIOhOM5Tqv5FO6c5BLuHMuN7qlEmm6ehbJOlpjEbssJWS6qHvNuDkTDjhbM006gpsqullO
8zpFhSI7JpfeNytMYTinxz47+Ki8OX4RCboZ5oC7y6Mfu1bC/rlVSqU51TCbOGOnILpaRvO4
O8fAuF6Tlbv6oXu6oInCumlFCTgHArm6okngOkyi3LqPUZG7qIlSu9d/ELt6Tr+61lN9u9KG
jLsXuIk6kJERO9c3nTo23QC6coS7ubddM7ucYga7t4WrugFsILuM6Xy71Z8duqyQ1rqdfSs7
EjbmuevnPrtOY7+69yNSuzJMMbtswhu75YHMuzHiGjrE4pK69YLqOnO9Frv49++5LjXSNj40
qbrJ+lC7RDuKun31krv4gdW6pGuZu+a1lbv4pae6yENLul/TKruJXB+7XDhLurOT/7my3g27
4CCEu5LljLvKV7a6u8F9u/EKgrmA2PC6+U8mu5knkrrTx0y7EdRJuw0TS7uhjZu7d8cRuiQb
Cbl9coC7mPPPuzDfj7tLmUu6rC4nuzsPnLtv2T66GS/yukZ2ObujmH26OPh8u4XxibouOJO7
IxSHu1gNLLpt39y7w/VPu9rF2roT2Bu6xawju+x2cbuXCFS7pNCyuqLYJ7s8HBy7s5S0u4ug
eLt0Kdy7GxHYu07urrsG7xm700w/u/iMuroUqh+78HOPu/W827otgbe7XtiNu0TG17sQA106
dN3EuoJ3ErvZBQW8FiExu+9Dj7sWu826Ectoux2glrsFd6u79Th1ux33cbt128G7Idmmux0r
hLtfqHm7jabCu1B9+rtYW5S7fuDUu31ZE7xQ4bG7B3eCu3940ruDRR+74ivBuyqjsLuTdDG7
wNbPu9r5DLzXxcG7cdmMu1s/lbtbnOe7Yr6XurZxBLx+2jC7CTXYu6WywLt1XsO7e++du7iz
0LtTtGg4+ej0ux+OsrqzL6S7/GAmuyTXe7vv8Oe6kPbbu+9wA7vP9Iq65J41uyzIcbsT6sa7
KX7cu8SEortKQMW7E/DJu3fpX7tOJam7jv1Lu2ecBrwFwMO7G4Vpu18gtLrx9t+7jW8WuxdT
wLtLRJm7JPivuyPfubsC5si7KPi+u4onkLsMJ5q7TGUdu4f707sozeC7dxSvu4Derrt+Xpi7
mQnZuzJc27vhHSC8pd+Lu29wn7sNBmG7DPLpu6Gqq7uusKe7O6CGu6y4CLxJN+G6TarJu8rh
jruEVdO7pzD9u06T3LtIAQq8N1+ou+VJkrtFpgC8t8POuxlx2rtaQiu8ET3Yu8OJg7vVzTC7
eHXeuxE00LuuboK7DI+xu/fzxruRZAy8IJsLvN5JvrvFq8i7TduLu/5fIrwzT5i7pXhpu7/p
17u6wPq7l/Oau2BHwrtYVg28bNn2u7JK37uduQu8DL0CvE9BB7yjybG7bEQCvGSczbuPLBi8
X50LvEIz47sahAm8vgXIu7eIyruwORq8R+EWvKVO8bsecgm82U6Yu09o5LvEItq7ZvghvD+C
GbzuwQS8VdUgvHOOG7x1UOi7egfGu0Z4l7vHvRm8y1wOvBfZobuPAxS8CIQhvAcRGbyhTKa7
7QXju71/crtZj+q7cjqVu7NLErw+lg689bAQvOFJubvcZvK71REbvCNjsLtNUyu84byhuw8c
1rsLbfC7O/rzu8CnFrxXZAe88HMUvLW9pLvgYPm7tiWWuw6sC7yxNQG8CnsNvKRuMLyOQsG7
aZESvNUEu7sUxwS8uTfcu50oJLwMjfe7fgmpu9aA5rs3EfC7Q0b9u8pvN7zQCDi8ZwLUu7oC
FLyYmxa8KEvnu74i6ruI3mG8Y/zSuz5pvLtLNkC8JRgSvMZ9AryKtwm8y/kjvFiO07vVEA+8
SakQvFXsD7zWo3O8Ha8hvIA+I7z5AxG8WtY1vFHPNLywgAW85VoCvHRT8LtDThu8iUbwuxJT
ULxw7iS838A1vKCdIryvCBm84FthvLBX0LthYRu8f1EBvO6cE7yaT8O7uhUWvBb9AbwFXxS8
VmQ+vJZ/P7zolje8wv7vuwPtE7yIDS68YYItvEnY/LvExka8ECUZvH2NPrzi3h+8P0QUvIwL
B7z+fdO7Tx0cvDf+zbveMiq8OBL5u6gaIryH6RW8m/kkvEK0IbwTCBy8NuosvDe2RbxpYhy8
nrsuvPf4ALw3TFm8f7cSvKuvJ7wl8zq8XUbtuzcvMrxEJhO8wkQAvMCdE7wNDy+8js5qvCAN
V7xoeSy8i6EcvJQFM7yUUbu7l30ivD8jIbzflDe8ctYavHBVQby2nzi8wdomvM8xDLwmnBq8
CpQkvBnuFLyBMC+8u4IivC5CIryyhBu8HNg0vBjPXrzXoC68eK8vvGKDNbzHqDe8KlszvGjK
QbwOuT+8FKNfvB6WILwpCi28wVJJvDG9WLyBYVu8hkdNvLB+DbyExg28JdopvDWaF7wZxDm8
nyT9uw/XErzOR1C8YzNKvEX7ULywnEy8XLxVvAh4L7yzLAy8WZU6vC6hP7y+Tk286mNGvL+x
GrxX9zK8WoNKvB25KbxD2za8fSEBvI/QJbw63Ei8rlgnvDMiVrx3hyC8BIFcvL05DbzoGzO8
jKMjvAEqFrxIpx+8TY0ZvLF+KLxNnT28rsgpvI+KK7zZWxu8//tQvMLaILy3fh28vYFbvL45
3rvRUke8WSElvHlPWrxzdjS8vD1nvM/zebznJ1C8y4YpvDY/IryiQkK8EX5avK4oU7zKS228
wUJYvB9ZNrxIPlm8e0hPvOr6QbyMwxm8nT0+vCFwHbxW1EK88izHuzG9Nryry2C8IAZDvD5M
NLy/TkW8Th+IvFR3RrwMVU688ZpovLtZNbwSZCy8tA1hvF++W7wZgDi8pohRvBRFTby1PXy8
7qRdvBIqJrxp3Um87/pNvGjnR7xIUCC84z1qvGDlZbw8TG288m82vO8OTrzGKXG8Z+o0vOjS
KrwYGyO8fuMlvJBySLxZUDm8ZTtdvIZlTrze6228ZUojvKDzXLxOYWS89jtevI1FNLwTYoG8
JScivEeIVbwi7DK8iSFZvLolQbyVJji8VXcgvMhWdLyPHla8z4AvvKFkNry0TG28BlFKvEBf
PrzYIjq8HulHvFPnUrwZqVa8359GvMFdRbz1dFW8d4JbvECgNrwrRCu8f0UpvDA/WbyY1kS8
0zI2vPvQa7z8fWe8XKlnvCXmQ7zQ+YG8tAIhvM1+YrzjR4S8QepuvJcRarxqC268r508vKR2
TLxXZVS8dLMsvE3PS7xv2oW8LZOFvEN0XLwsw4u8iLpyvPAcVLyhwoq8Qe1vvL8dUbwnjCq8
zhCJvG7tabzI40u81B5vvLj5JrwKx1u85lRNvCtBcbwUKz28bpJkvLYzTrw6Pg+8h6U4vC+3
RryCjg682JxMvMeWf7zxWD+8Gt55vK25drwk1jy8+qh/vJhAPbzVXUi8KHtvvF9hb7xIxGq8
wQRCvPg1a7zlslC8LFRMvAQlgrxTkWS808BQvJRPZrxytUG8bb53vDP5XLwbu0i8gjZYvCnd
NbwrMWe8lnOUvFjEcbx0cWm8w+iRvHEce7wDvo28oSBPvPama7wOfZm8Yu1RvJKfTrx0koS8
xaByvMMDQLwYEnO8P7VlvEtvdrwqKxm8DWlmvCMQP7xp7H28imyUvDv+PLy0Hk68+aGLvIuF
grwxIGe8yrhFvJC2W7wXkoi8iUKGvKcJgLySfW68TFF/vE9Ub7wP90m83/swvCcvP7xyMDG8
GOpHvJgoXrwToYi8JKx4vL9ykLwTNGW8g/U8vHeBPLz0mmO8HSKBvBx6g7yqhUO8JL94vBFP
PLyg4368OTFPvDEhTLxRMHS8rnqCvGeKZLyq2oW8cOVqvOHsabwsLVK8SQxjvAFteLz7jk+8
nG5fvKUKfry1jW68OEGDvIJ8i7xl5je8wEp1vKm0Xrwd/lC8A5NcvNmAb7z0Yk68QKeQvIV4
a7wfhoC8TQNavLC1kLz4Rna8Wn88vCRKgLxayk289VRuvCXAfLwKSFm8FShCvM/DgbyVST68
nGVOvGTrh7wBOVW87gREvOOIdrzitmW8y2EpvHzieLzKYIS8XMJlvPWTbrzcbFK8MEKKvH5s
hLz/gSu8BVNevONjXrxlnHa88gllvFu0VLxs1Vy8uhpkvDYih7x5Dmy8Ve1vvPNnYbxp3oS8
9PhxvIGiJLxhx4q8qdmPvBEFlLxTT0u83htzvOlSU7xM5mu8</AssayYData></Step><Step><CommonData><SampleLocation>2</SampleLocation><SampleID>10mM Glycine pH1.7</SampleID><SampleGroup></SampleGroup><SampleInfo>or other Regeneration solution</SampleInfo><SampleRow>B</SampleRow><SamplePlate>1</SamplePlate><WellType>REGENERATION</WellType><Concentration>-1</Concentration><ConcentrationUnits>µg/ml</ConcentrationUnits><MolarConcentration>-1</MolarConcentration><MolarConcUnits>nM</MolarConcUnits><MolecularWeight>-1</MolecularWeight><Temperature>30.1</Temperature><StartTime>207730</StartTime><AssayTime>20</AssayTime></CommonData><FlowRate>1000</FlowRate><StepType>CUSTOM</StepType><StepName>condition</StepName><StepStatus>OK</StepStatus><ActualTime>19.999</ActualTime><CycleTime>0.2</CycleTime><AssayXData Points="100">AAA0QzMzNENmZjRDmpk0Q83MNEMAADVDMzM1Q2ZmNUNYmTVDi8w1Q77/NUPyMjZDf2o2Q5qZ
NkPNzDZDvv82Q/IyN0NmZjdDWJk3Q83MN0MAADhD8jI4Q2ZmOEOamThDzcw4Q77/OEPyMjlD
ZmY5Q5qZOUPNzDlDvv85Q/IyOkNmZjpDmpk6Q4vMOkO+/zpD8jI7Q2ZmO0OamTtDi8w7Q5YD
PEPyMjxDJWY8Q1iZPEPNzDxDAAA9Q/IyPUNmZj1DHZo9Q83MPUO+/z1D8jI+QyVmPkNYmT5D
i8w+Q77/PkPyMj9DJWY/Q5qZP0PNzD9Dvv8/Q/IyQEMlZkBDWJlAQ4vMQEMAAEFD8jJBQyVm
QUNYmUFDi8xBQ77/QUMzM0JDJWZCQ1iZQkOLzEJDvv9CQzMzQ0MlZkNDWJlDQyHQQ0O+/0ND
8jJEQyVmRENYmURDi8xEQ77/REPyMkVDqGZFQ1iZRUOLzEVDvv9FQzMzRkNmZkZDWJlGQ83M
RkO+/0ZDBDZHQ2ZmR0OamUdDi8xHQw==</AssayXData><AssayYData Points="100">RLd6vmsVWb5Hqzm+NaQivnFkF77yvxW+vdkPvuXNE76Cjha+IQITvtjEFr46wx2+krQivldD
Jb6Ftye++Cktvp6FLb6ddS6+8rs0vnVOOb5rqz2+4ZE8voQCPb4MXD+++zNFvpCMRb7y4Ee+
RIlKvhegTb7j3k6+NrdQvlJYUb4ik1a+XJ5VvkcTWr4ZVVm+Pltcvg6cXL6IK2C+qMBevtJ0
YL4NVmO+6QlfvlFMZr6QHWi+zSNovryxab6xG2++Ds1vvhVxbb44g3C+gNZuvnxGcr70iXK+
6fZ4viEqdr4q8ni+VUJ6vjxNeb7oK32+MR19vsBFfb7YeIC+mWZ8vk/sfr7yi4C+o2x+voat
gL6aO4K+/nKDvsIfgb7hn4G+RqqBvoHKhL7QQYa+h42EvtSThL6NFoS+oOeGvsBwhb5jLYa+
VLWGvoUtiL6ZaIm+o+KIvtaeib5I54m+uH+Kvq0qi75Ph4q+MIyMvuHgir4oGYy+U2uMvu25
jL47/I2+sXKNvibKjr5jnI6+KXyOvg==</AssayYData></Step><Step><CommonData><SampleLocation>1</SampleLocation><SampleID>Running Buffer</SampleID><SampleGroup></SampleGroup><SampleInfo></SampleInfo><SampleRow>B</SampleRow><SamplePlate>1</SamplePlate><WellType>BUFFER</WellType><Concentration>-1</Concentration><ConcentrationUnits>µg/ml</ConcentrationUnits><MolarConcentration>-1</MolarConcentration><MolarConcUnits>nM</MolarConcUnits><MolecularWeight>-1</MolecularWeight><Temperature>30</Temperature><StartTime>233413</StartTime><AssayTime>20</AssayTime></CommonData><FlowRate>1000</FlowRate><StepType>CUSTOM</StepType><StepName>condition</StepName><StepStatus>OK</StepStatus><ActualTime>20</ActualTime><CycleTime>0.2</CycleTime><AssayXData Points="100">vv9HQ/EySEPjZUhDWJlIQ4vMSEO+/0hDsDJJQyRmSUNYmUlDi8xJQ77/SUOwMkpDK2dKQxaZ
SkOLzEpDfP9KQ/EyS0MkZktDWJlLQ4vMS0N8/0tD8TJMQ+NlTEMWmUxDi8xMQ77/TEOwMk1D
JGZNQxaZTUOLzE1Dvv9NQ/EyTkMkZk5DFplOQ4vMTkO+/05D8TJPQyRmT0MWmU9DDs1PQ3z/
T0OwMlBDJGZQQ1iZUEOLzFBDfP9QQ7AyUUMrZ1FDFplRQ4vMUUN8/1FDsDJSQzFoUkNYmVJD
ScxSQ3z/UkPxMlNDJGZTQxaZU0NJzFNDvv9TQ7AyVEPjZVRDWJlUQ0nMVEOPAlVDsDJVQ+Nl
VUMWmVVDScxVQ3z/VUOwMlZD42VWQxaZVkOLzFZDfP9WQ7AyV0PjZVdDWJlXQ0nMV0N8/1dD
8TJYQyRmWEMWmVhDScxYQ3z/WEOANVlD42VZQxaZWUNJzFlDfP9ZQ7AyWkPjZVpDWJlaQ0nM
WkN8/1pDMzNbQ+NlW0MWmVtDi8xbQw==</AssayXData><AssayYData Points="100">e0mKvc7Zxb1rIei97ybyvZC9971A4gS++333vbRF+b1/F/29E23zvRCU871yJe+9rcbjvU5Z
4r1vhd+9D3vivdZz3b2UQ9y94l3fvRn01L1U9di9KR/PvcHA1L3NA9G9WcjSva3K070nhtK9
jgTNvTcl2b360Mm9re/IvZTWxr0yocK9FMbIvYA/vb1D/MW9pJHCvTe9xb2cSsK9eAfDvXUr
wb3kncS9Ohu9vZ6AvL2mbL29WOC5vTWtvL0oob29enC8vcJsv71KW7m9Tm65vagAvb3V0Lq9
7bG2vQr8v73yPru9nMe6vRqUt72Oqbe9QTG2vZIYtb2IDrS96S22vaNpub2Rdq69fmi3vRhM
tL16r7a9drSzvS0bsb08h6y9wwS6vZhCtL2ipLW9ZWOtvTMRqr02a7C9tWatvaOasr3BQ6+9
2satvccUrr1W2q69vuWvvUNNsL1gwrS9N2qvvbQcsL3Vcqm9rtCsvfmXqL1l2rG9SyevvRzQ
rr0leaq9b4msvfinrL21bKm9Kw2qvQ==</AssayYData></Step><Step><CommonData><SampleLocation>2</SampleLocation><SampleID>10mM Glycine pH1.7</SampleID><SampleGroup></SampleGroup><SampleInfo>or other Regeneration solution</SampleInfo><SampleRow>B</SampleRow><SamplePlate>1</SamplePlate><WellType>REGENERATION</WellType><Concentration>-1</Concentration><ConcentrationUnits>µg/ml</ConcentrationUnits><MolarConcentration>-1</MolarConcentration><MolarConcUnits>nM</MolarConcUnits><MolecularWeight>-1</MolecularWeight><Temperature>30</Temperature><StartTime>259075</StartTime><AssayTime>20</AssayTime></CommonData><FlowRate>1000</FlowRate><StepType>CUSTOM</StepType><StepName>condition</StepName><StepStatus>OK</StepStatus><ActualTime>19.999</ActualTime><CycleTime>0.2</CycleTime><AssayXData Points="100">v/9bQ/IyXEMlZlxDWZlcQ4zMXEO//1xD8jJdQyVmXUNZmV1DjMxdQ7//XUPyMl5DJWZeQ1mZ
XkNKzF5Dv/9eQ/IyX0MlZl9DWZlfQ0rMX0MBAGBDsTJgQ+RlYENZmWBDjMxgQ7//YEPyMmFD
JWZhQ1mZYUOMzGFDff9hQ/IyYkPkZWJDWZliQ4zMYkN9/2JDsTJjQ+RlY0NZmWNDjMxjQ7//
Y0OxMmRDJWZkQxeZZENKzGRDff9kQ/IyZUMlZmVDF5llQ0rMZUN9/2VD8jJmQ+RlZkMXmWZD
jMxmQ33/ZkPyMmdD5GVnQxeZZ0Mbz2dDff9nQ7EyaEPkZWhDF5loQ4zMaEO//2hDsTJpQ+Rl
aUMXmWlDjMxpQ7//aUPyMmpDJWZqQxeZakNKzGpDff9qQ/Iya0PkZWtDF5lrQ0rMa0N9/2tD
sTJsQ+RlbEMXmWxDSsxsQ7//bEPyMm1D5GVtQxeZbUNKzG1Dff9tQ7EybkPkZW5DF5luQ0rM
bkO//25DsTJvQ+Rlb0NZmW9DSsxvQw==</AssayXData><AssayYData Points="100">H2C2vs3Zn76Y442+5deAvjDjcL7Q12a+UPNkvi76X75ttWC+wEllvnEGZL66WWa+8fVpvvu1
bL4oWW2+vdltvmxWbr7VJHW+2u53vocRdb6dkXm+SUJ5vsl4eb7SlH6+uSN+vtQ5f75R5YC+
2hCCvkzThL5AvoO+d+yDvllKhL7rEoa+xPKGvj6shr4mnIe+yEyHvsBah77VZoe+YQSJvjKW
iL7a84u+sgKLvkscir7Ucou+vAqOvgXMjL7xvYy+0K+Nvpuujb6C1Yy+xsaOvp1Jjr5BRJC+
HRmQvhkFkL6u54++1/6Rvn5Akr7BwpG+IeeSvraPk76XrZO+F8yUvtXZk74IPpW+HgmVvtrt
k74V45S+hYOWvgJXlb7gJ5e+06mWvoialr71YZe+P1OYvsKtmL5wNpe+BJSYvgN3mL6sxJm+
jVSZvoCAmr4oypm+8r2ZvvXAm776e5q+yV6bvsoInb6L35u+F1+cvtnUm76cLJy+qeObvtLK
nL5SOZy+fPCdvlVMnr7oBKC+gTOdvg==</AssayYData></Step><Step><CommonData><SampleLocation>1</SampleLocation><SampleID>Running Buffer</SampleID><SampleGroup></SampleGroup><SampleInfo></SampleInfo><SampleRow>B</SampleRow><SamplePlate>1</SamplePlate><WellType>BUFFER</WellType><Concentration>-1</Concentration><ConcentrationUnits>µg/ml</ConcentrationUnits><MolarConcentration>-1</MolarConcentration><MolarConcUnits>nM</MolarConcUnits><MolecularWeight>-1</MolecularWeight><Temperature>30</Temperature><StartTime>284742</StartTime><AssayTime>20</AssayTime></CommonData><FlowRate>1000</FlowRate><StepType>CUSTOM</StepType><StepName>condition</StepName><StepStatus>OK</StepStatus><ActualTime>20</ActualTime><CycleTime>0.2</CycleTime><AssayXData Points="100">ff9vQ7AycEOiZXBDF5lwQwjMcEM7/3BDbzJxQ6JlcUPVmHFDSsxxQ33/cUOwMnJD42VyQ9WY
ckMIzHJDO/9yQ7Ayc0OiZXNDF5lzQ0rMc0N9/3NDsDJ0Q+NldEMXmXRDCMx0Qzv/dENvMnVD
42V1Q9WYdUMIzHVDff91Q28ydkPjZXZD1Zh2Q0rMdkN9/3ZDbzJ3Q6Jld0PVmHdDSsx3Q33/
d0OwMnhDomV4Q1iZeEMIzHhDO/94Q28yeUOiZXlD1Zh5QwjMeUM7/3lDsDJ6Q6JlekPVmHpD
CMx6Qzv/ekNvMntDomV7Q9WYe0NKzHtDO/97Q28yfEOiZXxD1Zh8QwjMfEM7/3xDsDJ9Q6Jl
fUPVmH1DCMx9Qzv/fUOwMn5DomV+Q9WYfkMIzH5DO/9+Q28yf0PjZX9DF5l/Q0rMf0M7/39D
WBmAQ/EygEOLTIBDJGaAQ75/gENYmYBD8bKAQ4vMgEMk5oBDvv+AQ1gZgUPxMoFDakyBQyRm
gUO+f4FDWJmBQ/GygUOLzIFDJOaBQw==</AssayXData><AssayYData Points="100">xpWRvTfk3r1ZnQO+W1MLvrr5DL6KpAy+jBQNviO1Dr5miwm+82sHvgyaBb6tzwa+TtwGvhBh
Ar5+Bge+NDADvsvQAr5gJvy9+Xv8vZ7v971RYvW9lLf5vTCw8b1mwPa99vbuvb2P771u7/G9
NFbxveQG672b/+e9fQ32vSJW8r0Aduy9joHpvQkU572s2eu9LvPnvQtD7L0tmeO9zAHlveOS
4b026+G9H3DjvdK87L2Dpei9jdjkvXPq272rr9y9m4LbvUdt5L1xj9+9FdbhvRWf3r3nHea9
DofavRMC3L1u1eK91J7dvTQv2b1t4eO9raXcveyX2b2NTNy9uinYvViQ1r3c5Ni915vcvb6H
372Q1da9EKjSvWz11r1LjN69J0/avUPzzr19CNq90v3Zve7s07138Nq9ZkPVvYFO0L2p8NS9
f0PXvfUY070Nb9q9M5vRvSNu1b3cSde99b/TvYpY2b0D3Na9vxvRvRSx2L3pmc29ww3MvYbM
zr1xvdG9R+DWvbJQzr3m5dG9avfSvQ==</AssayYData></Step><Step><CommonData><SampleLocation>2</SampleLocation><SampleID>10mM Glycine pH1.7</SampleID><SampleGroup></SampleGroup><SampleInfo>or other Regeneration solution</SampleInfo><SampleRow>B</SampleRow><SamplePlate>1</SamplePlate><WellType>REGENERATION</WellType><Concentration>-1</Concentration><ConcentrationUnits>µg/ml</ConcentrationUnits><MolarConcentration>-1</MolarConcentration><MolarConcUnits>nM</MolarConcUnits><MolecularWeight>-1</MolecularWeight><Temperature>30</Temperature><StartTime>310554</StartTime><AssayTime>20</AssayTime></CommonData><FlowRate>1000</FlowRate><StepType>CUSTOM</StepType><StepName>condition</StepName><StepStatus>OK</StepStatus><ActualTime>19.998</ActualTime><CycleTime>0.2</CycleTime><AssayXData Points="100">3/+BQ1gZgkPxMoJDi0yCQwRmgkO+f4JDWJmCQ/GygkNqzIJDJOaCQ77/gkOZGYND8TKDQ2pM
g0MkZoNDnX+DQzeZg0PxsoNDasyDQwTmg0O+/4NDNxmEQ/EyhEOLTIRDJGaEQ51/hENYmYRD
8bKEQ+3MhEME5oRDnf+EQzcZhUPxMoVDi0yFQwRmhUOdf4VDWJmFQ/GyhUNqzIVDBOaFQ77/
hUM3GYZD0DKGQ4tMhkNFZoZDnX+GQzeZhkPxsoZDasyGQwTmhkOd/4ZDNxmHQ9Ayh0NqTIdD
BGaHQ51/h0NYmYdD0LKHQ4vMh0ME5odDnf+HQzcZiEPQMohDi0yIQwRmiEO+f4hDN5mIQzOz
iENqzIhDJOaIQ77/iEM3GYlD0DKJQ2pMiUMEZolDnX+JQzeZiUPQsolDi8yJQwTmiUOd/4lD
NxmKQ9AyikNqTIpDBGaKQ51/ikM3mYpD8bKKQ2rMikME5opDnf+KQzcZi0PQMotDakyLQwRm
i0Odf4tDWJmLQ/Gyi0PSzYtDBOaLQw==</AssayXData><AssayYData Points="100">84LJvlj1tL7dVaC+FJKSvk5bi755nYa+O1GDvjzegr5484G+A3uEvms+g759VIW+3NeIvqv+
h748e4i+7DyLvn0Ei77iVIq+p6+LvmlPjb5gwo++03+QvtHgjr6VkZC+Ko+SvogOj74YNJK+
+HmTvj+3kr4ejJS+JXKUvnI1lb4bJZW+R16XvicJmL6ZAJe+lRyYvlosl77/FJm+OEyYvsTJ
mL57Q5m+GEOavnJSmb4caZq+yH6bvitAnb4eK52+OGudvrelnb5Xfp2+WiKfvnJRn75z/p++
NgmhvhXfnr57t6G+TMmfvqGWob4JOKK+gjGgvkCcob7XI6O+eZmhvrtTor4bHqS+JEWkvpC8
pL7P36K+rFmjvoTjpb6Ekqa+dBmmvmVhpL6oLKi+dlCnvv3zpb4jhqe+unuovsVnpr7g0qW+
34movqjtqL6O2qi+1DKqvmNbp759lKe+A0mpvj8xqb7p+Ki+06aqvtnhqb5hhKm+buKqvmFd
qr7Uvau+pQ+qvtCJqr66Rqu+o8+qvg==</AssayYData></Step><Step><CommonData><SampleLocation>1</SampleLocation><SampleID>Running Buffer</SampleID><SampleGroup></SampleGroup><SampleInfo></SampleInfo><SampleRow>B</SampleRow><SamplePlate>1</SamplePlate><WellType>BUFFER</WellType><Concentration>-1</Concentration><ConcentrationUnits>µg/ml</ConcentrationUnits><MolarConcentration>-1</MolarConcentration><MolarConcUnits>nM</MolarConcUnits><MolecularWeight>-1</MolecularWeight><Temperature>30</Temperature><StartTime>336358</StartTime><AssayTime>20</AssayTime></CommonData><FlowRate>1000</FlowRate><StepType>CUSTOM</StepType><StepName>condition</StepName><StepStatus>OK</StepStatus><ActualTime>20</ActualTime><CycleTime>0.2</CycleTime><AssayXData Points="100">nv+LQxcZjEOwMoxDSkyMQwRmjEOef4xDF5mMQ7CyjENKzIxD5OWMQ33/jEM4GY1DsDKNQ1BN
jUMEZo1Dnn+NQxeZjUOwso1Da8yNQ+TljUOe/41DOBmOQ9EyjkNKTI5D5GWOQ31/jkM4mY5D
sLKOQ2vMjkME5o5Dff+OQxcZj0OwMo9Da0yPQ+Rlj0N9f49DOJmPQ9Gyj0NrzI9DBOaPQ57/
j0M4GZBDNDOQQ2tMkEMEZpBDv3+QQziZkEP+tJBDa8yQQwTmkEOe/5BDOBmRQ9EykUNrTJFD
BGaRQ55/kUM4mZFD0bKRQ2vMkUME5pFDnv+RQzgZkkPRMpJDa0ySQ+RlkkOef5JDOJmSQ9Gy
kkNrzJJDBOaSQ57/kkMXGZND0TKTQ0pMk0MEZpNDnn+TQziZk0PRspNDv8+TQwTmk0N9/5ND
OBmUQ9EylENrTJRD5GWUQ55/lEMXmZRD0bKUQ2vMlEPk5ZRDnv+UQ7sZlUPRMpVDa0yVQwRm
lUOef5VDOJmVQ9GylUNKzJVDBOaVQw==</AssayXData><AssayYData Points="100">QWLAvbaSBb4oQxC+RO0XvlWuGr4/rhq+ZHgavjyCF77lhhe+eF0WvpIYFr6LdRW+oksVvo1a
Er5q3RG+za8QvmsuDb7ZQgq+7N4LviZvDb51vQa+p38IvrYVCb4kyQi+wJAHvtLQCr44KwW+
ElIFvt39CL5ZNQS+EcsFvqwEBL4sKga+BTUDvoA1Br4flwW+Xd0Cvr/pAr4zWgG+cR4DvifG
Ar6qwQG+4acAvlzb+72Fcvm98Q0Evt7pA74U1QK+L7gBvl3Q+71QTwG+zCj/vd84AL6RBf+9
1qb5vXCq973HLQK+Wpb7vTjmAL6CVP694Ov3vf7u+b3LHvS9tsP2vSzg+r0ud/u9Xmj8vTlB
9L1izvm9kbr0vcoN9L1Am/m9+L/3vd1p+b1oYfm98Zv5vUSB8L0ZV/K9e7Tyvbbg+b3OFv29
+L33vTUr7r1fu/W9FNP0vbyP9L34EfC9S5jzvTNG9b2asPW9d2TrvXOf7701Hu+9nYTxvdkv
9r17IvW95hX2vX90670SlfC9dTT1vQ==</AssayYData></Step><Step><CommonData><SampleLocation>3</SampleLocation><SampleID>Running Buffer</SampleID><SampleGroup></SampleGroup><SampleInfo></SampleInfo><SampleRow>B</SampleRow><SamplePlate>1</SamplePlate><WellType>BUFFER</WellType><Concentration>-1</Concentration><ConcentrationUnits>µg/ml</ConcentrationUnits><MolarConcentration>-1</MolarConcentration><MolarConcUnits>nM</MolarConcUnits><MolecularWeight>-1</MolecularWeight><Temperature>30</Temperature><StartTime>362533</StartTime><AssayTime>120</AssayTime></CommonData><FlowRate>1000</FlowRate><StepType>BASELINE</StepType><StepName>Baseline 120</StepName><StepStatus>OK</StepStatus><ActualTime>120</ActualTime><CycleTime>0.2</CycleTime><AssayXData Points="600">nv+VQxcZlkOwMpZDa0yWQwRmlkN9f5ZDF5mWQ9GylkNKzJZD5OWWQ33/lkM4GZdD0TKXQ0pM
l0PkZZdDnn+XQziZl0OwspdDSsyXQ+Tll0N9/5dDFxmYQ7AymENKTJhD5GWYQ55/mEMXmZhD
sLKYQ2vMmEPk5ZhDff+YQzgZmUOwMplDSkyZQ+RlmUN9f5lDF5mZQ7CymUNKzJlD5OWZQ33/
mUMXGZpDsDKaQ0pMmkMEZppDfX+aQxeZmkOwsppDa8yaQyXmmkN9/5pDOBmbQ7Aym0NrTJtD
JWabQ55/m0M4mZtD0bKbQ2vMm0ME5ptDnv+bQzgZnEPRMpxDa0ycQwRmnEOef5xDOJmcQ/Ky
nENrzJxDBOacQ57/nEM4GZ1DsDKdQ2tMnUMEZp1Dnn+dQziZnUPRsp1Da8ydQwTmnUOe/51D
FxmeQ9EynkNrTJ5DBGaeQ55/nkM4mZ5D0bKeQ2vMnkME5p5Dff+eQxcZn0PRMp9Da0yfQ+Rl
n0Oef59DOJmfQ9Gyn0NrzJ9DBOafQ57/n0MXGaBD0TKgQ0pMoEPkZaBDnn+gQx2aoEPRsqBD
a8ygQwTmoEOe/6BDOBmhQ7AyoUNrTKFDBGahQ55/oUM4maFDsLKhQ2vMoUPk5aFDff+hQxcZ
okOwMqJDa0yiQwRmokN9f6JDF5miQ9GyokNrzKJD5OWiQ33/okM4GaNDsDKjQ0pMo0PkZaND
nn+jQziZo0PRsqNDa8yjQwTmo0Oe/6NDFxmkQ7AypENrTKRDBGakQ31/pEMXmaRDsLKkQ0rM
pEPk5aRDff+kQxcZpUPRMqVDSkylQ+RlpUN9f6VDOJmlQ7CypUNKzKVD5OWlQ33/pUM4GaZD
0TKmQ0pMpkPkZaZDnn+mQxeZpkOwsqZDSsymQ+TlpkOe/6ZDFxmnQ7Ayp0NKTKdD5GWnQ31/
p0M4madD0bKnQ0rMp0Pk5adDff+nQxcZqEOwMqhDSkyoQ+RlqEN9f6hDOJmoQ7CyqENKzKhD
5OWoQ33/qEM4GalDsDKpQ0pMqUMEZqlDnn+pQziZqUPRsqlDa8ypQwTmqUOe/6lDOBmqQ9Ey
qkNrTKpDBGaqQ55/qkM4mapD0bKqQ2vMqkME5qpDnv+qQzgZq0OwMqtDa0yrQwRmq0Oef6tD
OJmrQ9Gyq0NrzKtD5OWrQ57/q0N5GaxD0TKsQ2tMrEMEZqxDfX+sQziZrEPRsqxDSsysQwTm
rEOe/6xDFxmtQ9EyrUNrTK1DBGatQ55/rUM4ma1DsLKtQ2vMrUME5q1Dff+tQxcZrkPRMq5D
SkyuQwRmrkN9f65DOJmuQ7CyrkNrzK5D5OWuQ33/rkMXGa9DsDKvQ2tMr0MEZq9DfX+vQziZ
r0PRsq9DSsyvQwTmr0Oe/69DFxmwQ9EysENKTLBD5GWwQ31/sEMXmbBD0bKwQ2vMsEME5rBD
nv+wQxcZsUPRMrFDa0yxQ+RlsUN9f7FDF5mxQ9GysUNrzLFDBOaxQ33/sUM4GbJDsDKyQ0pM
skPkZbJDfX+yQxeZskOwsrJDSsyyQ+TlskN9/7JDOBmzQ7Ays0NrTLND5GWzQ31/s0M4mbND
sLKzQ0rMs0Pk5bNDff+zQzgZtEPRMrRDa0y0Q+RltEN9f7RDOJm0Q9GytENKzLRD5OW0Q33/
tEMXGbVD0TK1Q2tMtUPkZbVDnn+1QxeZtUOwsrVDSsy1Q+TltUN9/7VDFxm2Q7AytkNKTLZD
BGa2Q31/tkMXmbZDsLK2Q2vMtkPk5bZDIQC3QxcZt0OwMrdDa0y3QwRmt0N9f7dDOJm3Q9Gy
t0NrzLdDBOa3Q57/t0M4GbhD0TK4Q2tMuEMEZrhDnn+4QziZuEPRsrhDa8y4QwTmuEOe/7hD
OBm5Q9EyuUNKTLlDBGa5Q55/uUM4mblDsLK5Q2vMuUME5rlDnv+5QzgZukPRMrpDa0y6QwRm
ukOef7pDOJm6Q9GyukNrzLpD5OW6Q33/ukM4GbtD0TK7Q2tMu0MEZrtDnn+7QziZu0OwsrtD
a8y7Q+Tlu0Oe/7tDOBm8Q7AyvENrTLxDBGa8Q55/vEMXmbxDsLK8Q0rMvEME5rxDff+8QzgZ
vUOwMr1Da0y9QwRmvUN9f71DOJm9Q7CyvUNrzL1D5OW9Q33/vUM4Gb5D0TK+Q0pMvkPkZb5D
nn++QziZvkPRsr5DSsy+QwTmvkOe/75DOBm/Q7Ayv0NrTL9DBGa/Q6SAv0MXmb9DsLK/Q2vM
v0ME5r9Dnv+/QxcZwEOwMsBDa0zAQ+RlwEN9f8BDF5nAQ9GywENKzMBD5OXAQ33/wEM4GcFD
0TLBQ0pMwUPkZcFDnn/BQziZwUOwssFDSszBQwTmwUN9/8FDOBnCQ7AywkNrTMJDBGbCQ31/
wkM4mcJD0bLCQ0rMwkPk5cJDnv/CQxcZw0OwMsNDSkzDQ+Rlw0N9f8NDF5nDQ7Cyw0NKzMND
5OXDQ33/w0MXGcRDsDLEQ0pMxEPkZcRDnn/EQxeZxEOwssRDa8zEQ+TlxEN9/8RDFxnFQ7Ay
xUNKTMVD5GXFQ31/xUMXmcVD0bLFQ4zMxUME5sVDnv/FQzgZxkPRMsZDa0zGQwRmxkOef8ZD
OJnGQ9GyxkNrzMZDBObGQ57/xkM4GcdD0TLHQ/pOx0MEZsdDfX/HQziZx0PRssdDa8zHQwTm
x0Oe/8dDOBnIQ9EyyENrTMhDBGbIQ55/yEM4mchD0bLIQ2vMyEME5shDnv/IQzgZyUPRMslD
SkzJQwRmyUN9f8lDOJnJQ9GyyUNrzMlDBObJQ57/yUM4GcpD0TLKQ2tMykMEZspDnn/KQxeZ
ykPRsspDa8zKQ+TlykN9/8pDFxnLQ9Eyy0NKTMtDBGbLQ55/y0M4mctD0bLLQ0rMy0ME5stD
nv/LQzgZzEOwMsxD7kzMQwRmzEOef8xDOJnMQ7CyzENrzMxD5OXMQ57/zEM4Gc1D0TLNQ0pM
zUPkZc1DfX/NQziZzUPRss1Da8zNQwTmzUN9/81DFxnOQ7AyzkNKTM5D5GXOQ31/zkMXmc5D
E7POQ0rMzkPk5c5Dnv/OQxcZz0OwMs9DSkzPQ2dmz0Oef89DF5nPQ7Cyz0NKzM9D5OXPQ33/
z0MXGdBDsDLQQ2tM0EMEZtBDfX/QQxeZ0EPystBDa8zQQ+Tl0EPg/9BDFxnRQ9Ey0UNKTNFD
5GXRQ31/0UMXmdFD0bLRQ0rM0UME5tFD</AssayXData><AssayYData Points="600">EMgIvlzDCL4jPwi+3EcIvvpzA76iQwO+HawHvhJuBb6CCwe+46kEvhGyA74GJQW+B1cDvkj1
B74FtAG+K8EDvorFAb4X9QW+WP4EvuZRAb4nGQW+Ui0DvlYX/70kAQK+phQBvihq/72amga+
lCEDvnGCAr6dQgO+14QBvvOUAL5AVwG+3+sBvgCl/r3iyP+9O6QDvqw2/r1WJvu9ivECvtU+
Ab74UwG+oD0DvsjdAL6z0AG+9sP5vZlvAr7T3AK+jUQBvq7p/r1m2wG+k2H8vXlq/r38sQO+
hcMBvlar+73QYAG+m7z9vUINAb6kHgG+4GH/vWQcAL6I+wC+xU/+vSr2+r3KgwG+R1/1vRZA
AL6yi/29OqEAvgEvAr4jvgG+iAYAvqPT+r1c2wK+imL7vVvC/L34bAG+3wUCvv09Ar7UMvu9
JEr6vQw8/b09u/69YycBvk5X/r19xAC+Wj/7vRvP+b1jtPO920P+vXLQ+71bWf29cRABvrgi
973vZQC+zbsAvke+Ab6j1fu9CIwBvv7SAL5+CPq9yPL8vYHm/b0hzfy9hcr7vVYM/L2xsv69
YLr3vQx1AL52ifu9MhgBvt/L9L2fgfu9UEL8ves6/L0Yyf69rAT7vcj39b3sVfe9z8z0vQlw
+b3eEfu9vgX3vR+m9r1ziPe9hR/9vZ9A/r2a/PC92QXuveAW+L0bRPy93n/8vZp59r29Xfq9
MdD6vf7C+L190va9agz9vQDp9b17pfu9kmj2vfGz+r3W4Pi9M0v7vVXm+L0IZfm9+cX5vRfl
/L38zvW9iy71vW8B9r1bfPq9Vg/3vdJU+r0GpvG9TtT8vQJs/L2jLfW9vWT5vZNz+70Qw/m9
M5LxvUJ9/r2nfPe9WjD5vTSa+r3Vbvi9mI/3vf1V8L3fSva98zLxvbuP9r0U6/W9XEHzve20
AL6ELfi9x8b1vWVx9r2Ni/O9cbLyvTxo/r2E8vq9zj/2ve5N773LV/q9y9X1vUEF8b2rtve9
SZT6vbVr971L5fm9wJX6vRAO/b1KLPu9KFT6vZhH+r0bQvi92WD5vTi29r1meAC+t8H8vW2z
8r2gXfi9h477vX4y+b2Nme29UL72vT6E973Tivm982H7vUiO9b1nqfe9sBv6vedT9b0L7fa9
xVr0vYcu+b3AuPC9fLb1vZZR9r0gqfS9LTb4vZOB8b33buq9/ZL+vRLV8r2ufve9MdL2vTpM
9L1o1fq9YTb0vaBe8r1G+va9YL31vZ9n8r1GYfS9Qav3vaga9b34N/W9burvvYkN9735Wey9
aHHxvc5k7r1eyvu9rBD0vYLu9L2WSvO9g0v3vTgp6L17evK9qITyvUL/+L1jD/S95oTuvSap
8r0BkfS9LLruvVjP872KzvG9lI3yvUTK8r2B2PO95WjwvQ3R7L06C/a9arnvvRV38r21afW9
pt31vbVw8r1bgPi9bBDxvQRB+71WtvS9nxvxvX6I8r0awfS9BnvxvbgZ9b1plOu9CA7xvYE6
870vkvS9TAz2vUJe971TbvG9KtvvvfXH8b3wV/q9KDX1vaFx672xWfC9IcLrvU6W9r0fKvO9
qcHxvV7L+b1khvK9xt/1vaH5+L2j9PO9sHLyvSAs+L1jK+69VT3wvS+H+L2eV++9e0vzvX24
7L19yvG9LNnrvXDv8r34ZfC96hzwvcqh971xFfW9HV/wvQHJ9L23lve9WzT1vZ3n8r1atfO9
w5HzvYVx9L23q+u95IvuvT6787202fW93WbwvQp+7732DvK9MK/zvQtZ8b2OWPK92kfyvVtd
8L1mq/S9tp3xve/m8L1kROu9DRPzvfJM9r2Ju/G9l3vvvT+X770JD+29BN3qvSJb9b2BcvC9
yNj1vRFZ9b1rruy9KMrxvc/m8r1MH/S9ke/0vcwA9r1f8fG9Ma/wvbiQ9L3mV+29o3ruvbqb
8b22tvG9KlT5vf9+7r0DLPC99zz0vaIp7b0YqO69JUXqvaMU9r2p+uq9OCjxvWit7L3NWey9
1g3zvaSk7r0tb++9aE/yvTxb8L1WBfK9EuDzvbKF7r37zvC9wy/vvXwq9r39oOu9b6jtvcH0
8b0/eu+9dq7yvcH58L3Sw/S9G7jzvZui8L11NvC9LU3tvQqU872lS/C95EPtvU977b0hV++9
gIPtvVv07b3TMvK9iPHxvZKS7L24d+69tKbuvdFD7b1PFu+9r2XsvVdq9b15qO29uXfrvY0o
6r166u+96fLxveub9r2p7+29LpTtvSth670uMu29vw3zvWKl672PA+69tQfsvZxD8b3XEvC9
PE7zvYl2671kA/G9z7DyvWXE670f9Oi9zNnrvftf5b1Ym+m9huXsvefp7b0h8u+9ItX1veFT
8L10mfG9HgbrvayC770TUOy9TNzuvXet7L0qq+i9o+vovS1N9L0ilu29rnLxvW357b1b4O29
NqrxvYgg7b2GAuq9tojpva947b35k/C9QoHvvaMJ6b0PJfG95vrovaDB7r24y+297kPuvaUX
5b2Ujeq9FqL0vQy07r2IvPS94ULzvUhR7L0Ao+i9ru74vUxb7r0h4ey9vfrsvbDc8L2E+uu9
+5zuvQi87b33svG91Mfxvbg0771nx+m99xvsvZ4H7L1M4eq9klXsvb6O8b0II/O9hkzvvfsh
6r3ncea9xLPuvfId8r2MBO29xqrsvRG38b04t/C9ZxLyvQSe8L0vx+y9mgP1vQWI7r0Ij+69
eXzkvVO87r1XS+m9GBDpvcgG6b3JD++9pB/svS9V7b0J/Om967vrvZcO5b3Hkuu9HtXvvQY4
7L0oRu69RDHtvUhh771CVem9jN/qvV+Y7L2mAO+9BozwvSm5770k4Om9YITnvR3b8b2g1u69
NqTqvRz48b27ke69VivvvaUJ7L3gWPK9a8zvvRQk+b14w/S9ivvqvZtM9b2Ujuu968jpvSBH
6r3SFPC9LbXtvc0L7L1BmOa9yJjrvboM6b3yO/C98cnsvYbw6r2+7+K9AeTvvZd97b0fBuy9
OvnyvcZg8L1s3e29It7pvbBh8L1/VvW9HIDwvac9670i2u29M8flvZSp672LEem9xefwvWeA
671TpO29bBbrvVWt7b1cGO69CZXtvWgJ7b0MNOa9NontvTtD770FO+e9rDvzvfdG672TW+i9
O87xvTcU6L0wiO+9FVnsveyB6b1Q4Ou9</AssayYData></Step><Step><CommonData><SampleLocation>4</SampleLocation><SampleID>AB</SampleID><SampleGroup></SampleGroup><SampleInfo>in Running Buffer</SampleInfo><SampleRow>B</SampleRow><SamplePlate>1</SamplePlate><WellType>KLOAD</WellType><Concentration>10</Concentration><ConcentrationUnits>µg/ml</ConcentrationUnits><MolarConcentration>10000</MolarConcentration><MolarConcUnits>nM</MolarConcUnits><MolecularWeight>-1</MolecularWeight><Temperature>30</Temperature><StartTime>489491</StartTime><AssayTime>20</AssayTime></CommonData><FlowRate>1000</FlowRate><StepType>LOADING</StepType><StepName>Loading</StepName><StepStatus>OK</StepStatus><ActualTime>20</ActualTime><CycleTime>0.2</CycleTime><AssayXData Points="100">nv/RQzgZ0kPyMtJDSkzSQ7Vo0kN9f9JDOJnSQ9Gy0kNrzNJD5OXSQ57/0kMXGdNDsDLTQ2tM
00PkZdNDnn/TQxeZ00PRstNDa8zTQ+Tl00Oe/9NDFxnUQ7Ay1ENKTNRD5GXUQ55/1EMXmdRD
sLLUQ0rM1EPk5dRDnv/UQxcZ1UOwMtVDSkzVQwRm1UOqgdVDF5nVQ7Cy1UNKzNVD5OXVQ33/
1UM4GdZDsDLWQ2tM1kPkZdZDnn/WQxeZ1kOwstZDSszWQ+Tl1kN9/9ZDFxnXQ7Ay10NKTNdD
5GXXQ31/10M4mddDsLLXQ0rM10Pk5ddDff/XQz4a2EOwMthDSkzYQ+Rl2EN9f9hDF5nYQ7Cy
2ENKzNhDbefYQ33/2EMXGdlDsDLZQ0pM2UPkZdlDnn/ZQziZ2UPystlDa8zZQwTm2UOe/9lD
OBnaQ9Ey2kNrTNpDBGbaQ55/2kM4mdpDdbPaQ2vM2kME5tpDnv/aQzgZ20PRMttDSkzbQwRm
20Oef9tDOJnbQ9Gy20NrzNtDBObbQw==</AssayXData><AssayYData Points="100">C/2jvfgsB72RQhU7FyEzPaMIwj0gWwk+Cxo1PpJVXz42+4M+hz6aPsJNsD7L88M+xInYPrdF
7D4SqwE/MdEJP860Ez9x5hw/yHImP7KsLz+khjc/WNFAPzWDST8l0lI/Wx5aP4cKYj/WuWk/
8JlzP21Lej8q0oA/xomEP59SiD/3M4w/A8WPP03hkj8iEpc/VoyaP46bnT9JBqE/5NejP0EU
qD9K7Ko/PaytP2pusD+0A7Q/Mn+2Pz2auT+Ncrw/FJm/PyRzwj8HYMU/yMnHP+8dyj94xc0/
7e3PPxGA0j/00tQ//svXPx3H2T8FDtw/+eLeP30m4T9C5+M/jDXmPxNl6D+u5ek/IvTsP0WP
7j+HdvA/tSLzP0N49T9dkvc/teD5Pzd8+z9VtP0/iWT/P+z8AEC6yQFA0ZYCQFzQA0BhqQRA
RZUFQEmABkBpcAdASlcIQDknCUBD9QlA3DELQH/BC0ASoQxAcJkNQLtDDkA5Uw9AkdQPQMzU
EEBtfhFAvGoSQBNJE0C5yBNAKTAUQA==</AssayYData></Step><Step><CommonData><SampleLocation>5</SampleLocation><SampleID>AA</SampleID><SampleGroup></SampleGroup><SampleInfo></SampleInfo><SampleRow>B</SampleRow><SamplePlate>1</SamplePlate><WellType>BUFFER</WellType><Concentration>5</Concentration><ConcentrationUnits>µg/ml</ConcentrationUnits><MolarConcentration>5000</MolarConcentration><MolarConcUnits>nM</MolarConcUnits><MolecularWeight>-1</MolecularWeight><Temperature>30</Temperature><StartTime>516805</StartTime><AssayTime>60</AssayTime></CommonData><FlowRate>1000</FlowRate><StepType>BASELINE</StepType><StepName>Baseline 60</StepName><StepStatus>OK</StepStatus><ActualTime>59.999</ActualTime><CycleTime>0.2</CycleTime><AssayXData Points="300">nv/bQzgZ3EOwMtxDrEzcQ+Rl3EOkgNxDOJncQ7Cy3ENKzNxDBObcQ33/3EMXGd1D0TLdQ0pM
3UPkZd1DfX/dQxeZ3UOwst1DSszdQ+Tl3UN9/91DFxneQ9Ey3kNrTN5D5GXeQ31/3kMXmd5D
sLLeQ2vM3kPk5d5Dff/eQzgZ30PRMt9Da0zfQwRm30Oef99DOJnfQ9Gy30NrzN9DBObfQ57/
30NYGeBD0TLgQ2tM4EMlZuBDnn/gQziZ4EPRsuBDa8zgQwTm4EOe/+BDOBnhQ9Ey4UNrTOFD
BGbhQ55/4UM4meFD0bLhQ2vM4UME5uFDff/hQzgZ4kPRMuJDSkziQ+Rl4kOef+JDOJniQ9Gy
4kNrzOJDBObiQ57/4kM4GeND0TLjQ2tM40MEZuNDnn/jQziZ40OwsuNDss3jQwTm40Oe/+ND
OBnkQ7Ay5ENrTORDBGbkQ55/5EMXmeRD0bLkQ0rM5EME5uRDnv/kQzgZ5UOwMuVDa0zlQwRm
5UN9f+VDOJnlQ9Gy5UNKzOVD5OXlQ33/5UMXGeZDsDLmQ2tM5kMEZuZDnn/mQxeZ5kPRsuZD
SszmQ+Tl5kN9/+ZDFxnnQ7Ay50NrTOdD5GXnQ55/50M4medDsLLnQ2vM50Pk5edDff/nQxcZ
6EPXM+hDa0zoQ+Rl6EN9f+hDF5noQ9Gy6ENKzOhD5OXoQ0IA6UM4GelDsDLpQ0pM6UPkZelD
fX/pQxeZ6UOwsulDjMzpQ+Tl6UOe/+lDFxnqQ7Ay6kNKTOpD5GXqQ31/6kMXmepDsLLqQ83M
6kPk5epDff/qQxcZ60OwMutDjEzrQ+Rl60N9f+tDF5nrQ7Cy60NKzOtD5OXrQ33/60MXGexD
0TLsQ0pM7EMEZuxDfX/sQxeZ7EOwsuxDSszsQ+Tl7EOe/+xDOBntQ9Ey7UNrTO1DBGbtQ55/
7UM4me1D0bLtQ2vM7UME5u1Dnv/tQzgZ7kOWM+5Da0zuQwRm7kN9f+5DOJnuQ9Gy7kNrzO5D
BObuQ57/7kM4Ge9D0TLvQ2tM70MEZu9Dnn/vQziZ70PRsu9Da8zvQwTm70OkAPBDOBnwQ9Ey
8ENrTPBDBGbwQ31/8EM4mfBD0bLwQ1DN8EME5vBDff/wQxcZ8UOwMvFDa0zxQwRm8UOef/FD
OJnxQ9Gy8UNKzPFD5OXxQ57/8UMXGfJD0TLyQ2tM8kMEZvJDfX/yQziZ8kPRsvJDSszyQwTm
8kN9//JDFxnzQ9Ey80NrTPNDBGbzQ55/80M4mfND0bLzQ0rM80MK5/NDff/zQxcZ9EPRMvRD
a0z0QwRm9EN9f/RDOJn0Q7Cy9ENKzPRDBOb0Q57/9EM4GfVD0TL1Q2tM9UMEZvVDnn/1QziZ
9UOwsvVDjMz1Q+Tl9UN9//VDFxn2Q7Ay9kNKTPZD5GX2Q31/9kMXmfZD0bL2Q0rM9kME5vZD
ff/2QzgZ90OwMvdD0033QwRm90N9f/dDOJn3Q9Gy90OSzfdDBOb3Q33/90PBGvhDsDL4Q0pM
+EMEZvhDfX/4QxeZ+EOwsvhDSsz4Q+Tl+EN9//hDFxn5Q7Ay+UNrTPlD5GX5Q31/+UMXmflD
sLL5Q0rM+UPk5flD</AssayXData><AssayYData Points="300">ZNQ/QO5CQUBrLUJAyIpCQDulQkBtvEJAlghDQFcGQ0DES0NAzxpDQHs+Q0Cw/kJAifVCQE47
Q0AxckNApwFDQFwgQ0BSPUNALypDQFMhQ0A7CkNAhO9CQEgfQ0C+7EJA/cVCQFwJQ0AhPUNA
4/JCQFwKQ0AO80JAnP5CQHTKQkBVA0NAButCQB0hQ0BD80JAuORCQIi3QkA55UJAyeNCQIzk
QkBh3kJAc8hCQG+SQkB6qEJA//JCQIapQkDFqUJAnrxCQB7GQkBgd0JAh5pCQI6AQkBVq0JA
nl1CQIWMQkAyS0JA4alCQENJQkDMU0JAXDhCQGlcQkBKZUJATIdCQEagQkDGYkJAcEtCQGBQ
QkBEFEJAIxZCQLgJQkD6MUJAJ0BCQGM5QkD6P0JAPkBCQLZXQkAs/UFA/f9BQDXrQUDnCEJA
byBCQLfIQUAvu0FAtM5BQBQAQkDKwEFAERFCQILEQUBtykFAHM9BQMSmQUBOsUFA2alBQCWc
QUA1n0FAAHZBQAqjQUA5dkFAZmRBQDRTQUCpdkFAiJhBQNdbQUDcZUFAPlhBQIZ8QUABZEFA
ex9BQA8lQUA9kkFAMBhBQBxPQUCeJkFAzyRBQHYPQUAICEFAMeNAQIkOQUDMwUBAm7NAQMIC
QUDhxEBA3cBAQNSGQEBBw0BAgrRAQLreQEA9z0BAUb1AQB9eQEC6u0BA8JNAQI5WQEDoWEBA
4GZAQDONQEBzlkBAedRAQIZDQEBqXEBAZYZAQPk8QEC+WEBAl09AQC5WQEAiAEBAKgZAQI8U
QEBSAkBARts/QF8bQECWGEBAyd4/QLIBQEBPyD9AvApAQPEnQEAcB0BAcPw/QMrMP0AytD9A
Ie4/QNKeP0A4nT9Ardk/QGidP0Ashj9AU4Y/QMCDP0DPyz9ATpU/QOyNP0A1sj9Awl8/QLJQ
P0CfWj9AT0o/QKdUP0CFMz9Anzc/QCA9P0AZgz9AV1A/QK09P0AaFD9ApgY/QMX9PkC8ED9A
AAM/QC7tPkB+QT9Axu8+QDvRPkATET9AvhM/QCnTPkAZ9z5Aj+E+QIHhPkCeuD5AgN8+QHzF
PkC1tT5Aa7A+QEXCPkBJdz5ARYM+QPmUPkDdnz5AloY+QP1kPkAqTD5A70Q+QNx5PkCzcz5A
b1A+QIEwPkDLKT5AoUs+QH4NPkCm+T1A7j0+QLbxPUBnBD5ATzg+QHb+PUASJz5APOQ9QGwM
PkDLET5Apw4+QIoVPkDN+z1As+w9QNPaPUDK5D1ALdQ9QL6+PUCrxD1Atsk9QN7ZPUB41j1A
rmo9QAWbPUAufT1AylA9QJxTPUB8hj1AZnc9QHq5PUBzOz1AmWU9QHFAPUAAdD1A2Xc9QBdZ
PUCtQT1A6XY9QJI6PUAXBT1ApEs9QAsRPUBbHj1A7Dc9QCRdPUBNKj1AVhM9QA8+PUCe6DxA
sPI8QBv0PEA/qTxA6788QC7TPEAKvzxAvZ08QAGvPEDGxTxAiwE9QB6lPEBznDxA5708QGjp
PEAFbjxAQK08QI6HPEBAqDxAuYg8QN9oPEA0jTxACYU8QHY/PEA4XDxAVk48QFo8PEDgZTxA
D3k8QC1cPEB1WTxA</AssayYData></Step><Step><CommonData><SampleLocation>6</SampleLocation><SampleID>Running Buffer</SampleID><SampleGroup></SampleGroup><SampleInfo>in Running Buffer</SampleInfo><SampleRow>B</SampleRow><SamplePlate>1</SamplePlate><WellType>BUFFER</WellType><Concentration>-1</Concentration><ConcentrationUnits>µg/ml</ConcentrationUnits><MolarConcentration>-1</MolarConcentration><MolarConcUnits>nM</MolarConcUnits><MolecularWeight>-1</MolecularWeight><Temperature>30</Temperature><StartTime>584648</StartTime><AssayTime>20</AssayTime></CommonData><FlowRate>1000</FlowRate><StepType>BASELINE</StepType><StepName>Baseline 20</StepName><StepStatus>OK</StepStatus><ActualTime>20</ActualTime><CycleTime>0.2</CycleTime><AssayXData Points="100">fv/5QxgZ+kOxMvpDKkz6Q8Rl+kN+f/pD95j6Q7Gy+kNLzPpD5OX6Q13/+kP3GPtDkDL7QypM
+0PEZftDXX/7Q/eY+0OxsvtDKsz7Q8Tl+0Nd//tD9xj8Q5Ay/ENLTPxDxGX8Q35//EMYmfxD
sbL8Q0vM/EPE5fxDXf/8Q/cY/UOQMv1DKkz9Q8Rl/UNdf/1DGJn9Q5Cy/UNLzP1DxOX9Q13/
/UP3GP5DkDL+Q0tM/kPEZf5DXX/+Q/eY/kOQsv5DKsz+Q8Tl/kN+//5D9xj/Q5Ay/0MqTP9D
xGX/Q11//0MYmf9DsbL/QyrM/0PE5f9Dfv//Q3sMAERZGQBEJSYAROIyAETPPwBEjEwARFlZ
AEQlZgBE8nIARL9/AESMjABEWZkARCWmAETysgBEv78ARIzMAERZ2QBEJeYARPLyAES//wBE
jAwBRFkZAUQlJgFE8jIBRL8/AUSMTAFESFkBRCVmAUTycgFEv38BRIyMAURZmQFEJaYBRPKy
AUS/vwFEjMwBREjZAUQl5gFE8vIBRA==</AssayXData><AssayYData Points="100">8IkqQH9mJUDL2iJAD9IhQP8hIUARHiFAH/8gQLvhIEDfJSFAuh8hQO8gIUCpEyFA0CMhQLpH
IUAbNSFA+hMhQM5qIUBffSFAt3ohQAVeIUAVeyFAJ1khQPPYIUACayFAZJQhQM5TIUAZdyFA
BsYhQNhuIUDYbCFAzowhQESbIUBdhiFAf2UhQA6JIUBFkyFA+KYhQBF+IUAWmiFAgZ8hQPa4
IUDLgiFAE3UhQFKCIUAZ0yFA+Y4hQGtyIUCq6CFAe2EhQE6VIUADeyFA2YkhQB+tIUCokiFA
JLQhQB2KIUAEpSFAaAQiQHJpIUBulSFAv94hQFJmIUCgtiFAm7EhQHXAIUDimSFAB7whQKXA
IUB51iFAA4khQNKoIUBCeiFA2aQhQLmJIUBIyiFA/YQhQKq2IUCYjiFA3KAhQEl3IUA61SFA
jo0hQBKrIUCsaSFAzHYhQGmiIUBKkCFAg3chQFWKIUDVviFAuVwhQH6AIUCIbyFABpwhQKav
IUC00iFAJL4hQHC/IUCeiCFAqJIhQA==</AssayYData></Step><Step><CommonData><SampleLocation>7</SampleLocation><SampleID>aKappa 50ug/ml</SampleID><SampleGroup></SampleGroup><SampleInfo></SampleInfo><SampleRow>B</SampleRow><SamplePlate>1</SamplePlate><WellType>KSAMPLE</WellType><Concentration>-1</Concentration><ConcentrationUnits>µg/ml</ConcentrationUnits><MolarConcentration>-1</MolarConcentration><MolarConcUnits>nM</MolarConcUnits><MolecularWeight>-1</MolecularWeight><Temperature>30</Temperature><StartTime>612973</StartTime><AssayTime>120</AssayTime></CommonData><FlowRate>1000</FlowRate><StepType>ASSOC</StepType><StepName>Association</StepName><StepStatus>OK</StepStatus><ActualTime>120</ActualTime><CycleTime>0.2</CycleTime><AssayXData Points="600">v/8BRIwMAkRZGQJEJSYCRPIyAkS/PwJEe0wCRFlZAkQlZgJE8nICRL9/AkSMjAJEWZkCRCWm
AkTysgJEv78CRHvMAkRZ2QJEJeYCRPLyAkS//wJEjAwDRFkZA0QlJgNE8jIDRL8/A0QfTQNE
WVkDRCVmA0TycgNEv38DRIyMA0RZmQNEJaYDRAOzA0S/vwNEjMwDREjZA0Ql5gNE4vIDRL//
A0SMDAREWRkERBUmBETyMgREvz8ERHtMBERZWQREJWYERPJyBESvfwREe4wEREiZBEQlpgRE
8rIERK+/BER7zAREWdkERCXmBETi8gREz/8ERIwMBURZGQVEFSYFROIyBURjQAVEe0wFREhZ
BUQVZgVE8nIFRK9/BUR7jAVESJkFRBWmBUTysgVEr78FRIzMBURI2QVEJeYFROLyBUS//wVE
ewwGRFkZBkQVJgZE4jIGRL8/BkR7TAZEkFoGRCVmBkTicgZEv38GRM2MBkRImQZEFaYGROKy
BkSvvwZEe8wGREjZBkQV5gZE4vIGRK//BkR7DAdEWRkHRBUmB0TiMgdEvz8HRHtMB0RZWQdE
FWYHROJyB0SvfwdEe4wHREiZB0QVpgdE4rIHRK+/B0R7zAdEWdkHRBXmB0Ti8gdEr/8HRHsM
CERZGQhEiCYIRPIyCES/PwhEe0wIRFlZCEQlZghE8nIIRAGACESMjAhEWZkIRCWmCETysghE
v78IRHvMCERZ2QhERuYIRPLyCES//whEjAwJREgZCUQlJglE8jIJRL8/CUSMTAlEWVkJRCVm
CUTycglEv38JRIyMCURZmQlEJaYJRPKyCUS/vwlEjMwJRFnZCUQl5glENPMJRK//CUSMDApE
SBkKRBUmCkTiMgpEvz8KRHtMCkRZWQpEJWYKRPJyCkS/fwpEjIwKREiZCkQlpgpE8rIKRL+/
CkR7zApESNkKRCXmCkTy8gpEv/8KRHsMC0RZGQtEJSYLROIyC0S/PwtEe0wLREpcC0RtZwtE
4nILROB/C0SMjAtEWZkLRCWmC0TysgtEv78LRHvMC0RZ2QtEJeYLROLyC0Sv/wtEewwMREgZ
DEQVJgxE4jIMRK8/DER7TAxESFkMRHdmDETicgxEv38MRIyMDERZmQxEFaYMRPKyDESvvwxE
nMwMRFnZDEQl5gxE8vIMRK//DETuDA1ESBkNRBUmDUTyMg1Erz8NRB9NDURZWQ1EJWYNROJy
DUS/fw1Ee4wNREiZDUQlpg1EA7MNRK+/DUR7zA1ESNkNRBXmDUTi8g1Er/8NRHsMDkRpGQ5E
FSYORPIyDkSvPw5Ee0wOREhZDkQVZg5E4nIORK9/DkR7jA5ESJkORBWmDkTisg5Er78ORHvM
DkRI2Q5EFeYOROLyDkSv/w5EjAwPRGkZD0QVJg9E4jIPRK8/D0SMTA9EWVkPRDZmD0Tycg9E
v38PRIyMD0RZmQ9EJaYPRPKyD0S/vw9EjMwPRFnZD0Ql5g9E8vIPRL//D0SMDBBESBkQRCUm
EETyMhBEvz8QRIxMEERZWRBEJWYQRPJyEES/fxBEjIwQRFmZEEQlphBE8rIQRK+/EESMzBBE
WdkQRCXmEES38xBEv/8QRIwMEURZGRFEFSYRRIYzEUS/PxFEjEwRRFlZEUQlZhFE8nIRRL9/
EUR7jBFEWZkRRBWmEUTyshFEv78RRIzMEURZ2RFEJeYRRPLyEUS//xFEewwSRFkZEkQVJhJE
4jISRK8/EkR7TBJEWVkSRCVmEkTichJEz38SRIyMEkRImRJEJaYSRBOzEkSvvxJEe8wSRFnZ
EkTJ5hJE4vISRL//EkSMDBNESBkTRKgmE0TiMhNEvz8TRIxME0RZWRNEJWYTRDRzE0S/fxNE
3owTRFmZE0QVphNE8rITRK+/E0SMzBNESNkTRBXmE0Ty8hNEr/8TRHsMFERZGRREFSYUROIy
FES/PxREjEwUREhZFEQVZhRE4nIURK9/FER7jBRESJkURBWmFETyshREv78URHvMFER52RRE
JeYUROLyFES//xREewwVRMsZFUQVJhVE4jIVRK8/FUR7TBVEWVkVREZmFUTichVEr38VRHuM
FURImRVEFaYVROKyFUSvvxVEe8wVRFnZFUQV5hVE8vIVRK//FUSMDBZESBkWRBUmFkTyMhZE
vz8WRIxMFkRIWRZEVmYWROJyFkS/fxZEjIwWRFmZFkQlphZE8rIWRL+/FkRQzRZEWdkWRCXm
FkTy8hZEv/8WRIwMF0RZGRdEJSYXRPIyF0S/PxdEe0wXREhZF0QlZhdE8nIXRL9/F0SMjBdE
WZkXRCWmF0TyshdEv78XRIzMF0RZ2RdEJeYXROLyF0S//xdEjAwYRFkZGEQlJhhE8jIYRL8/
GESMTBhESFkYRCVmGETychhEv38YRHuMGERZmRhEFaYYRPKyGERSwBhEjMwYREjZGEQl5hhE
8vIYRL//GESMDBlESBkZRCUmGUTiMhlEvz8ZRIxMGURZWRlEJWYZRPJyGUS/fxlEjIwZRFmZ
GUQVphlE8rIZRK+/GUSMzBlESNkZRBXmGUTi8hlEv/8ZRHsMGkRZGRpEJSYaROIyGkS/PxpE
nEwaREhZGkQlZhpE8nIaRL9/GkR7jBpEWZkaRBWmGkTyshpEr78aRIzMGkRZ2RpEJeYaRGXz
GkSv/xpEjAwbREgZG0QVJhtE4jIbRK8/G0SMTBtEmlkbRBVmG0TichtEr38bRIyMG0RImRtE
FaYbROKyG0SvvxtEe8wbREjZG0Ql5htE4vIbRK//G0R7DBxESBkcRCUmHETiMhxErz8cRIxM
HERIWRxEJWYcROJyHES/fxxEjIwcREiZHEQVphxE4rIcRK+/HER7zBxEWdkcRBXmHETi8hxE
r/8cRHsMHURIGR1EFSYdROIyHUS/Px1Ee0wdREhZHUQlZh1E4nIdRM9/HUSMjB1EWZkdRCWm
HUTysh1Ev78dRIzMHURZ2R1EJeYdRCPzHUS//x1EjAweRFkZHkQlJh5E8jIeRL8/HkSMTB5E
WVkeRCVmHkTych5Ev38eRIyMHkRZmR5EJaYeRPKyHkS/vx5EjMweRFnZHkQl5h5E8vIeRL//
HkSMDB9EWRkfRCUmH0TiMh9Evz8fRIxMH0RZWR9EJWYfROJyH0Svfx9Ee4wfRFmZH0Qlph9E
NLMfRL+/H0R7zB9EWdkfRCXmH0Ty8h9E</AssayXData><AssayYData Points="600">0aswQDG6NEDOxzdAyLI5QDWeO0AaXT1AGSY/QEt/QEC3BUJAZlRDQPi1REBv/EVAtVJHQMOf
SEAPyElAASJLQI1wTECLVE1ARuxOQD/aT0A3A1FA0RNSQKxLU0A/aFRAv25VQCiJVkCJ7VdA
JMdYQDSmWUDpsVpAscdbQPjBXECY0V1AytBeQNmtX0BjqmBAW6thQLZeYkDNf2NAuGBkQDv6
ZEAsO2ZA7BtnQAjUZ0Aj1GhAMFBpQF1wakB7ZWtA2TFsQGPebEAjim1Ai2xuQPPKbkB55G9A
jLlwQGdpcUBKZ3JA6OZyQAemc0Ale3RAW+B0QKKfdUDDknZABWF3QCYreEDSr3hAyid5QKG6
eUAqSHpAUuN6QDOwe0Btg3xAGq98QFWBfUCU8H1Awvd+QHpgf0DeAoBAmy2AQDCAgEA78oBA
0ROBQHFSgUAsuoFAsAeCQE0/gkAokIJAA7WCQKgXg0AFT4NACKWDQHfcg0ApCoRA/DyEQM+e
hEB704RABPuEQB1OhUDveYVAu9GFQIMehkDfWYZA0myGQNjChkC8CodAUEOHQMR7h0DrqIdA
LsqHQBAfiEDmP4hAt4SIQDLZiEBr4YhAxiSJQIVRiUB3fYlAFeaJQFYLikCQLopAfkaKQLmt
ikCTzYpArvWKQGYhi0BIc4tAJXiLQPTOi0Ay64tA4ReMQMgwjEA+gYxARqyMQInajEBoCY1A
W1uNQKpejUDyco1Ak+KNQIrljUDOMI5A1UWOQAqfjkDmnI5A9ceOQJDsjkCLHo9AkEqPQHV0
j0DGm49ActOPQFsOkEAWJ5BAxleQQIRrkECHlZBAd6+QQF3qkEDoEZFAfzuRQGNUkUAcpJFA
qZORQMHNkUAy3ZFATCOSQGo/kkDOd5JA9Z+SQFG6kkBB4JJAXgmTQL0jk0BGPJNABFyTQEeI
k0CBt5NA2byTQCD8k0DUJZRAPEKUQBV5lEDyl5RA7K6UQLG9lEBE45RAvv6UQAYplUCdP5VA
lE+VQLGjlUCHtpVAOLmVQG4FlkA995VAnh6WQHBClkDyWpZAMZGWQH6ZlkCh65ZADNuWQK32
lkD+MJdABEyXQPlYl0AiUpdAAYmXQNDPl0Aj2JdAhOeXQHkpmEBBJ5hAzUuYQDlxmECcgZhA
opuYQJTKmEDn7JhAnPOYQBsZmUAQL5lA2U+ZQH1omUAcd5lA05uZQLy5mUBC5JlAOuSZQHcX
mkBSJZpA50+aQCxTmkCXa5pAWoyaQNiomkDizppA1/uaQMP0mkCoG5tA4DebQCdAm0DrYZtA
9oibQKCXm0CfsZtAfc6bQLTLm0Ch+5tA8wScQNgxnECyP5xA9lecQEN9nEBhapxAbbKcQEDB
nECM6pxA1dacQC77nEDUIJ1Adx6dQGZRnUDrW51AG4idQJypnUBiqp1AA9qdQDjknUAO9p1A
LfudQBgpnkBsGp5A+WeeQIJankB8ep5A7KWeQJyXnkCO355AUs2eQPDRnkBm7Z5A8P+eQE8u
n0BHP59AiEmfQO93n0DDh59A956fQKK+n0DXvJ9A89KfQDnvn0BoAKBAlwigQAw7oEBLSaBA
6z2gQCR4oECZdKBABnigQGOWoECErqBAGtqgQH/goEAb96BA5fmgQHUeoUD+T6FAtjKhQABV
oUAzcKFAJIShQNd7oUBepqFA966hQFDtoUCv3KFARu+hQC/yoUAMJqJA9y2iQLJVokCsY6JA
PGyiQE50okDFjKJAK7yiQEPDokAVs6JAMceiQMXiokAK96JAnx2jQPwlo0C1L6NAGTijQH1O
o0CjdaNAP3GjQJxzo0DJuaNAsbGjQJmxo0Cc2qNAf/GjQJL1o0D4DaRA+yukQO8lpEBvVKRA
oFykQOlZpEA7Y6RAc4WkQOaUpEC4wKRAdrOkQL/JpEC31KRAfQulQJz9pEBpBqVAgiWlQA8P
pUDSJ6VAHE6lQG9PpUBckqVAE4qlQF6zpUALnqVAbcClQN2/pUCg5aVAGfKlQI4LpkA2+KVA
ZQ6mQIcEpkCEQKZAiz+mQPZPpkBpXqZA3lumQAGXpkD8iKZA9aOmQL69pkBEwqZA79KmQHL7
pkDN66ZApfGmQDXzpkALFadAZDGnQP02p0A0LKdAAXGnQLlop0BGgKdAy4CnQCmnp0B/sqdA
dLCnQMPIp0APsKdA9cunQKrsp0A/+qdAvxCoQMolqEA7NahAvB6oQBBbqEBKbqhANmioQLRu
qEBLp6hAv7qoQD6bqECYnahAL8uoQJjbqEBL4KhAmt6oQPnzqECYHqlAxSqpQPpLqUBjI6lA
U0SpQOBNqUD5U6lA0WSpQEhkqUCvmalAVp+pQLa0qUB3r6lAZbGpQG3BqUAU1KlA8uCpQAvm
qUDF6KlAhRuqQPH5qUD2N6pAsU6qQNQ2qkCxSKpAQGaqQCxrqkD1m6pA5XmqQE2fqkC/l6pA
ZJWqQHnAqkAX4qpAfcmqQF/2qkBs4KpAhuCqQFINq0BsBatAqBurQExAq0ACK6tAiDerQBc/
q0AFMKtA6H2rQGh9q0DjbKtA9JCrQBG5q0B/tKtAP6GrQO7Eq0CKyqtA1NGrQDzaq0B9+6tA
8hWsQAYgrEAWDKxAkBWsQFpBrEC+KKxAdDmsQMxQrEA/baxAoYWsQNdgrEDLhqxABJKsQBec
rEAyq6xAAr2sQO2+rECbzKxAHcisQDDirED4wKxAgQOtQLH2rEB2GK1AEi6tQJVkrUBoR61A
IlOtQAJArUAQU61AuFqtQF56rUCLhK1AJJGtQOKvrUCbna1AII6tQNairUAhsq1ASMGtQKvJ
rUAi8a1AU/ytQN73rUC92K1AngGuQIYUrkAcD65ACGCuQPIvrkBlRq5AwF+uQCRTrkBoXq5A
4WuuQH6MrkAdkK5Ar5quQO2srkCvkK5ATsSuQH7LrkDx7K5Aa7muQGv3rkD/F69AJiKvQGgO
r0AoKa9ABhavQL0br0BgTK9Ah0KvQJZCr0D6N69AAnCvQFRsr0D/g69ARHCvQKiRr0DEha9A
rpavQIukr0Cyrq9AqsWvQLrgr0Be3K9A282vQCXKr0D51a9AxwGwQIn0r0AlD7BA+ymwQFot
sEDfMbBAADOwQGM0sEA/ZLBAVkiwQFM8sEDvj7BA14KwQFSQsEBejLBANZKwQCiNsECBvbBA
DcOwQFyTsEAl6rBAkMGwQOvpsEC82rBA</AssayYData></Step></KineticsData></ExperimentResults>
