<?xml version="1.0" encoding="UTF-8" standalone="yes"?>
<ExperimentResults><ExperimentInfo Name="20251008 UPFB0001"><ExpDescription>AHC example method - full characterization&#13;
Analyte titration series with reference channel</ExpDescription><RTDVersion>2.0</RTDVersion><RunID>44513BEA-5865-4B65-BE64-68D265EFB71C</RunID><ExperimentType>KINETICS</ExperimentType><ExperimentSubType>KBASIC</ExperimentSubType><StartDateTime>2025-10-08T15:13:15</StartDateTime><MachineName>BN7KX12</MachineName><UserName>octet</UserName><LotNumber></LotNumber><PlateName>251008</PlateName><PlateName2></PlateName2><SensorName>F1</SensorName><SensorPlate>1</SensorPlate><SensorType>AHC (Anti-hIgG Fc Capture)</SensorType><SensorRole>LIGAND</SensorRole><SensorInfo></SensorInfo><WritingSW>DataAcquisition.exe 11.0.2.1</WritingSW><InstrumentType>OctetRED96</InstrumentType><InstrumentSerial>FB-50284</InstrumentSerial><InstrumentFW></InstrumentFW><IntegrationTime>3.2</IntegrationTime><DSPType>CPF</DSPType><DSPStitching>1</DSPStitching><HasManifest>1</HasManifest><InfoHash>-117630275</InfoHash></ExperimentInfo><AssayParamsInfo/><KineticsData><Step><CommonData><SampleLocation>1</SampleLocation><SampleID>Running Buffer</SampleID><SampleGroup></SampleGroup><SampleInfo></SampleInfo><SampleRow>F</SampleRow><SamplePlate>1</SamplePlate><WellType>BUFFER</WellType><Concentration>-1</Concentration><ConcentrationUnits>µg/ml</ConcentrationUnits><MolarConcentration>-1</MolarConcentration><MolarConcUnits>nM</MolarConcUnits><MolecularWeight>-1</MolecularWeight><Temperature>30.2</Temperature><StartTime>0</StartTime><AssayTime>180</AssayTime></CommonData><FlowRate>1000</FlowRate><StepType>BASELINE</StepType><StepName>Baseline 1</StepName><StepStatus>OK</StepStatus><ActualTime>180</ActualTime><CycleTime>0.2</CycleTime><AssayXData Points="900">AAAAAKjGSz7NzMw+EFgZP0SLTD+JQYA/1XiZPzMzsz8IrMw/ZmbmPwAAAEDNzAxAmpkZQGZm
JkAzMzNAAABAQM3MTECamVlA8KdmQDMzc0AAAIBAZmaGQM3MjEAzM5NAmpmZQAAAoEBmZqZA
zcysQDMzs0CamblAAADAQI2XxkDNzMxAMzPTQJqZ2UAAAOBAZmbmQM3M7EAzM/NAmpn5QAAA
AEEzMwNBZmYGQZqZCUG0yAxBAAAQQTMzE0FOYhZBgZUZQbTIHEHn+x9BGy8jQWZmJkGamSlB
zcwsQQAAMEEbLzNBRIs2QZqZOUHNzDxBAABAQTMzQ0FOYkZBmplJQc3MTEEAAFBBGy9TQWZm
VkGBlVlBzcxcQZMYYEEzM2NBTmJmQZqZaUHNzGxB3SRwQRsvc0FmZnZBmpl5QbTIfEHn+39B
jZeBQScxg0HNzIRBZmaGQQAAiEGamYlBMzOLQcHKjEFaZI5B9P2PQZqZkUEnMZNBzcyUQWZm
lkH0/ZdBCKyZQTMzm0HNzJxBWmSeQfT9n0GNl6FBMzOjQcHKpEFmZqZB9P2nQY2XqUEnMatB
zcysQWZmrkH0/a9BmpmxQTMzs0HByrRBZma2QfT9t0GamblBMzO7QcHKvEFaZL5BAADAQY2X
wUEzM8NBwcrEQVpkxkH0/cdBjZfJQScxy0HBysxBWmTOQfT9z0GNl9FBJzHTQc3M1EFaZNZB
bxLYQY2X2UEnMdtBwcrcQVpk3kExCOBBjZfhQTMz40HByuRBWmTmQfT950GamelBJzHrQcHK
7EFaZO5BAADwQZqZ8UEzM/NBSOH0QWZm9kEAAPhBmpn5QTMz+0HNzPxBZmb+QQAAAELNzABC
mpkBQmZmAkIzMwNCAAAEQs3MBEKamQVCZmYGQjMzB0IAAAhCzcwIQpqZCUJmZgpCMzMLQvr+
C0LHywxCmpkNQmBlDkJGNg9CAAAQQs3MEEKamRFCZmYSQjMzE0IAABRCzcwUQpqZFUJgZRZC
MzMXQgAAGELNzBhCy6EZQmBlGkIzMxtCAAAcQsfLHEKamR1CZmYeQjMzH0IAACBCx8sgQpqZ
IUJgZSJCMzMjQvr+I0LHyyRCmpklQmZmJkIzMydC+v4nQs3MKEKTmClCZmYqQjMzK0IAACxC
x8ssQpOYLUJmZi5CMzMvQgAAMELHyzBCmpkxQmZmMkItMjNC+v4zQsfLNEKamTVCZmY2Qi0y
N0IAADhC/tQ4QpOYOUJgZTpCLTI7Qvr+O0LNzDxCoJo9QmBlPkI/NT9C+v4/QsfLQEKTmEFC
ZmZCQi0yQ0L6/kNCx8tEQpOYRUJgZUZCMzNHQvr+R0LHy0hCmplJQmBlSkItMktCAABMQsfL
TEKTmE1CZmZOQi0yT0L6/k9Cx8tQQpqZUUJgZVJCLTJTQgAAVELNzFRCmplVQmBlVkItMldC
BgFYQsfLWEKTmFlCYGVaQi0yW0L6/ltCzcxcQpOYXUJgZV5CLTJfQvr+X0LHy2BCk5hhQmBl
YkItMmNC+v5jQsfLZEKTmGVCYGVmQi0yZ0L6/mdCx8toQpqZaUJmZmpCMzNrQgAAbELl0GxC
mpltQmZmbkIzM29CAABwQs3McEKamXFCZmZyQjMzc0IAAHRCzcx0QpqZdUJmZnZCXjp3QgAA
eELHy3hCmpl5QmZmekIzM3tCAAB8Qs3MfEKamX1CZmZ+QjMzf0IAAIBCZmaAQs3MgEIzM4FC
mpmBQn3/gUJmZoJCSsyCQjMzg0KamYNCDAKEQuNlhEJKzIRCMzOFQheZhUIAAIZC42WGQs3M
hkIzM4dCmpmHQgAAiELjZYhCSsyIQrYziUKamYlCAACKQmZmikLNzIpCUjiLQpqZi0IAAIxC
Dm2MQs3MjEIzM41CmpmNQn3/jUJmZo5CzcyOQjMzj0IXmY9CAACQQmZmkEJKzJBCsDKRQpqZ
kUIAAJJCZmaSQs3MkkIzM5NCF5mTQgAAlELjZZRCzcyUQjMzlULjpZVCff+VQuNllkLNzJZC
MzOXQheZl0IAAJhC42WYQkrMmEKwMplCF5mZQn3/mUJmZppCzcyaQjMzm0KamZtCff+bQnNo
nELNzJxCsDKdQheZnUJ9/51C42WeQkrMnkKwMp9CF5mfQgAAoELjZaBCzcygQrAyoUKamaFC
ff+hQuNlokJKzKJCsDKjQheZo0J9/6NCZmakQkrMpELJNqVCF5mlQn3/pUJmZqZCzcymQjMz
p0IXmadCAACoQm1nqEJKzKhCsDKpQheZqUJ9/6lC/GmqQs3MqkIzM6tCF5mrQn3/q0JmZqxC
zcysQrAyrUKama1CAACuQmZmrkLNzK5CMzOvQpqZr0IAALBCZmawQs3MsEIzM7FCmpmxQgAA
skJmZrJC2c6yQjMzs0KambNCAAC0QmZmtELNzLRCMzO1QpqZtUIAALZCZma2Qs3MtkIzM7dC
mpm3QgAAuEJmZrhCzcy4QjMzuUKamblCff+5QuNlukLNzLpCOTS7QpqZu0IAALxCZma8Qs3M
vEKwMr1Cmpm9QgAAvkJmZr5Czcy+QjMzv0IXmb9CAADAQuNlwEJKzMBCsDLBQpqZwUJ9/8FC
42XCQkrMwkIzM8NCF5nDQgAAxELjZcRCzczEQrAyxUIXmcVCAADGQuNlxkLNzMZCMzPHQpqZ
x0IAAMhC42XIQs3MyEIzM8lCI5vJQgAAykJmZspCzczKQj81y0KamctCff/LQmZmzELNzMxC
sDLNQpqZzUIAAM5C42XOQs3MzkKwMs9CF5nPQgAA0ELjZdBCSszQQrAy0UIXmdFCgwDSQuNl
0kLNzNJCsDLTQheZ00KDANRCZmbUQkrM1EIzM9VCF5nVQn3/1ULjZdZCSszWQrAy10IXmddC
AADYQuNl2EJKzNhCsDLZQheZ2UJ9/9lC42XaQkrM2kKwMttCF5nbQn3/20JtZ9xCSszcQrAy
3UIXmd1CAADeQuNl3kJKzN5CMzPfQpqZ30J9/99CZmbgQs3M4EKwMuFCF5nhQgAA4kLjZeJC
zcziQrAy40IXmeNCff/jQuNl5EJKzORCsDLlQpqZ5UIAAOZCZmbmQs3M5kIzM+dCmpnnQgAA
6EJmZuhCYtDoQjMz6UKamelCAADqQmZm6kLNzOpCMzPrQpqZ60IAAOxCZmbsQs3M7EIzM+1C
mpntQgAA7kJmZu5CzczuQrAy70Kame9Cff/vQmZm8ELNzPBCUjjxQpqZ8UIAAPJCZmbyQs3M
8kK2M/NCF5nzQgAA9EJmZvRCSsz0QrAy9UKamfVCAAD2QmZm9kLNzPZCMzP3QpqZ90IAAPhC
Zmb4QkrM+EIzM/lCF5n5Qn3/+UJmZvpCzcz6QrAy+0Kmm/tCAAD8QmZm/ELNzPxCsDL9Qjuf
/UJ9//1CZmb+Qs3M/kIzM/9Cmpn/QgAAAEPyMgBDZmYAQ5qZAEPNzABDvv8AQ/IyAUOoZgFD
mpkBQ4vMAUO+/wFDMzMCQ2ZmAkNYmQJDi8wCQ4MAA0MzMwNDJWYDQ5qZA0OLzANDywEEQ/Iy
BEMlZgRDWJkEQ4vMBEO+/wRDMzMFQyVmBUOamQVDi8wFQ4MABkMzMwZDJWYGQ2qcBkOLzAZD
vv8GQ/IyB0NmZgdDWJkHQ83MB0O+/wdDtjMIQyVmCENYmQhDi8wIQwAACUN1MwlDJWYJQ1iZ
CUOLzAlDvv8JQ/IyCkMlZgpDWJkKQ4vMCkO+/wpD8jILQyVmC0NYmQtDmM4LQ77/C0PyMgxD
ZmYMQ1iZDEOLzAxDvv8MQ/IyDUMlZg1DmpkNQ4vMDUO+/w1D8jIOQyVmDkNYmQ5DzcwOQ77/
DkOBNQ9DZmYPQ5qZD0PNzA9DAAAQQzMzEENmZhBDmpkQQ83MEENCABFDMzMRQ2ZmEUPbmRFD
zcwRQwAAEkMzMxJDZmYSQ5qZEkPNzBJDAAATQzMzE0NmZhNDmpkTQ83ME0MAABRDMzMUQ2Zm
FEOamRRDzcwUQwAAFUPyMhVDZmYVQ5qZFUPNzBVDAAAWQzMzFkNmZhZDmpkWQ83MFkNOAhdD
MzMXQyVmF0NYmRdDzcwXQ4kBGEPyMhhDZmYYQ5qZGEPNzBhDvv8YQzMzGUMlZhlDmpkZQ83M
GUO+/xlDMzMaQ2ZmGkPunBpDi8waQ77/GkMzMxtDrmcbQ1iZG0PNzBtDvv8bQwQ2HENmZhxD
WJkcQ83MHEO+/xxD8jIdQyVmHUOamR1DzcwdQ4MAHkMzMx5DJWYeQ5qZHkPNzB5Dvv8eQ/Iy
H0MlZh9DWJkfQ4vMH0O+/x9DMzMgQ2ZmIENkmyBDzcwgQ77/IEPyMiFDJWYhQ1iZIUPNzCFD
AAAiQzMzIkMlZiJDWJkiQ83MIkMAACNDvDQjQyVmI0NYmSNDi8wjQ77/I0MzMyRDZmYkQ1iZ
JEOLzCRDvv8kQzMzJUMlZiVDmpklQ4vMJUO+/yVDMzMmQ2ZmJkNYmSZDi8wmQ77/JkPyMidD
JWYnQ+GaJ0PNzCdDvv8nQ/IyKEMlZihDWJkoQ83MKEMAAClD8jIpQyVmKUNYmSlDi8wpQ77/
KUPyMipDJWYqQ1iZKkPNzCpDvv8qQzMzK0NmZitDmpkrQ5HNK0MAACxDMzMsQ2ZmLEOamSxD
kc0sQwAALUMzMy1DZmYtQ5qZLUPNzC1DAAAuQzMzLkPwZy5DWJkuQ83MLkMAAC9DMzMvQ2Zm
L0OamS9DzcwvQwAAMEMzMzBDZmYwQ5qZMEPNzDBD0QIxQzMzMUPpZjFDmpkxQ83MMUOPAjJD
MzMyQyVmMkOamTJDzcwyQwAAM0MzMzNDZmYzQ9uZM0PNzDND</AssayXData><AssayYData Points="900">AAAAAENgYLl92P66tUuuuqbqoLpUtN66/SfduWOCVTs10vI4We+muv43mzrYSXw76H0QO08y
WbqNytC6Hte0OsNp5To0So069C4vuys+ujqRzzk7RvyDOerDeTtHVN26Ef8FOzZxqzoshjo6
qFMbuiz2BTvVRCC7chOIO9STiLqMAN065WMwOn3TXDtWCoC6DgCHOxcyLjuEcm873moAO6e0
XzoAQDM72YAmO7lOnrpMJSS5Kv54OYjEk7rge7A6qi4uO5nJATvjqz87jZj+uVJXnjm0H806
BRC0uf5EW7olyNQ6aTCJOutFqjnrXAW7b0dsuUX6sLp5unI7A6QGOXC2xbpdXBg7BFRntw2+
V7uF0Q66epFQOlZSYjgnNKO78rxBOPKTFbscKV07raT/OlAnmjkNjki7ePWcOb4Kf7vnsqc6
G/cDuxNZUrqC/Qi7M1CdOkLAT7rw1KC5yQAIOxTguTnuuf26LJOOOhyIRTpF+bi6vc6euxqe
KbqQCE06HfqquiBKIDs88po6U0nxOcxfVzvaSrI67LGwOkoA07quIQq7AUVju9mzk7oluTE7
xMRnOCFqfrrQYF65QuLAOQWTGTv7ZeG66U9CutGCPDupNaO7ancJu36YaboVFRU6nypGu10E
Sbpdojg631A5uyIMYDp0Mu66TQxluoDC0rqEZB+2h7ckOopDkTom8F06BtfwuH2GuLlgRi07
WNgvuj2eoLqepI+7P1PDutmdOrtNSs2734Xlutv9mTaQKuS6hlEju3pQiLr3Dlm7hNSNu1Qy
X7pzgKi7ZEA1u0P0P7uf7VW6A1L0ut2SebtVgWm7TMxnuzmbLrlBGmG7C454uzK2Q7vrgVM6
LJucuRzgpDqoBym7zpabunei6bptQ1m74kkeu4eSMbsAIYC7AspQu460ULtlOYy7o106u/Jp
gbvaPeu7W4B9u6XCUbuRaGm76QBGux8mzbrliu+6YkFfu8ycDbt1Myk6wWpeu34Lp7tdBky7
R9Ndu1HwUbt1tO26gSdyu5BZGrvW4IW6XOCCuzRfSLs4wUK7aPKcuxVuYrtBuDg6Qf+Gu4fB
DLpoHju7gkfuumSTLru6hVS7N3pCu6F4m7tFekm7oymQu4zjT7u4ZqW7h3qWu8Uln7suza+6
IMF+u4S33brAhRy7AT8qu3JCfruifS676ZF/uqsYCLfQa4i71qXAu7qQqrvtbW+7ikPEu+tQ
yrrlIvO6MUypOWwWmbsUadW6/8ilu0fdLbqbc3O7kVKsu3acnbs3H8m7/13Hu6AjCbpEDBK7
YlkkuQCbArv8xxS7zrfaunizW7t5KoS7VaK1ustfrrtRVgS6EFdvu7c8hLv8cA27A+rluuWx
n7t/WTq7xo0su1+3ZLslyni7zVf7ugvg+rpr6EK76E2Wutfp0bu6Joi75rWQu5N1cLuKkoe7
QctUu2/sKrtku5m74C6Ou5cv8LvNO3i7n3KKu426+rqSOt26HI7Au1UPu7tiPf+64f2yuwxn
fLvLHku7HYOhuwfWJLtcfI+7DfmKu3b/sLsenKi7L8OWu6TJmbsNUIS7gZk7u52Ka7tiqnO7
t66euxNqH7u3JLq7dGPru5jepbo3vsu7MpXAu63ZtLskK3273LG4uzOLTrsWiv278AQmu4eI
fbrZ9O66dZZSu3vorrvwkoC7mmTHu9KYj7p/fnG6xvjHuyXKLLtWolW7+Jjdu8ergruIpoC7
5Bm7uwy7r7t0pnW7gOKYu0m0yLus/6W7m6mHu3GGBrx7vMC7P0fUu3g/irtOoPG7ayucuw23
rrsxrie8r8FTu/CA8Lsagvq7AaULvKMD4bsNVLi7efbqu685zbv02sK7MXpduz2WDbwfNOS7
ihVZu65ehLtGnTu7rYj7u2UMprvxgsi7YL1Vu3Gyc7t098e7Pr8JvJzrjLsuUA28PK+au+Ya
vLvOcly7PiCau8+duLv8Z+y73evPu2qA87uxRo27Dz6iuwMxnrv8t7+7KQrpuwww17snkI67
2Ib+u3BR1rtsEKy7cSasu9fXw7s6+Zu7vZ+Cu85zkrs5zQe8/NqVunNZqbvppwW8zSWnu4YY
A7wnUqi7ZmDCu7WknruAH8m7pZa2u9Y+v7uBfLy7GPllu0ovpLvLOH27aPvbu0Hx87tkqwe8
yN7du8JL5LulW927Q7JLuzNe8rtIyg+8jNTtu4Y58bsSbuG7rZz/u3tlXbsOYcO7VbF/u8lg
8LshILS7PSLau7BThrvWdZu7aXC4u8Z82LtG9aG74YATvH9CrLss1wm8iEfDu2caB7zNqB+8
zN/iu3OVrLsmeAe8YXP4uzSF6LtA+a+7YBAZvA7JsLvWh5S7b9nIuxDbHbwMeQW8ejIHvAbK
wrtFi9i7VTIVvAzanrt5apa78svvuyk1j7vE8LK7X8oHvPflArxrJt+7HtAbvO6JArwUT4e7
rnXdu0BC1rtEB8e7X+XNuyx5+bvcVcS7vvIMvJvu7rtgcK271zACvG3I0rvAQsu760+4uzCR
ubs3VdK7uu4BvDiRh7sZVNm7Rajou11+sbu7XgO8mMZtuzstlLuowJ27zVUxvBFdDLztja+7
+BzruxoICryb8+67mAoGvIqW87sMm/W7T6sdvKTMlbs7Kam7OlX/u1GmFLyxyxy8qAwDvATE
17teete7qdP3uw15BLyDIhG8UOEdvKbT5bsGsb67ST6Su9WfArxgvfK7TuvKu2DKDbxATAa8
/j2Qu8UK/rsVyxi8P2+Ou+Fa+LvSdA68u+EGvDClAbxH4PO7zxr6u9RCy7u9egS8+00wvKYn
LrwAWD+8Z+kAvD0FFbwNlSK8Xx/Uu65aB7ylagO8aVUbvEOtFLwmoh28tM04vGHJ6bso+hm8
9nIZvDZbh7sFSgW8logOvE53Hby2Bcm7uePqu7Ia6ruqQPS757kEvOwmAbxXwO27d0XluzZE
+rvqESK8xeEAvKPP+7sS26G7lTCQu5tTDrxNFwy8wZ4IvPohG7w+q9S7hO4ivPiv6bsovQ68
G7Qhu4fJmbvWHPK7q5P0uzN0w7sZPO+7vqyzu+SUJrwobwy8lz42vFwL8Lv4m9+77I38uy2z
BLyVJw28lPbFu8JZL7zzW/m7B9oTvDKdALwNdgi8OGHau0sc8bvzvi28H/gavNSGAby4DNa7
UXaFuyKfGryrORi8CFfTu6oMBbzJHSC8Rb4cvOs96bsfvB28pbK0uw3G6rviNhe8NXgDvGmR
SLyUwLS7lgAsvP2OJbzc4du7pMKsu4Y/DLxl2Qa8g+HOuxdbP7zsYyW8yU4EvEIUG7wWIha8
kuMKvF6d/7t/Vs+7THEAvMnvHrz5CwW8Axk6vN5tP7ye4gO8W1jGu51YALzWKRu82+pNvKOm
DLwYzDu8CEoRvMIy7rvrhAq8ghMRvPjQ2rvuJd27rhArvDLdFbx0Nxy8DOr8u1hvFLw8PaS7
U9Xju0TmGLwASjS8y1bnuy/dnLtHyvu7reYPvKsaDLx6Z0+8QlXku+mE17s5k8+7FzQevAos
OLw45/G7Kqz9u2TZyLvahf27hCf6u1J+GLxmQKa7sEazu93pFLw/4wq8aFwLvAtZ5LtX7FO8
iGkXvPnoBryo59W70m0xvLVFJ7xsVxW8ojIDvCtV87ucSea70roEvMR3Q7xH0S68c0sFvO+2
77sCxuO7/0Sou++DPrxxSwG8XMg7vL2gOLx01jm80poQvDwOAryM9gy8vwvku3jD2LuPrgu8
ZuwrvCQX8LsbyR+81C0kvFxK3bsErPi7jgEKvCLJJLz3KS28SQEIvB9kMbxk4Aa8ksnguy+I
KLwQWwa8LNAjvA/LKbwx8iW85UoJvA/177tgPgm8yQ4tvFPPJ7wT9vS77/39u1Vf8rvxY/i7
bLz3uyVLIrzSuR28wrUivKQI+LthPKW7ua8KvEkxOryOqE27B4oGvL3R/7tucy+85tcnvFUR
krvkqjK85aAPvP/DILz4VEy8BUw9vJPuIrwd+NG7QSUSvDKzDLzM+CC8wqcEvI5L67tLIkO8
Ft3huwrQN7xS6D282nIdvIrkI7ytG/a7QzswvK0jFbzvYhi88m8svKHII7zPK0S8UyCpu/un
/rsJ/Uq8SfwivE2yRbwDmyK8nVslvLvBXLxfcCu8idUevDAXBLxRaUS8G88PvIaYDbzDlwK8
OrM6vAjEQ7w11Aa8dlsFvJahIbzz4T+8ObwKvB8mObyNIiW8GXEWvFaKB7zjuuS7WBVIvI/q
C7xIkia8ndvUu897+rvq/Mi7f0P+u8qJMrwhsj6849MlvGrbNbxh6R68H2wXvOezW7wF7dG7
qwDyu4ZcErwxyB28gm4yvM8zQbwKGTO8ZCQWvNDtObzKVkm8QUD4uxZrxbvjSRW8v2g5vDdG
K7yNDTe8T28MvMvsKLxpsiG8n01GvMflRLz6r7q7ipUgvHw+abyJXxK8eTfAu3QpC7yxjgy8
KC05vOJUFrwydwK8K88yvGk8KrxOYxq8nfIpvLumUrxvnTy8xjkqvGv85rsvoee7REkQvPjP
J7x9Exy88b8gvHnEPbx24QS8YGMtvNmoPbwXyR+8CPwHvM9YALwejFG85/NJvMWDxbsBYi68
DlXju2BSE7yNPhq8C+5GvOEkRLyIIiO8yZkrvHVeKrwu0h+8cxYWvC7h3ruamg68/Pb3u417
K7x4izq8EntWvPb2QLydBVO8Fyw4vDKBKrwNG0y88+M4vGWkzLsPDCu8jDZJvKkbIbxTbzu8
ligSvHf4VLxkhxq8BFExvDqqNLyRAy28u0Xwu7aJBrx0ef67</AssayYData></Step><Step><CommonData><SampleLocation>2</SampleLocation><SampleID>10mM Glycine pH1.7</SampleID><SampleGroup></SampleGroup><SampleInfo>or other Regeneration solution</SampleInfo><SampleRow>F</SampleRow><SamplePlate>1</SamplePlate><WellType>REGENERATION</WellType><Concentration>-1</Concentration><ConcentrationUnits>µg/ml</ConcentrationUnits><MolarConcentration>-1</MolarConcentration><MolarConcUnits>nM</MolarConcUnits><MolecularWeight>-1</MolecularWeight><Temperature>30.1</Temperature><StartTime>207730</StartTime><AssayTime>20</AssayTime></CommonData><FlowRate>1000</FlowRate><StepType>CUSTOM</StepType><StepName>condition</StepName><StepStatus>OK</StepStatus><ActualTime>19.999</ActualTime><CycleTime>0.2</CycleTime><AssayXData Points="100">AAA0QzMzNENmZjRDmpk0Q83MNEMAADVDMzM1Q2ZmNUNYmTVDi8w1Q77/NUPyMjZDf2o2Q5qZ
NkPNzDZDvv82Q/IyN0NmZjdDWJk3Q83MN0MAADhD8jI4Q2ZmOEOamThDzcw4Q77/OEPyMjlD
ZmY5Q5qZOUPNzDlDvv85Q/IyOkNmZjpDmpk6Q4vMOkO+/zpD8jI7Q2ZmO0OamTtDi8w7Q5YD
PEPyMjxDJWY8Q1iZPEPNzDxDAAA9Q/IyPUNmZj1DHZo9Q83MPUO+/z1D8jI+QyVmPkNYmT5D
i8w+Q77/PkPyMj9DJWY/Q5qZP0PNzD9Dvv8/Q/IyQEMlZkBDWJlAQ4vMQEMAAEFD8jJBQyVm
QUNYmUFDi8xBQ77/QUMzM0JDJWZCQ1iZQkOLzEJDvv9CQzMzQ0MlZkNDWJlDQyHQQ0O+/0ND
8jJEQyVmRENYmURDi8xEQ77/REPyMkVDqGZFQ1iZRUOLzEVDvv9FQzMzRkNmZkZDWJlGQ83M
RkO+/0ZDBDZHQ2ZmR0OamUdDi8xHQw==</AssayXData><AssayYData Points="100">8AmEvgrKVb7hdTq+UEslvlNrGr7pbRK+Vv8UvoZCF77/Mxm+to4avgqgH753OiS+rw8pvi9O
Kb5NbS++RNQxvrQcM76/Mzm+6jE7vn/fQL6tTkO+IHVEvlc2Rr7Of0q+1uhMvsxmTL4f0k++
lPVRvqAxUr4YFFe+hGZZvl2cW76dRF2+5RRcvgNnXL65q2C+0qFjvuzRZL5BY2e++0Npvvd2
a779tmu+dIBtvmgRbr6hnXK+BBtxvpn1br5d4XK+t/R3vizvdb6MpXW+N6d4vtPYfL7pZHu+
pV97vjdRe75K3n6+O3iAvjeCgL4ploG+C9+AvnjIgr69UIS+KI6Dvgcjgr7YLoS+TeKDvk92
hL5wkYa+0xeGvgJDhr4vr4a+smCHvu9/h770EYu+ocCJvlWEib5VtIq+SLyIvgZsir4TBYy+
JQKLvn2Qi74LrYy+yluMvibUjb7b1oy+tuWOvhMDkL6nRI++a8SMvoIYkL5LtI++tPqQvuN8
j74hxpG+6UWQvnfkkb5yDJK+mXGSvg==</AssayYData></Step><Step><CommonData><SampleLocation>1</SampleLocation><SampleID>Running Buffer</SampleID><SampleGroup></SampleGroup><SampleInfo></SampleInfo><SampleRow>F</SampleRow><SamplePlate>1</SamplePlate><WellType>BUFFER</WellType><Concentration>-1</Concentration><ConcentrationUnits>µg/ml</ConcentrationUnits><MolarConcentration>-1</MolarConcentration><MolarConcUnits>nM</MolarConcUnits><MolecularWeight>-1</MolecularWeight><Temperature>30</Temperature><StartTime>233413</StartTime><AssayTime>20</AssayTime></CommonData><FlowRate>1000</FlowRate><StepType>CUSTOM</StepType><StepName>condition</StepName><StepStatus>OK</StepStatus><ActualTime>20</ActualTime><CycleTime>0.2</CycleTime><AssayXData Points="100">vv9HQ/EySEPjZUhDWJlIQ4vMSEO+/0hDsDJJQyRmSUNYmUlDi8xJQ77/SUOwMkpDK2dKQxaZ
SkOLzEpDfP9KQ/EyS0MkZktDWJlLQ4vMS0N8/0tD8TJMQ+NlTEMWmUxDi8xMQ77/TEOwMk1D
JGZNQxaZTUOLzE1Dvv9NQ/EyTkMkZk5DFplOQ4vMTkO+/05D8TJPQyRmT0MWmU9DDs1PQ3z/
T0OwMlBDJGZQQ1iZUEOLzFBDfP9QQ7AyUUMrZ1FDFplRQ4vMUUN8/1FDsDJSQzFoUkNYmVJD
ScxSQ3z/UkPxMlNDJGZTQxaZU0NJzFNDvv9TQ7AyVEPjZVRDWJlUQ0nMVEOPAlVDsDJVQ+Nl
VUMWmVVDScxVQ3z/VUOwMlZD42VWQxaZVkOLzFZDfP9WQ7AyV0PjZVdDWJlXQ0nMV0N8/1dD
8TJYQyRmWEMWmVhDScxYQ3z/WEOANVlD42VZQxaZWUNJzFlDfP9ZQ7AyWkPjZVpDWJlaQ0nM
WkN8/1pDMzNbQ+NlW0MWmVtDi8xbQw==</AssayXData><AssayYData Points="100">/+KLvXHxzr1k8eu9kub/vZU6Bb7/BAC+2vj8vQSy+b09Ff69dzPyvbxm6b3SMPC9H0TnvZW+
872Ni+S9uUTgvYdx372jSOK9BTzevVqA2L1GWte9FCDXvbN4270GzNG9yovUvUh60b0FZM29
ko/OvTzlxb3QEM+9aU/QvTuIyL1iFM69jx/NvTDRyL2YKci9iULKvTLPv73Zgsq9KUTHvUZ9
w71CN7+9TXjCvZh4wL1Di8G9Ece9vfGyvr1QHLq9SBm/vUN6vL1NH8C9+b3BvZkUvb3oDry9
YhK3vb9XuL0k1ba9OaC8vfXCtb2w4Lu9ESW0vdgYv731s769phavvVEuvb161K+92IG1vUVy
ub17BLK9Jd6yvQZnr72EK6q9b8GzvW7ruL1Mja+9RtGzvXPBq72crbC9mx2uveKYsr2ndKS9
iq2wvXWerL0c57W9dE+rvVKKtb26wbC9pd2tvT9Zrr1jyqm9eb6svfE3qr3Tx6293xSpvdTj
q73coK29/1GrvaEGrb3Dpa69I+utvQ==</AssayYData></Step><Step><CommonData><SampleLocation>2</SampleLocation><SampleID>10mM Glycine pH1.7</SampleID><SampleGroup></SampleGroup><SampleInfo>or other Regeneration solution</SampleInfo><SampleRow>F</SampleRow><SamplePlate>1</SamplePlate><WellType>REGENERATION</WellType><Concentration>-1</Concentration><ConcentrationUnits>µg/ml</ConcentrationUnits><MolarConcentration>-1</MolarConcentration><MolarConcUnits>nM</MolarConcUnits><MolecularWeight>-1</MolecularWeight><Temperature>30</Temperature><StartTime>259075</StartTime><AssayTime>20</AssayTime></CommonData><FlowRate>1000</FlowRate><StepType>CUSTOM</StepType><StepName>condition</StepName><StepStatus>OK</StepStatus><ActualTime>19.999</ActualTime><CycleTime>0.2</CycleTime><AssayXData Points="100">v/9bQ/IyXEMlZlxDWZlcQ4zMXEO//1xD8jJdQyVmXUNZmV1DjMxdQ7//XUPyMl5DJWZeQ1mZ
XkNKzF5Dv/9eQ/IyX0MlZl9DWZlfQ0rMX0MBAGBDsTJgQ+RlYENZmWBDjMxgQ7//YEPyMmFD
JWZhQ1mZYUOMzGFDff9hQ/IyYkPkZWJDWZliQ4zMYkN9/2JDsTJjQ+RlY0NZmWNDjMxjQ7//
Y0OxMmRDJWZkQxeZZENKzGRDff9kQ/IyZUMlZmVDF5llQ0rMZUN9/2VD8jJmQ+RlZkMXmWZD
jMxmQ33/ZkPyMmdD5GVnQxeZZ0Mbz2dDff9nQ7EyaEPkZWhDF5loQ4zMaEO//2hDsTJpQ+Rl
aUMXmWlDjMxpQ7//aUPyMmpDJWZqQxeZakNKzGpDff9qQ/Iya0PkZWtDF5lrQ0rMa0N9/2tD
sTJsQ+RlbEMXmWxDSsxsQ7//bEPyMm1D5GVtQxeZbUNKzG1Dff9tQ7EybkPkZW5DF5luQ0rM
bkO//25DsTJvQ+Rlb0NZmW9DSsxvQw==</AssayXData><AssayYData Points="100">5my1vhBUn75nwom+EAt/vt2IdL4JSWy+qpNtvhFCb758bm2+T+ZwvtOUc76Na3i+K7F5vrg7
e76r/36+fgCAvq6Pgr7eK4G+JZiDvinTgr6g74W+b3CFvg6Zhb61koe+aqqHvqO/iL43AYm+
RGiKvhBqjL4B84u+vz2Lvv+5jb52jI2+YHSNvhXHjb7yYY2+48WPvpYEkb6w3JC+/YKPvmPU
kb4unZG+1U6Tvq0Pkr633JK+50+TvpSylL47bZS+Q/mVvkPhlr4uaZW+roGXvof5lb6BPpi+
1NOYvosemb40i5m+X4SYvjQymb4EJpu+OAWbvnY8mb5Gp5q+L0uavh3nnL7ySZ2+h4ycvjoK
nr71yZq+BmScvm5mnb4oOZ2+oOedvq8eoL4R7p2+5P2fvqDknr4tt6C+K9ufvu26oL6+dZ++
FD+gvl8moL6W0qC+23Ohvna0ob50caK+pVGivgtror5UbqO+moikvm9Spb4yXaO+gpGkviBn
pL6/j6S+5NSlvoYMpr5omae+jL6mvg==</AssayYData></Step><Step><CommonData><SampleLocation>1</SampleLocation><SampleID>Running Buffer</SampleID><SampleGroup></SampleGroup><SampleInfo></SampleInfo><SampleRow>F</SampleRow><SamplePlate>1</SamplePlate><WellType>BUFFER</WellType><Concentration>-1</Concentration><ConcentrationUnits>µg/ml</ConcentrationUnits><MolarConcentration>-1</MolarConcentration><MolarConcUnits>nM</MolarConcUnits><MolecularWeight>-1</MolecularWeight><Temperature>30</Temperature><StartTime>284742</StartTime><AssayTime>20</AssayTime></CommonData><FlowRate>1000</FlowRate><StepType>CUSTOM</StepType><StepName>condition</StepName><StepStatus>OK</StepStatus><ActualTime>20</ActualTime><CycleTime>0.2</CycleTime><AssayXData Points="100">ff9vQ7AycEOiZXBDF5lwQwjMcEM7/3BDbzJxQ6JlcUPVmHFDSsxxQ33/cUOwMnJD42VyQ9WY
ckMIzHJDO/9yQ7Ayc0OiZXNDF5lzQ0rMc0N9/3NDsDJ0Q+NldEMXmXRDCMx0Qzv/dENvMnVD
42V1Q9WYdUMIzHVDff91Q28ydkPjZXZD1Zh2Q0rMdkN9/3ZDbzJ3Q6Jld0PVmHdDSsx3Q33/
d0OwMnhDomV4Q1iZeEMIzHhDO/94Q28yeUOiZXlD1Zh5QwjMeUM7/3lDsDJ6Q6JlekPVmHpD
CMx6Qzv/ekNvMntDomV7Q9WYe0NKzHtDO/97Q28yfEOiZXxD1Zh8QwjMfEM7/3xDsDJ9Q6Jl
fUPVmH1DCMx9Qzv/fUOwMn5DomV+Q9WYfkMIzH5DO/9+Q28yf0PjZX9DF5l/Q0rMf0M7/39D
WBmAQ/EygEOLTIBDJGaAQ75/gENYmYBD8bKAQ4vMgEMk5oBDvv+AQ1gZgUPxMoFDakyBQyRm
gUO+f4FDWJmBQ/GygUOLzIFDJOaBQw==</AssayXData><AssayYData Points="100">V+vFvVQx/L1Rcge+WS8SvvYsD74XLw6+DUEMvpTGDr79awm+KrQKvix/Bb6ycQK+XB4CvqnZ
BL6CFwK+9uwEvggMAL4KmQG+/P4AvqHa/L16bAC+/JT8vasU+L0gLPe9rWD4vd3t9L0FOPa9
MjLzvVFR7738FOu9jHr2vYgs8L35hPW9bFPuvbIS7L3mJO69gHPsvbok872RYuy9qLPovVLf
7r3BL+S9ShjmvSk57L1fZua9BsbfvQMS6r3Yeee9aEbuvccT5r23ZOO9tpjfvTdT3L1kR+G9
De7kvTdZ5L1qqeC9cuTdveaL4L1LTuO9ccPevQ0p4b0gMuC9OIXgvSRh3b2G7dW9YkXcvVNp
2r3Akt69RtndvZ0R4L3/q9m9ySjZvSYA2b0ea+C98c7XvdkZ371/qeC99KHcve8l1b3qS9W9
UfzZvcfa2r0IT9q9/EvWvVBu2r2G4ty9TUPZvetk170jSda9kdDSvROQ072HfdG9v5HWvfAW
2L1gbdS9zd3WvdaC070qsda9CYvcvQ==</AssayYData></Step><Step><CommonData><SampleLocation>2</SampleLocation><SampleID>10mM Glycine pH1.7</SampleID><SampleGroup></SampleGroup><SampleInfo>or other Regeneration solution</SampleInfo><SampleRow>F</SampleRow><SamplePlate>1</SamplePlate><WellType>REGENERATION</WellType><Concentration>-1</Concentration><ConcentrationUnits>µg/ml</ConcentrationUnits><MolarConcentration>-1</MolarConcentration><MolarConcUnits>nM</MolarConcUnits><MolecularWeight>-1</MolecularWeight><Temperature>30</Temperature><StartTime>310554</StartTime><AssayTime>20</AssayTime></CommonData><FlowRate>1000</FlowRate><StepType>CUSTOM</StepType><StepName>condition</StepName><StepStatus>OK</StepStatus><ActualTime>19.998</ActualTime><CycleTime>0.2</CycleTime><AssayXData Points="100">3/+BQ1gZgkPxMoJDi0yCQwRmgkO+f4JDWJmCQ/GygkNqzIJDJOaCQ77/gkOZGYND8TKDQ2pM
g0MkZoNDnX+DQzeZg0PxsoNDasyDQwTmg0O+/4NDNxmEQ/EyhEOLTIRDJGaEQ51/hENYmYRD
8bKEQ+3MhEME5oRDnf+EQzcZhUPxMoVDi0yFQwRmhUOdf4VDWJmFQ/GyhUNqzIVDBOaFQ77/
hUM3GYZD0DKGQ4tMhkNFZoZDnX+GQzeZhkPxsoZDasyGQwTmhkOd/4ZDNxmHQ9Ayh0NqTIdD
BGaHQ51/h0NYmYdD0LKHQ4vMh0ME5odDnf+HQzcZiEPQMohDi0yIQwRmiEO+f4hDN5mIQzOz
iENqzIhDJOaIQ77/iEM3GYlD0DKJQ2pMiUMEZolDnX+JQzeZiUPQsolDi8yJQwTmiUOd/4lD
NxmKQ9AyikNqTIpDBGaKQ51/ikM3mYpD8bKKQ2rMikME5opDnf+KQzcZi0PQMotDakyLQwRm
i0Odf4tDWJmLQ/Gyi0PSzYtDBOaLQw==</AssayXData><AssayYData Points="100">rCTKvhN4sb6hCJy+g4eRvr4Ijb5os4m+RECKvqQ1i77zloq+Xl6NvkdOj77Mb4++HIaPviHE
kb5JmpK+232UvjNulL78wpS+P0OWvr1ymL7LqJi+5v2Yvn+Umb5bIpm+j8mavlf8mr7MrZq+
HtidvnhYnr42Cp2+i4aevvaInb6cxJ++V0igvm9AoL6UY6C+qweivt2Oo76MiaO+FuGivmn3
o76tWKS+daujvmANpb6eh6a+sd+lvmY5pr6ceqa+aA2nvh5hqL5bKaa+z3Kovq21qL5pHKi+
cVyqvuWjqb4Lsqi+XOGrvnGUqr67fqq+fhervrhdqb5qZ6u+mPyrvsN/q74Yvqy+ruWsvhQy
rL5DoKy+mTCuvpE1rb60Xq2+iv+uvrHLrr5eZq++eGqwvj5Qr751aa++N7yxvmifsL5BvK++
qZWvvrpBsL7L4bC+fKSyvoO+s75/fbK+DdWyvhgPsr6C87K+zu20vtlesr6uRLG+gNSzvmJl
tL40XLS+OFq0vnLatb7iG7S++Ze0vg==</AssayYData></Step><Step><CommonData><SampleLocation>1</SampleLocation><SampleID>Running Buffer</SampleID><SampleGroup></SampleGroup><SampleInfo></SampleInfo><SampleRow>F</SampleRow><SamplePlate>1</SamplePlate><WellType>BUFFER</WellType><Concentration>-1</Concentration><ConcentrationUnits>µg/ml</ConcentrationUnits><MolarConcentration>-1</MolarConcentration><MolarConcUnits>nM</MolarConcUnits><MolecularWeight>-1</MolecularWeight><Temperature>30</Temperature><StartTime>336358</StartTime><AssayTime>20</AssayTime></CommonData><FlowRate>1000</FlowRate><StepType>CUSTOM</StepType><StepName>condition</StepName><StepStatus>OK</StepStatus><ActualTime>20</ActualTime><CycleTime>0.2</CycleTime><AssayXData Points="100">nv+LQxcZjEOwMoxDSkyMQwRmjEOef4xDF5mMQ7CyjENKzIxD5OWMQ33/jEM4GY1DsDKNQ1BN
jUMEZo1Dnn+NQxeZjUOwso1Da8yNQ+TljUOe/41DOBmOQ9EyjkNKTI5D5GWOQ31/jkM4mY5D
sLKOQ2vMjkME5o5Dff+OQxcZj0OwMo9Da0yPQ+Rlj0N9f49DOJmPQ9Gyj0NrzI9DBOaPQ57/
j0M4GZBDNDOQQ2tMkEMEZpBDv3+QQziZkEP+tJBDa8yQQwTmkEOe/5BDOBmRQ9EykUNrTJFD
BGaRQ55/kUM4mZFD0bKRQ2vMkUME5pFDnv+RQzgZkkPRMpJDa0ySQ+RlkkOef5JDOJmSQ9Gy
kkNrzJJDBOaSQ57/kkMXGZND0TKTQ0pMk0MEZpNDnn+TQziZk0PRspNDv8+TQwTmk0N9/5ND
OBmUQ9EylENrTJRD5GWUQ55/lEMXmZRD0bKUQ2vMlEPk5ZRDnv+UQ7sZlUPRMpVDa0yVQwRm
lUOef5VDOJmVQ9GylUNKzJVDBOaVQw==</AssayXData><AssayYData Points="100">V+zbveboEL41dxq+g7AfvgGzHr6VpRy+a9IfvmBpHr6RLRm+8qQZvjkJF762pxe+mnsUvtjB
FL44bQ++YowPvt6LEr6h0hS+9VoPviiUD77BDw6+lWIMvr5bDb45UA2+LOYLvqOnCL4mdgu+
vdwJvt43Cr6kegq+J8cHvnOlCL7PtQa+hGwHvjMyBr4cKQa+Pl4DvhLaBL7oQga+tzQEvr5w
BL4qCgO+J3IEvggeBL7y7QK+q40AviamAr6TuQC+SVYCvrS6Ab5XHPu98ggDvifJAL5oxwO+
Ih8Bvvf3/71nuv+9r7kDvnxRAL5YTwC+08EBvnlj/r1S//69PLP7vZNX+b3OBv+9Gcv3vTLG
/r3EfPm9Mwj/vcEe/L202v29oqH5vaa0/L0CPPy9cMT1vbmI+L3jS/a9UE/9vYVH/r07c/29
A5v3vZUV8r0cLPa9XiwAvmbA773VJv29guH0vaR39r2FMAC+oMb2vQLR971WP/K986D3vaLr
9b0BNfW97gb0vZF+972pou6968PyvQ==</AssayYData></Step><Step><CommonData><SampleLocation>3</SampleLocation><SampleID>Running Buffer</SampleID><SampleGroup></SampleGroup><SampleInfo></SampleInfo><SampleRow>F</SampleRow><SamplePlate>1</SamplePlate><WellType>BUFFER</WellType><Concentration>-1</Concentration><ConcentrationUnits>µg/ml</ConcentrationUnits><MolarConcentration>-1</MolarConcentration><MolarConcUnits>nM</MolarConcUnits><MolecularWeight>-1</MolecularWeight><Temperature>30</Temperature><StartTime>362533</StartTime><AssayTime>120</AssayTime></CommonData><FlowRate>1000</FlowRate><StepType>BASELINE</StepType><StepName>Baseline 120</StepName><StepStatus>OK</StepStatus><ActualTime>120</ActualTime><CycleTime>0.2</CycleTime><AssayXData Points="600">nv+VQxcZlkOwMpZDa0yWQwRmlkN9f5ZDF5mWQ9GylkNKzJZD5OWWQ33/lkM4GZdD0TKXQ0pM
l0PkZZdDnn+XQziZl0OwspdDSsyXQ+Tll0N9/5dDFxmYQ7AymENKTJhD5GWYQ55/mEMXmZhD
sLKYQ2vMmEPk5ZhDff+YQzgZmUOwMplDSkyZQ+RlmUN9f5lDF5mZQ7CymUNKzJlD5OWZQ33/
mUMXGZpDsDKaQ0pMmkMEZppDfX+aQxeZmkOwsppDa8yaQyXmmkN9/5pDOBmbQ7Aym0NrTJtD
JWabQ55/m0M4mZtD0bKbQ2vMm0ME5ptDnv+bQzgZnEPRMpxDa0ycQwRmnEOef5xDOJmcQ/Ky
nENrzJxDBOacQ57/nEM4GZ1DsDKdQ2tMnUMEZp1Dnn+dQziZnUPRsp1Da8ydQwTmnUOe/51D
FxmeQ9EynkNrTJ5DBGaeQ55/nkM4mZ5D0bKeQ2vMnkME5p5Dff+eQxcZn0PRMp9Da0yfQ+Rl
n0Oef59DOJmfQ9Gyn0NrzJ9DBOafQ57/n0MXGaBD0TKgQ0pMoEPkZaBDnn+gQx2aoEPRsqBD
a8ygQwTmoEOe/6BDOBmhQ7AyoUNrTKFDBGahQ55/oUM4maFDsLKhQ2vMoUPk5aFDff+hQxcZ
okOwMqJDa0yiQwRmokN9f6JDF5miQ9GyokNrzKJD5OWiQ33/okM4GaNDsDKjQ0pMo0PkZaND
nn+jQziZo0PRsqNDa8yjQwTmo0Oe/6NDFxmkQ7AypENrTKRDBGakQ31/pEMXmaRDsLKkQ0rM
pEPk5aRDff+kQxcZpUPRMqVDSkylQ+RlpUN9f6VDOJmlQ7CypUNKzKVD5OWlQ33/pUM4GaZD
0TKmQ0pMpkPkZaZDnn+mQxeZpkOwsqZDSsymQ+TlpkOe/6ZDFxmnQ7Ayp0NKTKdD5GWnQ31/
p0M4madD0bKnQ0rMp0Pk5adDff+nQxcZqEOwMqhDSkyoQ+RlqEN9f6hDOJmoQ7CyqENKzKhD
5OWoQ33/qEM4GalDsDKpQ0pMqUMEZqlDnn+pQziZqUPRsqlDa8ypQwTmqUOe/6lDOBmqQ9Ey
qkNrTKpDBGaqQ55/qkM4mapD0bKqQ2vMqkME5qpDnv+qQzgZq0OwMqtDa0yrQwRmq0Oef6tD
OJmrQ9Gyq0NrzKtD5OWrQ57/q0N5GaxD0TKsQ2tMrEMEZqxDfX+sQziZrEPRsqxDSsysQwTm
rEOe/6xDFxmtQ9EyrUNrTK1DBGatQ55/rUM4ma1DsLKtQ2vMrUME5q1Dff+tQxcZrkPRMq5D
SkyuQwRmrkN9f65DOJmuQ7CyrkNrzK5D5OWuQ33/rkMXGa9DsDKvQ2tMr0MEZq9DfX+vQziZ
r0PRsq9DSsyvQwTmr0Oe/69DFxmwQ9EysENKTLBD5GWwQ31/sEMXmbBD0bKwQ2vMsEME5rBD
nv+wQxcZsUPRMrFDa0yxQ+RlsUN9f7FDF5mxQ9GysUNrzLFDBOaxQ33/sUM4GbJDsDKyQ0pM
skPkZbJDfX+yQxeZskOwsrJDSsyyQ+TlskN9/7JDOBmzQ7Ays0NrTLND5GWzQ31/s0M4mbND
sLKzQ0rMs0Pk5bNDff+zQzgZtEPRMrRDa0y0Q+RltEN9f7RDOJm0Q9GytENKzLRD5OW0Q33/
tEMXGbVD0TK1Q2tMtUPkZbVDnn+1QxeZtUOwsrVDSsy1Q+TltUN9/7VDFxm2Q7AytkNKTLZD
BGa2Q31/tkMXmbZDsLK2Q2vMtkPk5bZDIQC3QxcZt0OwMrdDa0y3QwRmt0N9f7dDOJm3Q9Gy
t0NrzLdDBOa3Q57/t0M4GbhD0TK4Q2tMuEMEZrhDnn+4QziZuEPRsrhDa8y4QwTmuEOe/7hD
OBm5Q9EyuUNKTLlDBGa5Q55/uUM4mblDsLK5Q2vMuUME5rlDnv+5QzgZukPRMrpDa0y6QwRm
ukOef7pDOJm6Q9GyukNrzLpD5OW6Q33/ukM4GbtD0TK7Q2tMu0MEZrtDnn+7QziZu0OwsrtD
a8y7Q+Tlu0Oe/7tDOBm8Q7AyvENrTLxDBGa8Q55/vEMXmbxDsLK8Q0rMvEME5rxDff+8QzgZ
vUOwMr1Da0y9QwRmvUN9f71DOJm9Q7CyvUNrzL1D5OW9Q33/vUM4Gb5D0TK+Q0pMvkPkZb5D
nn++QziZvkPRsr5DSsy+QwTmvkOe/75DOBm/Q7Ayv0NrTL9DBGa/Q6SAv0MXmb9DsLK/Q2vM
v0ME5r9Dnv+/QxcZwEOwMsBDa0zAQ+RlwEN9f8BDF5nAQ9GywENKzMBD5OXAQ33/wEM4GcFD
0TLBQ0pMwUPkZcFDnn/BQziZwUOwssFDSszBQwTmwUN9/8FDOBnCQ7AywkNrTMJDBGbCQ31/
wkM4mcJD0bLCQ0rMwkPk5cJDnv/CQxcZw0OwMsNDSkzDQ+Rlw0N9f8NDF5nDQ7Cyw0NKzMND
5OXDQ33/w0MXGcRDsDLEQ0pMxEPkZcRDnn/EQxeZxEOwssRDa8zEQ+TlxEN9/8RDFxnFQ7Ay
xUNKTMVD5GXFQ31/xUMXmcVD0bLFQ4zMxUME5sVDnv/FQzgZxkPRMsZDa0zGQwRmxkOef8ZD
OJnGQ9GyxkNrzMZDBObGQ57/xkM4GcdD0TLHQ/pOx0MEZsdDfX/HQziZx0PRssdDa8zHQwTm
x0Oe/8dDOBnIQ9EyyENrTMhDBGbIQ55/yEM4mchD0bLIQ2vMyEME5shDnv/IQzgZyUPRMslD
SkzJQwRmyUN9f8lDOJnJQ9GyyUNrzMlDBObJQ57/yUM4GcpD0TLKQ2tMykMEZspDnn/KQxeZ
ykPRsspDa8zKQ+TlykN9/8pDFxnLQ9Eyy0NKTMtDBGbLQ55/y0M4mctD0bLLQ0rMy0ME5stD
nv/LQzgZzEOwMsxD7kzMQwRmzEOef8xDOJnMQ7CyzENrzMxD5OXMQ57/zEM4Gc1D0TLNQ0pM
zUPkZc1DfX/NQziZzUPRss1Da8zNQwTmzUN9/81DFxnOQ7AyzkNKTM5D5GXOQ31/zkMXmc5D
E7POQ0rMzkPk5c5Dnv/OQxcZz0OwMs9DSkzPQ2dmz0Oef89DF5nPQ7Cyz0NKzM9D5OXPQ33/
z0MXGdBDsDLQQ2tM0EMEZtBDfX/QQxeZ0EPystBDa8zQQ+Tl0EPg/9BDFxnRQ9Ey0UNKTNFD
5GXRQ31/0UMXmdFD0bLRQ0rM0UME5tFD</AssayXData><AssayYData Points="600">0qwBvhZ6AL54X/m98TT4vRnu+L0y5PS9ilryvdX09L1pJe+9XsvvvUEW872W9/e9pZbyvYno
9L1waeq9GY3pvWaG7L2AyOu9EGjuvUe+7L2aiui9ug7qvYhj571V2PS9IR/1vQPj6r1l4+y9
BqvuvWwU670k7u69t+/qvaLx67257O69laPpvTaC6L1iCem9PCrsvWKm6r00wOm94NvovWBH
6L31D+298O3svXld5b25k9+9H3zhvS4v670H6+u9y63pvVTm8b2vfuS9ncvfvax76L19MOe9
jwjlvTVs6L2yxOi9uBDkvcMY6L1aqua9VaTmvR3K6b3OT+S9fU3lvcuT5r1z3uq9j+bovTLo
4b0fkOa9iVPqvfEb5b09e+O9I2nmvVdH5L078Oa9iY/pvQT/6L0xIuq91rrjvXE83b1WXuG9
SsPjvS9M7L06iOO9gzXnvQc75b1ud+e9nxTevR5m4L2PC+m9d9XmvXq9573S6ee9tPThvY/N
571Lm+W9d7Dhvare5b2qp+q9+K/evbhw5L0dyeG9/tfhvRKr4r3BVeS9OlDavae/571REOS9
VuLjvd9s472pxuC9EiHkvdwn5b3dDd695n/jvQ0L4L04Vd29c8zfvZYA4L1MJeS9vrLgvWF8
1706buG9EhDbvUlt471XC9y9EG3ZvUKX4720bd69EDLdvXha4r1Ph+C9Ns7ivVXZ3r0MMOO9
wafgvRI35r10bt696ofivQSS4b1/PeG9vSDfvWVu4L3GG9y9kj7fvf9j4729ttq9UKTjvfM1
272I49e9qa/avX+H3L0MA9e9L1TcvW8i370RfuG9ZgXavRPG172NYNe96zrbvQ3U373BeuC9
lHzbvUkO3L3KV929NrrivU0V4r1eEeC9lbvcvUhf3b2R7969fVLevfru3r1WfuC9ACXbvXCG
2L2Gd9+9QyvdvWdu3r0L3d+93FfVvfVv3b0FC9W9B6PbvTEu2b2vq9i9wKvavXgZ0b0lvt29
XWrdvdYT1L2FANu9SVHdvauD3r0Dy9e9AfPbvWY62b34l9a9A0rWvaw92L2g+tm9+VrYvQwv
1b2SB9q9q1XXvU0V3736zta9F0LcvTiu3b1Qbt29TTHcvYh83b1/PNi9kBTTvahC0r1+Jti9
VoPZvV0o3r2z/tS9NFPUvbP73L0L2Ni9HyTevdwM4L1xUtm9tX7XvcQK2r2IQ9a9fl7evYrz
0b1qcNO9133WvfyM2r1x1t69xjjdveZz4L2oDNu9mEHXvZQH273Qvtm9EhbVvQPO2L23NN29
QOnZvUlM170OZtG9Fo7TvYTf2b2CZtK9EOjWvaNy2r0hn9W9gT/avXVv2b3ggdW92ebWvamH
2b1VXdi9Ub3cvTI+1L3+Zdu9+wzNvQWJ2L1uQdu9kC3ZvYHi1b0rcde9bgTUvU7X3r1JCd29
9wLbvcdv1716BeC95Q/TvUXU2L37ZNy9FsLTvdZp2L0KR9i99FXRvZnR2L2Ey9y92o/cveGM
2r04/9W9YEDVvX6s1b18ata9oInVveT72L2GyNy9rrXRvSAl1r1h49i9ZP/VveEQ170w9ty9
To/ZvaJI4L3nrdm9z13dvQij1b2rWdm9hmPTvZ4m072l/tG9Revdvbcl1r2+nNS9X3vVvd0f
173IRNe9uRnQvfqd2L2Bgt69wUrWveAE3L0nZ+C9lVrYvaA/1r0LD9W9H6PZvcG90L3dCtW9
GezWvTSQ1r0/5s29QoLXvTFm0L3V/di9rNzSvadN1L2ngdO9od7RvaKj0b2jGdy92sTRvX6r
072BlNq9jZjbvT0Az70U2tG9i4zXvaYD1r33Cta9RurNveUOzr3i4Na9E1DTvUK/z71KOtC9
f7LYvVCb2r11E9W9kuLQveFc1r2CfNe905zTvS71171Cw9K9j6vRvd8Czr0SvtS95ObTvRZu
0r0UmtG90NLSvS/j0r0E1Ne99mDYvbe51L3559G9QqPPvUqW1b3CpNK9bl7WvXhOz713CNG9
GJvXvSMa1r261tK9oU3TvXiE0b1PI9e9GVDKveK70r1ccc+95IjXvU433L0cs9G9hjLQvSwK
1L2aFNK9mO7XvRHd1b0Vvc69VO7UvYw+2L3rC8+9GoTQvZ0izr2kQc+9MIbMvUuu0L3Fc9W9
J2nSvfz02L2UtdG9K/LVvcxm1L10es+9KUzRvZZq0r1H+su9M/fSvZh1yr2ywNK9V6/VvcPb
1L25htO9FQTQvXqa070ttNC9327QveQ7z72NwtK9QgfUvRsF0b0q88+97ZbLvQXY1L144cy9
S63SvQX60b1369C9N7POvWFK171fftK9QUrQvfiSzb3ngc29UXTSvT/p073NDNC9No7UvUFd
zL2K09C9ck/QvdMy0b1jws+9u+TRvdqU1L1PXM+9mRrSvev5yb11vdW9gaPTvUAo173qgM69
TD7Qvbgszr11k9K9+fXRvRlhzL16tNG9Z1POvZVVy71QWMy9k6TNvR3P0L0GZtG9GZbTvbPE
0b3J7cu9Y1PLvSBFzL0mWNK98HLPvX8l0r1fRMu9ZobRvYS3zb1Bp9S97L3WvSEK1L1egcy9
OfzNvc4L1b1pJNS9+CzOvY9KzL0tr8u9p//VvYfizr2IFtG9sJfUvVCOyb3zxsq9FgzQvZnc
0r2MoM69y2LOvQp6z70I/cu9yabTvZDf1L2JTte9Yb3KvQJtz71wRNC92Y3MvcjJz73nmdG9
c2XLvfSA1r3/KNS92KnMvbRDzL2isci9mmTVvR2lyL2F0c+9yPzXvZ4izr3vwM29PcHQvT+z
zr37a8+922fMveCH0r0whs+9mhfQvciQzb2Sk8u9wXHTvXa20b1pldK9F3PTvSdO1r0O4dC9
H6bOvWbjzb1Cw8y9n47KvRhq1L3gAc+95ufPvQ9Szb1MP8m92zTHvX1U0r3O8My9NWTQvZ+9
1L0tz9K94L3NvZB3zL2ijNK9Nz7PvXOFy72yo8u9qIDLvdp2z72fJNC9ykfQveElzL0wU9S9
pdLMvXuXzb0A7cu9d5/Evd2qxb2N98i9/onMvUyhx72g6cK9jHXLvVEEyr18r8W9GefQvbY7
z722Gs+9zOXHvSeryr0VCMe9M3POvaMLz73UB8m9XvnQvTfhzb1nss+96e3Fvb1szL1l8s+9
GD7KvTwiyr0K6dG9BU3Qvaixyr2x6M69</AssayYData></Step><Step><CommonData><SampleLocation>4</SampleLocation><SampleID>AB</SampleID><SampleGroup></SampleGroup><SampleInfo>in Running Buffer</SampleInfo><SampleRow>F</SampleRow><SamplePlate>1</SamplePlate><WellType>KLOAD</WellType><Concentration>0.6125</Concentration><ConcentrationUnits>µg/ml</ConcentrationUnits><MolarConcentration>612.5</MolarConcentration><MolarConcUnits>nM</MolarConcUnits><MolecularWeight>-1</MolecularWeight><Temperature>30</Temperature><StartTime>489491</StartTime><AssayTime>20</AssayTime></CommonData><FlowRate>1000</FlowRate><StepType>LOADING</StepType><StepName>Loading</StepName><StepStatus>OK</StepStatus><ActualTime>20</ActualTime><CycleTime>0.2</CycleTime><AssayXData Points="100">nv/RQzgZ0kPyMtJDSkzSQ7Vo0kN9f9JDOJnSQ9Gy0kNrzNJD5OXSQ57/0kMXGdNDsDLTQ2tM
00PkZdNDnn/TQxeZ00PRstNDa8zTQ+Tl00Oe/9NDFxnUQ7Ay1ENKTNRD5GXUQ55/1EMXmdRD
sLLUQ0rM1EPk5dRDnv/UQxcZ1UOwMtVDSkzVQwRm1UOqgdVDF5nVQ7Cy1UNKzNVD5OXVQ33/
1UM4GdZDsDLWQ2tM1kPkZdZDnn/WQxeZ1kOwstZDSszWQ+Tl1kN9/9ZDFxnXQ7Ay10NKTNdD
5GXXQ31/10M4mddDsLLXQ0rM10Pk5ddDff/XQz4a2EOwMthDSkzYQ+Rl2EN9f9hDF5nYQ7Cy
2ENKzNhDbefYQ33/2EMXGdlDsDLZQ0pM2UPkZdlDnn/ZQziZ2UPystlDa8zZQwTm2UOe/9lD
OBnaQ9Ey2kNrTNpDBGbaQ55/2kM4mdpDdbPaQ2vM2kME5tpDnv/aQzgZ20PRMttDSkzbQwRm
20Oef9tDOJnbQ9Gy20NrzNtDBObbQw==</AssayXData><AssayYData Points="100">217Qvbtff73zkha9tRKsOpWwLj3o7KY9y4HnPWArGT7xOEE+58NgPuBMgj5E2pI+h0ujPg+7
tD6kDsc+AFHWPjtf5T447/U+8gEDP9prCT+epBI/LdcYP1z/ID82+Cc/BBIvPzZjNj92UT4/
BgNFP14fSz8WCVE/K1JYP+/fXj9DH2Y/xVVsP4HTcT8OFHk/Vj1+P3f5gT+XNIU/6iyIP+CP
iz9eUo4/2SmQP7WZkz97KJY/4bSYP+vLmj/EEJ4/4iehP+rxoj8cwqU/y4uoPxxLqz9Rca0/
jE+vP1bdsT8Dh7Q/utG2Pw/ZuD+9Yrs/XXC9P/WPvz+js8E/HfXDP0aMxj8Dncg/V3XKP0dw
zD9IxM4/IMPQPwm60j+5htQ/nzTWPxJc2D/MZdo/u9PbP9me3T90KuA/TgHiPyJ74z/VEuU/
j0znP9oF6T8Jj+o/V2rsP6Uh7j9Ocu8/yZHxP0Xv8j/eaPQ/ujv2P6tJ+D/z+Pk/Mrj6P2Uy
/D9eOP4/QYT/P+HZAEA+GgFAeaMBQA==</AssayYData></Step><Step><CommonData><SampleLocation>5</SampleLocation><SampleID>BB</SampleID><SampleGroup></SampleGroup><SampleInfo></SampleInfo><SampleRow>F</SampleRow><SamplePlate>1</SamplePlate><WellType>BUFFER</WellType><Concentration>5</Concentration><ConcentrationUnits>µg/ml</ConcentrationUnits><MolarConcentration>5000</MolarConcentration><MolarConcUnits>nM</MolarConcUnits><MolecularWeight>-1</MolecularWeight><Temperature>30</Temperature><StartTime>516805</StartTime><AssayTime>60</AssayTime></CommonData><FlowRate>1000</FlowRate><StepType>BASELINE</StepType><StepName>Baseline 60</StepName><StepStatus>OK</StepStatus><ActualTime>59.999</ActualTime><CycleTime>0.2</CycleTime><AssayXData Points="300">nv/bQzgZ3EOwMtxDrEzcQ+Rl3EOkgNxDOJncQ7Cy3ENKzNxDBObcQ33/3EMXGd1D0TLdQ0pM
3UPkZd1DfX/dQxeZ3UOwst1DSszdQ+Tl3UN9/91DFxneQ9Ey3kNrTN5D5GXeQ31/3kMXmd5D
sLLeQ2vM3kPk5d5Dff/eQzgZ30PRMt9Da0zfQwRm30Oef99DOJnfQ9Gy30NrzN9DBObfQ57/
30NYGeBD0TLgQ2tM4EMlZuBDnn/gQziZ4EPRsuBDa8zgQwTm4EOe/+BDOBnhQ9Ey4UNrTOFD
BGbhQ55/4UM4meFD0bLhQ2vM4UME5uFDff/hQzgZ4kPRMuJDSkziQ+Rl4kOef+JDOJniQ9Gy
4kNrzOJDBObiQ57/4kM4GeND0TLjQ2tM40MEZuNDnn/jQziZ40OwsuNDss3jQwTm40Oe/+ND
OBnkQ7Ay5ENrTORDBGbkQ55/5EMXmeRD0bLkQ0rM5EME5uRDnv/kQzgZ5UOwMuVDa0zlQwRm
5UN9f+VDOJnlQ9Gy5UNKzOVD5OXlQ33/5UMXGeZDsDLmQ2tM5kMEZuZDnn/mQxeZ5kPRsuZD
SszmQ+Tl5kN9/+ZDFxnnQ7Ay50NrTOdD5GXnQ55/50M4medDsLLnQ2vM50Pk5edDff/nQxcZ
6EPXM+hDa0zoQ+Rl6EN9f+hDF5noQ9Gy6ENKzOhD5OXoQ0IA6UM4GelDsDLpQ0pM6UPkZelD
fX/pQxeZ6UOwsulDjMzpQ+Tl6UOe/+lDFxnqQ7Ay6kNKTOpD5GXqQ31/6kMXmepDsLLqQ83M
6kPk5epDff/qQxcZ60OwMutDjEzrQ+Rl60N9f+tDF5nrQ7Cy60NKzOtD5OXrQ33/60MXGexD
0TLsQ0pM7EMEZuxDfX/sQxeZ7EOwsuxDSszsQ+Tl7EOe/+xDOBntQ9Ey7UNrTO1DBGbtQ55/
7UM4me1D0bLtQ2vM7UME5u1Dnv/tQzgZ7kOWM+5Da0zuQwRm7kN9f+5DOJnuQ9Gy7kNrzO5D
BObuQ57/7kM4Ge9D0TLvQ2tM70MEZu9Dnn/vQziZ70PRsu9Da8zvQwTm70OkAPBDOBnwQ9Ey
8ENrTPBDBGbwQ31/8EM4mfBD0bLwQ1DN8EME5vBDff/wQxcZ8UOwMvFDa0zxQwRm8UOef/FD
OJnxQ9Gy8UNKzPFD5OXxQ57/8UMXGfJD0TLyQ2tM8kMEZvJDfX/yQziZ8kPRsvJDSszyQwTm
8kN9//JDFxnzQ9Ey80NrTPNDBGbzQ55/80M4mfND0bLzQ0rM80MK5/NDff/zQxcZ9EPRMvRD
a0z0QwRm9EN9f/RDOJn0Q7Cy9ENKzPRDBOb0Q57/9EM4GfVD0TL1Q2tM9UMEZvVDnn/1QziZ
9UOwsvVDjMz1Q+Tl9UN9//VDFxn2Q7Ay9kNKTPZD5GX2Q31/9kMXmfZD0bL2Q0rM9kME5vZD
ff/2QzgZ90OwMvdD0033QwRm90N9f/dDOJn3Q9Gy90OSzfdDBOb3Q33/90PBGvhDsDL4Q0pM
+EMEZvhDfX/4QxeZ+EOwsvhDSsz4Q+Tl+EN9//hDFxn5Q7Ay+UNrTPlD5GX5Q31/+UMXmflD
sLL5Q0rM+UPk5flD</AssayXData><AssayYData Points="300">LyYwQEl+MkAeeDNAdR80QMdXNEDnmzRA9aI0QD3xNEAmADVAb8A0QDQZNUBIKjVAeOE0QBz4
NEBi/DRAl740QDjINEDHjzRARaU0QO27NEDLyTRAbWE0QMmjNECbkDRAVHk0QLJiNECpnzRA
zl40QPx7NEClcTRAjVk0QN1NNEABXzRAZGA0QP9mNEDSgTRAjVM0QNhANEDNTzRAjYA0QGEs
NECuLjRAnzk0QMgNNEBiNDRAsyI0QNVkNEAFGTRAviI0QIT5M0BeHzRAdA80QM3WM0Dv/zNA
SAM0QBnuM0C1GjRA/PMzQH0NNEBsxTNAseozQHHqM0CGtjNAT7MzQB7IM0CNyjNAhqYzQMmz
M0DOvjNA2OszQC+tM0Az3zNA2ZYzQKDCM0BknzNAeMIzQPd/M0D8uDNA1JszQPKGM0DqezNA
Q3czQOOIM0D0fjNA8GczQMCPM0DbVzNA0n8zQEJkM0A6cDNAfC4zQFRgM0BnJDNAsBozQDMS
M0BdQzNAw/cyQOYJM0A1MjNAb1MzQLgZM0CUJzNA8AMzQITvMkCfAzNA6uEyQPcCM0At7TJA
de8yQOfvMkAIDDNAPdUyQHn3MkAbAzNAX+QyQH++MkBOtzJAi8MyQH3PMkAfjzJAMMEyQHqj
MkASrzJA/KcyQMSEMkDxizJAfZEyQP+yMkA5ljJAEcIyQEVZMkAvZjJAYGIyQLbBMkCZlTJA
ao4yQK+PMkDdazJAV0MyQDRaMkALczJAukMyQOspMkDFRTJAnX8yQEAtMkA+ODJA1x0yQOQ1
MkAwYjJA7EwyQKUUMkA0/DFALCgyQDQUMkDr7TFAeRgyQEX/MUDDHzJAVwMyQC/aMUC92TFA
IicyQJTmMUDpwTFAJskxQHzqMUDbzzFA9eExQNSwMUBBuzFAvM8xQPnLMUC8tzFA9LAxQByF
MUCghTFAEogxQP6GMUA5ZDFAnIsxQLymMUCMkzFAQqcxQMORMUDEjDFAWmMxQLWEMUCRjTFA
XlkxQKeSMUBgojFA/mAxQKVTMUAWcDFAoTkxQH8nMUBOUTFAJWIxQFZbMUC0YzFAJRQxQEIS
MUCTSzFAXAoxQDsdMUCYIjFALjsxQNT8MECRATFAUt0wQF70MEDMFjFAxwExQPDzMEAG8DBA
47owQPXqMEDr9zBAncswQJfMMEA1AzFATuowQGDcMECSqDBAWtUwQMSyMEAN6DBAWLIwQHJx
MECgpDBA4oYwQECOMEDFsTBAmHMwQMBgMEBMUDBA9ZwwQAK9MEDXSzBAjWswQL5mMEA1ezBA
QWMwQKOZMEDnVDBAWlkwQEw1MEDLWDBA2zEwQABcMEAaNTBAp2swQK1TMECuNTBAnDIwQCse
MEAJ4i9A+jgwQKAKMECaMjBA6yUwQFwPMEB6CTBADuYvQP/8L0Bk5i9AC+cvQCXWL0Bexy9A
HeYvQIb9L0AByi9AyuQvQBXcL0CIyC9AFr8vQCqUL0A0uS9Ah6AvQMnmL0ADli9Ah5kvQHWd
L0B9rS9AEq8vQOamL0DGli9AxZQvQDtjL0Bway9A/G0vQISZL0Dkbi9AW5gvQFRoL0BXji9A
17IvQFAiL0AHZy9A</AssayYData></Step><Step><CommonData><SampleLocation>6</SampleLocation><SampleID>Running Buffer</SampleID><SampleGroup></SampleGroup><SampleInfo>in Running Buffer</SampleInfo><SampleRow>F</SampleRow><SamplePlate>1</SamplePlate><WellType>BUFFER</WellType><Concentration>-1</Concentration><ConcentrationUnits>µg/ml</ConcentrationUnits><MolarConcentration>-1</MolarConcentration><MolarConcUnits>nM</MolarConcUnits><MolecularWeight>-1</MolecularWeight><Temperature>30</Temperature><StartTime>584648</StartTime><AssayTime>20</AssayTime></CommonData><FlowRate>1000</FlowRate><StepType>BASELINE</StepType><StepName>Baseline 20</StepName><StepStatus>OK</StepStatus><ActualTime>20</ActualTime><CycleTime>0.2</CycleTime><AssayXData Points="100">fv/5QxgZ+kOxMvpDKkz6Q8Rl+kN+f/pD95j6Q7Gy+kNLzPpD5OX6Q13/+kP3GPtDkDL7QypM
+0PEZftDXX/7Q/eY+0OxsvtDKsz7Q8Tl+0Nd//tD9xj8Q5Ay/ENLTPxDxGX8Q35//EMYmfxD
sbL8Q0vM/EPE5fxDXf/8Q/cY/UOQMv1DKkz9Q8Rl/UNdf/1DGJn9Q5Cy/UNLzP1DxOX9Q13/
/UP3GP5DkDL+Q0tM/kPEZf5DXX/+Q/eY/kOQsv5DKsz+Q8Tl/kN+//5D9xj/Q5Ay/0MqTP9D
xGX/Q11//0MYmf9DsbL/QyrM/0PE5f9Dfv//Q3sMAERZGQBEJSYAROIyAETPPwBEjEwARFlZ
AEQlZgBE8nIARL9/AESMjABEWZkARCWmAETysgBEv78ARIzMAERZ2QBEJeYARPLyAES//wBE
jAwBRFkZAUQlJgFE8jIBRL8/AUSMTAFESFkBRCVmAUTycgFEv38BRIyMAURZmQFEJaYBRPKy
AUS/vwFEjMwBREjZAUQl5gFE8vIBRA==</AssayXData><AssayYData Points="100">KwgcQF1rFkC7+RNAFekSQDvKEkDfnhJA/acSQMKjEkAU6BJAQL4SQKPCEkB6/hJACgYTQB/L
EkAy2RJAE+sSQJHMEkCoBhNACucSQL37EkDWJRNAT+YSQPUVE0As6BJA/UQTQPkwE0ClFxNA
/y4TQAsRE0B+KxNAchUTQLw5E0BvLBNA7B4TQPU9E0BJQhNABCoTQCxBE0DEHxNA+kwTQLks
E0DSTRNA0jETQBIQE0B+YhNADC4TQOY+E0DGCRNAYUUTQLp6E0ARExNAgkwTQAcUE0BtPhNA
KGcTQFE6E0BbIhNAeyYTQEciE0CVVBNA9U8TQJspE0DSQhNAu1MTQFlCE0A8cxNAEV0TQC8k
E0BVIxNAuE0TQP5EE0CtTBNAdTATQCgxE0BjJBNARyQTQN1rE0DdTBNAgCATQPggE0B6HhNA
y0QTQFdUE0AMLhNAwzwTQF9OE0Da8xJAdA4TQJAFE0CpTxNAClETQIhCE0CJFxNA2xATQI47
E0A5QRNAFSYTQPVUE0BzPhNAszkTQA==</AssayYData></Step><Step><CommonData><SampleLocation>7</SampleLocation><SampleID>aKappa 50ug/ml</SampleID><SampleGroup></SampleGroup><SampleInfo></SampleInfo><SampleRow>F</SampleRow><SamplePlate>1</SamplePlate><WellType>KSAMPLE</WellType><Concentration>-1</Concentration><ConcentrationUnits>µg/ml</ConcentrationUnits><MolarConcentration>-1</MolarConcentration><MolarConcUnits>nM</MolarConcUnits><MolecularWeight>-1</MolecularWeight><Temperature>30</Temperature><StartTime>612973</StartTime><AssayTime>120</AssayTime></CommonData><FlowRate>1000</FlowRate><StepType>ASSOC</StepType><StepName>Association</StepName><StepStatus>OK</StepStatus><ActualTime>120</ActualTime><CycleTime>0.2</CycleTime><AssayXData Points="600">v/8BRIwMAkRZGQJEJSYCRPIyAkS/PwJEe0wCRFlZAkQlZgJE8nICRL9/AkSMjAJEWZkCRCWm
AkTysgJEv78CRHvMAkRZ2QJEJeYCRPLyAkS//wJEjAwDRFkZA0QlJgNE8jIDRL8/A0QfTQNE
WVkDRCVmA0TycgNEv38DRIyMA0RZmQNEJaYDRAOzA0S/vwNEjMwDREjZA0Ql5gNE4vIDRL//
A0SMDAREWRkERBUmBETyMgREvz8ERHtMBERZWQREJWYERPJyBESvfwREe4wEREiZBEQlpgRE
8rIERK+/BER7zAREWdkERCXmBETi8gREz/8ERIwMBURZGQVEFSYFROIyBURjQAVEe0wFREhZ
BUQVZgVE8nIFRK9/BUR7jAVESJkFRBWmBUTysgVEr78FRIzMBURI2QVEJeYFROLyBUS//wVE
ewwGRFkZBkQVJgZE4jIGRL8/BkR7TAZEkFoGRCVmBkTicgZEv38GRM2MBkRImQZEFaYGROKy
BkSvvwZEe8wGREjZBkQV5gZE4vIGRK//BkR7DAdEWRkHRBUmB0TiMgdEvz8HRHtMB0RZWQdE
FWYHROJyB0SvfwdEe4wHREiZB0QVpgdE4rIHRK+/B0R7zAdEWdkHRBXmB0Ti8gdEr/8HRHsM
CERZGQhEiCYIRPIyCES/PwhEe0wIRFlZCEQlZghE8nIIRAGACESMjAhEWZkIRCWmCETysghE
v78IRHvMCERZ2QhERuYIRPLyCES//whEjAwJREgZCUQlJglE8jIJRL8/CUSMTAlEWVkJRCVm
CUTycglEv38JRIyMCURZmQlEJaYJRPKyCUS/vwlEjMwJRFnZCUQl5glENPMJRK//CUSMDApE
SBkKRBUmCkTiMgpEvz8KRHtMCkRZWQpEJWYKRPJyCkS/fwpEjIwKREiZCkQlpgpE8rIKRL+/
CkR7zApESNkKRCXmCkTy8gpEv/8KRHsMC0RZGQtEJSYLROIyC0S/PwtEe0wLREpcC0RtZwtE
4nILROB/C0SMjAtEWZkLRCWmC0TysgtEv78LRHvMC0RZ2QtEJeYLROLyC0Sv/wtEewwMREgZ
DEQVJgxE4jIMRK8/DER7TAxESFkMRHdmDETicgxEv38MRIyMDERZmQxEFaYMRPKyDESvvwxE
nMwMRFnZDEQl5gxE8vIMRK//DETuDA1ESBkNRBUmDUTyMg1Erz8NRB9NDURZWQ1EJWYNROJy
DUS/fw1Ee4wNREiZDUQlpg1EA7MNRK+/DUR7zA1ESNkNRBXmDUTi8g1Er/8NRHsMDkRpGQ5E
FSYORPIyDkSvPw5Ee0wOREhZDkQVZg5E4nIORK9/DkR7jA5ESJkORBWmDkTisg5Er78ORHvM
DkRI2Q5EFeYOROLyDkSv/w5EjAwPRGkZD0QVJg9E4jIPRK8/D0SMTA9EWVkPRDZmD0Tycg9E
v38PRIyMD0RZmQ9EJaYPRPKyD0S/vw9EjMwPRFnZD0Ql5g9E8vIPRL//D0SMDBBESBkQRCUm
EETyMhBEvz8QRIxMEERZWRBEJWYQRPJyEES/fxBEjIwQRFmZEEQlphBE8rIQRK+/EESMzBBE
WdkQRCXmEES38xBEv/8QRIwMEURZGRFEFSYRRIYzEUS/PxFEjEwRRFlZEUQlZhFE8nIRRL9/
EUR7jBFEWZkRRBWmEUTyshFEv78RRIzMEURZ2RFEJeYRRPLyEUS//xFEewwSRFkZEkQVJhJE
4jISRK8/EkR7TBJEWVkSRCVmEkTichJEz38SRIyMEkRImRJEJaYSRBOzEkSvvxJEe8wSRFnZ
EkTJ5hJE4vISRL//EkSMDBNESBkTRKgmE0TiMhNEvz8TRIxME0RZWRNEJWYTRDRzE0S/fxNE
3owTRFmZE0QVphNE8rITRK+/E0SMzBNESNkTRBXmE0Ty8hNEr/8TRHsMFERZGRREFSYUROIy
FES/PxREjEwUREhZFEQVZhRE4nIURK9/FER7jBRESJkURBWmFETyshREv78URHvMFER52RRE
JeYUROLyFES//xREewwVRMsZFUQVJhVE4jIVRK8/FUR7TBVEWVkVREZmFUTichVEr38VRHuM
FURImRVEFaYVROKyFUSvvxVEe8wVRFnZFUQV5hVE8vIVRK//FUSMDBZESBkWRBUmFkTyMhZE
vz8WRIxMFkRIWRZEVmYWROJyFkS/fxZEjIwWRFmZFkQlphZE8rIWRL+/FkRQzRZEWdkWRCXm
FkTy8hZEv/8WRIwMF0RZGRdEJSYXRPIyF0S/PxdEe0wXREhZF0QlZhdE8nIXRL9/F0SMjBdE
WZkXRCWmF0TyshdEv78XRIzMF0RZ2RdEJeYXROLyF0S//xdEjAwYRFkZGEQlJhhE8jIYRL8/
GESMTBhESFkYRCVmGETychhEv38YRHuMGERZmRhEFaYYRPKyGERSwBhEjMwYREjZGEQl5hhE
8vIYRL//GESMDBlESBkZRCUmGUTiMhlEvz8ZRIxMGURZWRlEJWYZRPJyGUS/fxlEjIwZRFmZ
GUQVphlE8rIZRK+/GUSMzBlESNkZRBXmGUTi8hlEv/8ZRHsMGkRZGRpEJSYaROIyGkS/PxpE
nEwaREhZGkQlZhpE8nIaRL9/GkR7jBpEWZkaRBWmGkTyshpEr78aRIzMGkRZ2RpEJeYaRGXz
GkSv/xpEjAwbREgZG0QVJhtE4jIbRK8/G0SMTBtEmlkbRBVmG0TichtEr38bRIyMG0RImRtE
FaYbROKyG0SvvxtEe8wbREjZG0Ql5htE4vIbRK//G0R7DBxESBkcRCUmHETiMhxErz8cRIxM
HERIWRxEJWYcROJyHES/fxxEjIwcREiZHEQVphxE4rIcRK+/HER7zBxEWdkcRBXmHETi8hxE
r/8cRHsMHURIGR1EFSYdROIyHUS/Px1Ee0wdREhZHUQlZh1E4nIdRM9/HUSMjB1EWZkdRCWm
HUTysh1Ev78dRIzMHURZ2R1EJeYdRCPzHUS//x1EjAweRFkZHkQlJh5E8jIeRL8/HkSMTB5E
WVkeRCVmHkTych5Ev38eRIyMHkRZmR5EJaYeRPKyHkS/vx5EjMweRFnZHkQl5h5E8vIeRL//
HkSMDB9EWRkfRCUmH0TiMh9Evz8fRIxMH0RZWR9EJWYfROJyH0Svfx9Ee4wfRFmZH0Qlph9E
NLMfRL+/H0R7zB9EWdkfRCXmH0Ty8h9E</AssayXData><AssayYData Points="600">+GYiQCMjJ0DqfSpASKQsQA7QLkCYSTBASQcyQKyfM0Cm5TRAvEo2QM7cN0BUXDlAvJc6QJCb
O0AX3DxAqkM+QHRMP0AZZkBA+NNBQJnUQkDtAkRAZAFFQM8fRkDkWkdA7YFIQOxYSUC/Y0pA
3K9LQEqQTEC1uE1A0X1OQACLT0DZa1BA3nxRQCpQUkAim1NAE09UQCY4VUCXJVZAPvRWQEGy
V0B9gVhAuHhZQId8WkDOUltArUpcQC3TXECHnV1A32peQMhLX0CG9F9APMRgQFVCYUCVEWJA
UsViQKe+Y0BglGRAXl9lQGH8ZUCLmWZANy5nQKHKZ0CVn2hASkNpQEfGaUCYqGpAFhhrQMLO
a0CUbWxAJt9sQIzTbUA/VG5AM8ZuQCRvb0CyMHBAG8RwQJUfcUDH0nFAWVZyQDXackBfoXNA
4/ZzQDKndEDQDnVA7o91QEIxdkAkaXZA6Ad3QKu0d0CvWnhA+rx4QFYyeUBRdnlAL0V6QAR6
ekC/JXtAAbB7QFgVfEBWk3xAbAF9QHFyfUD9nn1ASYJ+QMbcfkDTOn9AdZd/QNwPgECCS4BA
oG6AQDm6gEAn8IBAaCKBQJBggUC4h4FAjaiBQA/ogUBoHYJATUyCQIdogkAAuYJATNiCQLIj
g0BhV4NAz3CDQOumg0BpzoNAhwKEQEZUhEDOYoRA7YOEQGTGhED0+4RAG+uEQCs/hUB+eYVA
GKaFQE7jhUBQ3YVA5yeGQJ09hkB4hIZALLaGQLPUhkCK/oZAJy2HQAhMh0A4aYdABZ+HQDW6
h0BE24dA7/2HQKc7iEDMUohAQHSIQDyYiEDO4YhA/veIQBEriUAEUIlA926JQBioiUBBzYlA
N9GJQJ36iUAjOYpAXlaKQO1nikCJiIpAddOKQDruikAPD4tANSyLQNE3i0CfdItAJIKLQDbF
i0AD14tAA++LQMcKjEAKQIxAb1WMQNmIjEDQooxAoaeMQC7ajEC2+4xArR+NQEhfjUDHY41A
zluNQCSejUDM0I1AEcuNQPUVjkBqDY5A1DmOQOxbjkBulI5ANpSOQEirjkCry45ApRWPQKcZ
j0BHE49Alj6PQIhzj0B0kY9A5aSPQLnLj0Du/49A4PCPQC36j0A7EZBAJ0SQQKZikEBfdpBA
T6uQQFWtkEAv65BASveQQEgakUB/LZFAozeRQPVvkUDOepFAvYiRQBXBkUAuyZFABtKRQB8D
kkDPF5JAXBGSQMxWkkD4bJJAC3OSQF2LkkCRr5JAZr+SQBLakkDt9ZJArgKTQHsvk0B+TJNA
LG+TQJtgk0B+jJNADKGTQAe3k0BlyJNApfOTQI4ElEApBJRATjyUQMhTlEAeUZRA6YaUQHOD
lEDLupRAZcSUQNnNlEAp5ZRA2v+UQPEelUCNOpVAQ0CVQGxPlUClipVAgnqVQPyplUA8s5VA
k8SVQC4NlkCR/pVAAhCWQOQBlkCQSpZA3WSWQMRulkA+aJZAzZ+WQCqhlkArzpZAuPSWQKDw
lkCSAZdALu2WQO0el0CRIpdAAU+XQNJdl0BhaZdAvoaXQHiUl0BMtZdAlMKXQL3Tl0CC7pdA
mO6XQOoSmECaHphAUD2YQBhLmEAOa5hA9XGYQC6LmECQh5hApaiYQAi1mEBK1phApuyYQLr9
mEC/KplA3iaZQNssmUBtQ5lA/kuZQN+CmUCSgJlAVaiZQN2XmUAAoplA562ZQALcmUC27plA
uRKaQO76mUCDMppAgTeaQJpPmkDnUZpAJ2CaQBKMmkCqlJpAS52aQHSgmkCTwppAA8KaQOPY
mkDcAJtA3faaQPkqm0AOMJtASzybQMpTm0CQY5tAfGWbQICAm0AAfZtAXpWbQBrDm0C9xZtA
5cybQLP4m0Av+ZtADP6bQNQUnEAEGZxArBGcQN9KnEB8SpxAgGycQIiSnEAFdpxAX6GcQL2X
nED2n5xA/dOcQDvGnEAqvJxANN6cQKkAnUDqCZ1AFxudQI00nUDVXp1AVlCdQG9hnUBpf51A
Q5idQNqQnUCtoZ1AAr2dQLXqnUDQuJ1AhuSdQMTrnUA/CZ5ANiKeQA8xnkDEQZ5A7TGeQJpp
nkB/ap5ALVKeQGNlnkDYn55AEpieQOKfnkCgoJ5ADceeQJbBnkD45Z5AJvueQO0Nn0B1GJ9A
VhifQGkmn0B+W59AMEufQLRPn0D7Z59AP2afQHpvn0AhlJ9AcZqfQD6an0CGrZ9A38+fQJbQ
n0AO359Ag9OfQO70n0D0DaBAlvufQIMpoEDeNaBAeVCgQIpUoEBqNaBAYmagQMtnoEAagaBA
l5GgQBegoEA3vaBAip2gQLi/oEAV16BAYf6gQIjkoED3/aBAsgChQMcUoUD5F6FAgyehQOk5
oUADJKFAU0OhQBRuoUCdXKFApnmhQHCToUCcpKFA3auhQOGqoUDotKFAV8ahQFPfoUCs3aFA
2QWiQCnsoUBV/6FAPvmhQNsXokAgIaJAODeiQHI7okBoQaJAv0qiQFRwokBOXqJAOm+iQE2X
okB5iqJA8bSiQNGhokAQq6JAnb2iQJ7RokAL3qJAOcaiQNH4okCiHKNAfA2jQP0Oo0DP/KJA
bTujQK8ro0AcSqNAYkyjQBVuo0BWhqNASoWjQDGjo0DRiqNAX6CjQGC5o0BqwaNAZNijQAu8
o0A7zKNA4vajQLbko0Aq8aNAsfejQEUnpEDiG6RA3SSkQKkmpEBOSaRAtlikQJJjpEAMhqRA
qV2kQB1wpEAfjaRAZoqkQFJ1pEAan6RAM7SkQAOapED1uaRAs8akQCe9pEBCAKVAUPKkQN3j
pEDsAKVAawKlQOEXpUB4J6VAeS2lQEZRpUC2SKVATU6lQIBopUCqYaVAMm2lQN+TpUCXgqVA
coGlQNyUpUCHiaVAt5OlQBWtpUBYr6VASr2lQEDlpUDvwKVA+/elQIT9pUDu/aVA/P6lQOgI
pkCBFaZAawumQGUwpkCcPqZAsGmmQA9LpkAdb6ZA7E+mQOd1pkB1iaZA2Z2mQLKBpkCWkaZA
0ZGmQFutpkDbxqZAyqemQOTKpkAU66ZA8vmmQHr0pkBaCKdA5fimQPwNp0C/CadA/iGnQEQx
p0C6LKdAzTmnQCM8p0CZPKdAfGGnQKRvp0D8XadAimmnQEJlp0D4jadAnYunQP+Lp0D0q6dA
x5SnQHbGp0D8pqdAKeanQPzUp0DX0KdA</AssayYData></Step></KineticsData></ExperimentResults>
