<?xml version="1.0" encoding="UTF-8" standalone="yes"?>
<ExperimentResults><ExperimentInfo Name="20251008 UPFB0001"><ExpDescription>AHC example method - full characterization&#13;
Analyte titration series with reference channel</ExpDescription><RTDVersion>2.0</RTDVersion><RunID>44513BEA-5865-4B65-BE64-68D265EFB71C</RunID><ExperimentType>KINETICS</ExperimentType><ExperimentSubType>KBASIC</ExperimentSubType><StartDateTime>2025-10-08T15:13:15</StartDateTime><MachineName>BN7KX12</MachineName><UserName>octet</UserName><LotNumber></LotNumber><PlateName>251008</PlateName><PlateName2></PlateName2><SensorName>C1</SensorName><SensorPlate>1</SensorPlate><SensorType>AHC (Anti-hIgG Fc Capture)</SensorType><SensorRole>LIGAND</SensorRole><SensorInfo></SensorInfo><WritingSW>DataAcquisition.exe 11.0.2.1</WritingSW><InstrumentType>OctetRED96</InstrumentType><InstrumentSerial>FB-50284</InstrumentSerial><InstrumentFW></InstrumentFW><IntegrationTime>2.2</IntegrationTime><DSPType>CPF</DSPType><DSPStitching>1</DSPStitching><HasManifest>1</HasManifest><InfoHash>-117630275</InfoHash></ExperimentInfo><AssayParamsInfo/><KineticsData><Step><CommonData><SampleLocation>1</SampleLocation><SampleID>Running Buffer</SampleID><SampleGroup></SampleGroup><SampleInfo></SampleInfo><SampleRow>C</SampleRow><SamplePlate>1</SamplePlate><WellType>BUFFER</WellType><Concentration>-1</Concentration><ConcentrationUnits>µg/ml</ConcentrationUnits><MolarConcentration>-1</MolarConcentration><MolarConcUnits>nM</MolarConcUnits><MolecularWeight>-1</MolecularWeight><Temperature>30.2</Temperature><StartTime>0</StartTime><AssayTime>180</AssayTime></CommonData><FlowRate>1000</FlowRate><StepType>BASELINE</StepType><StepName>Baseline 1</StepName><StepStatus>OK</StepStatus><ActualTime>180</ActualTime><CycleTime>0.2</CycleTime><AssayXData Points="900">AAAAAKjGSz7NzMw+EFgZP0SLTD+JQYA/1XiZPzMzsz8IrMw/ZmbmPwAAAEDNzAxAmpkZQGZm
JkAzMzNAAABAQM3MTECamVlA8KdmQDMzc0AAAIBAZmaGQM3MjEAzM5NAmpmZQAAAoEBmZqZA
zcysQDMzs0CamblAAADAQI2XxkDNzMxAMzPTQJqZ2UAAAOBAZmbmQM3M7EAzM/NAmpn5QAAA
AEEzMwNBZmYGQZqZCUG0yAxBAAAQQTMzE0FOYhZBgZUZQbTIHEHn+x9BGy8jQWZmJkGamSlB
zcwsQQAAMEEbLzNBRIs2QZqZOUHNzDxBAABAQTMzQ0FOYkZBmplJQc3MTEEAAFBBGy9TQWZm
VkGBlVlBzcxcQZMYYEEzM2NBTmJmQZqZaUHNzGxB3SRwQRsvc0FmZnZBmpl5QbTIfEHn+39B
jZeBQScxg0HNzIRBZmaGQQAAiEGamYlBMzOLQcHKjEFaZI5B9P2PQZqZkUEnMZNBzcyUQWZm
lkH0/ZdBCKyZQTMzm0HNzJxBWmSeQfT9n0GNl6FBMzOjQcHKpEFmZqZB9P2nQY2XqUEnMatB
zcysQWZmrkH0/a9BmpmxQTMzs0HByrRBZma2QfT9t0GamblBMzO7QcHKvEFaZL5BAADAQY2X
wUEzM8NBwcrEQVpkxkH0/cdBjZfJQScxy0HBysxBWmTOQfT9z0GNl9FBJzHTQc3M1EFaZNZB
bxLYQY2X2UEnMdtBwcrcQVpk3kExCOBBjZfhQTMz40HByuRBWmTmQfT950GamelBJzHrQcHK
7EFaZO5BAADwQZqZ8UEzM/NBSOH0QWZm9kEAAPhBmpn5QTMz+0HNzPxBZmb+QQAAAELNzABC
mpkBQmZmAkIzMwNCAAAEQs3MBEKamQVCZmYGQjMzB0IAAAhCzcwIQpqZCUJmZgpCMzMLQvr+
C0LHywxCmpkNQmBlDkJGNg9CAAAQQs3MEEKamRFCZmYSQjMzE0IAABRCzcwUQpqZFUJgZRZC
MzMXQgAAGELNzBhCy6EZQmBlGkIzMxtCAAAcQsfLHEKamR1CZmYeQjMzH0IAACBCx8sgQpqZ
IUJgZSJCMzMjQvr+I0LHyyRCmpklQmZmJkIzMydC+v4nQs3MKEKTmClCZmYqQjMzK0IAACxC
x8ssQpOYLUJmZi5CMzMvQgAAMELHyzBCmpkxQmZmMkItMjNC+v4zQsfLNEKamTVCZmY2Qi0y
N0IAADhC/tQ4QpOYOUJgZTpCLTI7Qvr+O0LNzDxCoJo9QmBlPkI/NT9C+v4/QsfLQEKTmEFC
ZmZCQi0yQ0L6/kNCx8tEQpOYRUJgZUZCMzNHQvr+R0LHy0hCmplJQmBlSkItMktCAABMQsfL
TEKTmE1CZmZOQi0yT0L6/k9Cx8tQQpqZUUJgZVJCLTJTQgAAVELNzFRCmplVQmBlVkItMldC
BgFYQsfLWEKTmFlCYGVaQi0yW0L6/ltCzcxcQpOYXUJgZV5CLTJfQvr+X0LHy2BCk5hhQmBl
YkItMmNC+v5jQsfLZEKTmGVCYGVmQi0yZ0L6/mdCx8toQpqZaUJmZmpCMzNrQgAAbELl0GxC
mpltQmZmbkIzM29CAABwQs3McEKamXFCZmZyQjMzc0IAAHRCzcx0QpqZdUJmZnZCXjp3QgAA
eELHy3hCmpl5QmZmekIzM3tCAAB8Qs3MfEKamX1CZmZ+QjMzf0IAAIBCZmaAQs3MgEIzM4FC
mpmBQn3/gUJmZoJCSsyCQjMzg0KamYNCDAKEQuNlhEJKzIRCMzOFQheZhUIAAIZC42WGQs3M
hkIzM4dCmpmHQgAAiELjZYhCSsyIQrYziUKamYlCAACKQmZmikLNzIpCUjiLQpqZi0IAAIxC
Dm2MQs3MjEIzM41CmpmNQn3/jUJmZo5CzcyOQjMzj0IXmY9CAACQQmZmkEJKzJBCsDKRQpqZ
kUIAAJJCZmaSQs3MkkIzM5NCF5mTQgAAlELjZZRCzcyUQjMzlULjpZVCff+VQuNllkLNzJZC
MzOXQheZl0IAAJhC42WYQkrMmEKwMplCF5mZQn3/mUJmZppCzcyaQjMzm0KamZtCff+bQnNo
nELNzJxCsDKdQheZnUJ9/51C42WeQkrMnkKwMp9CF5mfQgAAoELjZaBCzcygQrAyoUKamaFC
ff+hQuNlokJKzKJCsDKjQheZo0J9/6NCZmakQkrMpELJNqVCF5mlQn3/pUJmZqZCzcymQjMz
p0IXmadCAACoQm1nqEJKzKhCsDKpQheZqUJ9/6lC/GmqQs3MqkIzM6tCF5mrQn3/q0JmZqxC
zcysQrAyrUKama1CAACuQmZmrkLNzK5CMzOvQpqZr0IAALBCZmawQs3MsEIzM7FCmpmxQgAA
skJmZrJC2c6yQjMzs0KambNCAAC0QmZmtELNzLRCMzO1QpqZtUIAALZCZma2Qs3MtkIzM7dC
mpm3QgAAuEJmZrhCzcy4QjMzuUKamblCff+5QuNlukLNzLpCOTS7QpqZu0IAALxCZma8Qs3M
vEKwMr1Cmpm9QgAAvkJmZr5Czcy+QjMzv0IXmb9CAADAQuNlwEJKzMBCsDLBQpqZwUJ9/8FC
42XCQkrMwkIzM8NCF5nDQgAAxELjZcRCzczEQrAyxUIXmcVCAADGQuNlxkLNzMZCMzPHQpqZ
x0IAAMhC42XIQs3MyEIzM8lCI5vJQgAAykJmZspCzczKQj81y0KamctCff/LQmZmzELNzMxC
sDLNQpqZzUIAAM5C42XOQs3MzkKwMs9CF5nPQgAA0ELjZdBCSszQQrAy0UIXmdFCgwDSQuNl
0kLNzNJCsDLTQheZ00KDANRCZmbUQkrM1EIzM9VCF5nVQn3/1ULjZdZCSszWQrAy10IXmddC
AADYQuNl2EJKzNhCsDLZQheZ2UJ9/9lC42XaQkrM2kKwMttCF5nbQn3/20JtZ9xCSszcQrAy
3UIXmd1CAADeQuNl3kJKzN5CMzPfQpqZ30J9/99CZmbgQs3M4EKwMuFCF5nhQgAA4kLjZeJC
zcziQrAy40IXmeNCff/jQuNl5EJKzORCsDLlQpqZ5UIAAOZCZmbmQs3M5kIzM+dCmpnnQgAA
6EJmZuhCYtDoQjMz6UKamelCAADqQmZm6kLNzOpCMzPrQpqZ60IAAOxCZmbsQs3M7EIzM+1C
mpntQgAA7kJmZu5CzczuQrAy70Kame9Cff/vQmZm8ELNzPBCUjjxQpqZ8UIAAPJCZmbyQs3M
8kK2M/NCF5nzQgAA9EJmZvRCSsz0QrAy9UKamfVCAAD2QmZm9kLNzPZCMzP3QpqZ90IAAPhC
Zmb4QkrM+EIzM/lCF5n5Qn3/+UJmZvpCzcz6QrAy+0Kmm/tCAAD8QmZm/ELNzPxCsDL9Qjuf
/UJ9//1CZmb+Qs3M/kIzM/9Cmpn/QgAAAEPyMgBDZmYAQ5qZAEPNzABDvv8AQ/IyAUOoZgFD
mpkBQ4vMAUO+/wFDMzMCQ2ZmAkNYmQJDi8wCQ4MAA0MzMwNDJWYDQ5qZA0OLzANDywEEQ/Iy
BEMlZgRDWJkEQ4vMBEO+/wRDMzMFQyVmBUOamQVDi8wFQ4MABkMzMwZDJWYGQ2qcBkOLzAZD
vv8GQ/IyB0NmZgdDWJkHQ83MB0O+/wdDtjMIQyVmCENYmQhDi8wIQwAACUN1MwlDJWYJQ1iZ
CUOLzAlDvv8JQ/IyCkMlZgpDWJkKQ4vMCkO+/wpD8jILQyVmC0NYmQtDmM4LQ77/C0PyMgxD
ZmYMQ1iZDEOLzAxDvv8MQ/IyDUMlZg1DmpkNQ4vMDUO+/w1D8jIOQyVmDkNYmQ5DzcwOQ77/
DkOBNQ9DZmYPQ5qZD0PNzA9DAAAQQzMzEENmZhBDmpkQQ83MEENCABFDMzMRQ2ZmEUPbmRFD
zcwRQwAAEkMzMxJDZmYSQ5qZEkPNzBJDAAATQzMzE0NmZhNDmpkTQ83ME0MAABRDMzMUQ2Zm
FEOamRRDzcwUQwAAFUPyMhVDZmYVQ5qZFUPNzBVDAAAWQzMzFkNmZhZDmpkWQ83MFkNOAhdD
MzMXQyVmF0NYmRdDzcwXQ4kBGEPyMhhDZmYYQ5qZGEPNzBhDvv8YQzMzGUMlZhlDmpkZQ83M
GUO+/xlDMzMaQ2ZmGkPunBpDi8waQ77/GkMzMxtDrmcbQ1iZG0PNzBtDvv8bQwQ2HENmZhxD
WJkcQ83MHEO+/xxD8jIdQyVmHUOamR1DzcwdQ4MAHkMzMx5DJWYeQ5qZHkPNzB5Dvv8eQ/Iy
H0MlZh9DWJkfQ4vMH0O+/x9DMzMgQ2ZmIENkmyBDzcwgQ77/IEPyMiFDJWYhQ1iZIUPNzCFD
AAAiQzMzIkMlZiJDWJkiQ83MIkMAACNDvDQjQyVmI0NYmSNDi8wjQ77/I0MzMyRDZmYkQ1iZ
JEOLzCRDvv8kQzMzJUMlZiVDmpklQ4vMJUO+/yVDMzMmQ2ZmJkNYmSZDi8wmQ77/JkPyMidD
JWYnQ+GaJ0PNzCdDvv8nQ/IyKEMlZihDWJkoQ83MKEMAAClD8jIpQyVmKUNYmSlDi8wpQ77/
KUPyMipDJWYqQ1iZKkPNzCpDvv8qQzMzK0NmZitDmpkrQ5HNK0MAACxDMzMsQ2ZmLEOamSxD
kc0sQwAALUMzMy1DZmYtQ5qZLUPNzC1DAAAuQzMzLkPwZy5DWJkuQ83MLkMAAC9DMzMvQ2Zm
L0OamS9DzcwvQwAAMEMzMzBDZmYwQ5qZMEPNzDBD0QIxQzMzMUPpZjFDmpkxQ83MMUOPAjJD
MzMyQyVmMkOamTJDzcwyQwAAM0MzMzNDZmYzQ9uZM0PNzDND</AssayXData><AssayYData Points="900">AAAAAEPwmLruevk4+D1suyxHh7q6zjU7C76oO5uSTzvh89U7jYI8O+HSB7rwe007HRDRO1V7
AzxGUZo7YepKO0Oy7zqMMvo7VRLAO2863juCxQI8bNLNO5hHEzyfcAg8b/owPHb7FTwd7Qc8
sPAOPLShOzyAYDI80EFvPEzPAzxdlU48EXkdPJWiSjx3QGw8QuYxPFkNNTxJ0xc8at1YPMWI
WjzgUFs8g+B5PDtWLTy2BU48aKeBPGXyQDwY0F48ivxfPPPTcjyKhm88VctjPB12VzwWOms8
zw2RPIUAiTzDsII8v8pAPA7LmTyyGZo8znFgPArgazxLMmk8n/1/PEjknzyrhow8sZGgPEad
sDweK6M8BVKYPHkWpzwSXpo8AxudPFpJqzy3VZM8KUG2PPOhrzzQ0rU8OmGdPEsVqjzxxpE8
ZHusPJIOpDwC5qc84zKiPJfJiTy1dqM882SvPFqqqjxX3pM8UF/KPHX2oDzbUHY8QqKsPP79
qzz3+a48FHu7PC8ewTwD87I8gP+pPH1yvDySNLU89C7TPPchujy04cI8LQvbPIYZ3zyfxcI8
Uf7fPFvzzDwvzOA8eyTUPJCrtTyIoss856HJPPrbyzyT5ek8Wn7QPJQ4+Dw7Tt08/S3fPJnW
yDytqvU8ZV/pPEx+0zxkorY87RTiPGI8uDxImPU8EZTIPJs64jyzH9U8rW3ZPBn46Dzd9eA8
1TrDPGNx+jwLpvA8/S3PPG+44DyhoQQ9b2D2PP608TxExfk8exPPPJB33Dwz1s88JEz9PDgk
Dj0mzgo9hHb+PNOg5zzvNf48Wu4IPYL3AT2pIwA9ad4APY3lBD2FVg09l4wAPcDU3jzVEQo9
hEj4PMA2Cj2FeQc9tMEAPVQKAj1g0xI9E73lPAb+Cz1pgQE9h6MAPdeVBD0G7vo85c8NPYEx
BD2U2gY9MlMBPcFCHz0aeQ49BSoMPZc7Gz3segA9DwQTPewoCT0seQo9q98WPcJrDD1BYCE9
yrYMPaGZDj0GBA49UIkHPUSRDT1uhwU9nM4QPetiGT3Vyxk9rLAMPaFZED0I4R49n3YOPbjW
Hz2tnxo9RqQcPT5bIT06fBY9cOwUPRdUGT2vEh49XD8JPYzJGT0x+A49qUQZPaCMED16sQw9
1sEcPWMEIT3SqhY9L14ePWWEHT3cAik9xqIgPVm+FT0Afxg9UuUUPey8Ej3D+hU9SCoaPUkM
Jj1R2Rc9xTwcPUONGD1v0SE9vhwZPRrqIT14KCc9vtgLPcUzJD2FPx09n04YPfo3FD0YNxo9
wrMiPSULIj3etyQ9a/gpPUcLLj2djCM9Gu8GPZBIJD1glyc9l70xPbG2JT3XIB09jYckPbOb
Hj2Dci09rwIvPQBNIj1fpyk93lkmPa9KFj2yTy09xgYfPQclGj2+sB09OE0wPc5kJD38Jio9
n7QrPRfLMT1X3hQ9i8UlPbAzID36Syw9hXMnPSgMHj3KMBo9AsMkPWROJT3msSQ9f20nPed+
LT0wdTE9nSorPV6zOT0+Jy09/LMsPc8pJz0Lcy09hgszPSatMD10EiA9hdkoPeGBLT3U4jE9
Y/0xPT9CMT1jVDQ9ON8vPbXwJz1Pwx49Wp8vPcuiJz2WtjA9mLYuPUKzOT03Kyc9Qjk0PawC
Lj0RfDI9IygyPeiAPj2Utik9O2woPdyAMz3hYjE9sJY0PTL/Iz23cTE9p1EhPVAQLD183yU9
N8U8PeEdRD0ppio9+GJIPYRrIz3/Bzg9ojo4PfMaNj0sNSo95lBGPQQrOj3ZTkg9Fx0jPRqe
Nz2O0C89wNM9PZe4QD2TtTM9m0I1PdbdOj1C1jg9+ZYzPSLQLj0aPDU9SQEyPQ++Mj0v5jU9
3/8rPYPUKj0rajc9s9VCPU6GNz2e7jU9tWQ7PY5qLT3IWzA9qs09PYGrNj3ytjE9VrI8PfpW
Nj0rdjw9J7xJPeTLPz2KxzU9C+JCPaibQz0SEzI9Zq87PV/8LD0ys0Y9arcuPSI7PT13PDU9
uWQ2PRmANz190jg9VNMoPR6AMj1Z5kU9kSk8PfqWNj09TUM9j4U0PfvNPz1huUE9+ZMzPTur
OT0Al0I9Eok9PUldMz2GqUI96DRNPfNNLz1il0g94eFHPUeuPT1/jjc9QgdHPXptSD0Z3Ss9
Ag8/Pbw0LT2J3Tw9KGI4PX+BQj2brzY9jiA6PRcYST37I0E9cIVBPcTxNz3E/T89VVI7Pa97
NT2+tEM9wU88PQ/8PD0nAzo9z+1FPRtHOT3eJSs9Llc0PdZwLT1pUEk9Yo8zPfP8MD2ylTk9
gZFGPbRPQj2MdU49KaRGPbBsTj2yslA9j7U0PW0mQz2vkzc9nP8yPRAmLD0h2T49q9NBPVlJ
SD0b0T89xuJDPblyOT3M5Uc9le05PewpQz3yREA9idlFPe+INj3W/j49heU4PfS0NT3lyj89
2mU3PReTND0y8zI9ZfM1PfRPNz0mSUc9tAhBPVqbRT1Wczw9q6E2PWTKQj0DZjY9iAg8PW7B
SD2y2kU9+To1PZzAOT2ME0E9hdI6PYfQOD3zEkU9U7hAPR71Qj1L+VU9T7A2PXqcRD3Al009
Q1E3PcbqSD3xWDs9lTAvPeAKPD1D7jg91ilAPU7lOD21XTU9yUwxPYBQRz3kFTw9Xy8wPe1J
PD1+zTw9iog5PYfpQD1VX0A9jDgnPZhYMj2Ly0g9Nl82PTx6ND37mUA93Tc7PWp6Nz2tOEU9
Alw3PQojPj1AwEQ9TfA9PX4MOz20Y089+5Y8PeDjPD1rhUI93zlEPZQQMT2khiQ94Qw+PQ8c
PT2FBTs9E6dMPZV8QT2q3zE9XGw2Pf6RRj1/fUk9Fd48PdGQQD2fhEY92+A9PRHcOz22LkM9
7O1JPWgOQD0+Hjk9ZkhMPWp5PD1gVD89UAkvPRq1Oj3dakM9GYI8PQ6XOT1AUzw9KSxEPXg5
PD38/D89hZJEPSGKPj1yuDw9tZc7Pf9VOz2N5jc9iQNEPehkMj1fWT89krxEPeGcOT1Xr0I9
eqo0PWrhNT0yc0s9ZaQ/PVi3Sz3zETs9et8+PTZOSD36Wkc97R02Pfp4SD2WdkA9UWtDPaak
Uj3lpTo9iqhDPVwaTT2KIkc9/zBDPRiqUD3nQT89PtJFPWxxPT2Kb049/YM+PU4uSj3DokY9
QwtMPWGTRj3nGkc9VnBIPfr/QD3I40M9sZBHPZiBQT2QiEk9rRNSPQpcMj2aX0w9Bjc/PXdn
PT2IpDI9HIFHPe8rSj29OEw9lGlRPUDUPD2SD0Q9NHVCPbxlPT02BkI9RhlRPU6vRD3RIEw9
7+E6PWs7OT0zbk49GcBIPQZqRT0/BkU92yxIPUoPTD2CnkE9euFGPYE+Sj0X1Uo9nBlCPVlB
Sj2hZkM9HEBQPdiEPj1BeUA9tLxGPR1QQz2+lkA9wGpCPeM8Tz14mlQ9fTFHPVODNT34Q189
WqVAPe2MVT0Jc0I9/oRIPRx4TD1mbTg9oaBDPZRRRD228jU9T2VDPfPaWz3QTlE92slRPTDw
Qj0YQ0Y91+89PVLTRz1CKEo9dwRKPaeXSz20h1A9PRFNPWVbQD06r0U9OH02PRT2OT0NF0o9
akVDPdExRT19IEc9nYI3PfBVRz0hu049gg5JPV/EQz1a0Ug9rZ9HPRr+Rj1OS0Q99yBDPcrp
Sz3THEg9CLw4PTsMPD165Tw9Oo08PbGFTz3Poj09R0FJPQFgQT19G0U954A3Pb9CQD0mE0g9
VyZRPafFRz3gZUU9x6VMPQhjRD2nGEI9rg9APdv0SD1sulU9WcRYPV8kQz1Bp0c9aDpDPZWJ
RT2hl0E9Whw8PaDhSz3duk092BxFPckxST0E4049FdBDPSLHPT1SyEk9tw5LPSQWPz1aTj09
v3pCPU/XPz02TTc99cQ5Pec9Nj0vVEI9XNM5Pd6TTz3SqEs9ME5MPa43Sz3wgTc9yz1NPakM
NT37AlM9dW4/PTKJOT0rXEk9TxdEPTdyQj10sUg975c/PbKgTj0ENj49jY88PawgPD1g1zI9
5fJIPb+TVz1sc0I93JNEPb69TT0M0Uw9N/tHPeG1RT3vxkE9HnJAPdqdQD3OxDs98eZNPUxP
Qj3iwEY9lCNCPdXARz1m3z09sp9QPdrcST3GyUo9KK05PVIHYT0P3lU9byRNPeLtVj1VP0Y9
NXlFPcagNj0oVEU9YchJPRKyMj0ILFM9WWg2PWgGSD1XS0g94lRCPdjzNz1jNEs9mtxEPRMZ
Tj1PMD490AtLPboQNz3eAEI92o9TPf/FST2DeDI9ObY6PYDfSD3tOUA9PtVBPXOmTj2szUA9
EWdGPdqHQT2/Gz49h81NPXZWOD1UHyo96eA9PXvrRz29lTk9aJlBPU3rRT1skD095gs7PST2
VD3z+DQ9v2lJPXSbVD38r0o9fME8Pa+0Rz1ZpEM9IVU/PatCQT1zMU490bU/PVskUj1kKlQ9
J+tFPZoNSD2sdEg9f+Y+PQoVPT2ZG0c9H8xAPZfAUz2JJ149w1M/Pb7FTz1jNUk9yTpWPdI9
VD2YZVQ9Jio+PUzJVT2s7Uw9yBtGPQYcNT0QAkU93v1SPVvXSj0ehUo9lJdOPZIMRT2aFUQ9
J/Y7PeOdRz1wC0w9nXhaPVVhTD2lREo9UpNKPZJEQT2BnEY9UN9HPfeGQT3smFg9PilGPQZe
VD3DPEg9j7BDPft/Qz1bjkI9Sr9NPfEaUD11y1U9YgdKPedSUT0TFkI9WzFJPSCVSj0i50c9
HYRAPTFuQz3y2EI93ZZRPdF0QT1xXDM9YW0+Pb8eVD2Mz0M9</AssayYData></Step><Step><CommonData><SampleLocation>2</SampleLocation><SampleID>10mM Glycine pH1.7</SampleID><SampleGroup></SampleGroup><SampleInfo>or other Regeneration solution</SampleInfo><SampleRow>C</SampleRow><SamplePlate>1</SamplePlate><WellType>REGENERATION</WellType><Concentration>-1</Concentration><ConcentrationUnits>µg/ml</ConcentrationUnits><MolarConcentration>-1</MolarConcentration><MolarConcUnits>nM</MolarConcUnits><MolecularWeight>-1</MolecularWeight><Temperature>30.1</Temperature><StartTime>207730</StartTime><AssayTime>20</AssayTime></CommonData><FlowRate>1000</FlowRate><StepType>CUSTOM</StepType><StepName>condition</StepName><StepStatus>OK</StepStatus><ActualTime>19.999</ActualTime><CycleTime>0.2</CycleTime><AssayXData Points="100">AAA0QzMzNENmZjRDmpk0Q83MNEMAADVDMzM1Q2ZmNUNYmTVDi8w1Q77/NUPyMjZDf2o2Q5qZ
NkPNzDZDvv82Q/IyN0NmZjdDWJk3Q83MN0MAADhD8jI4Q2ZmOEOamThDzcw4Q77/OEPyMjlD
ZmY5Q5qZOUPNzDlDvv85Q/IyOkNmZjpDmpk6Q4vMOkO+/zpD8jI7Q2ZmO0OamTtDi8w7Q5YD
PEPyMjxDJWY8Q1iZPEPNzDxDAAA9Q/IyPUNmZj1DHZo9Q83MPUO+/z1D8jI+QyVmPkNYmT5D
i8w+Q77/PkPyMj9DJWY/Q5qZP0PNzD9Dvv8/Q/IyQEMlZkBDWJlAQ4vMQEMAAEFD8jJBQyVm
QUNYmUFDi8xBQ77/QUMzM0JDJWZCQ1iZQkOLzEJDvv9CQzMzQ0MlZkNDWJlDQyHQQ0O+/0ND
8jJEQyVmRENYmURDi8xEQ77/REPyMkVDqGZFQ1iZRUOLzEVDvv9FQzMzRkNmZkZDWJlGQ83M
RkO+/0ZDBDZHQ2ZmR0OamUdDi8xHQw==</AssayXData><AssayYData Points="100">jrs0vtQiDr7A3e+96inGvYrDub0MWrG99t2nvYfoqb27qLC9KZC0vaOssL1Czr+9YmDFvQdN
zr3pvdG9s6vZvRLX3L2th+a9I7/vvUR++73Mb/u96DL9vV/b/L09cwO+AuMCvtpKBb4Svga+
iQEJvrLuDb5srxG+KXYPvqFdE76ERBa+9vATvhZpF76u8Bu+lpMbvueMGr7DXhi+gBQevggE
Hb5l/SS+viIkvgFjIr7z8CC+DEklvo9hJb53mCq+kFUqvhZ5K77bByy+s2ssvlqqLb578jG+
Kp8xvhmyMr6Hkja+fFcyvjW7O77ClTe+JbE4viqvOr7NqDy+wBA+vr6eOr5NlUC+ZJJAvivp
Qr73L0C+lKlFvtAsQ75LbkS+qVtGvnS/Rb74oUe+f21Fviy+Rb6UMUy+PgNNvmd6Tb50WEq+
Lm5PvoRdTb7ibVG+bRhSvkSRUr4r/FK+XENQvnu+Vb7pEVC+1sBSvgBUVb7tBla+PYpTvvDX
U74YelS+kldXvr3FV77SY1q+tENavg==</AssayYData></Step><Step><CommonData><SampleLocation>1</SampleLocation><SampleID>Running Buffer</SampleID><SampleGroup></SampleGroup><SampleInfo></SampleInfo><SampleRow>C</SampleRow><SamplePlate>1</SamplePlate><WellType>BUFFER</WellType><Concentration>-1</Concentration><ConcentrationUnits>µg/ml</ConcentrationUnits><MolarConcentration>-1</MolarConcentration><MolarConcUnits>nM</MolarConcUnits><MolecularWeight>-1</MolecularWeight><Temperature>30</Temperature><StartTime>233413</StartTime><AssayTime>20</AssayTime></CommonData><FlowRate>1000</FlowRate><StepType>CUSTOM</StepType><StepName>condition</StepName><StepStatus>OK</StepStatus><ActualTime>20</ActualTime><CycleTime>0.2</CycleTime><AssayXData Points="100">vv9HQ/EySEPjZUhDWJlIQ4vMSEO+/0hDsDJJQyRmSUNYmUlDi8xJQ77/SUOwMkpDK2dKQxaZ
SkOLzEpDfP9KQ/EyS0MkZktDWJlLQ4vMS0N8/0tD8TJMQ+NlTEMWmUxDi8xMQ77/TEOwMk1D
JGZNQxaZTUOLzE1Dvv9NQ/EyTkMkZk5DFplOQ4vMTkO+/05D8TJPQyRmT0MWmU9DDs1PQ3z/
T0OwMlBDJGZQQ1iZUEOLzFBDfP9QQ7AyUUMrZ1FDFplRQ4vMUUN8/1FDsDJSQzFoUkNYmVJD
ScxSQ3z/UkPxMlNDJGZTQxaZU0NJzFNDvv9TQ7AyVEPjZVRDWJlUQ0nMVEOPAlVDsDJVQ+Nl
VUMWmVVDScxVQ3z/VUOwMlZD42VWQxaZVkOLzFZDfP9WQ7AyV0PjZVdDWJlXQ0nMV0N8/1dD
8TJYQyRmWEMWmVhDScxYQ3z/WEOANVlD42VZQxaZWUNJzFlDfP9ZQ7AyWkPjZVpDWJlaQ0nM
WkN8/1pDMzNbQ+NlW0MWmVtDi8xbQw==</AssayXData><AssayYData Points="100">9Xx6vA5XI70GfUa979lrvSsZYb0FWmi9x1NgvTfQW707HUq9sIY/vQsTR70tkDy9Ki47vVfE
LL3cfDO91k0vvdv8I72yDBO9DPoTvQ+kH73A2xe9XSAYvcOxHb0JBwm9MQsOvfR4Ar3rJPy8
vxMSvZcN/bzalwu9BUvrvFax97xg1uu8XVABvQCO47zvvva8llUCvehazLyeus28iX7avGRK
8LyJ/M68z/rRvGWG2bzkdt284tzQvEzp47zr09i8ldHQvJ0zt7wSFOW8OFCtvFD1pbzTAum8
iVbQvHjctLze8Ny89SPhvKdDsLzZopq8YR+xvF32r7yCsq68l/62vF/pqLxHJ7m8NjO5vAcl
xbw+Sru8q56SvILChbyb5Ku8igaMvDubhrzje8C8Z9mBvEDslLxIvai8rSetvIvVkryXbp28
1BWjvPIzr7yP4Zu8IuGJvLRtlLzX+6W8HJc/vDJlorwRoqK8HwyMvPWzjrxo/W28leuIvIoZ
gbypkYu88haqvCAIfbzilY28fDmHvA==</AssayYData></Step><Step><CommonData><SampleLocation>2</SampleLocation><SampleID>10mM Glycine pH1.7</SampleID><SampleGroup></SampleGroup><SampleInfo>or other Regeneration solution</SampleInfo><SampleRow>C</SampleRow><SamplePlate>1</SamplePlate><WellType>REGENERATION</WellType><Concentration>-1</Concentration><ConcentrationUnits>µg/ml</ConcentrationUnits><MolarConcentration>-1</MolarConcentration><MolarConcUnits>nM</MolarConcUnits><MolecularWeight>-1</MolecularWeight><Temperature>30</Temperature><StartTime>259075</StartTime><AssayTime>20</AssayTime></CommonData><FlowRate>1000</FlowRate><StepType>CUSTOM</StepType><StepName>condition</StepName><StepStatus>OK</StepStatus><ActualTime>19.999</ActualTime><CycleTime>0.2</CycleTime><AssayXData Points="100">v/9bQ/IyXEMlZlxDWZlcQ4zMXEO//1xD8jJdQyVmXUNZmV1DjMxdQ7//XUPyMl5DJWZeQ1mZ
XkNKzF5Dv/9eQ/IyX0MlZl9DWZlfQ0rMX0MBAGBDsTJgQ+RlYENZmWBDjMxgQ7//YEPyMmFD
JWZhQ1mZYUOMzGFDff9hQ/IyYkPkZWJDWZliQ4zMYkN9/2JDsTJjQ+RlY0NZmWNDjMxjQ7//
Y0OxMmRDJWZkQxeZZENKzGRDff9kQ/IyZUMlZmVDF5llQ0rMZUN9/2VD8jJmQ+RlZkMXmWZD
jMxmQ33/ZkPyMmdD5GVnQxeZZ0Mbz2dDff9nQ7EyaEPkZWhDF5loQ4zMaEO//2hDsTJpQ+Rl
aUMXmWlDjMxpQ7//aUPyMmpDJWZqQxeZakNKzGpDff9qQ/Iya0PkZWtDF5lrQ0rMa0N9/2tD
sTJsQ+RlbEMXmWxDSsxsQ7//bEPyMm1D5GVtQxeZbUNKzG1Dff9tQ7EybkPkZW5DF5luQ0rM
bkO//25DsTJvQ+Rlb0NZmW9DSsxvQw==</AssayXData><AssayYData Points="100">b4iPvh17dL6tGlG+cHk4vtkMKb6MDyO+hwogvp9wH74IDiC+HRQfvif0JL6yYiO+gM0mvqbJ
K75Acy2+Ns4pvuizM761bTS+X9cxvgD2N77QNDe++pI5vpWrO75o2Tq+0RZCvsp8Pb6lLkG+
n9NEvpz5Qr4Wu0C+IVxIvuiRS776/Ee+PLBHvkkTT77c0Ey+c4ZPvoUwUL6/L02+X4pQvmMd
UL5uSVK+ehFUvn5WU77GcVe+mRpXvlcAWb7Gw1i+1YBYvgDxWL65pFy+pKhdvtTaXL4uU12+
rBlcvomeXb6xqmC+6bRdvmJEZb5nc1++CN9fviA4ZL4S32K+ox1kvuLNab4hxmK+uAVnvjua
Y76+EWe+0z9svoWkbL7+Pmm+iBhqvgzwbL7qCmy++HdsvmzUbb7UB2++ToFsvunFbL7IrG2+
K/JvviokcL42s26+gN10vnrYd746XnG+CfJuvre9c75H63W+Z5B3vug/dL4zAHa+66l3vp+c
db75G3a+wtl3vtB5eL5zpHe+lAB8vg==</AssayYData></Step><Step><CommonData><SampleLocation>1</SampleLocation><SampleID>Running Buffer</SampleID><SampleGroup></SampleGroup><SampleInfo></SampleInfo><SampleRow>C</SampleRow><SamplePlate>1</SamplePlate><WellType>BUFFER</WellType><Concentration>-1</Concentration><ConcentrationUnits>µg/ml</ConcentrationUnits><MolarConcentration>-1</MolarConcentration><MolarConcUnits>nM</MolarConcUnits><MolecularWeight>-1</MolecularWeight><Temperature>30</Temperature><StartTime>284742</StartTime><AssayTime>20</AssayTime></CommonData><FlowRate>1000</FlowRate><StepType>CUSTOM</StepType><StepName>condition</StepName><StepStatus>OK</StepStatus><ActualTime>20</ActualTime><CycleTime>0.2</CycleTime><AssayXData Points="100">ff9vQ7AycEOiZXBDF5lwQwjMcEM7/3BDbzJxQ6JlcUPVmHFDSsxxQ33/cUOwMnJD42VyQ9WY
ckMIzHJDO/9yQ7Ayc0OiZXNDF5lzQ0rMc0N9/3NDsDJ0Q+NldEMXmXRDCMx0Qzv/dENvMnVD
42V1Q9WYdUMIzHVDff91Q28ydkPjZXZD1Zh2Q0rMdkN9/3ZDbzJ3Q6Jld0PVmHdDSsx3Q33/
d0OwMnhDomV4Q1iZeEMIzHhDO/94Q28yeUOiZXlD1Zh5QwjMeUM7/3lDsDJ6Q6JlekPVmHpD
CMx6Qzv/ekNvMntDomV7Q9WYe0NKzHtDO/97Q28yfEOiZXxD1Zh8QwjMfEM7/3xDsDJ9Q6Jl
fUPVmH1DCMx9Qzv/fUOwMn5DomV+Q9WYfkMIzH5DO/9+Q28yf0PjZX9DF5l/Q0rMf0M7/39D
WBmAQ/EygEOLTIBDJGaAQ75/gENYmYBD8bKAQ4vMgEMk5oBDvv+AQ1gZgUPxMoFDakyBQyRm
gUO+f4FDWJmBQ/GygUOLzIFDJOaBQw==</AssayXData><AssayYData Points="100">jdz0vGz1Pr1AWHG9ApiOvYxxi70UTIW9lhOKvbm1h719TYy99diCveytg70co4C9tAB5vXrd
eL3B2Gy9WgNqvftya71MsmK9UHpgvXINQr3fMk+9lUhbvf/zS72yI02973FUvaqHOb27ylW9
V5w9vR3HQb30U0y9iX0vvf9FL704mz29FJo4vZNvJb2XhDS9RPUvvUT8F73rayO9VGApvb3J
M70M5Te9V9QfvRKFHr2oORO9Ssw2vd8FKb1vKzq9404svQ9cJb3cLyG95ZUYvXUuG705Hxm9
G+MhvT50H71kphm9lOklvYzHIr3zXCG9Cb4RvUltH71PJhO9ORANvb1EFL3HGxK9j6cIvTcv
F70OFBi9EQsSvflVC70ytwy9n4gSvSbgE71WKQW9H7sYvXEcF73MGRO9sVUGvVZsG724KRG9
KWcFvbUPE71GHQ69dKkIvYlt87ykc/+8Jj4HvX/9Eb1+rxS9w6gRvQP9/bzcOBS9GCsDvQyD
Ar1rkga9fuUEvfZZ/7yPc/y8DDcCvQ==</AssayYData></Step><Step><CommonData><SampleLocation>2</SampleLocation><SampleID>10mM Glycine pH1.7</SampleID><SampleGroup></SampleGroup><SampleInfo>or other Regeneration solution</SampleInfo><SampleRow>C</SampleRow><SamplePlate>1</SamplePlate><WellType>REGENERATION</WellType><Concentration>-1</Concentration><ConcentrationUnits>µg/ml</ConcentrationUnits><MolarConcentration>-1</MolarConcentration><MolarConcUnits>nM</MolarConcUnits><MolecularWeight>-1</MolecularWeight><Temperature>30</Temperature><StartTime>310554</StartTime><AssayTime>20</AssayTime></CommonData><FlowRate>1000</FlowRate><StepType>CUSTOM</StepType><StepName>condition</StepName><StepStatus>OK</StepStatus><ActualTime>19.998</ActualTime><CycleTime>0.2</CycleTime><AssayXData Points="100">3/+BQ1gZgkPxMoJDi0yCQwRmgkO+f4JDWJmCQ/GygkNqzIJDJOaCQ77/gkOZGYND8TKDQ2pM
g0MkZoNDnX+DQzeZg0PxsoNDasyDQwTmg0O+/4NDNxmEQ/EyhEOLTIRDJGaEQ51/hENYmYRD
8bKEQ+3MhEME5oRDnf+EQzcZhUPxMoVDi0yFQwRmhUOdf4VDWJmFQ/GyhUNqzIVDBOaFQ77/
hUM3GYZD0DKGQ4tMhkNFZoZDnX+GQzeZhkPxsoZDasyGQwTmhkOd/4ZDNxmHQ9Ayh0NqTIdD
BGaHQ51/h0NYmYdD0LKHQ4vMh0ME5odDnf+HQzcZiEPQMohDi0yIQwRmiEO+f4hDN5mIQzOz
iENqzIhDJOaIQ77/iEM3GYlD0DKJQ2pMiUMEZolDnX+JQzeZiUPQsolDi8yJQwTmiUOd/4lD
NxmKQ9AyikNqTIpDBGaKQ51/ikM3mYpD8bKKQ2rMikME5opDnf+KQzcZi0PQMotDakyLQwRm
i0Odf4tDWJmLQ/Gyi0PSzYtDBOaLQw==</AssayXData><AssayYData Points="100">0vOlvg6Pjb53bXm+qN1evj/5UL5W50a+KjFBvpH9Qb6puD++qCBEvkk1Qb4Wa0a+jiRKvvjq
Tb6wrE6+3c5Lvs7lUb60+E6+JyVUvtu8V75h1li+xH5WvjscXL5WQVy+DXZbvu2TXL4miWG+
PQxjvm12YL6lm2S+tBhkvngNY77HomS+D9xmvheRZr4Q12i+goRqvtsQbr62BG6+6VBsvmHe
b74BrWm+LTZyvn8Bb74ptXS+fSJxvgBncr5PbnK+LJJyvrMaeL56L3i+sxl2vtcIfb6Sz3W+
we53vknVer5JOHm+O015vmWXe7639n++7et9vu71e75SX3y+b1h8vr2agL70pHy+hHyBvp5E
fr43NHu+seSAvm84gb6JQYC+TBGDvqMogr7mqoO+FLaDvhnjhL5nEIS+YUSEvvpdgr5RP4K+
m06FvgYchb5bDoS+xauEvjj2hb4omoS+Sj2Hvp4HhL40CIa+pEqGvhWTh74YV4a+Id+GvjPj
hr42YYa+HB+Hvq2siL6Tu4i+T7WGvg==</AssayYData></Step><Step><CommonData><SampleLocation>1</SampleLocation><SampleID>Running Buffer</SampleID><SampleGroup></SampleGroup><SampleInfo></SampleInfo><SampleRow>C</SampleRow><SamplePlate>1</SamplePlate><WellType>BUFFER</WellType><Concentration>-1</Concentration><ConcentrationUnits>µg/ml</ConcentrationUnits><MolarConcentration>-1</MolarConcentration><MolarConcUnits>nM</MolarConcUnits><MolecularWeight>-1</MolecularWeight><Temperature>30</Temperature><StartTime>336358</StartTime><AssayTime>20</AssayTime></CommonData><FlowRate>1000</FlowRate><StepType>CUSTOM</StepType><StepName>condition</StepName><StepStatus>OK</StepStatus><ActualTime>20</ActualTime><CycleTime>0.2</CycleTime><AssayXData Points="100">nv+LQxcZjEOwMoxDSkyMQwRmjEOef4xDF5mMQ7CyjENKzIxD5OWMQ33/jEM4GY1DsDKNQ1BN
jUMEZo1Dnn+NQxeZjUOwso1Da8yNQ+TljUOe/41DOBmOQ9EyjkNKTI5D5GWOQ31/jkM4mY5D
sLKOQ2vMjkME5o5Dff+OQxcZj0OwMo9Da0yPQ+Rlj0N9f49DOJmPQ9Gyj0NrzI9DBOaPQ57/
j0M4GZBDNDOQQ2tMkEMEZpBDv3+QQziZkEP+tJBDa8yQQwTmkEOe/5BDOBmRQ9EykUNrTJFD
BGaRQ55/kUM4mZFD0bKRQ2vMkUME5pFDnv+RQzgZkkPRMpJDa0ySQ+RlkkOef5JDOJmSQ9Gy
kkNrzJJDBOaSQ57/kkMXGZND0TKTQ0pMk0MEZpNDnn+TQziZk0PRspNDv8+TQwTmk0N9/5ND
OBmUQ9EylENrTJRD5GWUQ55/lEMXmZRD0bKUQ2vMlEPk5ZRDnv+UQ7sZlUPRMpVDa0yVQwRm
lUOef5VDOJmVQ9GylUNKzJVDBOaVQw==</AssayXData><AssayYData Points="100">/M6PvOr7Wb0v1Ja9uruXveaQor2fGJy9E2yfvf1yor2/LJy9iWKdvSS7kL11I5a9ZnWTvUMe
mr230Yu9ZVSPvVNUjL0wi4e98PWPvZKRiL2s7329+61pvXKJfL0seX+9T1WCveIEbb2Gsnu9
Vht3vTUReL37t3291r9wvTWaaL2JgnS9ssZyvaZwdL1Mq2i932tnvQxjbb0JRWK9I0xmve7o
Zr2UdWm9gFpdvXfaVb39eFW9CPBWvZSzY73Q6Fm9AsZuvdKuXr1JJFm9xD5mvewBUr1Rxle9
V7BWvTpHT72Dd0+9wL5LvQ3jTL32ylK9AF5EvVNAUL0OG1i91C5MvS6lUb2grT69HUVSvf4L
S73qUkW9P9ZTvfJsZr0YrVO9SD1LvWwhTL31BCu9bBBIvfUTO70+V0O953FOvXrEPr012ki9
NO1NvUkXTr0RXk29VHI8vRt/Q71Pkj69E2w+vXcgTL3ORka9JXRGvffcR72GpDu9Fqo+vfSB
Qb15TEK9lAJBvYnoNL3fdUq9QcpDvQ==</AssayYData></Step><Step><CommonData><SampleLocation>3</SampleLocation><SampleID>Running Buffer</SampleID><SampleGroup></SampleGroup><SampleInfo></SampleInfo><SampleRow>C</SampleRow><SamplePlate>1</SamplePlate><WellType>BUFFER</WellType><Concentration>-1</Concentration><ConcentrationUnits>µg/ml</ConcentrationUnits><MolarConcentration>-1</MolarConcentration><MolarConcUnits>nM</MolarConcUnits><MolecularWeight>-1</MolecularWeight><Temperature>30</Temperature><StartTime>362533</StartTime><AssayTime>120</AssayTime></CommonData><FlowRate>1000</FlowRate><StepType>BASELINE</StepType><StepName>Baseline 120</StepName><StepStatus>OK</StepStatus><ActualTime>120</ActualTime><CycleTime>0.2</CycleTime><AssayXData Points="600">nv+VQxcZlkOwMpZDa0yWQwRmlkN9f5ZDF5mWQ9GylkNKzJZD5OWWQ33/lkM4GZdD0TKXQ0pM
l0PkZZdDnn+XQziZl0OwspdDSsyXQ+Tll0N9/5dDFxmYQ7AymENKTJhD5GWYQ55/mEMXmZhD
sLKYQ2vMmEPk5ZhDff+YQzgZmUOwMplDSkyZQ+RlmUN9f5lDF5mZQ7CymUNKzJlD5OWZQ33/
mUMXGZpDsDKaQ0pMmkMEZppDfX+aQxeZmkOwsppDa8yaQyXmmkN9/5pDOBmbQ7Aym0NrTJtD
JWabQ55/m0M4mZtD0bKbQ2vMm0ME5ptDnv+bQzgZnEPRMpxDa0ycQwRmnEOef5xDOJmcQ/Ky
nENrzJxDBOacQ57/nEM4GZ1DsDKdQ2tMnUMEZp1Dnn+dQziZnUPRsp1Da8ydQwTmnUOe/51D
FxmeQ9EynkNrTJ5DBGaeQ55/nkM4mZ5D0bKeQ2vMnkME5p5Dff+eQxcZn0PRMp9Da0yfQ+Rl
n0Oef59DOJmfQ9Gyn0NrzJ9DBOafQ57/n0MXGaBD0TKgQ0pMoEPkZaBDnn+gQx2aoEPRsqBD
a8ygQwTmoEOe/6BDOBmhQ7AyoUNrTKFDBGahQ55/oUM4maFDsLKhQ2vMoUPk5aFDff+hQxcZ
okOwMqJDa0yiQwRmokN9f6JDF5miQ9GyokNrzKJD5OWiQ33/okM4GaNDsDKjQ0pMo0PkZaND
nn+jQziZo0PRsqNDa8yjQwTmo0Oe/6NDFxmkQ7AypENrTKRDBGakQ31/pEMXmaRDsLKkQ0rM
pEPk5aRDff+kQxcZpUPRMqVDSkylQ+RlpUN9f6VDOJmlQ7CypUNKzKVD5OWlQ33/pUM4GaZD
0TKmQ0pMpkPkZaZDnn+mQxeZpkOwsqZDSsymQ+TlpkOe/6ZDFxmnQ7Ayp0NKTKdD5GWnQ31/
p0M4madD0bKnQ0rMp0Pk5adDff+nQxcZqEOwMqhDSkyoQ+RlqEN9f6hDOJmoQ7CyqENKzKhD
5OWoQ33/qEM4GalDsDKpQ0pMqUMEZqlDnn+pQziZqUPRsqlDa8ypQwTmqUOe/6lDOBmqQ9Ey
qkNrTKpDBGaqQ55/qkM4mapD0bKqQ2vMqkME5qpDnv+qQzgZq0OwMqtDa0yrQwRmq0Oef6tD
OJmrQ9Gyq0NrzKtD5OWrQ57/q0N5GaxD0TKsQ2tMrEMEZqxDfX+sQziZrEPRsqxDSsysQwTm
rEOe/6xDFxmtQ9EyrUNrTK1DBGatQ55/rUM4ma1DsLKtQ2vMrUME5q1Dff+tQxcZrkPRMq5D
SkyuQwRmrkN9f65DOJmuQ7CyrkNrzK5D5OWuQ33/rkMXGa9DsDKvQ2tMr0MEZq9DfX+vQziZ
r0PRsq9DSsyvQwTmr0Oe/69DFxmwQ9EysENKTLBD5GWwQ31/sEMXmbBD0bKwQ2vMsEME5rBD
nv+wQxcZsUPRMrFDa0yxQ+RlsUN9f7FDF5mxQ9GysUNrzLFDBOaxQ33/sUM4GbJDsDKyQ0pM
skPkZbJDfX+yQxeZskOwsrJDSsyyQ+TlskN9/7JDOBmzQ7Ays0NrTLND5GWzQ31/s0M4mbND
sLKzQ0rMs0Pk5bNDff+zQzgZtEPRMrRDa0y0Q+RltEN9f7RDOJm0Q9GytENKzLRD5OW0Q33/
tEMXGbVD0TK1Q2tMtUPkZbVDnn+1QxeZtUOwsrVDSsy1Q+TltUN9/7VDFxm2Q7AytkNKTLZD
BGa2Q31/tkMXmbZDsLK2Q2vMtkPk5bZDIQC3QxcZt0OwMrdDa0y3QwRmt0N9f7dDOJm3Q9Gy
t0NrzLdDBOa3Q57/t0M4GbhD0TK4Q2tMuEMEZrhDnn+4QziZuEPRsrhDa8y4QwTmuEOe/7hD
OBm5Q9EyuUNKTLlDBGa5Q55/uUM4mblDsLK5Q2vMuUME5rlDnv+5QzgZukPRMrpDa0y6QwRm
ukOef7pDOJm6Q9GyukNrzLpD5OW6Q33/ukM4GbtD0TK7Q2tMu0MEZrtDnn+7QziZu0OwsrtD
a8y7Q+Tlu0Oe/7tDOBm8Q7AyvENrTLxDBGa8Q55/vEMXmbxDsLK8Q0rMvEME5rxDff+8QzgZ
vUOwMr1Da0y9QwRmvUN9f71DOJm9Q7CyvUNrzL1D5OW9Q33/vUM4Gb5D0TK+Q0pMvkPkZb5D
nn++QziZvkPRsr5DSsy+QwTmvkOe/75DOBm/Q7Ayv0NrTL9DBGa/Q6SAv0MXmb9DsLK/Q2vM
v0ME5r9Dnv+/QxcZwEOwMsBDa0zAQ+RlwEN9f8BDF5nAQ9GywENKzMBD5OXAQ33/wEM4GcFD
0TLBQ0pMwUPkZcFDnn/BQziZwUOwssFDSszBQwTmwUN9/8FDOBnCQ7AywkNrTMJDBGbCQ31/
wkM4mcJD0bLCQ0rMwkPk5cJDnv/CQxcZw0OwMsNDSkzDQ+Rlw0N9f8NDF5nDQ7Cyw0NKzMND
5OXDQ33/w0MXGcRDsDLEQ0pMxEPkZcRDnn/EQxeZxEOwssRDa8zEQ+TlxEN9/8RDFxnFQ7Ay
xUNKTMVD5GXFQ31/xUMXmcVD0bLFQ4zMxUME5sVDnv/FQzgZxkPRMsZDa0zGQwRmxkOef8ZD
OJnGQ9GyxkNrzMZDBObGQ57/xkM4GcdD0TLHQ/pOx0MEZsdDfX/HQziZx0PRssdDa8zHQwTm
x0Oe/8dDOBnIQ9EyyENrTMhDBGbIQ55/yEM4mchD0bLIQ2vMyEME5shDnv/IQzgZyUPRMslD
SkzJQwRmyUN9f8lDOJnJQ9GyyUNrzMlDBObJQ57/yUM4GcpD0TLKQ2tMykMEZspDnn/KQxeZ
ykPRsspDa8zKQ+TlykN9/8pDFxnLQ9Eyy0NKTMtDBGbLQ55/y0M4mctD0bLLQ0rMy0ME5stD
nv/LQzgZzEOwMsxD7kzMQwRmzEOef8xDOJnMQ7CyzENrzMxD5OXMQ57/zEM4Gc1D0TLNQ0pM
zUPkZc1DfX/NQziZzUPRss1Da8zNQwTmzUN9/81DFxnOQ7AyzkNKTM5D5GXOQ31/zkMXmc5D
E7POQ0rMzkPk5c5Dnv/OQxcZz0OwMs9DSkzPQ2dmz0Oef89DF5nPQ7Cyz0NKzM9D5OXPQ33/
z0MXGdBDsDLQQ2tM0EMEZtBDfX/QQxeZ0EPystBDa8zQQ+Tl0EPg/9BDFxnRQ9Ey0UNKTNFD
5GXRQ31/0UMXmdFD0bLRQ0rM0UME5tFD</AssayXData><AssayYData Points="600">cGiCvYWriL0PAYq9e4p7vWrIg72u/IC9PLZuvY+2Yb2P+me93DZuvY5mZb1tgG29uL1rvdW2
dL3KBF29s9NzvYkvX72qZna9bh1ovbeIZL1KUV69NUl2vVfMVL3jJl29NwFWvcCCa73QQ2C9
b6trvTUUZ70D32u9FpVZvdnlW71+vWK9hIJVvYN/WL07vGu9/S5evek6X70pEl69pWNZvWgh
T73l1Fm90TJWvWd3Tb2tsl29mMRdvXf4UL1LHku9QRNTvf7pUb0D40y9uYhevYrsTr3bO1W9
A+1evUhKVr0Z4FG9QI1HvQxRT73DMFS9fXxZvT/LW7260z69vF9JvQ71V71NDFi9NppVvV5X
UL330E29C/5TvWpXWL2xmEW9HHFQvebBXr0dbVW9Mv5fvcRZTL234Ea9duNQvXr2Vb0Gvka9
8vZHvdvASb0msju9u59OvdTBL73hlWC91gg/vT6hQL2uE0G9vfw/va23UL0+ikG9qoJKvRNT
O71cJUy9rzU9vcT1Qr1WiEu9+2RBvUzOP70hBkS9bB9Evdv8L71yOi+93gE4vYV2Qr2pT0O9
RIxHvVYPQb2n5ka9B3Qzva4ETr0/Mji9ifY+vZ4dSr0b4Dm9JzNHvTopPL35q0a9KJJDvSn3
M70LYzu9hIpIvW1yQr3STEW9fko6vVctOL0LyD69WihCvagUNr1RXji9Hc5KvYQGQb1gRjq9
n6Exvec8P72PWUS96bo+vVVkOr3nvSy9JKFAvX8zOL2f5Tu9Xjo/veKvPr05ITK96lRCvezO
Q73DSja9xeAyvVyONb0Dfji9bYxCvW7sNr0LpDy9Fzo4vbrpNL3TVj69mQMyvSK0Pr1foji9
z242vchFLL1HIEK9Mq86vd4rTL0Q70S96wIzvc77Lb2YYSm9NmMvvaJ+PL1rtCS9zlI2vbxq
N73Fmy69AFEtvUwFM71Utj29rpo5vXl/ML0Elji9VCpAvaZNNb2QTku9HBtCvW4CK72m6Ti9
SVguvdeeK72mTi6925ksvaCEOb2lfyy9dlYnvV2YML0dBz+9XJYxvSY+Ob2fQDu9HQApvaSt
Nb0OXzq9UjosvYWeG71mNC29Wb0uvRlAFr1kljG9KZ80vVhFNL156Sa9xvpAvRUCQb0eFTK9
hZEqvWKYLb00MSO9LXApvVG6Kb2oPyW9z/cvvSmKM7176yy9SlA4vQzAHr3BvjG9JmoyvVFs
JL3/nza9XAEyvZoFM71WTCW9B+QlvWEvMr0vxCi9UdgovanpMr1J5Se91MpDvQIbMr0nqCC9
e9gyvR2dI70PIjG9v8cvvcoEKr0bEDS9jnUqvc65Mr1U1CG9nA45vRQmGr1kVhe95IEjvbFw
IL36fS69RLsUvTJcJr0hwSm9gO0avSocLb3qXiO9LlwZvXjDI70CFyG9YqgwvdB/Lb2KWzy9
Bq0jvT4YMr2wjSi9AzsgvZeFN72uWiu9emolvbp8LL2TCCW9uBgTvac/L71+Kyq9ScYqvU0i
HL011ym9E7sivXGHHb0maA69YMUUvciYFr3woB69rtIivcYXKL3QUCK9E0sovft6Hr1KOx+9
3SgRvcfHGL0zth29qOAgvRsdGb1+fCG9XVsmvZwQHr3YIxa9kIs1vai8GL058Cm9sAkevQ8U
E706uyq9o2IqvWJELr1xvC69kcgevcTVIb1AWiO9WgorvR4uHb3C1iC93G8hvV5WMr1jQy29
ZsAovXvqEb1lmRy9m7InvbKkI72vyDO9PXkhvRmsFr2OvA+9GDsYvcXBIr1VXBu9MjQkvetI
FL1nfym9QlIZvZaeI70FzSS9dG8UvcX7LL2+LiW9fDQUvZpSHb0BoSO9rfwPvRCjG70gIB69
8tYWvbknEL2pfSC9wVQSvZtmKb0NRBO99FAWvaldHb2Uiha939oevdFbD73YBCW9/GwgvapB
GL2a4Rq9kKcgvWvsFb1PIxu9DCQTvevmJr1JTSS9dHIcvSQOGL2/OiO9kI8TvWxUG70b4xO9
ZJ8ivfGxF72LFRe9/4wLvddoEb183hu9CdknvSmQHr1JFB69IocXvVeUDr2NZBq9DnUcvS8o
Gr1YORC9bDgvvVJQIL3Cxha9v1MdvfxtHb3mM/28DIMVvVSdHb18jga9UXshvWGxJL0ywxq9
1aEjvYyBJb0XPxG92JIZvRYKIL2bNhi9JRweveRWEL39fgu9E0QZvSJJHr2ueBe9/R8hvUA5
CL0PHSW90xQQvb+3D73z5iC91JgXvXO9HL0oLiS9PT0XvWsfCr0/+hy9baESvUZCGr2DJBO9
zq4evaCiEL3A4B69K+UbvZBQF72fVQ+9xVoYvfuvFb15qxW9kaUYvQIcFr227xi9wOwfvUBV
FL3swA+9NVkbvf5vHr1d9Q69QpAfvYNgFr1PmBi9vSgOvUovDr0ZwRO9i1sQveWlFr0sqRi9
tGckvRTJEr2++Qm9XFsXvY8CFL0OLRO9rz8WvWRQGL0Ebh69tQQJvfkmCr0zpgm95iERvX6a
Dr2rwxG9swMbvT+/E71rnSG9sBImvR5EC70NiQC9O5sBvapiE72ZJBC9+68QvTcnEr3yMxu9
TskXvS+wE71V9AW9JmAUvdKUGL2ODA29BxsJvbgu+bzDJhS9jmsXva/zFr2xiwW9H4cVvVrI
Dr15ThK92fkSvcUEE713gxC9GP0ZvT/dG71agA+9dvv0vLEnB73wMA+9mi0RvSRKB72G4wu9
0GwVvb/X+7xZShy98roNvZLIDr294hS9/V8HveGwDr0anBu9JEYOvW5QB73y6Aq96jINvR2i
BL16fCO91LESvTnZDL1u2A+9u3oQvbzlB71O1gO9oAgHvYKUAL0xKvO8/7UMveDxGr0nGAy9
fzYXvXR0Cb3bvwe9x4cDvYvW/7xH6Qm96UEKvTXnD72/1iC9BLgFvVweDb2orQ29PMHuvAf1
E73+pAq9uWwTvTNAAL284Ae9Dp4NvZJHDr33sQe94EEAvcpZEr2y+xC92EgXvRGNA72Pmxe9
mfASvRqXB71VCha9cB4YvUKrCr2UkRW9wMQAvXRJCr0l2Qi98V0CvQaTGb0+CxS9y9Adve07
Bb3RBQ69f8UHvddeA70Yrgy98QEQvUVlD715SPi8XiMGvRBWCb3CTQi99vcDvUAaDb16yxq9
HqMDvRwaA71hnAG9No4LvYwr/LzwxwO9</AssayYData></Step><Step><CommonData><SampleLocation>4</SampleLocation><SampleID>AB</SampleID><SampleGroup></SampleGroup><SampleInfo>in Running Buffer</SampleInfo><SampleRow>C</SampleRow><SamplePlate>1</SamplePlate><WellType>KLOAD</WellType><Concentration>5</Concentration><ConcentrationUnits>µg/ml</ConcentrationUnits><MolarConcentration>5000</MolarConcentration><MolarConcUnits>nM</MolarConcUnits><MolecularWeight>-1</MolecularWeight><Temperature>30</Temperature><StartTime>489491</StartTime><AssayTime>20</AssayTime></CommonData><FlowRate>1000</FlowRate><StepType>LOADING</StepType><StepName>Loading</StepName><StepStatus>OK</StepStatus><ActualTime>20</ActualTime><CycleTime>0.2</CycleTime><AssayXData Points="100">nv/RQzgZ0kPyMtJDSkzSQ7Vo0kN9f9JDOJnSQ9Gy0kNrzNJD5OXSQ57/0kMXGdNDsDLTQ2tM
00PkZdNDnn/TQxeZ00PRstNDa8zTQ+Tl00Oe/9NDFxnUQ7Ay1ENKTNRD5GXUQ55/1EMXmdRD
sLLUQ0rM1EPk5dRDnv/UQxcZ1UOwMtVDSkzVQwRm1UOqgdVDF5nVQ7Cy1UNKzNVD5OXVQ33/
1UM4GdZDsDLWQ2tM1kPkZdZDnn/WQxeZ1kOwstZDSszWQ+Tl1kN9/9ZDFxnXQ7Ay10NKTNdD
5GXXQ31/10M4mddDsLLXQ0rM10Pk5ddDff/XQz4a2EOwMthDSkzYQ+Rl2EN9f9hDF5nYQ7Cy
2ENKzNhDbefYQ33/2EMXGdlDsDLZQ0pM2UPkZdlDnn/ZQziZ2UPystlDa8zZQwTm2UOe/9lD
OBnaQ9Ey2kNrTNpDBGbaQ55/2kM4mdpDdbPaQ2vM2kME5tpDnv/aQzgZ20PRMttDSkzbQwRm
20Oef9tDOJnbQ9Gy20NrzNtDBObbQw==</AssayXData><AssayYData Points="100">OSXcvMNYkDztelM9LGLFPTr4FD5QcD8+oGpuPhDGij7XP6E+26m5Pm32zD6/I+I+wOX2Pu8E
Bj8WxBA/RP0ZPxxLIj9TAS0/Rc82P8cnQD8Z3Eg/fGZSP243Wz/jzGQ/65JsPzZ3dT+lXH0/
Po6DP5rOhj/Q+oo/XjWPP333kj/A9pY/RC6aP+EXnj+BpqE/NQulPx2KqD8rZ6w/RtSvP11+
sz/LZbU/YOO5P74CvT+3LsA/ag/DPzDJxT97Xsk/3LnLPwmczj9JC9I/jKfUP5hT1z+aa9o/
kOrcP1bV3z+cN+I/PaDkP6iP5z9c5+k/xN7rP2Er7z98RfE/0GTzP0+s9T/Yavg/MNH6P2dJ
/T/y9P4/nt4AQMfsAUC9nAJA28gDQCAEBUDv6QVAtQAHQJ8XCEAhvwhAivIJQBotC0C/vQtA
OOQMQP3PDUDFAQ9A+rwPQGqHEEAXTxFA9YgSQEEdE0DRYhRAT/oUQBfDFUADyxZAi1YXQGZa
GECtlhlASQ8aQFXBGkCxYBtAg9AbQA==</AssayYData></Step><Step><CommonData><SampleLocation>5</SampleLocation><SampleID>AA</SampleID><SampleGroup></SampleGroup><SampleInfo></SampleInfo><SampleRow>C</SampleRow><SamplePlate>1</SamplePlate><WellType>BUFFER</WellType><Concentration>2.5</Concentration><ConcentrationUnits>µg/ml</ConcentrationUnits><MolarConcentration>2500</MolarConcentration><MolarConcUnits>nM</MolarConcUnits><MolecularWeight>-1</MolecularWeight><Temperature>30</Temperature><StartTime>516805</StartTime><AssayTime>60</AssayTime></CommonData><FlowRate>1000</FlowRate><StepType>BASELINE</StepType><StepName>Baseline 60</StepName><StepStatus>OK</StepStatus><ActualTime>59.999</ActualTime><CycleTime>0.2</CycleTime><AssayXData Points="300">nv/bQzgZ3EOwMtxDrEzcQ+Rl3EOkgNxDOJncQ7Cy3ENKzNxDBObcQ33/3EMXGd1D0TLdQ0pM
3UPkZd1DfX/dQxeZ3UOwst1DSszdQ+Tl3UN9/91DFxneQ9Ey3kNrTN5D5GXeQ31/3kMXmd5D
sLLeQ2vM3kPk5d5Dff/eQzgZ30PRMt9Da0zfQwRm30Oef99DOJnfQ9Gy30NrzN9DBObfQ57/
30NYGeBD0TLgQ2tM4EMlZuBDnn/gQziZ4EPRsuBDa8zgQwTm4EOe/+BDOBnhQ9Ey4UNrTOFD
BGbhQ55/4UM4meFD0bLhQ2vM4UME5uFDff/hQzgZ4kPRMuJDSkziQ+Rl4kOef+JDOJniQ9Gy
4kNrzOJDBObiQ57/4kM4GeND0TLjQ2tM40MEZuNDnn/jQziZ40OwsuNDss3jQwTm40Oe/+ND
OBnkQ7Ay5ENrTORDBGbkQ55/5EMXmeRD0bLkQ0rM5EME5uRDnv/kQzgZ5UOwMuVDa0zlQwRm
5UN9f+VDOJnlQ9Gy5UNKzOVD5OXlQ33/5UMXGeZDsDLmQ2tM5kMEZuZDnn/mQxeZ5kPRsuZD
SszmQ+Tl5kN9/+ZDFxnnQ7Ay50NrTOdD5GXnQ55/50M4medDsLLnQ2vM50Pk5edDff/nQxcZ
6EPXM+hDa0zoQ+Rl6EN9f+hDF5noQ9Gy6ENKzOhD5OXoQ0IA6UM4GelDsDLpQ0pM6UPkZelD
fX/pQxeZ6UOwsulDjMzpQ+Tl6UOe/+lDFxnqQ7Ay6kNKTOpD5GXqQ31/6kMXmepDsLLqQ83M
6kPk5epDff/qQxcZ60OwMutDjEzrQ+Rl60N9f+tDF5nrQ7Cy60NKzOtD5OXrQ33/60MXGexD
0TLsQ0pM7EMEZuxDfX/sQxeZ7EOwsuxDSszsQ+Tl7EOe/+xDOBntQ9Ey7UNrTO1DBGbtQ55/
7UM4me1D0bLtQ2vM7UME5u1Dnv/tQzgZ7kOWM+5Da0zuQwRm7kN9f+5DOJnuQ9Gy7kNrzO5D
BObuQ57/7kM4Ge9D0TLvQ2tM70MEZu9Dnn/vQziZ70PRsu9Da8zvQwTm70OkAPBDOBnwQ9Ey
8ENrTPBDBGbwQ31/8EM4mfBD0bLwQ1DN8EME5vBDff/wQxcZ8UOwMvFDa0zxQwRm8UOef/FD
OJnxQ9Gy8UNKzPFD5OXxQ57/8UMXGfJD0TLyQ2tM8kMEZvJDfX/yQziZ8kPRsvJDSszyQwTm
8kN9//JDFxnzQ9Ey80NrTPNDBGbzQ55/80M4mfND0bLzQ0rM80MK5/NDff/zQxcZ9EPRMvRD
a0z0QwRm9EN9f/RDOJn0Q7Cy9ENKzPRDBOb0Q57/9EM4GfVD0TL1Q2tM9UMEZvVDnn/1QziZ
9UOwsvVDjMz1Q+Tl9UN9//VDFxn2Q7Ay9kNKTPZD5GX2Q31/9kMXmfZD0bL2Q0rM9kME5vZD
ff/2QzgZ90OwMvdD0033QwRm90N9f/dDOJn3Q9Gy90OSzfdDBOb3Q33/90PBGvhDsDL4Q0pM
+EMEZvhDfX/4QxeZ+EOwsvhDSsz4Q+Tl+EN9//hDFxn5Q7Ay+UNrTPlD5GX5Q31/+UMXmflD
sLL5Q0rM+UPk5flD</AssayXData><AssayYData Points="300">qytGQDjvR0CrfUhAH/pIQHkWSUCiq0lAoH9JQAh7SUBjrElAUqVJQJ+iSUAzs0lAWotJQB2S
SUDdaElAw61JQLF1SUCBNUlAQbtJQGKtSUA7cUlA8KhJQDtzSUDRsElA7EZJQG8iSUDJXUlA
faFJQGR1SUCOdUlAEYlJQFNuSUCKg0lA239JQBBXSUBgUklAXXpJQDElSUDhVklAe1RJQKh0
SUD2WElArk1JQGAySUBFOElA0IhJQOZgSUD/WUlASC9JQKldSUCcLElAS3FJQIUdSUDjU0lA
CSVJQL0ZSUC+W0lAMlNJQCddSUAQ+khAiu9IQFMoSUBs/EhA+ipJQDT2SEAiR0lA5QZJQEn7
SEAlBUlAxw5JQNn4SEBxB0lAjAJJQP3gSEAb1UhA59JIQGfiSECENUlAvtNIQCbsSEBZ+khA
l+xIQNTKSEBay0hAX7lIQMPNSEDwEUlA7dZIQACpSEBd00hAtd1IQDbTSEADrkhA0ZxIQBLC
SEDSjEhAbKlIQNWZSEAC1UhAL8dIQP6vSEBSpUhAKbRIQDKhSEDSukhA9n1IQIR/SEDToEhA
OaFIQN5RSEAkbUhAzq9IQE43SEDvSkhAdDxIQEZySEBtcUhAnD5IQGJFSEBgOUhAEixIQH75
R0A0OkhAJCpIQHXoR0Bm4EdAIRtIQIrMR0Bw/kdAqeVHQBrIR0CVEUhAnb1HQJ7VR0BNzUdA
GLFHQC3tR0CyF0hA+4dHQJHNR0AFlUdABqlHQNa/R0BGdUdASrVHQFKvR0BQbUdAt7BHQIOj
R0DRwEdA21NHQLt6R0Cn1UdArHdHQDWKR0DU60dAP5tHQORUR0C9UkdAADhHQHqGR0AkjEdA
x4ZHQMQ7R0BtG0dApWBHQDSbR0APMEdAgCtHQEKMR0B7O0dADhhHQOIvR0B0QUdA+0lHQPQj
R0AS0UZARTRHQEInR0BjIkdAgAZHQNrxRkCYHUdAB91GQPiiRkCHAUdA0qdGQNjsRkCez0ZA
YplGQOsER0Cc/0ZA5+FGQMHeRkD640ZAgLlGQGpxRkDhqkZAqJRGQLNnRkDhbkZAXZZGQJvH
RkD5ZEZAooFGQBlwRkD/ZkZAEFVGQBdTRkC+a0ZA9hdGQK4iRkBWYkZAG2pGQF56RkClV0ZA
H2tGQP0cRkCS80VAEhdGQFT3RUBM8UVA+flFQC82RkDpHkZAFA1GQILORUA/+UVAMNdFQFvs
RUA50kVABNxFQNXYRUC0A0ZASO9FQI7cRUDVtUVA5fhFQMk1RkC3tUVAycZFQPzXRUC8nUVA
fLlFQDvFRUCS1EVAVLFFQE2ZRUAfTkVAd5xFQIShRUCWgkVAnIpFQOvoRUCOWEVA6XhFQL2i
RUC+qkVAnIlFQI5fRUCtb0VAJolFQONeRUAuc0VA6itFQAtCRUAvckVAy0BFQPNjRUBpfUVA
k0RFQFMFRUC6GEVAwDpFQD0fRUCYLkVAWS9FQBb2REB8IkVA0+ZEQA38RECGEkVAtutEQDMm
RUChK0VASSpFQGXCREDQ/URAdt1EQJHRREBP9ERAo/1EQIjqREBPy0RAj9NEQDnoREBz50RA
xOpEQIW1REDL2URA</AssayYData></Step><Step><CommonData><SampleLocation>6</SampleLocation><SampleID>Running Buffer</SampleID><SampleGroup></SampleGroup><SampleInfo>in Running Buffer</SampleInfo><SampleRow>C</SampleRow><SamplePlate>1</SamplePlate><WellType>BUFFER</WellType><Concentration>-1</Concentration><ConcentrationUnits>µg/ml</ConcentrationUnits><MolarConcentration>-1</MolarConcentration><MolarConcUnits>nM</MolarConcUnits><MolecularWeight>-1</MolecularWeight><Temperature>30</Temperature><StartTime>584648</StartTime><AssayTime>20</AssayTime></CommonData><FlowRate>1000</FlowRate><StepType>BASELINE</StepType><StepName>Baseline 20</StepName><StepStatus>OK</StepStatus><ActualTime>20</ActualTime><CycleTime>0.2</CycleTime><AssayXData Points="100">fv/5QxgZ+kOxMvpDKkz6Q8Rl+kN+f/pD95j6Q7Gy+kNLzPpD5OX6Q13/+kP3GPtDkDL7QypM
+0PEZftDXX/7Q/eY+0OxsvtDKsz7Q8Tl+0Nd//tD9xj8Q5Ay/ENLTPxDxGX8Q35//EMYmfxD
sbL8Q0vM/EPE5fxDXf/8Q/cY/UOQMv1DKkz9Q8Rl/UNdf/1DGJn9Q5Cy/UNLzP1DxOX9Q13/
/UP3GP5DkDL+Q0tM/kPEZf5DXX/+Q/eY/kOQsv5DKsz+Q8Tl/kN+//5D9xj/Q5Ay/0MqTP9D
xGX/Q11//0MYmf9DsbL/QyrM/0PE5f9Dfv//Q3sMAERZGQBEJSYAROIyAETPPwBEjEwARFlZ
AEQlZgBE8nIARL9/AESMjABEWZkARCWmAETysgBEv78ARIzMAERZ2QBEJeYARPLyAES//wBE
jAwBRFkZAUQlJgFE8jIBRL8/AUSMTAFESFkBRCVmAUTycgFEv38BRIyMAURZmQFEJaYBRPKy
AUS/vwFEjMwBREjZAUQl5gFE8vIBRA==</AssayXData><AssayYData Points="100">Iz8zQBLuLkCyXS1AiTssQOJeLED7RyxACyIsQINQLED9HixAiDUsQJgjLEAcgixA6zgsQNqB
LEBIhSxAOlIsQCBsLEBRtCxAsJ0sQHyGLECnuixAmJUsQKeXLEBSuSxAc7gsQAm0LEBV1CxA
FJMsQGS1LECe5CxA6sAsQI35LEDf3ixAbPQsQCSsLEAX4ixA+KksQMe0LEBvzyxAN78sQHLZ
LEAS1ixAJ/osQNTDLEAm0SxAR/gsQAAFLUCQyyxAAK4sQCvNLECw3SxALCgtQC8tLUBP2CxA
ebssQOcTLUDxJy1ACPIsQDOtLEDp1SxAXOQsQCE+LUDrQi1Ac/AsQPKsLEDtAS1AbmQtQFYW
LUDXFy1A8BktQKBLLUAtIS1Aq/IsQJ4hLUAaGS1AxeQsQDzmLECu8yxAySItQJi3LEA0uyxA
ifUsQPkKLUDyDC1Awi0tQINHLUBAMC1A1t0sQOuoLECPzyxAwxYtQPgDLUBa1CxAx/osQNAy
LUDOXS1ADhktQB8ALUCjEi1AwwItQA==</AssayYData></Step><Step><CommonData><SampleLocation>7</SampleLocation><SampleID>aKappa 50ug/ml</SampleID><SampleGroup></SampleGroup><SampleInfo></SampleInfo><SampleRow>C</SampleRow><SamplePlate>1</SamplePlate><WellType>KSAMPLE</WellType><Concentration>-1</Concentration><ConcentrationUnits>µg/ml</ConcentrationUnits><MolarConcentration>-1</MolarConcentration><MolarConcUnits>nM</MolarConcUnits><MolecularWeight>-1</MolecularWeight><Temperature>30</Temperature><StartTime>612973</StartTime><AssayTime>120</AssayTime></CommonData><FlowRate>1000</FlowRate><StepType>ASSOC</StepType><StepName>Association</StepName><StepStatus>OK</StepStatus><ActualTime>120</ActualTime><CycleTime>0.2</CycleTime><AssayXData Points="600">v/8BRIwMAkRZGQJEJSYCRPIyAkS/PwJEe0wCRFlZAkQlZgJE8nICRL9/AkSMjAJEWZkCRCWm
AkTysgJEv78CRHvMAkRZ2QJEJeYCRPLyAkS//wJEjAwDRFkZA0QlJgNE8jIDRL8/A0QfTQNE
WVkDRCVmA0TycgNEv38DRIyMA0RZmQNEJaYDRAOzA0S/vwNEjMwDREjZA0Ql5gNE4vIDRL//
A0SMDAREWRkERBUmBETyMgREvz8ERHtMBERZWQREJWYERPJyBESvfwREe4wEREiZBEQlpgRE
8rIERK+/BER7zAREWdkERCXmBETi8gREz/8ERIwMBURZGQVEFSYFROIyBURjQAVEe0wFREhZ
BUQVZgVE8nIFRK9/BUR7jAVESJkFRBWmBUTysgVEr78FRIzMBURI2QVEJeYFROLyBUS//wVE
ewwGRFkZBkQVJgZE4jIGRL8/BkR7TAZEkFoGRCVmBkTicgZEv38GRM2MBkRImQZEFaYGROKy
BkSvvwZEe8wGREjZBkQV5gZE4vIGRK//BkR7DAdEWRkHRBUmB0TiMgdEvz8HRHtMB0RZWQdE
FWYHROJyB0SvfwdEe4wHREiZB0QVpgdE4rIHRK+/B0R7zAdEWdkHRBXmB0Ti8gdEr/8HRHsM
CERZGQhEiCYIRPIyCES/PwhEe0wIRFlZCEQlZghE8nIIRAGACESMjAhEWZkIRCWmCETysghE
v78IRHvMCERZ2QhERuYIRPLyCES//whEjAwJREgZCUQlJglE8jIJRL8/CUSMTAlEWVkJRCVm
CUTycglEv38JRIyMCURZmQlEJaYJRPKyCUS/vwlEjMwJRFnZCUQl5glENPMJRK//CUSMDApE
SBkKRBUmCkTiMgpEvz8KRHtMCkRZWQpEJWYKRPJyCkS/fwpEjIwKREiZCkQlpgpE8rIKRL+/
CkR7zApESNkKRCXmCkTy8gpEv/8KRHsMC0RZGQtEJSYLROIyC0S/PwtEe0wLREpcC0RtZwtE
4nILROB/C0SMjAtEWZkLRCWmC0TysgtEv78LRHvMC0RZ2QtEJeYLROLyC0Sv/wtEewwMREgZ
DEQVJgxE4jIMRK8/DER7TAxESFkMRHdmDETicgxEv38MRIyMDERZmQxEFaYMRPKyDESvvwxE
nMwMRFnZDEQl5gxE8vIMRK//DETuDA1ESBkNRBUmDUTyMg1Erz8NRB9NDURZWQ1EJWYNROJy
DUS/fw1Ee4wNREiZDUQlpg1EA7MNRK+/DUR7zA1ESNkNRBXmDUTi8g1Er/8NRHsMDkRpGQ5E
FSYORPIyDkSvPw5Ee0wOREhZDkQVZg5E4nIORK9/DkR7jA5ESJkORBWmDkTisg5Er78ORHvM
DkRI2Q5EFeYOROLyDkSv/w5EjAwPRGkZD0QVJg9E4jIPRK8/D0SMTA9EWVkPRDZmD0Tycg9E
v38PRIyMD0RZmQ9EJaYPRPKyD0S/vw9EjMwPRFnZD0Ql5g9E8vIPRL//D0SMDBBESBkQRCUm
EETyMhBEvz8QRIxMEERZWRBEJWYQRPJyEES/fxBEjIwQRFmZEEQlphBE8rIQRK+/EESMzBBE
WdkQRCXmEES38xBEv/8QRIwMEURZGRFEFSYRRIYzEUS/PxFEjEwRRFlZEUQlZhFE8nIRRL9/
EUR7jBFEWZkRRBWmEUTyshFEv78RRIzMEURZ2RFEJeYRRPLyEUS//xFEewwSRFkZEkQVJhJE
4jISRK8/EkR7TBJEWVkSRCVmEkTichJEz38SRIyMEkRImRJEJaYSRBOzEkSvvxJEe8wSRFnZ
EkTJ5hJE4vISRL//EkSMDBNESBkTRKgmE0TiMhNEvz8TRIxME0RZWRNEJWYTRDRzE0S/fxNE
3owTRFmZE0QVphNE8rITRK+/E0SMzBNESNkTRBXmE0Ty8hNEr/8TRHsMFERZGRREFSYUROIy
FES/PxREjEwUREhZFEQVZhRE4nIURK9/FER7jBRESJkURBWmFETyshREv78URHvMFER52RRE
JeYUROLyFES//xREewwVRMsZFUQVJhVE4jIVRK8/FUR7TBVEWVkVREZmFUTichVEr38VRHuM
FURImRVEFaYVROKyFUSvvxVEe8wVRFnZFUQV5hVE8vIVRK//FUSMDBZESBkWRBUmFkTyMhZE
vz8WRIxMFkRIWRZEVmYWROJyFkS/fxZEjIwWRFmZFkQlphZE8rIWRL+/FkRQzRZEWdkWRCXm
FkTy8hZEv/8WRIwMF0RZGRdEJSYXRPIyF0S/PxdEe0wXREhZF0QlZhdE8nIXRL9/F0SMjBdE
WZkXRCWmF0TyshdEv78XRIzMF0RZ2RdEJeYXROLyF0S//xdEjAwYRFkZGEQlJhhE8jIYRL8/
GESMTBhESFkYRCVmGETychhEv38YRHuMGERZmRhEFaYYRPKyGERSwBhEjMwYREjZGEQl5hhE
8vIYRL//GESMDBlESBkZRCUmGUTiMhlEvz8ZRIxMGURZWRlEJWYZRPJyGUS/fxlEjIwZRFmZ
GUQVphlE8rIZRK+/GUSMzBlESNkZRBXmGUTi8hlEv/8ZRHsMGkRZGRpEJSYaROIyGkS/PxpE
nEwaREhZGkQlZhpE8nIaRL9/GkR7jBpEWZkaRBWmGkTyshpEr78aRIzMGkRZ2RpEJeYaRGXz
GkSv/xpEjAwbREgZG0QVJhtE4jIbRK8/G0SMTBtEmlkbRBVmG0TichtEr38bRIyMG0RImRtE
FaYbROKyG0SvvxtEe8wbREjZG0Ql5htE4vIbRK//G0R7DBxESBkcRCUmHETiMhxErz8cRIxM
HERIWRxEJWYcROJyHES/fxxEjIwcREiZHEQVphxE4rIcRK+/HER7zBxEWdkcRBXmHETi8hxE
r/8cRHsMHURIGR1EFSYdROIyHUS/Px1Ee0wdREhZHUQlZh1E4nIdRM9/HUSMjB1EWZkdRCWm
HUTysh1Ev78dRIzMHURZ2R1EJeYdRCPzHUS//x1EjAweRFkZHkQlJh5E8jIeRL8/HkSMTB5E
WVkeRCVmHkTych5Ev38eRIyMHkRZmR5EJaYeRPKyHkS/vx5EjMweRFnZHkQl5h5E8vIeRL//
HkSMDB9EWRkfRCUmH0TiMh9Evz8fRIxMH0RZWR9EJWYfROJyH0Svfx9Ee4wfRFmZH0Qlph9E
NLMfRL+/H0R7zB9EWdkfRCXmH0Ty8h9E</AssayXData><AssayYData Points="600">RoY8QCPlP0DDHUJAZWtEQJA5RkBhyEdAEiNJQGSUSkCcMExAuEZNQHjQTkCd7k9A3ypRQCS1
UkA1llNApAtVQIZcVkCGhldAbttYQIqRWUBauVpA1ApcQNVXXUA1Hl5AijpfQG5fYEAmP2FA
h8tiQIdTY0B7amRAgrxlQBCPZkAwjWdAa21oQHJNaUB4YmpA2DprQAgrbED7wmxAqQRuQDmQ
bkCAoW9AkotwQO2QcUB0hXJADxNzQPbjc0AJuXRAWFN1QAN2dkD0F3dAI8J3QBiXeEBQMnlA
+SV6QPHQekCPdntAUlh8QI3lfEC8wX1AzEZ+QI9If0DFtH9ATSqAQAq7gECn8oBAPx6BQHd/
gUBgyIFA3zaCQD6LgkAMsoJAxEaDQKR5g0BzpoNApA6EQDZZhEDvt4RAPPOEQF5ChUBui4VA
56+FQI8BhkCTVYZATYOGQFPUhkBvMYdArnmHQNeAh0D53IdAAECIQNtbiECs0IhAH8yIQO4+
iUBab4lAr5KJQP7RiUAsLopAnUyKQIivikBF4opAfxWLQJEoi0ATnYtAjrWLQLryi0DPN4xA
GYaMQD/CjEDB34xA+EGNQONPjUAUio1AsdKNQF0NjkB1HI5ATVeOQAeVjkC+yY5Aff6OQGwt
j0AIXo9AEI+PQPWhj0D65I9AAxKQQIRYkECqW5BAC5+QQMfhkECcF5FA9j2RQMZSkUA+l5FA
urWRQKwMkkB7FpJAY06SQPV/kkApxpJAA9GSQCEAk0BbM5NA71CTQIiLk0BsjpNAvMuTQLb2
k0B2JZRAXDmUQMyFlEBOn5RAKO6UQK/rlEC+KpVAXTuVQI6AlUCVhZVAFseVQGDflUB1GpZA
YEqWQBA+lkAacpZAPa+WQLPRlkDX8JZAcPCWQFgsl0DTVJdAk5GXQO2Ql0DU7ZdA3AaYQEIB
mEAXN5hAUWOYQDqKmEBjuphAPKmYQBDmmEDOBZlAHiKZQFokmUCYcZlAgJmZQLawmUAS1plA
lAOaQANFmkArKJpAaGGaQE2MmkDolZpAzMCaQM3tmkAy65pAyx2bQC1Lm0Bng5tAdmSbQIan
m0CklptATumbQC4LnED+DpxAvTCcQEI2nEDpYZxAm4mcQGuRnEDW0JxACc6cQCMEnUA9KZ1A
RzCdQFhcnUDcdJ1AL46dQAm6nUAGw51AX+CdQPUcnkCgRJ5A3T2eQHdZnkBehJ5AbIyeQMPQ
nkD2t55Aw/meQJXynkBf9Z5AeDufQC9Pn0AZdJ9A/3KfQCKin0A9up9A67ufQBjgn0CJBqBA
myGgQKU+oECPRaBAzHigQFB9oEBIi6BABrGgQLngoEDb6qBA2uSgQKoSoUA8RaFAqUmhQJVa
oUByTKFAF6yhQHCMoUAIuKFAq8yhQAPhoUD4BKJAdS+iQGwZokBFVqJALYSiQMteokBsjqJA
9ZSiQIvaokBr4aJA0NOiQJD8okCvC6NAYCqjQMhNo0CxdKNAxWujQI9uo0BoqKNAR7ajQA63
o0DFw6NA1NSjQPfwo0DvA6RAWj6kQGcrpEDPSqRAamakQON+pEDnlKRAbq2kQPqspECq/aRA
deOkQHnzpEB+D6VAdyKlQJFNpUDDVqVA2VylQMJ2pUBtnaVA4qOlQNnGpUBzs6VAH+WlQJbo
pUCdG6ZAxQmmQGMhpkApX6ZAWEWmQFhjpkBCiqZA6nymQK6xpkCytaZAjtWmQNLcpkCO3KZA
XfamQHYQp0CFPqdAtUCnQJ1Dp0BvbadA7G2nQIp+p0AYmqdASKunQGnQp0CYyKdA2e2nQLr3
p0DGEKhA/BioQHoaqEC8HqhA9kmoQJNeqECIjKhAc3eoQG2ZqEC6qKhApreoQLvaqECX/ahA
XfioQKXnqEBsF6lAK/ioQAUjqUD8NalA+k6pQPNYqUC0X6lANZmpQB2HqUD0ralA3cupQMjV
qUDj6KlAtx+qQJQGqkChGapAJg+qQMYiqkDjRapA5mOqQC9ZqkC4capAl5GqQPqbqkCdq6pA
JbiqQL/MqkBzs6pAgtKqQLv7qkDBIatAjCCrQBQgq0AnQatA5wmrQAFHq0BfdKtA5marQD6A
q0CyqqtAarerQD7Mq0BEvqtA4+WrQLXPq0CIA6xAnAysQEsBrECrC6xAMTKsQMY7rEDBWKxA
e1asQLlnrEAZeaxAC5OsQGyVrEAHqqxAvrGsQOO3rEAi2KxAxNCsQFT7rEA/8qxABxmtQE8l
rUDME61AEDmtQBI2rUDySK1A6latQLljrUB7W61AR4OtQJOArUDwoq1AHqatQOXCrUCdw61A
47OtQA3XrUDA3q1AnyWuQLX1rUDbKa5AsBiuQF83rkDoPK5AZW6uQPB7rkCUW65AQW+uQGuM
rkDwn65AOK6uQI24rkBbuK5AmL2uQEPerkAHz65AVfyuQAEvr0C2D69AuymvQGUnr0DxQK9A
Mj+vQOhdr0ATWa9Ad4WvQJJqr0AYgK9A1pOvQCytr0DOta9Ab9avQMbjr0BG2a9ACsavQOz2
r0ATCbBA+Q+wQB8TsEBhKLBAty2wQEM+sEBVc7BAs0KwQKd8sEAEa7BA03+wQN1qsEDIjbBA
Dp+wQL63sEBIr7BA4MewQBa/sEDU+7BA2O6wQAwKsUBy+rBA5/qwQPz8sECsJrFArBWxQF4w
sUBqX7FAJF2xQDJLsUC+hbFAHHaxQA+VsUB+bbFAiqWxQOSssUD5s7FAvdOxQDfAsUBIybFA
tPOxQKb3sUCo6bFA/RSyQGU8skCZLbJAqRqyQG4hskAUTbJATkCyQB5XskCpg7JAfnOyQJyC
skBOlLJAGHSyQNKyskAdvLJAL4ayQLXdskDAxrJAUcOyQJnsskDE1bJArf2yQCIWs0DT/bJA
uR+zQBgms0CwMLNAliqzQINNs0CHS7NAskqzQB+Ts0C6bLNAy4qzQLGHs0DBkrNAq5uzQGnK
s0B9vrNADrezQFfQs0AlvrNA9tezQEsDtEAAAbRAsuyzQOn+s0DHGLRADBO0QBI4tEBzN7RA
cSy0QKRFtEBwXLRAnTy0QKFntECPUrRAwXi0QHiKtEBib7RABZa0QLuYtEDLv7RAfpW0QGvC
tECB87RADrm0QML3tEDEELVAUCy1QGfxtEDkBrVAsvO0QAMktUDQJLVAhWW1QOJhtUBXRrVA
QTi1QBFZtUC9a7VAn3y1QBZ/tUB4kbVA</AssayYData></Step></KineticsData></ExperimentResults>
