<?xml version="1.0" encoding="UTF-8" standalone="yes"?>
<ExperimentResults><ExperimentInfo Name="20251008 UPFB0001"><ExpDescription>AHC example method - full characterization&#13;
Analyte titration series with reference channel</ExpDescription><RTDVersion>2.0</RTDVersion><RunID>44513BEA-5865-4B65-BE64-68D265EFB71C</RunID><ExperimentType>KINETICS</ExperimentType><ExperimentSubType>KBASIC</ExperimentSubType><StartDateTime>2025-10-08T15:26:04</StartDateTime><MachineName>BN7KX12</MachineName><UserName>octet</UserName><LotNumber></LotNumber><PlateName>251008</PlateName><PlateName2></PlateName2><SensorName>A2</SensorName><SensorPlate>1</SensorPlate><SensorType>AHC (Anti-hIgG Fc Capture)</SensorType><SensorRole>LIGAND</SensorRole><SensorInfo></SensorInfo><WritingSW>DataAcquisition.exe 11.0.2.1</WritingSW><InstrumentType>OctetRED96</InstrumentType><InstrumentSerial>FB-50284</InstrumentSerial><InstrumentFW></InstrumentFW><IntegrationTime>2.7</IntegrationTime><DSPType>CPF</DSPType><DSPStitching>1</DSPStitching><HasManifest>1</HasManifest><InfoHash>-1324819486</InfoHash></ExperimentInfo><AssayParamsInfo/><KineticsData><Step><CommonData><SampleLocation>1</SampleLocation><SampleID>Running Buffer</SampleID><SampleGroup></SampleGroup><SampleInfo></SampleInfo><SampleRow>A</SampleRow><SamplePlate>1</SamplePlate><WellType>BUFFER</WellType><Concentration>-1</Concentration><ConcentrationUnits>µg/ml</ConcentrationUnits><MolarConcentration>-1</MolarConcentration><MolarConcUnits>nM</MolarConcUnits><MolecularWeight>-1</MolecularWeight><Temperature>30</Temperature><StartTime>612973</StartTime><AssayTime>180</AssayTime></CommonData><FlowRate>1000</FlowRate><StepType>BASELINE</StepType><StepName>Baseline 1</StepName><StepStatus>OK</StepStatus><ActualTime>179.999</ActualTime><CycleTime>0.2</CycleTime><AssayXData Points="900">AAAAAM3MTD7NzMw+mpkZP0SLTD8AAIA/mpmZP28Ssz8IrMw/okXmP05iAEDNzAxAN4kZQARW
JkAzMzNAAABAQGq8TECamVlAyXZmQDMzc0Ce739ANV6GQM3MjEACK5NAmpmZQM/3n0BmZqZA
nMSsQDMzs0BokblAAADAQDVexkCcxMxAMzPTQJqZ2UAAAOBAmG7mQJzE7EACK/NAmpn5QM/3
/0AzMwNBZmYGQYGVCUG0yAxB5/sPQRsvE0FOYhZBmpkZQc3MHEEAACBBGy8jQU5iJkGamSlB
tMgsQef7L0EbLzNBTmI2QYGVOUG0yDxB5/s/QRsvQ0GNl0ZBgZVJQbTITEHn+09BMzNTQU5i
VkGBlVlBtMhcQQAAYEEbL2NBTmJmQYGVaUG0yGxBGQRwQRsvc0FOYnZBgZV5QbTIfEHn+39B
ppuBQScxg0HByoRBWmSGQfT9h0GamYlBMzOLQeXQjEFmZo5BAACQQZqZkUEzM5NBzcyUQWZm
lkEAAJhBppuZQTMzm0HNzJxBZmaeQQAAoEEtsqFBMzOjQc3MpEFmZqZBAACoQZqZqUEzM6tB
zcysQWZmrkEAALBBmpmxQTMzs0HNzLRBi2y2QfT9t0GamblBMzO7Qc3MvEFmZr5BAADAQZqZ
wUFkO8NBwcrEQVpkxkEAAMhBmpnJQTMzy0HNzMxBZmbOQQAA0EGamdFBJzHTQc3M1EFmZtZB
AADYQZqZ2UEzM9tBzczcQVpk3kGHFuBBmpnhQTMz40HByuRBZmbmQQAA6EGamelBJzHrQdnO
7EFmZu5BAADwQY2X8UEzM/NBzcz0QWZm9kH0/fdBjZf5QTMz+0HByvxBZmb+QfT9/0HHywBC
mpkBQmBlAkIzMwNC+v4DQtPNBEKTmAVCYGUGQjMzB0IAAAhCzcwIQpOYCUJmZgpCLTILQvr+
C0LHywxCk5gNQmBlDkJ3Pg9CAAAQQsfLEEKamRFCkW0SQi0yE0L6/hNCx8sUQpqZFUJgZRZC
MzMXQvr+F0J/6hhCrJwZQmBlGkItMhtC+v4bQsfLHEKTmB1CYGUeQi0yH0IAACBCx8sgQpOY
IUJgZSJCLTIjQvr+I0LHyyRCmpklQmZmJkI5NCdC+v4nQsfLKEKTmClCYGUqQi0yK0L6/itC
x8ssQpOYLUKqcS5CLTIvQvr+L0LHyzBCk5gxQmBlMkIzMzNC+v4zQsfLNEKamTVCZmY2QjMz
N0IAADhCzcw4QpqZOUJmZjpCMzM7QgAAPELNzDxCmpk9QmZmPkIzMz9C+v4/Qs3MQEKamUFC
ZmZCQjMzQ0IAAERCzcxEQpqZRUJmZkZCMzNHQgAASELNzEhCmplJQmBlSkIzM0tCAABMQs3M
TEKTmE1CZmZOQjMzT0IAAFBCx8tQQpOYUUJmZlJCMzNTQvr+U0LHy1RCmplVQmZmVkIzM1dC
+v5XQs3MWEKamVlCZmZaQi0yW0IAAFxCzcxcQpqZXUJmZl5CMzNfQgAAYELZzmBCmplhQmBl
YkItMmNCAABkQs3MZEKTmGVCZmZmQjMzZ0IAAGhCzcxoQrieaUJgZWpCMzNrQvr+a0LHy2xC
mpltQmZmbkItMm9C+v5vQsfLcEKTmHFCYGVyQjMzc0IAAHRCx8t0QpqZdUJmZnZCTDd3QgAA
eELNzHhCmpl5QmZmekIzM3tC+v57Qs3MfEKamX1CYGV+Qi0yf0KDAIBC42WAQt/PgEIzM4FC
F5mBQn3/gULjZYJCzcyCQrAyg0IXmYNCjwKEQuNlhEJKzIRCMzOFQheZhUIAAIZCZmaGQkrM
hkKwModCF5mHQn3/h0JmZohCSsyIQjMziUKamYlCAACKQuNlikJKzIpCsDKLQheZi0IAAIxC
42WMQkrMjEKwMo1CF5mNQn3/jUJmZo5CzcyOQrAyj0IXmY9Cff+PQuNlkEJKzJBCsDKRQheZ
kUJ9/5FCZmaSQkrMkkIzM5NCmpmTQgAAlEJmZpRCzcyUQjMzlUK4npVCAACWQmZmlkLNzJZC
MzOXQpqZl0IAAJhCZmaYQs3MmEIzM5lCmpmZQgAAmkJmZppCVs6aQjMzm0KamZtCAACcQulm
nEJKzJxCMzOdQpqZnUIAAJ5CAmueQs3MnkIzM59CmpmfQoMAoELjZaBCzcygQjMzoUKamaFC
AACiQuNlokLNzKJCMzOjQheZo0IAAKRCf2qkQs3MpEJSOKVCF5mlQgAApkLjZaZCzcymQjMz
p0IXmadCff+nQuNlqELNzKhCsDKpQpqZqUJ9/6lCG2+qQs3MqkIzM6tCF5mrQn3/q0LjZaxC
SsysQjMzrUIdmq1CAACuQuNlrkLNzK5CsDKvQpqZr0IAALBCZmawQkrMsEKwMrFCmpmxQn3/
sUJmZrJCSsyyQjMzs0KambNCAAC0QuNltEJKzLRCsDK1QqCatUJ9/7VCZma2Qs3MtkKwMrdC
F5m3Qn3/t0LjZbhCzcy4QrAyuUKamblCAAC6QuNlukJKzLpCsDK7QheZu0J9/7tC42W8QkrM
vEKwMr1CF5m9Qn3/vULjZb5CSsy+QrAyv0IXmb9CAADAQuNlwELNzMBCsDLBQheZwUJ9/8FC
42XCQkrMwkKwMsNCF5nDQn3/w0KFa8RCzczEQjMzxUKamcVCff/FQuNlxkLNzMZCMzPHQheZ
x0IAAMhC42XIQkrMyEKwMslCppvJQn3/yULjZcpC2c7KQrAyy0KamctCAADMQmZmzELs0cxC
MzPNQpqZzUIAAM5CZmbOQs3MzkIzM89CmpnPQgAA0EJmZtBCzczQQjMz0UKamdFCAADSQmZm
0kLNzNJCMzPTQpqZ00IfBdRCZmbUQs3M1EIzM9VCmpnVQn3/1UJmZtZCzczWQjMz10KamddC
AADYQmZm2EJKzNhCMzPZQpqZ2UJ9/9lC42XaQs3M2kKwMttCmpnbQgAA3EJmZtxCzczcQjMz
3UKamd1CAADeQvZo3kLNzN5CsDLfQpqZ30J9/99C42XgQs3M4EIzM+FCmpnhQgAA4kJmZuJC
zcziQjMz40I1nuNCff/jQuNl5EJKzORCsDLlQheZ5UIAAOZCZmbmQuXQ5kKwMudCmpnnQgAA
6ELjZehCzczoQrAy6UIXmelCff/pQuNl6kJKzOpCsDLrQpqZ60J9/+tCZmbsQkrM7EKwMu1C
F5ntQoMA7kLjZe5CSszuQrAy70Kame9CAADwQuNl8ELNzPBCsDLxQheZ8UJ9//FCZmbyQkrM
8kLPN/NCF5nzQn3/80JmZvRCzcz0Qmo89UIXmfVCff/1QvBn9kLNzPZCsDL3QheZ90J9//dC
42X4Qs3M+EKwMvlCF5n5Qn3/+ULjZfpCSsz6QjMz+0IXmftCHwX8QuNl/EJKzPxCsDL9QheZ
/UJ9//1C42X+QkrM/kKwMv9Cmpn/Qn3//0IzMwBDJWYAQ1iZAEOLzABDvv8AQ/IyAUO0aAFD
mpkBQ4vMAUO+/wFD8jICQ3NoAkOamQJDzcwCQwAAA0MzMwNDZmYDQ5qZA0PNzANDAAAEQzMz
BENmZgRDmpkEQ83MBEMAAAVDMzMFQ2ZmBUOamQVDzcwFQwAABkMzMwZDZmYGQ5qZBkPNzAZD
AAAHQzMzB0NmZgdDmpkHQ83MB0MAAAhDMzMIQ2ZmCEOamQhDzcwIQwAACUMzMwlDZmYJQ1iZ
CUPNzAlDvv8JQzMzCkNmZgpDmpkKQ4vMCkMAAAtDMzMLQ2ZmC0OamQtDi8wLQwAADEPyMgxD
ZmYMQ5qZDEPNzAxDAAANQ/IyDUMlZg1DmpkNQ83MDUMAAA5D8jIOQyVmDkNYmQ5DzcwOQwAA
D0PyMg9DJWYPQ5qZD0PNzA9DAAAQQ/IyEENmZhBDmpkQQ83MEENCABFDMzMRQ2ZmEUOamRFD
zcwRQwAAEkPyMhJDJWYSQ5qZEkPTzRJDvv8SQzMzE0MlZhNDmpkTQ83ME0MAABRD8jIUQ2Zm
FENYmRRDi8wUQ77/FEPyMhVDZmYVQ1iZFUPNzBVDvv8VQ/IyFkMlZhZDWJkWQ4vMFkMAABdD
tjMXQyVmF0NYmRdDi8wXQ77/F0PyMhhDJWYYQ1iZGEOLzBhDvv8YQzMzGUMlZhlDWJkZQ83M
GUO+/xlD8jIaQ6hmGkNYmRpDi8waQ77/GkPyMhtDJWYbQ1iZG0OLzBtDvv8bQ/IyHENmZhxD
WJkcQ4vMHEO+/xxD8jIdQyVmHUOamR1DzcwdQwYBHkPyMh5DZmYeQ1iZHkPNzB5DAAAfQzMz
H0NmZh9DmpkfQ83MH0MAACBDMzMgQ2ZmIEPbmSBDzcwgQwAAIUMzMyFDZmYhQ5qZIUPNzCFD
AAAiQ/IyIkNmZiJDmpkiQ4vMIkO+/yJDMzMjQ2ZmI0OamSNDzcwjQwAAJEMzMyRDZmYkQ5qZ
JEPNzCRDAAAlQzMzJUNmZiVDmpklQ83MJUMAACZDMzMmQ2ZmJkNYmSZDUM0mQwAAJ0MzMydD
ZmYnQ5qZJ0PNzCdDvv8nQzMzKENmZihDmpkoQ83MKEMAAClDMzMpQyVmKUOamSlDzcwpQ77/
KUMzMypDZmYqQx2aKkPNzCpDywErQzMzK0MlZitDmpkrQ83MK0MAACxD8jIsQ2ZmLENYmSxD
zcwsQ77/LEMzMy1DZmYtQ6CaLUOLzC1Dvv8tQzMzLkMlZi5DmpkuQ4vMLkMAAC9DMzMvQ2Zm
L0NYmS9Di8wvQwAAMEN7NDBDJWYwQ1iZMEOLzDBDvv8wQ/IyMUNmZjFDWJkxQ83MMUO+/zFD
MzMyQyVmMkNYmTJDkc0yQ77/MkMzMzNDJWYzQ5qZM0OLzDND</AssayXData><AssayYData Points="900">AAAAAHOQJ7vXVH47TniXuskEljt6f2o7mCFaO+VpoDmQs4w7YEP1O5Gozjv9geg7NDnCOz9i
oTuxpw08KgfSO/Ha2Tt/7dE7cicJPOVf8jvC/tY7CQmrO/LGzzuBoY07hY0BPLGr0TuFr+o7
TMbXO3odYTvRGxg85zK+O95XLTzbmjc8TyOyO49eGzyCjio8f9viO0w85jvlS5s798cUPMVl
/TtqV9g7WMUcPMvYADyzgwE8pqERPKX08Tt2phI8ZhkAPE2iNDxDQCE8iSstPOucuzsZKwk8
gitDPJwqRzwlRAc8quTsOyRDUTy5bgc8BRcvPPsC4zt+rc47Z18LPLjjIjzC6EI8LRs2PFJp
oTtigjI8aGNBPD0zIDwfGSY8azciPFbi3Du4KkI8VA4JPFMxGzzCdhI8ozYNPHVERjw+4gU8
shhWPIy6NjxfHkU8KSMlPO0FADxh4GU8IQ/IO8U7LTxWNyg8d6lEPKPcNTylx0A8i6vWO87j
GDx29hA8UvUqPCRQHzy3Yis8sKkPPLH0Sjw6Grg7lWogPHKoUTzaKAY8LKITPFNMBzzuTSQ8
eIkfPM+SEDxmEgQ8znM8PLFFITxbIRo8vf0gPDptPDzW+no8vhNPPMwFDjxlbSY8NGkqPE9u
GTzScUQ8dRs8POC/SDzMvhw899cIPAZhIzwsgjk8eFEaPLNOUzxrXtc7xsBnPMmhSzw7fE88
NYUFPMj8Tjz2C1I89YMPPJYYWDwNiS48Zn0pPOodVTw/Sy08s31LPJikOjz6jFg84p54PAA3
JjxsimA8h3ZOPFqqVTw1i108vxtAPAtCHTwRyBk8oho4PN/lGDyCgOo7PUROPIPVRTw7UWY8
MsVRPLoIgjybVFg8ZjZBPHYYIzwEBVM8Uec+PNOvNzyX51g8NcdBPNoqXjwTIUU8/e1OPOvL
KDxzpjM8u/pNPOTMeTzGpRY89fiAPLGRjDzUYE48NslIPJe9aDy0L0s8qhwbPGYgTzw5+k88
oiFsPKhFUDxjOnA83ztsPPw+VzxxyV88VZA4PCdSjzyZqEE8xnxpPGchOjwF2UY8dCOHPP1+
bDxWRlc8uRVSPAnXJjzHDGI83qhEPBF+jDwonio8KARZPADxSTyGJEw8UM6APES6MDwPq1o8
fPEpPHTCaDwnxoY8KBpNPNOKkDyB73g8ArZ7PIJVRzxSrJE8yDBJPIuOeDweX088czpNPA/B
YzxPY3A8IKxbPPhtZzyGJZE8LKFDPJGWPTyW+Wc8MuSCPHMXRjyAT1w8BjRNPKT/TDx7joA8
3VxjPHqUlzxwu4880D4hPG6JbTxmans8CTCXPPMUVzwx0Eo8hAeDPFQEVzwOo0I8CpKCPO3a
bDwX6kk8RnJxPGO3iTzGZ188dYJtPI2Mizxpa1I8ltqAPBH1cDwuvm88c+6BPP3YNDwPKGI8
2k+YPOymWzwpyVs8VlJhPEdeUTw9H1483Xx6POA7bjz+7Fk8aVqYPO6xcDwTuVU82MYuPI1z
lzwvNWc8KGxtPC1PgzxSx0g86zCDPBkUlDw3vY88V9yIPED2hDwITHQ8iA5tPBOUUTzxCHM8
G5ltPJHpeDzwfl48SHd8PBCzNjxuwpM8NLlbPBEdaTy8nIE8w22IPAKCjzyZ8oA830VvPCnn
ijw+wZ08L+JZPIeMbTzCAYQ8ccOHPFrXizw2jIY8LOdwPAxggjyqeYg8tAx2PMu6jDxc6Ik8
sbSGPMCfjzwhiIQ8j5pUPI2gUDw3P5U8yMe6PMBvdjwS4Hs8cK5hPMLAmTxt5mo85GNDPO+1
YjxEOoE8z9KKPEbbhjz+P5Y8JLOEPNX/gzyGQ1E86TGDPO5JmzxCfXw8dDWVPOCMiDykF4c8
x3hmPMIUjzzacaE8vMt2PBKqmjwx6Xc8tTiLPJ0Zezz2b2Y8eG9sPBZbkzztVF48YqSRPJ8L
iTyTuGY8zjp9PNCymDwdIJ88WZ+UPEUCoDxmE1o8ozBmPH4IjDymGHA8ClSMPIBqWTybyI88
KWaOPGsqajzCtJ080N+DPMpHoTwTQ448VKCmPBlMkDyrXG48axyRPAQ9hTxTRp08CCR1PKYe
XDzdcT882SWFPLComzwiXHM8sfl4PDO4oDzN2YY8CSGnPCmzmTxSc6I8KMiPPHuiejz4jIw8
jseHPFYnhDyq/YM8Rf6VPH0BgjzVvo48W9+BPFx1gzzURpg8+bt7PM6hYjxZ8Yk8GzifPMEW
mTyDU6A81eqdPD/EkDy4JZI83GaNPBnAjzydfoA8zIl8PKg5ijx6zoU8KBCPPKtnuDzBvIc8
/+WYPODvjTwRzJE8SQZhPDh2nzxXJps8IZWlPAurezzFk4w82iW0PO5dizw6U488nouCPB8N
jzwM+q08fsd6PGmtojyz64E8nyaZPGtzgjxTTYg8SjCjPDmkhjw5UY88dOGfPOradjzluGk8
8EuUPMhwmDyWCpQ89IGDPO9lhjzV85Y8aGSXPO2djjzPuJs8uvanPGBMjTwQIJc873GMPIq3
bTxwl3I8x06dPNZJezwWsoE8b6toPGl7ijzXbIg8tTeUPFa7bjwa7pM8hoh+PLUqizzizYw8
X8mKPDc4kDzYsp48QJuFPARvnzzk8II8gi6LPClCljzzk5E8CXWDPNw5azzonJY83oKLPFVg
ZDxySZA8LpuHPI9PgDxSyZY8eMmPPDMzkzx0U4E8Cgd6PCVrmzzUSoo8Xr6TPALOjzzBw6k8
pUebPJ2liDwuCJI84QCLPBawoTxrN5k8SqqrPJlwnTyumYM8cYGZPOWqgzy8jYk8OGmhPF8h
kDwVl6U8o9OePDnnnDzOzJo8FkyiPKxfkDzqjoA8JweoPNLqnTxFOZM8hL6kPCjFljzXD5A8
ghObPK1TnzxvMaA8HaGmPLismTyOKpk87+SGPAADkjwBbYg8VJ2jPD18jDx2aJ485+l9PNhe
fTxkaps8GFisPMXzojzAUos8VhCMPP94mjzLkJA8CVGSPM1/gzyvCX08q+uDPIl/izwLqo88
TdJsPJm8fTzn66Q8o1yNPC/PlTy3paI8F2OOPE4/rzyYtZE8JPSLPI1bkTxamJw8DL6VPJvz
mDyCJ4g86q2APAdenDyozaA8ZvyBPHGCkzyJw4c8SMGEPJLXqTz4FZM8ZmWUPCuQgDzd5ok8
hfmNPAlpljzUT5Q8SoKLPJpaczyUQY08cU24PGPwgzyTDVc84XqWPLKdmjz8dos88/eQPH/I
mTzSuIM8bPuGPHnBhTyJGKo877qPPNmdozzeyng8prB/PLUalzzs3JI8hSOHPOO+rTzFW7Q8
47K1PJJ2jzxm10M8zBilPH76pDyv35k8UlmJPAyJqzzViJM8+ASPPBsijTy8J408BaG6PIS9
fDwRV448GLigPMetjjxUq4g8oPelPMqpezzN+WI8B82RPKbwnDx/+n88K9yvPBKbmDyQ75I8
h6qIPE2/iDzQ2pc8xhanPJx7qjzzFJY8QgODPMYqiTyrMIc8p5SBPPTLkzyl0qQ8MUasPDqC
njzWR5c8eixuPDh7njydmG88XKKXPIttuTx8epA8atqaPLEshTzDGKs88YCqPN2WmTzoeKY8
ziJZPMzmjTzOn448TwygPI+FpjxOqJg8OelyPJ/2gDyqTog8FPeZPEh3kzzxbZ08BHN9PFks
lDxonpY8YqSEPEROgTwBe5k8S++QPDrrnjxTx508i8SDPJ7giTzXwZY8veOSPNFDkjzgkp48
6qePPEfKgzw/b6M8WVmcPHxqgDzE1J88AgaLPEUUqDwEPqM8IxinPLlBmzy0H408IQmHPCBC
jjyIoZI8lhysPNxvnzzd+II8RaKfPGL0bDz885Y8+ialPE+PmDxmkqA8pbWcPMNukDy+VJQ8
u0CFPO+tljwcZ6g8huRMPLWboDzfjX882aaDPK+5izwCn6c8aa13PJZfjjwJDoM8c9OFPIea
ojzkV4M8kieEPIiwlDx07KE8u7+HPD2bkTy+u40841GDPC27izyY+qc8/M2JPJWZjjwzipw8
C5GSPLn+rTyeaYk8Y4V+PPgQijyX3YI8qrCPPE8OlzzJIKA8JBKCPAKsjzxm5Yw86YORPC9y
izzuvaE8alSQPO1/hjw7BZM8ga5tPO/UlDzHM5A8xYabPCy1qjzPwLI8Pd+CPKvokzyp3Ig8
OE+UPDaOljxzNnM8q4SWPJMprzxYZo080wqlPEAPhTztbrA8wHWtPNmFijzCNJk8smypPKJ5
qDzE/oI8G9evPKGXizyLwIo8KM6VPE6AmTz7fng8sYKTPMklkjxvZZY8ikisPHFCpjyiX5I8
2ACCPPjuizzpgpA8yJtuPITmfTzIa3o87CqZPEFsfDxT3qA84YqdPAu4ljzAdJ88DVSmPKx+
djzjD5U8I+WZPBN2lTzV75g8y5OyPPHlkjxdO5U8f7yvPEhFiTzkY4s8G6GoPBBdsjyfuKI8
jC6XPAuWtjwzJpc82VWSPDgYkjwMhoo8pyyjPNbWbjwjAJ08pHGEPCZ2pTx/OJk81dh9PBRg
ijw/M4s8ueqePORimTz+aJM8lYqGPF5MqjwBO6c8jYuEPFDCjzzKu8Y8RviUPIHfjDyvM6g8
C96aPKjEejyxd408w4uuPLaUijzTNZw8neGpPESGjzwSOYI8iz6gPF11mTwgipM8A1mFPDGe
nDy/ibE8jU6fPIkpnjzfEo48ZUKqPAOupDzHu7M8MNKIPPPykzytaZM8vdGSPH15jTwtYYs8
AcmnPPqGvDwLjpo8ZcycPOm5mjy5FJU8jGugPKKkoDynN5c8</AssayYData></Step><Step><CommonData><SampleLocation>2</SampleLocation><SampleID>10mM Glycine pH1.7</SampleID><SampleGroup></SampleGroup><SampleInfo>or other Regeneration solution</SampleInfo><SampleRow>A</SampleRow><SamplePlate>1</SamplePlate><WellType>REGENERATION</WellType><Concentration>-1</Concentration><ConcentrationUnits>µg/ml</ConcentrationUnits><MolarConcentration>-1</MolarConcentration><MolarConcUnits>nM</MolarConcUnits><MolecularWeight>-1</MolecularWeight><Temperature>30</Temperature><StartTime>969006</StartTime><AssayTime>20</AssayTime></CommonData><FlowRate>1000</FlowRate><StepType>CUSTOM</StepType><StepName>condition</StepName><StepStatus>OK</StepStatus><ActualTime>20</ActualTime><CycleTime>0.2</CycleTime><AssayXData Points="100">vv8zQ/EyNEPjZTRDFpk0Q0nMNEN8/zRDsDI1Q+NlNUMWmTVDi8w1Q77/NUPxMjZDJGY2Q1iZ
NkNJzDZDfP82Q7AyN0PjZTdDWJk3Q0nMN0O+/zdDsDI4QyRmOENYmThD0s04Q3z/OEPxMjlD
JGY5QxaZOUNJzDlDvv85Q/EyOkPjZTpDFpk6Q0nMOkN8/zpDsDI7QyRmO0MWmTtDScw7Q3z/
O0OwMjxDJGY8Q1iZPENJzDxDfP88Q/EyPUPjZT1DFpk9Q0nMPUN8/z1DsDI+Q+NlPkMWmT5D
Scw+Q3z/PkOwMj9D42U/QxaZP0NJzD9DfP8/Q7AyQEPjZUBDn5pAQ0nMQEN8/0BD8TJBQ+Nl
QUNYmUFDi8xBQ77/QUPxMkJDJGZCQ1iZQkOLzEJDvv9CQ4E1Q0MkZkNDWJlDQ4vMQ0O+/0ND
8TJEQyRmRENYmURDi8xEQ77/REPxMkVDJGZFQ1iZRUPMzEVDfP9FQ/EyRkMxaEZDWJlGQ4vM
RkO+/0ZD8TJHQ+NlR0NYmUdDi8xHQw==</AssayXData><AssayYData Points="100">TAFmvg2EPb44GBi+wkEGvqWS7L2nz+G9WtfhvUWm2b02yuS9n6vmvQQ36736ofa9mHoAviEf
AL6cvAS+D6sHvhxbDr68eRG+DroTvobMFL7Fpxu+2b8ZvrQPIb4xQSC+IkUjvtUzI74q/SW+
+D8mvpcbJ756UC6+Wxgvvl3ML75knTG+Q8UzvlsoOL5jozW+G/c7vtrmN74ZSEC+jIo9vuQ5
P77hmEC+54tDvhYRSr548kK+VDpHvsyOSb5sEkm+V8xJvqzyTb6VeUm+v7tMvoebT75RylK+
8xNSvi9vVL537FW+mzBVvkU5VL4Wv1a+7sBXvphvVb4GMFm+OGpavsiZXL7TSl++AF9evlI8
YL6R+GC+crNgvrL7Y761nmK++0VnvlgAZb4GumO+CGxlvgc7Zb4uIWu+h85ovkYfar5XkGu+
DvVuvpM/bL5O7W6+4y1rvuJvb76UcHO+iOxzvuCbc77ObnC+1Ht3vttCd75WanS+YeB3vmnY
dr59m3m+4AB4vjRCd76F7nm+BON4vg==</AssayYData></Step><Step><CommonData><SampleLocation>1</SampleLocation><SampleID>Running Buffer</SampleID><SampleGroup></SampleGroup><SampleInfo></SampleInfo><SampleRow>A</SampleRow><SamplePlate>1</SamplePlate><WellType>BUFFER</WellType><Concentration>-1</Concentration><ConcentrationUnits>µg/ml</ConcentrationUnits><MolarConcentration>-1</MolarConcentration><MolarConcUnits>nM</MolarConcUnits><MolecularWeight>-1</MolecularWeight><Temperature>30</Temperature><StartTime>994350</StartTime><AssayTime>20</AssayTime></CommonData><FlowRate>1000</FlowRate><StepType>CUSTOM</StepType><StepName>condition</StepName><StepStatus>OK</StepStatus><ActualTime>20</ActualTime><CycleTime>0.2</CycleTime><AssayXData Points="100">vv9HQ7AySEPjZUhDFplIQ0nMSEN8/0hDsDJJQyRmSUMWmUlDScxJQ3z/SUOwMkpDJGZKQxaZ
SkOLzEpDvv9KQ/EyS0PjZUtDFplLQ0nMS0O+/0tDsDJMQ+NlTEMWmUxDi8xMQ3z/TEOwMk1D
42VNQxaZTUNJzE1DfP9NQ/EyTkMkZk5DmZlOQ4vMTkO+/05D8TJPQyRmT0NYmU9Di8xPQ77/
T0PxMlBDJGZQQ1iZUEOLzFBDvv9QQ7AyUUMkZlFDWJlRQ4vMUUN8/1FD8TJSQyRmUkNYmVJD
i8xSQ77/UkPxMlNDJGZTQ1iZU0NPzVNDvv9TQ/EyVEMkZlRDWJlUQ0nMVEN8/1RD8TJVQyRm
VUNYmVVDi8xVQ3z/VUPxMlZDZmZWQ1iZVkNJzFZDvv9WQ/EyV0MkZldDWJlXQ4vMV0O+/1dD
sDJYQ+NlWEMWmVhDScxYQ77/WEPxMllDJGZZQ1iZWUOLzFlDfP9ZQ/EyWkPjZVpDWJlaQ0nM
WkN8/1pDsDJbQ+NlW0NYmVtDi8xbQw==</AssayXData><AssayYData Points="100">/OUGPRt4+LwuJH29Baervdses72oDbW9Mt61vaZ3tr2kxLO9x7mrvScIqr1KlaS93rWovZtG
p72SY5+9mJ6YvR1ln72TJpa9p7GUvWhzjb2oipq91PKNvSH/i70m2ou9ZVyHvWhAjL30X4q9
TpGKvXuzkL0hRIm9vAJ+vVcSgb0uRHm9cVGMvYRle72HxoO9GHh9veVghL1QH4K9dhZ8vZsf
c72Ap2i9wkl4vXnib72yVm69EuF/vStldr2FxWa9uOJ2vclMbb04cW+9+ppzvagCZr23Cme9
vhRnvX5aaL34Y2a9xzZivXc0bb27eWu93INuvb6PZr0WSl69BUJtvYCVU73cWVO9ZSRlvRRH
Wb3s6Ve92z9bvbLeUb0h3mS93dFcvS1aXr0AL1+95dlbvWRiWb36zmG9T5tLvRL1Yb2k6li9
ku5WveYfTb2q32C9B7VVvQmLWb0Eoly9mCdVvaNFXL3jT2G9ZghZvZVYUb2WKFm9J+lLvcVd
Pr0xm1S9xsBRvaBYRr263kq9dLRWvQ==</AssayYData></Step><Step><CommonData><SampleLocation>2</SampleLocation><SampleID>10mM Glycine pH1.7</SampleID><SampleGroup></SampleGroup><SampleInfo>or other Regeneration solution</SampleInfo><SampleRow>A</SampleRow><SamplePlate>1</SamplePlate><WellType>REGENERATION</WellType><Concentration>-1</Concentration><ConcentrationUnits>µg/ml</ConcentrationUnits><MolarConcentration>-1</MolarConcentration><MolarConcUnits>nM</MolarConcUnits><MolecularWeight>-1</MolecularWeight><Temperature>30</Temperature><StartTime>1019966</StartTime><AssayTime>20</AssayTime></CommonData><FlowRate>1000</FlowRate><StepType>CUSTOM</StepType><StepName>condition</StepName><StepStatus>OK</StepStatus><ActualTime>20</ActualTime><CycleTime>0.2</CycleTime><AssayXData Points="100">v/9bQ7EyXEMlZlxDF5lcQ0rMXEN9/1xD8jJdQ+RlXUMXmV1DjMxdQ33/XUO3M15D5GVeQ1mZ
XkNKzF5Dff9eQ7EyX0MlZl9DWZlfQ0rMX0N9/19DsTJgQzhpYEMXmWBD2s5gQ7//YEPyMmFD
8GdhQ1mZYUNKzGFDv/9hQ7EyYkOoZmJDF5liQ0rMYkN9/2JDsTJjQ+RlY0MXmWNDSsxjQ33/
Y0OxMmRDJWZkQyObZENKzGRDff9kQ7EyZUMlZmVD3JllQ0rMZUPFAGZDsTJmQyVmZkNZmWZD
jMxmQ7//ZkPyMmdDJWZnQ5qZZ0OMzGdDv/9nQ/IyaEMlZmhDoJpoQ4zMaEO//2hD8jJpQyVm
aUNZmWlDjMxpQ7//aUPyMmpDJWZqQ1mZakOMzGpDv/9qQ/Iya0MlZmtDF5lrQ4zMa0O//2tD
sTJsQyVmbENZmWxDjMxsQ33/bEPyMm1DJWZtQ1mZbUNQzW1Dv/9tQ/IybkMlZm5DF5luQ4zM
bkN9/25D8jJvQyVmb0NZmW9DjMxvQw==</AssayXData><AssayYData Points="100">VhSivns7jL5I8G2+t9dUvqY5S75TwD2+nho9vrTgPL6EHD2+foc9vpLsQL4aOES+Kf1Fvlw/
Sb4sNEq+xpJOvtFaUL7L9lO+KoZTvobzUr5YM1S+sF5avhAWXL7dpV++TaZevpMWYb48WF++
Y1phvqumYb7g2mG+FDJivv6aar4b62a+Zk1pvjZvZr4dFmq+Bb1pvuvxcL6mbG++i9tsvgta
c779XnG+PlRvvvdQc76A63W+t65zvuZldb7813e+ML54vj9pdr70rXa+F5V4vpAke77tN3u+
m717vrWZf76V+n6+05N/vkNwfL4woX6+PwmCvhaFgb6pUIG+TGKCvibgg76YUoG+sueDvo/Y
gb49LYO+o3GEvv7zhb7WyIS+bGSFvpRUhb5JjIS+90SEvuvrhL7npoS+QVWGviRmhr4PrIa+
Q1OHvqaNhr4agIe+f52FvmzQh75pNIi+eyyJvqTYir4SzIm+B2KJvtDYib74W4q+jBqMvhHW
iL6NUoy+66qJvm7zi76754u+JPSLvg==</AssayYData></Step><Step><CommonData><SampleLocation>1</SampleLocation><SampleID>Running Buffer</SampleID><SampleGroup></SampleGroup><SampleInfo></SampleInfo><SampleRow>A</SampleRow><SamplePlate>1</SamplePlate><WellType>BUFFER</WellType><Concentration>-1</Concentration><ConcentrationUnits>µg/ml</ConcentrationUnits><MolarConcentration>-1</MolarConcentration><MolarConcUnits>nM</MolarConcUnits><MolecularWeight>-1</MolecularWeight><Temperature>30</Temperature><StartTime>1045634</StartTime><AssayTime>20</AssayTime></CommonData><FlowRate>1000</FlowRate><StepType>CUSTOM</StepType><StepName>condition</StepName><StepStatus>OK</StepStatus><ActualTime>19.999</ActualTime><CycleTime>0.2</CycleTime><AssayXData Points="100">v/9vQ7EycEMlZnBDWZlwQ4zMcEN9/3BDsTJxQyVmcUNZmXFDSsxxQ7//cUPyMnJD5GVyQxeZ
ckOMzHJDff9yQ7Eyc0MlZnND3JlzQ0rMc0O//3NDsTJ0Q+RldEOamXRDSsx0QwcBdUPyMnVD
JWZ1Q1mZdUOMzHVDff91Q7EydkPBanZDWZl2Q4zMdkN9/3ZD/zR3QyVmd0MXmXdDSsx3Q33/
d0PyMnhD5GV4QxeZeENKzHhDv/94Q/IyeUPkZXlDF5l5QxXOeUO//3lDsTJ6Q+RlekMXmXpD
Ssx6Q33/ekOxMntDJWZ7Q1mZe0OMzHtDff97Q7EyfEMlZnxDF5l8Q0rMfEN9/3xD8jJ9Q+Rl
fUMXmX1DSsx9Q7//fUPyMn5D5GV+QxeZfkNKzH5DJQZ/Q7Eyf0PkZX9D4pp/Q0rMf0N9/39D
eRmAQ/EygEOLTIBDJWaAQ75/gEO6mYBD8bKAQzXOgEMl5oBD3/+AQ1gZgUPxMoFDi0yBQyVm
gUPff4FDeZmBQ/GygUOszIFDJeaBQw==</AssayXData><AssayYData Points="100">KOO9vPMQjL17K7C9LwLPvTLVzb1X5cq9XmTQvTn60b3Vms695lLFvVNnz72zFcu9QknKvSni
w72n77+9R8K6vXHjvr1nYrS99im2vaJisr0bc7G9oPWvvTwftL2/wrC9JtC5vWU/tr0Ejau9
/1SqvVB6rb0Q0au9aLiuvQsfqb1L2KO9iMidvYwhpb3ja5+9eXGhvZCLo72rIJ69dXKkvUnY
nL0h3aW9DVOhvZvBm73Jg569cY6fvRXGnb208Z+9N1WYvQdYpb15v5m9+FehvZRmmL0/eZe9
7z6TvV3qlL1EMJa9ggmXvfRokL1qPZa9lT6bvVvxmr01MZ2901mTvaQdnL2RlJq9bpeQvShm
ir1Rk5K9Is6Pvf0gmL0arZS9k4SUvbLUl72kdpi9D+CSvbHUkb3r/ZC9oqeSvaxkjb1i+pS9
gUKQvVQJl71+UY29xNCUvUQ6k71aV4+92QyUvWjWjb0Qxo+9uuyLvfm6jb0OMo29aaSTvWGj
lb0XA469uAuPvWecj71oeI29LXeOvQ==</AssayYData></Step><Step><CommonData><SampleLocation>2</SampleLocation><SampleID>10mM Glycine pH1.7</SampleID><SampleGroup></SampleGroup><SampleInfo>or other Regeneration solution</SampleInfo><SampleRow>A</SampleRow><SamplePlate>1</SamplePlate><WellType>REGENERATION</WellType><Concentration>-1</Concentration><ConcentrationUnits>µg/ml</ConcentrationUnits><MolarConcentration>-1</MolarConcentration><MolarConcUnits>nM</MolarConcUnits><MolecularWeight>-1</MolecularWeight><Temperature>30</Temperature><StartTime>1071449</StartTime><AssayTime>20</AssayTime></CommonData><FlowRate>1000</FlowRate><StepType>CUSTOM</StepType><StepName>condition</StepName><StepStatus>OK</StepStatus><ActualTime>20</ActualTime><CycleTime>0.2</CycleTime><AssayXData Points="100">v/+BQzgZgkPRMoJDa0yCQwVmgkO/f4JDOJmCQ/KygkOMzIJDJeaCQ7//gkNZGYND8jKDQ4xM
g0MlZoNDv3+DQ1mZg0PysoNDa8yDQyXmg0O//4NDWRmEQ/IyhEOMTIRDyWaEQ79/hENZmYRD
8rKEQ4zMhEMl5oRDv/+EQ1kZhUM0M4VDjEyFQyVmhUOef4VDOJmFQ/KyhUOMzIVDJeaFQ7//
hUNZGYZD8jKGQ2tMhkMlZoZDv3+GQ1mZhkPysoZDjMyGQyXmhkO//4ZDWRmHQ/Iyh0NrTIdD
JWaHQ0KAh0NZmYdD0bKHQ4zMh0Ml5odDnv+HQ1kZiEPyMohDjEyIQyVmiEO/f4hDOJmIQ/Ky
iEOMzIhDBeaIQyEAiUM4GYlD8jKJQ2tMiUMlZolDv3+JQziZiUPysolDjMyJQyXmiUOe/4lD
XxqKQ/IyikOMTIpDJWaKQ79/ikNZmYpD0bKKQ2vMikMl5opDv/+KQzgZi0PRMotDa0yLQyVm
i0Oef4tDeZmLQ9Gyi0OMzItDJeaLQw==</AssayXData><AssayYData Points="100">tdyvvkGNmL4MsYS+Xxlwvu0UZr4ZhVu+TKpfvmUbYb5OQ2C+7VRfvmeuYr5tkGS+I0ZovvzJ
ar5SoWy+rb9uvif4cb6D5HC+pDVwvtPLdr5H/Ha+Prd2vndpeb7U53m+WP18vo84fb6NRXy+
MvF+vgYzgb60oYG+abJ+voDngr7ypoK+8YeCvrwOgr6UEIW+mRqEvkb/hL4AIoa+BeSFvg5z
h77vQ4S+Jz+HviUAh77kTIe+Y7aHvvkuh77Hr4q+ZPWHvvUxir7Diou+ZA+Mvvbsir7ZIoy+
vJmJviWxi75qqoq+YnGNvr86jb7veI2+oQaMvqfMjL5b84y+lSWOvvpKjr6Lu46+Vs2Nvr6f
jb5V8Y++Y9KOvpz/j75CnY6+TH+RvoNkkL5BDJG+Z2aRvrhtkb771JK+MtuSvjLkkL70r5G+
bHWTvhhDkr5815O+s1CUvkbCk77/0JO+cfiTvl6Jk75UTJS+8IeVvtZUlb4WqJW+br6Uvk2d
k76qApa+dTaVvst4l75FpJa+/5WWvg==</AssayYData></Step><Step><CommonData><SampleLocation>1</SampleLocation><SampleID>Running Buffer</SampleID><SampleGroup></SampleGroup><SampleInfo></SampleInfo><SampleRow>A</SampleRow><SamplePlate>1</SamplePlate><WellType>BUFFER</WellType><Concentration>-1</Concentration><ConcentrationUnits>µg/ml</ConcentrationUnits><MolarConcentration>-1</MolarConcentration><MolarConcUnits>nM</MolarConcUnits><MolecularWeight>-1</MolecularWeight><Temperature>30</Temperature><StartTime>1097009</StartTime><AssayTime>20</AssayTime></CommonData><FlowRate>1000</FlowRate><StepType>CUSTOM</StepType><StepName>condition</StepName><StepStatus>OK</StepStatus><ActualTime>20</ActualTime><CycleTime>0.2</CycleTime><AssayXData Points="100">v/+LQ1kZjEPRMoxDjEyMQwVmjEO/f4xDWZmMQ/KyjENrzIxDJeaMQ57/jEM4GY1D0TKNQ2tM
jUMFZo1Dnn+NQziZjUPyso1Da8yNQwXmjUOe/41DOBmOQ9EyjkOMTI5DBWaOQ79/jkM4mY5D
8rKOQ4zMjkMF5o5Dnv+OQzgZj0PRMo9Da0yPQwVmj0Oef49DOJmPQ9Gyj0NrzI9DBeaPQ57/
j0NZGZBD0TKQQ2tMkEMFZpBDv3+QQziZkEPRspBDjMyQQyXmkEO//5BDOBmRQ/IykUNrTJFD
BWaRQ55/kUM4mZFD0bKRQ4zMkUMF5pFDnv+RQ1kZkkPyMpJDjEySQwVmkkOef5JDOJmSQ9Gy
kkOMzJJDBeaSQ57/kkM4GZND0TKTQ2tMk0MFZpNDv3+TQziZk0PRspNDa8yTQwXmk0O//5ND
OBmUQ9EylEOMTJRDJWaUQ79/lENZmZRD8rKUQ4zMlEMl5pRDv/+UQ1kZlUPyMpVDjEyVQyVm
lUO/f5VDWZmVQ/KylUOMzJVDJeaVQw==</AssayXData><AssayYData Points="100">O7nzPLsJNr3uMLO9Vp3UvZ4O5b2J/u+9Swjtvcr86r2rJO29YvfrvTN4471z2uK9/tHkvTyN
270LcN69fIbZvZ8r1L0QwdS90hTPvQKM0L2QzdO9NlnSvSVq071gWs69BZ3NvfGVzr36bM69
hDXEvTG0vr1WqsW9li2+vahXwb082769eezBvZiXv71k3MC94Z29vXscv72cCLu94Li7vW02
u71i+7q98wzCvewOt72NBb69+Sq+vT7rtr0eLbS9aIWxvTy/sr1hzLS9dvC/vQXzsr3gGbe9
rhK3vcQas72R47K9+yyyveFrtb2exLq9Qumzvelvtb3VjbG9t1e3vcrrsr2NXrC9DxqyvcbE
sb17VbS9gQGwvTr6sL0+9LK9kPi1vatSsb2+xrG9DOCtvfwIrr2hKau9WfKkvZKktb1xyqu9
2hezvTKgrr0k1Ku9VOCpvVs6rr3vJK+9U4ayveHEq71sbbC9hcqxvQ7+rr2omai93MOrvbkz
q72p4Ka9H+mpvShzq71FNKi9+TWovQ==</AssayYData></Step><Step><CommonData><SampleLocation>3</SampleLocation><SampleID>Running Buffer</SampleID><SampleGroup></SampleGroup><SampleInfo></SampleInfo><SampleRow>A</SampleRow><SamplePlate>1</SamplePlate><WellType>BUFFER</WellType><Concentration>-1</Concentration><ConcentrationUnits>µg/ml</ConcentrationUnits><MolarConcentration>-1</MolarConcentration><MolarConcUnits>nM</MolarConcUnits><MolecularWeight>-1</MolecularWeight><Temperature>30</Temperature><StartTime>1122973</StartTime><AssayTime>120</AssayTime></CommonData><FlowRate>1000</FlowRate><StepType>BASELINE</StepType><StepName>Baseline 120</StepName><StepStatus>OK</StepStatus><ActualTime>120</ActualTime><CycleTime>0.2</CycleTime><AssayXData Points="600">v/+VQ1kZlkPyMpZDjEyWQyVmlkO/f5ZDWZmWQ/KylkN3zpZDJeaWQ7//lkNZGZdD8jKXQ4xM
l0MFZpdDnn+XQ1mZl0PyspdDjMyXQwXml0O//5dDeRmYQ/IymENrTJhDBWaYQ2OAmENZmZhD
8rKYQ4zMmEMF5phDxQCZQ1kZmUPyMplDjEyZQyVmmUO/f5lDWZmZQ9GymUOMzJlDJeaZQ57/
mUM4GZpD0TKaQ2tMmkMlZppDv3+aQziZmkPetJpDa8yaQyXmmkOe/5pDWRmbQ/Iym0OMTJtD
JWabQ79/m0M4mZtD0bKbQ2vMm0MF5ptD4P+bQzgZnEPRMpxDjEycQyVmnEO/f5xDOJmcQ9Gy
nEMwzZxDLOecQ7//nEM4GZ1D8jKdQ2tMnUMFZp1Dv3+dQziZnUPysp1Da8ydQwXmnUOe/51D
WRmeQ9EynkOtTJ5DBWaeQ55/nkM4mZ5D0bKeQ2vMnkMl5p5Dv/+eQzgZn0PRMp9Da0yfQwVm
n0Oef59DOJmfQ9Gyn0NrzJ9DBeafQ57/n0M4GaBD0TKgQ7NNoEMFZqBDnn+gQziZoEPRsqBD
ks2gQwXmoEOe/6BDWRmhQ/IyoUNrTKFDBWahQ55/oUM4maFD0bKhQ2vMoUMl5qFDv/+hQzgZ
okPRMqJDa0yiQwVmokOef6JDOJmiQ9GyokNrzKJDqOaiQ7//okNZGaND8jKjQ4xMo0MlZqND
v3+jQ1mZo0PysqNDG8+jQyXmo0O//6NDWRmkQ/IypEOMTKRDJWakQ79/pEM4maRD+LOkQ4zM
pEMl5qRDv/+kQ1kZpUPyMqVDjEylQyVmpUPgf6VDWZmlQ/KypUOMzKVDJealQ7//pUNZGaZD
8jKmQ4xMpkMlZqZDv3+mQ1mZpkPRsqZDa8ymQyXmpkO//6ZDWRmnQ/Iyp0PNTKdDJWanQ79/
p0M4madD8rKnQ4zMp0MF5qdDnv+nQ9wZqEPyMqhDa0yoQyVmqEOef6hD3JmoQ/KyqENrzKhD
BeaoQ57/qENZGalD0TKpQ4xMqUMFZqlDv3+pQ1mZqUPRsqlDa8ypQwXmqUO//6lDOBmqQ/Iy
qkNrTKpDBWaqQ79/qkNZmapD0bKqQ2vMqkMl5qpDv/+qQzgZq0PRMqtDa0yrQwVmq0Oef6tD
OJmrQ9Gyq0OMzKtDBearQ7//q0M4GaxD8jKsQ4xMrEMFZqxDxYCsQziZrEPRsqxDa8ysQyXm
rEO//6xDWRmtQ9EyrUMPTa1DBWatQ55/rUM4ma1D0bKtQ2vMrUMl5q1Dv/+tQzgZrkMZNK5D
jEyuQwVmrkOef65DOJmuQ9GyrkNrzK5DJeauQ57/rkO7Ga9D0TKvQ2tMr0MlZq9Dnn+vQziZ
r0PRsq9Da8yvQ2fmr0Oe/69DWRmwQ9EysENrTLBDBWawQ55/sEM4mbBD0bKwQ2vMsEMF5rBD
nv+wQzgZsUPRMrFDa0yxQyVmsUO/f7FDWZmxQ1SzsUOMzLFDJeaxQ+D/sUNZGbJD8jKyQ4xM
skMlZrJDQoCyQ1mZskPysrJDjMyyQwXmskMAALNDOBmzQ/Iys0OMTLNDJWazQ79/s0M4mbND
8rKzQ63Ms0Ml5rNDv/+zQ5oZtEPRMrRDjEy0QyVmtEO/f7RDWZm0Q/KytEOMzLRDJea0Q7//
tEOaGbVD8jK1Q4xMtUOIZrVDnn+1Q1mZtUPysrVDjMy1QyXmtUO//7VDWBm2Q9IytkOMTLZD
qGa2Q55/tkM4mbZD8rK2Q2vMtkNn5rZDnv+2QzgZt0PyMrdDa0y3QyZmt0O/f7dDeZm3Q9Ky
t0OMzLdDBea3Q7//t0NYGbhD2DO4Q6xMuEMFZrhDv3+4Q7uZuEPysrhDa8y4QwXmuEO//7hD
OBm5Q9IyuUNxTblDBWa5Q79/uUNYmblD0rK5Q2vMuUMm5rlDnv+5QzgZukPSMrpDa0y6QyZm
ukOef7pDWJm6Q/KyukNQzbpDJua6Q57/ukNYGbtD0jK7Q2tMu0MmZrtDnn+7Q1iZu0PSsrtD
a8y7QwXmu0Oe/7tDPhq8Q9IyvENrTLxDBWa8Q55/vEM4mbxD0rK8Q2vMvEMF5rxDnv+8QzgZ
vUPSMr1Da0y9QwVmvUOef71DOJm9Q9KyvUOzzb1DBea9Q57/vUM4Gb5DdTO+Q2tMvkMFZr5D
v3++QziZvkPSsr5Da8y+QwXmvkOe/75DOBm/Q9Iyv0OMTL9DJma/Q+B/v0NYmb9D8rK/Q4zM
v0Mm5r9D5gDAQ1gZwEPSMsBDME3AQyZmwEO/f8BDWJnAQ/KywEM2zsBDJubAQ7//wEN5GcFD
0jLBQ4xMwUNGZsFDv3/BQ1iZwUPyssFDjMzBQybmwUO//8FD3BnCQ/IywkOMTMJDJmbCQ55/
wkN5mcJD8rLCQ4zMwkMm5sJDv//CQ1gZw0PSMsNDa0zDQyZmw0O/f8NDWJnDQ9Kyw0NrzMND
BebDQ7//w0M4GcRD8jLEQ4xMxEMmZsRDv3/EQ1iZxEPSssRDjMzEQybmxEO//8RDWBnFQ9Iy
xUOMTMVDJmbFQ55/xUMCm8VD8rLFQ4zMxUMm5sVDv//FQ1gZxkPSMsZDjEzGQwVmxkNCgMZD
WJnGQ/KyxkNrzMZDJubGQ57/xkNYGcdD0jLHQ+5Mx0MmZsdDnn/HQ1iZx0PSssdDcc3HQybm
x0Oe/8dDWBnIQ9IyyEOMTMhDBWbIQ55/yEM4mchD8rLIQ2vMyEMF5shDnv/IQ1gZyUPSMslD
a0zJQyZmyUOef8lDWJnJQzSzyUNrzMlDyebJQ57/yUNYGcpD0jLKQ2tMykMFZspD4H/KQziZ
ykPSsspDa8zKQwXmykOe/8pDWBnLQ9Iyy0NrTMtDJmbLQ55/y0M4mctD0rLLQ2vMy0MF5stD
nv/LQzgZzEPSMsxDjEzMQwVmzEOkgMxDOJnMQ9KyzENrzMxDJubMQ57/zENYGc1D0jLNQ2tM
zUMsZ81Dnn/NQ1iZzUPyss1DjMzNQybmzUO//81DWBnOQ/IyzkOsTM5DJmbOQ79/zkNYmc5D
8rLOQ4zMzkMm5s5Dv//OQ5oZz0PyMs9DjEzPQ0xnz0Oef89DWJnPQ/Kyz0OMzM9DJubPQ7//
z0NYGdBD8jLQQ4xM0EMmZtBDnn/QQ1iZ0EPystBDjMzQQybm0EO//9BDWBnRQ/Iy0UOMTNFD
BWbRQ55/0UNYmdFDVLPRQ2vM0UMm5tFD</AssayXData><AssayYData Points="600">AInJvUVuz7091sG9thHFvSXkxb30hMO9Su3CvY5Vwr2tq729pA69vWBzwr2jIL691F/AvbKt
vr1MUcG90GvBvcQavr1elcO9hD63vcxYv73F2ry9kUC5vdTuwr0g/MG9RCe7vUoXur30lri9
POHAvY3SvL1KErS9ZOa0vX4Yu71znbu9XbGyvWoKvr2pZby9LsC6vdaxs70Nkbi98A62vYlJ
ub1kkr295Y2+vVvjt70Y7b+9Kku8vUE1vb2K1bK9ahu4vQLttb0XTra9t2u+vQo3uL3pJr+9
2x63vW9Vtr3ue7W9Dw2uvTOCtb0fvrm9+8+4vYRvu72KFLC9JSC1vV8ls71OIri9PZy/vVET
ur23c7S9wBC2vRj1ub1VFay9fV25vfwuuL1kBrK9no+7vY57tL3a5Le9pYW7vTvQsL1FnrS9
fTixvSEztb0GKLy9CF2wvbNKrb2X5rK9cx2uvexeuL2B7a+94v60vaSzr725ja+9r/q2vWra
tL3IS7C9EOGzvadpuL393be9W96tvYzetL0Jv7e9wca0vQAZr71TkbC9LVq1vVZstL0fcq+9
y3uwvbbfrb2cbrG9tbervSUMsr1ty7a95gO1vc6Srr0LqrK9P0KwvTnzsb1bAq29NGm4vdRD
tb3COLe9qiqvvdC9sb380bG9xP62vYbbpL163669Cu6xveUysb2K57C9episvSTas71gUK69
Vhu4vdt7tL3Yu6+98PuqvYZ6qb0hiLG9XXuxvRTTrr3bqK+9nFyyvT02r70kj6y9Qg6wvbB6
tb3wV6S9aT+svU7Nqr3WY6+9ftWrvf1Zrr0jlrG9styqvb+quL0GXaq9GMGzvdC1sL0++7C9
7AWtvQbVq702krK9KX2ovfi6rb0QOa29mwWrvX8wsb1zE669bUGsvbM2qb0F9K29DN6tvaas
tL2IUai9b1OtvX/msL0alK+94/avvTAPrb0fp6y9QPGsvdDjp72oiLC9ZW6uvbV7qr0OPKq9
xnytvZo7rL1CjaW98yypvbJkqb0Ep6297QmpvS4aqr3ne6698iSpvW0Tq71Ysqi9n5+svWLx
sb3+y669OLWtvVB0qr2Hmq+9QNipvfVDpL3LMqq9e0umvQ51rL3uEbC9srSuvX3Dpb11K629
DN2tvda3q72diaW91nupveW2oL0f+6i9/z2ovdIxo728ta69XSurva9poL2F4Ky9OuawvVAB
rr2vsaO9hB6svWCQqb2/O6u9kEStvXWQo70EY7G94UqnvRXrqr1q0qa9sOGmvf38pr0W9Ka9
fqClvS2Jor2Hi6a9xTyqvR3Mq73kB6i9GbWivdfspr0Lj6O9NKKmvcM1rr070Ke9tSqovQj0
rb3NH6q9JPyovSF2rL3EAqa9v8+nveTApr1sNqe9bLmlvcRUpL322qS9I5KjvbA5nr1MGKu9
MhuqvVZ+qL37WaO91tqlvTZKqr0TE6e9EfSjvSXRpb2jMKm9ZYigvYxgp71jc6q9PE6ovfJu
qL1GpKS9k7uhvZoapr1r4KO9vL+kvUXso72eeaa9DpCjvdhipr0je56958+rvThtp717Ca69
yg6rvba7pL1Qi6a9qYCkva+Zp729uKW9WKqfvVDVp70UUqO9etmpvXYAnL3omKm9Qtiovcw1
pb0Agqe9F9WrveUkpb1bgKC9tsaovaJvo71fAaG9/+CjvcLwor3e+qi9wHSgvQPaor0p7Kq9
YvCdvUTXn70Fcae9IiinvafipL21mKK9QZilvZmOnL3gj6e9s6ylvdJVpr28J6S97qSlvZLK
nr0kBaG9+cepvdrKpb26PKq9c/+eveFjo71On6y9qL6lvUWFob25iZ69FXufvUQorL2Ss6K9
9tKkvdYiqb2bvaS93zSjvRdWpb0IzaS9KG6gvew+qb1MqKq9VDygvUABn73AOqq996eqvbpG
pL2Zxaa9hW6ivfKHo70loqe9V5WnvVqjor2kuqC9tGqnvQhYo73QV6a9xmmkvfFhpb3cWaG9
Cl6hveYxpr3S46W94Geivfooo73+GKa99S+eva1Fnb2D56C9MBClvUU3p72QX6K9MLSfvXNH
nb0cJaW9obepvUBfpL3G+qS94VShvVw6o70Gg6O9q2qavUFmor3Jo6m9c/ihvTZ5nL1HE6a9
XEycvWDFn71QiKe9eKWgvdIpor2RjZq9MUmmvdzQo70N+5u9VNKcvTIjnr2obaC9K/egvX4D
nb3HiaC9xUehvYKTo70xDaG9VpubvWjdo72rvKW9+4qivXmZmr2gSKG9tyCkvaBjqL3WdJ+9
nOitvcVWob3t4529fCmgvSAdo72c3569WkKhvfxvnb1VBZ691JChvfi2or3Kxaa9BH2Yvalz
pL1slaO9iRyZvalDn71LMKa9qdmZva7bnr1rDJq9RVKivZJTqL1rlqC9usKfvZu4pL0IoZq9
nqWhvXghor3kY6G9vRWcvRSno724UJ69rImYvUtdl71jY6G98BSavRT1nb03qZ69SjeYvcEL
mr1BP6K9Yh+fvUMOoL0fiqW9r1ifvbKRmL2tp5q9smOpvSGyob0gXZu9nHCfvZ87pL01g529
tQqgvbNHn73TO6C9wc+ZvdnnoL28mqO95amkvSMWnL1wWp29Nq+pvTaSn71uP6K9zIWjvW8S
m71EZ5y9F/yZvVZ/n71YS6G9KI+pvVTGnb1tJJ69lxOivXZin72zTqG9peeevblKob3UU6C9
d8KgvaARob19k5y9bTCjvYU3oL1kS6G9ebicvUwKnb2rHJu9DkeevQ6wnb1wy5q9IlegvTVN
mr1/MqO9NlGgvXSYm728m6K9qtmfvQAWob2Tw5+9sZqevecCnr0KBJ+97g6bvacPoL3JYJu9
rKmevTonn70vhpu9dVeevRSrlb1fGZy9vXeevVdgoL2raqC9xlWavVWVnL18+KK9TF+avZWK
mb1m3qK9QNeWvfE3nr0gRJu9FRCdvQNon7323KG9QSeaveMcpr0GAaK9Y6CdvYdpm71pzZy9
TCiZvWzHm722PZ29NaudvXUOo70VUpm9R7qZvT9gob1qRpq9IQKgvRIOnr33gp+9T06XvYr0
oL2v/qK9Fe2evXX2mr2/8aG9l/udvYQGm727/Ju9AkydvUvIl7155J69j2CbvSFNmb023qC9
S8+fvaPanL2b46C9s5OYvRzfnr2V3J+9</AssayYData></Step><Step><CommonData><SampleLocation>8</SampleLocation><SampleID></SampleID><SampleGroup></SampleGroup><SampleInfo></SampleInfo><SampleRow>A</SampleRow><SamplePlate>1</SamplePlate><WellType>KLOAD</WellType><Concentration>-1</Concentration><ConcentrationUnits>µg/ml</ConcentrationUnits><MolarConcentration>-1</MolarConcentration><MolarConcUnits>nM</MolarConcUnits><MolecularWeight>-1</MolecularWeight><Temperature>30</Temperature><StartTime>1251370</StartTime><AssayTime>20</AssayTime></CommonData><FlowRate>1000</FlowRate><StepType>LOADING</StepType><StepName>Loading</StepName><StepStatus>OK</StepStatus><ActualTime>20.003</ActualTime><CycleTime>0.2</CycleTime><AssayXData Points="100">wP/RQ1oZ0kPSMtJDbEzSQwZm0kOff9JDOZnSQ3az0kNszNJDBubSQ5//0kM5GdND0jLTQ2xM
00MmZtNDn3/TQzmZ00PzstNDbMzTQwbm00Of/9NDWhnUQ/My1ENsTNRDBmbUQ59/1EM5mdRD
0rLUQ2zM1EMG5tRDwP/UQ1oZ1UPzMtVDrkzVQyZm1UPAf9VDWpnVQ/Oy1UONzNVDJubVQ8D/
1UNaGdZD8zLWQ41M1kMmZtZDwH/WQ1qZ1kPzstZDjczWQ2jm1kPA/9ZDgBrXQ/My10ONTNdD
JmbXQ59/10NamddD87LXQ43M10NH5tdDwP/XQ1oZ2EPzMthDjUzYQ/do2EPAf9hDWpnYQ/Oy
2EONzNhDJubYQ5//2ENaGdlD8zLZQ9RN2UMmZtlDwH/ZQ1qZ2UN2s9lDjczZQwbm2UPA/9lD
WhnaQ9Iy2kONTNpDJmbaQwKA2kM5mdpD0rLaQ43M2kMm5tpDwP/aQzkZ20PzMttDjUzbQwZm
20Off9tDOZnbQ9Ky20ONzNtDiebbQw==</AssayXData><AssayYData Points="100">ea6TvXCLib2CeYS9e5duvTyCbr0W+ki9saJAvW0FLb1nODe92zgXvfG6/Lz1J+u8VIW5vKFp
2LwEc6G8yYt4vLp8GrwxegG7nPegu2ilw7rzHDE7MMSYO8FXNTxhQWY8gh2ZPHqOjjwj6508
LITCPHvP6jyfRvk8ICYMPbV+KT1fQTA9KWlIPZm0Sj3Ud2A9e/FgPcfReT3/uns91TyAPa4g
kD3czpE9pNygPTibpj0sWa09y1WxPVojtT1svcU9VwzLPWmTzz0DMdM9BofaPbG+3T2Hye89
n/zsPaov9D1PWf49a3AEPqW5Az6/1Aw+VfoLPjoTED5UUxQ+jwoVPldMHD7mgRo+On0fPkaX
IT7HKCk+XsErPlPVLT4VZTA+xio0Pn66OD5vWTk+Mno6PvRfQD4me0I+nmdIPtAkST6hbVA+
NVpSPlL7Vj4a01g+FaVdPqKRYj5vsmM+kP5lPkPsaT4SWWs+e2xwPrcceD7Z0ng+JBV8PqC0
fj5dK38+oY6DPsQJhT7jr4U+ihiGPg==</AssayYData></Step><Step><CommonData><SampleLocation>9</SampleLocation><SampleID></SampleID><SampleGroup></SampleGroup><SampleInfo></SampleInfo><SampleRow>A</SampleRow><SamplePlate>1</SamplePlate><WellType>BUFFER</WellType><Concentration>-1</Concentration><ConcentrationUnits>µg/ml</ConcentrationUnits><MolarConcentration>-1</MolarConcentration><MolarConcUnits>nM</MolarConcUnits><MolecularWeight>-1</MolecularWeight><Temperature>30</Temperature><StartTime>1281161</StartTime><AssayTime>60</AssayTime></CommonData><FlowRate>1000</FlowRate><StepType>BASELINE</StepType><StepName>Baseline 60</StepName><StepStatus>OK</StepStatus><ActualTime>59.999</ActualTime><CycleTime>0.2</CycleTime><AssayXData Points="300">IwDcQ5wZ3EM1M9xDz0zcQ2lm3EMCgNxDvZncQzWz3EPPzNxDqubcQwIA3UOcGd1DNTPdQ89M
3UOJZt1DAoDdQ5yZ3UM1s91Dz8zdQ8vm3UMCAN5DvRneQzUz3kPPTN5DaWbeQwKA3kO9md5D
NbPeQ/DM3kOJ5t5DIwDfQ70Z30M8NN9D8EzfQ4lm30MjgN9DvZnfQ1az30PwzN9DiebfQ+gA
4EO9GeBDVjPgQ/BM4EOJZuBDI4DgQ72Z4ENWs+BDlM3gQ4nm4EMCAOFDvRnhQ1Yz4UPwTOFD
iWbhQyOA4UO9meFDNbPhQzHN4UOJ5uFDIwDiQ70Z4kNWM+JD8EziQ4lm4kMjgOJDrpziQ1az
4kPwzOJDiebiQwIA40OiGuNDNTPjQ/BM40OJZuNDI4DjQ72Z40NWs+NDz8zjQ4nm40MjAORD
vRnkQ1w05EPwTORDiWbkQyOA5EOcmeRDNbPkQ/DM5EOJ5uRDIwDlQ70Z5UM1M+VD8EzlQ2lm
5UMjgOVDvZnlQ7iz5UPPzOVDaeblQwIA5kO9GeZDVjPmQ/BM5kNpZuZDI4DmQ5yZ5kNWs+ZD
8MzmQ2nm5kMIAedDvRnnQ1Yz50PPTOdDiWbnQyOA50O9medDVrPnQ8/M50Np5udDAgDoQ5wZ
6EM1M+hDz0zoQ4lm6EMCgOhDnJnoQ7iz6EPwzOhDieboQwIA6UOcGelDGzTpQ89M6UNpZulD
AoDpQ5yZ6UM1s+lDz8zpQ2nm6UMCAOpDvRnqQzUz6kPPTOpDaWbqQwKA6kOcmepDNbPqQ2vR
6kOw5+pDAgDrQ5wZ60M1M+tDz0zrQ2lm60MCgOtDnJnrQzWz60PPzOtDiebrQwIA7EOcGexD
NTPsQ89M7ENpZuxDAoDsQ5yZ7EM1s+xD8MzsQ2nm7EMCAO1DnBntQ1Yz7UPwTO1DqmbtQyOA
7UO9me1DVrPtQ/DM7UOJ5u1DIwDuQ70Z7kNWM+5D8EzuQ4lm7kMjgO5DvZnuQ1az7kPPzO5D
iebuQyMA70O9Ge9DVjPvQ/BM70OJZu9DI4DvQ72Z70NWs+9D8MzvQ4nm70MjAPBDvRnwQ1Yz
8EPwTPBDaWbwQ4WA8EO9mfBDVrPwQ8/M8EOJ5vBDIwDxQ5wZ8UNWM/FD8EzxQ4lm8UMjgPFD
vZnxQ1az8UPwzPFDaebxQyMA8kO9GfJDNTPyQ/BM8kOJZvJDAoDyQ72Z8kM8tPJD8MzyQ2nm
8kMjAPNDvRnzQzUz80PwTPNDiWbzQwKA80O9mfNDNbPzQ8/M80OJ5vNDAgD0Q70Z9EM1M/RD
z0z0Q4lm9EMCgPRDnJn0Q1az9EPwzPRDieb0QwIA9UOcGfVDNTP1QzFN9UNpZvVDKYH1QwSb
9UM1s/VDz8z1Q4nm9UMjAPZDvRn2QzUz9kPPTPZDaWb2QyOA9kOcmfZDVrP2Q/DM9kNp5vZD
AgD3Q5wZ90NWM/dDz0z3Q2lm90MCgPdDvZn3QzWz90PPzPdDaeb3QyMA+EOcGfhDNTP4QxdO
+ENpZvhDI4D4Q72Z+EM1s/hDz8z4Q2nm+EMCAPlDvRn5Q3cz+UPwTPlDaWb5QwKA+UOcmflD
NbP5Q8/M+UNp5vlD</AssayXData><AssayYData Points="300">4qoUP/5wGD/4PRo/4nEcP/r0HD8ERh0/0mYdP0/tGz++hhw/4zAcP7zzGj84wxs/KbQbPznC
Gz++IRs/JZsbP/PZGj+RVxs/FFsbP5wNGz+oOhs/BrYZPwaJGz8+FBs/E7saP1jCGj9csRo/
jcwaP8/DGj/Dmho/9ZkaP8XNGj+YsRo/aBMaP8TUGT+2rBk/Tj4aPxuEGj/Qoxk/zmsaPxdu
Gj/TVho/giwaP2xZGT/Q+Rk/qWsZP4hUGT+Z5hk/f9MZP1UxGj/2Dxk/uTsZP5QCGT9sfBk/
PZ0ZP1pTGT9rgBk/xD4ZP9v5GD9dmxg/oh8ZP3wPGT/NHxk/YKsYP12EGD950xk/gHQZP6iq
GD/4WRg/rcEYP2JjGD+dsRg/B7IYPykzGT+iQhg/B78YPx95GD+H9xc/eTcYP8ANGD+QeBg/
5lYYPzZiGD+g6hY/KOcXPz6cFz9Z/Rc/lAIXPxbNFz8nGhg/SHgXP9RtGD9FDBg/AvUXP0/2
Fz+lLhg/xjAYP83IFj+SCBc/pHcXP/kiFz/WdBc/PMgXPw1uFz84aRc/qc4WP3fTFj9IUxc/
H8YWPxSPFj+0dhY/w88WP4akFT+mexY/PvsWP5xjFj9eyxY/bAcWP1FOFj8dyBY/jz0XP8XN
Fj84thY/t2YVP695FT+WjxY/g/sVP/sWFz9rPRY/k3oWP+pjFj+EUxU/3ewVP4mCFT8LOhY/
Pg0VPxO4FD8Y4RU//aUVP5DoFD+qORU/WsoVP4F3FT+bEBY/nR8VP9H9FD/iTxU/l0gVP7mf
FD/yyxQ/j2wVPycUFT98VBQ/5msUP1NbFj8HLBQ/dv0UP6mbEz+OvxQ/9ucUPzomFD/GLhU/
bWUUP2jqEz+uvhM/kHgUPw1pFD81YxQ/BnAUPyH6Ez9mXBQ/wV0UP37OFD/LtRM/k4kUP6Ea
FD+E8BM/TJgTP/v7Ej+1HxQ/pqQTP1fXFD9ZzRI/EC4UP1WCEz+JgBM/vOITP/TkEj+vXhM/
8dASP5fjEz9z7BE/098SP6RxEz91LRM/zQoTP55fEz9FSBM/WtkSP0RCEz/7OhM/aWYSP00R
Ez8kGhM/YzETPz9dEj8tIhI/MSoSP/m+Ej9fjhI/mNASP10cEj/XLxI/wNgRP5tOEj/rIBM/
zK4SP3ltEj8I9hI/7VQSP/6tET+xGhI/jvsSP0AfEj9v/hE/7vYQP0POET/xBhI/TjkRPyG6
ET9ahRA/ccEQP9dUET825hI/HeQQPzrGET9F8xE/QrERPyH2ET+4MBE/8BkRP2v1ED+h2RA/
0ywSP57HED/ixhA/U0MRP2dDED/sKBA/pFcRP4EdET89FhE/XikRP8SKED+hPBE/cPAQP02B
ED9m9A8/tggRP5iBED/yGhE/OC4RP0JFED8RqRA/TS8QP8S4Dz/08g8/MwARP2jAED/qfhA/
0OUPP15sED/F+g8//ecPP8gcED/JWA8/7dsPP5ANED8XoQ8/u9EPP+e5Dz/t4Q8/vrIPP91V
Dz+WMhA/1OsQP7z7Dz89WQ8/owgQPzHaDz8/FRA/bqsPPwyrDz8nng8/BGIPP5aqDz/73g8/
OREPP+wrDz9fiA8/</AssayYData></Step><Step><CommonData><SampleLocation>10</SampleLocation><SampleID></SampleID><SampleGroup></SampleGroup><SampleInfo></SampleInfo><SampleRow>A</SampleRow><SamplePlate>1</SamplePlate><WellType>BUFFER</WellType><Concentration>-1</Concentration><ConcentrationUnits>µg/ml</ConcentrationUnits><MolarConcentration>-1</MolarConcentration><MolarConcUnits>nM</MolarConcUnits><MolecularWeight>-1</MolecularWeight><Temperature>30</Temperature><StartTime>1351122</StartTime><AssayTime>20</AssayTime></CommonData><FlowRate>1000</FlowRate><StepType>BASELINE</StepType><StepName>Baseline 20</StepName><StepStatus>OK</StepStatus><ActualTime>19.999</ActualTime><CycleTime>0.2</CycleTime><AssayXData Points="100">AwD6Q50Z+kMVM/pDr0z6Q2lm+kPif/pDnZn6QxWz+kPQzPpDaeb6QwMA+0OdGftDNjP7Q69M
+0NJZvtDA4D7Q52Z+0MVs/tD0Mz7Q0nm+0MDAPxDfBn8QzYz/EOvTPxDSWb8QwOA/EOdmfxD
FbP8Q9DM/ENp5vxDAwD9Q50Z/UMVM/1Dr0z9Q2lm/UPif/1DnZn9QxWz/UPQzP1DSeb9Q+L/
/UOdGf5DNjP+Q69M/kNpZv5D4n/+Q52Z/kMVs/5Dr8z+Q2nm/kMDAP9DnRn/QxUz/0OvTP9D
aWb/Q+J//0Odmf9DFbP/Q6/M/0NJ5v9DAgAARL4MAESLGQBEWCYARDUzAETxPwBEvkwARItZ
AERYZgBEJHMARPF/AETOjABEm5kARFimAEQkswBEAsAARL7MAESL2QBEWOYARDXzAEQCAAFE
zgwBRIsZAURYJgFEJDMBRPE/AUS+TAFEi1kBRFhmAUQkcwFE8X8BRL6MAUSLmQFEaKYBRCSz
AUTxvwFEvswBRIvZAURY5gFEJPMBRA==</AssayXData><AssayYData Points="100">/jjMPrbBoT5o148+II2EPvJggT5Mwnk+3o98PsKgfD75RXs+toB7PosxgD7Oc30+L6t/Pg3q
fz6f934+sRKBPgVXgj6VzIA+UJmCPuZhgz4p44I+ydmDPpVmgj7WUIM+R9GDPu+hgz7XY4M+
YhyEPt2hhD7P0YQ+HoCDPriKhD4Q5YI+BzSGPhRXhT62mYc+4XeGPt8Jhj7SfYU+2x+FPu4E
hD7LvYQ+/+KGPuB3hj4yx4U+tLuHPruYhj5XLYY+uKiIPtFSiD7tgYY+CxiGPqKriD6PA4U+
FXCHPmn0hz59Gog+Y7eHPo+Ehz61YYc+sTeFPuHGhj45hok+OPaHPi8Khj41dYg+TuuGPnUz
hz7vVIg+evCHPv1UiD6AvYg+By2IPgdciD5hCoc+lxWHPlf7hz4dy4Y++COHPog0hj57KIk+
4/WIPi04hz59S4k+wQyHPsStiD7FT4c+6WmJPuN/hz6Hn4k+P9iHPuYRiD5x8ok+RZKIPmSR
ij7uMIg+d/+HPid8ij7MPok+E/SHPg==</AssayYData></Step><Step><CommonData><SampleLocation>11</SampleLocation><SampleID></SampleID><SampleGroup></SampleGroup><SampleInfo></SampleInfo><SampleRow>A</SampleRow><SamplePlate>1</SamplePlate><WellType>KSAMPLE</WellType><Concentration>-1</Concentration><ConcentrationUnits>µg/ml</ConcentrationUnits><MolarConcentration>-1</MolarConcentration><MolarConcUnits>nM</MolarConcUnits><MolecularWeight>-1</MolecularWeight><Temperature>30</Temperature><StartTime>1382061</StartTime><AssayTime>120</AssayTime></CommonData><FlowRate>1000</FlowRate><StepType>ASSOC</StepType><StepName>Association</StepName><StepStatus>OK</StepStatus><ActualTime>119.999</ActualTime><CycleTime>0.2</CycleTime><AssayXData Points="600">8f8BRL4MAkQuGgJERyYCRCQzAkTxPwJErUwCRHpZAkRHZgJEJHMCROF/AkStjAJEepkCREem
AkQUswJEZMACRL7MAkR62QJER+YCRBTzAkTx/wJErQwDRHoZA0RHJgNEJDMDROE/A0StTANE
i1kDREdmA0QkcwNE4X8DRK2MA0SLmQNEV6YDRBSzA0ThvwNErcwDRHrZA0RH5gNEFPMDROH/
A0StDAREehkEREcmBEQUMwRE4T8ERK1MBESLWQRER2YERCRzBETxfwREvowERKuZBERXpgRE
2LMERPG/BES+zAREi9kERFfmBEQk8wRE8f8ERL4MBUR6GQVEVyYFRCQzBUTxPwVEvkwFRItZ
BURXZgVEFHMFRAGABUS+jAVEgJoFRFemBUQkswVE8b8FRL7MBUSL2QVER+YFRCTzBUTGAAZE
rQwGRIsZBkRXJgZEJDMGRPE/BkS+TAZEi1kGREdmBkQkcwZE8X8GRL6MBkR6mQZEqaYGRBSz
BkThvwZEvswGRIvZBkRX5gZEJPMGRPH/BkS+DAdEixkHRFcmB0QkMwdE8T8HRGJNB0R6WQdE
R2YHRCRzB0TxfwdEco0HRHqZB0RHpgdERbMHROG/B0StzAdEi9kHREfmB0Q18wdE8f8HRL4M
CESLGQhEVyYIRCQzCEThPwhErUwIRJtZCERHZghEFHMIROF/CEStjAhE3ZkIREemCEQUswhE
4b8IRL7MCESL2QhEV+YIRCTzCESEAAlErQwJRHoZCURXJglEFDMJRPE/CUStTAlEelkJREdm
CUQUcwlElYAJRK2MCUR6mQlEqaYJRBSzCUThvwlErcwJRHrZCURX5glEFPMJROH/CUStDApE
ehkKREcmCkQUMwpE4T8KRK1MCkR6WQpER2YKRBRzCkThfwpErYwKRHqZCkRHpgpEFLMKROG/
CkStzApEi9kKREfmCkQk8wpE4f8KRK0MC0R6GQtEHCcLRBQzC0TxPwtEvkwLRHpZC0RHZgtE
JHMLRPF/C0S+jAtEvJkLRFemC0QkswtE8b8LRL7MC0SL2QtEV+YLRCTzC0Tx/wtEvgwMRIsZ
DERXJgxEJDMMRPE/DES+TAxEi1kMRFdmDEQUcwxE8X8MRL6MDESLmQxEV6YMRCSzDETxvwxE
vswMRIvZDERX5gxEJPMMRPH/DES+DA1EixkNRFcmDUQkMw1E8T8NRL5MDUSLWQ1EDGcNRBRz
DUTxfw1EvowNRIuZDURXpg1EJLMNROG/DUS+zA1Ei9kNRFfmDUQU8w1E4f8NRL4MDkSLGQ5E
VyYORCQzDkTxPw5EvkwORItZDkRXZg5EFHMORPF/DkStjA5Em5kOREemDkQksw5E8b8ORL7M
DkSL2Q5EV+YORCTzDkTx/w5ErQwPRHoZD0RXJg9EFDMPRPE/D0StTA9EelkPREdmD0QUcw9E
4X8PRL6MD0SLmQ9ER6YPRBSzD0Txvw9ErcwPRHrZD0RH5g9EFPMPROH/D0StDBBEehkQRHgm
EEQkMxBE8T8QRK1MEER6WRBER2YQRBRzEEThfxBErYwQRIuZEERHphBEFLMQROG/EEStzBBE
i9kQREfmEEQU8xBE4f8QRK0MEUR6GRFERyYRRBQzEUThPxFErUwRRHpZEURHZhFEJHMRROF/
EUStjBFEepkRREemEUQUsxFE4b8RRL7MEUR62RFEV+YRRBTzEUTh/xFErQwSRHoZEkRHJhJE
JDMSROE/EkStTBJE/VkSRFdmEkQUcxJE4X8SRK2MEkSbmRJEV6YSRCSzEkTxvxJEvswSRIvZ
EkRX5hJEJPMSRBIAE0S+DBNEixkTRFcmE0TYMxNE8T8TRL5ME0SLWRNEV2YTRCRzE0TxfxNE
vowTRIuZE0RXphNEJLMTRITAE0S+zBNEi9kTRFfmE0Qk8xNE8f8TRL4MFESLGRRERyYURCQz
FETxPxRE/0wURItZFERXZhREJHMURPF/FES+jBREepkURFemFEQksxRE8b8URK3MFESL2RRE
R+YURCTzFETx/xRErQwVRIsZFURHJhVE3zQVRPE/FUS+TBVEelkVRFdmFUQkcxVE4X8VRK2M
FUSLmRVEV6YVRBSzFUTxvxVEvswVRKvZFURX5hVEFPMVROH/FUStDBZEixkWRFcmFkQkMxZE
Q0AWRK1MFkR6WRZER2YWRBRzFkThfxZErYwWRHqZFkTaphZEFLMWROG/FkStzBZEi9kWREfm
FkQk8xZE8f8WRK0MF0R6GRdERyYXRCQzF0ThPxdErUwXRItZF0RHZhdEFHMXROF/F0StjBdE
epkXREemF0QUsxdE8b8XRL7MF0R62RdEV+YXRBTzF0Tx/xdErQwYRHoZGERHJhhEjTQYROE/
GEStTBhEelkYRFdmGERVcxhE4X8YRK2MGER6mRhER6YYRBSzGEThvxhErcwYRC7aGERH5hhE
FPMYROH/GEStDBlEehkZREcmGUQkMxlE4T8ZRK1MGUSLWRlER2YZRCRzGUTxfxlErYwZRIuZ
GURXphlEJLMZRPG/GUS+zBlEi9kZRFfmGUQk8xlE8f8ZRL4MGkSLGRpE8ScaRCQzGkTxPxpE
vkwaRItZGkRXZhpEJHMaRPF/GkS+jBpEi5kaRFemGkQksxpE8b8aRL7MGkSL2RpEV+YaRCTz
GkTx/xpEvgwbRIsZG0RXJhtEJDMbRPE/G0S+TBtEi1kbREdmG0RFcxtE8X8bRL6MG0SLmRtE
V6YbRCSzG0TxvxtEvswbRIvZG0RX5htEFPMbROH/G0S+DBxEDhocRFcmHEQUMxxE8T8cRK1M
HER6WRxEV2YcRCRzHETxfxxEvowcRIuZHERXphxEJLMcROG/HES+zBxEi9kcREfmHEQU8xxE
ZAAdRL4MHUR6GR1EVyYdRI00HUTxPx1EvkwdRHpZHUSpZh1EFHMdRGCCHUSPjx1Em5kdREem
HUQksx1E8b8dRK3MHUSL2R1ER+YdRCTzHUTx/x1ErQweRHoZHkRHJh5EFDMeROE/HkStTB5E
elkeREdmHkQUcx5E4X8eRK2MHkSLmR5ER6YeRBSzHkThvx5EvsweRHrZHkRH5h5Ep/MeRPH/
HkStDB9EixkfREcmH0QUMx9E4T8fRK1MH0R6WR9ER2YfRCRzH0Thfx9ErYwfRHqZH0RHph9E
FLMfRHTAH0StzB9Ei9kfREfmH0QU8x9E</AssayXData><AssayYData Points="600">MzDwPteVAT+TjAg/TT4NP7VyET9VcxQ/E/UWP8kuGz8/sRs/t9MfP+geIj8CnSM/2GQnP0Pq
Jz/KSSo/K58sP5ywLj/YWjA/wpEyP9QqMz/r6TU/D8Q4P4GCOD+vtTo/dSk9P6MUPj/KcT8/
TEFBP1tSQj/f5kM/EYtFP4y0Rj9lDEk/UKRIP/RKSj8eUEw/H7RNP35uTj+Y3k8/1IpQP7/B
Uj/MMVM/keJUP5xRVj8eM1c/O11YP2AzWD8QmVk//rZaP9/pWz+2DFw/Z61dP7XUXj+nhF8/
UiBfP9F+YT+y42E/n3piP6DkYj/b/2Q/qf1lP0viZj+u3WY/L/hnP5/CZz9rMmk/6exoP2ol
az/eTms/RUhsP1QLbT9PGm0/pRBuPwHobT+ohXA/XttvP0rjcD/V8XE/FvtxP6l9cj+az3M/
L/pzP3hNdD9ifnU/IdJ1PyrzdT87tXc/eZF3P3RPdz8DhHg/and5P+2yeD+m7Hk/tsR7P/42
fD8vTXw/jYl8P95AfD/tRHw/XqB9P8D1fT9Vun0/qZx/P60KgD+foX8/HnqAPwJZgD/4FIE/
XZaAP24TgT++coE/E8KBP2TxgT/RFoI/J+uBP0pvgj/+sYI/YcWCPwvzgj8y5II/HAqDP0ei
gz/Z+YM/3T6EP3dzhD/ZbIQ/+teEPwjahD8OjIU/F6KFPwE4hT8Wl4U/Y+iFPzQEhj8YAoY/
QoCFPwyrhj+6AYY/OtqGP4Auhj/36IY/ue6GP4bzhj/7IIc/AaaHPweMhz/2A4g/DZ+HP+n8
hz+/iog/UxqIPzrMiD9qhYg/cDuJPxsWiT8PWok/jYuJP/s/iT9Xv4k/qFeJPy/ciT9W3Ik/
Tt+JP0FFij85N4o/WPCKP5Ciij9QxIo/19yKP3H9ij+UVIs/RkCLP6tvjD9H9os/PPCLP44s
jD+V1Ys/xkmMPxWRjD8KY4w/bs6MP4JFjD8oq4w/WPuMP1zqjD+HqY0//AmNP09FjT/6Uo0/
tV+NP5rEjT+RAo4/0t6NP9gujj9+Eo4/GAWOP56Ljj+PQ44/EaGOPwARjz+H+I4/iamOPxUs
jz96/44/xP6OP8otjz+bYY8/zZWPP/ZOjz8ODpA/d52PPz6hjz9N6I8/U/6PPwQgkD9VPpA/
eFqQPwV3kD8azpA/NIaQP7/2kD8vJ5E/DFORPyFXkT+yfJE/ry+RP62mkT/PRZE/PU6RPyLn
kT+iq5E/6fmRP0Zhkj8CRZI/Ml+SP5H+kT8T2pI/PpiSP7bqkj/3NZI/BdGSP7eHkj8tPpM/
N8qSP1jdkj+c5JI/u2WTP0gykz9MjJM/zXCTP2Jlkz/n7JM/2HqTP3C4kz9OsZM/27+TP2/k
kz8VdZQ/SAmUP+FXlD+qipQ/mz2UP1J6lD/wipQ/TLOUPys2lT9L2pQ/EaGUP0YLlT9AGZU/
S0qVP/FolT+ztZU/XzaVP1DPlT8hzZQ/hmSVP2c4lT8/ipU/XJ+VP72alT8T/ZU/LJyVP/w9
lj9LjpY/m32WP6h9lj87qpY/eUiWP+/blj9k35Y/keeWP5HUlj922pY/ob2WP1YElz8q4JY/
riSXP0Qclz+b4pY/+p6XPwZrlz+J8JY/ej6XPxjRlz+tkZc/PG+XP31/lz8eLpg/85mXP/jE
lz9f+Zc/76eXP7mMmD93b5g/vwSYP2hwmD8Udpg/hniYP4eNmD/mm5g/oE6YPwsumD/xSpg/
+tmYPyvlmD/0GJk/K0uZPyDVmD+cQpk/awSZP5t2mT8ufJk/E4eZP86QmT9Q4Jk/AfKYP2KP
mT91x5k/BQOaPynomT9Zmpk/83WZPyXfmT/s+Jk/uf6ZP+Fcmj99y5k/dKOaP5AHmj8/15k/
0VKaP0VYmj/085o/XRGaP5Twmj/zjJo/nMSaP4dBmj+43Zo/JY+aP7fhmj+tFJs/WLCaP8w9
mz8LUZs/KN2aP+Srmj/iEZs/eC+bP06Hmz8SaJs/K2SbPyDUmz/Ye5s/ZbubP1mJmz/Dz5s/
0iScPyZGnD9N4Js/U6+bP97Emz+Zups/0HicP3lAnD9ZOpw/fGWcP4AvnD8yV5w/mqCcP840
nD85P5w/U++cP933nD8ScJw/3EudP4XqnD8WN50/h/qcP2L3nD/ocJ0/mw+dP71VnT/u9pw/
sl6dP9COnT+tIp0/u22dP16rnT/GVZ0/zFudP6WZnT+1t50/s3SdP65LnT9o4p0/iJCdP8MY
nj+U5p0/eJmdP7QVnj8X7Z0/aR+eP78onj+ctp0/u0GeP9t5nj9x5Z0/WFOePyG0nT/bf54/
EN+dP1Zfnj+7eZ4/4E6eP15tnj9I3J4/Hm2eP6dxnj8nzp4//EqfP2n0nj+E6J4/cOeePznm
nj+XT58/qTWfP6RFnz+XQp8/ZPSePxExnz9GZJ8/RmyfP9Zpnz9ofp8/6OGfP9yonz9WhZ8/
35GfP9vbnz/MfJ8/J2ufP6B/nz8Oj58/8qafPyYOoD/nFKA/euafPyxkoD/jP6A/jsKfPwgS
oD/fCqA/rS+gP+0NoD+dBqA/hlugPxpfoD8CnaA/Kp+gP+hLoD9qfaA/0T2gP0htoD/AeKA/
+pWgP1E+oD9raaA/hgKhP54uoT/G/aA/NvKgP0/2oD/hFKE/4tSgP40woT+H4qA/KWyhPyZx
oT+cgKE/DGahP7croT/hHqE/va2hP0F6oT97iaE/23OhP1amoT+kEKE/CeOhP8l0oT/XhqE/
BoShP1U9oj9u1qE/ChOiP3Ucoj86xaE/CvGhPx8Koj+IyqE/TgCiP2cboj/W8KE/qhmiPwJN
oT9O9aE/P8mhP2Qfoj8MW6I/Pu+hP7A7oj8wdKI/+UyiP2aeoj/BHaI/6luiP+qLoj+zIKI/
j+uhP7Knoj/CWKI/Jz2iPxGZoj8Q9qI/ahujP6iLoj8UpaI//qOiP5h8oj86/KI/zmejP14h
oz/W/KI/vQijPyANoz9RPaM/v3ajP8HRoz8dXKM/LUujP0zroz8QMqM/9VujP+xuoz8cZaM/
eeCjPwaKoz8ngKM/nIujPy3Soz9QhqM/6KOjP9HWoz8PwKM/NZSjP0/5oz9e2KM/UOCjP7ly
pD95PaQ/ugakP/w5pD+aaqQ/T92jP842pD/g8KM/aUmkPxl3pD9r8KM/Q1OkPy0XpT98bKQ/
FMOkP2JipD8zzaQ/5halP/GdpD9sjKQ/</AssayYData></Step></KineticsData></ExperimentResults>
