<?xml version="1.0" encoding="UTF-8" standalone="yes"?>
<ExperimentResults><ExperimentInfo Name="20251008 UPFB0001"><ExpDescription>AHC example method - full characterization&#13;
Analyte titration series with reference channel</ExpDescription><RTDVersion>2.0</RTDVersion><RunID>44513BEA-5865-4B65-BE64-68D265EFB71C</RunID><ExperimentType>KINETICS</ExperimentType><ExperimentSubType>KBASIC</ExperimentSubType><StartDateTime>2025-10-08T15:26:04</StartDateTime><MachineName>BN7KX12</MachineName><UserName>octet</UserName><LotNumber></LotNumber><PlateName>251008</PlateName><PlateName2></PlateName2><SensorName>B2</SensorName><SensorPlate>1</SensorPlate><SensorType>AHC (Anti-hIgG Fc Capture)</SensorType><SensorRole>LIGAND</SensorRole><SensorInfo></SensorInfo><WritingSW>DataAcquisition.exe 11.0.2.1</WritingSW><InstrumentType>OctetRED96</InstrumentType><InstrumentSerial>FB-50284</InstrumentSerial><InstrumentFW></InstrumentFW><IntegrationTime>3.0</IntegrationTime><DSPType>CPF</DSPType><DSPStitching>1</DSPStitching><HasManifest>1</HasManifest><InfoHash>-1324819486</InfoHash></ExperimentInfo><AssayParamsInfo/><KineticsData><Step><CommonData><SampleLocation>1</SampleLocation><SampleID>Running Buffer</SampleID><SampleGroup></SampleGroup><SampleInfo></SampleInfo><SampleRow>B</SampleRow><SamplePlate>1</SamplePlate><WellType>BUFFER</WellType><Concentration>-1</Concentration><ConcentrationUnits>µg/ml</ConcentrationUnits><MolarConcentration>-1</MolarConcentration><MolarConcUnits>nM</MolarConcUnits><MolecularWeight>-1</MolecularWeight><Temperature>30</Temperature><StartTime>612973</StartTime><AssayTime>180</AssayTime></CommonData><FlowRate>1000</FlowRate><StepType>BASELINE</StepType><StepName>Baseline 1</StepName><StepStatus>OK</StepStatus><ActualTime>179.999</ActualTime><CycleTime>0.2</CycleTime><AssayXData Points="900">AAAAAM3MTD7NzMw+mpkZP0SLTD8AAIA/mpmZP28Ssz8IrMw/okXmP05iAEDNzAxAN4kZQARW
JkAzMzNAAABAQGq8TECamVlAyXZmQDMzc0Ce739ANV6GQM3MjEACK5NAmpmZQM/3n0BmZqZA
nMSsQDMzs0BokblAAADAQDVexkCcxMxAMzPTQJqZ2UAAAOBAmG7mQJzE7EACK/NAmpn5QM/3
/0AzMwNBZmYGQYGVCUG0yAxB5/sPQRsvE0FOYhZBmpkZQc3MHEEAACBBGy8jQU5iJkGamSlB
tMgsQef7L0EbLzNBTmI2QYGVOUG0yDxB5/s/QRsvQ0GNl0ZBgZVJQbTITEHn+09BMzNTQU5i
VkGBlVlBtMhcQQAAYEEbL2NBTmJmQYGVaUG0yGxBGQRwQRsvc0FOYnZBgZV5QbTIfEHn+39B
ppuBQScxg0HByoRBWmSGQfT9h0GamYlBMzOLQeXQjEFmZo5BAACQQZqZkUEzM5NBzcyUQWZm
lkEAAJhBppuZQTMzm0HNzJxBZmaeQQAAoEEtsqFBMzOjQc3MpEFmZqZBAACoQZqZqUEzM6tB
zcysQWZmrkEAALBBmpmxQTMzs0HNzLRBi2y2QfT9t0GamblBMzO7Qc3MvEFmZr5BAADAQZqZ
wUFkO8NBwcrEQVpkxkEAAMhBmpnJQTMzy0HNzMxBZmbOQQAA0EGamdFBJzHTQc3M1EFmZtZB
AADYQZqZ2UEzM9tBzczcQVpk3kGHFuBBmpnhQTMz40HByuRBZmbmQQAA6EGamelBJzHrQdnO
7EFmZu5BAADwQY2X8UEzM/NBzcz0QWZm9kH0/fdBjZf5QTMz+0HByvxBZmb+QfT9/0HHywBC
mpkBQmBlAkIzMwNC+v4DQtPNBEKTmAVCYGUGQjMzB0IAAAhCzcwIQpOYCUJmZgpCLTILQvr+
C0LHywxCk5gNQmBlDkJ3Pg9CAAAQQsfLEEKamRFCkW0SQi0yE0L6/hNCx8sUQpqZFUJgZRZC
MzMXQvr+F0J/6hhCrJwZQmBlGkItMhtC+v4bQsfLHEKTmB1CYGUeQi0yH0IAACBCx8sgQpOY
IUJgZSJCLTIjQvr+I0LHyyRCmpklQmZmJkI5NCdC+v4nQsfLKEKTmClCYGUqQi0yK0L6/itC
x8ssQpOYLUKqcS5CLTIvQvr+L0LHyzBCk5gxQmBlMkIzMzNC+v4zQsfLNEKamTVCZmY2QjMz
N0IAADhCzcw4QpqZOUJmZjpCMzM7QgAAPELNzDxCmpk9QmZmPkIzMz9C+v4/Qs3MQEKamUFC
ZmZCQjMzQ0IAAERCzcxEQpqZRUJmZkZCMzNHQgAASELNzEhCmplJQmBlSkIzM0tCAABMQs3M
TEKTmE1CZmZOQjMzT0IAAFBCx8tQQpOYUUJmZlJCMzNTQvr+U0LHy1RCmplVQmZmVkIzM1dC
+v5XQs3MWEKamVlCZmZaQi0yW0IAAFxCzcxcQpqZXUJmZl5CMzNfQgAAYELZzmBCmplhQmBl
YkItMmNCAABkQs3MZEKTmGVCZmZmQjMzZ0IAAGhCzcxoQrieaUJgZWpCMzNrQvr+a0LHy2xC
mpltQmZmbkItMm9C+v5vQsfLcEKTmHFCYGVyQjMzc0IAAHRCx8t0QpqZdUJmZnZCTDd3QgAA
eELNzHhCmpl5QmZmekIzM3tC+v57Qs3MfEKamX1CYGV+Qi0yf0KDAIBC42WAQt/PgEIzM4FC
F5mBQn3/gULjZYJCzcyCQrAyg0IXmYNCjwKEQuNlhEJKzIRCMzOFQheZhUIAAIZCZmaGQkrM
hkKwModCF5mHQn3/h0JmZohCSsyIQjMziUKamYlCAACKQuNlikJKzIpCsDKLQheZi0IAAIxC
42WMQkrMjEKwMo1CF5mNQn3/jUJmZo5CzcyOQrAyj0IXmY9Cff+PQuNlkEJKzJBCsDKRQheZ
kUJ9/5FCZmaSQkrMkkIzM5NCmpmTQgAAlEJmZpRCzcyUQjMzlUK4npVCAACWQmZmlkLNzJZC
MzOXQpqZl0IAAJhCZmaYQs3MmEIzM5lCmpmZQgAAmkJmZppCVs6aQjMzm0KamZtCAACcQulm
nEJKzJxCMzOdQpqZnUIAAJ5CAmueQs3MnkIzM59CmpmfQoMAoELjZaBCzcygQjMzoUKamaFC
AACiQuNlokLNzKJCMzOjQheZo0IAAKRCf2qkQs3MpEJSOKVCF5mlQgAApkLjZaZCzcymQjMz
p0IXmadCff+nQuNlqELNzKhCsDKpQpqZqUJ9/6lCG2+qQs3MqkIzM6tCF5mrQn3/q0LjZaxC
SsysQjMzrUIdmq1CAACuQuNlrkLNzK5CsDKvQpqZr0IAALBCZmawQkrMsEKwMrFCmpmxQn3/
sUJmZrJCSsyyQjMzs0KambNCAAC0QuNltEJKzLRCsDK1QqCatUJ9/7VCZma2Qs3MtkKwMrdC
F5m3Qn3/t0LjZbhCzcy4QrAyuUKamblCAAC6QuNlukJKzLpCsDK7QheZu0J9/7tC42W8QkrM
vEKwMr1CF5m9Qn3/vULjZb5CSsy+QrAyv0IXmb9CAADAQuNlwELNzMBCsDLBQheZwUJ9/8FC
42XCQkrMwkKwMsNCF5nDQn3/w0KFa8RCzczEQjMzxUKamcVCff/FQuNlxkLNzMZCMzPHQheZ
x0IAAMhC42XIQkrMyEKwMslCppvJQn3/yULjZcpC2c7KQrAyy0KamctCAADMQmZmzELs0cxC
MzPNQpqZzUIAAM5CZmbOQs3MzkIzM89CmpnPQgAA0EJmZtBCzczQQjMz0UKamdFCAADSQmZm
0kLNzNJCMzPTQpqZ00IfBdRCZmbUQs3M1EIzM9VCmpnVQn3/1UJmZtZCzczWQjMz10KamddC
AADYQmZm2EJKzNhCMzPZQpqZ2UJ9/9lC42XaQs3M2kKwMttCmpnbQgAA3EJmZtxCzczcQjMz
3UKamd1CAADeQvZo3kLNzN5CsDLfQpqZ30J9/99C42XgQs3M4EIzM+FCmpnhQgAA4kJmZuJC
zcziQjMz40I1nuNCff/jQuNl5EJKzORCsDLlQheZ5UIAAOZCZmbmQuXQ5kKwMudCmpnnQgAA
6ELjZehCzczoQrAy6UIXmelCff/pQuNl6kJKzOpCsDLrQpqZ60J9/+tCZmbsQkrM7EKwMu1C
F5ntQoMA7kLjZe5CSszuQrAy70Kame9CAADwQuNl8ELNzPBCsDLxQheZ8UJ9//FCZmbyQkrM
8kLPN/NCF5nzQn3/80JmZvRCzcz0Qmo89UIXmfVCff/1QvBn9kLNzPZCsDL3QheZ90J9//dC
42X4Qs3M+EKwMvlCF5n5Qn3/+ULjZfpCSsz6QjMz+0IXmftCHwX8QuNl/EJKzPxCsDL9QheZ
/UJ9//1C42X+QkrM/kKwMv9Cmpn/Qn3//0IzMwBDJWYAQ1iZAEOLzABDvv8AQ/IyAUO0aAFD
mpkBQ4vMAUO+/wFD8jICQ3NoAkOamQJDzcwCQwAAA0MzMwNDZmYDQ5qZA0PNzANDAAAEQzMz
BENmZgRDmpkEQ83MBEMAAAVDMzMFQ2ZmBUOamQVDzcwFQwAABkMzMwZDZmYGQ5qZBkPNzAZD
AAAHQzMzB0NmZgdDmpkHQ83MB0MAAAhDMzMIQ2ZmCEOamQhDzcwIQwAACUMzMwlDZmYJQ1iZ
CUPNzAlDvv8JQzMzCkNmZgpDmpkKQ4vMCkMAAAtDMzMLQ2ZmC0OamQtDi8wLQwAADEPyMgxD
ZmYMQ5qZDEPNzAxDAAANQ/IyDUMlZg1DmpkNQ83MDUMAAA5D8jIOQyVmDkNYmQ5DzcwOQwAA
D0PyMg9DJWYPQ5qZD0PNzA9DAAAQQ/IyEENmZhBDmpkQQ83MEENCABFDMzMRQ2ZmEUOamRFD
zcwRQwAAEkPyMhJDJWYSQ5qZEkPTzRJDvv8SQzMzE0MlZhNDmpkTQ83ME0MAABRD8jIUQ2Zm
FENYmRRDi8wUQ77/FEPyMhVDZmYVQ1iZFUPNzBVDvv8VQ/IyFkMlZhZDWJkWQ4vMFkMAABdD
tjMXQyVmF0NYmRdDi8wXQ77/F0PyMhhDJWYYQ1iZGEOLzBhDvv8YQzMzGUMlZhlDWJkZQ83M
GUO+/xlD8jIaQ6hmGkNYmRpDi8waQ77/GkPyMhtDJWYbQ1iZG0OLzBtDvv8bQ/IyHENmZhxD
WJkcQ4vMHEO+/xxD8jIdQyVmHUOamR1DzcwdQwYBHkPyMh5DZmYeQ1iZHkPNzB5DAAAfQzMz
H0NmZh9DmpkfQ83MH0MAACBDMzMgQ2ZmIEPbmSBDzcwgQwAAIUMzMyFDZmYhQ5qZIUPNzCFD
AAAiQ/IyIkNmZiJDmpkiQ4vMIkO+/yJDMzMjQ2ZmI0OamSNDzcwjQwAAJEMzMyRDZmYkQ5qZ
JEPNzCRDAAAlQzMzJUNmZiVDmpklQ83MJUMAACZDMzMmQ2ZmJkNYmSZDUM0mQwAAJ0MzMydD
ZmYnQ5qZJ0PNzCdDvv8nQzMzKENmZihDmpkoQ83MKEMAAClDMzMpQyVmKUOamSlDzcwpQ77/
KUMzMypDZmYqQx2aKkPNzCpDywErQzMzK0MlZitDmpkrQ83MK0MAACxD8jIsQ2ZmLENYmSxD
zcwsQ77/LEMzMy1DZmYtQ6CaLUOLzC1Dvv8tQzMzLkMlZi5DmpkuQ4vMLkMAAC9DMzMvQ2Zm
L0NYmS9Di8wvQwAAMEN7NDBDJWYwQ1iZMEOLzDBDvv8wQ/IyMUNmZjFDWJkxQ83MMUO+/zFD
MzMyQyVmMkNYmTJDkc0yQ77/MkMzMzNDJWYzQ5qZM0OLzDND</AssayXData><AssayYData Points="900">AAAAAPBLbTt2Sdw7tMVrOkL/mzr1WbQ7+39sO9S+ujsSl/A74bTaO+6mNDzuer87Nc7lO6oJ
BTzum+g7l+cWPKnj/zuZTyU8nLLHO5ufHTxwRA48GTAEPBizDTzDjw08uwsaPCyTMTzXkh48
NVBBPOxfIDz/sR887fHWO+zcEjyS/P07mHI/PCD4XzzzFjY8J04EPAlOBTxOPiQ8h3wiPFp0
LzwCiDk8EwtHPNM0AzxtmhM8uDUePKGAATwxmiU8r9U/PPFMOTzm0zw8dDvpO0myLTx9hgg8
B/BaPPukyTu3UeA7t2sAPMMpETxz8Rg86BwmPGkMMDxd3VU8fFjzO6exLzxK/kE8+H80PINK
RjxcZz08LMbqOwKSBzyBqhQ8PWUwPL37OTw7BBI8PQ8hPPkeCzwsOUE83TwPPFJ0dTzKmhM8
GLVgPB37CzzLgAA8aOUTPEWoVjy6RlQ8PhdOPCYoSTwxcwc8YZ4LPFcALTzx8xY8XbZGPE/I
QDx2VDs8D3ImPPJdOzy8PTM8ibtLPFmcKTyhnlY8kmclPKl2FDyBsUw8EsXvO6BMJzzPZls8
AElaPOkgaDxPBhA83spKPDYWIjx6SyM8IP+FPB+HZDzMcyI8P0cBPEtYOzwFFz88cdhAPI5P
Yzz0oAM84DgzPEIcZjyEdS48lWc3PHmeHjwlmC088wc4PPvZUTyyJjs8sgBTPBg3GjzuUGY8
ZkVOPGSnADxcNSs8/wP3O9tuZDzXnRg8aEQxPP+bKjy9DlE8g3cWPO5VFDz8Aic86EgsPFJN
Uzwy1Uo8PndMPDSDTTwAZ1k8azoGPIVRUDwa40s8pcVAPPtqSjxuayo8Jmc0PJoLHTyT1wo8
QfuGPDnoWjxba148i3RaPN5raTyWnng84jpdPDBfCzydcV08qFIkPH0ObjyoaTg8TUsxPMC1
aTyZDUo82FJDPMjuJzyl3xA8gQ5pPJdlIzwjWYw8uAQwPOxNazyJuT48SRtgPNbNLjzoaUE8
/1g6PID0XjwSfF08pMtdPNkcTzw1QVY8I0xePE9AJjzXczk8ZK9RPKokcDwRAW88OREhPL+l
fDxOIkY81vdePOsXPjyqH4g8Zc43PEm7PzwFsyo8hq9IPEQMQTy8v148cmAvPLOrKTwbJyw8
RB0QPHUaPzz4rz480W9kPESJTDytvzY8V9ooPOENVDwEq4Q8WUFHPLaRRDyyGV48EUlPPBrU
MTyJbzg8Xvs/POdqdTzVk1I8BY1vPJEsfjwaWUE8wHGAPNYBLzyQ0Fw8hyI7PNw7cjw3t3U8
Vvc6PL1JMTwDC2w8PElhPI7fJzxdCjc8b8VtPIpjNzywcE48Pj1nPAeuNzxtCzc871tZPDO5
XzzwXT08wpE6PJnWQzx8boc8tuhbPMO5PzzVbh48rWtbPKTRQzx6Y4A8g6dsPLhNMzz2V3I8
H1ZjPALAUzxJr0s8OBR+PA1JKzyInjg8xBhaPCNdUDwvQjg8jpUMPENHWjw0goc89l9UPBBN
eDxkpn88XbpEPGnDSzzHKVU8f6CIPLyfYzzeI3U8KWcnPIm7WDyPpVg81bMIPGL0WDx9dmI8
+tRKPNYdVzwvsjY8nlC8O9NVcDzawIk8Gg2BPOh6fzw+gXI8sRAfPMerYjxG5jw8bcMgPA6y
XTyzxFI8jhpQPJKKgDzqgXA8yP1sPCOfLzzZtVI83n5gPBJaKjxVrmo8LNxhPGJcODx/1YY8
sc94PHPYiTwLC4A8H3J+POKQQDwnfic8l/AgPMYbaDwIigY8lwWCPDXZLTzES4Q8uISiPGVx
cDzKuHo8g6lGPMWobTy5+0c8khdqPEqhcjzbLGg8jtZJPKu0iDwb/1w856kYPAB2ejyV7oc8
EMuCPDATZDxEsG889RlNPJVpbTzKwi48S8pfPHNDLTziNk081NZfPHl/JzzZIGY88J5yPDEr
bzzutJA8PtVCPOiXTDwC01w8d0KLPLXPIjx4gVQ85HNePAWBfjxxGSI8OdVmPL9pkTzxSmI8
1MJCPI4Udjwh0k48YExhPJSjgDyBVoM8ITeOPM5LeTyw4YM8pEtaPC+YgTwu8Xk8Yt+APLN4
iTzStnQ8ySxoPJN1WjyCXZA8bs1IPCv1VTzT/UE821SEPIUFeTyWGD48U4hrPGRLWTzuQlc8
itF2PPMvZDyLTJc8YS5CPOI1fDzT1FA8TOF7PBP+dTwrQYI8JR1KPAYgejwG24A8S5h3PHXc
fTyKLz881BOJPK3ygzzxD3M8OqF8PJHKmTxN3nQ8N7JKPB7JfzxnNHk8x+1pPPWLZDxux1k8
i/JyPP+giDzot1M8juaCPK/5fDwTHWk8Mm1jPEPGVjy2pI48yjmLPGoyXDzkxD88CWhWPLvG
gzydCHg8CEhtPJERfzyuCog89aB3PB6HWzxyH4E8e7RbPBFFhDzIlGY8Rql2PFdNMDw4TTk8
qo9/PD8thDxAE2k8736NPC2gYzw5c2c8+tpxPB37YTxeSZE848WVPLlAgTxtUIo8/ZSGPETV
QjymJnk8a1yHPMqSlDwmQ2I8IGhsPJTXljwPoX88jkJwPJ3rTDxb+4o8fZR6PLL6mTyFyYo8
+lh1PGxXUjyHK4885G5uPPC5aTzBdYI8fbWfPDGygjyXql88AmV+PHhQeDxZIYM85qSPPO8D
jTwaiUw8cKpZPOwEWDw5wTg8iLyLPFBVizyNfJE8irdiPFqddDwisHo8ZEFxPD79kDyq4488
N3KJPGpeazzaW4A8KO13PLfXijxnjYg8OqOFPFDwWzyteVc8WVRmPP0SUDzjQJs8paiZPDyT
bDxyDEU83npsPOZSVzwhI1M8M1lRPOuKljyPtHo8JA16PAsfiTx/eDc88EduPMJ0gDz47Ik8
RE1rPDMGhjxzq4w8HMSPPP/ZhjwbSYI8hzB7PEVvfzy6k388XyRePJX3hzwO8I08bqmaPO7n
cjy3C4k8fjVdPCovSjycsEQ8VnhiPDvcgzzpBXU893+GPIb6fDxeIWY8EEKTPDyUpDxu1Yo8
WI2cPB4sgTxepo88DW5vPEHNZjzazoA8NWJpPLPbhTyvNYg858BRPGXrizylLIw8QjCFPKi3
gzxOb5E8IrBtPDd5jDzG+Hw8wbJ3PJTScjyr5IY89O9IPFo7bzxKOXw8chM5PNn1WzwYjHk8
lbaLPFicezxhcVk8K66DPHUtaDwf9Ig8q5YaPIbQajxJBno8rKR2PDcDbDwGI4A83dWCPE6r
ljy2xos8C+VtPO0bZTxeK1w80jh/PJK8hDzWLIE8suBGPF4YoDxP8GI8RUiFPFHIdzxUU5Y8
FWRpPMZChTy3k4M8kLZXPPOblzyEO4g8zKmZPAPdkTzQxK48xkaHPF3ngTyVlJE8fxyEPKnj
aTyKUJA8nmKYPJdEizwz9oY8f0piPCzkeTz55Y08PIOGPOmshTy2vnM85w5wPHJrljxcX1w8
eDqVPJOaizyFHXA87sR5PAC4lTwoXm48O2FwPDSWXjz9So88qbqFPHwcfTwBgoM8wgJfPNSm
Zjy4wFU8cK6WPImnjzytu3A8ZadiPFYpgDwF7Ig8uyiIPIdAizzvUZM8FcxqPE4YZjzLHIc8
JW+HPDeteDzXUW086Xh2PA7MkTyylJY8WmJ/PEP8eDzFmX08q26HPPdfaTyKBY88HDF4PJk0
bTwg4ZU8nnOOPEatQjz3FmQ89kNEPJ/WXjyaqmc8WCGbPOUkSzx2Dpc8Vb5ZPAZxmDyfo4Y8
Sb1dPDo8pDxQN3E88k5iPGN4mjz/g5E832KXPCjWlzw8eG48SNx/PHN9STyel4I8l0JSPAZS
YzwaRFI8PCdpPDJnWjwrin88vjpqPBRbnDzkPow8NVCRPBnekTwW3Z48Sl5/PJ7jWDwaoWc8
UlGaPNZdQTzLFoo82mB2PIC7ZzyuJn88YkJhPJJjgDw3jWM8xNZ3POPVczxVLZQ8oDacPIrj
eTxVmlE8FIVxPKHiijxnqY48uFQ5PJ5LpzxUuJE8oPWQPKAkjzx0d3g8uJ58PL56ajyC2mI8
fJeCPP4cmjy4aoQ8AJmCPH98nTyBwV88NgyaPHhNYzzU/408LP6ePJOChzxYxpc8f/OJPJjI
nzz/XVM8O9+RPNlmhTyZsFw8B5aNPLgocjwgqWQ8p7hXPKvwdTzreHA8nNZgPH4ZizyWvnI8
WKSKPDvAQjzykow8AmSGPEqQUjxbzns8ceh9PFtlgjwcqG48Q5Z+PKjaZDy9mpM84e1pPH5g
Tzzq3JE8l96IPO8+kTxQYWs8JPhNPJuvaDxNcIU8fkeFPFRlkDwqunI8/jyBPLb3mDwSEZQ8
VhOSPH95VDyEQ3I8NtBUPDXjhDy7H4U8A8uUPPwnkzxAyIU8+waFPOQBgTzl/YU8jz2IPDkn
ZDxPN4E8BQ+GPDeaaDyje4E81aZpPKokjjwQUZA8AWeCPFg5gjx8cXs8LRqTPNMpijzbAFo8
29iMPKv9hTySrKI8FdCePEWBgDwZMIY8thuJPCJDlDyP/3U87WldPN07ejxgA1A8FsKMPLH/
azyuiJY8MsZxPGOXizyVOo8839CVPEGVjTytUzA8SheWPDPqcjyYhH08FLt8PPNveDwmaZM8
GdCEPLSgizxwPKM8BWiPPPzRmjxqWY883cGVPP2ncjyxfKg8XqKAPKqddDz/lXA8DBxsPD8P
mDxGMpw8/1eYPFlOhTy48pc8n/uJPLmThjx9HIM8vAJ/PNtNazyxHXM82T9xPDrtgDzQFHk8
ZxWZPIw8ZTz9Uoc8UhiKPGDubzyr33s8mUVrPMYTXDwmXnA8</AssayYData></Step><Step><CommonData><SampleLocation>2</SampleLocation><SampleID>10mM Glycine pH1.7</SampleID><SampleGroup></SampleGroup><SampleInfo>or other Regeneration solution</SampleInfo><SampleRow>B</SampleRow><SamplePlate>1</SamplePlate><WellType>REGENERATION</WellType><Concentration>-1</Concentration><ConcentrationUnits>µg/ml</ConcentrationUnits><MolarConcentration>-1</MolarConcentration><MolarConcUnits>nM</MolarConcUnits><MolecularWeight>-1</MolecularWeight><Temperature>30</Temperature><StartTime>969006</StartTime><AssayTime>20</AssayTime></CommonData><FlowRate>1000</FlowRate><StepType>CUSTOM</StepType><StepName>condition</StepName><StepStatus>OK</StepStatus><ActualTime>20</ActualTime><CycleTime>0.2</CycleTime><AssayXData Points="100">vv8zQ/EyNEPjZTRDFpk0Q0nMNEN8/zRDsDI1Q+NlNUMWmTVDi8w1Q77/NUPxMjZDJGY2Q1iZ
NkNJzDZDfP82Q7AyN0PjZTdDWJk3Q0nMN0O+/zdDsDI4QyRmOENYmThD0s04Q3z/OEPxMjlD
JGY5QxaZOUNJzDlDvv85Q/EyOkPjZTpDFpk6Q0nMOkN8/zpDsDI7QyRmO0MWmTtDScw7Q3z/
O0OwMjxDJGY8Q1iZPENJzDxDfP88Q/EyPUPjZT1DFpk9Q0nMPUN8/z1DsDI+Q+NlPkMWmT5D
Scw+Q3z/PkOwMj9D42U/QxaZP0NJzD9DfP8/Q7AyQEPjZUBDn5pAQ0nMQEN8/0BD8TJBQ+Nl
QUNYmUFDi8xBQ77/QUPxMkJDJGZCQ1iZQkOLzEJDvv9CQ4E1Q0MkZkNDWJlDQ4vMQ0O+/0ND
8TJEQyRmRENYmURDi8xEQ77/REPxMkVDJGZFQ1iZRUPMzEVDfP9FQ/EyRkMxaEZDWJlGQ4vM
RkO+/0ZD8TJHQ+NlR0NYmUdDi8xHQw==</AssayXData><AssayYData Points="100">qi92vkhyRL6ylB6+eRMKvs5a/L0YXfS9a7v1vVHe9L0mdQC+A6ADvnReBb4dYAy+v3IPvunL
D76Zihi+NdIZvonIGr4+6iS+lWklvj+6Jr4lKyq+lPEsvrZrLL7T0DC+QhUwvpIMN756+Ta+
Kn83vifHOL5gvz++P49Bvs3XQL7oG0W+g/BGvvASQ76aSEi+Kb9KvlfiSb6CTU2+ykxNvmLT
T77uc1O+RpVRvv9/Vr671lS+7cBXvlBbWL6opl2+GqZavhpSWr6k61++gONevlCgX74qjmK+
lJVkvn7aZr6n1ma+FvZmvu+taL4zwGi+LXtovkjrb74MRWy+LKBsvrDCa75ZsW2+6y10vkOD
cb6ob2++LaJxvu6Tc76MgXW+vRF4vmPYer4oyHi+IRt+vqDZe75gan2+j9Z7vtggf77nTXy+
p+V8vhm9er570n++ZFV/vg2RgL7ZUoG+K6CDvnrPf77N9oO+18eDvggCg75mMYS+tZ6Cvvp9
hL6S6oa+FgiEvnRNhr7m6oW+FRiGvg==</AssayYData></Step><Step><CommonData><SampleLocation>1</SampleLocation><SampleID>Running Buffer</SampleID><SampleGroup></SampleGroup><SampleInfo></SampleInfo><SampleRow>B</SampleRow><SamplePlate>1</SamplePlate><WellType>BUFFER</WellType><Concentration>-1</Concentration><ConcentrationUnits>µg/ml</ConcentrationUnits><MolarConcentration>-1</MolarConcentration><MolarConcUnits>nM</MolarConcUnits><MolecularWeight>-1</MolecularWeight><Temperature>30</Temperature><StartTime>994350</StartTime><AssayTime>20</AssayTime></CommonData><FlowRate>1000</FlowRate><StepType>CUSTOM</StepType><StepName>condition</StepName><StepStatus>OK</StepStatus><ActualTime>20</ActualTime><CycleTime>0.2</CycleTime><AssayXData Points="100">vv9HQ7AySEPjZUhDFplIQ0nMSEN8/0hDsDJJQyRmSUMWmUlDScxJQ3z/SUOwMkpDJGZKQxaZ
SkOLzEpDvv9KQ/EyS0PjZUtDFplLQ0nMS0O+/0tDsDJMQ+NlTEMWmUxDi8xMQ3z/TEOwMk1D
42VNQxaZTUNJzE1DfP9NQ/EyTkMkZk5DmZlOQ4vMTkO+/05D8TJPQyRmT0NYmU9Di8xPQ77/
T0PxMlBDJGZQQ1iZUEOLzFBDvv9QQ7AyUUMkZlFDWJlRQ4vMUUN8/1FD8TJSQyRmUkNYmVJD
i8xSQ77/UkPxMlNDJGZTQ1iZU0NPzVNDvv9TQ/EyVEMkZlRDWJlUQ0nMVEN8/1RD8TJVQyRm
VUNYmVVDi8xVQ3z/VUPxMlZDZmZWQ1iZVkNJzFZDvv9WQ/EyV0MkZldDWJlXQ4vMV0O+/1dD
sDJYQ+NlWEMWmVhDScxYQ77/WEPxMllDJGZZQ1iZWUOLzFlDfP9ZQ/EyWkPjZVpDWJlaQ0nM
WkN8/1pDsDJbQ+NlW0NYmVtDi8xbQw==</AssayXData><AssayYData Points="100">Fh7FO1UXLb2y7ZG9C46hvWrsub0DXLm95CnAvd5vx71ZGbq9qpKyvT9Wur1qJLO9UXetvWU5
oL19rai9qQ2lvQFnp72R0529ESSdvdnEor1sBZq9VgaevZ3ojb38OJe9jceYvfVgjb3f6JK9
LyyQvY1Hkb3CIJK9lMeUvZpzjL33Iou9GxKLvfJtjL2bWou9MECLvXhCer1Em4m9x/yHva5r
gb32HH+9YkV6vb07gr07tnO9io+AvaZ9hL37qYG9CzeBvdhpe719jn29Y4NvvQiZfL04Bn29
wChovThfgL3Mpni9ZrZ4vSjieb1x8ni9qfNlvZkUeL2S/3K9fwh3vZb4bb2PJnq96bJyvQlB
bL22cHO9DwN5vbkEcb0ZkXK9KqZwvQOObL2zjGu9IsptvaOhcb37Fmi9TCVevfzlbb0gQWe9
OVBdvWSmbb1j8W69G9BsvbXcXb0XVmS9OrxpvfHIbL3y3mm9giRfvRA+Yb0LJ3i9dzVfvfUu
W73ERF69ok5VvfPkYr0sumu9SdNavQ==</AssayYData></Step><Step><CommonData><SampleLocation>2</SampleLocation><SampleID>10mM Glycine pH1.7</SampleID><SampleGroup></SampleGroup><SampleInfo>or other Regeneration solution</SampleInfo><SampleRow>B</SampleRow><SamplePlate>1</SamplePlate><WellType>REGENERATION</WellType><Concentration>-1</Concentration><ConcentrationUnits>µg/ml</ConcentrationUnits><MolarConcentration>-1</MolarConcentration><MolarConcUnits>nM</MolarConcUnits><MolecularWeight>-1</MolecularWeight><Temperature>30</Temperature><StartTime>1019966</StartTime><AssayTime>20</AssayTime></CommonData><FlowRate>1000</FlowRate><StepType>CUSTOM</StepType><StepName>condition</StepName><StepStatus>OK</StepStatus><ActualTime>20</ActualTime><CycleTime>0.2</CycleTime><AssayXData Points="100">v/9bQ7EyXEMlZlxDF5lcQ0rMXEN9/1xD8jJdQ+RlXUMXmV1DjMxdQ33/XUO3M15D5GVeQ1mZ
XkNKzF5Dff9eQ7EyX0MlZl9DWZlfQ0rMX0N9/19DsTJgQzhpYEMXmWBD2s5gQ7//YEPyMmFD
8GdhQ1mZYUNKzGFDv/9hQ7EyYkOoZmJDF5liQ0rMYkN9/2JDsTJjQ+RlY0MXmWNDSsxjQ33/
Y0OxMmRDJWZkQyObZENKzGRDff9kQ7EyZUMlZmVD3JllQ0rMZUPFAGZDsTJmQyVmZkNZmWZD
jMxmQ7//ZkPyMmdDJWZnQ5qZZ0OMzGdDv/9nQ/IyaEMlZmhDoJpoQ4zMaEO//2hD8jJpQyVm
aUNZmWlDjMxpQ7//aUPyMmpDJWZqQ1mZakOMzGpDv/9qQ/Iya0MlZmtDF5lrQ4zMa0O//2tD
sTJsQyVmbENZmWxDjMxsQ33/bEPyMm1DJWZtQ1mZbUNQzW1Dv/9tQ/IybkMlZm5DF5luQ4zM
bkN9/25D8jJvQyVmb0NZmW9DjMxvQw==</AssayXData><AssayYData Points="100">fe2qvhFtk74oQn2+bS5kvjSGVb5Ni1K+rQNUvlO9Vr6KIFO+k8tSvuMlVL4PpFq+gNFevr3P
W75EhmK+JUVkvh45Yb6dS2q+tjdlvheMbb6sb3C+7m5uvq5Zcr4wv3K+V1p0vnz7dr67rHi+
+ix5vmrAeL4hMHu+I+J4vmkpf75QTIC+8p5/vg2TgL7AJYK+7jKAvirzgb69ooK+GRSDvk23
g74wKoS+foiEvou3g77w2IW+QrSFvjzrhr5QMIe+UxOIvmFbh75UaIe+fPuFvooih76SQIm+
rC2IviDyib5l6Yq+gtyLvhcvjL6Qq4m+mZuNvnyUir7pBo2+956Nvl97jb7bcY2+f7eNvrh0
jr6vr4++qXCPvoD1jr6Z6Y++GBePvmUckL6g0ZG+mEiRvoUFkr6WN5K+FIqSvqDulL5axZG+
Nx6TvjZplL4ywJW+zcyTvhPElL6a7ZS+8NaUvqaslb5/3JO+plqUvunklb4615S+jx6Wvuhe
lr7BC5a+rxGWvlP5lr45+5e+vwiXvg==</AssayYData></Step><Step><CommonData><SampleLocation>1</SampleLocation><SampleID>Running Buffer</SampleID><SampleGroup></SampleGroup><SampleInfo></SampleInfo><SampleRow>B</SampleRow><SamplePlate>1</SamplePlate><WellType>BUFFER</WellType><Concentration>-1</Concentration><ConcentrationUnits>µg/ml</ConcentrationUnits><MolarConcentration>-1</MolarConcentration><MolarConcUnits>nM</MolarConcUnits><MolecularWeight>-1</MolecularWeight><Temperature>30</Temperature><StartTime>1045634</StartTime><AssayTime>20</AssayTime></CommonData><FlowRate>1000</FlowRate><StepType>CUSTOM</StepType><StepName>condition</StepName><StepStatus>OK</StepStatus><ActualTime>19.999</ActualTime><CycleTime>0.2</CycleTime><AssayXData Points="100">v/9vQ7EycEMlZnBDWZlwQ4zMcEN9/3BDsTJxQyVmcUNZmXFDSsxxQ7//cUPyMnJD5GVyQxeZ
ckOMzHJDff9yQ7Eyc0MlZnND3JlzQ0rMc0O//3NDsTJ0Q+RldEOamXRDSsx0QwcBdUPyMnVD
JWZ1Q1mZdUOMzHVDff91Q7EydkPBanZDWZl2Q4zMdkN9/3ZD/zR3QyVmd0MXmXdDSsx3Q33/
d0PyMnhD5GV4QxeZeENKzHhDv/94Q/IyeUPkZXlDF5l5QxXOeUO//3lDsTJ6Q+RlekMXmXpD
Ssx6Q33/ekOxMntDJWZ7Q1mZe0OMzHtDff97Q7EyfEMlZnxDF5l8Q0rMfEN9/3xD8jJ9Q+Rl
fUMXmX1DSsx9Q7//fUPyMn5D5GV+QxeZfkNKzH5DJQZ/Q7Eyf0PkZX9D4pp/Q0rMf0N9/39D
eRmAQ/EygEOLTIBDJWaAQ75/gEO6mYBD8bKAQzXOgEMl5oBD3/+AQ1gZgUPxMoFDi0yBQyVm
gUPff4FDeZmBQ/GygUOszIFDJeaBQw==</AssayXData><AssayYData Points="100">jKIdvccCnL098MO9/TvVvXN13r2L6eS94iDfvT5Q473Q59W9tCHXvekG073exda9ecrQvTTb
zb1gmsm9IAPFvY1eyr3S0MW9XDHEvYosxb1pQLq9zpS+vXHMvb1jE7i9hjS3vSR+vb2xV7m9
Uky0vcbRsr2zvrS9CLivvTXxsL1RB669ItW3vULEsr1vELC96N+yvY62pr3RSqi9X/WnvT3+
rL1+9Ky9QT+vvYk5rL32CLO9FCWlvW9oq70Ez6m9SXCxvZqLrb3xD6y99qCqvUk4r70wIp+9
81qovWQ5p71LsKO9ZCegvRwap73Saaa9gaelvbRnoL0Cq529boedvfFLl70LBqK9vkugvXo/
oL0/I6K9goGcvYnVnL2ox569NWujvWkimb3+wZ+9Q2ucvYLVlr0BIp695VubvSm1mr1Kbpy9
QPScvQ8mnb1cyZq9XG+avVfKnr1OP5e9ytWWvRGRmr2t2Zu9hnadvVQSnr2qSpq9cKydvV+Q
m72vEJi9is6bvf0Cmb3saJi9PiuYvQ==</AssayYData></Step><Step><CommonData><SampleLocation>2</SampleLocation><SampleID>10mM Glycine pH1.7</SampleID><SampleGroup></SampleGroup><SampleInfo>or other Regeneration solution</SampleInfo><SampleRow>B</SampleRow><SamplePlate>1</SamplePlate><WellType>REGENERATION</WellType><Concentration>-1</Concentration><ConcentrationUnits>µg/ml</ConcentrationUnits><MolarConcentration>-1</MolarConcentration><MolarConcUnits>nM</MolarConcUnits><MolecularWeight>-1</MolecularWeight><Temperature>30</Temperature><StartTime>1071449</StartTime><AssayTime>20</AssayTime></CommonData><FlowRate>1000</FlowRate><StepType>CUSTOM</StepType><StepName>condition</StepName><StepStatus>OK</StepStatus><ActualTime>20</ActualTime><CycleTime>0.2</CycleTime><AssayXData Points="100">v/+BQzgZgkPRMoJDa0yCQwVmgkO/f4JDOJmCQ/KygkOMzIJDJeaCQ7//gkNZGYND8jKDQ4xM
g0MlZoNDv3+DQ1mZg0PysoNDa8yDQyXmg0O//4NDWRmEQ/IyhEOMTIRDyWaEQ79/hENZmYRD
8rKEQ4zMhEMl5oRDv/+EQ1kZhUM0M4VDjEyFQyVmhUOef4VDOJmFQ/KyhUOMzIVDJeaFQ7//
hUNZGYZD8jKGQ2tMhkMlZoZDv3+GQ1mZhkPysoZDjMyGQyXmhkO//4ZDWRmHQ/Iyh0NrTIdD
JWaHQ0KAh0NZmYdD0bKHQ4zMh0Ml5odDnv+HQ1kZiEPyMohDjEyIQyVmiEO/f4hDOJmIQ/Ky
iEOMzIhDBeaIQyEAiUM4GYlD8jKJQ2tMiUMlZolDv3+JQziZiUPysolDjMyJQyXmiUOe/4lD
XxqKQ/IyikOMTIpDJWaKQ79/ikNZmYpD0bKKQ2vMikMl5opDv/+KQzgZi0PRMotDa0yLQyVm
i0Oef4tDeZmLQ9Gyi0OMzItDJeaLQw==</AssayXData><AssayYData Points="100">wzO6vgZYnr6So46+Lk+Dvr7aeL7T0nW+vYZ1vixzc74osHW+tCt3vgVher7T+3y+5aB8vu/2
f74dn4G+raiDvsxxhL5nF4W+c9qEvosqh77iYIa+XoKJvrUEiL5LgYq+RFSIvuiii76pI4q+
YjKLviyGjb6NhYy+WWeOvnPzjb5nZo2+riONvlePj74/lY++5OCQvmXekb6u6ZC+ajWPvsPb
kr4NCpS+RWWUvgw6lL4YY5O+ekSUvlr7lL47FZa+PdSVvtjGlb7giJW+gz2VvmNLlb5ropa+
UQmXviLwmb6IMJm+gLOYvirFmb7J4Zq+JRyavr0/mb5l2pm+tLOZvv+mnL5J8Zy+uzeavnvR
mr6325u+D46dvpQMnr5a55u+bq6cvvt5nb7FMJ6+R8+dvpGAnb6NXJ6+gNKeviS9n77laZ6+
N5Wgvm5bnb5Ut6C+b+ievheEob6PHqG+tVKgvhslor7HXKC+NB+jvlP/oL4wIqK+xomiviSk
ob6Nv6G+UN2jvgd0oL6YIKO+Faaivg==</AssayYData></Step><Step><CommonData><SampleLocation>1</SampleLocation><SampleID>Running Buffer</SampleID><SampleGroup></SampleGroup><SampleInfo></SampleInfo><SampleRow>B</SampleRow><SamplePlate>1</SamplePlate><WellType>BUFFER</WellType><Concentration>-1</Concentration><ConcentrationUnits>µg/ml</ConcentrationUnits><MolarConcentration>-1</MolarConcentration><MolarConcUnits>nM</MolarConcUnits><MolecularWeight>-1</MolecularWeight><Temperature>30</Temperature><StartTime>1097009</StartTime><AssayTime>20</AssayTime></CommonData><FlowRate>1000</FlowRate><StepType>CUSTOM</StepType><StepName>condition</StepName><StepStatus>OK</StepStatus><ActualTime>20</ActualTime><CycleTime>0.2</CycleTime><AssayXData Points="100">v/+LQ1kZjEPRMoxDjEyMQwVmjEO/f4xDWZmMQ/KyjENrzIxDJeaMQ57/jEM4GY1D0TKNQ2tM
jUMFZo1Dnn+NQziZjUPyso1Da8yNQwXmjUOe/41DOBmOQ9EyjkOMTI5DBWaOQ79/jkM4mY5D
8rKOQ4zMjkMF5o5Dnv+OQzgZj0PRMo9Da0yPQwVmj0Oef49DOJmPQ9Gyj0NrzI9DBeaPQ57/
j0NZGZBD0TKQQ2tMkEMFZpBDv3+QQziZkEPRspBDjMyQQyXmkEO//5BDOBmRQ/IykUNrTJFD
BWaRQ55/kUM4mZFD0bKRQ4zMkUMF5pFDnv+RQ1kZkkPyMpJDjEySQwVmkkOef5JDOJmSQ9Gy
kkOMzJJDBeaSQ57/kkM4GZND0TKTQ2tMk0MFZpNDv3+TQziZk0PRspNDa8yTQwXmk0O//5ND
OBmUQ9EylEOMTJRDJWaUQ79/lENZmZRD8rKUQ4zMlEMl5pRDv/+UQ1kZlUPyMpVDjEyVQyVm
lUO/f5VDWZmVQ/KylUOMzJVDJeaVQw==</AssayXData><AssayYData Points="100">o9xWPFfERr32pbm9RK/fvRkP9b2pzvi9q1L+vcwq+73YqPG9M5rxvUa+7r1hTPS91DPuvTHH
6L0XrO+9Ak7cvdWD5r0EDuK9/kXevYTG2r121di9KUHbvZBK2725w9i9ltfYvfrC1700icy9
//7YvZw60L25jda93rzOvUJJ0L3WAsu9WVXTvRrhzb2L8My9wuvQvZrfzL3z6M69BOLJvUkK
x71nxce9cS7IvUY2vr3/McS9VeLIvZKDxr0utsu99oDGvXGfxL1N9L69TWDFvd6fvr3StLu9
idW8vVD0vL2fNb+9zW3CveHWur3HLr+9+oS9vU03v72Bvry9xrnBvZrrwL1QBse92MHEvYUu
tr1J4cK952q7vZ/iu70X3rq9QK+6veEovb3drba9SjC+vXz5tL34tLa9l8G6vYDsvL28Arq9
J4y9vXM4vL3Grb+9X4+1vdYesr2BgbO9JQXDvUUnur1p4bu9DTjAvVqGur0i27m9iN6yvT/k
u70r47m94zO7vUjStr1QM6y9a7KzvQ==</AssayYData></Step><Step><CommonData><SampleLocation>3</SampleLocation><SampleID>Running Buffer</SampleID><SampleGroup></SampleGroup><SampleInfo></SampleInfo><SampleRow>B</SampleRow><SamplePlate>1</SamplePlate><WellType>BUFFER</WellType><Concentration>-1</Concentration><ConcentrationUnits>µg/ml</ConcentrationUnits><MolarConcentration>-1</MolarConcentration><MolarConcUnits>nM</MolarConcUnits><MolecularWeight>-1</MolecularWeight><Temperature>30</Temperature><StartTime>1122973</StartTime><AssayTime>120</AssayTime></CommonData><FlowRate>1000</FlowRate><StepType>BASELINE</StepType><StepName>Baseline 120</StepName><StepStatus>OK</StepStatus><ActualTime>120</ActualTime><CycleTime>0.2</CycleTime><AssayXData Points="600">v/+VQ1kZlkPyMpZDjEyWQyVmlkO/f5ZDWZmWQ/KylkN3zpZDJeaWQ7//lkNZGZdD8jKXQ4xM
l0MFZpdDnn+XQ1mZl0PyspdDjMyXQwXml0O//5dDeRmYQ/IymENrTJhDBWaYQ2OAmENZmZhD
8rKYQ4zMmEMF5phDxQCZQ1kZmUPyMplDjEyZQyVmmUO/f5lDWZmZQ9GymUOMzJlDJeaZQ57/
mUM4GZpD0TKaQ2tMmkMlZppDv3+aQziZmkPetJpDa8yaQyXmmkOe/5pDWRmbQ/Iym0OMTJtD
JWabQ79/m0M4mZtD0bKbQ2vMm0MF5ptD4P+bQzgZnEPRMpxDjEycQyVmnEO/f5xDOJmcQ9Gy
nEMwzZxDLOecQ7//nEM4GZ1D8jKdQ2tMnUMFZp1Dv3+dQziZnUPysp1Da8ydQwXmnUOe/51D
WRmeQ9EynkOtTJ5DBWaeQ55/nkM4mZ5D0bKeQ2vMnkMl5p5Dv/+eQzgZn0PRMp9Da0yfQwVm
n0Oef59DOJmfQ9Gyn0NrzJ9DBeafQ57/n0M4GaBD0TKgQ7NNoEMFZqBDnn+gQziZoEPRsqBD
ks2gQwXmoEOe/6BDWRmhQ/IyoUNrTKFDBWahQ55/oUM4maFD0bKhQ2vMoUMl5qFDv/+hQzgZ
okPRMqJDa0yiQwVmokOef6JDOJmiQ9GyokNrzKJDqOaiQ7//okNZGaND8jKjQ4xMo0MlZqND
v3+jQ1mZo0PysqNDG8+jQyXmo0O//6NDWRmkQ/IypEOMTKRDJWakQ79/pEM4maRD+LOkQ4zM
pEMl5qRDv/+kQ1kZpUPyMqVDjEylQyVmpUPgf6VDWZmlQ/KypUOMzKVDJealQ7//pUNZGaZD
8jKmQ4xMpkMlZqZDv3+mQ1mZpkPRsqZDa8ymQyXmpkO//6ZDWRmnQ/Iyp0PNTKdDJWanQ79/
p0M4madD8rKnQ4zMp0MF5qdDnv+nQ9wZqEPyMqhDa0yoQyVmqEOef6hD3JmoQ/KyqENrzKhD
BeaoQ57/qENZGalD0TKpQ4xMqUMFZqlDv3+pQ1mZqUPRsqlDa8ypQwXmqUO//6lDOBmqQ/Iy
qkNrTKpDBWaqQ79/qkNZmapD0bKqQ2vMqkMl5qpDv/+qQzgZq0PRMqtDa0yrQwVmq0Oef6tD
OJmrQ9Gyq0OMzKtDBearQ7//q0M4GaxD8jKsQ4xMrEMFZqxDxYCsQziZrEPRsqxDa8ysQyXm
rEO//6xDWRmtQ9EyrUMPTa1DBWatQ55/rUM4ma1D0bKtQ2vMrUMl5q1Dv/+tQzgZrkMZNK5D
jEyuQwVmrkOef65DOJmuQ9GyrkNrzK5DJeauQ57/rkO7Ga9D0TKvQ2tMr0MlZq9Dnn+vQziZ
r0PRsq9Da8yvQ2fmr0Oe/69DWRmwQ9EysENrTLBDBWawQ55/sEM4mbBD0bKwQ2vMsEMF5rBD
nv+wQzgZsUPRMrFDa0yxQyVmsUO/f7FDWZmxQ1SzsUOMzLFDJeaxQ+D/sUNZGbJD8jKyQ4xM
skMlZrJDQoCyQ1mZskPysrJDjMyyQwXmskMAALNDOBmzQ/Iys0OMTLNDJWazQ79/s0M4mbND
8rKzQ63Ms0Ml5rNDv/+zQ5oZtEPRMrRDjEy0QyVmtEO/f7RDWZm0Q/KytEOMzLRDJea0Q7//
tEOaGbVD8jK1Q4xMtUOIZrVDnn+1Q1mZtUPysrVDjMy1QyXmtUO//7VDWBm2Q9IytkOMTLZD
qGa2Q55/tkM4mbZD8rK2Q2vMtkNn5rZDnv+2QzgZt0PyMrdDa0y3QyZmt0O/f7dDeZm3Q9Ky
t0OMzLdDBea3Q7//t0NYGbhD2DO4Q6xMuEMFZrhDv3+4Q7uZuEPysrhDa8y4QwXmuEO//7hD
OBm5Q9IyuUNxTblDBWa5Q79/uUNYmblD0rK5Q2vMuUMm5rlDnv+5QzgZukPSMrpDa0y6QyZm
ukOef7pDWJm6Q/KyukNQzbpDJua6Q57/ukNYGbtD0jK7Q2tMu0MmZrtDnn+7Q1iZu0PSsrtD
a8y7QwXmu0Oe/7tDPhq8Q9IyvENrTLxDBWa8Q55/vEM4mbxD0rK8Q2vMvEMF5rxDnv+8QzgZ
vUPSMr1Da0y9QwVmvUOef71DOJm9Q9KyvUOzzb1DBea9Q57/vUM4Gb5DdTO+Q2tMvkMFZr5D
v3++QziZvkPSsr5Da8y+QwXmvkOe/75DOBm/Q9Iyv0OMTL9DJma/Q+B/v0NYmb9D8rK/Q4zM
v0Mm5r9D5gDAQ1gZwEPSMsBDME3AQyZmwEO/f8BDWJnAQ/KywEM2zsBDJubAQ7//wEN5GcFD
0jLBQ4xMwUNGZsFDv3/BQ1iZwUPyssFDjMzBQybmwUO//8FD3BnCQ/IywkOMTMJDJmbCQ55/
wkN5mcJD8rLCQ4zMwkMm5sJDv//CQ1gZw0PSMsNDa0zDQyZmw0O/f8NDWJnDQ9Kyw0NrzMND
BebDQ7//w0M4GcRD8jLEQ4xMxEMmZsRDv3/EQ1iZxEPSssRDjMzEQybmxEO//8RDWBnFQ9Iy
xUOMTMVDJmbFQ55/xUMCm8VD8rLFQ4zMxUMm5sVDv//FQ1gZxkPSMsZDjEzGQwVmxkNCgMZD
WJnGQ/KyxkNrzMZDJubGQ57/xkNYGcdD0jLHQ+5Mx0MmZsdDnn/HQ1iZx0PSssdDcc3HQybm
x0Oe/8dDWBnIQ9IyyEOMTMhDBWbIQ55/yEM4mchD8rLIQ2vMyEMF5shDnv/IQ1gZyUPSMslD
a0zJQyZmyUOef8lDWJnJQzSzyUNrzMlDyebJQ57/yUNYGcpD0jLKQ2tMykMFZspD4H/KQziZ
ykPSsspDa8zKQwXmykOe/8pDWBnLQ9Iyy0NrTMtDJmbLQ55/y0M4mctD0rLLQ2vMy0MF5stD
nv/LQzgZzEPSMsxDjEzMQwVmzEOkgMxDOJnMQ9KyzENrzMxDJubMQ57/zENYGc1D0jLNQ2tM
zUMsZ81Dnn/NQ1iZzUPyss1DjMzNQybmzUO//81DWBnOQ/IyzkOsTM5DJmbOQ79/zkNYmc5D
8rLOQ4zMzkMm5s5Dv//OQ5oZz0PyMs9DjEzPQ0xnz0Oef89DWJnPQ/Kyz0OMzM9DJubPQ7//
z0NYGdBD8jLQQ4xM0EMmZtBDnn/QQ1iZ0EPystBDjMzQQybm0EO//9BDWBnRQ/Iy0UOMTNFD
BWbRQ55/0UNYmdFDVLPRQ2vM0UMm5tFD</AssayXData><AssayYData Points="600">savXvfh31727gtO9KtPZvXV42r0869K9LzzSvQ8r0r0j79G9qI7NvcCQyb3nh8q9SNLLvUNz
1L3OGNG9byjNvV8Hyr3FLMu9zC7Fvd/fyL0s7M69vrvLvdTLxb2CtMu9njHQvfyWzb3fdsq9
RxvOvccsxb04WMq9uh/JvUJix70utcK9Vt/IvfGsx70Jb8e9RI3GvUiGwr3n9Mi9sOfOvRHS
x70VJMe91FbFvVpnzL3T/sm9oprHvduSyb37v8K99R/FvWh+xL1WPcS9iwLHva28xL3pS8q9
LmPLvXfmzb1ApMW9O4fHvbIRw718Fsu9t1/Dvea/yb20JcS9d9fIvT8Myb0uZcK9si/KvfL9
uL3Va8y9NPa/vRlnxr2OjcS9TXHCvTnMvr0FEsS99BXIvT5swb1YpcO9fl6+vXHRwb0vr8G9
UvTAvZE/yL2I7cq9j1/Evaeywb0lW7y9107AvTfCu73lVbe90tXBvfUwxb3Jt8W90FPAvQoL
zL3sH8C9iYPAvc05x72G37u90o+6vbBZyr0axL29Ovu4vZuZv72bULy9UVbGvTnrwL0iMcG9
5UfDvSu3v71iG8O9/1y3vc1FwL3Vl8G9wjG+vbZTw72ctcG9sgXEvR8Owb1yQsK9AVG8vbm8
wL0ZI8C9ze65vb5xv70lXL+91jK5vbjsub3tPr+9ukC7vfVXvb1ALry9rOi/vTm5v72Bdbu9
JjC3vfr0vL1/n7e9Ksm/vbUnvL1eB7695321vUcKuL0Libu9YK67vVT5w73EKL69QOG9vW3A
ub1117W9A+69veLDvr3U/rq9ByW/vcacvb1YlLq9UJC7vUa7wr2qHr29AIK9vR3iub3c17y9
AYm7vTkUuL3F5cG9lt26vWb9wL1gcrS9Owa5vUXnur2ca7m9AlC/vbVvsb21/ru9MWC4vTU5
t72C6by97azAvQLiwb3t2L+9O4i6vbuavb21Or29ksm8vWYetb1tP729Df27vfIquL0hZbu9
kWnDvUfSvb303ri9QyWyvTBes73sALi9zp+4vTb5sr0rx7q96AO6vR+Mtr0Dlba9bRa9vZbc
u71pvri9J2+5vQh1ur0y4Lq99w6/vfajvL0IIbq9v2O+vdzot70jzr69qQq6vWR3uL0kgbq9
4de9vdiDu72+8bm993qyvUrqu71BKbq9AcixvaH3tL194LW94tK2vYUTvL042bK9OfizvcRn
ub3n8bi9Vri9vbUbrL3q7rO9jiS9ve1Tt706tLS9u+mtvQ2is71/bru9l864vVGXt72BJLO9
fqawvXBbtL1eY7+9R86xvRN5tL3Fxra91GGzvWZ9tL0ULrS9Ori0vesrt719U7e9FGWyvSKz
tb2YnLq9h1G1vdL7tL2mOb293Xyzve1qt72bQrW9ipKzvULOtb11/Le96MOsvb4uu70AOLG9
ctC5vdBetb26pb29cFyyvbhRtr2uaLa9B0izveNctr24r7O9rhSzvdIHuL08Mba9q9u5vYkR
vL2FdLq9cWizvYcEs73SbrC9AyK2vWkStb29BLG9IhixvWnht70+aLi9A3G2vUZ7rL2EpbC9
yAauvd9Nt701iLO9LD6wvSAcsb3EJLe9A5ezvaI3tb0Y2a+9JVOyvXuNrb3xNre9aKOzvSTd
r718jLa9kXq6vWsjtL0567W9ieW2vXLqtb3DurG9aRS7vS4ptL2C/bG9GKq3vV+ysr3kbLW9
0rWyvXNsrr3NELC9x3OyvcImub1icam98dixvVLutb2uiLG9eaatvefirr1qzLC9yuezvdrP
tb2Kn7O9oXOxvWwguL2tMa29RcKwveTCtL0CU7S9aT6yvTREuL1rjrW9AyCyvccZr70xrK+9
RlW0vWCusL3Herq9O2q2vV74rr0e0LG9z26zvRjxtb02Jqq9AfO0vZjYuL0mFrO9NmquvW7e
tr1V8a69r4i7vcJdtL1Xh7K91P6wvZ3Ltr1PDqy9nxOvvQs8tL3P9a29m5WyvaRbt73LEK+9
K9i0vaUWvb3gR7a9TnmyvVKfsL1pNrS9Xr6xvYYVtL1mZau98r+0vT80qr1pH7C95sOwvWnK
r72tOqy9sbSwvfedqb2Bv6u9BdqnvbeerL2Lg7K9T16svSIWtb0vSbe9rhWyvaA2tL1lR6+9
Mjy0vcBJtL0+hLC93vmrvZ6Osr3byrC9SUGzvQ51rb0v6rC91eGvvTe/tb12Pba90VSvvXbS
qb08xam9vTSwvbHLq72MU6u9cKWpvXKtq71k6qu9om+wvd8apL09vbO9zMyzvSGFrr2yyrK9
F4WwvZLLsr2iB7K9g2OtvQcJtb380LK9JY6uvb6utb2HSqy997qrvbevrr3ToKm9teSwvUTk
p739jKq9yX+qvS0Qsr0Zb6y9v76svZ1Jr70yZ7K9tNutvZwerr3mCa69tbuovV05rr0O0a69
q76uvTNWrr3jUq+9VVGuvXDPsr3bD7S9CmysvRpbrb0KqbK9tfauvflTrr2gPKu92CyrvYHX
uL18S6+9xeKove0Otb1uaaq9Ruuqvc5Fs72sVqm9JIOxvVdTrb2Jra29aaewvaiNr7164Ky9
oUeyvQ0eqb1I6rC9SNatvYPgp720ka29IneuvWsrsL2dW6O99gSvvUVysb29ta+9wZawvaaJ
r72cHK+9Ftelvb47p73Yeq+9t6euvTU3p73ku669KaGtvc6ip73e9Ky9sTusvaBTrb1vzbK9
in20vZ+Arb2VTq+9uCy1vRiWrL0RI6y9tPqtvetzpr1e+ae9zXSuvbtzsb3606i9kXOqvaDb
pr2YXLW9XE2rvTEqrL23Fq+9e+6nvck4rr2F5aq92i6nvdRFsr0mLaa9sBSuvZY/r71EA6u9
H16vvdlGsb0PDay9nUCxvTmxpr3X1au9bWasvXTNrb01qaq9aearvYwDqL0BybC9PHWwvYK9
rb1XVau9sa6zvQObrb1Q0aq9ZrCtvdf3qL3dAq69YMuyvUUmr73MA7C9dhWpvU3Ts73zV6q9
syGuvcOTsL0q1Ke9LZuqvcjXrr06MLK9NlCuvZueqb2dlK29U5qwvdZ0p70WZbC9DCGovQZA
rL1qSq+9Q6qvvX+tpr0EtKi9b3itveOlrr3+26i9CVSovUWwqb15g6299ZanvdKWqL1ALKq9
/kesvc1zq730mqS9iEOovVH+rL1NPay9</AssayYData></Step><Step><CommonData><SampleLocation>8</SampleLocation><SampleID></SampleID><SampleGroup></SampleGroup><SampleInfo></SampleInfo><SampleRow>B</SampleRow><SamplePlate>1</SamplePlate><WellType>KLOAD</WellType><Concentration>-1</Concentration><ConcentrationUnits>µg/ml</ConcentrationUnits><MolarConcentration>-1</MolarConcentration><MolarConcUnits>nM</MolarConcUnits><MolecularWeight>-1</MolecularWeight><Temperature>30</Temperature><StartTime>1251370</StartTime><AssayTime>20</AssayTime></CommonData><FlowRate>1000</FlowRate><StepType>LOADING</StepType><StepName>Loading</StepName><StepStatus>OK</StepStatus><ActualTime>20.003</ActualTime><CycleTime>0.2</CycleTime><AssayXData Points="100">wP/RQ1oZ0kPSMtJDbEzSQwZm0kOff9JDOZnSQ3az0kNszNJDBubSQ5//0kM5GdND0jLTQ2xM
00MmZtNDn3/TQzmZ00PzstNDbMzTQwbm00Of/9NDWhnUQ/My1ENsTNRDBmbUQ59/1EM5mdRD
0rLUQ2zM1EMG5tRDwP/UQ1oZ1UPzMtVDrkzVQyZm1UPAf9VDWpnVQ/Oy1UONzNVDJubVQ8D/
1UNaGdZD8zLWQ41M1kMmZtZDwH/WQ1qZ1kPzstZDjczWQ2jm1kPA/9ZDgBrXQ/My10ONTNdD
JmbXQ59/10NamddD87LXQ43M10NH5tdDwP/XQ1oZ2EPzMthDjUzYQ/do2EPAf9hDWpnYQ/Oy
2EONzNhDJubYQ5//2ENaGdlD8zLZQ9RN2UMmZtlDwH/ZQ1qZ2UN2s9lDjczZQwbm2UPA/9lD
WhnaQ9Iy2kONTNpDJmbaQwKA2kM5mdpD0rLaQ43M2kMm5tpDwP/aQzkZ20PzMttDjUzbQwZm
20Off9tDOZnbQ9Ky20ONzNtDiebbQw==</AssayXData><AssayYData Points="100">XUSOvQuxa71FMUi95E0cvfcJw7w9t4u8Ch8AvPB4uzu9Tpg8y5XrPPVSHD0GMlU95hp3PUv/
kT14tKM9Awi7PZhz2D0NmOU98+UBPnQADT7TRBE+lRIgPmrrKD5CDDo+VDxCPnE8Tj5LzFY+
mA5hPs9Taz5ED3Q+ScOAPnJbhD7KYok+XJePPnzolT5DQ5k+nRSfPnuVoz6kI6k+7B6uPnLw
tD5cvrk+lYm/PlsDxz7GAMk+1k3PPht30z4cLdg+ht3cPsbV4T5JxOc+HcPuPuVV8z7Zr/U+
lnb7PiK/AD9N1gI/984EP6WOCD8d6Ao/6fsMP1vEDz9kFBM/0sAUP11EFz+z9Bk/cuIbP9JX
Hj8zwSA/AJ8jP1BaJj+xTyk/SWMrP0w3LT9sBzA/8zwzP1bvND+UvTc/kiQ6P6SlPD8ZED8/
wnhCP01XRD+hUkY/yIpIP0c8Sz+N00w/eYZQPwinUj8B3lQ/N6FXPw7AWD/KOFw/63JeP+mi
YD+HY2M/6PRlP/QtaD9wZGo/wCpsPw==</AssayYData></Step><Step><CommonData><SampleLocation>9</SampleLocation><SampleID></SampleID><SampleGroup></SampleGroup><SampleInfo></SampleInfo><SampleRow>B</SampleRow><SamplePlate>1</SamplePlate><WellType>BUFFER</WellType><Concentration>-1</Concentration><ConcentrationUnits>µg/ml</ConcentrationUnits><MolarConcentration>-1</MolarConcentration><MolarConcUnits>nM</MolarConcUnits><MolecularWeight>-1</MolecularWeight><Temperature>30</Temperature><StartTime>1281161</StartTime><AssayTime>60</AssayTime></CommonData><FlowRate>1000</FlowRate><StepType>BASELINE</StepType><StepName>Baseline 60</StepName><StepStatus>OK</StepStatus><ActualTime>59.999</ActualTime><CycleTime>0.2</CycleTime><AssayXData Points="300">IwDcQ5wZ3EM1M9xDz0zcQ2lm3EMCgNxDvZncQzWz3EPPzNxDqubcQwIA3UOcGd1DNTPdQ89M
3UOJZt1DAoDdQ5yZ3UM1s91Dz8zdQ8vm3UMCAN5DvRneQzUz3kPPTN5DaWbeQwKA3kO9md5D
NbPeQ/DM3kOJ5t5DIwDfQ70Z30M8NN9D8EzfQ4lm30MjgN9DvZnfQ1az30PwzN9DiebfQ+gA
4EO9GeBDVjPgQ/BM4EOJZuBDI4DgQ72Z4ENWs+BDlM3gQ4nm4EMCAOFDvRnhQ1Yz4UPwTOFD
iWbhQyOA4UO9meFDNbPhQzHN4UOJ5uFDIwDiQ70Z4kNWM+JD8EziQ4lm4kMjgOJDrpziQ1az
4kPwzOJDiebiQwIA40OiGuNDNTPjQ/BM40OJZuNDI4DjQ72Z40NWs+NDz8zjQ4nm40MjAORD
vRnkQ1w05EPwTORDiWbkQyOA5EOcmeRDNbPkQ/DM5EOJ5uRDIwDlQ70Z5UM1M+VD8EzlQ2lm
5UMjgOVDvZnlQ7iz5UPPzOVDaeblQwIA5kO9GeZDVjPmQ/BM5kNpZuZDI4DmQ5yZ5kNWs+ZD
8MzmQ2nm5kMIAedDvRnnQ1Yz50PPTOdDiWbnQyOA50O9medDVrPnQ8/M50Np5udDAgDoQ5wZ
6EM1M+hDz0zoQ4lm6EMCgOhDnJnoQ7iz6EPwzOhDieboQwIA6UOcGelDGzTpQ89M6UNpZulD
AoDpQ5yZ6UM1s+lDz8zpQ2nm6UMCAOpDvRnqQzUz6kPPTOpDaWbqQwKA6kOcmepDNbPqQ2vR
6kOw5+pDAgDrQ5wZ60M1M+tDz0zrQ2lm60MCgOtDnJnrQzWz60PPzOtDiebrQwIA7EOcGexD
NTPsQ89M7ENpZuxDAoDsQ5yZ7EM1s+xD8MzsQ2nm7EMCAO1DnBntQ1Yz7UPwTO1DqmbtQyOA
7UO9me1DVrPtQ/DM7UOJ5u1DIwDuQ70Z7kNWM+5D8EzuQ4lm7kMjgO5DvZnuQ1az7kPPzO5D
iebuQyMA70O9Ge9DVjPvQ/BM70OJZu9DI4DvQ72Z70NWs+9D8MzvQ4nm70MjAPBDvRnwQ1Yz
8EPwTPBDaWbwQ4WA8EO9mfBDVrPwQ8/M8EOJ5vBDIwDxQ5wZ8UNWM/FD8EzxQ4lm8UMjgPFD
vZnxQ1az8UPwzPFDaebxQyMA8kO9GfJDNTPyQ/BM8kOJZvJDAoDyQ72Z8kM8tPJD8MzyQ2nm
8kMjAPNDvRnzQzUz80PwTPNDiWbzQwKA80O9mfNDNbPzQ8/M80OJ5vNDAgD0Q70Z9EM1M/RD
z0z0Q4lm9EMCgPRDnJn0Q1az9EPwzPRDieb0QwIA9UOcGfVDNTP1QzFN9UNpZvVDKYH1QwSb
9UM1s/VDz8z1Q4nm9UMjAPZDvRn2QzUz9kPPTPZDaWb2QyOA9kOcmfZDVrP2Q/DM9kNp5vZD
AgD3Q5wZ90NWM/dDz0z3Q2lm90MCgPdDvZn3QzWz90PPzPdDaeb3QyMA+EOcGfhDNTP4QxdO
+ENpZvhDI4D4Q72Z+EM1s/hDz8z4Q2nm+EMCAPlDvRn5Q3cz+UPwTPlDaWb5QwKA+UOcmflD
NbP5Q8/M+UNp5vlD</AssayXData><AssayYData Points="300">f96aPzk9kz8LUYw/UhWHP+8rgj+cXXw/FBByP+s2az+tT2M/Qm5cP0erVT/+/VA/1GBLP+Ll
RT9U3EE/rao9P6dKOT8Y5TU/Lx8yPwfnLj8CZiw/LGMpP/1NJT83RyQ/ejYhP45/Hj/CvRw/
ecsZP3RFGD//9RU/jm8UPx0REz/VIhA/GpsPP0xbDj8JQAw/LvALPxZ+CT8Ifwg/J1AIP3fp
Bj+UXwU/aYkEP02lAz9UWwI/HNUAP1hHAD95o/8+Cz38PoXi+z76t/k+xuL4PvMK9z7LuvY+
C+b1PtlK9D5HhPE+6nLxPgAR8j72o+8+c4nsPpYQ7j5J1es+qNjpPhhR7T6NPeo+lovmPolA
6j7HOOQ+uMnlPoBg5T71ieU+fC/jPvEy5D6AHeM+DTHiPklW4D723+A+IZzfPgp13j6mId8+
PazePhAJ3j6Ue9s+r3jcPjkU3D4FOds+QTzaPsuk2T4DJto+9RvaPqq+2T4Mrtk+ABPaPqDH
2D7Yc9c+Up3YPvq91D5rN9U+NsvUPo2+1T46/tM+eujVPqF31T68+NQ+l5XWPmGh1D7qidQ+
KU3TPliU0T7rYdE+KVvSPnuN0T7Rh9I+lpnSPm/9zz7AQNE+YXbPPvGJzz6tfc8+DvvPPrKn
zz4G5c4+zFDPPnUHzz4gTc4+OuzNPpw3zj6M/cw+/q7OPrPIzj7xSM0+gXPMPmEyzD7e/s4+
JHzMPlpDzT4Ebsw+oWXLPlF+yz6jt8s+DWPKPty/yz4qics+mwLNPnudyz5nyMg+oUjLPtHg
yT4N5sg+EAfLPjSAyj7NZMk+G/jJPpk7yT5scMo+Q//HPleyyT6i4cY+16nHPu/Uyj7aqMc+
L8TJPrRIyD7wpcc+ItrHPvJ4yT4JfMc+tIfGPrGLxz7iKsc+jvnGPo8iyT5VKMY+HTvGPkfu
xz5EUcU+45HFPu3txD6CFMY+wg/GPtfaxD69i8U+FqbFPlD6xD6d4sQ+ecbFPoYHxD6VpsU+
rnrHPhytxD76AsM+yfvFPmLRwj62V8U+b03EPm7xwz5IpsM+cePDPkczwz7DLMM+BTzEPhC6
wz5mRMM+3sfDPtahwT4HgsM+jorBPo0twj66VcU+aR7CPp0lwz6gScI+4LbCPgbfwj4GpMA+
TITCPlkEwT6Sq8E+ChjCPsdYwT5tBME+ZXbCPie2wj5P58E+QS6/PrGcwD6tjsA+cbW9Pt5g
wT5Mxr8+w8bAPv8ywT4TPsE+SnC/PuQ+vj6qtcA+yP6+PsMovz7ADcE+CvK/PvZwvz6qj78+
nZW+PsPsvz77QL8+Bl6+Phv7vj5QgL4+ZD6/PvzQvz7rYMA+B9y9PkNfvz5Q3r8+2du+PvR3
vj4xU70+U169PsYAvz7CV70+89u8Ph4Xvz4d6rw+MMa+PrDuvz7Q0b0+iii6PrgjvD6qEr0+
PH68Pt2NvT5iUr0+F9q7PlATvT5eErw+lWC+PqgEuz55Jrw+0va8Pl7FvT5ihrw+/nK8PizX
vD4MU7s+LIe8Pg/6uz7P4bs+ybi5Pua4vD6MErw+Vim6PvgGuz7dJro+mwe8Pozeuj4mNro+
HH27Pr3buj5xIbw+</AssayYData></Step><Step><CommonData><SampleLocation>10</SampleLocation><SampleID></SampleID><SampleGroup></SampleGroup><SampleInfo></SampleInfo><SampleRow>B</SampleRow><SamplePlate>1</SamplePlate><WellType>BUFFER</WellType><Concentration>-1</Concentration><ConcentrationUnits>µg/ml</ConcentrationUnits><MolarConcentration>-1</MolarConcentration><MolarConcUnits>nM</MolarConcUnits><MolecularWeight>-1</MolecularWeight><Temperature>30</Temperature><StartTime>1351122</StartTime><AssayTime>20</AssayTime></CommonData><FlowRate>1000</FlowRate><StepType>BASELINE</StepType><StepName>Baseline 20</StepName><StepStatus>OK</StepStatus><ActualTime>19.999</ActualTime><CycleTime>0.2</CycleTime><AssayXData Points="100">AwD6Q50Z+kMVM/pDr0z6Q2lm+kPif/pDnZn6QxWz+kPQzPpDaeb6QwMA+0OdGftDNjP7Q69M
+0NJZvtDA4D7Q52Z+0MVs/tD0Mz7Q0nm+0MDAPxDfBn8QzYz/EOvTPxDSWb8QwOA/EOdmfxD
FbP8Q9DM/ENp5vxDAwD9Q50Z/UMVM/1Dr0z9Q2lm/UPif/1DnZn9QxWz/UPQzP1DSeb9Q+L/
/UOdGf5DNjP+Q69M/kNpZv5D4n/+Q52Z/kMVs/5Dr8z+Q2nm/kMDAP9DnRn/QxUz/0OvTP9D
aWb/Q+J//0Odmf9DFbP/Q6/M/0NJ5v9DAgAARL4MAESLGQBEWCYARDUzAETxPwBEvkwARItZ
AERYZgBEJHMARPF/AETOjABEm5kARFimAEQkswBEAsAARL7MAESL2QBEWOYARDXzAEQCAAFE
zgwBRIsZAURYJgFEJDMBRPE/AUS+TAFEi1kBRFhmAUQkcwFE8X8BRL6MAUSLmQFEaKYBRCSz
AUTxvwFEvswBRIvZAURY5gFEJPMBRA==</AssayXData><AssayYData Points="100">L4o7PskW9j082rY9hVCbPWxIiD0FDZE92pGOPasJij1FP5A9Yd2QPXyqlT0stJw9kv6bPfCf
lj1SSKA9IwSePQA4oz0ckaE9iXupPSC6qD2gjqw9ukmuPYMrqj16VKQ9zFmmPQRLpz1fF7I9
kWq1PbKrrT0ANLI98Li1PQQDtj3XG7k9zge4PUWvtD3Nbb095464PZBLvj2+m7w9vjm5PZG3
uj3xELg9ziCzPbQkwD3ljrs9XTO9PRfhvT09N7w9FsS9Pepkwj0GS789e3XAPRvmvT3/k8Y9
ENG/PRycxz2xKcE9pcnAPdOlwD0YUMc9f+e+PWQivz3XZ8E97OS/PbASwT2j9cc9IlPMPXKB
wz1+WcU9r5vCPfsGyT0vwb49wNjCPYbgyz1DTMg9vqLHPQ+7wj3hE8k9PArOPZ1DwT3wGcc9
/yXEPTIozD0ki8o9OkDEPV99xT1JjMY97GbIPUo9yT24WMc9h1nNPQCDwz19K8M9Xx3GPUDJ
xz2asck9BuXIPYVTzz1mEMQ9DabMPQ==</AssayYData></Step><Step><CommonData><SampleLocation>11</SampleLocation><SampleID></SampleID><SampleGroup></SampleGroup><SampleInfo></SampleInfo><SampleRow>B</SampleRow><SamplePlate>1</SamplePlate><WellType>KSAMPLE</WellType><Concentration>-1</Concentration><ConcentrationUnits>µg/ml</ConcentrationUnits><MolarConcentration>-1</MolarConcentration><MolarConcUnits>nM</MolarConcUnits><MolecularWeight>-1</MolecularWeight><Temperature>30</Temperature><StartTime>1382061</StartTime><AssayTime>120</AssayTime></CommonData><FlowRate>1000</FlowRate><StepType>ASSOC</StepType><StepName>Association</StepName><StepStatus>OK</StepStatus><ActualTime>119.999</ActualTime><CycleTime>0.2</CycleTime><AssayXData Points="600">8f8BRL4MAkQuGgJERyYCRCQzAkTxPwJErUwCRHpZAkRHZgJEJHMCROF/AkStjAJEepkCREem
AkQUswJEZMACRL7MAkR62QJER+YCRBTzAkTx/wJErQwDRHoZA0RHJgNEJDMDROE/A0StTANE
i1kDREdmA0QkcwNE4X8DRK2MA0SLmQNEV6YDRBSzA0ThvwNErcwDRHrZA0RH5gNEFPMDROH/
A0StDAREehkEREcmBEQUMwRE4T8ERK1MBESLWQRER2YERCRzBETxfwREvowERKuZBERXpgRE
2LMERPG/BES+zAREi9kERFfmBEQk8wRE8f8ERL4MBUR6GQVEVyYFRCQzBUTxPwVEvkwFRItZ
BURXZgVEFHMFRAGABUS+jAVEgJoFRFemBUQkswVE8b8FRL7MBUSL2QVER+YFRCTzBUTGAAZE
rQwGRIsZBkRXJgZEJDMGRPE/BkS+TAZEi1kGREdmBkQkcwZE8X8GRL6MBkR6mQZEqaYGRBSz
BkThvwZEvswGRIvZBkRX5gZEJPMGRPH/BkS+DAdEixkHRFcmB0QkMwdE8T8HRGJNB0R6WQdE
R2YHRCRzB0TxfwdEco0HRHqZB0RHpgdERbMHROG/B0StzAdEi9kHREfmB0Q18wdE8f8HRL4M
CESLGQhEVyYIRCQzCEThPwhErUwIRJtZCERHZghEFHMIROF/CEStjAhE3ZkIREemCEQUswhE
4b8IRL7MCESL2QhEV+YIRCTzCESEAAlErQwJRHoZCURXJglEFDMJRPE/CUStTAlEelkJREdm
CUQUcwlElYAJRK2MCUR6mQlEqaYJRBSzCUThvwlErcwJRHrZCURX5glEFPMJROH/CUStDApE
ehkKREcmCkQUMwpE4T8KRK1MCkR6WQpER2YKRBRzCkThfwpErYwKRHqZCkRHpgpEFLMKROG/
CkStzApEi9kKREfmCkQk8wpE4f8KRK0MC0R6GQtEHCcLRBQzC0TxPwtEvkwLRHpZC0RHZgtE
JHMLRPF/C0S+jAtEvJkLRFemC0QkswtE8b8LRL7MC0SL2QtEV+YLRCTzC0Tx/wtEvgwMRIsZ
DERXJgxEJDMMRPE/DES+TAxEi1kMRFdmDEQUcwxE8X8MRL6MDESLmQxEV6YMRCSzDETxvwxE
vswMRIvZDERX5gxEJPMMRPH/DES+DA1EixkNRFcmDUQkMw1E8T8NRL5MDUSLWQ1EDGcNRBRz
DUTxfw1EvowNRIuZDURXpg1EJLMNROG/DUS+zA1Ei9kNRFfmDUQU8w1E4f8NRL4MDkSLGQ5E
VyYORCQzDkTxPw5EvkwORItZDkRXZg5EFHMORPF/DkStjA5Em5kOREemDkQksw5E8b8ORL7M
DkSL2Q5EV+YORCTzDkTx/w5ErQwPRHoZD0RXJg9EFDMPRPE/D0StTA9EelkPREdmD0QUcw9E
4X8PRL6MD0SLmQ9ER6YPRBSzD0Txvw9ErcwPRHrZD0RH5g9EFPMPROH/D0StDBBEehkQRHgm
EEQkMxBE8T8QRK1MEER6WRBER2YQRBRzEEThfxBErYwQRIuZEERHphBEFLMQROG/EEStzBBE
i9kQREfmEEQU8xBE4f8QRK0MEUR6GRFERyYRRBQzEUThPxFErUwRRHpZEURHZhFEJHMRROF/
EUStjBFEepkRREemEUQUsxFE4b8RRL7MEUR62RFEV+YRRBTzEUTh/xFErQwSRHoZEkRHJhJE
JDMSROE/EkStTBJE/VkSRFdmEkQUcxJE4X8SRK2MEkSbmRJEV6YSRCSzEkTxvxJEvswSRIvZ
EkRX5hJEJPMSRBIAE0S+DBNEixkTRFcmE0TYMxNE8T8TRL5ME0SLWRNEV2YTRCRzE0TxfxNE
vowTRIuZE0RXphNEJLMTRITAE0S+zBNEi9kTRFfmE0Qk8xNE8f8TRL4MFESLGRRERyYURCQz
FETxPxRE/0wURItZFERXZhREJHMURPF/FES+jBREepkURFemFEQksxRE8b8URK3MFESL2RRE
R+YURCTzFETx/xRErQwVRIsZFURHJhVE3zQVRPE/FUS+TBVEelkVRFdmFUQkcxVE4X8VRK2M
FUSLmRVEV6YVRBSzFUTxvxVEvswVRKvZFURX5hVEFPMVROH/FUStDBZEixkWRFcmFkQkMxZE
Q0AWRK1MFkR6WRZER2YWRBRzFkThfxZErYwWRHqZFkTaphZEFLMWROG/FkStzBZEi9kWREfm
FkQk8xZE8f8WRK0MF0R6GRdERyYXRCQzF0ThPxdErUwXRItZF0RHZhdEFHMXROF/F0StjBdE
epkXREemF0QUsxdE8b8XRL7MF0R62RdEV+YXRBTzF0Tx/xdErQwYRHoZGERHJhhEjTQYROE/
GEStTBhEelkYRFdmGERVcxhE4X8YRK2MGER6mRhER6YYRBSzGEThvxhErcwYRC7aGERH5hhE
FPMYROH/GEStDBlEehkZREcmGUQkMxlE4T8ZRK1MGUSLWRlER2YZRCRzGUTxfxlErYwZRIuZ
GURXphlEJLMZRPG/GUS+zBlEi9kZRFfmGUQk8xlE8f8ZRL4MGkSLGRpE8ScaRCQzGkTxPxpE
vkwaRItZGkRXZhpEJHMaRPF/GkS+jBpEi5kaRFemGkQksxpE8b8aRL7MGkSL2RpEV+YaRCTz
GkTx/xpEvgwbRIsZG0RXJhtEJDMbRPE/G0S+TBtEi1kbREdmG0RFcxtE8X8bRL6MG0SLmRtE
V6YbRCSzG0TxvxtEvswbRIvZG0RX5htEFPMbROH/G0S+DBxEDhocRFcmHEQUMxxE8T8cRK1M
HER6WRxEV2YcRCRzHETxfxxEvowcRIuZHERXphxEJLMcROG/HES+zBxEi9kcREfmHEQU8xxE
ZAAdRL4MHUR6GR1EVyYdRI00HUTxPx1EvkwdRHpZHUSpZh1EFHMdRGCCHUSPjx1Em5kdREem
HUQksx1E8b8dRK3MHUSL2R1ER+YdRCTzHUTx/x1ErQweRHoZHkRHJh5EFDMeROE/HkStTB5E
elkeREdmHkQUcx5E4X8eRK2MHkSLmR5ER6YeRBSzHkThvx5EvsweRHrZHkRH5h5Ep/MeRPH/
HkStDB9EixkfREcmH0QUMx9E4T8fRK1MH0R6WR9ER2YfRCRzH0Thfx9ErYwfRHqZH0RHph9E
FLMfRHTAH0StzB9Ei9kfREfmH0QU8x9E</AssayXData><AssayYData Points="600">xZOmPq/usj5+fLw+DdLEPmBEyj4UhMw+2bvQPjWB1j7jUNc+jqTbPrmQ3T7OReA+Q+HmPvQo
5j70Bek+ph/tPnmb7j6i4PA+EjzzPpOm9T7kfPQ+WJn5PsJb/D5OcP0+ktgAP912AT++RQI/
q6YCP3xsAz8QFQQ/ajAFP7/6Bj/QmwY/FzEHP8wiCD90SAk/kJUJP3OHCj9Zlws/qcELP/BI
DT+5Zg4/8wsPP45KDj/8MQ8/CawQPwHUED/LWRE/bz0RPwX0Ej+9AhM/lr4TP9NRFD8i5xQ/
obIVP4D4FT8ppBY/znsXP8OZFz+HGBk/OBUYP3ZIGT9+XRk/BYoaP5TBGT9CYBo/8fEbP/Wy
Gj/W+hs/brYbP9BVHD9Hwh0/tV4dP1ivHT/4CR8/JnkeP6h/ID8Tjx8/BPAfP/wyID+SvCA/
FzQhP9UTIT9GHCI//EAiP6tzIj8YNSI/8qgjP5PKIj96DiQ/sJglPxKBJD/qpyM/IjolP4K4
JT/lPyY/qI4mP2BBJj+BayY/xcQmP7mWJz9a1ic/qY8nP+eRJz+/6Cc/uOMoP4e1Jz9miSg/
GKooP8iLKT8Nkyo/BcgpP/stKj9nyio/sC4rP+QwKz/5zis/iMkrP9VuKz95SCw/ee8rP0Ce
LD89CCw/dcssP/HmLT/Hyiw/3AguP/r+LT/vTS4/3B4uPwxlLj+4FS4/qHgtP3oSLz9o3C4/
smIvP3yMLz8uaS8/7wEwPxGjMD+kQDA/yBQvP7UHMD/wQzE/JfgwP5mRMT/JPDA/YuExP9M1
MT9KUTE/F9YxP4x+Mj++nTI/xAkyP0C/Mj91LjI/DeYzP2DVMj+6DDM/rNUyP01zND81mDM/
lAozPweuMz/JkjQ/xhg0P+q5NT8+FzQ/aeM0Pw49ND/saDU/XQM1P2HONT8ahzU/2MA1P6Mf
Nj+PGzg/Geg1P+b+Nj/PGzc/bS82P9/mNj9IIjc/Czs3P/1jOD9nETc/8GE3P+HWNz+mnDc/
1KQ3P/v7Nz+V0Tc/FuU4P4PsNz9/QDg/Gsg4P5MjOT+bujk/xfg5P7q3OD9cFTk/Yq85P+tV
OT/HDjk/xKM6PzbjOT95rzk/1086P/7zOT/HlDo/kY86P7EQOz8NLDs/9NA7P/jEPD9k/zo/
feE6P4n0Oz9XqDs/5FY6P6ESOz9r6To/gnI7P+s2PD82qTw/ui88P+8FPT+a9Dw/EGk8P8YB
PT+/bz0/Y489P+D3PD9vFjw/zF49P48FPT+Bdz0/K109P+I8PT8gMT4/FGo9PzSkPT/aJz4/
jfw9P9YcPj92sD0/SYM+P7aAPj8Zcj8/lMs9PzL7Pj/dVj4/ATU/P84+Pj8w8T8/ato+P36h
Pz+Tpj4/3FU/P5H3Pz+bQUA/LptAP20XQD/dmD8/y6k/PzzIQD8YtUA/Xe1AP23JPz/mMEE/
oUpAP3IWQj9i9kE/VrdAP04aQT+QvkA/LyFBP+puQT+2v0E/XphBP5TBQD/D9kE/XOdAP4Kx
QD+k50E/6fJBP4MEQj9QdUE/OlZCP4vKQj9GjUI/Ud5CP8nnQT/ZX0I/RbFCP+/3Qj+THUI/
QTNDP+CEQz9pI0I/aRBDP5BRQz9WrkI/6+VCPwZfQz8rXEM/GBtEPy3SQz/0yEM/5jVDP/kJ
RD+UvEM/7ehDP3vmRD8+jEQ/fF5EP5c8RD/DVkM/ZhhDP1oyRD/o90M/EJtEP4ELRT8UqUQ/
wUJEP0kIRT/o50U/SUVFPy7nRD+KdkU/b0JFP005RT+oe0U/IHlFP0IJRj/9gUU/c8lGP9gO
Rj9/QUY/Xp9GP7w8RT8F2UU/jsJFP+C6RT8JJEY/UAtGP5J8RT9VMEY/4lxGP7yhRj8T70U/
s4pGP+fnRT+LvEY/voFGPzGdRj/bUEY/2dJGP444Rz/H5kY/Ps5HPxrcRj+ArUc/QTZHP/cS
SD9JBUg/hSNHP17GRz+MzEc/5XlHP+7cRz+xcUg/T5VHP6X1Rz+wtEc/HgxIPydkSD82M0g/
CcJHP4/cRz+X6Eg/8rZIP9UySD/qSUg/ea9IPzkEST/6k0g/q6JIP5/CSD/QzUg/oxhJPxc1
ST+80Ug/CfNIP8LDST81eUk/AxdJP2UcST8JJ0k/dcpIP7TmSD+Aw0g/9ghKP18dSj9930k/
awJJPyPsST+X/kk/NdpJP8r8Sj/Z+Ek/tu9JP6gdST91hUk/GNNJP8KASz8xU0o/L+5JP9PG
Sj/340o/NORKPxHLSj8lBUs/6TZLPxjeSj9VXEo/4iBLP89FSz83I0s/duVKP2iXSz+0Pko/
udFKP5hgSz9GjUs/RVxLP2qsSz9wSUs/HHNLP4apSz/oS0s/KcZLP82JSz/3aUs/iSVMP40m
Sz8h9ks/TRxMP+XBTD8GYks/welLP9zTSz+L9ks/jeZLPxCGSz9Y70s/JW5MP3TYTD8JV0w/
1R5MP0K5TD+UOU0/vm5MP2MjTD96BU0/Vs9NP+O3TD+ALE0/XQJNP1jgTD/i2Uw/HlRNPxOz
TT9mIE0/cqFNP0OqTD/aHE0/GFxNP85XTT8ffk0/5+lNPzmoTT/YsE0/d3dOP4PuTT8qn00/
LihNP4D2TT+dAk4/+0NOP8EeTj+kNk4/PkJNP4ULTz8lzU0/fQ5OP4OYTj8Qw00/HupNP/Qa
Tj+B804/d/1NPzaqTj/DrE8/LLJOP4LvTj+7IU4/F1pOP3sQTz9G+04//RhPP/2xTj8iCk8/
6LxOPzWYTz/nRU8/yaJPP1tzTz+PN08/lcBOP1aNTz+7AFA/5bdPPzyhTz/hE08/dvhOP4qS
Tz+izU8/dMNPPwnvTz8NslA/DXpPPyRYUD+tQ08/Br5PPwyATz9yhlA/s7ZQP9sbUD8fS08/
2aNQP3cDUD9hKFA/SVJQPzfGUD+XbFA/6Y9QP4sQUD+RuVA/2jxRP3BgUD8Xb1A/MmRQPxgD
UT+jO1A/mdRQP4xKUT+7p1A/6+pQPwvjUD/i4E8/XM5RP6jhUT/11FA/VixSPzgZUT/ZT1E/
3hlRP7QJUT+81FA/nGlRP+Q2UT9bUlA/A4dRP07NUT9jE1E/5yRRP+dVUT/jslE/4E1SP72Y
UT8U11E/h3NRP5rZUT9yaFE/715RP5iVUj8wClI/USNSP0NwUT+SiFA/VA9SP6oSUj/7Y1I/
0bVQP5CVUT+BvlI/+nxSP1HWUj9CqFI/</AssayYData></Step></KineticsData></ExperimentResults>
